{"type":"ROOT", "root":"vm", "references":["0x7fc96c8337a8"]}
{"type":"ROOT", "root":"machine_context", "references":["0x7fc96c890318", "0x7fc96d049a78", "0x7fc96d0499d8", "0x7fc96c839fb8", "0x7fc96c83a008", "0x7fc96c839fb8", "0x7fc96c839fb8", "0x7fc96c839fb8", "0x7fc96c8e4a08", "0x7fc96c8e4a08", "0x7fc96c8e4a08", "0x7fc96c82aa40", "0x7fc96d049c08", "0x7fc96d049c08", "0x7fc96c8e4a08", "0x7fc96c8e4a08", "0x7fc96c802400", "0x7fc96c82a950", "0x7fc96c8e4a08", "0x7fc96c8d5d00", "0x7fc96d049be0", "0x7fc96c833b90", "0x7fc96c838820", "0x7fc96c8d5d00", "0x7fc96d049b18", "0x7fc96d04a130", "0x7fc96c8d5d00", "0x7fc96c82a838", "0x7fc96c838820", "0x7fc96c82a838", "0x7fc96c833b90", "0x7fc96c8d5d00", "0x7fc96c8035a8", "0x7fc96c838820", "0x7fc96c838910", "0x7fc96c03fda8", "0x7fc96c8f1b40", "0x7fc96c88a7d8", "0x7fc96c8f1988", "0x7fc96c8f1d98", "0x7fc96c839950", "0x7fc96c8f1a00", "0x7fc96c8b0118", "0x7fc96c8f1a78", "0x7fc96c8f1988", "0x7fc96c8f1960", "0x7fc96c8f1960", "0x7fc96c8f1a00", "0x7fc96c8f1d98", "0x7fc96c8b0118", "0x7fc96c821df0", "0x7fc96c8035a8", "0x7fc96c821df0", "0x7fc96d03b6a8", "0x7fc96c8f1cd0", "0x7fc96c8035a8", "0x7fc96c88a7d8", "0x7fc96c88a7d8", "0x7fc96c8c75e8", "0x7fc96c802400", "0x7fc96c88a7d8", "0x7fc96c8035a8", "0x7fc96c821df0", "0x7fc96c8035a8", "0x7fc96c88a7d8", "0x7fc96c88a7d8", "0x7fc96c869628", "0x7fc96c801668", "0x7fc96c8035a8", "0x7fc96c8698a8", "0x7fc96c03fda8", "0x7fc96c8035a8", "0x7fc96c869628", "0x7fc96c869628", "0x7fc96c8698a8", "0x7fc96c869628", "0x7fc96d020358", "0x7fc96c803788", "0x7fc96c8c2408", "0x7fc96c833708", "0x7fc96c8c2750", "0x7fc96c803788", "0x7fc96c8c2750", "0x7fc96c8c2750", "0x7fc96c8c2750", "0x7fc96c8c2750"]}
{"type":"ROOT", "root":"symbols", "references":["0x7fc96c803f58", "0x7fc96c803f30", "0x7fc96c803f08", "0x7fc96c803ee0", "0x7fc96c803eb8", "0x7fc96c803e90", "0x7fc96c803e68", "0x7fc96c803e40", "0x7fc96c803e18", "0x7fc96c803df0", "0x7fc96c803dc8", "0x7fc96c803da0", "0x7fc96c803d78", "0x7fc96c803d50", "0x7fc96c803d28", "0x7fc96c803d00", "0x7fc96c803cd8", "0x7fc96c803cb0", "0x7fc96c803c88", "0x7fc96c803c60", "0x7fc96c803c38", "0x7fc96c803c10", "0x7fc96c803be8", "0x7fc96c803bc0", "0x7fc96c803b98", "0x7fc96c803b70", "0x7fc96c803b48", "0x7fc96c803b20", "0x7fc96c803af8", "0x7fc96c803ad0", "0x7fc96c803aa8", "0x7fc96c803a80", "0x7fc96c803a58", "0x7fc96c803a30", "0x7fc96c803a08", "0x7fc96c8039e0", "0x7fc96c8039b8", "0x7fc96c803990", "0x7fc96c803968", "0x7fc96c803940", "0x7fc96c803918", "0x7fc96c8038f0", "0x7fc96c8038c8", "0x7fc96c8038a0", "0x7fc96c803878", "0x7fc96c803850", "0x7fc96c803828", "0x7fc96c803800", "0x7fc96c8037b0", "0x7fc96c803760", "0x7fc96c803710", "0x7fc96c8036c0", "0x7fc96c803698", "0x7fc96c803670", "0x7fc96c803648", "0x7fc96c803620", "0x7fc96c8035f8", "0x7fc96c803580", "0x7fc96c803558", "0x7fc96c803530", "0x7fc96c803508", "0x7fc96c8034e0", "0x7fc96c8034b8", "0x7fc96c803490", "0x7fc96c803468", "0x7fc96c803440", "0x7fc96c803418", "0x7fc96c8033f0", "0x7fc96c8033c8", "0x7fc96c8033a0", "0x7fc96c803378", "0x7fc96c803350", "0x7fc96c803328", "0x7fc96c803300", "0x7fc96c8032d8", "0x7fc96c8032b0", "0x7fc96c803288", "0x7fc96c803260", "0x7fc96c803238", "0x7fc96c803210", "0x7fc96c8031e8", "0x7fc96c8031c0", "0x7fc96c803198", "0x7fc96c803170", "0x7fc96c803148", "0x7fc96c803120", "0x7fc96c8030f8", "0x7fc96c8030d0", "0x7fc96c8030a8", "0x7fc96c803080", "0x7fc96c803058", "0x7fc96c803030", "0x7fc96c803008", "0x7fc96c802fe0", "0x7fc96c802f90", "0x7fc96c802f68", "0x7fc96c802f40", "0x7fc96c802f18", "0x7fc96c802ef0", "0x7fc96c802ec8", "0x7fc96c802ea0", "0x7fc96c802d88", "0x7fc96c802d60", "0x7fc96c802d38", "0x7fc96c802d10", "0x7fc96c802ce8", "0x7fc96c802cc0", "0x7fc96c802c98", "0x7fc96c802c70", "0x7fc96c802c48", "0x7fc96c802c20", "0x7fc96c802bf8", "0x7fc96c802bd0", "0x7fc96c802ba8", "0x7fc96c802b80", "0x7fc96c802b58", "0x7fc96c802b30", "0x7fc96c802b08", "0x7fc96c802ae0", "0x7fc96c802ab8", "0x7fc96c802a90", "0x7fc96c802a68", "0x7fc96c802a40", "0x7fc96c802a18", "0x7fc96c8029f0", "0x7fc96c8029c8", "0x7fc96c8029a0", "0x7fc96c802978", "0x7fc96c802950", "0x7fc96c802928", "0x7fc96c802900", "0x7fc96c8028d8", "0x7fc96c8028b0", "0x7fc96c802888", "0x7fc96c802860", "0x7fc96c802838", "0x7fc96c802810", "0x7fc96c8027e8", "0x7fc96c8027c0", "0x7fc96c802798", "0x7fc96c802770", "0x7fc96c802748", "0x7fc96c802720", "0x7fc96c8026f8", "0x7fc96c8026d0", "0x7fc96c802658", "0x7fc96c8025e0", "0x7fc96c8025b8", "0x7fc96c802540", "0x7fc96c802518", "0x7fc96c8024f0", "0x7fc96c8024c8", "0x7fc96c8024a0", "0x7fc96c802478", "0x7fc96c802450", "0x7fc96c802428", "0x7fc96c802388", "0x7fc96c802310", "0x7fc96c8022e8", "0x7fc96c8022c0", "0x7fc96c802298", "0x7fc96c802270", "0x7fc96c802248", "0x7fc96c802220", "0x7fc96c8021f8", "0x7fc96c8021d0", "0x7fc96c8021a8", "0x7fc96c802180", "0x7fc96c802158", "0x7fc96c802130", "0x7fc96c802108", "0x7fc96c8020e0", "0x7fc96c8020b8", "0x7fc96c801e88", "0x7fc96c801e38", "0x7fc96c801e10", "0x7fc96c801dc0", "0x7fc96c801d98", "0x7fc96c801d70", "0x7fc96c801d48", "0x7fc96c801d20", "0x7fc96c801cf8", "0x7fc96c801cd0", "0x7fc96c801ca8", "0x7fc96c801c80", "0x7fc96c801c58", "0x7fc96c801c30", "0x7fc96c801c08", "0x7fc96c801be0", "0x7fc96c801bb8", "0x7fc96c801b90", "0x7fc96c801b68", "0x7fc96c801b40", "0x7fc96c801b18", "0x7fc96c801af0", "0x7fc96c801ac8", "0x7fc96c801aa0", "0x7fc96c801a78", "0x7fc96c801a50", "0x7fc96c801a28", "0x7fc96c801a00", "0x7fc96c8019d8", "0x7fc96c8019b0", "0x7fc96c801988", "0x7fc96c801960", "0x7fc96c801938", "0x7fc96c801910", "0x7fc96c8018e8", "0x7fc96c8018c0", "0x7fc96c801898", "0x7fc96c801870", "0x7fc96c801848", "0x7fc96c801820", "0x7fc96c8017f8", "0x7fc96c8017d0", "0x7fc96c8017a8", "0x7fc96c801780", "0x7fc96c801758", "0x7fc96c801730", "0x7fc96c801708", "0x7fc96c8016e0", "0x7fc96c8016b8", "0x7fc96c801690", "0x7fc96c8015f0", "0x7fc96c8015c8", "0x7fc96c8015a0", "0x7fc96c801578", "0x7fc96c801550", "0x7fc96c801528", "0x7fc96c801500", "0x7fc96c8014d8", "0x7fc96c8014b0", "0x7fc96c801488", "0x7fc96c801460", "0x7fc96c801438", "0x7fc96c801410", "0x7fc96c8013e8", "0x7fc96c8013c0", "0x7fc96c801398", "0x7fc96c801370", "0x7fc96c801348", "0x7fc96c801320", "0x7fc96c8012f8", "0x7fc96c8012d0", "0x7fc96c8012a8", "0x7fc96c801280", "0x7fc96c801258", "0x7fc96c801230", "0x7fc96c801208", "0x7fc96c8011e0", "0x7fc96c8011b8", "0x7fc96c801190", "0x7fc96c801168", "0x7fc96c801140", "0x7fc96c801118", "0x7fc96c8010f0", "0x7fc96c8010c8", "0x7fc96c8010a0", "0x7fc96c801078", "0x7fc96c801050", "0x7fc96c801028", "0x7fc96c801000", "0x7fc96c800fd8", "0x7fc96c800fb0", "0x7fc96c800f88", "0x7fc96c800f60", "0x7fc96c800f38", "0x7fc96c800f10", "0x7fc96c800ee8", "0x7fc96c800ec0", "0x7fc96c800e98", "0x7fc96c800e70", "0x7fc96c800e48", "0x7fc96c800e20", "0x7fc96c800df8", "0x7fc96c800dd0", "0x7fc96c800da8", "0x7fc96c800d80", "0x7fc96c800d58", "0x7fc96c800d30", "0x7fc96c800d08", "0x7fc96c800ce0", "0x7fc96c800cb8", "0x7fc96c800c90", "0x7fc96c800c68", "0x7fc96c800c40", "0x7fc96c800c18", "0x7fc96c800bf0", "0x7fc96c800bc8", "0x7fc96c800ba0", "0x7fc96c800b78", "0x7fc96c800b50", "0x7fc96c800b28", "0x7fc96c800b00", "0x7fc96c800ad8", "0x7fc96c800ab0", "0x7fc96c800a88", "0x7fc96c800a60", "0x7fc96c800a38", "0x7fc96c800a10", "0x7fc96c8009e8", "0x7fc96c8009c0", "0x7fc96c800998", "0x7fc96c800970", "0x7fc96c800948", "0x7fc96c800920", "0x7fc96c8008f8", "0x7fc96c8008d0", "0x7fc96c8008a8", "0x7fc96c800880", "0x7fc96c800858", "0x7fc96c800830", "0x7fc96c800808", "0x7fc96c800768", "0x7fc96c800740", "0x7fc96c800718", "0x7fc96c8006a0", "0x7fc96c800678", "0x7fc96c800650", "0x7fc96c800628", "0x7fc96c800600", "0x7fc96c8005d8", "0x7fc96c8005b0", "0x7fc96c800538", "0x7fc96c800510", "0x7fc96c8004e8", "0x7fc96c800470", "0x7fc96c8003f8", "0x7fc96c800380", "0x7fc96c800308", "0x7fc96c800290", "0x7fc96c800218", "0x7fc96c8001a0", "0x7fc96c800128", "0x7fc96c8000b0", "0x7fc96c800038", "0x7fc96c853f80", "0x7fc96c853f08", "0x7fc96c853eb8", "0x7fc96c853e90", "0x7fc96c853e18", "0x7fc96c853d28", "0x7fc96c853cb0", "0x7fc96c853c88", "0x7fc96c853c10", "0x7fc96c853b98", "0x7fc96c853b20", "0x7fc96c853aa8", "0x7fc96c853a08", "0x7fc96c853990", "0x7fc96c853968", "0x7fc96c853918", "0x7fc96c8538f0", "0x7fc96c8538c8", "0x7fc96c8538a0", "0x7fc96c853878", "0x7fc96c853850", "0x7fc96c853828", "0x7fc96c853800", "0x7fc96c8537d8", "0x7fc96c8537b0", "0x7fc96c853788", "0x7fc96c853760", "0x7fc96c853738", "0x7fc96c853710", "0x7fc96c8536e8", "0x7fc96c8536c0", "0x7fc96c853698", "0x7fc96c853670", "0x7fc96c853648", "0x7fc96c853620", "0x7fc96c8535f8", "0x7fc96c8535d0", "0x7fc96c8535a8", "0x7fc96c853580", "0x7fc96c853558", "0x7fc96c853530", "0x7fc96c853508", "0x7fc96c8534e0", "0x7fc96c8534b8", "0x7fc96c853490", "0x7fc96c853468", "0x7fc96c853440", "0x7fc96c853418", "0x7fc96c8533f0", "0x7fc96c8533c8", "0x7fc96c8533a0", "0x7fc96c853378", "0x7fc96c853350", "0x7fc96c853328", "0x7fc96c853300", "0x7fc96c8532d8", "0x7fc96c8532b0", "0x7fc96c853288", "0x7fc96c853210", "0x7fc96c8531e8", "0x7fc96c8531c0", "0x7fc96c853198", "0x7fc96c853170", "0x7fc96c853148", "0x7fc96c8530d0", "0x7fc96c853058", "0x7fc96c852fb8", "0x7fc96c852f90", "0x7fc96c852f68", "0x7fc96c852f40", "0x7fc96c852f18", "0x7fc96c852ef0", "0x7fc96c852ec8", "0x7fc96c852ea0", "0x7fc96c852e78", "0x7fc96c852e50", "0x7fc96c852e28", "0x7fc96c852e00", "0x7fc96c852dd8", "0x7fc96c852db0", "0x7fc96c852d88", "0x7fc96c852d60", "0x7fc96c852d38", "0x7fc96c852d10", "0x7fc96c852c98", "0x7fc96c852c70", "0x7fc96c852c48", "0x7fc96c852c20", "0x7fc96c852bf8", "0x7fc96c852bd0", "0x7fc96c852b58", "0x7fc96c852b30", "0x7fc96c852b08", "0x7fc96c852ae0", "0x7fc96c852ab8", "0x7fc96c852a90", "0x7fc96c852a18", "0x7fc96c8529f0", "0x7fc96c8529c8", "0x7fc96c8529a0", "0x7fc96c852978", "0x7fc96c852950", "0x7fc96c852928", "0x7fc96c852900", "0x7fc96c8528b0", "0x7fc96c852860", "0x7fc96c852838", "0x7fc96c8527e8", "0x7fc96c852798", "0x7fc96c852770", "0x7fc96c852748", "0x7fc96c852720", "0x7fc96c8526f8", "0x7fc96c8526d0", "0x7fc96c8526a8", "0x7fc96c852680", "0x7fc96c8525e0", "0x7fc96c8525b8", "0x7fc96c852518", "0x7fc96c852478", "0x7fc96c8523d8", "0x7fc96c852338", "0x7fc96c852298", "0x7fc96c8521f8", "0x7fc96c852158", "0x7fc96c8520b8", "0x7fc96c852018", "0x7fc96c851f78", "0x7fc96c851ed8", "0x7fc96c851e38", "0x7fc96c851d98", "0x7fc96c851cf8", "0x7fc96c851c58", "0x7fc96c851bb8", "0x7fc96c851b18", "0x7fc96c851a78", "0x7fc96c8519d8", "0x7fc96c851938", "0x7fc96c851898", "0x7fc96c8517f8", "0x7fc96c851758", "0x7fc96c8516b8", "0x7fc96c851618", "0x7fc96c851578", "0x7fc96c8514d8", "0x7fc96c851438", "0x7fc96c851398", "0x7fc96c8512f8", "0x7fc96c851258", "0x7fc96c8511b8", "0x7fc96c851118", "0x7fc96c851078", "0x7fc96c850fd8", "0x7fc96c850f38", "0x7fc96c850e98", "0x7fc96c850df8", "0x7fc96c850d58", "0x7fc96c850cb8", "0x7fc96c850c18", "0x7fc96c850bf0", "0x7fc96c850b50", "0x7fc96c850ab0", "0x7fc96c850a88", "0x7fc96c850a60", "0x7fc96c850a38", "0x7fc96c850a10", "0x7fc96c8509e8", "0x7fc96c8509c0", "0x7fc96c850998", "0x7fc96c850970", "0x7fc96c850948", "0x7fc96c850920", "0x7fc96c8508f8", "0x7fc96c8508d0", "0x7fc96c8508a8", "0x7fc96c850880", "0x7fc96c850858", "0x7fc96c850830", "0x7fc96c850790", "0x7fc96c8506f0", "0x7fc96c850650", "0x7fc96c8505b0", "0x7fc96c850588", "0x7fc96c850560", "0x7fc96c8504c0", "0x7fc96c850420", "0x7fc96c8503f8", "0x7fc96c8503d0", "0x7fc96c8503a8", "0x7fc96c850308", "0x7fc96c850268", "0x7fc96c850240", "0x7fc96c8501a0", "0x7fc96c850100", "0x7fc96c8500d8", "0x7fc96c8500b0", "0x7fc96c850088", "0x7fc96c850060", "0x7fc96c850038", "0x7fc96c850010", "0x7fc96c84bfb0", "0x7fc96c84bf88", "0x7fc96c84bee8", "0x7fc96c84bec0", "0x7fc96c84be98", "0x7fc96c84bdf8", "0x7fc96c84bd58", "0x7fc96c84bcb8", "0x7fc96c84bc18", "0x7fc96c84bb78", "0x7fc96c84bad8", "0x7fc96c84ba38", "0x7fc96c84b998", "0x7fc96c84b8f8", "0x7fc96c84b858", "0x7fc96c84b7b8", "0x7fc96c84b718", "0x7fc96c84b678", "0x7fc96c84b5d8", "0x7fc96c84b538", "0x7fc96c84b498", "0x7fc96c84b3f8", "0x7fc96c84b358", "0x7fc96c84b2b8", "0x7fc96c84b218", "0x7fc96c84b178", "0x7fc96c84b0d8", "0x7fc96c84b038", "0x7fc96c84af98", "0x7fc96c84aef8", "0x7fc96c84ae58", "0x7fc96c84adb8", "0x7fc96c84ad18", "0x7fc96c84ac78", "0x7fc96c84abd8", "0x7fc96c84abb0", "0x7fc96c84ab88", "0x7fc96c84ab60", "0x7fc96c84ab38", "0x7fc96c84ab10", "0x7fc96c84aa70", "0x7fc96c84a9d0", "0x7fc96c84a9a8", "0x7fc96c84a980", "0x7fc96c84a958", "0x7fc96c84a930", "0x7fc96c84a908", "0x7fc96c84a8e0", "0x7fc96c84a840", "0x7fc96c84a7a0", "0x7fc96c84a778", "0x7fc96c84a6d8", "0x7fc96c84a638", "0x7fc96c84a610", "0x7fc96c84a570", "0x7fc96c84a4d0", "0x7fc96c84a430", "0x7fc96c84a390", "0x7fc96c84a2f0", "0x7fc96c84a250", "0x7fc96c84a1b0", "0x7fc96c84a110", "0x7fc96c84a070", "0x7fc96c849fd0", "0x7fc96c849fa8", "0x7fc96c849f80", "0x7fc96c849f58", "0x7fc96c849f30", "0x7fc96c849f08", "0x7fc96c849ee0", "0x7fc96c849eb8", "0x7fc96c849e90", "0x7fc96c849e68", "0x7fc96c849e40", "0x7fc96c849e18", "0x7fc96c849df0", "0x7fc96c849dc8", "0x7fc96c849da0", "0x7fc96c849d78", "0x7fc96c849d50", "0x7fc96c849d28", "0x7fc96c849d00", "0x7fc96c849cd8", "0x7fc96c849cb0", "0x7fc96c849c88", "0x7fc96c849c60", "0x7fc96c849c38", "0x7fc96c849c10", "0x7fc96c849be8", "0x7fc96c849bc0", "0x7fc96c849b98", "0x7fc96c849b70", "0x7fc96c849b48", "0x7fc96c849b20", "0x7fc96c849af8", "0x7fc96c849ad0", "0x7fc96c849aa8", "0x7fc96c849a80", "0x7fc96c849a58", "0x7fc96c849a30", "0x7fc96c849a08", "0x7fc96c8499e0", "0x7fc96c8499b8", "0x7fc96c849990", "0x7fc96c849968", "0x7fc96c849940", "0x7fc96c8498a0", "0x7fc96c849878", "0x7fc96c849850", "0x7fc96c849828", "0x7fc96c849800", "0x7fc96c8497d8", "0x7fc96c8497b0", "0x7fc96c849788", "0x7fc96c849760", "0x7fc96c849738", "0x7fc96c849710", "0x7fc96c8496e8", "0x7fc96c8496c0", "0x7fc96c849698", "0x7fc96c849670", "0x7fc96c849648", "0x7fc96c849620", "0x7fc96c8495f8", "0x7fc96c8495d0", "0x7fc96c8495a8", "0x7fc96c849580", "0x7fc96c8494e0", "0x7fc96c8494b8", "0x7fc96c849418", "0x7fc96c8493f0", "0x7fc96c8493c8", "0x7fc96c849350", "0x7fc96c849328", "0x7fc96c849300", "0x7fc96c8492d8", "0x7fc96c8492b0", "0x7fc96c849288", "0x7fc96c849260", "0x7fc96c849238", "0x7fc96c849210", "0x7fc96c849198", "0x7fc96c849170", "0x7fc96c849148", "0x7fc96c849120", "0x7fc96c8490f8", "0x7fc96c8490d0", "0x7fc96c8490a8", "0x7fc96c849080", "0x7fc96c849058", "0x7fc96c849030", "0x7fc96c849008", "0x7fc96c848fe0", "0x7fc96c848fb8", "0x7fc96c848f90", "0x7fc96c848f68", "0x7fc96c848f40", "0x7fc96c848ec8", "0x7fc96c848ea0", "0x7fc96c848e78", "0x7fc96c848e50", "0x7fc96c848e28", "0x7fc96c848e00", "0x7fc96c848dd8", "0x7fc96c848db0", "0x7fc96c848d88", "0x7fc96c848d60", "0x7fc96c848d38", "0x7fc96c848c98", "0x7fc96c848bf8", "0x7fc96c848b58", "0x7fc96c848b30", "0x7fc96c848b08", "0x7fc96c848ae0", "0x7fc96c848ab8", "0x7fc96c848a90", "0x7fc96c848a68", "0x7fc96c848a40", "0x7fc96c848a18", "0x7fc96c8489f0", "0x7fc96c8489c8", "0x7fc96c8489a0", "0x7fc96c848978", "0x7fc96c848950", "0x7fc96c848928", "0x7fc96c848900", "0x7fc96c8488d8", "0x7fc96c8488b0", "0x7fc96c848888", "0x7fc96c848860", "0x7fc96c848838", "0x7fc96c848810", "0x7fc96c8487e8", "0x7fc96c8487c0", "0x7fc96c848720", "0x7fc96c8486f8", "0x7fc96c8486d0", "0x7fc96c8486a8", "0x7fc96c848680", "0x7fc96c848658", "0x7fc96c848630", "0x7fc96c848608", "0x7fc96c8485e0", "0x7fc96c8485b8", "0x7fc96c848590", "0x7fc96c848568", "0x7fc96c848540", "0x7fc96c848518", "0x7fc96c8484f0", "0x7fc96c8484c8", "0x7fc96c8484a0", "0x7fc96c848478", "0x7fc96c848450", "0x7fc96c848428", "0x7fc96c848400", "0x7fc96c8483d8", "0x7fc96c8483b0", "0x7fc96c848388", "0x7fc96c848360", "0x7fc96c848338", "0x7fc96c848310", "0x7fc96c8482e8", "0x7fc96c8482c0", "0x7fc96c848298", "0x7fc96c848270", "0x7fc96c848248", "0x7fc96c848220", "0x7fc96c8481f8", "0x7fc96c8481a8", "0x7fc96c848180", "0x7fc96c848158", "0x7fc96c848130", "0x7fc96c848108", "0x7fc96c8480e0", "0x7fc96c8480b8", "0x7fc96c848090", "0x7fc96c848040", "0x7fc96c848018", "0x7fc96c843f90", "0x7fc96c843f68", "0x7fc96c843f18", "0x7fc96c843ec8", "0x7fc96c843e28", "0x7fc96c843e00", "0x7fc96c843dd8", "0x7fc96c843d60", "0x7fc96c843ce8", "0x7fc96c843cc0", "0x7fc96c843c98", "0x7fc96c843c70", "0x7fc96c843c48", "0x7fc96c843c20", "0x7fc96c843bf8", "0x7fc96c843bd0", "0x7fc96c843ba8", "0x7fc96c843b80", "0x7fc96c843b58", "0x7fc96c843b30", "0x7fc96c843b08", "0x7fc96c843ae0", "0x7fc96c843ab8", "0x7fc96c843a90", "0x7fc96c8439f0", "0x7fc96c843978", "0x7fc96c843900", "0x7fc96c843838", "0x7fc96c843770", "0x7fc96c843748", "0x7fc96c843720", "0x7fc96c843658", "0x7fc96c843590", "0x7fc96c843568", "0x7fc96c843540", "0x7fc96c843518", "0x7fc96c8434f0", "0x7fc96c8434c8", "0x7fc96c8434a0", "0x7fc96c843478", "0x7fc96c843450", "0x7fc96c843400", "0x7fc96c8433d8", "0x7fc96c8433b0", "0x7fc96c843388", "0x7fc96c843360", "0x7fc96c843338", "0x7fc96c843310", "0x7fc96c8432e8", "0x7fc96c8432c0", "0x7fc96c843298", "0x7fc96c843270", "0x7fc96c843248", "0x7fc96c843220", "0x7fc96c8431f8", "0x7fc96c8431d0", "0x7fc96c8431a8", "0x7fc96c843180", "0x7fc96c843158", "0x7fc96c843130", "0x7fc96c843108", "0x7fc96c8430e0", "0x7fc96c8430b8", "0x7fc96c843090", "0x7fc96c843068", "0x7fc96c843040", "0x7fc96c843018", "0x7fc96c842ff0", "0x7fc96c842fc8", "0x7fc96c842fa0", "0x7fc96c842f78", "0x7fc96c842f50", "0x7fc96c842f00", "0x7fc96c842f28", "0x7fc96c842ed8", "0x7fc96c842eb0", "0x7fc96c842e88", "0x7fc96c842e60", "0x7fc96c842e38", "0x7fc96c842e10", "0x7fc96c842de8", "0x7fc96c842dc0", "0x7fc96c842d98", "0x7fc96c842d70", "0x7fc96c842d48", "0x7fc96c842d20", "0x7fc96c842cf8", "0x7fc96c842cd0", "0x7fc96c842ca8", "0x7fc96c842c58", "0x7fc96c842c80", "0x7fc96c842c30", "0x7fc96c842bb8", "0x7fc96c842b40", "0x7fc96c842ac8", "0x7fc96c842aa0", "0x7fc96c842a78", "0x7fc96c842a50", "0x7fc96c8429b0", "0x7fc96c842988", "0x7fc96c842960", "0x7fc96c842938", "0x7fc96c842910", "0x7fc96c8428e8", "0x7fc96c8428c0", "0x7fc96c842848", "0x7fc96c842820", "0x7fc96c8427f8", "0x7fc96c8427d0", "0x7fc96c842780", "0x7fc96c842758", "0x7fc96c842730", "0x7fc96c8426e0", "0x7fc96c842668", "0x7fc96c842618", "0x7fc96c8425f0", "0x7fc96c8425c8", "0x7fc96c8425a0", "0x7fc96c842578", "0x7fc96c842550", "0x7fc96c842528", "0x7fc96c842500", "0x7fc96c8424d8", "0x7fc96c8424b0", "0x7fc96c842488", "0x7fc96c842460", "0x7fc96c842438", "0x7fc96c842410", "0x7fc96c8423e8", "0x7fc96c8423c0", "0x7fc96c842398", "0x7fc96c842370", "0x7fc96c842348", "0x7fc96c842320", "0x7fc96c8422f8", "0x7fc96c8422d0", "0x7fc96c8422a8", "0x7fc96c842280", "0x7fc96c842258", "0x7fc96c842230", "0x7fc96c842208", "0x7fc96c8421e0", "0x7fc96c8421b8", "0x7fc96c842190", "0x7fc96c842168", "0x7fc96c842140", "0x7fc96c842118", "0x7fc96c8420f0", "0x7fc96c8420c8", "0x7fc96c8420a0", "0x7fc96c842078", "0x7fc96c842050", "0x7fc96c842028", "0x7fc96c842000", "0x7fc96c841fd8", "0x7fc96c841fb0", "0x7fc96c841f88", "0x7fc96c841f60", "0x7fc96c841f38", "0x7fc96c841f10", "0x7fc96c841ee8", "0x7fc96c841e98", "0x7fc96c841e70", "0x7fc96c841e48", "0x7fc96c841df8", "0x7fc96c841dd0", "0x7fc96c841da8", "0x7fc96c841d08", "0x7fc96c841ce0", "0x7fc96c841cb8", "0x7fc96c841c90", "0x7fc96c841c68", "0x7fc96c841c40", "0x7fc96c841c18", "0x7fc96c841bf0", "0x7fc96c841bc8", "0x7fc96c841ba0", "0x7fc96c841b78", "0x7fc96c841b50", "0x7fc96c841b28", "0x7fc96c841b00", "0x7fc96c841ad8", "0x7fc96c841ab0", "0x7fc96c841a88", "0x7fc96c841a38", "0x7fc96c841a10", "0x7fc96c8419e8", "0x7fc96c8419c0", "0x7fc96c8418f8", "0x7fc96c8418d0", "0x7fc96c8418a8", "0x7fc96c841880", "0x7fc96c841858", "0x7fc96c841830", "0x7fc96c841808", "0x7fc96c8417e0", "0x7fc96c8417b8", "0x7fc96c841790", "0x7fc96c841768", "0x7fc96c841740", "0x7fc96c841718", "0x7fc96c8416f0", "0x7fc96c8416c8", "0x7fc96c8416a0", "0x7fc96c841678", "0x7fc96c841650", "0x7fc96c841628", "0x7fc96c841600", "0x7fc96c8415d8", "0x7fc96c8415b0", "0x7fc96c841588", "0x7fc96c841560", "0x7fc96c841538", "0x7fc96c841498", "0x7fc96c841470", "0x7fc96c841448", "0x7fc96c841420", "0x7fc96c8413f8", "0x7fc96c8413d0", "0x7fc96c8413a8", "0x7fc96c841380", "0x7fc96c841358", "0x7fc96c841330", "0x7fc96c841308", "0x7fc96c8412e0", "0x7fc96c8412b8", "0x7fc96c841290", "0x7fc96c841268", "0x7fc96c841240", "0x7fc96c841218", "0x7fc96c8411f0", "0x7fc96c8411c8", "0x7fc96c8411a0", "0x7fc96c841178", "0x7fc96c8410d8", "0x7fc96c8410b0", "0x7fc96c841088", "0x7fc96c841060", "0x7fc96c841038", "0x7fc96c841010", "0x7fc96c840fe8", "0x7fc96c840fc0", "0x7fc96c840f98", "0x7fc96c840f70", "0x7fc96c840f48", "0x7fc96c840f20", "0x7fc96c840ef8", "0x7fc96c840ed0", "0x7fc96c840ea8", "0x7fc96c840e80", "0x7fc96c840e58", "0x7fc96c840e30", "0x7fc96c840e08", "0x7fc96c840de0", "0x7fc96c840db8", "0x7fc96c840d90", "0x7fc96c840d68", "0x7fc96c840d40", "0x7fc96c840d18", "0x7fc96c840cf0", "0x7fc96c840cc8", "0x7fc96c840ca0", "0x7fc96c840c78", "0x7fc96c840c50", "0x7fc96c840c28", "0x7fc96c840c00", "0x7fc96c840bd8", "0x7fc96c840bb0", "0x7fc96c840b88", "0x7fc96c840b60", "0x7fc96c840b38", "0x7fc96c840b10", "0x7fc96c840ae8", "0x7fc96c840ac0", "0x7fc96c840a98", "0x7fc96c840a70", "0x7fc96c840980", "0x7fc96c840958", "0x7fc96c840930", "0x7fc96c8408b8", "0x7fc96c840890", "0x7fc96c840868", "0x7fc96c840818", "0x7fc96c8407f0", "0x7fc96c8407c8", "0x7fc96c840778", "0x7fc96c840728", "0x7fc96c840700", "0x7fc96c8406d8", "0x7fc96c8406b0", "0x7fc96c840688", "0x7fc96c840660", "0x7fc96c840638", "0x7fc96c840610", "0x7fc96c8405e8", "0x7fc96c8405c0", "0x7fc96c840598", "0x7fc96c840570", "0x7fc96c840548", "0x7fc96c840520", "0x7fc96c8404d0", "0x7fc96c8404a8", "0x7fc96c840458", "0x7fc96c840430", "0x7fc96c840408", "0x7fc96c8403e0", "0x7fc96c8403b8", "0x7fc96c840390", "0x7fc96c840368", "0x7fc96c840340", "0x7fc96c8402a0", "0x7fc96c840278", "0x7fc96c840250", "0x7fc96c840228", "0x7fc96c840200", "0x7fc96c8401d8", "0x7fc96c8401b0", "0x7fc96c840188", "0x7fc96c840160", "0x7fc96c840138", "0x7fc96c840110", "0x7fc96c8400e8", "0x7fc96c8400c0", "0x7fc96c840098", "0x7fc96c840070", "0x7fc96c840048", "0x7fc96c840020", "0x7fc96c83bf98", "0x7fc96c83bf70", "0x7fc96c83bf48", "0x7fc96c83bf20", "0x7fc96c83bed0", "0x7fc96c83bea8", "0x7fc96c83be80", "0x7fc96c83be58", "0x7fc96c83be30", "0x7fc96c83be08", "0x7fc96c83bde0", "0x7fc96c83bdb8", "0x7fc96c83bd90", "0x7fc96c83bd68", "0x7fc96c83bd40", "0x7fc96c83bd18", "0x7fc96c83bcf0", "0x7fc96c83bcc8", "0x7fc96c83bca0", "0x7fc96c83bc78", "0x7fc96c83bc50", "0x7fc96c83bc28", "0x7fc96c83bc00", "0x7fc96c83bbd8", "0x7fc96c83bbb0", "0x7fc96c83bb88", "0x7fc96c83bb60", "0x7fc96c83bb38", "0x7fc96c83bb10", "0x7fc96c83bae8", "0x7fc96c83bac0", "0x7fc96c83ba98", "0x7fc96c83ba70", "0x7fc96c83ba48", "0x7fc96c83ba20", "0x7fc96c83b9f8", "0x7fc96c83b9d0", "0x7fc96c83b980", "0x7fc96c83b958", "0x7fc96c83b930", "0x7fc96c83b908", "0x7fc96c83b868", "0x7fc96c83b7f0", "0x7fc96c83b778", "0x7fc96c83b700", "0x7fc96c83b6d8", "0x7fc96c83b6b0", "0x7fc96c83b688", "0x7fc96c83b660", "0x7fc96c83b638", "0x7fc96c83b610", "0x7fc96c83b5e8", "0x7fc96c83b5c0", "0x7fc96c83b598", "0x7fc96c83b520", "0x7fc96c83b4d0", "0x7fc96c83b4a8", "0x7fc96c83b480", "0x7fc96c83b458", "0x7fc96c83b430", "0x7fc96c83b408", "0x7fc96c83b3e0", "0x7fc96c83b3b8", "0x7fc96c83b390", "0x7fc96c83b368", "0x7fc96c83b340", "0x7fc96c83b318", "0x7fc96c83b2f0", "0x7fc96c83b2c8", "0x7fc96c83b2a0", "0x7fc96c83b278", "0x7fc96c83b250", "0x7fc96c83b1b0", "0x7fc96c83b188", "0x7fc96c83b110", "0x7fc96c83b0e8", "0x7fc96c83b0c0", "0x7fc96c83b098", "0x7fc96c83b048", "0x7fc96c83afd0", "0x7fc96c83afa8", "0x7fc96c83af80", "0x7fc96c83af58", "0x7fc96c83af30", "0x7fc96c83af08", "0x7fc96c83aee0", "0x7fc96c83ae68", "0x7fc96c83ae40", "0x7fc96c83ae18", "0x7fc96c83ad50", "0x7fc96c83acd8", "0x7fc96c83acb0", "0x7fc96c83ac88", "0x7fc96c83ac60", "0x7fc96c83ac38", "0x7fc96c83ac10", "0x7fc96c83abe8", "0x7fc96c83abc0", "0x7fc96c83ab48", "0x7fc96c83ab20", "0x7fc96c83aaf8", "0x7fc96c83aad0", "0x7fc96c83aaa8", "0x7fc96c83aa80", "0x7fc96c83aa08", "0x7fc96c83a9e0", "0x7fc96c83a9b8", "0x7fc96c83a990", "0x7fc96c83a940", "0x7fc96c83a8a0", "0x7fc96c83a878", "0x7fc96c83a850", "0x7fc96c83a800", "0x7fc96c83a7d8", "0x7fc96c83a7b0", "0x7fc96c83a788", "0x7fc96c83a760", "0x7fc96c83a738", "0x7fc96c83a710", "0x7fc96c83a6e8", "0x7fc96c83a6c0", "0x7fc96c83a698", "0x7fc96c83a670", "0x7fc96c83a648", "0x7fc96c83a620", "0x7fc96c83a5f8", "0x7fc96c83a5d0", "0x7fc96c83a5a8", "0x7fc96c83a580", "0x7fc96c83a558", "0x7fc96c83a530", "0x7fc96c83a508", "0x7fc96c83a4e0", "0x7fc96c83a4b8", "0x7fc96c83a490", "0x7fc96c83a468", "0x7fc96c83a440", "0x7fc96c83a418", "0x7fc96c83a3a0", "0x7fc96c83a378", "0x7fc96c83a350", "0x7fc96c83a328", "0x7fc96c83a300", "0x7fc96c83a2d8", "0x7fc96c83a2b0", "0x7fc96c83a260", "0x7fc96c83a238", "0x7fc96c83a210", "0x7fc96c83a1e8", "0x7fc96c83a1c0", "0x7fc96c83a198", "0x7fc96c83a0f8", "0x7fc96c83a0d0", "0x7fc96c83a0a8", "0x7fc96c83a080", "0x7fc96c83a058", "0x7fc96c83a030", "0x7fc96c839fe0", "0x7fc96c839f90", "0x7fc96c839f68", "0x7fc96c839f40", "0x7fc96c839ec8", "0x7fc96c839ea0", "0x7fc96c839e78", "0x7fc96c839dd8", "0x7fc96c839d88", "0x7fc96c839d38", "0x7fc96c839c98", "0x7fc96c839c70", "0x7fc96c839c48", "0x7fc96c839c20", "0x7fc96c839bf8", "0x7fc96c839bd0", "0x7fc96c839ba8", "0x7fc96c839b08", "0x7fc96c839ae0", "0x7fc96c839ab8", "0x7fc96c839a90", "0x7fc96c839a68", "0x7fc96c839a40", "0x7fc96c839a18", "0x7fc96c839978", "0x7fc96c839900", "0x7fc96c839838", "0x7fc96c839748", "0x7fc96c839680", "0x7fc96c8395e0", "0x7fc96c8339b0", "0x7fc96c833960", "0x7fc96c833938", "0x7fc96c833910", "0x7fc96c8338e8", "0x7fc96c8338c0", "0x7fc96c833730", "0x7fc96c8336b8", "0x7fc96c833690", "0x7fc96c8335f0", "0x7fc96c833550", "0x7fc96c833528", "0x7fc96c833500", "0x7fc96c8334d8", "0x7fc96c8334b0", "0x7fc96c833410", "0x7fc96c8333e8", "0x7fc96c8333c0", "0x7fc96c833398", "0x7fc96c833370", "0x7fc96c833348", "0x7fc96c833320", "0x7fc96c8332f8", "0x7fc96c8332d0", "0x7fc96c8332a8", "0x7fc96c833280", "0x7fc96c833258", "0x7fc96c833230", "0x7fc96c833208", "0x7fc96c8331e0", "0x7fc96c8331b8", "0x7fc96c833190", "0x7fc96c833168", "0x7fc96c833140", "0x7fc96c833118", "0x7fc96c8330f0", "0x7fc96c8330c8", "0x7fc96c8330a0", "0x7fc96c833078", "0x7fc96c833050", "0x7fc96c833028", "0x7fc96c833000", "0x7fc96c832fd8", "0x7fc96c832fb0", "0x7fc96c832f88", "0x7fc96c832f60", "0x7fc96c832f38", "0x7fc96c832ec0", "0x7fc96c832e48", "0x7fc96c832e20", "0x7fc96c832df8", "0x7fc96c832da8", "0x7fc96c832d80", "0x7fc96c832d08", "0x7fc96c832ce0", "0x7fc96c832cb8", "0x7fc96c832c90", "0x7fc96c832c68", "0x7fc96c832c40", "0x7fc96c832c18", "0x7fc96c832b50", "0x7fc96c832ad8", "0x7fc96c832a60", "0x7fc96c832a38", "0x7fc96c832a10", "0x7fc96c8329e8", "0x7fc96c832970", "0x7fc96c832948", "0x7fc96c832920", "0x7fc96c8328f8", "0x7fc96c832858", "0x7fc96c832830", "0x7fc96c832808", "0x7fc96c8327e0", "0x7fc96c8327b8", "0x7fc96c832790", "0x7fc96c832768", "0x7fc96c832740", "0x7fc96c832718", "0x7fc96c8326f0", "0x7fc96c8326c8", "0x7fc96c832650", "0x7fc96c832628", "0x7fc96c832600", "0x7fc96c8325d8", "0x7fc96c8325b0", "0x7fc96c832588", "0x7fc96c832560", "0x7fc96c8324c0", "0x7fc96c832470", "0x7fc96c832420", "0x7fc96c8323d0", "0x7fc96c832380", "0x7fc96c832358", "0x7fc96c832330", "0x7fc96c8322e0", "0x7fc96c832290", "0x7fc96c832240", "0x7fc96c832218", "0x7fc96c8321f0", "0x7fc96c8321c8", "0x7fc96c832150", "0x7fc96c832128", "0x7fc96c832100", "0x7fc96c8320d8", "0x7fc96c8320b0", "0x7fc96c832088", "0x7fc96c832060", "0x7fc96c832038", "0x7fc96c832010", "0x7fc96c831fe8", "0x7fc96c831fc0", "0x7fc96c831f98", "0x7fc96c831f70", "0x7fc96c831f48", "0x7fc96c831f20", "0x7fc96c831ef8", "0x7fc96c831ed0", "0x7fc96c831ea8", "0x7fc96c831e08", "0x7fc96c831ca0", "0x7fc96c8318e0", "0x7fc96c8318b8", "0x7fc96c831890", "0x7fc96c831840", "0x7fc96c831818", "0x7fc96c8317c8", "0x7fc96c8317a0", "0x7fc96c831750", "0x7fc96c831728", "0x7fc96c8316d8", "0x7fc96c831688", "0x7fc96c831660", "0x7fc96c831638", "0x7fc96c8315e8", "0x7fc96c831598", "0x7fc96c831548", "0x7fc96c8314f8", "0x7fc96c8314a8", "0x7fc96c831458", "0x7fc96c831408", "0x7fc96c8313b8", "0x7fc96c831368", "0x7fc96c831318", "0x7fc96c8312c8", "0x7fc96c831278", "0x7fc96c831228", "0x7fc96c8311d8", "0x7fc96c831188", "0x7fc96c831138", "0x7fc96c8310e8", "0x7fc96c831098", "0x7fc96c831048", "0x7fc96c830ff8", "0x7fc96c830fa8", "0x7fc96c830f58", "0x7fc96c830f08", "0x7fc96c830ee0", "0x7fc96c830eb8", "0x7fc96c830e90", "0x7fc96c830e68", "0x7fc96c830e40", "0x7fc96c830e18", "0x7fc96c830df0", "0x7fc96c830da0", "0x7fc96c830d78", "0x7fc96c830d28", "0x7fc96c830d00", "0x7fc96c830cb0", "0x7fc96c830c88", "0x7fc96c830c38", "0x7fc96c830c10", "0x7fc96c830bc0", "0x7fc96c830b98", "0x7fc96c830b48", "0x7fc96c830af8", "0x7fc96c830aa8", "0x7fc96c830a58", "0x7fc96c830a08", "0x7fc96c8309e0", "0x7fc96c830990", "0x7fc96c830968", "0x7fc96c830918", "0x7fc96c8308f0", "0x7fc96c8308a0", "0x7fc96c830878", "0x7fc96c830828", "0x7fc96c830800", "0x7fc96c8307b0", "0x7fc96c830788", "0x7fc96c830738", "0x7fc96c830710", "0x7fc96c8306c0", "0x7fc96c830698", "0x7fc96c830648", "0x7fc96c830620", "0x7fc96c8305d0", "0x7fc96c8305a8", "0x7fc96c830580", "0x7fc96c830530", "0x7fc96c8304e0", "0x7fc96c8304b8", "0x7fc96c830468", "0x7fc96c830440", "0x7fc96c8303f0", "0x7fc96c8303c8", "0x7fc96c830378", "0x7fc96c830350", "0x7fc96c830300", "0x7fc96c8302d8", "0x7fc96c830288", "0x7fc96c830260", "0x7fc96c830210", "0x7fc96c8301e8", "0x7fc96c830198", "0x7fc96c830170", "0x7fc96c830120", "0x7fc96c8300f8", "0x7fc96c8300a8", "0x7fc96c830080", "0x7fc96c830030", "0x7fc96c830008", "0x7fc96c82bfa8", "0x7fc96c82bf58", "0x7fc96c82bf08", "0x7fc96c82bee0", "0x7fc96c82beb8", "0x7fc96c82be90", "0x7fc96c82be40", "0x7fc96c82be18", "0x7fc96c82bdf0", "0x7fc96c82bda0", "0x7fc96c82bd50", "0x7fc96c82bd28", "0x7fc96c82bd00", "0x7fc96c82bcd8", "0x7fc96c82bcb0", "0x7fc96c82bc88", "0x7fc96c82bc60", "0x7fc96c82bc38", "0x7fc96c82bc10", "0x7fc96c82bbc0", "0x7fc96c82bb98", "0x7fc96c82bb48", "0x7fc96c82bb20", "0x7fc96c82bad0", "0x7fc96c82baa8", "0x7fc96c82ba58", "0x7fc96c82ba08", "0x7fc96c82b9e0", "0x7fc96c82b990", "0x7fc96c82b968", "0x7fc96c82b940", "0x7fc96c82b918", "0x7fc96c82b8c8", "0x7fc96c82b8a0", "0x7fc96c82b878", "0x7fc96c82b850", "0x7fc96c82b828", "0x7fc96c82b800", "0x7fc96c82b7d8", "0x7fc96c82b788", "0x7fc96c82b760", "0x7fc96c82b738", "0x7fc96c82b710", "0x7fc96c82b6c0", "0x7fc96c82b698", "0x7fc96c82b670", "0x7fc96c82b648", "0x7fc96c82b5f8", "0x7fc96c82b5d0", "0x7fc96c82b5a8", "0x7fc96c82b580", "0x7fc96c82b530", "0x7fc96c82b508", "0x7fc96c82b4e0", "0x7fc96c82b4b8", "0x7fc96c82b490", "0x7fc96c82b440", "0x7fc96c82b3f0", "0x7fc96c82b3c8", "0x7fc96c82b3a0", "0x7fc96c82b378", "0x7fc96c82b328", "0x7fc96c82b300", "0x7fc96c82b2d8", "0x7fc96c82b2b0", "0x7fc96c82b288", "0x7fc96c82b260", "0x7fc96c82b238", "0x7fc96c82b1e8", "0x7fc96c82b1c0", "0x7fc96c82b198", "0x7fc96c82b170", "0x7fc96c82b148", "0x7fc96c82b120", "0x7fc96c82b0d0", "0x7fc96c82b0a8", "0x7fc96c82b080", "0x7fc96c82b058", "0x7fc96c82b030", "0x7fc96c82b008", "0x7fc96c82afe0", "0x7fc96c82afb8", "0x7fc96c82af90", "0x7fc96c82af68", "0x7fc96c82af40", "0x7fc96c82af18", "0x7fc96c82aef0", "0x7fc96c82aec8", "0x7fc96c82aea0", "0x7fc96c82ae78", "0x7fc96c82ae50", "0x7fc96c82ae00", "0x7fc96c82add8", "0x7fc96c82ad88", "0x7fc96c82ad60", "0x7fc96c82ad10", "0x7fc96c82acc0", "0x7fc96c82ac70", "0x7fc96c82ac20", "0x7fc96c82abf8", "0x7fc96c82aba8", "0x7fc96c82ab80", "0x7fc96c82ab30", "0x7fc96c82ab08", "0x7fc96c82a5b8", "0x7fc96c82a4c8", "0x7fc96c82a428", "0x7fc96c82a220", "0x7fc96c829848", "0x7fc96c8292a8", "0x7fc96c8223e0", "0x7fc96c820dd8", "0x7fc96c820b30", "0x7fc96c8201d0", "0x7fc96c81be00", "0x7fc96c81b8b0", "0x7fc96c81b658", "0x7fc96c81b568", "0x7fc96c81b4a0", "0x7fc96c81b3d8", "0x7fc96c81b310", "0x7fc96c81b248", "0x7fc96c81b180", "0x7fc96c81b0b8", "0x7fc96c81afc8", "0x7fc96c81aeb0", "0x7fc96c81ad98", "0x7fc96c81ac80", "0x7fc96c81ab68", "0x7fc96c81aa50", "0x7fc96c81a938", "0x7fc96c81a708", "0x7fc96c81a578", "0x7fc96c81a500", "0x7fc96c81a4b0", "0x7fc96c81a2f8", "0x7fc96c81a168", "0x7fc96c819e70", "0x7fc96c819d08", "0x7fc96c819948", "0x7fc96c8198d0", "0x7fc96c819858", "0x7fc96c819678", "0x7fc96c819498", "0x7fc96c819330", "0x7fc96c8192b8", "0x7fc96c819178", "0x7fc96c819100", "0x7fc96c819038", "0x7fc96c818cf0", "0x7fc96c818ca0", "0x7fc96c818c00", "0x7fc96c818908", "0x7fc96c818750", "0x7fc96c8186d8", "0x7fc96c8185c0", "0x7fc96c818458", "0x7fc96c813ed0", "0x7fc96c813c28", "0x7fc96c8136b0", "0x7fc96c813458", "0x7fc96c8131d8", "0x7fc96c8131b0", "0x7fc96c813160", "0x7fc96c812e40", "0x7fc96c812d00", "0x7fc96c812a80", "0x7fc96c812a08", "0x7fc96c812968", "0x7fc96c812828", "0x7fc96c812760", "0x7fc96c812490", "0x7fc96c812418", "0x7fc96c812378", "0x7fc96c812058", "0x7fc96c811f90", "0x7fc96c811cc0", "0x7fc96c811c98", "0x7fc96c8119f0", "0x7fc96c8119c8", "0x7fc96c811630", "0x7fc96c8112e8", "0x7fc96c8112c0", "0x7fc96c811130", "0x7fc96c8110e0", "0x7fc96c810e38", "0x7fc96c810d70", "0x7fc96c810af0", "0x7fc96c810ac8", "0x7fc96c810820", "0x7fc96c8101e0", "0x7fc96c80be38", "0x7fc96c80bca8", "0x7fc96c80b8e8", "0x7fc96c80b4d8", "0x7fc96c80b438", "0x7fc96c80ad30", "0x7fc96c80aa60", "0x7fc96c80aa10", "0x7fc96c80a510", "0x7fc96c80a420", "0x7fc96c80a3d0", "0x7fc96c80a218", "0x7fc96c809d18", "0x7fc96c809cc8", "0x7fc96c809bd8", "0x7fc96c809ae8", "0x7fc96c809818", "0x7fc96c809750", "0x7fc96c8090c0", "0x7fc96c808850", "0x7fc96c808490", "0x7fc96c838a50", "0x7fc96c838960", "0x7fc96c8298c0", "0x7fc96c8296e0", "0x7fc96c829438", "0x7fc96c828fd8", "0x7fc96c828ad8", "0x7fc96c828a88", "0x7fc96c828858", "0x7fc96c8287e0", "0x7fc96c828588", "0x7fc96c828330", "0x7fc96c828290", "0x7fc96c828218", "0x7fc96c828010", "0x7fc96c823d30", "0x7fc96c823650", "0x7fc96c8234c0", "0x7fc96c823380", "0x7fc96c823240", "0x7fc96c822930", "0x7fc96c8228e0", "0x7fc96c822818", "0x7fc96c8215a8", "0x7fc96c8210d0", "0x7fc96c8203d8", "0x7fc96c81be78", "0x7fc96c81bea0", "0x7fc96c81b068", "0x7fc96c81af50", "0x7fc96c81a000", "0x7fc96c819f60", "0x7fc96c8196a0", "0x7fc96c818cc8", "0x7fc96c818b60", "0x7fc96c813f70", "0x7fc96c8132a0", "0x7fc96c812800", "0x7fc96c811d88", "0x7fc96c811748", "0x7fc96c810be0", "0x7fc96c80b1e0", "0x7fc96c80a600", "0x7fc96c809f98", "0x7fc96c808968", "0x7fc96c023388", "0x7fc96c0232e8", "0x7fc96c0231a8", "0x7fc96c023130", "0x7fc96c023040", "0x7fc96c022f78", "0x7fc96c022b40", "0x7fc96c022ac8", "0x7fc96c022370", "0x7fc96c0222f8", "0x7fc96c021ab0", "0x7fc96c021830", "0x7fc96c0217b8", "0x7fc96c021358", "0x7fc96c021290", "0x7fc96c021240", "0x7fc96c021218", "0x7fc96c020ef8", "0x7fc96c020ed0", "0x7fc96c0209f8", "0x7fc96c020930", "0x7fc96c020520", "0x7fc96c020188", "0x7fc96c02fa20", "0x7fc96c02f9d0", "0x7fc96c02f8e0", "0x7fc96c02f638", "0x7fc96c02f4a8", "0x7fc96c02f458", "0x7fc96c02edc8", "0x7fc96c02eb48", "0x7fc96c02dfe0", "0x7fc96c02def0", "0x7fc96c02dce8", "0x7fc96c02d838", "0x7fc96c02d810", "0x7fc96c02d720", "0x7fc96c02d2c0", "0x7fc96c02d248", "0x7fc96c02c938", "0x7fc96c02c280", "0x7fc96c037f18", "0x7fc96c037b80", "0x7fc96c037400", "0x7fc96c036e60", "0x7fc96c036d98", "0x7fc96c036cf8", "0x7fc96c036320", "0x7fc96c036118", "0x7fc96c035ce0", "0x7fc96c0359c0", "0x7fc96c035718", "0x7fc96c035678", "0x7fc96c035600", "0x7fc96c035588", "0x7fc96c0351f0", "0x7fc96c034ea8", "0x7fc96c0343b8", "0x7fc96c0342a0", "0x7fc96c03fbf0", "0x7fc96c03f7e0", "0x7fc96c03f560", "0x7fc96c03f3a8", "0x7fc96c03f1f0", "0x7fc96c03f060", "0x7fc96c03eea8", "0x7fc96c03ed18", "0x7fc96c03eb88", "0x7fc96c03e9d0", "0x7fc96c03e7c8", "0x7fc96c03e278", "0x7fc96c03e0e8", "0x7fc96c03df58", "0x7fc96c03d828", "0x7fc96c03d698", "0x7fc96c03cc20", "0x7fc96c03cba8", "0x7fc96c03c1a8", "0x7fc96c047d00", "0x7fc96c0510d0", "0x7fc96c05a900", "0x7fc96c05a6d0", "0x7fc96c02f598", "0x7fc96c02f020", "0x7fc96c02efd0", "0x7fc96c02e9e0", "0x7fc96c02e350", "0x7fc96c02de28", "0x7fc96c02ced8", "0x7fc96c020d90", "0x7fc96c020980", "0x7fc96d05fe68", "0x7fc96d05fd50", "0x7fc96d05fc38", "0x7fc96d05f288", "0x7fc96d05f120", "0x7fc96d05e720", "0x7fc96d05e5b8", "0x7fc96d05deb0", "0x7fc96c87bc38", "0x7fc96c87b788", "0x7fc96c87aba8", "0x7fc96c87a810", "0x7fc96c87a450", "0x7fc96c87a428", "0x7fc96c87a1d0", "0x7fc96c879fa0", "0x7fc96c879f28", "0x7fc96c879780", "0x7fc96c879528", "0x7fc96c879028", "0x7fc96c878fb0", "0x7fc96c883c80", "0x7fc96c883870", "0x7fc96c883190", "0x7fc96c881070", "0x7fc96c880f30", "0x7fc96c880d28", "0x7fc96c880ad0", "0x7fc96c8809b8", "0x7fc96c880468", "0x7fc96c880418", "0x7fc96c8802d8", "0x7fc96d803f70", "0x7fc96d803ef8", "0x7fc96d803de0", "0x7fc96d8037a0", "0x7fc96d800d48", "0x7fc96d800b68", "0x7fc96d800938", "0x7fc96d800410", "0x7fc96d800370", "0x7fc96d800028", "0x7fc96d067fa0", "0x7fc96d067d20", "0x7fc96d067550", "0x7fc96d0673e8", "0x7fc96d067348", "0x7fc96d0672a8", "0x7fc96d066cb8", "0x7fc96d065728", "0x7fc96d06f278", "0x7fc96d06ed78", "0x7fc96d06eb98", "0x7fc96d06e788", "0x7fc96d06e5d0", "0x7fc96d06dba8", "0x7fc96d06d6a8", "0x7fc96d06d590", "0x7fc96d06d310", "0x7fc96d06cff0", "0x7fc96d06cf28", "0x7fc96d06cd98", "0x7fc96d06ccf8", "0x7fc96d06cb18", "0x7fc96d06caa0", "0x7fc96d06c9b0", "0x7fc96d06c7a8", "0x7fc96d06c5f0", "0x7fc96d06c500", "0x7fc96d06c410", "0x7fc96d06c258", "0x7fc96d06c168", "0x7fc96c88bf48", "0x7fc96c88be58", "0x7fc96c88bd68", "0x7fc96c88ba98", "0x7fc96c88b9a8", "0x7fc96c88b778", "0x7fc96c88b638", "0x7fc96c88b430", "0x7fc96c88b250", "0x7fc96c88afd0", "0x7fc96c88ad78", "0x7fc96c88a5a8", "0x7fc96c88a3a0", "0x7fc96c88a120", "0x7fc96c88a0a8", "0x7fc96c888f50", "0x7fc96c888f78", "0x7fc96c888f28", "0x7fc96c888bb8", "0x7fc96c888b18", "0x7fc96c888528", "0x7fc96c888488", "0x7fc96c888118", "0x7fc96c888078", "0x7fc96c893130", "0x7fc96c893018", "0x7fc96c892a00", "0x7fc96c892938", "0x7fc96c892898", "0x7fc96c892848", "0x7fc96c892780", "0x7fc96c8926e0", "0x7fc96c891088", "0x7fc96c890fe8", "0x7fc96c890f48", "0x7fc96c890c78", "0x7fc96c890b60", "0x7fc96c89bd30", "0x7fc96c89bcb8", "0x7fc96c89b9c0", "0x7fc96c89b3a8", "0x7fc96c89b3d0", "0x7fc96c89af20", "0x7fc96c89ae80", "0x7fc96c89ab10", "0x7fc96c89a6d8", "0x7fc96c89a6b0", "0x7fc96c89a610", "0x7fc96c89a570", "0x7fc96c89a228", "0x7fc96c899f30", "0x7fc96c899be8", "0x7fc96c899760", "0x7fc96c8995d0", "0x7fc96c898e50", "0x7fc96c898dd8", "0x7fc96c898cc0", "0x7fc96c898c70", "0x7fc96c898540", "0x7fc96c898270", "0x7fc96c898090", "0x7fc96c8a39e0", "0x7fc96c8a3850", "0x7fc96c8a37d8", "0x7fc96c8a3648", "0x7fc96c8a33f0", "0x7fc96c8a2e00", "0x7fc96c8a2ce8", "0x7fc96c8a2b08", "0x7fc96c8a24a0", "0x7fc96c8a1988", "0x7fc96c8a0fd8", "0x7fc96c8a0920", "0x7fc96c8a02e0", "0x7fc96c8a0038", "0x7fc96c8a33c8", "0x7fc96c8a2a90", "0x7fc96c8a20b8", "0x7fc96c8a1488", "0x7fc96c89be70", "0x7fc96c89b6f0", "0x7fc96c89a3e0", "0x7fc96c899508", "0x7fc96c8992b0", "0x7fc96c8991c0", "0x7fc96c898248", "0x7fc96c893388", "0x7fc96c892ff0", "0x7fc96c892f50", "0x7fc96c892de8", "0x7fc96c892cf8", "0x7fc96c891ce0", "0x7fc96c891cb8", "0x7fc96c891ab0", "0x7fc96c8914e8", "0x7fc96c890cc8", "0x7fc96c8907f0", "0x7fc96c890548", "0x7fc96c890200", "0x7fc96c893888", "0x7fc96c889b08", "0x7fc96c889720", "0x7fc96c888898", "0x7fc96d06f930", "0x7fc96d06d608", "0x7fc96d066da8", "0x7fc96d066b00", "0x7fc96d0661c8", "0x7fc96d065de0", "0x7fc96d065c78", "0x7fc96d0659f8", "0x7fc96d065520", "0x7fc96d064878", "0x7fc96d803f98", "0x7fc96d803bd8", "0x7fc96d803430", "0x7fc96d8032c8", "0x7fc96d802490", "0x7fc96d801ea0", "0x7fc96d801d88", "0x7fc96d801838", "0x7fc96d8015b8", "0x7fc96d8014c8", "0x7fc96d8003c0", "0x7fc96c8839b0", "0x7fc96c8835a0", "0x7fc96c8831e0", "0x7fc96c882fd8", "0x7fc96c882df8", "0x7fc96c882a60", "0x7fc96c882768", "0x7fc96c8822b8", "0x7fc96c8817a0", "0x7fc96c881598", "0x7fc96c881368", "0x7fc96c881200", "0x7fc96c880ee0", "0x7fc96c880e40", "0x7fc96c880580", "0x7fc96c87b8f0", "0x7fc96c87b5d0", "0x7fc96c87b530", "0x7fc96c87ac98", "0x7fc96c87ac20", "0x7fc96c87ab58", "0x7fc96c87a950", "0x7fc96c879438", "0x7fc96c878c90", "0x7fc96c878808", "0x7fc96c878178", "0x7fc96c878ba0", "0x7fc96c879cd0", "0x7fc96c87b0d0", "0x7fc96d05f508", "0x7fc96d05f490", "0x7fc96d05f418", "0x7fc96d05ee28", "0x7fc96d05ed88", "0x7fc96d05e8b0", "0x7fc96d05e388", "0x7fc96d05d820", "0x7fc96d05d7a8", "0x7fc96d05d6b8", "0x7fc96d05d640", "0x7fc96d05d5f0", "0x7fc96d05cf88", "0x7fc96d05c470", "0x7fc96d05c3f8", "0x7fc96d05c0b0", "0x7fc96d05c038", "0x7fc96d057ad8", "0x7fc96d057880", "0x7fc96d0571a0", "0x7fc96d056fc0", "0x7fc96d056c78", "0x7fc96d056250", "0x7fc96d055990", "0x7fc96d055288", "0x7fc96d054c48", "0x7fc96d054bd0", "0x7fc96d054810", "0x7fc96d054720", "0x7fc96d054658", "0x7fc96d02bed8", "0x7fc96d02bb68", "0x7fc96d02b8e8", "0x7fc96d02b820", "0x7fc96d02b438", "0x7fc96d02b348", "0x7fc96d02ad58", "0x7fc96d02ad30", "0x7fc96d02ac90", "0x7fc96d02a268", "0x7fc96d029980", "0x7fc96d029750", "0x7fc96d029480", "0x7fc96d029188", "0x7fc96d028e90", "0x7fc96d028b98", "0x7fc96d028878", "0x7fc96d028558", "0x7fc96d023c88", "0x7fc96d0237b0", "0x7fc96d0236c0", "0x7fc96d023300", "0x7fc96d023030", "0x7fc96d022b08", "0x7fc96d022888", "0x7fc96d022860", "0x7fc96d022680", "0x7fc96d0224c8", "0x7fc96d0222c0", "0x7fc96d021f28", "0x7fc96d021d98", "0x7fc96d021d20", "0x7fc96d020538", "0x7fc96d01acf0", "0x7fc96d01a890", "0x7fc96d01a598", "0x7fc96d0195f8", "0x7fc96d018cc0", "0x7fc96d018220", "0x7fc96d013ae0", "0x7fc96d013888", "0x7fc96d013630", "0x7fc96d0118a8", "0x7fc96d037120", "0x7fc96d034fd8", "0x7fc96d034df8", "0x7fc96c8731a0", "0x7fc96c873178", "0x7fc96c872de0", "0x7fc96c8726d8", "0x7fc96c872610", "0x7fc96c8716c0", "0x7fc96c8702c0", "0x7fc96c8700e0", "0x7fc96c873b50", "0x7fc96c873010", "0x7fc96c86b590", "0x7fc96c86b220", "0x7fc96c86ae88", "0x7fc96c86ab40", "0x7fc96c86a708", "0x7fc96c86a438", "0x7fc96c86a3e8", "0x7fc96c86a0a0", "0x7fc96c869ba0", "0x7fc96c869b78", "0x7fc96c869330", "0x7fc96c868200", "0x7fc96c862710", "0x7fc96c861e00", "0x7fc96c861b58", "0x7fc96c8616d0", "0x7fc96c8610e0", "0x7fc96c860cd0", "0x7fc96c860438", "0x7fc96c8600c8", "0x7fc96c05be68", "0x7fc96c05b698", "0x7fc96c05b260", "0x7fc96c05ad60", "0x7fc96c058d80", "0x7fc96c051f80", "0x7fc96c051df0", "0x7fc96c050bd0", "0x7fc96c046798", "0x7fc96c0456b8", "0x7fc96c045618", "0x7fc96c0450a0", "0x7fc96c044538", "0x7fc96c0443a8", "0x7fc96c044290", "0x7fc96c0441c8", "0x7fc96c0454b0", "0x7fc96c045780", "0x7fc96c045af0", "0x7fc96c0464c8", "0x7fc96c03fad8", "0x7fc96c03f650", "0x7fc96c03f5d8", "0x7fc96c03e200", "0x7fc96c03c5e0", "0x7fc96c03c518", "0x7fc96c03c248", "0x7fc96c03cdb0", "0x7fc96c03ec28", "0x7fc96c035808", "0x7fc96c02d590", "0x7fc96c0218d0", "0x7fc96c820a90", "0x7fc96c81b928", "0x7fc96d80f410", "0x7fc96d80e9c0", "0x7fc96d80e858", "0x7fc96d80e2b8", "0x7fc96d80e038", "0x7fc96d80dcc8", "0x7fc96d80db38", "0x7fc96d80d048", "0x7fc96d80ca80", "0x7fc96d80c850", "0x7fc96d80c580", "0x7fc96d80c2b0", "0x7fc96d80c120", "0x7fc96d817598", "0x7fc96d816cd8", "0x7fc96d814b40", "0x7fc96d814578", "0x7fc96d8143c0", "0x7fc96d8142d0", "0x7fc96d81e8e8", "0x7fc96c0668b8", "0x7fc96c0667a0", "0x7fc96c066188", "0x7fc96c064d60", "0x7fc96c064ae0", "0x7fc96d03bc70", "0x7fc96d03aaf0", "0x7fc96d03a578", "0x7fc96d039e20", "0x7fc96d038ef8", "0x7fc96d043fb0", "0x7fc96d043ee8", "0x7fc96d043dd0", "0x7fc96d043ce0", "0x7fc96d043830", "0x7fc96d0437b8", "0x7fc96c8abc30", "0x7fc96c8aa808", "0x7fc96c8aa4c0", "0x7fc96c8aa0d8", "0x7fc96c8a9de0", "0x7fc96c8a9b10", "0x7fc96c8a8c60", "0x7fc96c8b2df0", "0x7fc96c8b1e50", "0x7fc96c8b1310", "0x7fc96c8bb428", "0x7fc96c8bad70", "0x7fc96c8b9f60", "0x7fc96c8c1530", "0x7fc96c8c1440", "0x7fc96c8c1300", "0x7fc96c8c10a8", "0x7fc96c8c0888", "0x7fc96c8c0310", "0x7fc96c8c0248", "0x7fc96c8c76d8", "0x7fc96c8c7660", "0x7fc96c8c7070", "0x7fc96c8dee00", "0x7fc96c8de2e8", "0x7fc96c8ddaa0", "0x7fc96c8dda00", "0x7fc96c8dd6b8", "0x7fc96c8dca88", "0x7fc96d047ea8", "0x7fc96d0477f0", "0x7fc96d0473e0", "0x7fc96d046f30", "0x7fc96d0464e0", "0x7fc96d045f18", "0x7fc96d045798", "0x7fc96d045608", "0x7fc96d045568", "0x7fc96d04a1f8", "0x7fc96d049e88", "0x7fc96d049cd0", "0x7fc96d048cb8", "0x7fc96d048b28", "0x7fc96d04fdb0", "0x7fc96d077248", "0x7fc96d076ca8", "0x7fc96d0769d8", "0x7fc96d07f470", "0x7fc96d07f290", "0x7fc96d07f1f0", "0x7fc96d07f060", "0x7fc96d07e480", "0x7fc96d07e2f0", "0x7fc96d07e110", "0x7fc96d07df58", "0x7fc96d07dcd8", "0x7fc96d07dbc0", "0x7fc96d07da80", "0x7fc96d07d918", "0x7fc96d07d5a8", "0x7fc96d07d080", "0x7fc96d07ce28", "0x7fc96d07c9f0", "0x7fc96d07c7c0", "0x7fc96c8d7e20", "0x7fc96c8d7c18", "0x7fc96c8d76c8", "0x7fc96c8d6f70", "0x7fc96c8d6db8", "0x7fc96c8d6c00", "0x7fc96c8d6b60", "0x7fc96c8d6a48", "0x7fc96c8d6840", "0x7fc96c8d5b70", "0x7fc96c8d57d8", "0x7fc96c8d5508", "0x7fc96c8d5350", "0x7fc96c8d5198", "0x7fc96c8d4f90", "0x7fc96c8d4d38", "0x7fc96c8d4b08", "0x7fc96c8d48b0", "0x7fc96c8d4748", "0x7fc96c8d4590", "0x7fc96c8d4090", "0x7fc96c8e7d20", "0x7fc96c8e7b40", "0x7fc96c8e7550", "0x7fc96c8e7230", "0x7fc96c8e6ee8", "0x7fc96c8e6ba0", "0x7fc96c8e4080", "0x7fc96c8f38f0", "0x7fc96c8f28b0", "0x7fc96d046788", "0x7fc96c8dff58", "0x7fc96c8dfee0", "0x7fc96c8dfda0", "0x7fc96c8df670", "0x7fc96c8de220", "0x7fc96c8ddcf8", "0x7fc96c8dd2a8", "0x7fc96c8dd000", "0x7fc96c8dc5b0", "0x7fc96c8c88d0", "0x7fc96c8c8560", "0x7fc96c8c8470", "0x7fc96c8c80d8", "0x7fc96c8c9d70", "0x7fc96c8ca838", "0x7fc96c8cae78", "0x7fc96c8cb5a8", "0x7fc96c8cb8a0", "0x7fc96c8d3dc0", "0x7fc96c8d3a00", "0x7fc96c8d36b8", "0x7fc96c8d3348", "0x7fc96c8d2f10", "0x7fc96c8d2b78", "0x7fc96c8d2650", "0x7fc96c8d23f8", "0x7fc96c8d2358", "0x7fc96c8d1f98", "0x7fc96c8d1c78", "0x7fc96c8d1ae8", "0x7fc96c8d1548", "0x7fc96c8d0eb8", "0x7fc96c8d0990", "0x7fc96c8c74d0", "0x7fc96c8c4d48", "0x7fc96c8c4c08", "0x7fc96c8c4be0", "0x7fc96c8c4af0", "0x7fc96c8c4aa0", "0x7fc96c8c49b0", "0x7fc96c8c4988", "0x7fc96c8c4960", "0x7fc96c8c4938", "0x7fc96c8c3010", "0x7fc96c8c2480", "0x7fc96c8c2458", "0x7fc96c8c2430", "0x7fc96c8b9c40", "0x7fc96c8b9ab0", "0x7fc96c8b9948", "0x7fc96c8b9100", "0x7fc96c8b8bb0", "0x7fc96c8b87f0", "0x7fc96c8b8660", "0x7fc96c8b8278", "0x7fc96c8b3f20", "0x7fc96c8b3db8", "0x7fc96c8b3cf0", "0x7fc96c8b3ca0", "0x7fc96c8b3958", "0x7fc96c8b3890", "0x7fc96c8b3430", "0x7fc96c8b32a0", "0x7fc96c8b31d8", "0x7fc96c8b30c0", "0x7fc96c8b2dc8", "0x7fc96c8b2aa8", "0x7fc96c8b2a58", "0x7fc96c8b2710", "0x7fc96c8b24e0", "0x7fc96c8b2058", "0x7fc96c8b1fb8", "0x7fc96c8b1f18", "0x7fc96c8b1e00", "0x7fc96c8b1db0", "0x7fc96c8b1b80", "0x7fc96c8b1a40", "0x7fc96c8b19f0", "0x7fc96c8b1928", "0x7fc96c8b18d8", "0x7fc96c8b1798", "0x7fc96c8b14c8", "0x7fc96c8b1338", "0x7fc96c8b1298", "0x7fc96c8b1248", "0x7fc96c8b11f8", "0x7fc96c8b11a8", "0x7fc96c8b1068", "0x7fc96c8b0f50", "0x7fc96c8b0d98", "0x7fc96c8b0c80", "0x7fc96c8b09b0", "0x7fc96c8b08e8", "0x7fc96c8b0460", "0x7fc96c8b0398", "0x7fc96c8ab8c0", "0x7fc96c8ab7a8", "0x7fc96c8ab758", "0x7fc96c8ab690", "0x7fc96c8ab4b0", "0x7fc96c8ab398", "0x7fc96c8ab2d0", "0x7fc96c8aaf88", "0x7fc96c8aa998", "0x7fc96c8aa948", "0x7fc96c8aa858", "0x7fc96c8aa6c8", "0x7fc96c8aa538", "0x7fc96c8aa498", "0x7fc96c8aa3a8", "0x7fc96c8a9598", "0x7fc96c8a9390", "0x7fc96c8a92c8", "0x7fc96c8a9200", "0x7fc96c8a8ff8", "0x7fc96c8a8e18", "0x7fc96d0438d0", "0x7fc96d0436f0", "0x7fc96d043678", "0x7fc96d043470", "0x7fc96d0433f8", "0x7fc96d042bd8", "0x7fc96d042ac0", "0x7fc96d042520", "0x7fc96d042480", "0x7fc96d042340", "0x7fc96d041a80", "0x7fc96d041878", "0x7fc96d040ec8", "0x7fc96d040810", "0x7fc96d040540", "0x7fc96d040428", "0x7fc96d03bd38", "0x7fc96d03a000", "0x7fc96d039f60", "0x7fc96d039d30", "0x7fc96d039c90", "0x7fc96d0395b0", "0x7fc96d0387a0", "0x7fc96d038728", "0x7fc96d038390", "0x7fc96d038110", "0x7fc96d0386d8", "0x7fc96d039538", "0x7fc96d03a848", "0x7fc96d03b7c0", "0x7fc96c067f88", "0x7fc96d864aa0", "0x7fc96d864730", "0x7fc96d8645f0", "0x7fc96d857ad0", "0x7fc96d857aa8", "0x7fc96d857990", "0x7fc96d857468", "0x7fc96d856fb8", "0x7fc96d856f90", "0x7fc96d856748", "0x7fc96d855e38", "0x7fc96d83b998", "0x7fc96d83b8f8", "0x7fc96d83a868", "0x7fc96d839df0", "0x7fc96d831448", "0x7fc96d831358", "0x7fc96d831088", "0x7fc96d830f20", "0x7fc96d830d18", "0x7fc96d830a98", "0x7fc96d8308e0", "0x7fc96d830200", "0x7fc96d81ff68", "0x7fc96d81e5a0", "0x7fc96d81e2d0", "0x7fc96d81dfd8", "0x7fc96d81de70", "0x7fc96d81db00", "0x7fc96d81d998", "0x7fc96d81d790", "0x7fc96d81d678", "0x7fc96d81d510", "0x7fc96d81d3a8", "0x7fc96d81d240", "0x7fc96d81ce80", "0x7fc96d81cbd8", "0x7fc96d81c8e0", "0x7fc96d81c5c0", "0x7fc96d81c3b8", "0x7fc96d81c138", "0x7fc96d817c50", "0x7fc96d817750", "0x7fc96d817340", "0x7fc96d816ee0", "0x7fc96d816b48", "0x7fc96d814b68", "0x7fc96d817278", "0x7fc96d80ecb8", "0x7fc96d80dc28", "0x7fc96d80d4a8", "0x7fc96c8a2db0", "0x7fc96c8a2400", "0x7fc96c8a16e0", "0x7fc96c8a1258", "0x7fc96c8a0bf0", "0x7fc96c89a890", "0x7fc96c89a020", "0x7fc96d800898", "0x7fc96c878560", "0x7fc96d05f530", "0x7fc96d057a10", "0x7fc96d055148", "0x7fc96d054f68", "0x7fc96d054d10", "0x7fc96d054a40", "0x7fc96d054950", "0x7fc96d02af38", "0x7fc96d02a600", "0x7fc96d029fc0", "0x7fc96d020a38", "0x7fc96d020858", "0x7fc96d020628", "0x7fc96d020240", "0x7fc96d019c10", "0x7fc96d018838", "0x7fc96c861b30", "0x7fc96c861748", "0x7fc96c861270", "0x7fc96c860ff0", "0x7fc96c860af0", "0x7fc96c8605f0", "0x7fc96c8601e0", "0x7fc96c860b18", "0x7fc96c05bdf0", "0x7fc96c05b760", "0x7fc96c05afb8", "0x7fc96c059ca8", "0x7fc96c058da8", "0x7fc96c0584c0", "0x7fc96c05ae50", "0x7fc96c0533d0", "0x7fc96c052520", "0x7fc96c050798", "0x7fc96c051490", "0x7fc96c0470a8", "0x7fc96c046900", "0x7fc96c045758", "0x7fc96c03fb78", "0x7fc96c03c3d8", "0x7fc96c0357e0", "0x7fc96c037310", "0x7fc96c02f430", "0x7fc96c02d950", "0x7fc96c023798", "0x7fc96c0208e0", "0x7fc96c8204f0", "0x7fc96c9038e0", "0x7fc96c9036d8", "0x7fc96c903160", "0x7fc96c902670", "0x7fc96c901338", "0x7fc96c9011d0", "0x7fc96c901130", "0x7fc96c900c58", "0x7fc96c900b18", "0x7fc96c900a28", "0x7fc96c900690", "0x7fc96c900410", "0x7fc96c900208", "0x7fc96c900028", "0x7fc96c900528", "0x7fc96c900c80", "0x7fc96c9015e0", "0x7fc96c8fbd98", "0x7fc96c8fbcf8", "0x7fc96c8fb9d8", "0x7fc96c8fb410", "0x7fc96c8fb2f8", "0x7fc96c8fb230", "0x7fc96c8fb050", "0x7fc96c8fac68", "0x7fc96c8f9ca0", "0x7fc96c8f8210", "0x7fc96c8eb498", "0x7fc96c8eae80", "0x7fc96c8eadb8", "0x7fc96c8eaa48", "0x7fc96c8ea6d8", "0x7fc96c8ea098", "0x7fc96c8e9e90", "0x7fc96c8e9968", "0x7fc96c8e97d8", "0x7fc96c8e9468", "0x7fc96c8e9210", "0x7fc96c8e8ef0", "0x7fc96c8e8e50", "0x7fc96c8e7af0", "0x7fc96c8e6f60", "0x7fc96c8e6858", "0x7fc96c8e6718", "0x7fc96c8e4f80", "0x7fc96c8e4b20", "0x7fc96c8e7eb0", "0x7fc96c8d7420", "0x7fc96c8d4860", "0x7fc96d07f088", "0x7fc96d07f498", "0x7fc96d07fa38", "0x7fc96d07fd30", "0x7fc96d077338", "0x7fc96d076a00", "0x7fc96d076460", "0x7fc96d0740c0", "0x7fc96d0773b0", "0x7fc96d04cea8", "0x7fc96d049af0", "0x7fc96d049960", "0x7fc96d049870", "0x7fc96d049758", "0x7fc96d049488", "0x7fc96d049000", "0x7fc96d048c40", "0x7fc96d048948", "0x7fc96d048768", "0x7fc96d0486f0", "0x7fc96d048678", "0x7fc96d0484c0", "0x7fc96d048330", "0x7fc96d0481c8", "0x7fc96d048ec0", "0x7fc96d049820", "0x7fc96d047e30", "0x7fc96d047d18", "0x7fc96d047bd8", "0x7fc96d047a98", "0x7fc96d047700", "0x7fc96d047688", "0x7fc96d047548", "0x7fc96d047408", "0x7fc96d047278", "0x7fc96d047110", "0x7fc96d046fa8", "0x7fc96d046e68", "0x7fc96d046d28", "0x7fc96d046bc0", "0x7fc96d046b48", "0x7fc96d046a08", "0x7fc96d0468f0", "0x7fc96d0467d8", "0x7fc96d046620", "0x7fc96d046580", "0x7fc96d0463c8", "0x7fc96d046260", "0x7fc96d046120", "0x7fc96d046008", "0x7fc96d045ea0", "0x7fc96d045d38", "0x7fc96d045cc0", "0x7fc96d045ae0", "0x7fc96d0459a0", "0x7fc96d045860", "0x7fc96d045720", "0x7fc96d0455e0", "0x7fc96d045450", "0x7fc96d0453d8", "0x7fc96d045270", "0x7fc96d0451f8", "0x7fc96d045090", "0x7fc96d044d70", "0x7fc96d044be0", "0x7fc96d044b68", "0x7fc96d044a28", "0x7fc96d0447f8", "0x7fc96d044780", "0x7fc96d044640", "0x7fc96d044500", "0x7fc96d044460", "0x7fc96d0440f0", "0x7fc96d0444b0", "0x7fc96d046350", "0x7fc96c8dfb48", "0x7fc96c8dfa58", "0x7fc96c8df6c0", "0x7fc96c8df648", "0x7fc96c8df5f8", "0x7fc96c8ddf78", "0x7fc96c8ddf00", "0x7fc96c8dd690", "0x7fc96c8dd618", "0x7fc96c8dc9c0", "0x7fc96c8dcf60", "0x7fc96c8cb9e0", "0x7fc96c8cb968", "0x7fc96c8caec8", "0x7fc96c8cadb0", "0x7fc96c8cab30", "0x7fc96c8ca8b0", "0x7fc96c8ca6d0", "0x7fc96c8ca518", "0x7fc96c8ca310", "0x7fc96c8c8920", "0x7fc96c8c86f0", "0x7fc96c8c86c8", "0x7fc96c8c85b0", "0x7fc96c8c8128", "0x7fc96c8c80b0", "0x7fc96c8d3898", "0x7fc96c8d2ba0", "0x7fc96c8d2a38", "0x7fc96c8d2808", "0x7fc96c8d25d8", "0x7fc96c8d2100", "0x7fc96c8c6648", "0x7fc96c8c65a8", "0x7fc96d8162b0", "0x7fc96d80fe10", "0x7fc96d80fc08", "0x7fc96d80f988", "0x7fc96d80f2a8", "0x7fc96d80eb00", "0x7fc96d80e8f8", "0x7fc96d80e7e0", "0x7fc96d80e6c8", "0x7fc96d80e600", "0x7fc96d80e4e8", "0x7fc96d80e3f8", "0x7fc96d80e308", "0x7fc96d80e150", "0x7fc96d80e088", "0x7fc96d80df20", "0x7fc96d80dea8", "0x7fc96d80dd90", "0x7fc96d80dc00", "0x7fc96d80dae8", "0x7fc96d80d9d0", "0x7fc96d80d890", "0x7fc96d80d728", "0x7fc96d80d610", "0x7fc96d80d548", "0x7fc96d80d430", "0x7fc96d80d1b0", "0x7fc96d80d098", "0x7fc96d80cd00", "0x7fc96d80c670", "0x7fc96d80c0d0", "0x7fc96d80c030", "0x7fc96c8a3c38", "0x7fc96c8a35a8", "0x7fc96c8a1ca8", "0x7fc96c8a17d0", "0x7fc96c8a0830", "0x7fc96c8a0790", "0x7fc96c89be98", "0x7fc96c89a160", "0x7fc96c899da0", "0x7fc96c899c88", "0x7fc96c8990a8", "0x7fc96c898e00", "0x7fc96c893900", "0x7fc96c8938b0", "0x7fc96c893838", "0x7fc96c893770", "0x7fc96c892c58", "0x7fc96c892bb8", "0x7fc96c892aa0", "0x7fc96c892910", "0x7fc96c892758", "0x7fc96c8925c8", "0x7fc96c892528", "0x7fc96c892348", "0x7fc96c8920f0", "0x7fc96c891808", "0x7fc96c890e30", "0x7fc96c890c28", "0x7fc96c88bb10", "0x7fc96c88b390", "0x7fc96c88b2a0", "0x7fc96c88b020", "0x7fc96c88ae90", "0x7fc96c88ad28", "0x7fc96c88abc0", "0x7fc96c88aa80", "0x7fc96c88a878", "0x7fc96c88a738", "0x7fc96c88a508", "0x7fc96c88a440", "0x7fc96c88a148", "0x7fc96c8894f0", "0x7fc96c889248", "0x7fc96c888028", "0x7fc96d06f9d0", "0x7fc96d06f958", "0x7fc96d06f638", "0x7fc96d06f5c0", "0x7fc96d06f548", "0x7fc96d06f480", "0x7fc96d06f3e0", "0x7fc96d06f368", "0x7fc96d06dc98", "0x7fc96d06d540", "0x7fc96d06ca78", "0x7fc96d067f78", "0x7fc96d0670f0", "0x7fc96d066fd8", "0x7fc96d066858", "0x7fc96d066538", "0x7fc96d803d90", "0x7fc96d802800", "0x7fc96d8022b0", "0x7fc96d800be0", "0x7fc96d800320", "0x7fc96c883488", "0x7fc96c882b78", "0x7fc96c882920", "0x7fc96c881cc8", "0x7fc96c879c58", "0x7fc96d05d488", "0x7fc96d057f10", "0x7fc96d057830", "0x7fc96d0567a0", "0x7fc96d055490", "0x7fc96d054860", "0x7fc96d054040", "0x7fc96d028c88", "0x7fc96d0285a8", "0x7fc96d023f30", "0x7fc96d023e68", "0x7fc96d023d78", "0x7fc96d023620", "0x7fc96d021578", "0x7fc96d0214d8", "0x7fc96d021410", "0x7fc96d01a340", "0x7fc96d019b98", "0x7fc96d0199b8", "0x7fc96d018e00", "0x7fc96d013810", "0x7fc96d0131f8", "0x7fc96d035a28", "0x7fc96c870e50", "0x7fc96c870d60", "0x7fc96c86b8b0", "0x7fc96c86b7e8", "0x7fc96c86ac80", "0x7fc96c868ed0", "0x7fc96c868de0", "0x7fc96c862350", "0x7fc96c862260", "0x7fc96c862198", "0x7fc96c8620d0", "0x7fc96c862008", "0x7fc96c861ec8", "0x7fc96c8612e8", "0x7fc96c05be18", "0x7fc96c036d70", "0x7fc96c036bb8", "0x7fc96c036a00", "0x7fc96c036988", "0x7fc96c036938", "0x7fc96c0367f8", "0x7fc96c036618", "0x7fc96c036438", "0x7fc96c0361b8", "0x7fc96c036140", "0x7fc96c035fd8", "0x7fc96c035f88", "0x7fc96c035d08", "0x7fc96c035c40", "0x7fc96c035538", "0x7fc96c034e80", "0x7fc96c034e30", "0x7fc96c0341d8", "0x7fc96c02f868", "0x7fc96c02f4f8", "0x7fc96c02ea58", "0x7fc96c02e990", "0x7fc96c02e8a0", "0x7fc96c02cc30", "0x7fc96c81acd0", "0x7fc96c81aac8", "0x7fc96c81a550", "0x7fc96c81a0a0", "0x7fc96c819fb0", "0x7fc96c819ee8", "0x7fc96c819e20", "0x7fc96c819a60", "0x7fc96c819538", "0x7fc96c818db8", "0x7fc96c818660", "0x7fc96c813868", "0x7fc96c813750", "0x7fc96c813570", "0x7fc96c8130e8", "0x7fc96c813098", "0x7fc96c812bc0", "0x7fc96c8126c0", "0x7fc96c811ce8", "0x7fc96c811590", "0x7fc96c810a28", "0x7fc96c809b60", "0x7fc96c808df0", "0x7fc96c900870", "0x7fc96c8ea930", "0x7fc96c8ea4a8", "0x7fc96c8e9e40", "0x7fc96c8e9af8", "0x7fc96c8e8ba8", "0x7fc96c8e84c8", "0x7fc96c8e82e8", "0x7fc96c8f0b78", "0x7fc96c8f0ad8", "0x7fc96c8f0790", "0x7fc96c8f03a8", "0x7fc96c8e7fa0", "0x7fc96c8e7d70", "0x7fc96c8e7b18", "0x7fc96c8e78c0", "0x7fc96c8e7690", "0x7fc96c8e7410", "0x7fc96c8e71e0", "0x7fc96c8e7118", "0x7fc96c8e6f10", "0x7fc96c8e6df8", "0x7fc96c8e6b50", "0x7fc96c8e6948", "0x7fc96c8e66c8", "0x7fc96c8e63a8", "0x7fc96c8e5d90", "0x7fc96c8e5ae8", "0x7fc96c8e5750", "0x7fc96c8e53b8", "0x7fc96c8e4e90", "0x7fc96c8e4b98", "0x7fc96c8e48f0", "0x7fc96c8e6ec0", "0x7fc96c8d7a38", "0x7fc96c8d7808", "0x7fc96c8d75d8", "0x7fc96c8d7380", "0x7fc96c8d7150", "0x7fc96c8d6f20", "0x7fc96c8d6cc8", "0x7fc96c8d69a8", "0x7fc96c8d5ff8", "0x7fc96c8d5d28", "0x7fc96c8d55f8", "0x7fc96c8d52b0", "0x7fc96c8d4fe0", "0x7fc96c8d4ce8", "0x7fc96c8d4a90", "0x7fc96c8d4838", "0x7fc96d07eb10", "0x7fc96d07e930", "0x7fc96d07e700", "0x7fc96d07e548", "0x7fc96d07e368", "0x7fc96d07e188", "0x7fc96d07dfa8", "0x7fc96d07ddc8", "0x7fc96d07dbe8", "0x7fc96d07d9e0", "0x7fc96d07d800", "0x7fc96d07d648", "0x7fc96d07d440", "0x7fc96d07d260", "0x7fc96d07d0a8", "0x7fc96d07cec8", "0x7fc96d07cce8", "0x7fc96d07cb30", "0x7fc96d07c950", "0x7fc96d07c568", "0x7fc96d077658", "0x7fc96d077590", "0x7fc96d0773d8", "0x7fc96d077180", "0x7fc96d076fc8", "0x7fc96d076dc0", "0x7fc96d076b18", "0x7fc96d076820", "0x7fc96d0765c8", "0x7fc96d076370", "0x7fc96d0746b0", "0x7fc96d074430", "0x7fc96d0741b0", "0x7fc96d076320", "0x7fc96d04fe28", "0x7fc96d04fc20", "0x7fc96d04f220", "0x7fc96d04efc8", "0x7fc96d04ea50", "0x7fc96d04db00", "0x7fc96d04d330", "0x7fc96d04d0d8", "0x7fc96d04cc28", "0x7fc96d04c1d8", "0x7fc96d04c1b0", "0x7fc96d04c0c0", "0x7fc96d04bdf0", "0x7fc96d049348", "0x7fc96d046508", "0x7fc96c8df440", "0x7fc96d06d6d0", "0x7fc96d06d040", "0x7fc96d06c758", "0x7fc96d066fb0", "0x7fc96d066600", "0x7fc96d8029e0", "0x7fc96d800118", "0x7fc96d803660", "0x7fc96c880fa8", "0x7fc96c880a58", "0x7fc96d05e748", "0x7fc96d05d758", "0x7fc96d057358", "0x7fc96d029660", "0x7fc96d029638", "0x7fc96d029610", "0x7fc96d029598", "0x7fc96d029520", "0x7fc96d0294a8", "0x7fc96d029458", "0x7fc96d0293e0", "0x7fc96d0293b8", "0x7fc96d029368", "0x7fc96d029340", "0x7fc96d0292a0", "0x7fc96d029228", "0x7fc96d029200", "0x7fc96d0291b0", "0x7fc96d029160", "0x7fc96d029110", "0x7fc96d029070", "0x7fc96d0290e8", "0x7fc96d028fd0", "0x7fc96d029020", "0x7fc96d028f80", "0x7fc96d028fa8", "0x7fc96d028f30", "0x7fc96d028f58", "0x7fc96d028ee0", "0x7fc96d028f08", "0x7fc96d028e68", "0x7fc96d028eb8", "0x7fc96d028e18", "0x7fc96d028df0", "0x7fc96d028d78", "0x7fc96d028d50", "0x7fc96d028d00", "0x7fc96d028cb0", "0x7fc96d028c38", "0x7fc96d028c10", "0x7fc96d028a80", "0x7fc96d028968", "0x7fc96d022e78", "0x7fc96d0229f0", "0x7fc96d022798", "0x7fc96d0224f0", "0x7fc96d022360", "0x7fc96d0222e8", "0x7fc96d022220", "0x7fc96d0221a8", "0x7fc96d022018", "0x7fc96d020a60", "0x7fc96d020718", "0x7fc96d020560", "0x7fc96d020308", "0x7fc96d018d88", "0x7fc96d018bd0", "0x7fc96c8729d0", "0x7fc96c872688", "0x7fc96c86b298", "0x7fc96c86a6e0", "0x7fc96c869da8", "0x7fc96c869998", "0x7fc96c863840", "0x7fc96c8632a0", "0x7fc96c862d00", "0x7fc96c862378", "0x7fc96c860ac8", "0x7fc96c8607a8", "0x7fc96c8605c8", "0x7fc96c05b580", "0x7fc96c05b468", "0x7fc96c0449c0", "0x7fc96c03d4e0", "0x7fc96c03d378", "0x7fc96c03c5b8", "0x7fc96c037a90", "0x7fc96c037680", "0x7fc96c037658", "0x7fc96c037568", "0x7fc96c0357b8", "0x7fc96c0346d8", "0x7fc96c022ca8", "0x7fc96c8fa038", "0x7fc96c8ea9f8", "0x7fc96c8e96c0", "0x7fc96c8f35d0", "0x7fc96c8e72f8", "0x7fc96c8e6678", "0x7fc96c8d7948", "0x7fc96c8d7858", "0x7fc96c8d6c28", "0x7fc96c8d6a98", "0x7fc96c8d4888", "0x7fc96d023878", "0x7fc96d023698", "0x7fc96d0234b8", "0x7fc96d0232d8", "0x7fc96d023148", "0x7fc96d022f68", "0x7fc96d022a40", "0x7fc96d0193f0", "0x7fc96d018ae0", "0x7fc96d012fa0", "0x7fc96c873da8", "0x7fc96c8700b8", "0x7fc96c86bce8", "0x7fc96c869010", "0x7fc96c8688e0", "0x7fc96c868638", "0x7fc96c05b378", "0x7fc96c058e70", "0x7fc96c058060", "0x7fc96c0533a8", "0x7fc96c051f30", "0x7fc96c047ad0", "0x7fc96c037ef0", "0x7fc96c838500", "0x7fc96c8291e0", "0x7fc96c8d7678", "0x7fc96c8d7628", "0x7fc96c8d7600", "0x7fc96c8d75b0", "0x7fc96c8d7588", "0x7fc96c8d7560", "0x7fc96c8d7538", "0x7fc96c8d7510", "0x7fc96c8d7448", "0x7fc96c8d73a8", "0x7fc96c8d7308", "0x7fc96c8d72e0", "0x7fc96c8d72b8", "0x7fc96c8d7290", "0x7fc96c8d7268", "0x7fc96c8d7240", "0x7fc96c8d7218", "0x7fc96c8d71f0", "0x7fc96c8d71c8", "0x7fc96c8d7178", "0x7fc96c8d7128", "0x7fc96c8d70d8", "0x7fc96c8d70b0", "0x7fc96c8d7088", "0x7fc96c803418", "0x7fc96c803698", "0x7fc96c8034b8", "0x7fc96c803490"]}
{"type":"ROOT", "root":"global_list", "references":["0x7fc96c82a400", "0x7fc96c82a748", "0x7fc96c8c1f80", "0x7fc96c803f80"]}
{"type":"ROOT", "root":"end_proc", "references":["0x7fc96c020318"]}
{"type":"ROOT", "root":"global_tbl", "references":["0x7fc96c843428", "0x7fc96c843428", "0x7fc96c842c08", "0x7fc96c842b90", "0x7fc96c842b18", "0x7fc96c842b90", "0x7fc96c842898", "0x7fc96c842898", "0x7fc96c842898", "0x7fc96c842898", "0x7fc96c842898", "0x7fc96c8337a8", "0x7fc96c8337a8", "0x7fc96c8337a8", "0x7fc96c03f538", "0x7fc96c03f538"]}
{"address":"0x7fc96c0200c0", "type":"STRING", "class":"0x7fc96c801668", "frozen":true, "bytesize":91, "value":"/usr/local/Cellar/ruby/2.1.1/lib/ruby/gems/2.1.0/specifications/default/rake-10.1.0.gemspec", "encoding":"UTF-8", "memsize":92, "flags":{"wb_protected":true, "old":true, "marked":true}}
{"address":"0x7fc96c0200e8", "type":"NODE", "node_type":"NODE_IF", "references":["0x7fc96c839310"]}
{"address":"0x7fc96c020188", "type":"STRING", "class":"0x7fc96c801668", "frozen":true, "embedded":true, "fstring":true, "bytesize":3, "value":"val", "encoding":"US-ASCII", "flags":{"wb_protected":true, "old":true, "marked":true}}
{"address":"0x7fc96c0201b0", "type":"ARRAY", "class":"0x7fc96c84a048", "length":0, "flags":{"wb_protected":true, "old":true, "marked":true}}
{"address":"0x7fc96c0201d8", "type":"OBJECT", "class":"0x7fc96d077a68", "ivars":14, "references":["0x7fc96c0230e0", "0x7fc96d05c380", "0x7fc96d05c510", "0x7fc96d05c5b0", "0x7fc96c8e5b38", "0x7fc96c0201b0", "0x7fc96c8e5b38", "0x7fc96c8c82e0", "0x7fc96c8e4b48", "0x7fc96c8e4af8", "0x7fc96c8e4e68"], "memsize":112, "flags":{"wb_protected":true, "old":true, "marked":true}}
{"address":"0x7fc96c020228", "type":"STRING", "class":"0x7fc96c801668", "frozen":true, "embedded":true, "bytesize":11, "value":"psych-2.0.3", "encoding":"UTF-8", "flags":{"wb_protected":true, "old":true, "marked":true}}
{"address":"0x7fc96c020318", "type":"DATA", "class":"0x7fc96c83b020", "struct":"proc", "references":["0x7fc96c020340", "0x7fc96c020318", "0x7fc96c802400"], "memsize":72}
{"address":"0x7fc96c020340", "type":"DATA", "class":"0x7fc96c839658", "struct":"VM/env", "references":["0x7fc96c021920", "0x7fc96c021128", "0x7fc96c839270", "0x7fc96c0200e8", "0x7fc96c020340", "0x7fc96c802400", "0x7fc96c871b48"], "memsize":128}
{"address":"0x7fc96c020520", "type":"STRING", "class":"0x7fc96c801668", "frozen":true, "embedded":true, "fstring":true, "bytesize":9, "value":"@suffixes", "encoding":"US-ASCII", "flags":{"wb_protected":true, "old":true, "marked":true}}
{"address":"0x7fc96c020638", "type":"STRING", "class":"0x7fc96c801668", "frozen":true, "bytesize":91, "value":"/usr/local/Cellar/ruby/2.1.1/lib/ruby/gems/2.1.0/specifications/default/psych-2.0.3.gemspec", "encoding":"UTF-8", "memsize":92, "flags":{"wb_protected":true, "old":true, "marked":true}}
{"address":"0x7fc96c0207c8", "type":"ARRAY", "class":"0x7fc96c84a048", "length":0, "flags":{"wb_protected":true, "old":true, "marked":true}}
{"address":"0x7fc96c020818", "type":"OBJECT", "class":"0x7fc96d077a68", "ivars":14, "references":["0x7fc96c0231d0", "0x7fc96d05e7e8", "0x7fc96d05e950", "0x7fc96d05e9f0", "0x7fc96c8e8e78", "0x7fc96c0207c8", "0x7fc96c8e8e78", "0x7fc96c8c82e0", "0x7fc96c8ea480", "0x7fc96c8ea5c0", "0x7fc96c8e8298"], "memsize":112, "flags":{"wb_protected":true, "old":true, "marked":true}}
{"address":"0x7fc96c020890", "type":"STRING", "class":"0x7fc96c801668", "frozen":true, "embedded":true, "bytesize":11, "value":"psych-2.0.2", "encoding":"UTF-8", "flags":{"wb_protected":true, "old":true, "marked":true}}
{"address":"0x7fc96c0208e0", "type":"STRING", "class":"0x7fc96c801668", "frozen":true, "embedded":true, "fstring":true, "bytesize":14, "value":"workspace_home", "encoding":"US-ASCII", "flags":{"wb_protected":true, "old":true, "marked":true}}
{"address":"0x7fc96c020930", "type":"STRING", "class":"0x7fc96c801668", "frozen":true, "embedded":true, "fstring":true, "bytesize":8, "value":"suffixes", "encoding":"US-ASCII", "flags":{"wb_protected":true, "old":true, "marked":true}}
{"address":"0x7fc96c020980", "type":"STRING", "class":"0x7fc96c801668", "frozen":true, "embedded":true, "fstring":true, "bytesize":15, "value":"CROSS_COMPILING", "encoding":"US-ASCII", "flags":{"wb_protected":true, "old":true, "marked":true}}
{"address":"0x7fc96c0209a8", "type":"STRING", "class":"0x7fc96c801668", "embedded":true, "bytesize":4, "value":"exit", "encoding":"UTF-8", "flags":{"wb_protected":true, "old":true, "marked":true}}
{"address":"0x7fc96c0209f8", "type":"STRING", "class":"0x7fc96c801668", "frozen":true, "embedded":true, "fstring":true, "bytesize":15, "value":"@suffix_pattern", "encoding":"US-ASCII", "flags":{"wb_protected":true, "old":true, "marked":true}}
{"address":"0x7fc96c020a20", "type":"STRING", "class":"0x7fc96c801668", "bytesize":76, "capacity":77, "value":"\"hello yo hahahah.\\nhehehe hohooh\".gsub(/[^ \\n]+/).each { |word| puts word }", "encoding":"UTF-8", "memsize":78, "flags":{"wb_protected":true, "old":true, "marked":true}}
{"address":"0x7fc96c020a70", "type":"STRING", "class":"0x7fc96c801668", "bytesize":61, "capacity":62, "value":"\"hello yo hahahah.\\nhehehe hohooh\".gsub(/[^ \\n]+/).join(\"\\n\")", "encoding":"UTF-8", "memsize":63, "flags":{"wb_protected":true, "old":true, "marked":true}}
{"address":"0x7fc96c020ac0", "type":"STRING", "class":"0x7fc96c801668", "bytesize":50, "capacity":51, "value":"\"hello yo hahahah.\\nhehehe hohooh\".gsub(/[^ \\n]+/)", "encoding":"UTF-8", "memsize":52, "flags":{"wb_protected":true, "old":true, "marked":true}}
{"address":"0x7fc96c020b10", "type":"STRING", "class":"0x7fc96c801668", "bytesize":46, "capacity":47, "value":"Gosu.constants.find { |n| n.to_s == \"Window\" }", "encoding":"UTF-8", "memsize":48, "flags":{"wb_protected":true, "old":true, "marked":true}}
{"address":"0x7fc96c020b38", "type":"STRING", "class":"0x7fc96c801668", "embedded":true, "bytesize":14, "value":"Gosu.constants", "encoding":"UTF-8", "flags":{"wb_protected":true, "old":true, "marked":true}}
{"address":"0x7fc96c020b60", "type":"STRING", "class":"0x7fc96c801668", "embedded":true, "bytesize":12, "value":"Gosu.members", "encoding":"UTF-8", "flags":{"wb_protected":true, "old":true, "marked":true}}
{"address":"0x7fc96c020b88", "type":"STRING", "class":"0x7fc96c801668", "embedded":true, "bytesize":18, "value":"Gosu.class.members", "encoding":"UTF-8", "flags":{"wb_protected":true, "old":true, "marked":true}}
{"address":"0x7fc96c020bb0", "type":"STRING", "class":"0x7fc96c801668", "embedded":true, "bytesize":10, "value":"Gosu.class", "encoding":"UTF-8", "flags":{"wb_protected":true, "old":true, "marked":true}}
{"address":"0x7fc96c020bd8", "type":"STRING", "class":"0x7fc96c801668", "embedded":true, "bytesize":12, "value":"Gosu.methods", "encoding":"UTF-8", "flags":{"wb_protected":true, "old":true, "marked":true}}
{"address":"0x7fc96c020c00", "type":"STRING", "class":"0x7fc96c801668", "embedded":true, "bytesize":12, "value":"Gosu.inspect", "encoding":"UTF-8", "flags":{"wb_protected":true, "old":true, "marked":true}}
{"address":"0x7fc96c020c28", "type":"STRING", "class":"0x7fc96c801668", "embedded":true, "bytesize":6, "value":"Gosu::", "encoding":"UTF-8", "flags":{"wb_protected":true, "old":true, "marked":true}}
{"address":"0x7fc96c020c50", "type":"STRING", "class":"0x7fc96c801668", "embedded":true, "bytesize":4, "value":"Gosu", "encoding":"UTF-8", "flags":{"wb_protected":true, "old":true, "marked":true}}
{"address":"0x7fc96c020c78", "type":"STRING", "class":"0x7fc96c801668", "embedded":true, "bytesize":6, "value":"w.show", "encoding":"UTF-8", "flags":{"wb_protected":true, "old":true, "marked":true}}
{"address":"0x7fc96c020ca0", "type":"STRING", "class":"0x7fc96c801668", "embedded":true, "bytesize":20, "value":"w = Nyan::Window.new", "encoding":"UTF-8", "flags":{"wb_protected":true, "old":true, "marked":true}}
{"address":"0x7fc96c020cc8", "type":"STRING", "class":"0x7fc96c801668", "embedded":true, "bytesize":7, "value":"w.close", "encoding":"UTF-8", "flags":{"wb_protected":true, "old":true, "marked":true}}
{"address":"0x7fc96c020d18", "type":"STRING", "class":"0x7fc96c801668", "bytesize":25, "capacity":26, "value":"w.define_method(:draw) do", "encoding":"UTF-8", "memsize":27, "flags":{"wb_protected":true, "old":true, "marked":true}}
{"address":"0x7fc96c020d40", "type":"STRING", "class":"0x7fc96c801668", "frozen":true, "bytesize":91, "value":"/usr/local/Cellar/ruby/2.1.1/lib/ruby/gems/2.1.0/specifications/default/psych-2.0.2.gemspec", "encoding":"UTF-8", "memsize":92, "flags":{"wb_protected":true, "old":true, "marked":true}}
{"address":"0x7fc96c020d68", "type":"STRING", "class":"0x7fc96c801668", "embedded":true, "bytesize":9, "value":"w.methods", "encoding":"UTF-8", "flags":{"wb_protected":true, "old":true, "marked":true}}
{"address":"0x7fc96c020d90", "type":"STRING", "class":"0x7fc96c801668", "frozen":true, "embedded":true, "fstring":true, "bytesize":6, "value":"Config", "encoding":"US-ASCII", "flags":{"wb_protected":true, "old":true, "marked":true}}
{"address":"0x7fc96c020de0", "type":"ARRAY", "class":"0x7fc96c84a048", "length":0, "flags":{"wb_protected":true, "old":true, "marked":true}}
{"address":"0x7fc96c020e08", "type":"STRING", "class":"0x7fc96c801668", "bytesize":37, "capacity":38, "value":"w = Gosu::Window.new(640, 480, false)", "encoding":"UTF-8", "memsize":39, "flags":{"wb_protected":true, "old":true, "marked":true}}
{"address":"0x7fc96c020e30", "type":"STRING", "class":"0x7fc96c801668", "embedded":true, "bytesize":20, "value":"w = Gosu::Window.new", "encoding":"UTF-8", "flags":{"wb_protected":true, "old":true, "marked":true}}
{"address":"0x7fc96c020e58", "type":"STRING", "class":"0x7fc96c801668", "embedded":true, "bytesize":18, "value":"w Gosu::Window.new", "encoding":"UTF-8", "flags":{"wb_protected":true, "old":true, "marked":true}}
{"address":"0x7fc96c020ea8", "type":"OBJECT", "class":"0x7fc96d077a68", "ivars":14, "references":["0x7fc96c023220", "0x7fc96d05dde8", "0x7fc96d05df28", "0x7fc96d05dfa0", "0x7fc96c8facb8", "0x7fc96c020de0", "0x7fc96c8facb8", "0x7fc96c8c82e0", "0x7fc96c8f9c00", "0x7fc96c8f9bb0", "0x7fc96c8fa088"], "memsize":112, "flags":{"wb_protected":true, "old":true, "marked":true}}
{"address":"0x7fc96c020ed0", "type":"STRING", "class":"0x7fc96c801668", "frozen":true, "embedded":true, "fstring":true, "bytesize":11, "value":"new_sources", "encoding":"US-ASCII", "flags":{"wb_protected":true, "old":true, "marked":true}}
{"address":"0x7fc96c020ef8", "type":"STRING", "class":"0x7fc96c801668", "frozen":true, "embedded":true, "fstring":true, "bytesize":8, "value":"sources=", "encoding":"UTF-8", "flags":{"wb_protected":true, "old":true, "marked":true}}
{"address":"0x7fc96c020f20", "type":"STRING", "class":"0x7fc96c801668", "bytesize":48, "capacity":49, "value":"Gosu.methods.sort.find { |name| name == :scale }", "encoding":"UTF-8", "memsize":50, "flags":{"wb_protected":true, "old":true, "marked":true}}
{"address":"0x7fc96c020f48", "type":"STRING", "class":"0x7fc96c801668", "frozen":true, "embedded":true, "bytesize":14, "value":"minitest-4.7.5", "encoding":"UTF-8", "flags":{"wb_protected":true, "old":true, "marked":true}}
{"address":"0x7fc96c020f70", "type":"STRING", "class":"0x7fc96c801668", "embedded":true, "bytesize":22, "value":"Gosu.methods.sort.find", "encoding":"UTF-8", "flags":{"wb_protected":true, "old":true, "marked":true}}
{"address":"0x7fc96c020f98", "type":"STRING", "class":"0x7fc96c801668", "embedded":true, "bytesize":17, "value":"Gosu.methods.sort", "encoding":"UTF-8", "flags":{"wb_protected":true, "old":true, "marked":true}}
{"address":"0x7fc96c020fc0", "type":"STRING", "class":"0x7fc96c801668", "embedded":true, "bytesize":18, "value":"require 'lib/nyan'", "encoding":"UTF-8", "flags":{"wb_protected":true, "old":true, "marked":true}}
{"address":"0x7fc96c020fe8", "type":"STRING", "class":"0x7fc96c801668", "embedded":true, "bytesize":21, "value":"require 'lib/nyan.rb'", "encoding":"UTF-8", "flags":{"wb_protected":true, "old":true, "marked":true}}
{"address":"0x7fc96c021010", "type":"STRING", "class":"0x7fc96c801668", "embedded":true, "bytesize":20, "value":"include \"pdf-reader\"", "encoding":"UTF-8", "flags":{"wb_protected":true, "old":true, "marked":true}}
{"address":"0x7fc96c021038", "type":"STRING", "class":"0x7fc96c801668", "embedded":true, "bytesize":20, "value":"include 'pdf-reader'", "encoding":"UTF-8", "flags":{"wb_protected":true, "old":true, "marked":true}}
{"address":"0x7fc96c021060", "type":"STRING", "class":"0x7fc96c801668", "embedded":true, "bytesize":20, "value":"incluse 'pdf-reader'", "encoding":"UTF-8", "flags":{"wb_protected":true, "old":true, "marked":true}}
{"address":"0x7fc96c0210b0", "type":"STRING", "class":"0x7fc96c801668", "bytesize":25, "capacity":26, "value":"138 * 100000000 / 1000000", "encoding":"UTF-8", "memsize":27, "flags":{"wb_protected":true, "old":true, "marked":true}}
{"address":"0x7fc96c0210d8", "type":"STRING", "class":"0x7fc96c801668", "embedded":true, "bytesize":22, "value":"138 * 100000000 / 1000", "encoding":"UTF-8", "flags":{"wb_protected":true, "old":true, "marked":true}}
{"address":"0x7fc96c021100", "type":"STRING", "class":"0x7fc96c801668", "embedded":true, "bytesize":15, "value":"138 * 100000000", "encoding":"UTF-8", "flags":{"wb_protected":true, "old":true, "marked":true}}
{"address":"0x7fc96c021128", "type":"ARRAY", "class":"0x7fc96c84a048", "length":32, "references":["0x7fc96c021100", "0x7fc96c0210d8", "0x7fc96c0210b0", "0x7fc96c021060", "0x7fc96c021038", "0x7fc96c021010", "0x7fc96c020fe8", "0x7fc96c020fc0", "0x7fc96c020f98", "0x7fc96c020f70", "0x7fc96c020f20", "0x7fc96c020e58", "0x7fc96c020e30", "0x7fc96c020e08", "0x7fc96c020d68", "0x7fc96c020d18", "0x7fc96c020cc8", "0x7fc96c020ca0", "0x7fc96c020c78", "0x7fc96c020c50", "0x7fc96c020c28", "0x7fc96c020c00", "0x7fc96c020bd8", "0x7fc96c020bb0", "0x7fc96c020b88", "0x7fc96c020b60", "0x7fc96c020b38", "0x7fc96c020b10", "0x7fc96c020ac0", "0x7fc96c020a70", "0x7fc96c020a20", "0x7fc96c0209a8"], "memsize":256, "flags":{"wb_protected":true, "old":true, "marked":true}}
{"address":"0x7fc96c021218", "type":"STRING", "class":"0x7fc96c801668", "frozen":true, "embedded":true, "fstring":true, "bytesize":15, "value":"default_sources", "encoding":"US-ASCII", "flags":{"wb_protected":true, "old":true, "marked":true}}
{"address":"0x7fc96c021240", "type":"STRING", "class":"0x7fc96c801668", "frozen":true, "embedded":true, "fstring":true, "bytesize":4, "value":"from", "encoding":"US-ASCII", "flags":{"wb_protected":true, "old":true, "marked":true}}
{"address":"0x7fc96c021290", "type":"STRING", "class":"0x7fc96c801668", "frozen":true, "embedded":true, "fstring":true, "bytesize":10, "value":"SourceList", "encoding":"US-ASCII", "flags":{"wb_protected":true, "old":true, "marked":true}}
{"address":"0x7fc96c021308", "type":"STRING", "class":"0x7fc96c801668", "frozen":true, "bytesize":94, "value":"/usr/local/Cellar/ruby/2.1.1/lib/ruby/gems/2.1.0/specifications/default/minitest-4.7.5.gemspec", "encoding":"UTF-8", "memsize":95, "flags":{"wb_protected":true, "old":true, "marked":true}}
{"address":"0x7fc96c021330", "type":"ARRAY", "class":"0x7fc96c84a048", "length":0, "flags":{"wb_protected":true, "old":true, "marked":true}}
{"address":"0x7fc96c021358", "type":"STRING", "class":"0x7fc96c801668", "frozen":true, "embedded":true, "fstring":true, "bytesize":7, "value":"sources", "encoding":"US-ASCII", "flags":{"wb_protected":true, "old":true, "marked":true}}
{"address":"0x7fc96c021380", "type":"OBJECT", "class":"0x7fc96d077a68", "ivars":14, "references":["0x7fc96c023338", "0x7fc96c883938", "0x7fc96c883aa0", "0x7fc96c883b18", "0x7fc96c900f78", "0x7fc96c021330", "0x7fc96c900f78", "0x7fc96c8c82e0", "0x7fc96c900320", "0x7fc96c9002d0", "0x7fc96c900640"], "memsize":112, "flags":{"wb_protected":true, "old":true, "marked":true}}
{"address":"0x7fc96c0213a8", "type":"STRING", "class":"0x7fc96c801668", "frozen":true, "embedded":true, "bytesize":10, "value":"json-1.8.1", "encoding":"UTF-8", "flags":{"wb_protected":true, "old":true, "marked":true}}
{"address":"0x7fc96c021768", "type":"STRING", "class":"0x7fc96c801668", "frozen":true, "bytesize":90, "value":"/usr/local/Cellar/ruby/2.1.1/lib/ruby/gems/2.1.0/specifications/default/json-1.8.1.gemspec", "encoding":"UTF-8", "memsize":91, "flags":{"wb_protected":true, "old":true, "marked":true}}
{"address":"0x7fc96c0217b8", "type":"STRING", "class":"0x7fc96c801668", "frozen":true, "embedded":true, "fstring":true, "bytesize":17, "value":"@rubygems_version", "encoding":"US-ASCII", "flags":{"wb_protected":true, "old":true, "marked":true}}
{"address":"0x7fc96c0217e0", "type":"ARRAY", "class":"0x7fc96c84a048", "length":0, "flags":{"wb_protected":true, "old":true, "marked":true}}
{"address":"0x7fc96c021830", "type":"STRING", "class":"0x7fc96c801668", "frozen":true, "embedded":true, "fstring":true, "bytesize":16, "value":"rubygems_version", "encoding":"US-ASCII", "flags":{"wb_protected":true, "old":true, "marked":true}}
{"address":"0x7fc96c021880", "type":"ZOMBIE", "class":"0x7fc96c8705b8"}
{"address":"0x7fc96c0218d0", "type":"STRING", "class":"0x7fc96c801668", "frozen":true, "embedded":true, "fstring":true, "bytesize":5, "value":"field", "encoding":"US-ASCII", "flags":{"wb_protected":true, "old":true, "marked":true}}
{"address":"0x7fc96c0218f8", "type":"STRING", "class":"0x7fc96c801668", "frozen":true, "bytesize":27, "capacity":28, "value":"/Users/antoine/.irb-history", "encoding":"US-ASCII", "memsize":29, "flags":{"wb_protected":true, "old":true, "marked":true}}
{"address":"0x7fc96c021920", "type":"STRING", "class":"0x7fc96c801668", "shared":true, "encoding":"US-ASCII", "references":["0x7fc96c0218f8"], "flags":{"wb_protected":true, "old":true, "marked":true}}
{"address":"0x7fc96c021948", "type":"OBJECT", "class":"0x7fc96d077a68", "ivars":14, "references":["0x7fc96c0233d8", "0x7fc96d0643a0", "0x7fc96d064558", "0x7fc96d064620", "0x7fc96c8f8030", "0x7fc96c0217e0", "0x7fc96c8f8030", "0x7fc96c8c82e0", "0x7fc96c903390", "0x7fc96c903340", "0x7fc96c9036b0"], "memsize":112, "flags":{"wb_protected":true, "old":true, "marked":true}}
{"address":"0x7fc96c021ab0", "type":"STRING", "class":"0x7fc96c801668", "frozen":true, "embedded":true, "fstring":true, "bytesize":7, "value":"Version", "encoding":"US-ASCII", "flags":{"wb_protected":true, "old":true, "marked":true}}
{"address":"0x7fc96c021b78", "type":"STRING", "class":"0x7fc96c801668", "frozen":true, "embedded":true, "bytesize":16, "value":"io-console-0.4.2", "encoding":"UTF-8", "flags":{"wb_protected":true, "old":true, "marked":true}}
{"address":"0x7fc96c021dd0", "type":"STRING", "class":"0x7fc96c801668", "frozen":true, "bytesize":96, "value":"/usr/local/Cellar/ruby/2.1.1/lib/ruby/gems/2.1.0/specifications/default/io-console-0.4.2.gemspec", "encoding":"UTF-8", "memsize":97, "flags":{"wb_protected":true, "old":true, "marked":true}}
{"address":"0x7fc96c021e20", "type":"ARRAY", "class":"0x7fc96c84a048", "length":0, "flags":{"wb_protected":true, "old":true, "marked":true}}
{"address":"0x7fc96c021e48", "type":"OBJECT", "class":"0x7fc96d077a68", "ivars":14, "references":["0x7fc96c023478", "0x7fc96d0663d0", "0x7fc96d0664c0", "0x7fc96d066588", "0x7fc96c8fafb0", "0x7fc96c021e20", "0x7fc96c8fafb0", "0x7fc96c8c82e0", "0x7fc96c8fa358", "0x7fc96c8fa308", "0x7fc96c8fa678"], "memsize":112, "flags":{"wb_protected":true, "old":true, "marked":true}}
{"address":"0x7fc96c021e98", "type":"STRING", "class":"0x7fc96c801668", "frozen":true, "embedded":true, "bytesize":16, "value":"bigdecimal-1.2.4", "encoding":"UTF-8", "flags":{"wb_protected":true, "old":true, "marked":true}}
{"address":"0x7fc96c021f10", "type":"CLASS", "class":"0x7fc96c802e00", "name":"Module", "references":["0x7fc96c021f10", "0x7fc96c0236a8", "0x7fc96c022f28", "0x7fc96c803738"], "memsize":672, "flags":{"wb_protected":true, "old":true, "marked":true}}
{"address":"0x7fc96c021f38", "type":"ARRAY", "class":"0x7fc96c84a048", "length":23, "references":["0x7fc96c022460", "0x7fc96c022438", "0x7fc96c0223e8", "0x7fc96c022398", "0x7fc96c022348", "0x7fc96c0222d0", "0x7fc96c0222a8", "0x7fc96c022280", "0x7fc96c022258", "0x7fc96c022230", "0x7fc96c022208", "0x7fc96c0221e0", "0x7fc96c022190", "0x7fc96c022168", "0x7fc96c0220a0", "0x7fc96c022078", "0x7fc96c022050", "0x7fc96c022028", "0x7fc96c022000", "0x7fc96c021fd8", "0x7fc96c021fb0", "0x7fc96c021f88", "0x7fc96c021f60"], "memsize":184, "flags":{"wb_protected":true, "old":true, "marked":true}}
{"address":"0x7fc96c021f60", "type":"STRING", "class":"0x7fc96c801668", "embedded":true, "bytesize":2, "value":"!~", "encoding":"UTF-8", "flags":{"wb_protected":true, "old":true, "marked":true}}
{"address":"0x7fc96c021f88", "type":"STRING", "class":"0x7fc96c801668", "embedded":true, "bytesize":2, "value":"!=", "encoding":"UTF-8", "flags":{"wb_protected":true, "old":true, "marked":true}}
{"address":"0x7fc96c021fb0", "type":"STRING", "class":"0x7fc96c801668", "embedded":true, "bytesize":1, "value":"!", "encoding":"UTF-8", "flags":{"wb_protected":true, "old":true, "marked":true}}
{"address":"0x7fc96c021fd8", "type":"STRING", "class":"0x7fc96c801668", "embedded":true, "bytesize":1, "value":"^", "encoding":"UTF-8", "flags":{"wb_protected":true, "old":true, "marked":true}}
{"address":"0x7fc96c022000", "type":"STRING", "class":"0x7fc96c801668", "embedded":true, "bytesize":3, "value":"[]=", "encoding":"UTF-8", "flags":{"wb_protected":true, "old":true, "marked":true}}
{"address":"0x7fc96c022028", "type":"STRING", "class":"0x7fc96c801668", "embedded":true, "bytesize":2, "value":"[]", "encoding":"UTF-8", "flags":{"wb_protected":true, "old":true, "marked":true}}
{"address":"0x7fc96c022050", "type":"STRING", "class":"0x7fc96c801668", "embedded":true, "bytesize":2, "value":">>", "encoding":"UTF-8", "flags":{"wb_protected":true, "old":true, "marked":true}}
{"address":"0x7fc96c022078", "type":"STRING", "class":"0x7fc96c801668", "embedded":true, "bytesize":2, "value":">=", "encoding":"UTF-8", "flags":{"wb_protected":true, "old":true, "marked":true}}
{"address":"0x7fc96c0220a0", "type":"STRING", "class":"0x7fc96c801668", "embedded":true, "bytesize":1, "value":">", "encoding":"UTF-8", "flags":{"wb_protected":true, "old":true, "marked":true}}
{"address":"0x7fc96c0220c8", "type":"STRING", "class":"0x7fc96c801668", "frozen":true, "bytesize":85, "value":"/Users/antoine/.rvm/gems/ruby-2.0.0-p247/specifications/mixlib-shellout-1.2.0.gemspec", "encoding":"UTF-8", "memsize":86, "flags":{"wb_protected":true, "old":true, "marked":true}}
{"address":"0x7fc96c0220f0", "type":"ARRAY", "class":"0x7fc96c84a048", "length":0, "flags":{"wb_protected":true, "old":true, "marked":true}}
{"address":"0x7fc96c022118", "type":"OBJECT", "class":"0x7fc96d077a68", "ivars":14, "references":["0x7fc96c828ec0", "0x7fc96c87bdf0", "0x7fc96c87bee0", "0x7fc96c87bf58", "0x7fc96c829fc8", "0x7fc96c0220f0", "0x7fc96c829fc8", "0x7fc96c8c82e0", "0x7fc96c8288a8", "0x7fc96c828808", "0x7fc96c823dd0"], "memsize":112, "flags":{"wb_protected":true, "old":true, "marked":true}}
{"address":"0x7fc96c022140", "type":"STRING", "class":"0x7fc96c801668", "frozen":true, "embedded":true, "bytesize":16, "value":"mixlib-log-1.6.0", "encoding":"UTF-8", "flags":{"wb_protected":true, "old":true, "marked":true}}
{"address":"0x7fc96c022168", "type":"STRING", "class":"0x7fc96c801668", "embedded":true, "bytesize":2, "value":"=~", "encoding":"UTF-8", "flags":{"wb_protected":true, "old":true, "marked":true}}
{"address":"0x7fc96c022190", "type":"STRING", "class":"0x7fc96c801668", "embedded":true, "bytesize":3, "value":"===", "encoding":"UTF-8", "flags":{"wb_protected":true, "old":true, "marked":true}}
{"address":"0x7fc96c0221b8", "type":"STRING", "class":"0x7fc96c801668", "shared":true, "encoding":"US-ASCII", "references":["0x7fc96c065b98"], "flags":{"wb_protected":true, "old":true, "marked":true}}
{"address":"0x7fc96c0221e0", "type":"STRING", "class":"0x7fc96c801668", "embedded":true, "bytesize":2, "value":"==", "encoding":"UTF-8", "flags":{"wb_protected":true, "old":true, "marked":true}}
{"address":"0x7fc96c022208", "type":"STRING", "class":"0x7fc96c801668", "embedded":true, "bytesize":3, "value":"<=>", "encoding":"UTF-8", "flags":{"wb_protected":true, "old":true, "marked":true}}
{"address":"0x7fc96c022230", "type":"STRING", "class":"0x7fc96c801668", "embedded":true, "bytesize":2, "value":"<=", "encoding":"UTF-8", "flags":{"wb_protected":true, "old":true, "marked":true}}
{"address":"0x7fc96c022258", "type":"STRING", "class":"0x7fc96c801668", "embedded":true, "bytesize":2, "value":"<<", "encoding":"UTF-8", "flags":{"wb_protected":true, "old":true, "marked":true}}
{"address":"0x7fc96c022280", "type":"STRING", "class":"0x7fc96c801668", "embedded":true, "bytesize":1, "value":"<", "encoding":"UTF-8", "flags":{"wb_protected":true, "old":true, "marked":true}}
{"address":"0x7fc96c0222a8", "type":"STRING", "class":"0x7fc96c801668", "embedded":true, "bytesize":1, "value":"/", "encoding":"UTF-8", "flags":{"wb_protected":true, "old":true, "marked":true}}
{"address":"0x7fc96c0222d0", "type":"STRING", "class":"0x7fc96c801668", "embedded":true, "bytesize":1, "value":"-", "encoding":"UTF-8", "flags":{"wb_protected":true, "old":true, "marked":true}}
{"address":"0x7fc96c0222f8", "type":"STRING", "class":"0x7fc96c801668", "frozen":true, "embedded":true, "fstring":true, "bytesize":13, "value":"@ruby_version", "encoding":"US-ASCII", "flags":{"wb_protected":true, "old":true, "marked":true}}
{"address":"0x7fc96c022320", "type":"ARRAY", "class":"0x7fc96c84a048", "length":1, "embedded":true, "references":["0x7fc96c8c1e90"], "flags":{"wb_protected":true, "old":true, "marked":true}}
{"address":"0x7fc96c022348", "type":"STRING", "class":"0x7fc96c801668", "embedded":true, "bytesize":1, "value":"+", "encoding":"UTF-8", "flags":{"wb_protected":true, "old":true, "marked":true}}
{"address":"0x7fc96c022370", "type":"STRING", "class":"0x7fc96c801668", "frozen":true, "embedded":true, "fstring":true, "bytesize":12, "value":"ruby_version", "encoding":"US-ASCII", "flags":{"wb_protected":true, "old":true, "marked":true}}
{"address":"0x7fc96c022398", "type":"STRING", "class":"0x7fc96c801668", "embedded":true, "bytesize":2, "value":"**", "encoding":"UTF-8", "flags":{"wb_protected":true, "old":true, "marked":true}}
{"address":"0x7fc96c0223c0", "type":"OBJECT", "class":"0x7fc96c8c2688", "ivars":3, "references":["0x7fc96c022320"], "flags":{"wb_protected":true, "old":true, "marked":true}}
{"address":"0x7fc96c0223e8", "type":"STRING", "class":"0x7fc96c801668", "embedded":true, "bytesize":1, "value":"*", "encoding":"UTF-8", "flags":{"wb_protected":true, "old":true, "marked":true}}
{"address":"0x7fc96c022410", "type":"OBJECT", "class":"0x7fc96d077ae0", "ivars":5, "references":["0x7fc96c022528", "0x7fc96c0223c0", "0x7fc96c0223c0"], "memsize":40, "flags":{"wb_protected":true, "old":true, "marked":true}}
{"address":"0x7fc96c022438", "type":"STRING", "class":"0x7fc96c801668", "embedded":true, "bytesize":1, "value":"&", "encoding":"UTF-8", "flags":{"wb_protected":true, "old":true, "marked":true}}
{"address":"0x7fc96c022460", "type":"STRING", "class":"0x7fc96c801668", "embedded":true, "bytesize":1, "value":"%", "encoding":"UTF-8", "flags":{"wb_protected":true, "old":true, "marked":true}}
{"address":"0x7fc96c022488", "type":"DATA", "class":"0x7fc96c83b020", "struct":"proc", "references":["0x7fc96c0224b0", "0x7fc96c022488", "0x7fc96c022f28"], "memsize":72, "flags":{"remembered":true}}
{"address":"0x7fc96c0224b0", "type":"DATA", "class":"0x7fc96c839658", "struct":"VM/env", "references":["0x7fc96c0224b0", "0x7fc96c022f28", "0x7fc96c0343e0"], "memsize":88}
{"address":"0x7fc96c0224d8", "type":"ARRAY", "class":"0x7fc96c84a048", "length":38, "references":["0x7fc96c022e38", "0x7fc96c022e10", "0x7fc96c022d70", "0x7fc96c022d20", "0x7fc96c022cf8", "0x7fc96c022c80", "0x7fc96c022c58", "0x7fc96c022c30", "0x7fc96c022c08", "0x7fc96c022bb8", "0x7fc96c022b90", "0x7fc96c022b68", "0x7fc96c022b18", "0x7fc96c022aa0", "0x7fc96c022a78", "0x7fc96c022a50", "0x7fc96c022a28", "0x7fc96c022a00", "0x7fc96c0229d8", "0x7fc96c022988", "0x7fc96c022938", "0x7fc96c022910", "0x7fc96c0228c0", "0x7fc96c022898", "0x7fc96c022870", "0x7fc96c022848", "0x7fc96c0227f8", "0x7fc96c022758", "0x7fc96c022708", "0x7fc96c0226e0", "0x7fc96c0226b8", "0x7fc96c022690", "0x7fc96c022668", "0x7fc96c022640", "0x7fc96c022618", "0x7fc96c0225c8", "0x7fc96c0225a0", "0x7fc96c022500"], "memsize":304, "flags":{"wb_protected":true, "old":true, "marked":true}}
{"address":"0x7fc96c022500", "type":"STRING", "class":"0x7fc96c801668", "embedded":true, "bytesize":5, "value":"yield", "encoding":"UTF-8", "flags":{"wb_protected":true, "old":true, "marked":true}}
{"address":"0x7fc96c022528", "type":"STRING", "class":"0x7fc96c801668", "embedded":true, "bytesize":8, "value":"cucumber", "encoding":"UTF-8", "flags":{"wb_protected":true, "old":true, "marked":true}}
{"address":"0x7fc96c022550", "type":"ARRAY", "class":"0x7fc96c84a048", "length":2, "embedded":true, "references":["0x7fc96c0227a8", "0x7fc96c022730"], "flags":{"wb_protected":true, "old":true, "marked":true}}
{"address":"0x7fc96c022578", "type":"STRING", "class":"0x7fc96c801668", "embedded":true, "bytesize":4, "value":"2.10", "encoding":"UTF-8", "flags":{"wb_protected":true, "old":true, "marked":true}}
{"address":"0x7fc96c0225a0", "type":"STRING", "class":"0x7fc96c801668", "embedded":true, "bytesize":5, "value":"while", "encoding":"UTF-8", "flags":{"wb_protected":true, "old":true, "marked":true}}
{"address":"0x7fc96c0225c8", "type":"STRING", "class":"0x7fc96c801668", "embedded":true, "bytesize":4, "value":"when", "encoding":"UTF-8", "flags":{"wb_protected":true, "old":true, "marked":true}}
{"address":"0x7fc96c0225f0", "type":"STRING", "class":"0x7fc96c801668", "frozen":true, "bytesize":96, "value":"/usr/local/Cellar/ruby/2.1.1/lib/ruby/gems/2.1.0/specifications/default/bigdecimal-1.2.4.gemspec", "encoding":"UTF-8", "memsize":97, "flags":{"wb_protected":true, "old":true, "marked":true}}
{"address":"0x7fc96c022618", "type":"STRING", "class":"0x7fc96c801668", "embedded":true, "bytesize":5, "value":"until", "encoding":"UTF-8", "flags":{"wb_protected":true, "old":true, "marked":true}}
{"address":"0x7fc96c022640", "type":"STRING", "class":"0x7fc96c801668", "embedded":true, "bytesize":6, "value":"unless", "encoding":"UTF-8", "flags":{"wb_protected":true, "old":true, "marked":true}}
{"address":"0x7fc96c022668", "type":"STRING", "class":"0x7fc96c801668", "embedded":true, "bytesize":5, "value":"undef", "encoding":"UTF-8", "flags":{"wb_protected":true, "old":true, "marked":true}}
{"address":"0x7fc96c022690", "type":"STRING", "class":"0x7fc96c801668", "embedded":true, "bytesize":4, "value":"true", "encoding":"UTF-8", "flags":{"wb_protected":true, "old":true, "marked":true}}
{"address":"0x7fc96c0226b8", "type":"STRING", "class":"0x7fc96c801668", "embedded":true, "bytesize":4, "value":"then", "encoding":"UTF-8", "flags":{"wb_protected":true, "old":true, "marked":true}}
{"address":"0x7fc96c0226e0", "type":"STRING", "class":"0x7fc96c801668", "embedded":true, "bytesize":5, "value":"super", "encoding":"UTF-8", "flags":{"wb_protected":true, "old":true, "marked":true}}
{"address":"0x7fc96c022708", "type":"STRING", "class":"0x7fc96c801668", "embedded":true, "bytesize":4, "value":"self", "encoding":"UTF-8", "flags":{"wb_protected":true, "old":true, "marked":true}}
{"address":"0x7fc96c022730", "type":"OBJECT", "class":"0x7fc96d040a68", "ivars":3, "references":["0x7fc96c022578"], "flags":{"wb_protected":true, "old":true, "marked":true}}
{"address":"0x7fc96c022758", "type":"STRING", "class":"0x7fc96c801668", "embedded":true, "bytesize":6, "value":"return", "encoding":"UTF-8", "flags":{"wb_protected":true, "old":true, "marked":true}}
{"address":"0x7fc96c022780", "type":"ARRAY", "class":"0x7fc96c84a048", "length":0, "flags":{"wb_protected":true, "old":true, "marked":true}}
{"address":"0x7fc96c0227a8", "type":"STRING", "class":"0x7fc96c801668", "embedded":true, "bytesize":2, "value":"~>", "encoding":"UTF-8", "flags":{"wb_protected":true, "old":true, "marked":true}}
{"address":"0x7fc96c0227d0", "type":"OBJECT", "class":"0x7fc96d077a68", "ivars":14, "references":["0x7fc96c0234f0", "0x7fc96c893cc0", "0x7fc96c893e28", "0x7fc96c893ea0", "0x7fc96c8e9b70", "0x7fc96c022780", "0x7fc96c8e9b70", "0x7fc96c8c82e0", "0x7fc96c8e8f18", "0x7fc96c8e8ec8", "0x7fc96c8e9238"], "memsize":112, "flags":{"wb_protected":true, "old":true, "marked":true}}
{"address":"0x7fc96c0227f8", "type":"STRING", "class":"0x7fc96c801668", "embedded":true, "bytesize":5, "value":"retry", "encoding":"UTF-8", "flags":{"wb_protected":true, "old":true, "marked":true}}
{"address":"0x7fc96c022820", "type":"STRING", "class":"0x7fc96c801668", "frozen":true, "embedded":true, "bytesize":16, "value":"bigdecimal-1.2.3", "encoding":"UTF-8", "flags":{"wb_protected":true, "old":true, "marked":true}}
{"address":"0x7fc96c022848", "type":"STRING", "class":"0x7fc96c801668", "embedded":true, "bytesize":6, "value":"rescue", "encoding":"UTF-8", "flags":{"wb_protected":true, "old":true, "marked":true}}
{"address":"0x7fc96c022870", "type":"STRING", "class":"0x7fc96c801668", "embedded":true, "bytesize":4, "value":"redo", "encoding":"UTF-8", "flags":{"wb_protected":true, "old":true, "marked":true}}
{"address":"0x7fc96c022898", "type":"STRING", "class":"0x7fc96c801668", "embedded":true, "bytesize":2, "value":"or", "encoding":"UTF-8", "flags":{"wb_protected":true, "old":true, "marked":true}}
{"address":"0x7fc96c0228c0", "type":"STRING", "class":"0x7fc96c801668", "embedded":true, "bytesize":3, "value":"not", "encoding":"UTF-8", "flags":{"wb_protected":true, "old":true, "marked":true}}
{"address":"0x7fc96c0228e8", "type":"ARRAY", "class":"0x7fc96c84a048", "length":1, "embedded":true, "references":["0x7fc96c022550"], "flags":{"wb_protected":true, "old":true, "marked":true}}
{"address":"0x7fc96c022910", "type":"STRING", "class":"0x7fc96c801668", "embedded":true, "bytesize":3, "value":"nil", "encoding":"UTF-8", "flags":{"wb_protected":true, "old":true, "marked":true}}
{"address":"0x7fc96c022938", "type":"STRING", "class":"0x7fc96c801668", "embedded":true, "bytesize":4, "value":"next", "encoding":"UTF-8", "flags":{"wb_protected":true, "old":true, "marked":true}}
{"address":"0x7fc96c022960", "type":"OBJECT", "class":"0x7fc96c8c2688", "ivars":3, "references":["0x7fc96c0228e8"], "flags":{"wb_protected":true, "old":true, "marked":true}}
{"address":"0x7fc96c022988", "type":"STRING", "class":"0x7fc96c801668", "embedded":true, "bytesize":6, "value":"module", "encoding":"UTF-8", "flags":{"wb_protected":true, "old":true, "marked":true}}
{"address":"0x7fc96c0229b0", "type":"OBJECT", "class":"0x7fc96d077ae0", "ivars":5, "references":["0x7fc96c022af0", "0x7fc96c022960", "0x7fc96c022960"], "memsize":40, "flags":{"wb_protected":true, "old":true, "marked":true}}
{"address":"0x7fc96c0229d8", "type":"STRING", "class":"0x7fc96c801668", "embedded":true, "bytesize":2, "value":"in", "encoding":"UTF-8", "flags":{"wb_protected":true, "old":true, "marked":true}}
{"address":"0x7fc96c022a00", "type":"STRING", "class":"0x7fc96c801668", "embedded":true, "bytesize":2, "value":"if", "encoding":"UTF-8", "flags":{"wb_protected":true, "old":true, "marked":true}}
{"address":"0x7fc96c022a28", "type":"STRING", "class":"0x7fc96c801668", "embedded":true, "bytesize":3, "value":"for", "encoding":"UTF-8", "flags":{"wb_protected":true, "old":true, "marked":true}}
{"address":"0x7fc96c022a50", "type":"STRING", "class":"0x7fc96c801668", "embedded":true, "bytesize":5, "value":"false", "encoding":"UTF-8", "flags":{"wb_protected":true, "old":true, "marked":true}}
{"address":"0x7fc96c022a78", "type":"STRING", "class":"0x7fc96c801668", "embedded":true, "bytesize":6, "value":"ensure", "encoding":"UTF-8", "flags":{"wb_protected":true, "old":true, "marked":true}}
{"address":"0x7fc96c022aa0", "type":"STRING", "class":"0x7fc96c801668", "embedded":true, "bytesize":3, "value":"end", "encoding":"UTF-8", "flags":{"wb_protected":true, "old":true, "marked":true}}
{"address":"0x7fc96c022ac8", "type":"STRING", "class":"0x7fc96c801668", "frozen":true, "embedded":true, "fstring":true, "bytesize":18, "value":"latest_version_for", "encoding":"US-ASCII", "flags":{"wb_protected":true, "old":true, "marked":true}}
{"address":"0x7fc96c022af0", "type":"STRING", "class":"0x7fc96c801668", "embedded":true, "bytesize":5, "value":"rspec", "encoding":"UTF-8", "flags":{"wb_protected":true, "old":true, "marked":true}}
{"address":"0x7fc96c022b18", "type":"STRING", "class":"0x7fc96c801668", "embedded":true, "bytesize":5, "value":"elsif", "encoding":"UTF-8", "flags":{"wb_protected":true, "old":true, "marked":true}}
{"address":"0x7fc96c022b40", "type":"STRING", "class":"0x7fc96c801668", "frozen":true, "embedded":true, "fstring":true, "bytesize":23, "value":"latest_rubygems_version", "encoding":"US-ASCII", "flags":{"wb_protected":true, "old":true, "marked":true}}
{"address":"0x7fc96c022b68", "type":"STRING", "class":"0x7fc96c801668", "embedded":true, "bytesize":4, "value":"else", "encoding":"UTF-8", "flags":{"wb_protected":true, "old":true, "marked":true}}
{"address":"0x7fc96c022b90", "type":"STRING", "class":"0x7fc96c801668", "embedded":true, "bytesize":2, "value":"do", "encoding":"UTF-8", "flags":{"wb_protected":true, "old":true, "marked":true}}
{"address":"0x7fc96c022bb8", "type":"STRING", "class":"0x7fc96c801668", "embedded":true, "bytesize":7, "value":"defined", "encoding":"UTF-8", "flags":{"wb_protected":true, "old":true, "marked":true}}
{"address":"0x7fc96c022be0", "type":"STRING", "class":"0x7fc96c801668", "frozen":true, "bytesize":96, "value":"/usr/local/Cellar/ruby/2.1.1/lib/ruby/gems/2.1.0/specifications/default/bigdecimal-1.2.3.gemspec", "encoding":"UTF-8", "memsize":97, "flags":{"wb_protected":true, "old":true, "marked":true}}
{"address":"0x7fc96c022c08", "type":"STRING", "class":"0x7fc96c801668", "embedded":true, "bytesize":3, "value":"def", "encoding":"UTF-8", "flags":{"wb_protected":true, "old":true, "marked":true}}
{"address":"0x7fc96c022c30", "type":"STRING", "class":"0x7fc96c801668", "embedded":true, "bytesize":5, "value":"class", "encoding":"UTF-8", "flags":{"wb_protected":true, "old":true, "marked":true}}
{"address":"0x7fc96c022c58", "type":"STRING", "class":"0x7fc96c801668", "embedded":true, "bytesize":4, "value":"case", "encoding":"UTF-8", "flags":{"wb_protected":true, "old":true, "marked":true}}
{"address":"0x7fc96c022c80", "type":"STRING", "class":"0x7fc96c801668", "embedded":true, "bytesize":5, "value":"break", "encoding":"UTF-8", "flags":{"wb_protected":true, "old":true, "marked":true}}
{"address":"0x7fc96c022ca8", "type":"STRING", "class":"0x7fc96c801668", "frozen":true, "embedded":true, "fstring":true, "bytesize":7, "value":"to_open", "encoding":"US-ASCII", "flags":{"wb_protected":true, "old":true, "marked":true}}
{"address":"0x7fc96c022cd0", "type":"ARRAY", "class":"0x7fc96c84a048", "length":1, "embedded":true, "references":["0x7fc96c8c1e90"], "flags":{"wb_protected":true, "old":true, "marked":true}}
{"address":"0x7fc96c022cf8", "type":"STRING", "class":"0x7fc96c801668", "embedded":true, "bytesize":5, "value":"begin", "encoding":"UTF-8", "flags":{"wb_protected":true, "old":true, "marked":true}}
{"address":"0x7fc96c022d20", "type":"STRING", "class":"0x7fc96c801668", "embedded":true, "bytesize":3, "value":"and", "encoding":"UTF-8", "flags":{"wb_protected":true, "old":true, "marked":true}}
{"address":"0x7fc96c022d48", "type":"OBJECT", "class":"0x7fc96c8c2688", "ivars":3, "references":["0x7fc96c022cd0"], "flags":{"wb_protected":true, "old":true, "marked":true}}
{"address":"0x7fc96c022d70", "type":"STRING", "class":"0x7fc96c801668", "embedded":true, "bytesize":5, "value":"alias", "encoding":"UTF-8", "flags":{"wb_protected":true, "old":true, "marked":true}}
{"address":"0x7fc96c022d98", "type":"ARRAY", "class":"0x7fc96c84a048", "length":0, "flags":{"wb_protected":true, "old":true, "marked":true}}
{"address":"0x7fc96c022dc0", "type":"OBJECT", "class":"0x7fc96d077a68", "ivars":14, "references":["0x7fc96c023590", "0x7fc96c893180", "0x7fc96c893270", "0x7fc96c893338", "0x7fc96c8f0ba0", "0x7fc96c022d98", "0x7fc96c8f0ba0", "0x7fc96c8c82e0", "0x7fc96c8ebf10", "0x7fc96c8ebec0", "0x7fc96c8f0268"], "memsize":112, "flags":{"wb_protected":true, "old":true, "marked":true}}
{"address":"0x7fc96c022de8", "type":"OBJECT", "class":"0x7fc96d077ae0", "ivars":5, "references":["0x7fc96c022fa0", "0x7fc96c022d48", "0x7fc96c022d48"], "memsize":40, "flags":{"wb_protected":true, "old":true, "marked":true}}
{"address":"0x7fc96c022e10", "type":"STRING", "class":"0x7fc96c801668", "embedded":true, "bytesize":3, "value":"END", "encoding":"UTF-8", "flags":{"wb_protected":true, "old":true, "marked":true}}
{"address":"0x7fc96c022e38", "type":"STRING", "class":"0x7fc96c801668", "embedded":true, "bytesize":5, "value":"BEGIN", "encoding":"UTF-8", "flags":{"wb_protected":true, "old":true, "marked":true}}
{"address":"0x7fc96c022e60", "type":"STRING", "class":"0x7fc96c801668", "shared":true, "encoding":"UTF-8", "references":["0x7fc96c0342f0"], "flags":{"wb_protected":true, "old":true, "marked":true}}
{"address":"0x7fc96c022e88", "type":"STRING", "class":"0x7fc96c801668", "shared":true, "encoding":"UTF-8", "references":["0x7fc96c831930"], "flags":{"wb_protected":true, "old":true, "marked":true}}
{"address":"0x7fc96c022ed8", "type":"STRING", "class":"0x7fc96c801668", "shared":true, "encoding":"UTF-8", "references":["0x7fc96c838280"], "flags":{"wb_protected":true, "old":true, "marked":true}}
{"address":"0x7fc96c022f00", "type":"STRING", "class":"0x7fc96c801668", "frozen":true, "embedded":true, "bytesize":19, "value":"IRB::InputCompletor", "encoding":"US-ASCII", "flags":{"wb_protected":true, "old":true, "marked":true}}
{"address":"0x7fc96c022f28", "type":"MODULE", "class":"0x7fc96c021f10", "name":"IRB::InputCompletor", "references":["0x7fc96c022f00", "0x7fc96c022e60", "0x7fc96c0224d8", "0x7fc96c870720", "0x7fc96c022488", "0x7fc96c870720", "0x7fc96c021f38", "0x7fc96c870720"], "memsize":864, "flags":{"wb_protected":true, "old":true, "marked":true}}
{"address":"0x7fc96c022f50", "type":"STRING", "class":"0x7fc96c801668", "shared":true, "encoding":"UTF-8", "references":["0x7fc96c839360"], "flags":{"wb_protected":true, "old":true, "marked":true}}
{"address":"0x7fc96c022f78", "type":"STRING", "class":"0x7fc96c801668", "frozen":true, "embedded":true, "fstring":true, "bytesize":19, "value":"spec_for_dependency", "encoding":"US-ASCII", "flags":{"wb_protected":true, "old":true, "marked":true}}
{"address":"0x7fc96c022fa0", "type":"STRING", "class":"0x7fc96c801668", "embedded":true, "bytesize":4, "value":"rake", "encoding":"UTF-8", "flags":{"wb_protected":true, "old":true, "marked":true}}
{"address":"0x7fc96c023040", "type":"STRING", "class":"0x7fc96c801668", "frozen":true, "embedded":true, "fstring":true, "bytesize":11, "value":"spec_tuples", "encoding":"US-ASCII", "flags":{"wb_protected":true, "old":true, "marked":true}}
{"address":"0x7fc96c0230e0", "type":"STRING", "class":"0x7fc96c801668", "shared":true, "encoding":"UTF-8", "references":["0x7fc96c0200c0"], "flags":{"wb_protected":true, "old":true, "marked":true}}
{"address":"0x7fc96c023130", "type":"STRING", "class":"0x7fc96c801668", "frozen":true, "embedded":true, "fstring":true, "bytesize":11, "value":"SpecFetcher", "encoding":"US-ASCII", "flags":{"wb_protected":true, "old":true, "marked":true}}
{"address":"0x7fc96c0231a8", "type":"STRING", "class":"0x7fc96c801668", "frozen":true, "embedded":true, "fstring":true, "bytesize":7, "value":"fetcher", "encoding":"US-ASCII", "flags":{"wb_protected":true, "old":true, "marked":true}}
{"address":"0x7fc96c0231d0", "type":"STRING", "class":"0x7fc96c801668", "shared":true, "encoding":"UTF-8", "references":["0x7fc96c020638"], "flags":{"wb_protected":true, "old":true, "marked":true}}
{"address":"0x7fc96c023220", "type":"STRING", "class":"0x7fc96c801668", "shared":true, "encoding":"UTF-8", "references":["0x7fc96c020d40"], "flags":{"wb_protected":true, "old":true, "marked":true}}
{"address":"0x7fc96c0232c0", "type":"ARRAY", "length":3, "embedded":true, "references":["0x7fc96c023518", "0x7fc96c053df8", "0x7fc96d832c30"], "flags":{"wb_protected":true, "old":true, "marked":true}}
{"address":"0x7fc96c0232e8", "type":"STRING", "class":"0x7fc96c801668", "frozen":true, "embedded":true, "fstring":true, "bytesize":10, "value":"dependency", "encoding":"US-ASCII", "flags":{"wb_protected":true, "old":true, "marked":true}}
{"address":"0x7fc96c023310", "type":"ARRAY", "length":2, "embedded":true, "references":["0x7fc96c036550", "0x7fc96c036050"], "flags":{"wb_protected":true, "old":true, "marked":true}}
{"address":"0x7fc96c023338", "type":"STRING", "class":"0x7fc96c801668", "shared":true, "encoding":"UTF-8", "references":["0x7fc96c021308"], "flags":{"wb_protected":true, "old":true, "marked":true}}
{"address":"0x7fc96c023360", "type":"STRING", "class":"0x7fc96c801668", "frozen":true, "embedded":true, "bytesize":11, "value":"rake-10.1.0", "encoding":"UTF-8", "flags":{"wb_protected":true, "old":true, "marked":true}}
{"address":"0x7fc96c023388", "type":"STRING", "class":"0x7fc96c801668", "frozen":true, "embedded":true, "fstring":true, "bytesize":15, "value":"latest_spec_for", "encoding":"US-ASCII", "flags":{"wb_protected":true, "old":true, "marked":true}}
{"address":"0x7fc96c0233d8", "type":"STRING", "class":"0x7fc96c801668", "shared":true, "encoding":"UTF-8", "references":["0x7fc96c021768"], "flags":{"wb_protected":true, "old":true, "marked":true}}
{"address":"0x7fc96c023478", "type":"STRING", "class":"0x7fc96c801668", "shared":true, "encoding":"UTF-8", "references":["0x7fc96c021dd0"], "flags":{"wb_protected":true, "old":true, "marked":true}}
{"address":"0x7fc96c0234a0", "type":"OBJECT", "class":"0x7fc96d077a68", "ivars":14, "references":["0x7fc96c022f50", "0x7fc96d0573d0", "0x7fc96d0574e8", "0x7fc96d057560", "0x7fc96d0771d0", "0x7fc96c023608", "0x7fc96d0771d0", "0x7fc96c8c82e0", "0x7fc96d076528", "0x7fc96d0764d8", "0x7fc96d076848"], "memsize":112, "flags":{"wb_protected":true, "old":true, "marked":true}}
{"address":"0x7fc96c0234f0", "type":"STRING", "class":"0x7fc96c801668", "shared":true, "encoding":"UTF-8", "references":["0x7fc96c0225f0"], "flags":{"wb_protected":true, "old":true, "marked":true}}
{"address":"0x7fc96c023518", "type":"DATA", "class":"0x7fc96c833488", "struct":"iseq", "references":["0x7fc96c023310", "0x7fc96c023540", "0x7fc96c868638", "0x7fc96c870720", "0x7fc96c870720", "0x7fc96c023680"], "memsize":1760, "flags":{"wb_protected":true, "old":true, "marked":true}}
{"address":"0x7fc96c023540", "type":"STRING", "class":"0x7fc96c801668", "frozen":true, "fstring":true, "bytesize":23, "capacity":120, "value":"block in select_message", "memsize":121, "flags":{"wb_protected":true, "old":true, "marked":true}}
{"address":"0x7fc96c023590", "type":"STRING", "class":"0x7fc96c801668", "shared":true, "encoding":"UTF-8", "references":["0x7fc96c022be0"], "flags":{"wb_protected":true, "old":true, "marked":true}}
{"address":"0x7fc96c023608", "type":"ARRAY", "class":"0x7fc96c84a048", "length":0, "flags":{"wb_protected":true, "old":true, "marked":true}}
{"address":"0x7fc96c023630", "type":"ARRAY", "class":"0x7fc96c84a048", "length":11, "references":["0x7fc96c023590", "0x7fc96c0234f0", "0x7fc96c023478", "0x7fc96c0233d8", "0x7fc96c023338", "0x7fc96c023220", "0x7fc96c0231d0", "0x7fc96c0230e0", "0x7fc96c022f50", "0x7fc96c022ed8", "0x7fc96c022e88"], "memsize":160, "flags":{"wb_protected":true, "old":true, "marked":true}}
{"address":"0x7fc96c023680", "type":"NODE", "node_type":"NODE_CREF", "references":["0x7fc96c022f28", "0x7fc96c0344a8"], "flags":{"wb_protected":true, "old":true, "marked":true}}
{"address":"0x7fc96c0236a8", "type":"DATA", "class":"0x7fc96c833488", "struct":"iseq", "references":["0x7fc96c0232c0", "0x7fc96c868638", "0x7fc96c868638", "0x7fc96c870720", "0x7fc96c870720", "0x7fc96c023680", "0x7fc96c021f10"], "memsize":1064, "flags":{"wb_protected":true, "old":true, "marked":true}}
{"address":"0x7fc96c0236d0", "type":"ARRAY", "class":"0x7fc96c84a048", "length":3, "embedded":true, "references":["0x7fc96c03e048", "0x7fc96c0237e8", "0x7fc96c0236f8"], "flags":{"wb_protected":true, "old":true, "marked":true}}
{"address":"0x7fc96c0236f8", "type":"STRING", "class":"0x7fc96c801668", "bytesize":62, "capacity":128, "value":"/Users/antoine/.rvm/gems/ruby-2.0.0-p247@global/specifications", "encoding":"UTF-8", "memsize":129, "flags":{"wb_protected":true, "old":true, "marked":true}}
{"address":"0x7fc96c023748", "type":"ARRAY", "length":64, "references":["0x7fc96c02fc50", "0x7fc96c0236a8", "0x7fc96c0342f0", "0x7fc96c034278", "0x7fc96c034250", "0x7fc96c034228", "0x7fc96c0341b0", "0x7fc96c050158", "0x7fc96c034188", "0x7fc96c0502e8", "0x7fc96c0502c0", "0x7fc96c050298", "0x7fc96c034138", "0x7fc96c050270", "0x7fc96c0340e8", "0x7fc96c0340c0", "0x7fc96d8565e0", "0x7fc96c034098", "0x7fc96c034070", "0x7fc96c050248", "0x7fc96c050220", "0x7fc96c034048", "0x7fc96c0501f8", "0x7fc96c02ff70", "0x7fc96c02ff48", "0x7fc96c02fef8", "0x7fc96c02fed0", "0x7fc96c02fea8", "0x7fc96c02fe80", "0x7fc96c02fe58", "0x7fc96c02fe30", "0x7fc96d07ff38", "0x7fc96c02fe08", "0x7fc96c02fde0", "0x7fc96c02fdb8", "0x7fc96c02fd68", "0x7fc96c0501d0", "0x7fc96c0501a8", "0x7fc96c02fcf0", "0x7fc96c050180", "0x7fc96c02fcc8", "0x7fc96d867318", "0x7fc96c0452a8", "0x7fc96c046a18", "0x7fc96c0469f0", "0x7fc96c03fb00", "0x7fc96c051648", "0x7fc96c044f88", "0x7fc96c8ab1e0", "0x7fc96c045e60", "0x7fc96c8aacb8", "0x7fc96c046608", "0x7fc96c0468b0", "0x7fc96c0466f8", "0x7fc96c046630", "0x7fc96d857828", "0x7fc96d865428", "0x7fc96c046568", "0x7fc96c03e458", "0x7fc96c03e160", "0x7fc96d832c30", "0x7fc96c0464f0", "0x7fc96c8ab708", "0x7fc96c046400"], "memsize":680, "flags":{"wb_protected":true, "old":true, "marked":true}}
{"address":"0x7fc96c023798", "type":"STRING", "class":"0x7fc96c801668", "frozen":true, "embedded":true, "fstring":true, "bytesize":11, "value":"debug_level", "encoding":"US-ASCII", "flags":{"wb_protected":true, "old":true, "marked":true}}
{"address":"0x7fc96c0237e8", "type":"STRING", "class":"0x7fc96c801668", "bytesize":55, "capacity":128, "value":"/Users/antoine/.rvm/gems/ruby-2.0.0-p247/specifications", "encoding":"UTF-8", "memsize":129, "flags":{"wb_protected":true, "old":true, "marked":true}}
{"address":"0x7fc96c023860", "type":"STRING", "class":"0x7fc96c801668", "frozen":true, "fstring":true, "bytesize":87, "value":"methods | private_methods | local_variables | instance_variables | self.class.constants", "encoding":"UTF-8", "memsize":88, "flags":{"wb_protected":true, "old":true, "marked":true}}
{"address":"0x7fc96c023928", "type":"DATA", "class":"0x7fc96c833488", "struct":"iseq", "references":["0x7fc96c02fa70", "0x7fc96c034408", "0x7fc96c870720", "0x7fc96c870720", "0x7fc96c034390"], "memsize":712, "flags":{"wb_protected":true, "old":true, "marked":true}}
{"address":"0x7fc96c023a68", "type":"DATA", "class":"0x7fc96c833488", "struct":"iseq", "references":["0x7fc96c02fa70", "0x7fc96c034408", "0x7fc96c870720", "0x7fc96c870720", "0x7fc96c034390"], "memsize":712, "flags":{"wb_protected":true, "old":true, "marked":true}}
{"address":"0x7fc96c023a90", "type":"STRING", "class":"0x7fc96c801668", "frozen":true, "embedded":true, "fstring":true, "bytesize":2, "value":"\\s", "encoding":"US-ASCII", "flags":{"wb_protected":true, "old":true, "marked":true}}
{"address":"0x7fc96c023ae0", "type":"ARRAY", "class":"0x7fc96c84a048", "length":2, "embedded":true, "references":["0x7fc96c0237e8", "0x7fc96c0236f8"], "flags":{"wb_protected":true, "old":true, "marked":true}}
{"address":"0x7fc96c023b08", "type":"REGEXP", "class":"0x7fc96c8491e8", "references":["0x7fc96c023a90"], "memsize":528, "flags":{"wb_protected":true, "old":true, "marked":true}}
{"address":"0x7fc96c023b80", "type":"STRING", "class":"0x7fc96c801668", "frozen":true, "bytesize":25, "capacity":128, "value":"/Users/antoine/.gem/specs", "encoding":"UTF-8", "memsize":129, "flags":{"wb_protected":true, "old":true, "marked":true}}
{"address":"0x7fc96c023bd0", "type":"STRING", "class":"0x7fc96c801668", "shared":true, "encoding":"UTF-8", "references":["0x7fc96c023b80"], "flags":{"wb_protected":true, "old":true, "marked":true}}
{"address":"0x7fc96c023bf8", "type":"STRING", "class":"0x7fc96c801668", "shared":true, "encoding":"UTF-8", "references":["0x7fc96c023c48"], "flags":{"wb_protected":true, "old":true, "marked":true}}
{"address":"0x7fc96c023c48", "type":"STRING", "class":"0x7fc96c801668", "frozen":true, "bytesize":56, "value":"A gem that provides a simple mixin for log functionality", "encoding":"UTF-8", "memsize":57, "flags":{"wb_protected":true, "old":true, "marked":true}}
{"address":"0x7fc96c023d38", "type":"STRING", "class":"0x7fc96c801668", "embedded":true, "bytesize":5, "value":"2.0.6", "encoding":"UTF-8", "flags":{"wb_protected":true, "old":true, "marked":true}}
{"address":"0x7fc96c023d60", "type":"ARRAY", "class":"0x7fc96c84a048", "length":1, "embedded":true, "references":["0x7fc96c023d88"], "flags":{"wb_protected":true, "old":true, "marked":true}}
{"address":"0x7fc96c023d88", "type":"STRING", "class":"0x7fc96c801668", "embedded":true, "bytesize":3, "value":"lib", "encoding":"UTF-8", "flags":{"wb_protected":true, "old":true, "marked":true}}
{"address":"0x7fc96c023db0", "type":"STRING", "class":"0x7fc96c801668", "embedded":true, "bytesize":22, "value":"http://www.opscode.com", "encoding":"UTF-8", "flags":{"wb_protected":true, "old":true, "marked":true}}
{"address":"0x7fc96c023dd8", "type":"ARRAY", "class":"0x7fc96c84a048", "length":3, "embedded":true, "references":["0x7fc96c023e50", "0x7fc96c023e28", "0x7fc96c023e00"], "flags":{"wb_protected":true, "old":true, "marked":true}}
{"address":"0x7fc96c023e00", "type":"STRING", "class":"0x7fc96c801668", "embedded":true, "bytesize":6, "value":"NOTICE", "encoding":"UTF-8", "flags":{"wb_protected":true, "old":true, "marked":true}}
{"address":"0x7fc96c023e28", "type":"STRING", "class":"0x7fc96c801668", "embedded":true, "bytesize":7, "value":"LICENSE", "encoding":"UTF-8", "flags":{"wb_protected":true, "old":true, "marked":true}}
{"address":"0x7fc96c023e50", "type":"STRING", "class":"0x7fc96c801668", "embedded":true, "bytesize":11, "value":"README.rdoc", "encoding":"UTF-8", "flags":{"wb_protected":true, "old":true, "marked":true}}
{"address":"0x7fc96c023e78", "type":"ARRAY", "class":"0x7fc96c84a048", "length":3, "embedded":true, "references":["0x7fc96c023ef0", "0x7fc96c023ec8", "0x7fc96c023ea0"], "flags":{"wb_protected":true, "old":true, "marked":true}}
{"address":"0x7fc96c023ea0", "type":"STRING", "class":"0x7fc96c801668", "embedded":true, "bytesize":6, "value":"NOTICE", "encoding":"UTF-8", "flags":{"wb_protected":true, "old":true, "marked":true}}
{"address":"0x7fc96c023ec8", "type":"STRING", "class":"0x7fc96c801668", "embedded":true, "bytesize":7, "value":"LICENSE", "encoding":"UTF-8", "flags":{"wb_protected":true, "old":true, "marked":true}}
{"address":"0x7fc96c023ef0", "type":"STRING", "class":"0x7fc96c801668", "embedded":true, "bytesize":11, "value":"README.rdoc", "encoding":"UTF-8", "flags":{"wb_protected":true, "old":true, "marked":true}}
{"address":"0x7fc96c023f18", "type":"STRING", "class":"0x7fc96c801668", "embedded":true, "bytesize":16, "value":"info@opscode.com", "encoding":"UTF-8", "flags":{"wb_protected":true, "old":true, "marked":true}}
{"address":"0x7fc96c023f68", "type":"DATA", "class":"0x7fc96c841150", "struct":"time", "memsize":88, "flags":{"remembered":true}}
{"address":"0x7fc96c023f90", "type":"STRING", "class":"0x7fc96c801668", "bytesize":14, "capacity":28, "value":"/Users/antoine", "encoding":"UTF-8", "memsize":29, "flags":{"wb_protected":true, "old":true, "marked":true}}
{"address":"0x7fc96c02c028", "type":"DATA", "class":"0x7fc96c833488", "struct":"iseq", "references":["0x7fc96c02c050", "0x7fc96c034408", "0x7fc96c870720", "0x7fc96c870720", "0x7fc96c034390"], "memsize":712, "flags":{"wb_protected":true, "old":true, "marked":true}}
{"address":"0x7fc96c02c050", "type":"STRING", "class":"0x7fc96c801668", "frozen":true, "fstring":true, "bytesize":43, "capacity":120, "value":"block (3 levels) in <module:InputCompletor>", "memsize":121, "flags":{"wb_protected":true, "old":true, "marked":true}}
{"address":"0x7fc96c02c078", "type":"STRING", "class":"0x7fc96c801668", "frozen":true, "bytesize":40, "value":"/Users/antoine/.rvm/gems/ruby-2.0.0-p247", "encoding":"UTF-8", "memsize":41, "flags":{"wb_protected":true, "old":true, "marked":true}}
{"address":"0x7fc96c02c118", "type":"STRING", "class":"0x7fc96c801668", "frozen":true, "embedded":true, "fstring":true, "bytesize":12, "value":"IRB::Context", "encoding":"UTF-8", "flags":{"wb_protected":true, "old":true, "marked":true}}
{"address":"0x7fc96c02c168", "type":"STRING", "class":"0x7fc96c801668", "shared":true, "encoding":"UTF-8", "references":["0x7fc96c02c398"], "flags":{"wb_protected":true, "old":true, "marked":true}}
{"address":"0x7fc96c02c1b8", "type":"DATA", "class":"0x7fc96c833488", "struct":"iseq", "references":["0x7fc96c02c460", "0x7fc96c034408", "0x7fc96c870720", "0x7fc96c870720", "0x7fc96c034390"], "memsize":744, "flags":{"wb_protected":true, "old":true, "marked":true}}
{"address":"0x7fc96c02c1e0", "type":"ARRAY", "class":"0x7fc96c84a048", "length":1, "embedded":true, "references":["0x7fc96c02c2d0"], "flags":{"wb_protected":true, "old":true, "marked":true}}
{"address":"0x7fc96c02c258", "type":"STRING", "class":"0x7fc96c801668", "shared":true, "encoding":"UTF-8", "references":["0x7fc96c02c078"], "flags":{"wb_protected":true, "old":true, "marked":true}}
{"address":"0x7fc96c02c280", "type":"STRING", "class":"0x7fc96c801668", "frozen":true, "embedded":true, "fstring":true, "bytesize":16, "value":"load_env_plugins", "encoding":"US-ASCII", "flags":{"wb_protected":true, "old":true, "marked":true}}
{"address":"0x7fc96c02c2d0", "type":"STRING", "class":"0x7fc96c801668", "embedded":true, "bytesize":13, "value":"Opscode, Inc.", "encoding":"UTF-8", "flags":{"wb_protected":true, "old":true, "marked":true}}
{"address":"0x7fc96c02c320", "type":"ARRAY", "length":7, "references":["0x7fc96c02c410", "0x7fc96c02c1b8", "0x7fc96c02c028", "0x7fc96c02c118", "0x7fc96c03fa10", "0x7fc96c02c410", "0x7fc96c02c1b8"], "memsize":160, "flags":{"wb_protected":true, "old":true, "marked":true}}
{"address":"0x7fc96c02c348", "type":"ARRAY", "length":1, "embedded":true, "references":["0x7fc96c0527c8"], "flags":{"wb_protected":true, "old":true, "marked":true}}
{"address":"0x7fc96c02c398", "type":"STRING", "class":"0x7fc96c801668", "frozen":true, "bytesize":88, "value":"/Users/antoine/.rvm/gems/ruby-2.0.0-p247:/Users/antoine/.rvm/gems/ruby-2.0.0-p247@global", "encoding":"UTF-8", "memsize":89, "flags":{"wb_protected":true, "old":true, "marked":true}}
{"address":"0x7fc96c02c410", "type":"DATA", "class":"0x7fc96c833488", "struct":"iseq", "references":["0x7fc96c02c348", "0x7fc96c02c460", "0x7fc96c034408", "0x7fc96c870720", "0x7fc96c870720", "0x7fc96c034390"], "memsize":776, "flags":{"wb_protected":true, "old":true, "marked":true}}
{"address":"0x7fc96c02c438", "type":"ARRAY", "class":"0x7fc96c84a048", "length":1, "embedded":true, "references":["0x7fc96c8c1e90"], "flags":{"wb_protected":true, "old":true, "marked":true}}
{"address":"0x7fc96c02c460", "type":"STRING", "class":"0x7fc96c801668", "frozen":true, "fstring":true, "bytesize":53, "capacity":98, "value":"rescue in block (2 levels) in <module:InputCompletor>", "memsize":99, "flags":{"wb_protected":true, "old":true, "marked":true}}
{"address":"0x7fc96c02c4b0", "type":"OBJECT", "class":"0x7fc96c8c2688", "ivars":3, "references":["0x7fc96c02c438"], "flags":{"wb_protected":true, "old":true, "marked":true}}
{"address":"0x7fc96c02c528", "type":"STRING", "class":"0x7fc96c801668", "embedded":true, "bytesize":5, "value":"1.6.0", "encoding":"UTF-8", "flags":{"wb_protected":true, "old":true, "marked":true}}
{"address":"0x7fc96c02c550", "type":"DATA", "class":"0x7fc96c833488", "struct":"iseq", "references":["0x7fc96c02c320", "0x7fc96c02fa70", "0x7fc96c034408", "0x7fc96c870720", "0x7fc96c870720", "0x7fc96c034390"], "memsize":2448, "flags":{"wb_protected":true, "old":true, "marked":true}}
{"address":"0x7fc96c02c5a0", "type":"STRING", "class":"0x7fc96c801668", "frozen":true, "bytesize":40, "value":"/Users/antoine/.rvm/gems/ruby-2.0.0-p247", "encoding":"UTF-8", "memsize":41, "flags":{"wb_protected":true, "old":true, "marked":true}}
{"address":"0x7fc96c02c640", "type":"ARRAY", "class":"0x7fc96c84a048", "length":2, "embedded":true, "references":["0x7fc96c02c258", "0x7fc96c02c168"], "flags":{"wb_protected":true, "old":true, "marked":true}}
{"address":"0x7fc96c02c690", "type":"OBJECT", "class":"0x7fc96c02d888", "ivars":5, "references":["0x7fc96c849558", "0x7fc96c02c5a0", "0x7fc96c02c640", "0x7fc96c023bd0"], "memsize":40, "flags":{"wb_protected":true, "old":true, "marked":true}}
{"address":"0x7fc96c02c708", "type":"OBJECT", "class":"0x7fc96d040a68", "ivars":3, "references":["0x7fc96c02c528"], "flags":{"wb_protected":true, "old":true, "marked":true}}
{"address":"0x7fc96c02c780", "type":"STRING", "class":"0x7fc96c801668", "embedded":true, "bytesize":10, "value":"mixlib-log", "encoding":"UTF-8", "flags":{"wb_protected":true, "old":true, "marked":true}}
{"address":"0x7fc96c02c7d0", "type":"DATA", "class":"0x7fc96c833488", "struct":"iseq", "references":["0x7fc96c02fa70", "0x7fc96c034408", "0x7fc96c870720", "0x7fc96c870720", "0x7fc96c034390"], "memsize":712, "flags":{"wb_protected":true, "old":true, "marked":true}}
{"address":"0x7fc96c02c7f8", "type":"ARRAY", "class":"0x7fc96c84a048", "length":0, "flags":{"wb_protected":true, "old":true, "marked":true}}
{"address":"0x7fc96c02c938", "type":"STRING", "class":"0x7fc96c801668", "frozen":true, "embedded":true, "fstring":true, "bytesize":12, "value":"load_plugins", "encoding":"US-ASCII", "flags":{"wb_protected":true, "old":true, "marked":true}}
{"address":"0x7fc96c02c960", "type":"ARRAY", "class":"0x7fc96c84a048", "length":0, "flags":{"wb_protected":true, "old":true, "marked":true}}
{"address":"0x7fc96c02c988", "type":"DATA", "class":"0x7fc96c833488", "struct":"iseq", "references":["0x7fc96c02fa70", "0x7fc96c034408", "0x7fc96c870720", "0x7fc96c870720", "0x7fc96c034390"], "memsize":712, "flags":{"wb_protected":true, "old":true, "marked":true}}
{"address":"0x7fc96c02ca50", "type":"OBJECT", "class":"0x7fc96c8c2688", "ivars":3, "references":["0x7fc96d074700"], "flags":{"wb_protected":true, "old":true, "marked":true}}
{"address":"0x7fc96c02cac8", "type":"DATA", "class":"0x7fc96c833488", "struct":"iseq", "references":["0x7fc96c02e7b0", "0x7fc96c034408", "0x7fc96c870720", "0x7fc96c870720", "0x7fc96c034390"], "memsize":776, "flags":{"wb_protected":true, "old":true, "marked":true}}
{"address":"0x7fc96c02cb40", "type":"ARRAY", "class":"0x7fc96c84a048", "length":0, "flags":{"wb_protected":true, "old":true, "marked":true}}
{"address":"0x7fc96c02cb90", "type":"STRING", "class":"0x7fc96c801668", "frozen":true, "embedded":true, "fstring":true, "bytesize":20, "value":"self.class.constants", "encoding":"UTF-8", "flags":{"wb_protected":true, "old":true, "marked":true}}
{"address":"0x7fc96c02cbb8", "type":"STRING", "class":"0x7fc96c801668", "embedded":true, "bytesize":4, "value":"ruby", "encoding":"UTF-8", "flags":{"wb_protected":true, "old":true, "marked":true}}
{"address":"0x7fc96c02cc30", "type":"STRING", "class":"0x7fc96c801668", "frozen":true, "embedded":true, "fstring":true, "bytesize":11, "value":"DebugLogger", "encoding":"US-ASCII", "flags":{"wb_protected":true, "old":true, "marked":true}}
{"address":"0x7fc96c02cc58", "type":"HASH", "class":"0x7fc96c849918", "size":0, "flags":{"wb_protected":true, "old":true, "marked":true}}
{"address":"0x7fc96c02ccd0", "type":"ARRAY", "class":"0x7fc96c84a048", "length":0, "flags":{"wb_protected":true, "old":true, "marked":true}}
{"address":"0x7fc96c02ccf8", "type":"DATA", "class":"0x7fc96c833488", "struct":"iseq", "references":["0x7fc96c02fa70", "0x7fc96c034408", "0x7fc96c870720", "0x7fc96c870720", "0x7fc96c034390"], "memsize":712, "flags":{"wb_protected":true, "old":true, "marked":true}}
{"address":"0x7fc96c02cd98", "type":"STRING", "class":"0x7fc96c801668", "frozen":true, "embedded":true, "fstring":true, "bytesize":18, "value":"instance_variables", "encoding":"UTF-8", "flags":{"wb_protected":true, "old":true, "marked":true}}
{"address":"0x7fc96c02cdc0", "type":"STRING", "class":"0x7fc96c801668", "shared":true, "encoding":"US-ASCII", "references":["0x7fc96c8bba68"], "flags":{"wb_protected":true, "old":true, "marked":true}}
{"address":"0x7fc96c02cde8", "type":"ARRAY", "class":"0x7fc96c84a048", "length":2, "embedded":true, "references":["0x7fc96c02d0b8", "0x7fc96c02d040"], "flags":{"wb_protected":true, "old":true, "marked":true}}
{"address":"0x7fc96c02ce10", "type":"STRING", "class":"0x7fc96c801668", "embedded":true, "bytesize":3, "value":"1.1", "encoding":"UTF-8", "flags":{"wb_protected":true, "old":true, "marked":true}}
{"address":"0x7fc96c02ce38", "type":"ARRAY", "class":"0x7fc96c84a048", "length":0, "flags":{"wb_protected":true, "old":true, "marked":true}}
{"address":"0x7fc96c02ceb0", "type":"ARRAY", "class":"0x7fc96c84a048", "length":0, "flags":{"wb_protected":true, "old":true, "marked":true}}
{"address":"0x7fc96c02ced8", "type":"STRING", "class":"0x7fc96c801668", "frozen":true, "embedded":true, "fstring":true, "bytesize":3, "value":"pat", "encoding":"US-ASCII", "flags":{"wb_protected":true, "old":true, "marked":true}}
{"address":"0x7fc96c02cf50", "type":"ARRAY", "class":"0x7fc96c84a048", "length":3, "embedded":true, "references":["0x7fc96c022de8", "0x7fc96c0229b0", "0x7fc96c022410"], "flags":{"wb_protected":true, "old":true, "marked":true}}
{"address":"0x7fc96c02cf78", "type":"DATA", "class":"0x7fc96c833488", "struct":"iseq", "references":["0x7fc96c02fa70", "0x7fc96c034408", "0x7fc96c870720", "0x7fc96c870720", "0x7fc96c034390"], "memsize":712, "flags":{"wb_protected":true, "old":true, "marked":true}}
{"address":"0x7fc96c02d018", "type":"ARRAY", "class":"0x7fc96c84a048", "length":0, "flags":{"wb_protected":true, "old":true, "marked":true}}
{"address":"0x7fc96c02d040", "type":"OBJECT", "class":"0x7fc96d040a68", "ivars":3, "references":["0x7fc96c02ce10"], "flags":{"wb_protected":true, "old":true, "marked":true}}
{"address":"0x7fc96c02d068", "type":"STRING", "class":"0x7fc96c801668", "frozen":true, "embedded":true, "fstring":true, "bytesize":15, "value":"local_variables", "encoding":"UTF-8", "flags":{"wb_protected":true, "old":true, "marked":true}}
{"address":"0x7fc96c02d090", "type":"STRING", "class":"0x7fc96c801668", "embedded":true, "bytesize":3, "value":"bin", "encoding":"UTF-8", "flags":{"wb_protected":true, "old":true, "marked":true}}
{"address":"0x7fc96c02d0b8", "type":"STRING", "class":"0x7fc96c801668", "embedded":true, "bytesize":2, "value":"~>", "encoding":"UTF-8", "flags":{"wb_protected":true, "old":true, "marked":true}}
{"address":"0x7fc96c02d180", "type":"DATA", "class":"0x7fc96c833488", "struct":"iseq", "references":["0x7fc96c02fa70", "0x7fc96c034408", "0x7fc96c870720", "0x7fc96c870720", "0x7fc96c034390"], "memsize":712, "flags":{"wb_protected":true, "old":true, "marked":true}}
{"address":"0x7fc96c02d1a8", "type":"ARRAY", "class":"0x7fc96c84a048", "length":1, "embedded":true, "references":["0x7fc96c02cde8"], "flags":{"wb_protected":true, "old":true, "marked":true}}
{"address":"0x7fc96c02d220", "type":"OBJECT", "class":"0x7fc96c8c2688", "ivars":3, "references":["0x7fc96c02d1a8"], "flags":{"wb_protected":true, "old":true, "marked":true}}
{"address":"0x7fc96c02d248", "type":"STRING", "class":"0x7fc96c801668", "frozen":true, "embedded":true, "fstring":true, "bytesize":7, "value":"details", "encoding":"US-ASCII", "flags":{"wb_protected":true, "old":true, "marked":true}}
{"address":"0x7fc96c02d298", "type":"OBJECT", "class":"0x7fc96d077ae0", "ivars":5, "references":["0x7fc96c02d428", "0x7fc96c02d220", "0x7fc96c02d220"], "memsize":40, "flags":{"wb_protected":true, "old":true, "marked":true}}
{"address":"0x7fc96c02d2c0", "type":"STRING", "class":"0x7fc96c801668", "frozen":true, "embedded":true, "fstring":true, "bytesize":1, "value":"e", "encoding":"US-ASCII", "flags":{"wb_protected":true, "old":true, "marked":true}}
{"address":"0x7fc96c02d2e8", "type":"STRING", "class":"0x7fc96c801668", "frozen":true, "embedded":true, "fstring":true, "bytesize":16, "value":"global_variables", "encoding":"UTF-8", "flags":{"wb_protected":true, "old":true, "marked":true}}
{"address":"0x7fc96c02d388", "type":"ARRAY", "class":"0x7fc96c84a048", "frozen":true, "length":2, "embedded":true, "references":["0x7fc96c03df30"], "flags":{"wb_protected":true, "old":true, "marked":true}}
{"address":"0x7fc96c02d3d8", "type":"DATA", "class":"0x7fc96c833488", "struct":"iseq", "references":["0x7fc96c02fa70", "0x7fc96c034408", "0x7fc96c870720", "0x7fc96c870720", "0x7fc96c034390"], "memsize":712, "flags":{"wb_protected":true, "old":true, "marked":true}}
{"address":"0x7fc96c02d400", "type":"STRING", "class":"0x7fc96c801668", "frozen":true, "fstring":true, "bytesize":29, "value":"\\A[^:]+(?=(?::(.*?)=(.*))?\\z)", "encoding":"US-ASCII", "memsize":30, "flags":{"wb_protected":true, "old":true, "marked":true}}
{"address":"0x7fc96c02d428", "type":"STRING", "class":"0x7fc96c801668", "embedded":true, "bytesize":10, "value":"rack-cache", "encoding":"UTF-8", "flags":{"wb_protected":true, "old":true, "marked":true}}
{"address":"0x7fc96c02d450", "type":"ARRAY", "class":"0x7fc96c84a048", "frozen":true, "length":2, "embedded":true, "references":["0x7fc96c03df30"], "flags":{"wb_protected":true, "old":true, "marked":true}}
{"address":"0x7fc96c02d478", "type":"ARRAY", "class":"0x7fc96c84a048", "length":2, "embedded":true, "references":["0x7fc96c02d770", "0x7fc96c02d6f8"], "flags":{"wb_protected":true, "old":true, "marked":true}}
{"address":"0x7fc96c02d4a0", "type":"STRING", "class":"0x7fc96c801668", "frozen":true, "embedded":true, "fstring":true, "bytesize":18, "value":"gemcutter-0\\.[0-3]", "encoding":"US-ASCII", "flags":{"wb_protected":true, "old":true, "marked":true}}
{"address":"0x7fc96c02d4c8", "type":"STRING", "class":"0x7fc96c801668", "embedded":true, "bytesize":3, "value":"0.1", "encoding":"UTF-8", "flags":{"wb_protected":true, "old":true, "marked":true}}
{"address":"0x7fc96c02d4f0", "type":"REGEXP", "class":"0x7fc96c8491e8", "references":["0x7fc96c02d400"], "memsize":580, "flags":{"wb_protected":true, "old":true, "marked":true}}
{"address":"0x7fc96c02d518", "type":"REGEXP", "class":"0x7fc96c8491e8", "references":["0x7fc96c02d4a0"], "memsize":548, "flags":{"wb_protected":true, "old":true, "marked":true}}
{"address":"0x7fc96c02d590", "type":"STRING", "class":"0x7fc96c801668", "frozen":true, "embedded":true, "fstring":true, "bytesize":9, "value":"non_files", "encoding":"US-ASCII", "flags":{"wb_protected":true, "old":true, "marked":true}}
{"address":"0x7fc96c02d5b8", "type":"OBJECT", "class":"0x7fc96d074e30", "ivars":50, "references":["0x7fc96c0221b8", "0x7fc96d866850", "0x7fc96d8669e0", "0x7fc96d866b48", "0x7fc96c023f18", "0x7fc96c023db0", "0x7fc96c02c780", "0x7fc96c023bf8", "0x7fc96c02c708", "0x7fc96c02c1e0", "0x7fc96c02d090", "0x7fc96c02d018", "0x7fc96c023f68", "0x7fc96c02cf50", "0x7fc96c02ceb0", "0x7fc96c02ce38", "0x7fc96c023e78", "0x7fc96c023dd8", "0x7fc96c02ccd0", "0x7fc96c02cc58", "0x7fc96c02cbb8", "0x7fc96c02cb40", "0x7fc96c023d60", "0x7fc96c02ca50", "0x7fc96c02c4b0", "0x7fc96c02c960", "0x7fc96c023d38", "0x7fc96c02c7f8", "0x7fc96c8c82e0", "0x7fc96d866968"], "memsize":400, "flags":{"wb_protected":true, "old":true, "marked":true}}
{"address":"0x7fc96c02d608", "type":"ARRAY", "class":"0x7fc96c84a048", "frozen":true, "length":2, "embedded":true, "references":["0x7fc96c03df30"], "flags":{"wb_protected":true, "old":true, "marked":true}}
{"address":"0x7fc96c02d6f8", "type":"OBJECT", "class":"0x7fc96d040a68", "ivars":3, "references":["0x7fc96c02d4c8"], "flags":{"wb_protected":true, "old":true, "marked":true}}
{"address":"0x7fc96c02d720", "type":"STRING", "class":"0x7fc96c801668", "frozen":true, "embedded":true, "fstring":true, "bytesize":6, "value":"plugin", "encoding":"US-ASCII", "flags":{"wb_protected":true, "old":true, "marked":true}}
{"address":"0x7fc96c02d770", "type":"STRING", "class":"0x7fc96c801668", "embedded":true, "bytesize":2, "value":"~>", "encoding":"UTF-8", "flags":{"wb_protected":true, "old":true, "marked":true}}
{"address":"0x7fc96c02d798", "type":"STRING", "class":"0x7fc96c801668", "frozen":true, "embedded":true, "bytesize":16, "value":"Gem::PathSupport", "encoding":"US-ASCII", "flags":{"wb_protected":true, "old":true, "marked":true}}
{"address":"0x7fc96c02d7e8", "type":"CLASS", "class":"0x7fc96c802e28", "name":"Class", "references":["0x7fc96c02d888", "0x7fc96c802dd8"], "memsize":672, "flags":{"wb_protected":true, "old":true, "marked":true}}
{"address":"0x7fc96c02d810", "type":"STRING", "class":"0x7fc96c801668", "frozen":true, "embedded":true, "fstring":true, "bytesize":7, "value":"plugins", "encoding":"US-ASCII", "flags":{"wb_protected":true, "old":true, "marked":true}}
{"address":"0x7fc96c02d838", "type":"STRING", "class":"0x7fc96c801668", "frozen":true, "embedded":true, "fstring":true, "bytesize":17, "value":"load_plugin_files", "encoding":"US-ASCII", "flags":{"wb_protected":true, "old":true, "marked":true}}
{"address":"0x7fc96c02d860", "type":"DATA", "class":"0x7fc96c833488", "struct":"iseq", "references":["0x7fc96c02fa70", "0x7fc96c034408", "0x7fc96c870720", "0x7fc96c870720", "0x7fc96c034390"], "memsize":712, "flags":{"wb_protected":true, "old":true, "marked":true}}
{"address":"0x7fc96c02d888", "type":"CLASS", "class":"0x7fc96c02d7e8", "name":"Gem::PathSupport", "references":["0x7fc96c02d888", "0x7fc96c02d608", "0x7fc96c02d888", "0x7fc96c02d450", "0x7fc96c02d888", "0x7fc96c02d388", "0x7fc96c02d888", "0x7fc96c02e940", "0x7fc96c02d888", "0x7fc96c02e440", "0x7fc96c02d888", "0x7fc96c02e148", "0x7fc96c02d798", "0x7fc96c803788"], "memsize":864, "flags":{"wb_protected":true, "old":true, "marked":true}}
{"address":"0x7fc96c02d928", "type":"ARRAY", "class":"0x7fc96c84a048", "length":1, "embedded":true, "references":["0x7fc96c02d478"], "flags":{"wb_protected":true, "old":true, "marked":true}}
{"address":"0x7fc96c02d950", "type":"STRING", "class":"0x7fc96c801668", "frozen":true, "embedded":true, "fstring":true, "bytesize":5, "value":"@echo", "encoding":"US-ASCII", "flags":{"wb_protected":true, "old":true, "marked":true}}
{"address":"0x7fc96c02d9c8", "type":"OBJECT", "class":"0x7fc96c8c2688", "ivars":3, "references":["0x7fc96c02d928"], "flags":{"wb_protected":true, "old":true, "marked":true}}
{"address":"0x7fc96c02da18", "type":"OBJECT", "class":"0x7fc96d077ae0", "ivars":5, "references":["0x7fc96c02db58", "0x7fc96c02d9c8", "0x7fc96c02d9c8"], "memsize":40, "flags":{"wb_protected":true, "old":true, "marked":true}}
{"address":"0x7fc96c02da68", "type":"ARRAY", "length":4, "references":["0x7fc96c02dd10", "0x7fc96c02e508", "0x7fc96c0527c8", "0x7fc96c02e508"], "memsize":160, "flags":{"wb_protected":true, "old":true, "marked":true}}
{"address":"0x7fc96c02db08", "type":"DATA", "class":"0x7fc96c833488", "struct":"iseq", "references":["0x7fc96c02fa70", "0x7fc96c034408", "0x7fc96c870720", "0x7fc96c870720", "0x7fc96c034390"], "memsize":712, "flags":{"wb_protected":true, "old":true, "marked":true}}
{"address":"0x7fc96c02db58", "type":"STRING", "class":"0x7fc96c801668", "embedded":true, "bytesize":12, "value":"simple_oauth", "encoding":"UTF-8", "flags":{"wb_protected":true, "old":true, "marked":true}}
{"address":"0x7fc96c02db80", "type":"ARRAY", "class":"0x7fc96c84a048", "length":2, "embedded":true, "references":["0x7fc96c02de00", "0x7fc96c02ddb0"], "flags":{"wb_protected":true, "old":true, "marked":true}}
{"address":"0x7fc96c02dba8", "type":"STRING", "class":"0x7fc96c801668", "embedded":true, "bytesize":3, "value":"2.6", "encoding":"UTF-8", "flags":{"wb_protected":true, "old":true, "marked":true}}
{"address":"0x7fc96c02dc48", "type":"DATA", "class":"0x7fc96c833488", "struct":"iseq", "references":["0x7fc96c02e7b0", "0x7fc96c034408", "0x7fc96c870720", "0x7fc96c870720", "0x7fc96c034390"], "memsize":776, "flags":{"wb_protected":true, "old":true, "marked":true}}
{"address":"0x7fc96c02dce8", "type":"STRING", "class":"0x7fc96c801668", "frozen":true, "embedded":true, "fstring":true, "bytesize":1, "value":"r", "encoding":"US-ASCII", "flags":{"wb_protected":true, "old":true, "marked":true}}
{"address":"0x7fc96c02dd10", "type":"DATA", "class":"0x7fc96c833488", "struct":"iseq", "references":["0x7fc96c02de78", "0x7fc96c037680", "0x7fc96c03df30", "0x7fc96c03df30", "0x7fc96c02e0a8"], "memsize":1072, "flags":{"wb_protected":true, "old":true, "marked":true}}
{"address":"0x7fc96c02ddb0", "type":"OBJECT", "class":"0x7fc96d040a68", "ivars":3, "references":["0x7fc96c02dba8"], "flags":{"wb_protected":true, "old":true, "marked":true}}
{"address":"0x7fc96c02de00", "type":"STRING", "class":"0x7fc96c801668", "embedded":true, "bytesize":2, "value":"~>", "encoding":"UTF-8", "flags":{"wb_protected":true, "old":true, "marked":true}}
{"address":"0x7fc96c02de28", "type":"STRING", "class":"0x7fc96c801668", "frozen":true, "embedded":true, "fstring":true, "bytesize":3, "value":"var", "encoding":"US-ASCII", "flags":{"wb_protected":true, "old":true, "marked":true}}
{"address":"0x7fc96c02de78", "type":"STRING", "class":"0x7fc96c801668", "frozen":true, "fstring":true, "bytesize":14, "capacity":120, "value":"block in path=", "memsize":121, "flags":{"wb_protected":true, "old":true, "marked":true}}
{"address":"0x7fc96c02def0", "type":"STRING", "class":"0x7fc96c801668", "frozen":true, "embedded":true, "fstring":true, "bytesize":13, "value":"ruby_platform", "encoding":"US-ASCII", "flags":{"wb_protected":true, "old":true, "marked":true}}
{"address":"0x7fc96c02df68", "type":"DATA", "class":"0x7fc96c833488", "struct":"iseq", "references":["0x7fc96c02fa70", "0x7fc96c034408", "0x7fc96c870720", "0x7fc96c870720", "0x7fc96c034390"], "memsize":712, "flags":{"wb_protected":true, "old":true, "marked":true}}
{"address":"0x7fc96c02df90", "type":"ARRAY", "class":"0x7fc96c84a048", "length":1, "embedded":true, "references":["0x7fc96c02db80"], "flags":{"wb_protected":true, "old":true, "marked":true}}
{"address":"0x7fc96c02dfe0", "type":"STRING", "class":"0x7fc96c801668", "frozen":true, "embedded":true, "fstring":true, "bytesize":13, "value":"win_platform?", "encoding":"US-ASCII", "flags":{"wb_protected":true, "old":true, "marked":true}}
{"address":"0x7fc96c02e058", "type":"STRING", "class":"0x7fc96c801668", "frozen":true, "fstring":true, "bytesize":34, "value":"\\$\\$|\\$\\(([^()]+)\\)|\\$\\{([^{}]+)\\}", "encoding":"US-ASCII", "memsize":35, "flags":{"wb_protected":true, "old":true, "marked":true}}
{"address":"0x7fc96c02e080", "type":"OBJECT", "class":"0x7fc96c8c2688", "ivars":3, "references":["0x7fc96c02df90"], "flags":{"wb_protected":true, "old":true, "marked":true}}
{"address":"0x7fc96c02e0a8", "type":"NODE", "node_type":"NODE_CREF", "references":["0x7fc96c02d888", "0x7fc96c02ed00"], "flags":{"wb_protected":true, "old":true, "marked":true}}
{"address":"0x7fc96c02e0f8", "type":"REGEXP", "class":"0x7fc96c8491e8", "references":["0x7fc96c02e058"], "memsize":736, "flags":{"wb_protected":true, "old":true, "marked":true}}
{"address":"0x7fc96c02e120", "type":"OBJECT", "class":"0x7fc96d077ae0", "ivars":5, "references":["0x7fc96c02e2b0", "0x7fc96c02e080", "0x7fc96c02e080"], "memsize":40, "flags":{"wb_protected":true, "old":true, "marked":true}}
{"address":"0x7fc96c02e148", "type":"DATA", "class":"0x7fc96c833488", "struct":"iseq", "references":["0x7fc96c02da68", "0x7fc96c037680", "0x7fc96c037680", "0x7fc96c03df30", "0x7fc96c03df30", "0x7fc96c02e0a8", "0x7fc96c02d888"], "memsize":5416, "flags":{"wb_protected":true, "old":true, "marked":true}}
{"address":"0x7fc96c02e170", "type":"DATA", "class":"0x7fc96c833488", "struct":"iseq", "references":["0x7fc96c02e7b0", "0x7fc96c034408", "0x7fc96c870720", "0x7fc96c870720", "0x7fc96c034390"], "memsize":776, "flags":{"wb_protected":true, "old":true, "marked":true}}
{"address":"0x7fc96c02e2b0", "type":"STRING", "class":"0x7fc96c801668", "embedded":true, "bytesize":5, "value":"rspec", "encoding":"UTF-8", "flags":{"wb_protected":true, "old":true, "marked":true}}
{"address":"0x7fc96c02e2d8", "type":"ARRAY", "class":"0x7fc96c84a048", "length":2, "embedded":true, "references":["0x7fc96c02e5a8", "0x7fc96c02e4e0"], "flags":{"wb_protected":true, "old":true, "marked":true}}
{"address":"0x7fc96c02e300", "type":"STRING", "class":"0x7fc96c801668", "embedded":true, "bytesize":3, "value":"0.3", "encoding":"UTF-8", "flags":{"wb_protected":true, "old":true, "marked":true}}
{"address":"0x7fc96c02e350", "type":"STRING", "class":"0x7fc96c801668", "frozen":true, "embedded":true, "fstring":true, "bytesize":6, "value":"newval", "encoding":"US-ASCII", "flags":{"wb_protected":true, "old":true, "marked":true}}
{"address":"0x7fc96c02e3c8", "type":"DATA", "class":"0x7fc96c833488", "struct":"iseq", "references":["0x7fc96c02fa70", "0x7fc96c034408", "0x7fc96c870720", "0x7fc96c870720", "0x7fc96c034390"], "memsize":712, "flags":{"wb_protected":true, "old":true, "marked":true}}
{"address":"0x7fc96c02e3f0", "type":"NODE", "node_type":"NODE_CREF", "references":["0x7fc96c02d888", "0x7fc96c02ed00"], "flags":{"wb_protected":true, "old":true, "marked":true}}
{"address":"0x7fc96c02e440", "type":"DATA", "class":"0x7fc96c833488", "struct":"iseq", "references":["0x7fc96c037a90", "0x7fc96c037a90", "0x7fc96c03df30", "0x7fc96c03df30", "0x7fc96c02e3f0", "0x7fc96c02d888"], "memsize":728, "flags":{"wb_protected":true, "old":true, "marked":true}}
{"address":"0x7fc96c02e4e0", "type":"OBJECT", "class":"0x7fc96d040a68", "ivars":3, "references":["0x7fc96c02e300"], "flags":{"wb_protected":true, "old":true, "marked":true}}
{"address":"0x7fc96c02e508", "type":"STRING", "class":"0x7fc96c801668", "frozen":true, "embedded":true, "fstring":true, "bytesize":8, "value":"GEM_PATH", "encoding":"UTF-8", "flags":{"wb_protected":true, "old":true, "marked":true}}
{"address":"0x7fc96c02e558", "type":"ARRAY", "length":6, "references":["0x7fc96c02e620", "0x7fc96c02e620", "0x7fc96c02e508", "0x7fc96c02e508", "0x7fc96c02e5d0", "0x7fc96c02e5d0"], "memsize":160, "flags":{"wb_protected":true, "old":true, "marked":true}}
{"address":"0x7fc96c02e5a8", "type":"STRING", "class":"0x7fc96c801668", "embedded":true, "bytesize":2, "value":"~>", "encoding":"UTF-8", "flags":{"wb_protected":true, "old":true, "marked":true}}
{"address":"0x7fc96c02e5d0", "type":"STRING", "class":"0x7fc96c801668", "frozen":true, "embedded":true, "fstring":true, "bytesize":14, "value":"GEM_SPEC_CACHE", "encoding":"UTF-8", "flags":{"wb_protected":true, "old":true, "marked":true}}
{"address":"0x7fc96c02e620", "type":"STRING", "class":"0x7fc96c801668", "frozen":true, "embedded":true, "fstring":true, "bytesize":8, "value":"GEM_HOME", "encoding":"UTF-8", "flags":{"wb_protected":true, "old":true, "marked":true}}
{"address":"0x7fc96c02e648", "type":"STRING", "class":"0x7fc96c801668", "frozen":true, "fstring":true, "bytesize":28, "value":".methods.collect{|m| m.to_s}", "encoding":"UTF-8", "memsize":29, "flags":{"wb_protected":true, "old":true, "marked":true}}
{"address":"0x7fc96c02e698", "type":"STRING", "class":"0x7fc96c801668", "frozen":true, "fstring":true, "bytesize":30, "value":".constants.collect{|m| m.to_s}", "encoding":"UTF-8", "memsize":31, "flags":{"wb_protected":true, "old":true, "marked":true}}
{"address":"0x7fc96c02e710", "type":"ARRAY", "class":"0x7fc96c84a048", "length":1, "embedded":true, "references":["0x7fc96c02e2d8"], "flags":{"wb_protected":true, "old":true, "marked":true}}
{"address":"0x7fc96c02e760", "type":"DATA", "class":"0x7fc96c833488", "struct":"iseq", "references":["0x7fc96c02e7b0", "0x7fc96c034408", "0x7fc96c870720", "0x7fc96c870720", "0x7fc96c034390"], "memsize":776, "flags":{"wb_protected":true, "old":true, "marked":true}}
{"address":"0x7fc96c02e788", "type":"OBJECT", "class":"0x7fc96c8c2688", "ivars":3, "references":["0x7fc96c02e710"], "flags":{"wb_protected":true, "old":true, "marked":true}}
{"address":"0x7fc96c02e7b0", "type":"STRING", "class":"0x7fc96c801668", "frozen":true, "fstring":true, "bytesize":42, "capacity":48, "value":"rescue in block in <module:InputCompletor>", "memsize":49, "flags":{"wb_protected":true, "old":true, "marked":true}}
{"address":"0x7fc96c02e800", "type":"OBJECT", "class":"0x7fc96d077ae0", "ivars":5, "references":["0x7fc96c02ea08", "0x7fc96c02e788", "0x7fc96c02e788"], "memsize":40, "flags":{"wb_protected":true, "old":true, "marked":true}}
{"address":"0x7fc96c02e850", "type":"NODE", "node_type":"NODE_CREF", "references":["0x7fc96c02d888", "0x7fc96c02ed00"], "flags":{"wb_protected":true, "old":true, "marked":true}}
{"address":"0x7fc96c02e8a0", "type":"STRING", "class":"0x7fc96c801668", "frozen":true, "embedded":true, "fstring":true, "bytesize":9, "value":"@postproc", "encoding":"US-ASCII", "flags":{"wb_protected":true, "old":true, "marked":true}}
{"address":"0x7fc96c02e8f0", "type":"ARRAY", "length":1, "embedded":true, "references":["0x7fc96c03f2b8"], "flags":{"wb_protected":true, "old":true, "marked":true}}
{"address":"0x7fc96c02e940", "type":"DATA", "class":"0x7fc96c833488", "struct":"iseq", "references":["0x7fc96c02e558", "0x7fc96c803be8", "0x7fc96c803be8", "0x7fc96c03df30", "0x7fc96c03df30", "0x7fc96c02e850", "0x7fc96c02d888"], "memsize":5048, "flags":{"wb_protected":true, "old":true, "marked":true}}
{"address":"0x7fc96c02e990", "type":"STRING", "class":"0x7fc96c801668", "frozen":true, "embedded":true, "fstring":true, "bytesize":8, "value":"@preproc", "encoding":"US-ASCII", "flags":{"wb_protected":true, "old":true, "marked":true}}
{"address":"0x7fc96c02e9e0", "type":"STRING", "class":"0x7fc96c801668", "frozen":true, "embedded":true, "fstring":true, "bytesize":6, "value":"expand", "encoding":"US-ASCII", "flags":{"wb_protected":true, "old":true, "marked":true}}
{"address":"0x7fc96c02ea08", "type":"STRING", "class":"0x7fc96c801668", "embedded":true, "bytesize":4, "value":"rash", "encoding":"UTF-8", "flags":{"wb_protected":true, "old":true, "marked":true}}
{"address":"0x7fc96c02ea30", "type":"ARRAY", "class":"0x7fc96c84a048", "length":2, "embedded":true, "references":["0x7fc96c02ecb0", "0x7fc96c02ec60"], "flags":{"wb_protected":true, "old":true, "marked":true}}
{"address":"0x7fc96c02ea58", "type":"STRING", "class":"0x7fc96c801668", "frozen":true, "embedded":true, "fstring":true, "bytesize":5, "value":"@Tree", "encoding":"US-ASCII", "flags":{"wb_protected":true, "old":true, "marked":true}}
{"address":"0x7fc96c02ea80", "type":"STRING", "class":"0x7fc96c801668", "embedded":true, "bytesize":3, "value":"1.2", "encoding":"UTF-8", "flags":{"wb_protected":true, "old":true, "marked":true}}
{"address":"0x7fc96c02ead0", "type":"DATA", "class":"0x7fc96c833488", "struct":"iseq", "references":["0x7fc96c02e8f0", "0x7fc96c02fa70", "0x7fc96c034408", "0x7fc96c870720", "0x7fc96c870720", "0x7fc96c034390"], "memsize":744, "flags":{"wb_protected":true, "old":true, "marked":true}}
{"address":"0x7fc96c02eb48", "type":"STRING", "class":"0x7fc96c801668", "frozen":true, "embedded":true, "fstring":true, "bytesize":9, "value":"use_paths", "encoding":"US-ASCII", "flags":{"wb_protected":true, "old":true, "marked":true}}
{"address":"0x7fc96c02ec38", "type":"DATA", "class":"0x7fc96c833488", "struct":"iseq", "references":["0x7fc96c02fa70", "0x7fc96c034408", "0x7fc96c870720", "0x7fc96c870720", "0x7fc96c034390"], "memsize":712, "flags":{"wb_protected":true, "old":true, "marked":true}}
{"address":"0x7fc96c02ec60", "type":"OBJECT", "class":"0x7fc96d040a68", "ivars":3, "references":["0x7fc96c02ea80"], "flags":{"wb_protected":true, "old":true, "marked":true}}
{"address":"0x7fc96c02ecb0", "type":"STRING", "class":"0x7fc96c801668", "embedded":true, "bytesize":2, "value":"~>", "encoding":"UTF-8", "flags":{"wb_protected":true, "old":true, "marked":true}}
{"address":"0x7fc96c02ed00", "type":"NODE", "node_type":"NODE_CREF", "references":["0x7fc96c803788"], "flags":{"wb_protected":true, "old":true, "marked":true}}
{"address":"0x7fc96c02ed78", "type":"ARRAY", "length":1, "embedded":true, "references":["0x7fc96c823880"], "flags":{"wb_protected":true, "old":true, "marked":true}}
{"address":"0x7fc96c02edc8", "type":"STRING", "class":"0x7fc96c801668", "frozen":true, "embedded":true, "fstring":true, "bytesize":22, "value":"DefaultUserInteraction", "encoding":"US-ASCII", "flags":{"wb_protected":true, "old":true, "marked":true}}
{"address":"0x7fc96c02ee40", "type":"ARRAY", "class":"0x7fc96c84a048", "length":1, "embedded":true, "references":["0x7fc96c02ea30"], "flags":{"wb_protected":true, "old":true, "marked":true}}
{"address":"0x7fc96c02ee90", "type":"DATA", "class":"0x7fc96c833488", "struct":"iseq", "references":["0x7fc96c02ed78", "0x7fc96c02fa70", "0x7fc96c034408", "0x7fc96c870720", "0x7fc96c870720", "0x7fc96c034390"], "memsize":888, "flags":{"wb_protected":true, "old":true, "marked":true}}
{"address":"0x7fc96c02eeb8", "type":"OBJECT", "class":"0x7fc96c8c2688", "ivars":3, "references":["0x7fc96c02ee40"], "flags":{"wb_protected":true, "old":true, "marked":true}}
{"address":"0x7fc96c02ef08", "type":"OBJECT", "class":"0x7fc96d077ae0", "ivars":5, "references":["0x7fc96c02f0c0", "0x7fc96c02eeb8", "0x7fc96c02eeb8"], "memsize":40, "flags":{"wb_protected":true, "old":true, "marked":true}}
{"address":"0x7fc96c02efd0", "type":"STRING", "class":"0x7fc96c801668", "frozen":true, "embedded":true, "fstring":true, "bytesize":1, "value":"v", "encoding":"US-ASCII", "flags":{"wb_protected":true, "old":true, "marked":true}}
{"address":"0x7fc96c02f020", "type":"STRING", "class":"0x7fc96c801668", "frozen":true, "embedded":true, "fstring":true, "bytesize":1, "value":"k", "encoding":"US-ASCII", "flags":{"wb_protected":true, "old":true, "marked":true}}
{"address":"0x7fc96c02f098", "type":"DATA", "class":"0x7fc96c833488", "struct":"iseq", "references":["0x7fc96c02fa70", "0x7fc96c034408", "0x7fc96c870720", "0x7fc96c870720", "0x7fc96c034390"], "memsize":712, "flags":{"wb_protected":true, "old":true, "marked":true}}
{"address":"0x7fc96c02f0c0", "type":"STRING", "class":"0x7fc96c801668", "embedded":true, "bytesize":6, "value":"hashie", "encoding":"UTF-8", "flags":{"wb_protected":true, "old":true, "marked":true}}
{"address":"0x7fc96c02f0e8", "type":"ARRAY", "class":"0x7fc96c84a048", "length":2, "embedded":true, "references":["0x7fc96c02f318", "0x7fc96c02f2c8"], "flags":{"wb_protected":true, "old":true, "marked":true}}
{"address":"0x7fc96c02f110", "type":"STRING", "class":"0x7fc96c801668", "embedded":true, "bytesize":3, "value":"0.9", "encoding":"UTF-8", "flags":{"wb_protected":true, "old":true, "marked":true}}
{"address":"0x7fc96c02f250", "type":"DATA", "class":"0x7fc96c833488", "struct":"iseq", "references":["0x7fc96c02fa70", "0x7fc96c034408", "0x7fc96c870720", "0x7fc96c870720", "0x7fc96c034390"], "memsize":712, "flags":{"wb_protected":true, "old":true, "marked":true}}
{"address":"0x7fc96c02f2c8", "type":"OBJECT", "class":"0x7fc96d040a68", "ivars":3, "references":["0x7fc96c02f110"], "flags":{"wb_protected":true, "old":true, "marked":true}}
{"address":"0x7fc96c02f318", "type":"STRING", "class":"0x7fc96c801668", "embedded":true, "bytesize":2, "value":"~>", "encoding":"UTF-8", "flags":{"wb_protected":true, "old":true, "marked":true}}
{"address":"0x7fc96c02f430", "type":"STRING", "class":"0x7fc96c801668", "frozen":true, "embedded":true, "fstring":true, "bytesize":17, "value":"StdioOutputMethod", "encoding":"US-ASCII", "flags":{"wb_protected":true, "old":true, "marked":true}}
{"address":"0x7fc96c02f458", "type":"STRING", "class":"0x7fc96c801668", "frozen":true, "embedded":true, "fstring":true, "bytesize":3, "value":"say", "encoding":"US-ASCII", "flags":{"wb_protected":true, "old":true, "marked":true}}
{"address":"0x7fc96c02f480", "type":"ARRAY", "class":"0x7fc96c84a048", "length":1, "embedded":true, "references":["0x7fc96c02f0e8"], "flags":{"wb_protected":true, "old":true, "marked":true}}
{"address":"0x7fc96c02f4a8", "type":"STRING", "class":"0x7fc96c801668", "frozen":true, "embedded":true, "fstring":true, "bytesize":2, "value":"ui", "encoding":"US-ASCII", "flags":{"wb_protected":true, "old":true, "marked":true}}
{"address":"0x7fc96c02f4d0", "type":"DATA", "class":"0x7fc96c833488", "struct":"iseq", "references":["0x7fc96c02fa70", "0x7fc96c034408", "0x7fc96c870720", "0x7fc96c870720", "0x7fc96c034390"], "memsize":712, "flags":{"wb_protected":true, "old":true, "marked":true}}
{"address":"0x7fc96c02f4f8", "type":"STRING", "class":"0x7fc96c801668", "frozen":true, "embedded":true, "fstring":true, "bytesize":7, "value":"exec_if", "encoding":"US-ASCII", "flags":{"wb_protected":true, "old":true, "marked":true}}
{"address":"0x7fc96c02f548", "type":"OBJECT", "class":"0x7fc96c8c2688", "ivars":3, "references":["0x7fc96c02f480"], "flags":{"wb_protected":true, "old":true, "marked":true}}
{"address":"0x7fc96c02f598", "type":"STRING", "class":"0x7fc96c801668", "frozen":true, "embedded":true, "fstring":true, "bytesize":15, "value":"MAKEFILE_CONFIG", "encoding":"US-ASCII", "flags":{"wb_protected":true, "old":true, "marked":true}}
{"address":"0x7fc96c02f5c0", "type":"OBJECT", "class":"0x7fc96d077ae0", "ivars":5, "references":["0x7fc96c02f700", "0x7fc96c02f548", "0x7fc96c02f548"], "memsize":40, "flags":{"wb_protected":true, "old":true, "marked":true}}
{"address":"0x7fc96c02f638", "type":"STRING", "class":"0x7fc96c801668", "frozen":true, "embedded":true, "fstring":true, "bytesize":7, "value":"elapsed", "encoding":"US-ASCII", "flags":{"wb_protected":true, "old":true, "marked":true}}
{"address":"0x7fc96c02f700", "type":"STRING", "class":"0x7fc96c801668", "embedded":true, "bytesize":4, "value":"rake", "encoding":"UTF-8", "flags":{"wb_protected":true, "old":true, "marked":true}}
{"address":"0x7fc96c02f728", "type":"ARRAY", "class":"0x7fc96c84a048", "length":2, "embedded":true, "references":["0x7fc96c02f980", "0x7fc96c02f930"], "flags":{"wb_protected":true, "old":true, "marked":true}}
{"address":"0x7fc96c02f750", "type":"STRING", "class":"0x7fc96c801668", "embedded":true, "bytesize":3, "value":"0.2", "encoding":"UTF-8", "flags":{"wb_protected":true, "old":true, "marked":true}}
{"address":"0x7fc96c02f7a0", "type":"DATA", "class":"0x7fc96c833488", "struct":"iseq", "references":["0x7fc96c02fa70", "0x7fc96c034408", "0x7fc96c870720", "0x7fc96c870720", "0x7fc96c034390"], "memsize":712, "flags":{"wb_protected":true, "old":true, "marked":true}}
{"address":"0x7fc96c02f868", "type":"STRING", "class":"0x7fc96c801668", "frozen":true, "embedded":true, "fstring":true, "bytesize":8, "value":"match_io", "encoding":"US-ASCII", "flags":{"wb_protected":true, "old":true, "marked":true}}
{"address":"0x7fc96c02f8b8", "type":"ARRAY", "length":57, "references":["0x7fc96c02fa48", "0x7fc96c02f7a0", "0x7fc96c02f4d0", "0x7fc96c02f250", "0x7fc96c02f098", "0x7fc96c02ee90", "0x7fc96c02ec38", "0x7fc96c02ead0", "0x7fc96c02e760", "0x7fc96c02e3c8", "0x7fc96c02e170", "0x7fc96c02df68", "0x7fc96c02dc48", "0x7fc96c02db08", "0x7fc96c02d860", "0x7fc96c02d3d8", "0x7fc96c02d180", "0x7fc96c02cf78", "0x7fc96c02ccf8", "0x7fc96c02cac8", "0x7fc96c02c988", "0x7fc96c02c7d0", "0x7fc96c02c550", "0x7fc96c023a68", "0x7fc96c023928", "0x7fc96c868c28", "0x7fc96c868340", "0x7fc96c863958", "0x7fc96c862ee0", "0x7fc96c862148", "0x7fc96c861428", "0x7fc96c860870", "0x7fc96c05b648", "0x7fc96c05aab8", "0x7fc96c059e88", "0x7fc96c058f88", "0x7fc96c058650", "0x7fc96c03ddf0", "0x7fc96c023860", "0x7fc96d832c30", "0x7fc96d832c30", "0x7fc96d832c30", "0x7fc96c02e698", "0x7fc96c02e648", "0x7fc96c03f2b8", "0x7fc96c02d2e8", "0x7fc96c02d068", "0x7fc96c02cd98", "0x7fc96c02cb90", "0x7fc96c050bf8", "0x7fc96c050540", "0x7fc96c03f2b8", "0x7fc96c0527c8", "0x7fc96c02e760", "0x7fc96c02e170", "0x7fc96c02dc48", "0x7fc96c02cac8"], "memsize":680, "flags":{"wb_protected":true, "old":true, "marked":true}}
{"address":"0x7fc96c02f8e0", "type":"STRING", "class":"0x7fc96c801668", "frozen":true, "embedded":true, "fstring":true, "bytesize":7, "value":"verbose", "encoding":"US-ASCII", "flags":{"wb_protected":true, "old":true, "marked":true}}
{"address":"0x7fc96c02f930", "type":"OBJECT", "class":"0x7fc96d040a68", "ivars":3, "references":["0x7fc96c02f750"], "flags":{"wb_protected":true, "old":true, "marked":true}}
{"address":"0x7fc96c02f980", "type":"STRING", "class":"0x7fc96c801668", "embedded":true, "bytesize":2, "value":"~>", "encoding":"UTF-8", "flags":{"wb_protected":true, "old":true, "marked":true}}
{"address":"0x7fc96c02f9d0", "type":"STRING", "class":"0x7fc96c801668", "frozen":true, "embedded":true, "fstring":true, "bytesize":5, "value":"width", "encoding":"US-ASCII", "flags":{"wb_protected":true, "old":true, "marked":true}}
{"address":"0x7fc96c02fa20", "type":"STRING", "class":"0x7fc96c801668", "frozen":true, "embedded":true, "fstring":true, "bytesize":4, "value":"time", "encoding":"US-ASCII", "flags":{"wb_protected":true, "old":true, "marked":true}}
{"address":"0x7fc96c02fa48", "type":"DATA", "class":"0x7fc96c833488", "struct":"iseq", "references":["0x7fc96c02fa70", "0x7fc96c034408", "0x7fc96c870720", "0x7fc96c870720", "0x7fc96c034390"], "memsize":712, "flags":{"wb_protected":true, "old":true, "marked":true}}
{"address":"0x7fc96c02fa70", "type":"STRING", "class":"0x7fc96c801668", "frozen":true, "fstring":true, "bytesize":43, "capacity":120, "value":"block (2 levels) in <module:InputCompletor>", "memsize":121, "flags":{"wb_protected":true, "old":true, "marked":true}}
{"address":"0x7fc96c02fae8", "type":"REGEXP", "class":"0x7fc96c8491e8", "references":["0x7fc96c803b20"], "memsize":484, "flags":{"wb_protected":true, "old":true, "marked":true}}
{"address":"0x7fc96c02fb10", "type":"ARRAY", "class":"0x7fc96c84a048", "length":1, "embedded":true, "references":["0x7fc96c02f728"], "flags":{"wb_protected":true, "old":true, "marked":true}}
{"address":"0x7fc96c02fb88", "type":"OBJECT", "class":"0x7fc96c8c2688", "ivars":3, "references":["0x7fc96c02fb10"], "flags":{"wb_protected":true, "old":true, "marked":true}}
{"address":"0x7fc96c02fbd8", "type":"OBJECT", "class":"0x7fc96d077ae0", "ivars":5, "references":["0x7fc96c02fd18", "0x7fc96c02fb88", "0x7fc96c02fb88"], "memsize":40, "flags":{"wb_protected":true, "old":true, "marked":true}}
{"address":"0x7fc96c02fc50", "type":"DATA", "class":"0x7fc96c833488", "struct":"iseq", "references":["0x7fc96c02f8b8", "0x7fc96c02fc78", "0x7fc96c034408", "0x7fc96c870720", "0x7fc96c870720", "0x7fc96c034390"], "memsize":31616, "flags":{"wb_protected":true, "old":true, "marked":true}}
{"address":"0x7fc96c02fc78", "type":"STRING", "class":"0x7fc96c801668", "frozen":true, "fstring":true, "bytesize":32, "capacity":120, "value":"block in <module:InputCompletor>", "memsize":121, "flags":{"wb_protected":true, "old":true, "marked":true}}
{"address":"0x7fc96c02fcc8", "type":"STRING", "class":"0x7fc96c801668", "frozen":true, "embedded":true, "fstring":true, "bytesize":5, "value":"yield", "encoding":"UTF-8", "flags":{"wb_protected":true, "old":true, "marked":true}}
{"address":"0x7fc96c02fcf0", "type":"STRING", "class":"0x7fc96c801668", "frozen":true, "embedded":true, "fstring":true, "bytesize":4, "value":"when", "encoding":"UTF-8", "flags":{"wb_protected":true, "old":true, "marked":true}}
{"address":"0x7fc96c02fd18", "type":"STRING", "class":"0x7fc96c801668", "embedded":true, "bytesize":9, "value":"multi_xml", "encoding":"UTF-8", "flags":{"wb_protected":true, "old":true, "marked":true}}
{"address":"0x7fc96c02fd40", "type":"ARRAY", "class":"0x7fc96c84a048", "length":2, "embedded":true, "references":["0x7fc96c02ff98", "0x7fc96c02ff20"], "flags":{"wb_protected":true, "old":true, "marked":true}}
{"address":"0x7fc96c02fd68", "type":"STRING", "class":"0x7fc96c801668", "frozen":true, "embedded":true, "fstring":true, "bytesize":5, "value":"undef", "encoding":"UTF-8", "flags":{"wb_protected":true, "old":true, "marked":true}}
{"address":"0x7fc96c02fd90", "type":"STRING", "class":"0x7fc96c801668", "embedded":true, "bytesize":5, "value":"0.7.4", "encoding":"UTF-8", "flags":{"wb_protected":true, "old":true, "marked":true}}
{"address":"0x7fc96c02fdb8", "type":"STRING", "class":"0x7fc96c801668", "frozen":true, "embedded":true, "fstring":true, "bytesize":4, "value":"true", "encoding":"UTF-8", "flags":{"wb_protected":true, "old":true, "marked":true}}
{"address":"0x7fc96c02fde0", "type":"STRING", "class":"0x7fc96c801668", "frozen":true, "embedded":true, "fstring":true, "bytesize":4, "value":"then", "encoding":"UTF-8", "flags":{"wb_protected":true, "old":true, "marked":true}}
{"address":"0x7fc96c02fe08", "type":"STRING", "class":"0x7fc96c801668", "frozen":true, "embedded":true, "fstring":true, "bytesize":5, "value":"super", "encoding":"UTF-8", "flags":{"wb_protected":true, "old":true, "marked":true}}
{"address":"0x7fc96c02fe30", "type":"STRING", "class":"0x7fc96c801668", "frozen":true, "embedded":true, "fstring":true, "bytesize":6, "value":"return", "encoding":"UTF-8", "flags":{"wb_protected":true, "old":true, "marked":true}}
{"address":"0x7fc96c02fe58", "type":"STRING", "class":"0x7fc96c801668", "frozen":true, "embedded":true, "fstring":true, "bytesize":5, "value":"retry", "encoding":"UTF-8", "flags":{"wb_protected":true, "old":true, "marked":true}}
{"address":"0x7fc96c02fe80", "type":"STRING", "class":"0x7fc96c801668", "frozen":true, "embedded":true, "fstring":true, "bytesize":6, "value":"rescue", "encoding":"UTF-8", "flags":{"wb_protected":true, "old":true, "marked":true}}
{"address":"0x7fc96c02fea8", "type":"STRING", "class":"0x7fc96c801668", "frozen":true, "embedded":true, "fstring":true, "bytesize":4, "value":"redo", "encoding":"UTF-8", "flags":{"wb_protected":true, "old":true, "marked":true}}
{"address":"0x7fc96c02fed0", "type":"STRING", "class":"0x7fc96c801668", "frozen":true, "embedded":true, "fstring":true, "bytesize":2, "value":"or", "encoding":"UTF-8", "flags":{"wb_protected":true, "old":true, "marked":true}}
{"address":"0x7fc96c02fef8", "type":"STRING", "class":"0x7fc96c801668", "frozen":true, "embedded":true, "fstring":true, "bytesize":3, "value":"not", "encoding":"UTF-8", "flags":{"wb_protected":true, "old":true, "marked":true}}
{"address":"0x7fc96c02ff20", "type":"OBJECT", "class":"0x7fc96d040a68", "ivars":3, "references":["0x7fc96c02fd90"], "flags":{"wb_protected":true, "old":true, "marked":true}}
{"address":"0x7fc96c02ff48", "type":"STRING", "class":"0x7fc96c801668", "frozen":true, "embedded":true, "fstring":true, "bytesize":3, "value":"nil", "encoding":"UTF-8", "flags":{"wb_protected":true, "old":true, "marked":true}}
{"address":"0x7fc96c02ff70", "type":"STRING", "class":"0x7fc96c801668", "frozen":true, "embedded":true, "fstring":true, "bytesize":4, "value":"next", "encoding":"UTF-8", "flags":{"wb_protected":true, "old":true, "marked":true}}
{"address":"0x7fc96c02ff98", "type":"STRING", "class":"0x7fc96c801668", "embedded":true, "bytesize":2, "value":">=", "encoding":"UTF-8", "flags":{"wb_protected":true, "old":true, "marked":true}}
{"address":"0x7fc96c034020", "type":"STRING", "class":"0x7fc96c801668", "embedded":true, "bytesize":1, "value":"<", "encoding":"UTF-8", "flags":{"wb_protected":true, "old":true, "marked":true}}
{"address":"0x7fc96c034048", "type":"STRING", "class":"0x7fc96c801668", "frozen":true, "embedded":true, "fstring":true, "bytesize":2, "value":"in", "encoding":"UTF-8", "flags":{"wb_protected":true, "old":true, "marked":true}}
{"address":"0x7fc96c034070", "type":"STRING", "class":"0x7fc96c801668", "frozen":true, "embedded":true, "fstring":true, "bytesize":5, "value":"false", "encoding":"UTF-8", "flags":{"wb_protected":true, "old":true, "marked":true}}
{"address":"0x7fc96c034098", "type":"STRING", "class":"0x7fc96c801668", "frozen":true, "embedded":true, "fstring":true, "bytesize":6, "value":"ensure", "encoding":"UTF-8", "flags":{"wb_protected":true, "old":true, "marked":true}}
{"address":"0x7fc96c0340c0", "type":"STRING", "class":"0x7fc96c801668", "frozen":true, "embedded":true, "fstring":true, "bytesize":5, "value":"elsif", "encoding":"UTF-8", "flags":{"wb_protected":true, "old":true, "marked":true}}
{"address":"0x7fc96c0340e8", "type":"STRING", "class":"0x7fc96c801668", "frozen":true, "embedded":true, "fstring":true, "bytesize":4, "value":"else", "encoding":"UTF-8", "flags":{"wb_protected":true, "old":true, "marked":true}}
{"address":"0x7fc96c034110", "type":"REGEXP", "class":"0x7fc96c8491e8", "references":["0x7fc96c803b20"], "memsize":484, "flags":{"wb_protected":true, "old":true, "marked":true}}
{"address":"0x7fc96c034138", "type":"STRING", "class":"0x7fc96c801668", "frozen":true, "embedded":true, "fstring":true, "bytesize":7, "value":"defined", "encoding":"UTF-8", "flags":{"wb_protected":true, "old":true, "marked":true}}
{"address":"0x7fc96c034160", "type":"OBJECT", "class":"0x7fc96d040a68", "ivars":3, "references":["0x7fc96c037180"], "flags":{"wb_protected":true, "old":true, "marked":true}}
{"address":"0x7fc96c034188", "type":"STRING", "class":"0x7fc96c801668", "frozen":true, "embedded":true, "fstring":true, "bytesize":5, "value":"break", "encoding":"UTF-8", "flags":{"wb_protected":true, "old":true, "marked":true}}
{"address":"0x7fc96c0341b0", "type":"STRING", "class":"0x7fc96c801668", "frozen":true, "embedded":true, "fstring":true, "bytesize":3, "value":"and", "encoding":"UTF-8", "flags":{"wb_protected":true, "old":true, "marked":true}}
{"address":"0x7fc96c0341d8", "type":"STRING", "class":"0x7fc96c801668", "frozen":true, "embedded":true, "fstring":true, "bytesize":14, "value":"create_subnode", "encoding":"US-ASCII", "flags":{"wb_protected":true, "old":true, "marked":true}}
{"address":"0x7fc96c034200", "type":"ARRAY", "class":"0x7fc96c84a048", "length":2, "embedded":true, "references":["0x7fc96c0372e8", "0x7fc96c02fd40"], "flags":{"wb_protected":true, "old":true, "marked":true}}
{"address":"0x7fc96c034228", "type":"STRING", "class":"0x7fc96c801668", "frozen":true, "embedded":true, "fstring":true, "bytesize":5, "value":"alias", "encoding":"UTF-8", "flags":{"wb_protected":true, "old":true, "marked":true}}
{"address":"0x7fc96c034250", "type":"STRING", "class":"0x7fc96c801668", "frozen":true, "embedded":true, "fstring":true, "bytesize":3, "value":"END", "encoding":"UTF-8", "flags":{"wb_protected":true, "old":true, "marked":true}}
{"address":"0x7fc96c034278", "type":"STRING", "class":"0x7fc96c801668", "frozen":true, "embedded":true, "fstring":true, "bytesize":5, "value":"BEGIN", "encoding":"UTF-8", "flags":{"wb_protected":true, "old":true, "marked":true}}
{"address":"0x7fc96c0342a0", "type":"STRING", "class":"0x7fc96c801668", "frozen":true, "embedded":true, "fstring":true, "bytesize":6, "value":"suffix", "encoding":"US-ASCII", "flags":{"wb_protected":true, "old":true, "marked":true}}
{"address":"0x7fc96c0342c8", "type":"OBJECT", "class":"0x7fc96c8c2688", "ivars":3, "references":["0x7fc96c034200"], "flags":{"wb_protected":true, "old":true, "marked":true}}
{"address":"0x7fc96c0342f0", "type":"STRING", "class":"0x7fc96c801668", "frozen":true, "fstring":true, "bytesize":56, "value":"-$Id: completion.rb 41062 2013-06-04 14:17:17Z eregon $-", "encoding":"UTF-8", "memsize":57, "flags":{"wb_protected":true, "old":true, "marked":true}}
{"address":"0x7fc96c034340", "type":"OBJECT", "class":"0x7fc96d077ae0", "ivars":5, "references":["0x7fc96c0344d0", "0x7fc96c0342c8", "0x7fc96c0342c8"], "memsize":40, "flags":{"wb_protected":true, "old":true, "marked":true}}
{"address":"0x7fc96c034390", "type":"NODE", "node_type":"NODE_CREF", "references":["0x7fc96c022f28", "0x7fc96c0344a8"], "flags":{"wb_protected":true, "old":true, "marked":true}}
{"address":"0x7fc96c0343b8", "type":"STRING", "class":"0x7fc96c801668", "frozen":true, "fstring":true, "bytesize":28, "value":"find_unresolved_default_spec", "encoding":"US-ASCII", "memsize":29, "flags":{"wb_protected":true, "old":true, "marked":true}}
{"address":"0x7fc96c0343e0", "type":"DATA", "class":"0x7fc96c833488", "struct":"iseq", "references":["0x7fc96c023748", "0x7fc96c034408", "0x7fc96c034408", "0x7fc96c870720", "0x7fc96c870720", "0x7fc96c034390"], "memsize":3544, "flags":{"wb_protected":true, "old":true, "marked":true}}
{"address":"0x7fc96c034408", "type":"STRING", "class":"0x7fc96c801668", "frozen":true, "fstring":true, "bytesize":23, "capacity":120, "value":"<module:InputCompletor>", "memsize":121, "flags":{"wb_protected":true, "old":true, "marked":true}}
{"address":"0x7fc96c0344a8", "type":"NODE", "node_type":"NODE_CREF", "references":["0x7fc96c8698a8", "0x7fc96c034598"], "flags":{"wb_protected":true, "old":true, "marked":true}}
{"address":"0x7fc96c0344d0", "type":"STRING", "class":"0x7fc96c801668", "embedded":true, "bytesize":7, "value":"faraday", "encoding":"UTF-8", "flags":{"wb_protected":true, "old":true, "marked":true}}
{"address":"0x7fc96c034598", "type":"NODE", "node_type":"NODE_CREF", "references":["0x7fc96c803788"], "flags":{"wb_protected":true, "old":true, "marked":true}}
{"address":"0x7fc96c034610", "type":"REGEXP", "class":"0x7fc96c8491e8", "references":["0x7fc96c803b20"], "memsize":484, "flags":{"wb_protected":true, "old":true, "marked":true}}
{"address":"0x7fc96c0346d8", "type":"STRING", "class":"0x7fc96c801668", "frozen":true, "embedded":true, "fstring":true, "bytesize":14, "value":"APPLE_GEM_HOME", "encoding":"US-ASCII", "flags":{"wb_protected":true, "old":true, "marked":true}}
{"address":"0x7fc96c034e30", "type":"STRING", "class":"0x7fc96c801668", "frozen":true, "embedded":true, "fstring":true, "bytesize":6, "value":"search", "encoding":"US-ASCII", "flags":{"wb_protected":true, "old":true, "marked":true}}
{"address":"0x7fc96c034e58", "type":"STRING", "class":"0x7fc96c801668", "embedded":true, "bytesize":5, "value":"2.2.0", "encoding":"UTF-8", "flags":{"wb_protected":true, "old":true, "marked":true}}
{"address":"0x7fc96c034e80", "type":"STRING", "class":"0x7fc96c801668", "frozen":true, "embedded":true, "fstring":true, "bytesize":4, "value":"node", "encoding":"US-ASCII", "flags":{"wb_protected":true, "old":true, "marked":true}}
{"address":"0x7fc96c034ea8", "type":"STRING", "class":"0x7fc96c801668", "frozen":true, "embedded":true, "fstring":true, "bytesize":14, "value":"prefix_pattern", "encoding":"US-ASCII", "flags":{"wb_protected":true, "old":true, "marked":true}}
{"address":"0x7fc96c035038", "type":"OBJECT", "class":"0x7fc96d040a68", "ivars":3, "references":["0x7fc96c034e58"], "flags":{"wb_protected":true, "old":true, "marked":true}}
{"address":"0x7fc96c035088", "type":"STRING", "class":"0x7fc96c801668", "shared":true, "encoding":"UTF-8", "references":["0x7fc96c0350d8"], "flags":{"wb_protected":true, "old":true, "marked":true}}
{"address":"0x7fc96c0350d8", "type":"STRING", "class":"0x7fc96c801668", "frozen":true, "bytesize":30, "value":"Various middleware for Faraday", "encoding":"UTF-8", "memsize":31, "flags":{"wb_protected":true, "old":true, "marked":true}}
{"address":"0x7fc96c0351a0", "type":"STRING", "class":"0x7fc96c801668", "frozen":true, "bytesize":80, "value":"/Users/antoine/.rvm/gems/ruby-2.0.0-p247/specifications/mixlib-log-1.6.0.gemspec", "encoding":"UTF-8", "memsize":81, "flags":{"wb_protected":true, "old":true, "marked":true}}
{"address":"0x7fc96c0351c8", "type":"ARRAY", "class":"0x7fc96c84a048", "length":0, "flags":{"wb_protected":true, "old":true, "marked":true}}
{"address":"0x7fc96c0351f0", "type":"STRING", "class":"0x7fc96c801668", "frozen":true, "embedded":true, "fstring":true, "bytesize":12, "value":"prefix_group", "encoding":"US-ASCII", "flags":{"wb_protected":true, "old":true, "marked":true}}
{"address":"0x7fc96c035218", "type":"OBJECT", "class":"0x7fc96d077a68", "ivars":14, "references":["0x7fc96c828ee8", "0x7fc96c880530", "0x7fc96c880670", "0x7fc96c880710", "0x7fc96c02d5b8", "0x7fc96c0351c8", "0x7fc96c02d5b8", "0x7fc96c8c82e0", "0x7fc96c02c780", "0x7fc96c02c708", "0x7fc96c023d60"], "memsize":112, "flags":{"wb_protected":true, "old":true, "marked":true}}
{"address":"0x7fc96c035240", "type":"STRING", "class":"0x7fc96c801668", "frozen":true, "embedded":true, "bytesize":19, "value":"mixlib-config-1.1.2", "encoding":"UTF-8", "flags":{"wb_protected":true, "old":true, "marked":true}}
{"address":"0x7fc96c0352b8", "type":"STRING", "class":"0x7fc96c801668", "shared":true, "encoding":"US-ASCII", "references":["0x7fc96c065b48"], "flags":{"wb_protected":true, "old":true, "marked":true}}
{"address":"0x7fc96c0352e0", "type":"STRING", "class":"0x7fc96c801668", "shared":true, "encoding":"UTF-8", "references":["0x7fc96c035330"], "flags":{"wb_protected":true, "old":true, "marked":true}}
{"address":"0x7fc96c035308", "type":"STRING", "class":"0x7fc96c801668", "embedded":true, "bytesize":5, "value":"2.2.0", "encoding":"UTF-8", "flags":{"wb_protected":true, "old":true, "marked":true}}
{"address":"0x7fc96c035330", "type":"STRING", "class":"0x7fc96c801668", "frozen":true, "bytesize":61, "value":"A class based config mixin, similar to the one found in Chef.", "encoding":"UTF-8", "memsize":62, "flags":{"wb_protected":true, "old":true, "marked":true}}
{"address":"0x7fc96c035358", "type":"STRING", "class":"0x7fc96c801668", "shared":true, "encoding":"UTF-8", "references":["0x7fc96c0377c0"], "flags":{"wb_protected":true, "old":true, "marked":true}}
{"address":"0x7fc96c035380", "type":"ARRAY", "class":"0x7fc96c84a048", "length":2, "embedded":true, "references":["0x7fc96c0353d0", "0x7fc96c0353a8"], "flags":{"wb_protected":true, "old":true, "marked":true}}
{"address":"0x7fc96c0353a8", "type":"STRING", "class":"0x7fc96c801668", "shared":true, "encoding":"UTF-8", "references":["0x7fc96c0377e8"], "flags":{"wb_protected":true, "old":true, "marked":true}}
{"address":"0x7fc96c0353d0", "type":"STRING", "class":"0x7fc96c801668", "embedded":true, "bytesize":16, "value":"sferik@gmail.com", "encoding":"UTF-8", "flags":{"wb_protected":true, "old":true, "marked":true}}
{"address":"0x7fc96c0353f8", "type":"STRING", "class":"0x7fc96c801668", "shared":true, "encoding":"UTF-8", "references":["0x7fc96c037888"], "flags":{"wb_protected":true, "old":true, "marked":true}}
{"address":"0x7fc96c035420", "type":"STRING", "class":"0x7fc96c801668", "embedded":true, "bytesize":5, "value":"2.0.6", "encoding":"UTF-8", "flags":{"wb_protected":true, "old":true, "marked":true}}
{"address":"0x7fc96c035448", "type":"ARRAY", "class":"0x7fc96c84a048", "length":1, "embedded":true, "references":["0x7fc96c035470"], "flags":{"wb_protected":true, "old":true, "marked":true}}
{"address":"0x7fc96c035470", "type":"STRING", "class":"0x7fc96c801668", "embedded":true, "bytesize":3, "value":"lib", "encoding":"UTF-8", "flags":{"wb_protected":true, "old":true, "marked":true}}
{"address":"0x7fc96c035498", "type":"ARRAY", "class":"0x7fc96c84a048", "length":1, "embedded":true, "references":["0x7fc96c0354c0"], "flags":{"wb_protected":true, "old":true, "marked":true}}
{"address":"0x7fc96c0354c0", "type":"STRING", "class":"0x7fc96c801668", "embedded":true, "bytesize":15, "value":"--charset=UTF-8", "encoding":"UTF-8", "flags":{"wb_protected":true, "old":true, "marked":true}}
{"address":"0x7fc96c0354e8", "type":"STRING", "class":"0x7fc96c801668", "embedded":true, "bytesize":22, "value":"http://www.opscode.com", "encoding":"UTF-8", "flags":{"wb_protected":true, "old":true, "marked":true}}
{"address":"0x7fc96c035510", "type":"ARRAY", "class":"0x7fc96c84a048", "length":2, "embedded":true, "references":["0x7fc96c0355b0", "0x7fc96c035560"], "flags":{"wb_protected":true, "old":true, "marked":true}}
{"address":"0x7fc96c035538", "type":"STRING", "class":"0x7fc96c801668", "frozen":true, "embedded":true, "fstring":true, "bytesize":6, "value":"tokens", "encoding":"US-ASCII", "flags":{"wb_protected":true, "old":true, "marked":true}}
{"address":"0x7fc96c035560", "type":"STRING", "class":"0x7fc96c801668", "embedded":true, "bytesize":11, "value":"README.rdoc", "encoding":"UTF-8", "flags":{"wb_protected":true, "old":true, "marked":true}}
{"address":"0x7fc96c035588", "type":"STRING", "class":"0x7fc96c801668", "frozen":true, "embedded":true, "fstring":true, "bytesize":13, "value":"require_paths", "encoding":"US-ASCII", "flags":{"wb_protected":true, "old":true, "marked":true}}
{"address":"0x7fc96c0355b0", "type":"STRING", "class":"0x7fc96c801668", "embedded":true, "bytesize":7, "value":"LICENSE", "encoding":"UTF-8", "flags":{"wb_protected":true, "old":true, "marked":true}}
{"address":"0x7fc96c0355d8", "type":"ARRAY", "class":"0x7fc96c84a048", "length":2, "embedded":true, "references":["0x7fc96c035650", "0x7fc96c035628"], "flags":{"wb_protected":true, "old":true, "marked":true}}
{"address":"0x7fc96c035600", "type":"STRING", "class":"0x7fc96c801668", "frozen":true, "fstring":true, "bytesize":28, "value":"default_gems_use_full_paths?", "encoding":"US-ASCII", "memsize":29, "flags":{"wb_protected":true, "old":true, "marked":true}}
{"address":"0x7fc96c035628", "type":"STRING", "class":"0x7fc96c801668", "embedded":true, "bytesize":11, "value":"README.rdoc", "encoding":"UTF-8", "flags":{"wb_protected":true, "old":true, "marked":true}}
{"address":"0x7fc96c035650", "type":"STRING", "class":"0x7fc96c801668", "embedded":true, "bytesize":7, "value":"LICENSE", "encoding":"UTF-8", "flags":{"wb_protected":true, "old":true, "marked":true}}
{"address":"0x7fc96c035678", "type":"STRING", "class":"0x7fc96c801668", "frozen":true, "embedded":true, "fstring":true, "bytesize":10, "value":"new_format", "encoding":"US-ASCII", "flags":{"wb_protected":true, "old":true, "marked":true}}
{"address":"0x7fc96c0356a0", "type":"STRING", "class":"0x7fc96c801668", "embedded":true, "bytesize":16, "value":"info@opscode.com", "encoding":"UTF-8", "flags":{"wb_protected":true, "old":true, "marked":true}}
{"address":"0x7fc96c0356f0", "type":"DATA", "class":"0x7fc96c841150", "struct":"time", "memsize":88, "flags":{"remembered":true}}
{"address":"0x7fc96c035718", "type":"STRING", "class":"0x7fc96c801668", "frozen":true, "embedded":true, "fstring":true, "bytesize":21, "value":"register_default_spec", "encoding":"US-ASCII", "flags":{"wb_protected":true, "old":true, "marked":true}}
{"address":"0x7fc96c035740", "type":"DATA", "class":"0x7fc96c841150", "struct":"time", "memsize":88, "flags":{"remembered":true}}
{"address":"0x7fc96c0357b8", "type":"STRING", "class":"0x7fc96c801668", "frozen":true, "embedded":true, "fstring":true, "bytesize":9, "value":"this_path", "encoding":"US-ASCII", "flags":{"wb_protected":true, "old":true, "marked":true}}
{"address":"0x7fc96c0357e0", "type":"STRING", "class":"0x7fc96c801668", "frozen":true, "embedded":true, "fstring":true, "bytesize":12, "value":"save_history", "encoding":"US-ASCII", "flags":{"wb_protected":true, "old":true, "marked":true}}
{"address":"0x7fc96c035808", "type":"STRING", "class":"0x7fc96c801668", "frozen":true, "embedded":true, "fstring":true, "bytesize":6, "value":"symbol", "encoding":"US-ASCII", "flags":{"wb_protected":true, "old":true, "marked":true}}
{"address":"0x7fc96c035948", "type":"ARRAY", "class":"0x7fc96c84a048", "length":1, "embedded":true, "references":["0x7fc96c035a10"], "flags":{"wb_protected":true, "old":true, "marked":true}}
{"address":"0x7fc96c035998", "type":"ARRAY", "class":"0x7fc96c84a048", "length":2, "embedded":true, "references":["0x7fc96c035ab0", "0x7fc96c035a88"], "flags":{"wb_protected":true, "old":true, "marked":true}}
{"address":"0x7fc96c0359c0", "type":"STRING", "class":"0x7fc96c801668", "frozen":true, "embedded":true, "fstring":true, "bytesize":12, "value":"loaded_specs", "encoding":"US-ASCII", "flags":{"wb_protected":true, "old":true, "marked":true}}
{"address":"0x7fc96c035a10", "type":"STRING", "class":"0x7fc96c801668", "embedded":true, "bytesize":13, "value":"Opscode, Inc.", "encoding":"UTF-8", "flags":{"wb_protected":true, "old":true, "marked":true}}
{"address":"0x7fc96c035a88", "type":"STRING", "class":"0x7fc96c801668", "embedded":true, "bytesize":15, "value":"Wynn Netherland", "encoding":"UTF-8", "flags":{"wb_protected":true, "old":true, "marked":true}}
{"address":"0x7fc96c035ab0", "type":"STRING", "class":"0x7fc96c801668", "embedded":true, "bytesize":18, "value":"Erik Michaels-Ober", "encoding":"UTF-8", "flags":{"wb_protected":true, "old":true, "marked":true}}
{"address":"0x7fc96c035ad8", "type":"ARRAY", "class":"0x7fc96c84a048", "length":1, "embedded":true, "references":["0x7fc96c035b00"], "flags":{"wb_protected":true, "old":true, "marked":true}}
{"address":"0x7fc96c035b00", "type":"STRING", "class":"0x7fc96c801668", "embedded":true, "bytesize":3, "value":"lib", "encoding":"UTF-8", "flags":{"wb_protected":true, "old":true, "marked":true}}
{"address":"0x7fc96c035b28", "type":"ARRAY", "class":"0x7fc96c84a048", "length":2, "embedded":true, "references":["0x7fc96c035df8", "0x7fc96c035da8"], "flags":{"wb_protected":true, "old":true, "marked":true}}
{"address":"0x7fc96c035b50", "type":"ARRAY", "class":"0x7fc96c84a048", "length":1, "embedded":true, "references":["0x7fc96c8c1e90"], "flags":{"wb_protected":true, "old":true, "marked":true}}
{"address":"0x7fc96c035b78", "type":"STRING", "class":"0x7fc96c801668", "embedded":true, "bytesize":5, "value":"1.3.6", "encoding":"UTF-8", "flags":{"wb_protected":true, "old":true, "marked":true}}
{"address":"0x7fc96c035bc8", "type":"OBJECT", "class":"0x7fc96c8c2688", "ivars":3, "references":["0x7fc96c035b50"], "flags":{"wb_protected":true, "old":true, "marked":true}}
{"address":"0x7fc96c035c40", "type":"STRING", "class":"0x7fc96c801668", "frozen":true, "embedded":true, "fstring":true, "bytesize":8, "value":"postproc", "encoding":"US-ASCII", "flags":{"wb_protected":true, "old":true, "marked":true}}
{"address":"0x7fc96c035c68", "type":"STRING", "class":"0x7fc96c801668", "embedded":true, "bytesize":5, "value":"1.1.2", "encoding":"UTF-8", "flags":{"wb_protected":true, "old":true, "marked":true}}
{"address":"0x7fc96c035ce0", "type":"STRING", "class":"0x7fc96c801668", "frozen":true, "embedded":true, "fstring":true, "bytesize":14, "value":"detect_gemdeps", "encoding":"US-ASCII", "flags":{"wb_protected":true, "old":true, "marked":true}}
{"address":"0x7fc96c035d08", "type":"STRING", "class":"0x7fc96c801668", "frozen":true, "embedded":true, "fstring":true, "bytesize":7, "value":"preproc", "encoding":"US-ASCII", "flags":{"wb_protected":true, "old":true, "marked":true}}
{"address":"0x7fc96c035da8", "type":"OBJECT", "class":"0x7fc96d040a68", "ivars":3, "references":["0x7fc96c035b78"], "flags":{"wb_protected":true, "old":true, "marked":true}}
{"address":"0x7fc96c035df8", "type":"STRING", "class":"0x7fc96c801668", "embedded":true, "bytesize":2, "value":">=", "encoding":"UTF-8", "flags":{"wb_protected":true, "old":true, "marked":true}}
{"address":"0x7fc96c035e20", "type":"OBJECT", "class":"0x7fc96d040a68", "ivars":3, "references":["0x7fc96c035c68"], "flags":{"wb_protected":true, "old":true, "marked":true}}
{"address":"0x7fc96c035e70", "type":"STRING", "class":"0x7fc96c801668", "embedded":true, "bytesize":13, "value":"mixlib-config", "encoding":"UTF-8", "flags":{"wb_protected":true, "old":true, "marked":true}}
{"address":"0x7fc96c035ee8", "type":"ARRAY", "class":"0x7fc96c84a048", "length":0, "flags":{"wb_protected":true, "old":true, "marked":true}}
{"address":"0x7fc96c035f60", "type":"STRING", "class":"0x7fc96c801668", "frozen":true, "embedded":true, "fstring":true, "bytesize":6, "value":"^[0-9]", "encoding":"US-ASCII", "flags":{"wb_protected":true, "old":true, "marked":true}}
{"address":"0x7fc96c035f88", "type":"STRING", "class":"0x7fc96c801668", "frozen":true, "embedded":true, "fstring":true, "bytesize":4, "value":"Node", "encoding":"US-ASCII", "flags":{"wb_protected":true, "old":true, "marked":true}}
{"address":"0x7fc96c035fd8", "type":"STRING", "class":"0x7fc96c801668", "frozen":true, "embedded":true, "fstring":true, "bytesize":5, "value":"@head", "encoding":"US-ASCII", "flags":{"wb_protected":true, "old":true, "marked":true}}
{"address":"0x7fc96c036000", "type":"ARRAY", "class":"0x7fc96c84a048", "length":1, "embedded":true, "references":["0x7fc96c035b28"], "flags":{"wb_protected":true, "old":true, "marked":true}}
{"address":"0x7fc96c036050", "type":"REGEXP", "class":"0x7fc96c8491e8", "references":["0x7fc96c035f60"], "memsize":512, "flags":{"wb_protected":true, "old":true, "marked":true}}
{"address":"0x7fc96c036078", "type":"ARRAY", "class":"0x7fc96c84a048", "length":0, "flags":{"wb_protected":true, "old":true, "marked":true}}
{"address":"0x7fc96c0360a0", "type":"OBJECT", "class":"0x7fc96c8c2688", "ivars":3, "references":["0x7fc96c036000"], "flags":{"wb_protected":true, "old":true, "marked":true}}
{"address":"0x7fc96c036118", "type":"STRING", "class":"0x7fc96c801668", "frozen":true, "embedded":true, "fstring":true, "bytesize":2, "value":"sp", "encoding":"US-ASCII", "flags":{"wb_protected":true, "old":true, "marked":true}}
{"address":"0x7fc96c036140", "type":"STRING", "class":"0x7fc96c801668", "frozen":true, "embedded":true, "fstring":true, "bytesize":7, "value":"D_NOMSG", "encoding":"US-ASCII", "flags":{"wb_protected":true, "old":true, "marked":true}}
{"address":"0x7fc96c036168", "type":"STRING", "class":"0x7fc96c801668", "embedded":true, "bytesize":5, "value":"0.9.0", "encoding":"UTF-8", "flags":{"wb_protected":true, "old":true, "marked":true}}
{"address":"0x7fc96c0361b8", "type":"STRING", "class":"0x7fc96c801668", "frozen":true, "embedded":true, "fstring":true, "bytesize":5, "value":"level", "encoding":"US-ASCII", "flags":{"wb_protected":true, "old":true, "marked":true}}
{"address":"0x7fc96c0361e0", "type":"OBJECT", "class":"0x7fc96c8c2688", "ivars":3, "references":["0x7fc96d074700"], "flags":{"wb_protected":true, "old":true, "marked":true}}
{"address":"0x7fc96c036320", "type":"STRING", "class":"0x7fc96c801668", "frozen":true, "embedded":true, "fstring":true, "bytesize":12, "value":"load_gemdeps", "encoding":"US-ASCII", "flags":{"wb_protected":true, "old":true, "marked":true}}
{"address":"0x7fc96c036348", "type":"OBJECT", "class":"0x7fc96d040a68", "ivars":3, "references":["0x7fc96c036168"], "flags":{"wb_protected":true, "old":true, "marked":true}}
{"address":"0x7fc96c036370", "type":"STRING", "class":"0x7fc96c801668", "embedded":true, "bytesize":4, "value":"ruby", "encoding":"UTF-8", "flags":{"wb_protected":true, "old":true, "marked":true}}
{"address":"0x7fc96c0363c0", "type":"STRING", "class":"0x7fc96c801668", "embedded":true, "bytesize":18, "value":"faraday_middleware", "encoding":"UTF-8", "flags":{"wb_protected":true, "old":true, "marked":true}}
{"address":"0x7fc96c0363e8", "type":"HASH", "class":"0x7fc96c849918", "size":0, "flags":{"wb_protected":true, "old":true, "marked":true}}
{"address":"0x7fc96c036438", "type":"STRING", "class":"0x7fc96c801668", "frozen":true, "embedded":true, "fstring":true, "bytesize":8, "value":"D_DETAIL", "encoding":"US-ASCII", "flags":{"wb_protected":true, "old":true, "marked":true}}
{"address":"0x7fc96c036488", "type":"ARRAY", "class":"0x7fc96c84a048", "length":0, "flags":{"wb_protected":true, "old":true, "marked":true}}
{"address":"0x7fc96c0364b0", "type":"ARRAY", "class":"0x7fc96c84a048", "length":0, "flags":{"wb_protected":true, "old":true, "marked":true}}
{"address":"0x7fc96c0364d8", "type":"STRING", "class":"0x7fc96c801668", "frozen":true, "embedded":true, "fstring":true, "bytesize":10, "value":"^[a-zA-Z_]", "encoding":"US-ASCII", "flags":{"wb_protected":true, "old":true, "marked":true}}
{"address":"0x7fc96c036550", "type":"REGEXP", "class":"0x7fc96c8491e8", "references":["0x7fc96c0364d8"], "memsize":504, "flags":{"wb_protected":true, "old":true, "marked":true}}
{"address":"0x7fc96c0365f0", "type":"ARRAY", "class":"0x7fc96c84a048", "length":0, "flags":{"wb_protected":true, "old":true, "marked":true}}
{"address":"0x7fc96c036618", "type":"STRING", "class":"0x7fc96c801668", "frozen":true, "embedded":true, "fstring":true, "bytesize":7, "value":"D_DEBUG", "encoding":"US-ASCII", "flags":{"wb_protected":true, "old":true, "marked":true}}
{"address":"0x7fc96c036640", "type":"ARRAY", "class":"0x7fc96c84a048", "length":0, "flags":{"wb_protected":true, "old":true, "marked":true}}
{"address":"0x7fc96c036690", "type":"ARRAY", "class":"0x7fc96c84a048", "length":0, "flags":{"wb_protected":true, "old":true, "marked":true}}
{"address":"0x7fc96c036708", "type":"ARRAY", "class":"0x7fc96c84a048", "length":0, "flags":{"wb_protected":true, "old":true, "marked":true}}
{"address":"0x7fc96c036780", "type":"OBJECT", "class":"0x7fc96c8c2688", "ivars":3, "references":["0x7fc96d074700"], "flags":{"wb_protected":true, "old":true, "marked":true}}
{"address":"0x7fc96c0367d0", "type":"ARRAY", "class":"0x7fc96c84a048", "length":0, "flags":{"wb_protected":true, "old":true, "marked":true}}
{"address":"0x7fc96c0367f8", "type":"STRING", "class":"0x7fc96c801668", "frozen":true, "embedded":true, "fstring":true, "bytesize":6, "value":"D_WARN", "encoding":"US-ASCII", "flags":{"wb_protected":true, "old":true, "marked":true}}
{"address":"0x7fc96c036870", "type":"STRING", "class":"0x7fc96c801668", "embedded":true, "bytesize":3, "value":"bin", "encoding":"UTF-8", "flags":{"wb_protected":true, "old":true, "marked":true}}
{"address":"0x7fc96c0368e8", "type":"ARRAY", "class":"0x7fc96c84a048", "length":0, "flags":{"wb_protected":true, "old":true, "marked":true}}
{"address":"0x7fc96c036938", "type":"STRING", "class":"0x7fc96c801668", "frozen":true, "embedded":true, "fstring":true, "bytesize":12, "value":"def_notifier", "encoding":"US-ASCII", "flags":{"wb_protected":true, "old":true, "marked":true}}
{"address":"0x7fc96c036988", "type":"STRING", "class":"0x7fc96c801668", "frozen":true, "embedded":true, "fstring":true, "bytesize":8, "value":"Notifier", "encoding":"US-ASCII", "flags":{"wb_protected":true, "old":true, "marked":true}}
{"address":"0x7fc96c0369b0", "type":"STRING", "class":"0x7fc96c801668", "embedded":true, "bytesize":4, "value":"ruby", "encoding":"UTF-8", "flags":{"wb_protected":true, "old":true, "marked":true}}
{"address":"0x7fc96c036a00", "type":"STRING", "class":"0x7fc96c801668", "frozen":true, "embedded":true, "fstring":true, "bytesize":4, "value":"DOUT", "encoding":"US-ASCII", "flags":{"wb_protected":true, "old":true, "marked":true}}
{"address":"0x7fc96c036a50", "type":"HASH", "class":"0x7fc96c849918", "size":0, "flags":{"wb_protected":true, "old":true, "marked":true}}
{"address":"0x7fc96c036ac8", "type":"ARRAY", "class":"0x7fc96c84a048", "length":0, "flags":{"wb_protected":true, "old":true, "marked":true}}
{"address":"0x7fc96c036b40", "type":"ARRAY", "class":"0x7fc96c84a048", "length":0, "flags":{"wb_protected":true, "old":true, "marked":true}}
{"address":"0x7fc96c036bb8", "type":"STRING", "class":"0x7fc96c801668", "frozen":true, "embedded":true, "fstring":true, "bytesize":20, "value":"ErrNodeAlreadyExists", "encoding":"US-ASCII", "flags":{"wb_protected":true, "old":true, "marked":true}}
{"address":"0x7fc96c036be0", "type":"ARRAY", "class":"0x7fc96c84a048", "length":0, "flags":{"wb_protected":true, "old":true, "marked":true}}
{"address":"0x7fc96c036c58", "type":"ARRAY", "class":"0x7fc96c84a048", "length":0, "flags":{"wb_protected":true, "old":true, "marked":true}}
{"address":"0x7fc96c036cd0", "type":"OBJECT", "class":"0x7fc96d074e30", "ivars":50, "references":["0x7fc96c0352b8", "0x7fc96c064798", "0x7fc96c064978", "0x7fc96c064bd0", "0x7fc96c0356a0", "0x7fc96c0354e8", "0x7fc96c035e70", "0x7fc96c0352e0", "0x7fc96c035e20", "0x7fc96c035948", "0x7fc96c036870", "0x7fc96c0367d0", "0x7fc96c0356f0", "0x7fc96c036708", "0x7fc96c036690", "0x7fc96c0365f0", "0x7fc96c0355d8", "0x7fc96c035510", "0x7fc96c036488", "0x7fc96c0363e8", "0x7fc96c036370", "0x7fc96c035498", "0x7fc96c035448", "0x7fc96c0361e0", "0x7fc96c035bc8", "0x7fc96c036078", "0x7fc96c035420", "0x7fc96c035ee8", "0x7fc96c8c82e0", "0x7fc96c064888"], "memsize":400, "flags":{"wb_protected":true, "old":true, "marked":true}}
{"address":"0x7fc96c036cf8", "type":"STRING", "class":"0x7fc96c801668", "frozen":true, "embedded":true, "fstring":true, "bytesize":8, "value":"dep_file", "encoding":"US-ASCII", "flags":{"wb_protected":true, "old":true, "marked":true}}
{"address":"0x7fc96c036d20", "type":"ARRAY", "class":"0x7fc96c84a048", "length":0, "flags":{"wb_protected":true, "old":true, "marked":true}}
{"address":"0x7fc96c036d70", "type":"STRING", "class":"0x7fc96c801668", "frozen":true, "embedded":true, "fstring":true, "bytesize":14, "value":"ErrNodeNothing", "encoding":"US-ASCII", "flags":{"wb_protected":true, "old":true, "marked":true}}
{"address":"0x7fc96c036d98", "type":"STRING", "class":"0x7fc96c801668", "frozen":true, "embedded":true, "fstring":true, "bytesize":9, "value":"directory", "encoding":"US-ASCII", "flags":{"wb_protected":true, "old":true, "marked":true}}
{"address":"0x7fc96c036de8", "type":"ARRAY", "class":"0x7fc96c84a048", "length":8, "references":["0x7fc96c034340", "0x7fc96c02fbd8", "0x7fc96c02f5c0", "0x7fc96c02ef08", "0x7fc96c02e800", "0x7fc96c02e120", "0x7fc96c02da18", "0x7fc96c02d298"], "memsize":160, "flags":{"wb_protected":true, "old":true, "marked":true}}
{"address":"0x7fc96c036e60", "type":"STRING", "class":"0x7fc96c801668", "frozen":true, "embedded":true, "fstring":true, "bytesize":16, "value":"traverse_parents", "encoding":"US-ASCII", "flags":{"wb_protected":true, "old":true, "marked":true}}
{"address":"0x7fc96c036ed8", "type":"ARRAY", "class":"0x7fc96c84a048", "length":0, "flags":{"wb_protected":true, "old":true, "marked":true}}
{"address":"0x7fc96c036f50", "type":"STRING", "class":"0x7fc96c801668", "embedded":true, "bytesize":3, "value":"bin", "encoding":"UTF-8", "flags":{"wb_protected":true, "old":true, "marked":true}}
{"address":"0x7fc96c037180", "type":"STRING", "class":"0x7fc96c801668", "embedded":true, "bytesize":3, "value":"0.9", "encoding":"UTF-8", "flags":{"wb_protected":true, "old":true, "marked":true}}
{"address":"0x7fc96c0372e8", "type":"ARRAY", "class":"0x7fc96c84a048", "length":2, "embedded":true, "references":["0x7fc96c034020", "0x7fc96c034160"], "flags":{"wb_protected":true, "old":true, "marked":true}}
{"address":"0x7fc96c037310", "type":"STRING", "class":"0x7fc96c801668", "frozen":true, "embedded":true, "fstring":true, "bytesize":14, "value":"@output_method", "encoding":"US-ASCII", "flags":{"wb_protected":true, "old":true, "marked":true}}
{"address":"0x7fc96c0373b0", "type":"OBJECT", "class":"0x7fc96d074e30", "ivars":50, "references":["0x7fc96c02cdc0", "0x7fc96c8bb2e8", "0x7fc96c8bb478", "0x7fc96c8bb590", "0x7fc96c035038", "0x7fc96c0353f8", "0x7fc96c035380", "0x7fc96c035358", "0x7fc96c0363c0", "0x7fc96c035088", "0x7fc96c036348", "0x7fc96c035998", "0x7fc96c036f50", "0x7fc96c036ed8", "0x7fc96c035740", "0x7fc96c036de8", "0x7fc96c036d20", "0x7fc96c036c58", "0x7fc96c036be0", "0x7fc96c036b40", "0x7fc96c036ac8", "0x7fc96c036a50", "0x7fc96c0369b0", "0x7fc96c0368e8", "0x7fc96c035ad8", "0x7fc96c036780", "0x7fc96c0360a0", "0x7fc96c036640", "0x7fc96c035308", "0x7fc96c0364b0", "0x7fc96c8c82e0", "0x7fc96c8bb3b0"], "memsize":400, "flags":{"wb_protected":true, "old":true, "marked":true}}
{"address":"0x7fc96c037400", "type":"STRING", "class":"0x7fc96c801668", "frozen":true, "embedded":true, "fstring":true, "bytesize":11, "value":"use_gemdeps", "encoding":"US-ASCII", "flags":{"wb_protected":true, "old":true, "marked":true}}
{"address":"0x7fc96c037568", "type":"STRING", "class":"0x7fc96c801668", "frozen":true, "embedded":true, "fstring":true, "bytesize":8, "value":"gem_path", "encoding":"US-ASCII", "flags":{"wb_protected":true, "old":true, "marked":true}}
{"address":"0x7fc96c037658", "type":"STRING", "class":"0x7fc96c801668", "frozen":true, "embedded":true, "fstring":true, "bytesize":6, "value":"gpaths", "encoding":"US-ASCII", "flags":{"wb_protected":true, "old":true, "marked":true}}
{"address":"0x7fc96c037680", "type":"STRING", "class":"0x7fc96c801668", "frozen":true, "embedded":true, "fstring":true, "bytesize":5, "value":"path=", "encoding":"UTF-8", "flags":{"wb_protected":true, "old":true, "marked":true}}
{"address":"0x7fc96c037798", "type":"STRING", "class":"0x7fc96c801668", "frozen":true, "fstring":true, "bytesize":55, "capacity":86, "value":"/usr/local/Cellar/ruby/2.1.1/lib/ruby/2.1.0/irb/slex.rb", "encoding":"US-ASCII", "memsize":87, "flags":{"wb_protected":true, "old":true, "marked":true}}
{"address":"0x7fc96c0377c0", "type":"STRING", "class":"0x7fc96c801668", "frozen":true, "fstring":true, "bytesize":46, "value":"https://github.com/pengwynn/faraday_middleware", "encoding":"UTF-8", "memsize":47, "flags":{"wb_protected":true, "old":true, "marked":true}}
{"address":"0x7fc96c0377e8", "type":"STRING", "class":"0x7fc96c801668", "frozen":true, "fstring":true, "bytesize":25, "value":"wynn.netherland@gmail.com", "encoding":"UTF-8", "memsize":26, "flags":{"wb_protected":true, "old":true, "marked":true}}
{"address":"0x7fc96c037810", "type":"STRING", "class":"0x7fc96c801668", "frozen":true, "embedded":true, "bytesize":8, "value":"irb/slex", "encoding":"UTF-8", "flags":{"wb_protected":true, "old":true, "marked":true}}
{"address":"0x7fc96c037888", "type":"STRING", "class":"0x7fc96c801668", "frozen":true, "fstring":true, "bytesize":30, "value":"Various middleware for Faraday", "encoding":"UTF-8", "memsize":31, "flags":{"wb_protected":true, "old":true, "marked":true}}
{"address":"0x7fc96c0378b0", "type":"STRING", "class":"0x7fc96c801668", "embedded":true, "bytesize":8, "value":"irb/slex", "encoding":"UTF-8", "flags":{"wb_protected":true, "old":true, "marked":true}}
{"address":"0x7fc96c0379c8", "type":"ARRAY", "length":4, "references":["0x7fc96c058290", "0x7fc96c066610", "0x7fc96c058358", "0x7fc96c058330"], "memsize":160, "flags":{"wb_protected":true, "old":true, "marked":true}}
{"address":"0x7fc96c0379f0", "type":"STRING", "class":"0x7fc96c801668", "frozen":true, "embedded":true, "fstring":true, "bytesize":1, "value":"c", "encoding":"UTF-8", "flags":{"wb_protected":true, "old":true, "marked":true}}
{"address":"0x7fc96c037a18", "type":"STRING", "class":"0x7fc96c801668", "frozen":true, "embedded":true, "fstring":true, "bytesize":1, "value":"C", "encoding":"UTF-8", "flags":{"wb_protected":true, "old":true, "marked":true}}
{"address":"0x7fc96c037a68", "type":"ARRAY", "length":1, "embedded":true, "references":["0x7fc96c05a1f8"], "flags":{"wb_protected":true, "old":true, "marked":true}}
{"address":"0x7fc96c037a90", "type":"STRING", "class":"0x7fc96c801668", "frozen":true, "embedded":true, "fstring":true, "bytesize":5, "value":"home=", "encoding":"UTF-8", "flags":{"wb_protected":true, "old":true, "marked":true}}
{"address":"0x7fc96c037b80", "type":"STRING", "class":"0x7fc96c801668", "frozen":true, "embedded":true, "fstring":true, "bytesize":14, "value":"load_path_file", "encoding":"US-ASCII", "flags":{"wb_protected":true, "old":true, "marked":true}}
{"address":"0x7fc96c037ba8", "type":"DATA", "class":"0x7fc96c833488", "struct":"iseq", "references":["0x7fc96c037a68", "0x7fc96c037db0", "0x7fc96d066858", "0x7fc96d814c58", "0x7fc96d814c58", "0x7fc96c037f68"], "memsize":1536, "flags":{"wb_protected":true, "old":true, "marked":true}}
{"address":"0x7fc96c037c48", "type":"ARRAY", "length":25, "references":["0x7fc96c037d88", "0x7fc96c037ba8", "0x7fc96d801978", "0x7fc96c047bc0", "0x7fc96c047c10", "0x7fc96c045578", "0x7fc96d8672a0", "0x7fc96c037ea0", "0x7fc96c8904a8", "0x7fc96c037e78", "0x7fc96c037e50", "0x7fc96c037e28", "0x7fc96c03cab8", "0x7fc96c037e00", "0x7fc96d065c00", "0x7fc96c05ae00", "0x7fc96c890688", "0x7fc96d867368", "0x7fc96c037a18", "0x7fc96c0379f0", "0x7fc96c051648", "0x7fc96c045578", "0x7fc96c037a18", "0x7fc96c051648", "0x7fc96c045578"], "memsize":296, "flags":{"wb_protected":true, "old":true, "marked":true}}
{"address":"0x7fc96c037c70", "type":"ARRAY", "length":1, "embedded":true, "references":["0x7fc96c05aa90"], "flags":{"wb_protected":true, "old":true, "marked":true}}
{"address":"0x7fc96c037d88", "type":"DATA", "class":"0x7fc96c833488", "struct":"iseq", "references":["0x7fc96c037c70", "0x7fc96c037db0", "0x7fc96d066858", "0x7fc96d814c58", "0x7fc96d814c58", "0x7fc96c037f68"], "memsize":1536, "flags":{"wb_protected":true, "old":true, "marked":true}}
{"address":"0x7fc96c037db0", "type":"STRING", "class":"0x7fc96c801668", "frozen":true, "fstring":true, "bytesize":20, "capacity":120, "value":"block in read_escape", "memsize":121, "flags":{"wb_protected":true, "old":true, "marked":true}}
{"address":"0x7fc96c037e00", "type":"STRING", "class":"0x7fc96c801668", "frozen":true, "embedded":true, "fstring":true, "bytesize":1, "value":"b", "encoding":"UTF-8", "flags":{"wb_protected":true, "old":true, "marked":true}}
{"address":"0x7fc96c037e28", "type":"STRING", "class":"0x7fc96c801668", "frozen":true, "embedded":true, "fstring":true, "bytesize":1, "value":"a", "encoding":"UTF-8", "flags":{"wb_protected":true, "old":true, "marked":true}}
{"address":"0x7fc96c037e50", "type":"STRING", "class":"0x7fc96c801668", "frozen":true, "embedded":true, "fstring":true, "bytesize":1, "value":"v", "encoding":"UTF-8", "flags":{"wb_protected":true, "old":true, "marked":true}}
{"address":"0x7fc96c037e78", "type":"STRING", "class":"0x7fc96c801668", "frozen":true, "embedded":true, "fstring":true, "bytesize":1, "value":"f", "encoding":"UTF-8", "flags":{"wb_protected":true, "old":true, "marked":true}}
{"address":"0x7fc96c037ea0", "type":"STRING", "class":"0x7fc96c801668", "frozen":true, "embedded":true, "fstring":true, "bytesize":1, "value":"t", "encoding":"UTF-8", "flags":{"wb_protected":true, "old":true, "marked":true}}
{"address":"0x7fc96c037ef0", "type":"STRING", "class":"0x7fc96c801668", "frozen":true, "embedded":true, "fstring":true, "bytesize":9, "value":"Operators", "encoding":"US-ASCII", "flags":{"wb_protected":true, "old":true, "marked":true}}
{"address":"0x7fc96c037f18", "type":"STRING", "class":"0x7fc96c801668", "frozen":true, "embedded":true, "fstring":true, "bytesize":7, "value":"globbed", "encoding":"US-ASCII", "flags":{"wb_protected":true, "old":true, "marked":true}}
{"address":"0x7fc96c037f68", "type":"NODE", "node_type":"NODE_CREF", "references":["0x7fc96c88a7d8", "0x7fc96c0583d0"], "flags":{"wb_protected":true, "old":true, "marked":true}}
{"address":"0x7fc96c03c018", "type":"DATA", "class":"0x7fc96c833488", "struct":"iseq", "references":["0x7fc96c037c48", "0x7fc96d066858", "0x7fc96d066858", "0x7fc96d814c58", "0x7fc96d814c58", "0x7fc96c037f68", "0x7fc96c88a7d8"], "memsize":7392, "flags":{"wb_protected":true, "old":true, "marked":true}}
{"address":"0x7fc96c03c068", "type":"ARRAY", "length":2, "embedded":true, "references":["0x7fc96d801ab8", "0x7fc96d801978"], "flags":{"wb_protected":true, "old":true, "marked":true}}
{"address":"0x7fc96c03c1a8", "type":"STRING", "class":"0x7fc96c801668", "frozen":true, "embedded":true, "fstring":true, "bytesize":13, "value":"load_defaults", "encoding":"US-ASCII", "flags":{"wb_protected":true, "old":true, "marked":true}}
{"address":"0x7fc96c03c1d0", "type":"NODE", "node_type":"NODE_CREF", "references":["0x7fc96c88a7d8", "0x7fc96c0583d0"], "flags":{"wb_protected":true, "old":true, "marked":true}}
{"address":"0x7fc96c03c1f8", "type":"DATA", "class":"0x7fc96c833488", "struct":"iseq", "references":["0x7fc96c03c068", "0x7fc96c889248", "0x7fc96c889248", "0x7fc96d814c58", "0x7fc96d814c58", "0x7fc96c03c1d0", "0x7fc96c88a7d8"], "memsize":2208, "flags":{"wb_protected":true, "old":true, "marked":true}}
{"address":"0x7fc96c03c248", "type":"STRING", "class":"0x7fc96c801668", "frozen":true, "embedded":true, "fstring":true, "bytesize":9, "value":"@warnings", "encoding":"US-ASCII", "flags":{"wb_protected":true, "old":true, "marked":true}}
{"address":"0x7fc96c03c360", "type":"DATA", "class":"0x7fc96c833488", "struct":"iseq", "references":["0x7fc96c03c388", "0x7fc96d035a28", "0x7fc96d814c58", "0x7fc96d814c58", "0x7fc96c03c568"], "memsize":2224, "flags":{"wb_protected":true, "old":true, "marked":true}}
{"address":"0x7fc96c03c388", "type":"STRING", "class":"0x7fc96c801668", "frozen":true, "fstring":true, "bytesize":29, "capacity":120, "value":"block in identify_string_dvar", "memsize":121, "flags":{"wb_protected":true, "old":true, "marked":true}}
{"address":"0x7fc96c03c3d8", "type":"STRING", "class":"0x7fc96c801668", "frozen":true, "embedded":true, "fstring":true, "bytesize":15, "value":"FileInputMethod", "encoding":"US-ASCII", "flags":{"wb_protected":true, "old":true, "marked":true}}
{"address":"0x7fc96c03c400", "type":"ARRAY", "length":3, "embedded":true, "references":["0x7fc96c03c478", "0x7fc96c03c360", "0x7fc96c03c478"], "flags":{"wb_protected":true, "old":true, "marked":true}}
{"address":"0x7fc96c03c478", "type":"DATA", "class":"0x7fc96c833488", "struct":"iseq", "references":["0x7fc96c03c4a0", "0x7fc96d035a28", "0x7fc96d814c58", "0x7fc96d814c58", "0x7fc96c03c568"], "memsize":1256, "flags":{"wb_protected":true, "old":true, "marked":true}}
{"address":"0x7fc96c03c4a0", "type":"STRING", "class":"0x7fc96c801668", "frozen":true, "fstring":true, "bytesize":30, "capacity":48, "value":"ensure in identify_string_dvar", "memsize":49, "flags":{"wb_protected":true, "old":true, "marked":true}}
{"address":"0x7fc96c03c518", "type":"STRING", "class":"0x7fc96c801668", "frozen":true, "embedded":true, "fstring":true, "bytesize":9, "value":"packaging", "encoding":"US-ASCII", "flags":{"wb_protected":true, "old":true, "marked":true}}
{"address":"0x7fc96c03c568", "type":"NODE", "node_type":"NODE_CREF", "references":["0x7fc96c88a7d8", "0x7fc96c0583d0"], "flags":{"wb_protected":true, "old":true, "marked":true}}
{"address":"0x7fc96c03c590", "type":"DATA", "class":"0x7fc96c833488", "struct":"iseq", "references":["0x7fc96c03c400", "0x7fc96d035a28", "0x7fc96d035a28", "0x7fc96d814c58", "0x7fc96d814c58", "0x7fc96c03c568", "0x7fc96c88a7d8"], "memsize":3552, "flags":{"wb_protected":true, "old":true, "marked":true}}
{"address":"0x7fc96c03c5b8", "type":"STRING", "class":"0x7fc96c801668", "frozen":true, "embedded":true, "fstring":true, "bytesize":15, "value":"@spec_cache_dir", "encoding":"US-ASCII", "flags":{"wb_protected":true, "old":true, "marked":true}}
{"address":"0x7fc96c03c5e0", "type":"STRING", "class":"0x7fc96c801668", "frozen":true, "embedded":true, "fstring":true, "bytesize":8, "value":"validate", "encoding":"US-ASCII", "flags":{"wb_protected":true, "old":true, "marked":true}}
{"address":"0x7fc96c03c770", "type":"HASH", "frozen":true, "size":3, "references":["0x7fc96c045578", "0x7fc96d801978", "0x7fc96d83b650"], "memsize":192, "flags":{"wb_protected":true, "old":true, "marked":true}}
{"address":"0x7fc96c03c7e8", "type":"ARRAY", "length":18, "references":["0x7fc96c03c860", "0x7fc96c03c770", "0x7fc96d83b650", "0x7fc96d801ab8", "0x7fc96c052908", "0x7fc96d83b650", "0x7fc96d855b90", "0x7fc96c823880", "0x7fc96d801ab8", "0x7fc96c045578", "0x7fc96d83b650", "0x7fc96c045578", "0x7fc96d801978", "0x7fc96d83b650", "0x7fc96c045578", "0x7fc96c044f88", "0x7fc96c862f80", "0x7fc96c03c860"], "memsize":160, "flags":{"wb_protected":true, "old":true, "marked":true}}
{"address":"0x7fc96c03c860", "type":"DATA", "class":"0x7fc96c833488", "struct":"iseq", "references":["0x7fc96c03c888", "0x7fc96d067f78", "0x7fc96d814c58", "0x7fc96d814c58", "0x7fc96c03c978"], "memsize":896, "flags":{"wb_protected":true, "old":true, "marked":true}}
{"address":"0x7fc96c03c888", "type":"STRING", "class":"0x7fc96c801668", "frozen":true, "fstring":true, "bytesize":25, "capacity":48, "value":"ensure in identify_string", "memsize":49, "flags":{"wb_protected":true, "old":true, "marked":true}}
{"address":"0x7fc96c03c978", "type":"NODE", "node_type":"NODE_CREF", "references":["0x7fc96c88a7d8", "0x7fc96c0583d0"], "flags":{"wb_protected":true, "old":true, "marked":true}}
{"address":"0x7fc96c03c9a0", "type":"DATA", "class":"0x7fc96c833488", "struct":"iseq", "references":["0x7fc96c03c7e8", "0x7fc96d067f78", "0x7fc96d067f78", "0x7fc96d814c58", "0x7fc96d814c58", "0x7fc96c03c978", "0x7fc96c88a7d8"], "memsize":12064, "flags":{"wb_protected":true, "old":true, "marked":true}}
{"address":"0x7fc96c03c9c8", "type":"ARRAY", "length":33, "references":["0x7fc96c8b8480", "0x7fc96c872a70", "0x7fc96c872750", "0x7fc96c872318", "0x7fc96c871ee0", "0x7fc96c871af8", "0x7fc96c871710", "0x7fc96c8713c8", "0x7fc96c8724d0", "0x7fc96c8720c0", "0x7fc96c871cb0", "0x7fc96c8718c8", "0x7fc96c871530", "0x7fc96c03cc48", "0x7fc96c873858", "0x7fc96c03cbf8", "0x7fc96c03cbd0", "0x7fc96c03cb80", "0x7fc96c03cbf8", "0x7fc96c03cbd0", "0x7fc96c86b4a0", "0x7fc96c873858", "0x7fc96c053df8", "0x7fc96c03cab8", "0x7fc96c03ca90", "0x7fc96c03cbf8", "0x7fc96c03cbd0", "0x7fc96c03cbf8", "0x7fc96c03cbd0", "0x7fc96c86aa28", "0x7fc96c03cbf8", "0x7fc96c03cbd0", "0x7fc96c869df8"], "memsize":296, "flags":{"wb_protected":true, "old":true, "marked":true}}
{"address":"0x7fc96c03ca90", "type":"STRING", "class":"0x7fc96c801668", "frozen":true, "embedded":true, "fstring":true, "bytesize":1, "value":"E", "encoding":"UTF-8", "flags":{"wb_protected":true, "old":true, "marked":true}}
{"address":"0x7fc96c03cab8", "type":"STRING", "class":"0x7fc96c801668", "frozen":true, "embedded":true, "fstring":true, "bytesize":1, "value":"e", "encoding":"UTF-8", "flags":{"wb_protected":true, "old":true, "marked":true}}
{"address":"0x7fc96c03cb80", "type":"STRING", "class":"0x7fc96c801668", "frozen":true, "fstring":true, "bytesize":30, "value":"numeric literal without digits", "encoding":"UTF-8", "memsize":31, "flags":{"wb_protected":true, "old":true, "marked":true}}
{"address":"0x7fc96c03cba8", "type":"STRING", "class":"0x7fc96c801668", "frozen":true, "embedded":true, "fstring":true, "bytesize":19, "value":"GEM_PRELUDE_SUCKAGE", "encoding":"US-ASCII", "flags":{"wb_protected":true, "old":true, "marked":true}}
{"address":"0x7fc96c03cbd0", "type":"STRING", "class":"0x7fc96c801668", "frozen":true, "embedded":true, "fstring":true, "bytesize":11, "value":"' in number", "encoding":"UTF-8", "flags":{"wb_protected":true, "old":true, "marked":true}}
{"address":"0x7fc96c03cbf8", "type":"STRING", "class":"0x7fc96c801668", "frozen":true, "embedded":true, "fstring":true, "bytesize":10, "value":"trailing `", "encoding":"UTF-8", "flags":{"wb_protected":true, "old":true, "marked":true}}
{"address":"0x7fc96c03cc20", "type":"STRING", "class":"0x7fc96c801668", "frozen":true, "embedded":true, "fstring":true, "bytesize":12, "value":"gem_preluded", "encoding":"US-ASCII", "flags":{"wb_protected":true, "old":true, "marked":true}}
{"address":"0x7fc96c03cc48", "type":"STRING", "class":"0x7fc96c801668", "frozen":true, "embedded":true, "fstring":true, "bytesize":19, "value":"Invalid octal digit", "encoding":"UTF-8", "flags":{"wb_protected":true, "old":true, "marked":true}}
{"address":"0x7fc96c03cce8", "type":"NODE", "node_type":"NODE_CREF", "references":["0x7fc96c88a7d8", "0x7fc96c0583d0"], "flags":{"wb_protected":true, "old":true, "marked":true}}
{"address":"0x7fc96c03cd10", "type":"DATA", "class":"0x7fc96c833488", "struct":"iseq", "references":["0x7fc96c03c9c8", "0x7fc96d8022b0", "0x7fc96d8022b0", "0x7fc96d814c58", "0x7fc96d814c58", "0x7fc96c03cce8", "0x7fc96c88a7d8"], "memsize":17616, "flags":{"wb_protected":true, "old":true, "marked":true}}
{"address":"0x7fc96c03cd38", "type":"ARRAY", "length":3, "embedded":true, "references":["0x7fc96c873920", "0x7fc96c053010", "0x7fc96c03cd60"], "flags":{"wb_protected":true, "old":true, "marked":true}}
{"address":"0x7fc96c03cd60", "type":"STRING", "class":"0x7fc96c801668", "frozen":true, "embedded":true, "fstring":true, "bytesize":23, "value":"unknown type of %string", "encoding":"UTF-8", "flags":{"wb_protected":true, "old":true, "marked":true}}
{"address":"0x7fc96c03cdb0", "type":"STRING", "class":"0x7fc96c801668", "frozen":true, "embedded":true, "fstring":true, "bytesize":15, "value":"UserInteraction", "encoding":"US-ASCII", "flags":{"wb_protected":true, "old":true, "marked":true}}
{"address":"0x7fc96c03ce00", "type":"NODE", "node_type":"NODE_CREF", "references":["0x7fc96c88a7d8", "0x7fc96c0583d0"], "flags":{"wb_protected":true, "old":true, "marked":true}}
{"address":"0x7fc96c03ce28", "type":"DATA", "class":"0x7fc96c833488", "struct":"iseq", "references":["0x7fc96c03cd38", "0x7fc96d05d488", "0x7fc96d05d488", "0x7fc96d814c58", "0x7fc96d814c58", "0x7fc96c03ce00", "0x7fc96c88a7d8"], "memsize":3144, "flags":{"wb_protected":true, "old":true, "marked":true}}
{"address":"0x7fc96c03ce50", "type":"ARRAY", "length":15, "references":["0x7fc96c051648", "0x7fc96d018f18", "0x7fc96c0527c8", "0x7fc96c053010", "0x7fc96d018158", "0x7fc96c045578", "0x7fc96d801978", "0x7fc96c0527c8", "0x7fc96d801978", "0x7fc96c0527c8", "0x7fc96c0527c8", "0x7fc96d036b80", "0x7fc96d83b650", "0x7fc96d801ab8", "0x7fc96c052908"], "memsize":160, "flags":{"wb_protected":true, "old":true, "marked":true}}
{"address":"0x7fc96c03d170", "type":"NODE", "node_type":"NODE_CREF", "references":["0x7fc96c88a7d8", "0x7fc96c0583d0"], "flags":{"wb_protected":true, "old":true, "marked":true}}
{"address":"0x7fc96c03d198", "type":"DATA", "class":"0x7fc96c833488", "struct":"iseq", "references":["0x7fc96c03ce50", "0x7fc96d06ca78", "0x7fc96d06ca78", "0x7fc96d814c58", "0x7fc96d814c58", "0x7fc96c03d170", "0x7fc96c88a7d8"], "memsize":12664, "flags":{"wb_protected":true, "old":true, "marked":true}}
{"address":"0x7fc96c03d1c0", "type":"ARRAY", "length":26, "references":["0x7fc96c0527c8", "0x7fc96d02b208", "0x7fc96d839120", "0x7fc96d839120", "0x7fc96c823880", "0x7fc96c823880", "0x7fc96d02a808", "0x7fc96c0464f0", "0x7fc96c045438", "0x7fc96d029c28", "0x7fc96c8ab9b0", "0x7fc96d029408", "0x7fc96d028ff8", "0x7fc96d028828", "0x7fc96d801978", "0x7fc96c0502c0", "0x7fc96c050298", "0x7fc96c050270", "0x7fc96d022978", "0x7fc96d022400", "0x7fc96d021fc8", "0x7fc96d021bb8", "0x7fc96c050270", "0x7fc96c8ab9b0", "0x7fc96d01a4a8", "0x7fc96d019da0"], "memsize":296, "flags":{"wb_protected":true, "old":true, "marked":true}}
{"address":"0x7fc96c03d300", "type":"NODE", "node_type":"NODE_CREF", "references":["0x7fc96c88a7d8", "0x7fc96c0583d0"], "flags":{"wb_protected":true, "old":true, "marked":true}}
{"address":"0x7fc96c03d328", "type":"DATA", "class":"0x7fc96c833488", "struct":"iseq", "references":["0x7fc96c03d1c0", "0x7fc96d057830", "0x7fc96d057830", "0x7fc96d814c58", "0x7fc96d814c58", "0x7fc96c03d300", "0x7fc96c88a7d8"], "memsize":25792, "flags":{"wb_protected":true, "old":true, "marked":true}}
{"address":"0x7fc96c03d350", "type":"ARRAY", "length":13, "references":["0x7fc96d055648", "0x7fc96c051648", "0x7fc96c0452a8", "0x7fc96c88afa8", "0x7fc96d83b650", "0x7fc96c03fb00", "0x7fc96d0544a0", "0x7fc96d02bfa0", "0x7fc96c809048", "0x7fc96c809048", "0x7fc96c03d3f0", "0x7fc96c809048", "0x7fc96d054310"], "memsize":160, "flags":{"wb_protected":true, "old":true, "marked":true}}
{"address":"0x7fc96c03d378", "type":"STRING", "class":"0x7fc96c801668", "frozen":true, "embedded":true, "fstring":true, "bytesize":5, "value":"@home", "encoding":"US-ASCII", "flags":{"wb_protected":true, "old":true, "marked":true}}
{"address":"0x7fc96c03d3f0", "type":"STRING", "class":"0x7fc96c801668", "frozen":true, "embedded":true, "fstring":true, "bytesize":2, "value":"$-", "encoding":"UTF-8", "flags":{"wb_protected":true, "old":true, "marked":true}}
{"address":"0x7fc96c03d490", "type":"NODE", "node_type":"NODE_CREF", "references":["0x7fc96c88a7d8", "0x7fc96c0583d0"], "flags":{"wb_protected":true, "old":true, "marked":true}}
{"address":"0x7fc96c03d4b8", "type":"DATA", "class":"0x7fc96c833488", "struct":"iseq", "references":["0x7fc96c03d350", "0x7fc96d057f10", "0x7fc96d057f10", "0x7fc96d814c58", "0x7fc96d814c58", "0x7fc96c03d490", "0x7fc96c88a7d8"], "memsize":6232, "flags":{"wb_protected":true, "old":true, "marked":true}}
{"address":"0x7fc96c03d4e0", "type":"STRING", "class":"0x7fc96c801668", "frozen":true, "embedded":true, "fstring":true, "bytesize":4, "value":"@env", "encoding":"US-ASCII", "flags":{"wb_protected":true, "old":true, "marked":true}}
{"address":"0x7fc96c03d508", "type":"ARRAY", "length":4, "references":["0x7fc96c03d5f8", "0x7fc96d056868", "0x7fc96d0563e0", "0x7fc96c03d580"], "memsize":160, "flags":{"wb_protected":true, "old":true, "marked":true}}
{"address":"0x7fc96c03d558", "type":"STRING", "class":"0x7fc96c801668", "frozen":true, "bytesize":83, "value":"/Users/antoine/.rvm/gems/ruby-2.0.0-p247/specifications/mixlib-config-1.1.2.gemspec", "encoding":"UTF-8", "memsize":84, "flags":{"wb_protected":true, "old":true, "marked":true}}
{"address":"0x7fc96c03d580", "type":"STRING", "class":"0x7fc96c801668", "frozen":true, "embedded":true, "fstring":true, "bytesize":18, "value":"MATCH: end %s: %s\n", "encoding":"UTF-8", "flags":{"wb_protected":true, "old":true, "marked":true}}
{"address":"0x7fc96c03d5a8", "type":"ARRAY", "class":"0x7fc96c84a048", "length":0, "flags":{"wb_protected":true, "old":true, "marked":true}}
{"address":"0x7fc96c03d5d0", "type":"OBJECT", "class":"0x7fc96d077a68", "ivars":14, "references":["0x7fc96c829028", "0x7fc96c8810c0", "0x7fc96c881278", "0x7fc96c881340", "0x7fc96c036cd0", "0x7fc96c03d5a8", "0x7fc96c036cd0", "0x7fc96c8c82e0", "0x7fc96c035e70", "0x7fc96c035e20", "0x7fc96c035448"], "memsize":112, "flags":{"wb_protected":true, "old":true, "marked":true}}
{"address":"0x7fc96c03d5f8", "type":"STRING", "class":"0x7fc96c801668", "frozen":true, "embedded":true, "fstring":true, "bytesize":20, "value":"MATCH: start %s: %s\n", "encoding":"UTF-8", "flags":{"wb_protected":true, "old":true, "marked":true}}
{"address":"0x7fc96c03d620", "type":"STRING", "class":"0x7fc96c801668", "frozen":true, "embedded":true, "bytesize":16, "value":"mixlib-cli-1.3.0", "encoding":"UTF-8", "flags":{"wb_protected":true, "old":true, "marked":true}}
{"address":"0x7fc96c03d670", "type":"DATA", "class":"0x7fc96c833488", "struct":"iseq", "references":["0x7fc96c03d508", "0x7fc96c03f718", "0x7fc96d800320", "0x7fc96d814c58", "0x7fc96d814c58", "0x7fc96c03f7b8"], "memsize":3464, "flags":{"wb_protected":true, "old":true, "marked":true}}
{"address":"0x7fc96c03d698", "type":"STRING", "class":"0x7fc96c801668", "frozen":true, "embedded":true, "fstring":true, "bytesize":6, "value":"Source", "encoding":"US-ASCII", "flags":{"wb_protected":true, "old":true, "marked":true}}
{"address":"0x7fc96c03d6e8", "type":"STRING", "class":"0x7fc96c801668", "shared":true, "encoding":"US-ASCII", "references":["0x7fc96c066fc0"], "flags":{"wb_protected":true, "old":true, "marked":true}}
{"address":"0x7fc96c03d710", "type":"ARRAY", "length":2, "embedded":true, "references":["0x7fc96d057998", "0x7fc96d839120"], "flags":{"wb_protected":true, "old":true, "marked":true}}
{"address":"0x7fc96c03d738", "type":"STRING", "class":"0x7fc96c801668", "shared":true, "encoding":"UTF-8", "references":["0x7fc96c03d788"], "flags":{"wb_protected":true, "old":true, "marked":true}}
{"address":"0x7fc96c03d788", "type":"STRING", "class":"0x7fc96c801668", "frozen":true, "bytesize":59, "value":"A simple mixin for CLI interfaces, including option parsing", "encoding":"UTF-8", "memsize":60, "flags":{"wb_protected":true, "old":true, "marked":true}}
{"address":"0x7fc96c03d800", "type":"DATA", "class":"0x7fc96c833488", "struct":"iseq", "references":["0x7fc96c03d710", "0x7fc96c03f718", "0x7fc96d800320", "0x7fc96d814c58", "0x7fc96d814c58", "0x7fc96c03f7b8"], "memsize":1640, "flags":{"wb_protected":true, "old":true, "marked":true}}
{"address":"0x7fc96c03d828", "type":"STRING", "class":"0x7fc96c801668", "frozen":true, "embedded":true, "fstring":true, "bytesize":8, "value":"Resolver", "encoding":"US-ASCII", "flags":{"wb_protected":true, "old":true, "marked":true}}
{"address":"0x7fc96c03d8c8", "type":"STRING", "class":"0x7fc96c801668", "embedded":true, "bytesize":5, "value":"2.0.6", "encoding":"UTF-8", "flags":{"wb_protected":true, "old":true, "marked":true}}
{"address":"0x7fc96c03d8f0", "type":"ARRAY", "class":"0x7fc96c84a048", "length":1, "embedded":true, "references":["0x7fc96c03d918"], "flags":{"wb_protected":true, "old":true, "marked":true}}
{"address":"0x7fc96c03d918", "type":"STRING", "class":"0x7fc96c801668", "embedded":true, "bytesize":3, "value":"lib", "encoding":"UTF-8", "flags":{"wb_protected":true, "old":true, "marked":true}}
{"address":"0x7fc96c03d940", "type":"DATA", "class":"0x7fc96c833488", "struct":"iseq", "references":["0x7fc96c03f718", "0x7fc96d800320", "0x7fc96d814c58", "0x7fc96d814c58", "0x7fc96c03f7b8"], "memsize":728, "flags":{"wb_protected":true, "old":true, "marked":true}}
{"address":"0x7fc96c03d968", "type":"STRING", "class":"0x7fc96c801668", "embedded":true, "bytesize":22, "value":"http://www.opscode.com", "encoding":"UTF-8", "flags":{"wb_protected":true, "old":true, "marked":true}}
{"address":"0x7fc96c03d990", "type":"ARRAY", "class":"0x7fc96c84a048", "length":3, "embedded":true, "references":["0x7fc96c03da30", "0x7fc96c03da08", "0x7fc96c03d9e0"], "flags":{"wb_protected":true, "old":true, "marked":true}}
{"address":"0x7fc96c03d9b8", "type":"ARRAY", "length":3, "embedded":true, "references":["0x7fc96c8ab9b0", "0x7fc96d05c8a8", "0x7fc96d867318"], "flags":{"wb_protected":true, "old":true, "marked":true}}
{"address":"0x7fc96c03d9e0", "type":"STRING", "class":"0x7fc96c801668", "embedded":true, "bytesize":6, "value":"NOTICE", "encoding":"UTF-8", "flags":{"wb_protected":true, "old":true, "marked":true}}
{"address":"0x7fc96c03da08", "type":"STRING", "class":"0x7fc96c801668", "embedded":true, "bytesize":7, "value":"LICENSE", "encoding":"UTF-8", "flags":{"wb_protected":true, "old":true, "marked":true}}
{"address":"0x7fc96c03da30", "type":"STRING", "class":"0x7fc96c801668", "embedded":true, "bytesize":11, "value":"README.rdoc", "encoding":"UTF-8", "flags":{"wb_protected":true, "old":true, "marked":true}}
{"address":"0x7fc96c03da58", "type":"ARRAY", "class":"0x7fc96c84a048", "length":3, "embedded":true, "references":["0x7fc96c03daf8", "0x7fc96c03dad0", "0x7fc96c03daa8"], "flags":{"wb_protected":true, "old":true, "marked":true}}
{"address":"0x7fc96c03da80", "type":"DATA", "class":"0x7fc96c833488", "struct":"iseq", "references":["0x7fc96c03d9b8", "0x7fc96c03f718", "0x7fc96d800320", "0x7fc96d814c58", "0x7fc96d814c58", "0x7fc96c03f7b8"], "memsize":4192, "flags":{"wb_protected":true, "old":true, "marked":true}}
{"address":"0x7fc96c03daa8", "type":"STRING", "class":"0x7fc96c801668", "embedded":true, "bytesize":6, "value":"NOTICE", "encoding":"UTF-8", "flags":{"wb_protected":true, "old":true, "marked":true}}
{"address":"0x7fc96c03dad0", "type":"STRING", "class":"0x7fc96c801668", "embedded":true, "bytesize":7, "value":"LICENSE", "encoding":"UTF-8", "flags":{"wb_protected":true, "old":true, "marked":true}}
{"address":"0x7fc96c03daf8", "type":"STRING", "class":"0x7fc96c801668", "embedded":true, "bytesize":11, "value":"README.rdoc", "encoding":"UTF-8", "flags":{"wb_protected":true, "old":true, "marked":true}}
{"address":"0x7fc96c03db20", "type":"ARRAY", "length":2, "embedded":true, "references":["0x7fc96d801978", "0x7fc96c045578"], "flags":{"wb_protected":true, "old":true, "marked":true}}
{"address":"0x7fc96c03db48", "type":"STRING", "class":"0x7fc96c801668", "embedded":true, "bytesize":16, "value":"info@opscode.com", "encoding":"UTF-8", "flags":{"wb_protected":true, "old":true, "marked":true}}
{"address":"0x7fc96c03db70", "type":"STRING", "class":"0x7fc96c801668", "shared":true, "encoding":"UTF-8", "references":["0x7fc96c0450c8"], "flags":{"wb_protected":true, "old":true, "marked":true}}
{"address":"0x7fc96c03dbc0", "type":"DATA", "class":"0x7fc96c841150", "struct":"time", "memsize":88, "flags":{"remembered":true}}
{"address":"0x7fc96c03dbe8", "type":"DATA", "class":"0x7fc96c833488", "struct":"iseq", "references":["0x7fc96c03db20", "0x7fc96c03f718", "0x7fc96d800320", "0x7fc96d814c58", "0x7fc96d814c58", "0x7fc96c03f7b8"], "memsize":2048, "flags":{"wb_protected":true, "old":true, "marked":true}}
{"address":"0x7fc96c03dd28", "type":"STRING", "class":"0x7fc96c801668", "frozen":true, "embedded":true, "fstring":true, "bytesize":11, "value":"^\\.([^.]*)$", "encoding":"US-ASCII", "flags":{"wb_protected":true, "old":true, "marked":true}}
{"address":"0x7fc96c03dd50", "type":"DATA", "class":"0x7fc96c833488", "struct":"iseq", "references":["0x7fc96c03f718", "0x7fc96d800320", "0x7fc96d814c58", "0x7fc96d814c58", "0x7fc96c03f7b8"], "memsize":3184, "flags":{"wb_protected":true, "old":true, "marked":true}}
{"address":"0x7fc96c03ddc8", "type":"ARRAY", "class":"0x7fc96c84a048", "length":1, "embedded":true, "references":["0x7fc96c03de90"], "flags":{"wb_protected":true, "old":true, "marked":true}}
{"address":"0x7fc96c03ddf0", "type":"REGEXP", "class":"0x7fc96c8491e8", "references":["0x7fc96c03dd28"], "memsize":553, "flags":{"wb_protected":true, "old":true, "marked":true}}
{"address":"0x7fc96c03de90", "type":"STRING", "class":"0x7fc96c801668", "embedded":true, "bytesize":13, "value":"Opscode, Inc.", "encoding":"UTF-8", "flags":{"wb_protected":true, "old":true, "marked":true}}
{"address":"0x7fc96c03df08", "type":"DATA", "class":"0x7fc96c833488", "struct":"iseq", "references":["0x7fc96c03f718", "0x7fc96d800320", "0x7fc96d814c58", "0x7fc96d814c58", "0x7fc96c03f7b8"], "memsize":4344, "flags":{"wb_protected":true, "old":true, "marked":true}}
{"address":"0x7fc96c03df30", "type":"STRING", "class":"0x7fc96c801668", "frozen":true, "fstring":true, "bytesize":68, "capacity":86, "value":"/usr/local/Cellar/ruby/2.1.1/lib/ruby/2.1.0/rubygems/path_support.rb", "encoding":"US-ASCII", "memsize":87, "flags":{"wb_protected":true, "old":true, "marked":true}}
{"address":"0x7fc96c03df58", "type":"STRING", "class":"0x7fc96c801668", "frozen":true, "embedded":true, "fstring":true, "bytesize":9, "value":"Installer", "encoding":"US-ASCII", "flags":{"wb_protected":true, "old":true, "marked":true}}
{"address":"0x7fc96c03e048", "type":"STRING", "class":"0x7fc96c801668", "bytesize":71, "capacity":128, "value":"/usr/local/Cellar/ruby/2.1.1/lib/ruby/gems/2.1.0/specifications/default", "encoding":"UTF-8", "memsize":129, "flags":{"wb_protected":true, "old":true, "marked":true}}
{"address":"0x7fc96c03e070", "type":"DATA", "class":"0x7fc96c833488", "struct":"iseq", "references":["0x7fc96c03f718", "0x7fc96d800320", "0x7fc96d814c58", "0x7fc96d814c58", "0x7fc96c03f7b8"], "memsize":896, "flags":{"wb_protected":true, "old":true, "marked":true}}
{"address":"0x7fc96c03e098", "type":"ARRAY", "class":"0x7fc96c84a048", "length":1, "embedded":true, "references":["0x7fc96c8c1e90"], "flags":{"wb_protected":true, "old":true, "marked":true}}
{"address":"0x7fc96c03e0c0", "type":"ARRAY", "length":1, "embedded":true, "references":["0x7fc96c03e160"], "flags":{"wb_protected":true, "old":true, "marked":true}}
{"address":"0x7fc96c03e0e8", "type":"STRING", "class":"0x7fc96c801668", "frozen":true, "embedded":true, "fstring":true, "bytesize":18, "value":"DependencyResolver", "encoding":"US-ASCII", "flags":{"wb_protected":true, "old":true, "marked":true}}
{"address":"0x7fc96c03e160", "type":"STRING", "class":"0x7fc96c801668", "frozen":true, "embedded":true, "fstring":true, "bytesize":3, "value":"[]=", "encoding":"UTF-8", "flags":{"wb_protected":true, "old":true, "marked":true}}
{"address":"0x7fc96c03e188", "type":"OBJECT", "class":"0x7fc96c8c2688", "ivars":3, "references":["0x7fc96c03e098"], "flags":{"wb_protected":true, "old":true, "marked":true}}
{"address":"0x7fc96c03e200", "type":"STRING", "class":"0x7fc96c801668", "frozen":true, "embedded":true, "fstring":true, "bytesize":8, "value":"dep_spec", "encoding":"US-ASCII", "flags":{"wb_protected":true, "old":true, "marked":true}}
{"address":"0x7fc96c03e228", "type":"DATA", "class":"0x7fc96c833488", "struct":"iseq", "references":["0x7fc96c03e0c0", "0x7fc96c03f718", "0x7fc96d800320", "0x7fc96d814c58", "0x7fc96d814c58", "0x7fc96c03f7b8"], "memsize":1008, "flags":{"wb_protected":true, "old":true, "marked":true}}
{"address":"0x7fc96c03e250", "type":"STRING", "class":"0x7fc96c801668", "embedded":true, "bytesize":5, "value":"1.3.0", "encoding":"UTF-8", "flags":{"wb_protected":true, "old":true, "marked":true}}
{"address":"0x7fc96c03e278", "type":"STRING", "class":"0x7fc96c801668", "frozen":true, "embedded":true, "fstring":true, "bytesize":14, "value":"DependencyList", "encoding":"US-ASCII", "flags":{"wb_protected":true, "old":true, "marked":true}}
{"address":"0x7fc96c03e2c8", "type":"HASH", "class":"0x7fc96c849918", "size":51, "references":["0x7fc96c022820", "0x7fc96c022dc0", "0x7fc96c021e98", "0x7fc96c0227d0", "0x7fc96c021b78", "0x7fc96c021e48", "0x7fc96c0213a8", "0x7fc96c021948", "0x7fc96c020f48", "0x7fc96c021380", "0x7fc96c020890", "0x7fc96c020ea8", "0x7fc96c020228", "0x7fc96c020818", "0x7fc96c023360", "0x7fc96c0201d8", "0x7fc96c8388c0", "0x7fc96c0234a0", "0x7fc96c833d20", "0x7fc96c838550", "0x7fc96c82a720", "0x7fc96c8337d0", "0x7fc96c8126e8", "0x7fc96c828650", "0x7fc96d076438", "0x7fc96c812698", "0x7fc96c8ca978", "0x7fc96d076410", "0x7fc96d039ad8", "0x7fc96c8ca950", "0x7fc96d867f48", "0x7fc96d039ab0", "0x7fc96d833680", "0x7fc96d867f20", "0x7fc96d832078", "0x7fc96d833658", "0x7fc96d81ce58", "0x7fc96d832050", "0x7fc96d81c020", "0x7fc96d81cde0", "0x7fc96d817728", "0x7fc96d817f98", "0x7fc96c8a3968", "0x7fc96d817688", "0x7fc96c89b740", "0x7fc96c8a3940", "0x7fc96c89b060", "0x7fc96c89b718", "0x7fc96c8925a0", "0x7fc96c89b038", "0x7fc96c88a3c8", "0x7fc96c892578", "0x7fc96d066e98", "0x7fc96c88a378", "0x7fc96d05faf8", "0x7fc96d066e70", "0x7fc96d02a7b8", "0x7fc96d05fad0", "0x7fc96d01a7c8", "0x7fc96d02a790", "0x7fc96d01a048", "0x7fc96d01a7a0", "0x7fc96c860f00", "0x7fc96d01a020", "0x7fc96c053268", "0x7fc96c860ed8", "0x7fc96c03d620", "0x7fc96c053240", "0x7fc96c035240", "0x7fc96c03d5d0", "0x7fc96c022140", "0x7fc96c035218", "0x7fc96c822ac0", "0x7fc96c022118", "0x7fc96c822368", "0x7fc96c822a98", "0x7fc96c8102a8", "0x7fc96c822340", "0x7fc96c8eb1c8", "0x7fc96c810258", "0x7fc96c8e5070", "0x7fc96c8eb1a0", "0x7fc96d074548", "0x7fc96c8e4ff8", "0x7fc96c8d16b0", "0x7fc96d074520", "0x7fc96c8b0d48", "0x7fc96c8d1688", "0x7fc96c8b0500", "0x7fc96c8b0d20", "0x7fc96d03a398", "0x7fc96c8b04d8", "0x7fc96c0669d0", "0x7fc96d03a348", "0x7fc96d838ea0", "0x7fc96c0669a8", "0x7fc96d833d38", "0x7fc96d838e78", "0x7fc96d814050", "0x7fc96d833d10", "0x7fc96c89acf0", "0x7fc96d814028"], "memsize":2584, "flags":{"wb_protected":true, "old":true, "marked":true}}
{"address":"0x7fc96c03e390", "type":"DATA", "class":"0x7fc96c833488", "struct":"iseq", "references":["0x7fc96c03f718", "0x7fc96d800320", "0x7fc96d814c58", "0x7fc96d814c58", "0x7fc96c03f7b8"], "memsize":896, "flags":{"wb_protected":true, "old":true, "marked":true}}
{"address":"0x7fc96c03e3e0", "type":"ARRAY", "length":1, "embedded":true, "references":["0x7fc96c03e458"], "flags":{"wb_protected":true, "old":true, "marked":true}}
{"address":"0x7fc96c03e458", "type":"STRING", "class":"0x7fc96c801668", "frozen":true, "embedded":true, "fstring":true, "bytesize":2, "value":"[]", "encoding":"UTF-8", "flags":{"wb_protected":true, "old":true, "marked":true}}
{"address":"0x7fc96c03e480", "type":"OBJECT", "class":"0x7fc96d040a68", "ivars":3, "references":["0x7fc96c03e250"], "flags":{"wb_protected":true, "old":true, "marked":true}}
{"address":"0x7fc96c03e4d0", "type":"STRING", "class":"0x7fc96c801668", "embedded":true, "bytesize":10, "value":"mixlib-cli", "encoding":"UTF-8", "flags":{"wb_protected":true, "old":true, "marked":true}}
{"address":"0x7fc96c03e4f8", "type":"DATA", "class":"0x7fc96c833488", "struct":"iseq", "references":["0x7fc96c03e3e0", "0x7fc96c03f718", "0x7fc96d800320", "0x7fc96d814c58", "0x7fc96d814c58", "0x7fc96c03f7b8"], "memsize":1008, "flags":{"wb_protected":true, "old":true, "marked":true}}
{"address":"0x7fc96c03e570", "type":"ARRAY", "class":"0x7fc96c84a048", "length":0, "flags":{"wb_protected":true, "old":true, "marked":true}}
{"address":"0x7fc96c03e688", "type":"DATA", "class":"0x7fc96c833488", "struct":"iseq", "references":["0x7fc96c03f718", "0x7fc96d800320", "0x7fc96d814c58", "0x7fc96d814c58", "0x7fc96c03f7b8"], "memsize":3176, "flags":{"wb_protected":true, "old":true, "marked":true}}
{"address":"0x7fc96c03e6d8", "type":"ARRAY", "class":"0x7fc96c84a048", "length":0, "flags":{"wb_protected":true, "old":true, "marked":true}}
{"address":"0x7fc96c03e778", "type":"STRING", "class":"0x7fc96c801668", "bytesize":38, "capacity":128, "value":"irb/lc/en_US.UTF-8/encoding_aliases.rb", "encoding":"UTF-8", "memsize":129, "flags":{"wb_protected":true, "old":true, "marked":true}}
{"address":"0x7fc96c03e7c8", "type":"STRING", "class":"0x7fc96c801668", "frozen":true, "embedded":true, "fstring":true, "bytesize":16, "value":"MARSHAL_SPEC_DIR", "encoding":"US-ASCII", "flags":{"wb_protected":true, "old":true, "marked":true}}
{"address":"0x7fc96c03e7f0", "type":"DATA", "class":"0x7fc96c833488", "struct":"iseq", "references":["0x7fc96c03f718", "0x7fc96d800320", "0x7fc96d814c58", "0x7fc96d814c58", "0x7fc96c03f7b8"], "memsize":896, "flags":{"wb_protected":true, "old":true, "marked":true}}
{"address":"0x7fc96c03e818", "type":"STRING", "class":"0x7fc96c801668", "embedded":true, "bytesize":11, "value":"en_US.UTF-8", "encoding":"UTF-8", "flags":{"wb_protected":true, "old":true, "marked":true}}
{"address":"0x7fc96c03e840", "type":"STRING", "class":"0x7fc96c801668", "frozen":true, "embedded":true, "fstring":true, "bytesize":2, "value":"~@", "encoding":"UTF-8", "flags":{"wb_protected":true, "old":true, "marked":true}}
{"address":"0x7fc96c03e868", "type":"ARRAY", "length":1, "embedded":true, "references":["0x7fc96c044ee8"], "flags":{"wb_protected":true, "old":true, "marked":true}}
{"address":"0x7fc96c03e8b8", "type":"STRING", "class":"0x7fc96c801668", "embedded":true, "bytesize":19, "value":"encoding_aliases.rb", "encoding":"UTF-8", "flags":{"wb_protected":true, "old":true, "marked":true}}
{"address":"0x7fc96c03e8e0", "type":"OBJECT", "class":"0x7fc96c8c2688", "ivars":3, "references":["0x7fc96d074700"], "flags":{"wb_protected":true, "old":true, "marked":true}}
{"address":"0x7fc96c03e930", "type":"DATA", "class":"0x7fc96c833488", "struct":"iseq", "references":["0x7fc96c03e868", "0x7fc96c03f718", "0x7fc96d800320", "0x7fc96d814c58", "0x7fc96d814c58", "0x7fc96c03f7b8"], "memsize":1008, "flags":{"wb_protected":true, "old":true, "marked":true}}
{"address":"0x7fc96c03e958", "type":"STRING", "class":"0x7fc96c801668", "embedded":true, "bytesize":3, "value":"irb", "encoding":"UTF-8", "flags":{"wb_protected":true, "old":true, "marked":true}}
{"address":"0x7fc96c03e9a8", "type":"ARRAY", "length":1, "embedded":true, "references":["0x7fc96c044ee8"], "flags":{"wb_protected":true, "old":true, "marked":true}}
{"address":"0x7fc96c03e9d0", "type":"STRING", "class":"0x7fc96c801668", "frozen":true, "embedded":true, "fstring":true, "bytesize":19, "value":"pre_uninstall_hooks", "encoding":"US-ASCII", "flags":{"wb_protected":true, "old":true, "marked":true}}
{"address":"0x7fc96c03e9f8", "type":"STRING", "class":"0x7fc96c801668", "embedded":true, "bytesize":23, "value":"irb/encoding_aliases.rb", "encoding":"UTF-8", "flags":{"wb_protected":true, "old":true, "marked":true}}
{"address":"0x7fc96c03ea20", "type":"STRING", "class":"0x7fc96c801668", "embedded":true, "bytesize":5, "value":"UTF-8", "encoding":"UTF-8", "flags":{"wb_protected":true, "old":true, "marked":true}}
{"address":"0x7fc96c03ea48", "type":"STRING", "class":"0x7fc96c801668", "embedded":true, "bytesize":2, "value":"US", "encoding":"UTF-8", "flags":{"wb_protected":true, "old":true, "marked":true}}
{"address":"0x7fc96c03ea70", "type":"STRING", "class":"0x7fc96c801668", "embedded":true, "bytesize":2, "value":"en", "encoding":"UTF-8", "flags":{"wb_protected":true, "old":true, "marked":true}}
{"address":"0x7fc96c03eae8", "type":"DATA", "class":"0x7fc96c833488", "struct":"iseq", "references":["0x7fc96c03e9a8", "0x7fc96c03f718", "0x7fc96d800320", "0x7fc96d814c58", "0x7fc96d814c58", "0x7fc96c03f7b8"], "memsize":1008, "flags":{"wb_protected":true, "old":true, "marked":true}}
{"address":"0x7fc96c03eb38", "type":"STRING", "class":"0x7fc96c801668", "frozen":true, "embedded":true, "bytesize":11, "value":"en_US.UTF-8", "encoding":"UTF-8", "flags":{"wb_protected":true, "old":true, "marked":true}}
{"address":"0x7fc96c03eb60", "type":"STRING", "class":"0x7fc96c801668", "frozen":true, "embedded":true, "fstring":true, "bytesize":1, "value":";", "encoding":"UTF-8", "flags":{"wb_protected":true, "old":true, "marked":true}}
{"address":"0x7fc96c03eb88", "type":"STRING", "class":"0x7fc96c801668", "frozen":true, "embedded":true, "fstring":true, "bytesize":15, "value":"pre_reset_hooks", "encoding":"US-ASCII", "flags":{"wb_protected":true, "old":true, "marked":true}}
{"address":"0x7fc96c03ec00", "type":"ARRAY", "class":"0x7fc96c84a048", "length":0, "flags":{"wb_protected":true, "old":true, "marked":true}}
{"address":"0x7fc96c03ec28", "type":"STRING", "class":"0x7fc96c801668", "frozen":true, "embedded":true, "fstring":true, "bytesize":14, "value":"nil_attributes", "encoding":"US-ASCII", "flags":{"wb_protected":true, "old":true, "marked":true}}
{"address":"0x7fc96c03eca0", "type":"OBJECT", "class":"0x7fc96c0451e0", "ivars":7, "references":["0x7fc96c03ea20", "0x7fc96c03ea48", "0x7fc96c03ea70", "0x7fc96c03eb38", "0x7fc96c802040"], "memsize":56, "flags":{"wb_protected":true, "old":true, "marked":true}}
{"address":"0x7fc96c03ecc8", "type":"HASH", "class":"0x7fc96c849918", "size":7, "references":["0x7fc96c03f1a0", "0x7fc96c03f038", "0x7fc96c03ef20", "0x7fc96c03ee08", "0x7fc96c03ed68", "0x7fc96c03ecf0", "0x7fc96c839090"], "memsize":472, "flags":{"wb_protected":true, "old":true, "marked":true}}
{"address":"0x7fc96c03ecf0", "type":"HASH", "class":"0x7fc96c849918", "size":5, "references":["0x7fc96c03ed40"], "memsize":192, "flags":{"wb_protected":true, "old":true, "marked":true}}
{"address":"0x7fc96c03ed18", "type":"STRING", "class":"0x7fc96c801668", "frozen":true, "embedded":true, "fstring":true, "bytesize":17, "value":"pre_install_hooks", "encoding":"US-ASCII", "flags":{"wb_protected":true, "old":true, "marked":true}}
{"address":"0x7fc96c03ed40", "type":"STRING", "class":"0x7fc96c801668", "embedded":true, "bytesize":10, "value":"    ==>%s\n", "encoding":"UTF-8", "flags":{"wb_protected":true, "old":true, "marked":true}}
{"address":"0x7fc96c03ed68", "type":"HASH", "class":"0x7fc96c849918", "size":6, "references":["0x7fc96c03ede0", "0x7fc96c03edb8"], "memsize":192, "flags":{"wb_protected":true, "old":true, "marked":true}}
{"address":"0x7fc96c03ed90", "type":"DATA", "class":"0x7fc96c833488", "struct":"iseq", "references":["0x7fc96c03f718", "0x7fc96d800320", "0x7fc96d814c58", "0x7fc96d814c58", "0x7fc96c03f7b8"], "memsize":3120, "flags":{"wb_protected":true, "old":true, "marked":true}}
{"address":"0x7fc96c03edb8", "type":"STRING", "class":"0x7fc96c801668", "embedded":true, "bytesize":3, "value":"%s\n", "encoding":"UTF-8", "flags":{"wb_protected":true, "old":true, "marked":true}}
{"address":"0x7fc96c03ede0", "type":"STRING", "class":"0x7fc96c801668", "embedded":true, "bytesize":16, "value":"%N(%m):%03n:%i> ", "encoding":"UTF-8", "flags":{"wb_protected":true, "old":true, "marked":true}}
{"address":"0x7fc96c03ee08", "type":"HASH", "class":"0x7fc96c849918", "size":5, "references":["0x7fc96c03eed0", "0x7fc96c03ee80", "0x7fc96c03ee58", "0x7fc96c03ee30"], "memsize":192, "flags":{"wb_protected":true, "old":true, "marked":true}}
{"address":"0x7fc96c03ee30", "type":"STRING", "class":"0x7fc96c801668", "embedded":true, "bytesize":6, "value":"=> %s\n", "encoding":"UTF-8", "flags":{"wb_protected":true, "old":true, "marked":true}}
{"address":"0x7fc96c03ee58", "type":"STRING", "class":"0x7fc96c801668", "embedded":true, "bytesize":3, "value":"?> ", "encoding":"UTF-8", "flags":{"wb_protected":true, "old":true, "marked":true}}
{"address":"0x7fc96c03ee80", "type":"STRING", "class":"0x7fc96c801668", "embedded":true, "bytesize":3, "value":">> ", "encoding":"UTF-8", "flags":{"wb_protected":true, "old":true, "marked":true}}
{"address":"0x7fc96c03eea8", "type":"STRING", "class":"0x7fc96c801668", "frozen":true, "embedded":true, "fstring":true, "bytesize":20, "value":"post_uninstall_hooks", "encoding":"US-ASCII", "flags":{"wb_protected":true, "old":true, "marked":true}}
{"address":"0x7fc96c03eed0", "type":"STRING", "class":"0x7fc96c801668", "embedded":true, "bytesize":3, "value":">> ", "encoding":"UTF-8", "flags":{"wb_protected":true, "old":true, "marked":true}}
{"address":"0x7fc96c03eef8", "type":"DATA", "class":"0x7fc96c833488", "struct":"iseq", "references":["0x7fc96c03f718", "0x7fc96d800320", "0x7fc96d814c58", "0x7fc96d814c58", "0x7fc96c03f7b8"], "memsize":1008, "flags":{"wb_protected":true, "old":true, "marked":true}}
{"address":"0x7fc96c03ef20", "type":"HASH", "class":"0x7fc96c849918", "size":5, "references":["0x7fc96c03f010", "0x7fc96c03efe8", "0x7fc96c03efc0", "0x7fc96c03ef70", "0x7fc96c03ef48"], "memsize":192, "flags":{"wb_protected":true, "old":true, "marked":true}}
{"address":"0x7fc96c03ef48", "type":"STRING", "class":"0x7fc96c801668", "embedded":true, "bytesize":3, "value":"%s\n", "encoding":"UTF-8", "flags":{"wb_protected":true, "old":true, "marked":true}}
{"address":"0x7fc96c03ef70", "type":"STRING", "class":"0x7fc96c801668", "embedded":true, "bytesize":16, "value":"%N(%m):%03n:%i* ", "encoding":"UTF-8", "flags":{"wb_protected":true, "old":true, "marked":true}}
{"address":"0x7fc96c03ef98", "type":"ARRAY", "length":1, "embedded":true, "references":["0x7fc96d832c30"], "flags":{"wb_protected":true, "old":true, "marked":true}}
{"address":"0x7fc96c03efc0", "type":"STRING", "class":"0x7fc96c801668", "embedded":true, "bytesize":17, "value":"%N(%m):%03n:%i%l ", "encoding":"UTF-8", "flags":{"wb_protected":true, "old":true, "marked":true}}
{"address":"0x7fc96c03efe8", "type":"STRING", "class":"0x7fc96c801668", "embedded":true, "bytesize":16, "value":"%N(%m):%03n:%i> ", "encoding":"UTF-8", "flags":{"wb_protected":true, "old":true, "marked":true}}
{"address":"0x7fc96c03f010", "type":"STRING", "class":"0x7fc96c801668", "embedded":true, "bytesize":16, "value":"%N(%m):%03n:%i> ", "encoding":"UTF-8", "flags":{"wb_protected":true, "old":true, "marked":true}}
{"address":"0x7fc96c03f038", "type":"HASH", "class":"0x7fc96c849918", "size":5, "references":["0x7fc96c03f178", "0x7fc96c03f128", "0x7fc96c03f100", "0x7fc96c03f0d8", "0x7fc96c03f088"], "memsize":192, "flags":{"wb_protected":true, "old":true, "marked":true}}
{"address":"0x7fc96c03f060", "type":"STRING", "class":"0x7fc96c801668", "frozen":true, "embedded":true, "fstring":true, "bytesize":16, "value":"post_reset_hooks", "encoding":"US-ASCII", "flags":{"wb_protected":true, "old":true, "marked":true}}
{"address":"0x7fc96c03f088", "type":"STRING", "class":"0x7fc96c801668", "embedded":true, "bytesize":6, "value":"=> %s\n", "encoding":"UTF-8", "flags":{"wb_protected":true, "old":true, "marked":true}}
{"address":"0x7fc96c03f0b0", "type":"DATA", "class":"0x7fc96c833488", "struct":"iseq", "references":["0x7fc96c03ef98", "0x7fc96c03f718", "0x7fc96d800320", "0x7fc96d814c58", "0x7fc96d814c58", "0x7fc96c03f7b8"], "memsize":1008, "flags":{"wb_protected":true, "old":true, "marked":true}}
{"address":"0x7fc96c03f0d8", "type":"STRING", "class":"0x7fc96c801668", "embedded":true, "bytesize":16, "value":"%N(%m):%03n:%i* ", "encoding":"UTF-8", "flags":{"wb_protected":true, "old":true, "marked":true}}
{"address":"0x7fc96c03f100", "type":"STRING", "class":"0x7fc96c801668", "embedded":true, "bytesize":17, "value":"%N(%m):%03n:%i%l ", "encoding":"UTF-8", "flags":{"wb_protected":true, "old":true, "marked":true}}
{"address":"0x7fc96c03f128", "type":"STRING", "class":"0x7fc96c801668", "embedded":true, "bytesize":16, "value":"%N(%m):%03n:%i> ", "encoding":"UTF-8", "flags":{"wb_protected":true, "old":true, "marked":true}}
{"address":"0x7fc96c03f150", "type":"ARRAY", "length":4, "references":["0x7fc96c8ab9b0", "0x7fc96c044f88", "0x7fc96c8811b0", "0x7fc96c044f88"], "memsize":160, "flags":{"wb_protected":true, "old":true, "marked":true}}
{"address":"0x7fc96c03f178", "type":"STRING", "class":"0x7fc96c801668", "embedded":true, "bytesize":16, "value":"%N(%m):%03n:%i> ", "encoding":"UTF-8", "flags":{"wb_protected":true, "old":true, "marked":true}}
{"address":"0x7fc96c03f1a0", "type":"HASH", "class":"0x7fc96c849918", "size":5, "references":["0x7fc96c03f1c8"], "memsize":192, "flags":{"wb_protected":true, "old":true, "marked":true}}
{"address":"0x7fc96c03f1c8", "type":"STRING", "class":"0x7fc96c801668", "embedded":true, "bytesize":3, "value":"%s\n", "encoding":"UTF-8", "flags":{"wb_protected":true, "old":true, "marked":true}}
{"address":"0x7fc96c03f1f0", "type":"STRING", "class":"0x7fc96c801668", "frozen":true, "embedded":true, "fstring":true, "bytesize":21, "value":"done_installing_hooks", "encoding":"US-ASCII", "flags":{"wb_protected":true, "old":true, "marked":true}}
{"address":"0x7fc96c03f218", "type":"ARRAY", "class":"0x7fc96c84a048", "length":0, "flags":{"wb_protected":true, "old":true, "marked":true}}
{"address":"0x7fc96c03f240", "type":"DATA", "class":"0x7fc96c833488", "struct":"iseq", "references":["0x7fc96c03f150", "0x7fc96c03f718", "0x7fc96d800320", "0x7fc96d814c58", "0x7fc96d814c58", "0x7fc96c03f7b8"], "memsize":4504, "flags":{"wb_protected":true, "old":true, "marked":true}}
{"address":"0x7fc96c03f268", "type":"STRING", "class":"0x7fc96c801668", "bytesize":47, "value":"/usr/local/Cellar/ruby/2.1.1/lib/ruby/2.1.0/irb", "encoding":"US-ASCII", "memsize":48, "flags":{"wb_protected":true, "old":true, "marked":true}}
{"address":"0x7fc96c03f290", "type":"STRING", "class":"0x7fc96c801668", "embedded":true, "bytesize":4, "value":"ruby", "encoding":"UTF-8", "flags":{"wb_protected":true, "old":true, "marked":true}}
{"address":"0x7fc96c03f2b8", "type":"STRING", "class":"0x7fc96c801668", "frozen":true, "embedded":true, "fstring":true, "bytesize":2, "value":"::", "encoding":"UTF-8", "flags":{"wb_protected":true, "old":true, "marked":true}}
{"address":"0x7fc96c03f2e0", "type":"STRING", "class":"0x7fc96c801668", "embedded":true, "bytesize":3, "value":"irb", "encoding":"UTF-8", "flags":{"wb_protected":true, "old":true, "marked":true}}
{"address":"0x7fc96c03f308", "type":"STRING", "class":"0x7fc96c801668", "embedded":true, "bytesize":3, "value":"irb", "encoding":"US-ASCII", "flags":{"wb_protected":true, "old":true, "marked":true}}
{"address":"0x7fc96c03f330", "type":"STRING", "class":"0x7fc96c801668", "frozen":true, "bytesize":50, "capacity":128, "value":"/usr/local/Cellar/ruby/2.1.1/lib/ruby/2.1.0/irb.rb", "encoding":"US-ASCII", "memsize":129, "flags":{"wb_protected":true, "old":true, "marked":true}}
{"address":"0x7fc96c03f380", "type":"DATA", "class":"0x7fc96c833488", "struct":"iseq", "references":["0x7fc96c03f718", "0x7fc96d800320", "0x7fc96d814c58", "0x7fc96d814c58", "0x7fc96c03f7b8"], "memsize":2648, "flags":{"wb_protected":true, "old":true, "marked":true}}
{"address":"0x7fc96c03f3a8", "type":"STRING", "class":"0x7fc96c801668", "frozen":true, "embedded":true, "fstring":true, "bytesize":18, "value":"post_install_hooks", "encoding":"US-ASCII", "flags":{"wb_protected":true, "old":true, "marked":true}}
{"address":"0x7fc96c03f3d0", "type":"STRING", "class":"0x7fc96c801668", "shared":true, "encoding":"US-ASCII", "references":["0x7fc96c03f330"], "flags":{"wb_protected":true, "old":true, "marked":true}}
{"address":"0x7fc96c03f420", "type":"ARRAY", "length":1, "embedded":true, "references":["0x7fc96c883668"], "flags":{"wb_protected":true, "old":true, "marked":true}}
{"address":"0x7fc96c03f448", "type":"HASH", "class":"0x7fc96c849918", "size":0, "flags":{"wb_protected":true, "old":true, "marked":true}}
{"address":"0x7fc96c03f4c0", "type":"ARRAY", "class":"0x7fc96c84a048", "length":0, "flags":{"wb_protected":true, "old":true, "marked":true}}
{"address":"0x7fc96c03f510", "type":"DATA", "class":"0x7fc96c833488", "struct":"iseq", "references":["0x7fc96c03f420", "0x7fc96c03f718", "0x7fc96d800320", "0x7fc96d814c58", "0x7fc96d814c58", "0x7fc96c03f7b8"], "memsize":2544, "flags":{"wb_protected":true, "old":true, "marked":true}}
{"address":"0x7fc96c03f538", "type":"STRING", "class":"0x7fc96c801668", "frozen":true, "embedded":true, "bytesize":3, "value":"irb", "encoding":"UTF-8", "flags":{"wb_protected":true, "old":true, "marked":true}}
{"address":"0x7fc96c03f560", "type":"STRING", "class":"0x7fc96c801668", "frozen":true, "embedded":true, "fstring":true, "bytesize":16, "value":"post_build_hooks", "encoding":"US-ASCII", "flags":{"wb_protected":true, "old":true, "marked":true}}
{"address":"0x7fc96c03f5b0", "type":"ARRAY", "length":43, "references":["0x7fc96c03f6f0", "0x7fc96c03f510", "0x7fc96c03f380", "0x7fc96c03f240", "0x7fc96c03f0b0", "0x7fc96c03eef8", "0x7fc96c03ed90", "0x7fc96c03eae8", "0x7fc96c03e930", "0x7fc96c03e7f0", "0x7fc96c03e688", "0x7fc96c03e4f8", "0x7fc96c03e390", "0x7fc96c03e228", "0x7fc96c03e070", "0x7fc96c03df08", "0x7fc96c03dd50", "0x7fc96c03dbe8", "0x7fc96c03da80", "0x7fc96c03d940", "0x7fc96c03d800", "0x7fc96c03d670", "0x7fc96d855b90", "0x7fc96c0528b8", "0x7fc96c046d10", "0x7fc96c823880", "0x7fc96c03f2b8", "0x7fc96c044f88", "0x7fc96d832c30", "0x7fc96c0528e0", "0x7fc96c03eb60", "0x7fc96c044ee8", "0x7fc96c03e840", "0x7fc96c8f18c0", "0x7fc96c03e458", "0x7fc96c03e160", "0x7fc96d831100", "0x7fc96c052908", "0x7fc96c045578", "0x7fc96d867318", "0x7fc96c809048", "0x7fc96d839120", "0x7fc96c0527c8"], "memsize":448, "flags":{"wb_protected":true, "old":true, "marked":true}}
{"address":"0x7fc96c03f5d8", "type":"STRING", "class":"0x7fc96c801668", "frozen":true, "embedded":true, "fstring":true, "bytesize":13, "value":"to_yaml_style", "encoding":"US-ASCII", "flags":{"wb_protected":true, "old":true, "marked":true}}
{"address":"0x7fc96c03f650", "type":"STRING", "class":"0x7fc96c801668", "frozen":true, "embedded":true, "fstring":true, "bytesize":6, "value":"taguri", "encoding":"US-ASCII", "flags":{"wb_protected":true, "old":true, "marked":true}}
{"address":"0x7fc96c03f678", "type":"STRING", "class":"0x7fc96c801668", "embedded":true, "bytesize":18, "value":"/usr/local/bin/irb", "encoding":"UTF-8", "flags":{"wb_protected":true, "old":true, "marked":true}}
{"address":"0x7fc96c03f6f0", "type":"DATA", "class":"0x7fc96c833488", "struct":"iseq", "references":["0x7fc96c03f718", "0x7fc96d800320", "0x7fc96d814c58", "0x7fc96d814c58", "0x7fc96c03f7b8"], "memsize":1624, "flags":{"wb_protected":true, "old":true, "marked":true}}
{"address":"0x7fc96c03f718", "type":"STRING", "class":"0x7fc96c801668", "frozen":true, "fstring":true, "bytesize":17, "capacity":120, "value":"block in lex_int2", "memsize":121, "flags":{"wb_protected":true, "old":true, "marked":true}}
{"address":"0x7fc96c03f7b8", "type":"NODE", "node_type":"NODE_CREF", "references":["0x7fc96c88a7d8", "0x7fc96c0583d0"], "flags":{"wb_protected":true, "old":true, "marked":true}}
{"address":"0x7fc96c03f7e0", "type":"STRING", "class":"0x7fc96c801668", "frozen":true, "embedded":true, "fstring":true, "bytesize":19, "value":"clear_default_specs", "encoding":"US-ASCII", "flags":{"wb_protected":true, "old":true, "marked":true}}
{"address":"0x7fc96c03f808", "type":"DATA", "class":"0x7fc96c833488", "struct":"iseq", "references":["0x7fc96c03f5b0", "0x7fc96d800320", "0x7fc96d800320", "0x7fc96d814c58", "0x7fc96d814c58", "0x7fc96c03f7b8", "0x7fc96c88a7d8"], "memsize":8456, "flags":{"wb_protected":true, "old":true, "marked":true}}
{"address":"0x7fc96c03f830", "type":"ARRAY", "class":"0x7fc96c84a048", "length":0, "flags":{"wb_protected":true, "old":true, "marked":true}}
{"address":"0x7fc96c03f8a8", "type":"ARRAY", "class":"0x7fc96c84a048", "length":0, "flags":{"wb_protected":true, "old":true, "marked":true}}
{"address":"0x7fc96c03f920", "type":"DATA", "class":"0x7fc96c833488", "struct":"iseq", "references":["0x7fc96c050068", "0x7fc96d80eb00", "0x7fc96d814c58", "0x7fc96d814c58", "0x7fc96c050108"], "memsize":1008, "flags":{"wb_protected":true, "old":true, "marked":true}}
{"address":"0x7fc96c03f948", "type":"ARRAY", "class":"0x7fc96c84a048", "length":0, "flags":{"wb_protected":true, "old":true, "marked":true}}
{"address":"0x7fc96c03f970", "type":"STRING", "class":"0x7fc96c801668", "frozen":true, "fstring":true, "bytesize":29, "value":"^(IRB|SLex|RubyLex|RubyToken)", "encoding":"US-ASCII", "memsize":30, "flags":{"wb_protected":true, "old":true, "marked":true}}
{"address":"0x7fc96c03f998", "type":"ARRAY", "length":1, "embedded":true, "references":["0x7fc96d800ed8"], "flags":{"wb_protected":true, "old":true, "marked":true}}
{"address":"0x7fc96c03fa10", "type":"REGEXP", "class":"0x7fc96c8491e8", "references":["0x7fc96c03f970"], "memsize":580, "flags":{"wb_protected":true, "old":true, "marked":true}}
{"address":"0x7fc96c03fa38", "type":"ARRAY", "class":"0x7fc96c84a048", "length":0, "flags":{"wb_protected":true, "old":true, "marked":true}}
{"address":"0x7fc96c03fa60", "type":"DATA", "class":"0x7fc96c833488", "struct":"iseq", "references":["0x7fc96c03f998", "0x7fc96c050068", "0x7fc96d80eb00", "0x7fc96d814c58", "0x7fc96d814c58", "0x7fc96c050108"], "memsize":2240, "flags":{"wb_protected":true, "old":true, "marked":true}}
{"address":"0x7fc96c03fad8", "type":"STRING", "class":"0x7fc96c801668", "frozen":true, "embedded":true, "fstring":true, "bytesize":10, "value":"quick_emit", "encoding":"US-ASCII", "flags":{"wb_protected":true, "old":true, "marked":true}}
{"address":"0x7fc96c03fb00", "type":"STRING", "class":"0x7fc96c801668", "frozen":true, "embedded":true, "fstring":true, "bytesize":1, "value":"+", "encoding":"UTF-8", "flags":{"wb_protected":true, "old":true, "marked":true}}
{"address":"0x7fc96c03fb28", "type":"STRING", "class":"0x7fc96c801668", "embedded":true, "bytesize":3, "value":"bin", "encoding":"UTF-8", "flags":{"wb_protected":true, "old":true, "marked":true}}
{"address":"0x7fc96c03fb50", "type":"CLASS", "class":"0x7fc96c8498f0", "name":"Hash", "references":["0x7fc96c03fb50", "0x7fc96d866c38", "0x7fc96c03fdf8", "0x7fc96c849918"], "memsize":672, "flags":{"wb_protected":true, "old":true, "marked":true}}
{"address":"0x7fc96c03fb78", "type":"STRING", "class":"0x7fc96c801668", "frozen":true, "embedded":true, "fstring":true, "bytesize":16, "value":"StdioInputMethod", "encoding":"US-ASCII", "flags":{"wb_protected":true, "old":true, "marked":true}}
{"address":"0x7fc96c03fba0", "type":"ARRAY", "class":"0x7fc96c84a048", "frozen":true, "length":2, "embedded":true, "references":["0x7fc96c8c1f58"], "flags":{"wb_protected":true, "old":true, "marked":true}}
{"address":"0x7fc96c03fbc8", "type":"ARRAY", "length":1, "embedded":true, "references":["0x7fc96c03fd08"], "flags":{"wb_protected":true, "old":true, "marked":true}}
{"address":"0x7fc96c03fbf0", "type":"STRING", "class":"0x7fc96c801668", "frozen":true, "fstring":true, "bytesize":30, "value":"remove_unresolved_default_spec", "encoding":"US-ASCII", "memsize":31, "flags":{"wb_protected":true, "old":true, "marked":true}}
{"address":"0x7fc96c03fc18", "type":"ARRAY", "class":"0x7fc96c84a048", "frozen":true, "length":2, "embedded":true, "references":["0x7fc96c8c1f58"], "flags":{"wb_protected":true, "old":true, "marked":true}}
{"address":"0x7fc96c03fc40", "type":"ARRAY", "length":2, "embedded":true, "references":["0x7fc96d8024b8", "0x7fc96d801c48"], "flags":{"wb_protected":true, "old":true, "marked":true}}
{"address":"0x7fc96c03fc90", "type":"ARRAY", "class":"0x7fc96c84a048", "frozen":true, "length":2, "embedded":true, "references":["0x7fc96c8c1f58"], "flags":{"wb_protected":true, "old":true, "marked":true}}
{"address":"0x7fc96c03fd08", "type":"DATA", "class":"0x7fc96c833488", "struct":"iseq", "references":["0x7fc96c03fc40", "0x7fc96c03fd30", "0x7fc96d80eb00", "0x7fc96d814c58", "0x7fc96d814c58", "0x7fc96c050108"], "memsize":4032, "flags":{"wb_protected":true, "old":true, "marked":true}}
{"address":"0x7fc96c03fd30", "type":"STRING", "class":"0x7fc96c801668", "frozen":true, "fstring":true, "bytesize":28, "capacity":120, "value":"block (2 levels) in lex_init", "memsize":121, "flags":{"wb_protected":true, "old":true, "marked":true}}
{"address":"0x7fc96c03fd58", "type":"STRING", "class":"0x7fc96c801668", "frozen":true, "embedded":true, "bytesize":8, "value":"IRB::Irb", "encoding":"US-ASCII", "flags":{"wb_protected":true, "old":true, "marked":true}}
{"address":"0x7fc96c03fd80", "type":"CLASS", "class":"0x7fc96c802e28", "name":"Class", "references":["0x7fc96c03fda8", "0x7fc96c802dd8"], "memsize":672, "flags":{"wb_protected":true, "old":true, "marked":true}}
{"address":"0x7fc96c03fda8", "type":"CLASS", "class":"0x7fc96c03fd80", "name":"IRB::Irb", "references":["0x7fc96c03fda8", "0x7fc96c065738", "0x7fc96c03fda8", "0x7fc96c03fc90", "0x7fc96c03fda8", "0x7fc96c03fc18", "0x7fc96c03fda8", "0x7fc96c03fba0", "0x7fc96c03fda8", "0x7fc96c065648", "0x7fc96c03fda8", "0x7fc96c064770", "0x7fc96c03fda8", "0x7fc96c064590", "0x7fc96c03fda8", "0x7fc96c0643d8", "0x7fc96c03fda8", "0x7fc96d867e80", "0x7fc96c03fda8", "0x7fc96d867c28", "0x7fc96c03fda8", "0x7fc96d867a20", "0x7fc96c03fda8", "0x7fc96d8676d8", "0x7fc96c03fda8", "0x7fc96d867188", "0x7fc96c03fda8", "0x7fc96d8670c0", "0x7fc96c03fd58", "0x7fc96c803788"], "memsize":1480, "flags":{"wb_protected":true, "old":true, "marked":true}}
{"address":"0x7fc96c03fdd0", "type":"DATA", "class":"0x7fc96c833488", "struct":"iseq", "references":["0x7fc96c03fbc8", "0x7fc96c050068", "0x7fc96d80eb00", "0x7fc96d814c58", "0x7fc96d814c58", "0x7fc96c050108"], "memsize":808, "flags":{"wb_protected":true, "old":true, "marked":true}}
{"address":"0x7fc96c03fdf8", "type":"HASH", "class":"0x7fc96c03fb50", "size":27, "references":["0x7fc96c03f308", "0x7fc96c03f2e0", "0x7fc96c03f268", "0x7fc96c03f218", "0x7fc96c03ecc8", "0x7fc96c03eca0", "0x7fc96d802440", "0x7fc96d0203a8", "0x7fc96c838870"], "memsize":1432, "flags":{"wb_protected":true, "old":true, "marked":true}}
{"address":"0x7fc96c03fe48", "type":"STRING", "class":"0x7fc96c801668", "frozen":true, "embedded":true, "bytesize":10, "value":"IRB::Abort", "encoding":"US-ASCII", "flags":{"wb_protected":true, "old":true, "marked":true}}
{"address":"0x7fc96c03fe70", "type":"CLASS", "class":"0x7fc96c802e28", "name":"Class", "references":["0x7fc96c03fe98", "0x7fc96c8006c8"], "memsize":672, "flags":{"wb_protected":true, "old":true, "marked":true}}
{"address":"0x7fc96c03fe98", "type":"CLASS", "class":"0x7fc96c03fe70", "name":"IRB::Abort", "references":["0x7fc96c03fe48", "0x7fc96c8006f0"], "memsize":672, "flags":{"wb_protected":true, "old":true, "marked":true}}
{"address":"0x7fc96c03fec0", "type":"STRING", "class":"0x7fc96c801668", "shared":true, "encoding":"UTF-8", "references":["0x7fc96c066408"], "flags":{"wb_protected":true, "old":true, "marked":true}}
{"address":"0x7fc96c03ff38", "type":"DATA", "class":"0x7fc96c833488", "struct":"iseq", "references":["0x7fc96c050068", "0x7fc96d80eb00", "0x7fc96d814c58", "0x7fc96d814c58", "0x7fc96c050108"], "memsize":896, "flags":{"wb_protected":true, "old":true, "marked":true}}
{"address":"0x7fc96c03ffb0", "type":"STRING", "class":"0x7fc96c801668", "frozen":true, "embedded":true, "fstring":true, "bytesize":2, "value":"-@", "encoding":"UTF-8", "flags":{"wb_protected":true, "old":true, "marked":true}}
{"address":"0x7fc96c044038", "type":"DATA", "class":"0x7fc96c833488", "struct":"iseq", "references":["0x7fc96c050068", "0x7fc96d80eb00", "0x7fc96d814c58", "0x7fc96d814c58", "0x7fc96c050108"], "memsize":1008, "flags":{"wb_protected":true, "old":true, "marked":true}}
{"address":"0x7fc96c044088", "type":"DATA", "class":"0x7fc96c833488", "struct":"iseq", "references":["0x7fc96c044600", "0x7fc96c8234c0", "0x7fc96c822f98", "0x7fc96c822f98", "0x7fc96c0446c8"], "memsize":344, "flags":{"wb_protected":true, "old":true, "marked":true}}
{"address":"0x7fc96c044100", "type":"STRING", "class":"0x7fc96c801668", "frozen":true, "embedded":true, "fstring":true, "bytesize":4, "value":"yaml", "encoding":"UTF-8", "flags":{"wb_protected":true, "old":true, "marked":true}}
{"address":"0x7fc96c044178", "type":"STRING", "class":"0x7fc96c801668", "frozen":true, "embedded":true, "fstring":true, "bytesize":19, "value":"rubygems/psych_tree", "encoding":"UTF-8", "flags":{"wb_protected":true, "old":true, "marked":true}}
{"address":"0x7fc96c0441a0", "type":"STRING", "class":"0x7fc96c801668", "frozen":true, "fstring":true, "bytesize":24, "value":"rubygems/psych_additions", "encoding":"UTF-8", "memsize":25, "flags":{"wb_protected":true, "old":true, "marked":true}}
{"address":"0x7fc96c0441c8", "type":"STRING", "class":"0x7fc96c801668", "frozen":true, "embedded":true, "fstring":true, "bytesize":10, "value":"StringSink", "encoding":"US-ASCII", "flags":{"wb_protected":true, "old":true, "marked":true}}
{"address":"0x7fc96c044240", "type":"DATA", "class":"0x7fc96c833488", "struct":"iseq", "references":["0x7fc96c044600", "0x7fc96c8234c0", "0x7fc96c822f98", "0x7fc96c822f98", "0x7fc96c0446c8"], "memsize":344, "flags":{"wb_protected":true, "old":true, "marked":true}}
{"address":"0x7fc96c044290", "type":"STRING", "class":"0x7fc96c801668", "frozen":true, "embedded":true, "fstring":true, "bytesize":2, "value":"io", "encoding":"US-ASCII", "flags":{"wb_protected":true, "old":true, "marked":true}}
{"address":"0x7fc96c0442b8", "type":"ARRAY", "length":1, "embedded":true, "references":["0x7fc96c803788"], "flags":{"wb_protected":true, "old":true, "marked":true}}
{"address":"0x7fc96c044308", "type":"DATA", "class":"0x7fc96c833488", "struct":"iseq", "references":["0x7fc96c050068", "0x7fc96d80eb00", "0x7fc96d814c58", "0x7fc96d814c58", "0x7fc96c050108"], "memsize":896, "flags":{"wb_protected":true, "old":true, "marked":true}}
{"address":"0x7fc96c044330", "type":"DATA", "class":"0x7fc96c833488", "struct":"iseq", "references":["0x7fc96c0442b8", "0x7fc96c0444c0", "0x7fc96c8234c0", "0x7fc96c822f98", "0x7fc96c822f98", "0x7fc96c0446c8"], "memsize":728, "flags":{"wb_protected":true, "old":true, "marked":true}}
{"address":"0x7fc96c0443a8", "type":"STRING", "class":"0x7fc96c801668", "frozen":true, "embedded":true, "fstring":true, "bytesize":4, "value":"tree", "encoding":"US-ASCII", "flags":{"wb_protected":true, "old":true, "marked":true}}
{"address":"0x7fc96c0443d0", "type":"STRING", "class":"0x7fc96c801668", "frozen":true, "embedded":true, "fstring":true, "bytesize":8, "value":">= 1.2.1", "encoding":"UTF-8", "flags":{"wb_protected":true, "old":true, "marked":true}}
{"address":"0x7fc96c0443f8", "type":"STRING", "class":"0x7fc96c801668", "frozen":true, "embedded":true, "fstring":true, "bytesize":6, "value":"~> 1.2", "encoding":"UTF-8", "flags":{"wb_protected":true, "old":true, "marked":true}}
{"address":"0x7fc96c044420", "type":"STRING", "class":"0x7fc96c801668", "frozen":true, "embedded":true, "fstring":true, "bytesize":5, "value":"psych", "encoding":"UTF-8", "flags":{"wb_protected":true, "old":true, "marked":true}}
{"address":"0x7fc96c044448", "type":"STRING", "class":"0x7fc96c801668", "frozen":true, "embedded":true, "fstring":true, "bytesize":2, "value":"+@", "encoding":"UTF-8", "flags":{"wb_protected":true, "old":true, "marked":true}}
{"address":"0x7fc96c044498", "type":"DATA", "class":"0x7fc96c833488", "struct":"iseq", "references":["0x7fc96c0444c0", "0x7fc96c8234c0", "0x7fc96c822f98", "0x7fc96c822f98", "0x7fc96c0446c8"], "memsize":712, "flags":{"wb_protected":true, "old":true, "marked":true}}
{"address":"0x7fc96c0444c0", "type":"STRING", "class":"0x7fc96c801668", "frozen":true, "embedded":true, "fstring":true, "bytesize":19, "value":"rescue in load_yaml", "flags":{"wb_protected":true, "old":true, "marked":true}}
{"address":"0x7fc96c044510", "type":"STRING", "class":"0x7fc96c801668", "frozen":true, "embedded":true, "fstring":true, "bytesize":9, "value":"TEST_SYCK", "encoding":"UTF-8", "flags":{"wb_protected":true, "old":true, "marked":true}}
{"address":"0x7fc96c044538", "type":"STRING", "class":"0x7fc96c801668", "frozen":true, "embedded":true, "fstring":true, "bytesize":3, "value":"ast", "encoding":"US-ASCII", "flags":{"wb_protected":true, "old":true, "marked":true}}
{"address":"0x7fc96c044560", "type":"ARRAY", "length":22, "references":["0x7fc96c0445d8", "0x7fc96c044498", "0x7fc96c044330", "0x7fc96c044240", "0x7fc96c044088", "0x7fc96c044510", "0x7fc96c044420", "0x7fc96c0443f8", "0x7fc96c0443d0", "0x7fc96c044420", "0x7fc96c044420", "0x7fc96c044420", "0x7fc96c0441a0", "0x7fc96c044178", "0x7fc96c044100", "0x7fc96c053fb0", "0x7fc96c053f88", "0x7fc96c0445d8", "0x7fc96c044498", "0x7fc96c044240", "0x7fc96c044330", "0x7fc96c044088"], "memsize":296, "flags":{"wb_protected":true, "old":true, "marked":true}}
{"address":"0x7fc96c0445d8", "type":"DATA", "class":"0x7fc96c833488", "struct":"iseq", "references":["0x7fc96c044600", "0x7fc96c8234c0", "0x7fc96c822f98", "0x7fc96c822f98", "0x7fc96c0446c8"], "memsize":344, "flags":{"wb_protected":true, "old":true, "marked":true}}
{"address":"0x7fc96c044600", "type":"STRING", "class":"0x7fc96c801668", "frozen":true, "fstring":true, "bytesize":26, "capacity":48, "value":"defined guard in load_yaml", "memsize":49, "flags":{"wb_protected":true, "old":true, "marked":true}}
{"address":"0x7fc96c044628", "type":"DATA", "class":"0x7fc96c833488", "struct":"iseq", "references":["0x7fc96c050068", "0x7fc96d80eb00", "0x7fc96d814c58", "0x7fc96d814c58", "0x7fc96c050108"], "memsize":1008, "flags":{"wb_protected":true, "old":true, "marked":true}}
{"address":"0x7fc96c044650", "type":"OBJECT", "class":"0x7fc96d074e30", "ivars":50, "references":["0x7fc96c03d6e8", "0x7fc96c0663e0", "0x7fc96c066700", "0x7fc96c066840", "0x7fc96c03db70", "0x7fc96c03db48", "0x7fc96c03d968", "0x7fc96c03e4d0", "0x7fc96c03d738", "0x7fc96c03e480", "0x7fc96c03ddc8", "0x7fc96c03fb28", "0x7fc96c03fa38", "0x7fc96c03dbc0", "0x7fc96c03f948", "0x7fc96c03f8a8", "0x7fc96c03f830", "0x7fc96c03da58", "0x7fc96c03d990", "0x7fc96c03f4c0", "0x7fc96c03f448", "0x7fc96c03f290", "0x7fc96c03ec00", "0x7fc96c03d8f0", "0x7fc96c03e8e0", "0x7fc96c03e188", "0x7fc96c03e6d8", "0x7fc96c03d8c8", "0x7fc96c03e570", "0x7fc96c8c82e0", "0x7fc96c066638"], "memsize":400, "flags":{"wb_protected":true, "old":true, "marked":true}}
{"address":"0x7fc96c0446c8", "type":"NODE", "node_type":"NODE_CREF", "references":["0x7fc96c82a590", "0x7fc96c047878"], "flags":{"wb_protected":true, "old":true, "marked":true}}
{"address":"0x7fc96c0446f0", "type":"DATA", "class":"0x7fc96c833488", "struct":"iseq", "references":["0x7fc96c044560", "0x7fc96c8234c0", "0x7fc96c8234c0", "0x7fc96c822f98", "0x7fc96c822f98", "0x7fc96c0446c8", "0x7fc96c8819a8"], "memsize":6352, "flags":{"wb_protected":true, "old":true, "marked":true}}
{"address":"0x7fc96c044718", "type":"ARRAY", "length":1, "embedded":true, "references":["0x7fc96c044740"], "flags":{"wb_protected":true, "old":true, "marked":true}}
{"address":"0x7fc96c044740", "type":"STRING", "class":"0x7fc96c801668", "frozen":true, "embedded":true, "fstring":true, "bytesize":10, "value":"sitelibdir", "encoding":"UTF-8", "flags":{"wb_protected":true, "old":true, "marked":true}}
{"address":"0x7fc96c044768", "type":"STRING", "class":"0x7fc96c801668", "frozen":true, "embedded":true, "fstring":true, "bytesize":3, "value":"&&=", "encoding":"UTF-8", "flags":{"wb_protected":true, "old":true, "marked":true}}
{"address":"0x7fc96c044790", "type":"STRING", "class":"0x7fc96c801668", "frozen":true, "embedded":true, "fstring":true, "bytesize":3, "value":"||=", "encoding":"UTF-8", "flags":{"wb_protected":true, "old":true, "marked":true}}
{"address":"0x7fc96c0447b8", "type":"NODE", "node_type":"NODE_CREF", "references":["0x7fc96c82a590", "0x7fc96c047878"], "flags":{"wb_protected":true, "old":true, "marked":true}}
{"address":"0x7fc96c0447e0", "type":"DATA", "class":"0x7fc96c833488", "struct":"iseq", "references":["0x7fc96c044718", "0x7fc96c823d30", "0x7fc96c823d30", "0x7fc96c822f98", "0x7fc96c822f98", "0x7fc96c0447b8", "0x7fc96c8819a8"], "memsize":1088, "flags":{"wb_protected":true, "old":true, "marked":true}}
{"address":"0x7fc96c044808", "type":"STRING", "class":"0x7fc96c801668", "frozen":true, "embedded":true, "fstring":true, "bytesize":3, "value":">>=", "encoding":"UTF-8", "flags":{"wb_protected":true, "old":true, "marked":true}}
{"address":"0x7fc96c044830", "type":"STRING", "class":"0x7fc96c801668", "frozen":true, "embedded":true, "fstring":true, "bytesize":3, "value":"<<=", "encoding":"UTF-8", "flags":{"wb_protected":true, "old":true, "marked":true}}
{"address":"0x7fc96c044858", "type":"NODE", "node_type":"NODE_CREF", "references":["0x7fc96c82a590", "0x7fc96c047878"], "flags":{"wb_protected":true, "old":true, "marked":true}}
{"address":"0x7fc96c044880", "type":"DATA", "class":"0x7fc96c833488", "struct":"iseq", "references":["0x7fc96c828010", "0x7fc96c828010", "0x7fc96c822f98", "0x7fc96c822f98", "0x7fc96c044858", "0x7fc96c8819a8"], "memsize":584, "flags":{"wb_protected":true, "old":true, "marked":true}}
{"address":"0x7fc96c0448a8", "type":"STRING", "class":"0x7fc96c801668", "frozen":true, "embedded":true, "fstring":true, "bytesize":2, "value":"^=", "encoding":"UTF-8", "flags":{"wb_protected":true, "old":true, "marked":true}}
{"address":"0x7fc96c0448d0", "type":"ARRAY", "class":"0x7fc96c84a048", "frozen":true, "length":2, "embedded":true, "references":["0x7fc96d023aa8"], "flags":{"wb_protected":true, "old":true, "marked":true}}
{"address":"0x7fc96c0448f8", "type":"NODE", "node_type":"NODE_CREF", "references":["0x7fc96c82a590", "0x7fc96c047878"], "flags":{"wb_protected":true, "old":true, "marked":true}}
{"address":"0x7fc96c044920", "type":"DATA", "class":"0x7fc96c833488", "struct":"iseq", "references":["0x7fc96c828330", "0x7fc96c828330", "0x7fc96c822f98", "0x7fc96c822f98", "0x7fc96c0448f8", "0x7fc96c8819a8"], "memsize":960, "flags":{"wb_protected":true, "old":true, "marked":true}}
{"address":"0x7fc96c044948", "type":"ARRAY", "length":1, "embedded":true, "references":["0x7fc96c044970"], "flags":{"wb_protected":true, "old":true, "marked":true}}
{"address":"0x7fc96c044970", "type":"STRING", "class":"0x7fc96c801668", "frozen":true, "fstring":true, "bytesize":29, "value":"rubygems/dependency_installer", "encoding":"UTF-8", "memsize":30, "flags":{"wb_protected":true, "old":true, "marked":true}}
{"address":"0x7fc96c044998", "type":"STRING", "class":"0x7fc96c801668", "frozen":true, "embedded":true, "fstring":true, "bytesize":2, "value":"|=", "encoding":"UTF-8", "flags":{"wb_protected":true, "old":true, "marked":true}}
{"address":"0x7fc96c0449c0", "type":"STRING", "class":"0x7fc96c801668", "frozen":true, "embedded":true, "fstring":true, "bytesize":10, "value":"@modifieer", "encoding":"US-ASCII", "flags":{"wb_protected":true, "old":true, "marked":true}}
{"address":"0x7fc96c0449e8", "type":"STRING", "class":"0x7fc96c801668", "frozen":true, "embedded":true, "fstring":true, "bytesize":2, "value":"&=", "encoding":"UTF-8", "flags":{"wb_protected":true, "old":true, "marked":true}}
{"address":"0x7fc96c044a10", "type":"NODE", "node_type":"NODE_CREF", "references":["0x7fc96c82a590", "0x7fc96c047878"], "flags":{"wb_protected":true, "old":true, "marked":true}}
{"address":"0x7fc96c044a38", "type":"DATA", "class":"0x7fc96c833488", "struct":"iseq", "references":["0x7fc96c044948", "0x7fc96c828ad8", "0x7fc96c828ad8", "0x7fc96c822f98", "0x7fc96c822f98", "0x7fc96c044a10", "0x7fc96c8819a8"], "memsize":1944, "flags":{"wb_protected":true, "old":true, "marked":true}}
{"address":"0x7fc96c044a60", "type":"ARRAY", "length":1, "embedded":true, "references":["0x7fc96c044c18"], "flags":{"wb_protected":true, "old":true, "marked":true}}
{"address":"0x7fc96c044a88", "type":"STRING", "class":"0x7fc96c801668", "frozen":true, "embedded":true, "fstring":true, "bytesize":3, "value":"**=", "encoding":"UTF-8", "flags":{"wb_protected":true, "old":true, "marked":true}}
{"address":"0x7fc96c044ad8", "type":"NODE", "node_type":"NODE_CREF", "references":["0x7fc96c82a590", "0x7fc96c047878"], "flags":{"wb_protected":true, "old":true, "marked":true}}
{"address":"0x7fc96c044b00", "type":"DATA", "class":"0x7fc96c833488", "struct":"iseq", "references":["0x7fc96c044a60", "0x7fc96c828fd8", "0x7fc96c828fd8", "0x7fc96c822f98", "0x7fc96c822f98", "0x7fc96c044ad8", "0x7fc96c8819a8"], "memsize":1056, "flags":{"wb_protected":true, "old":true, "marked":true}}
{"address":"0x7fc96c044b28", "type":"ARRAY", "length":1, "embedded":true, "references":["0x7fc96c044c18"], "flags":{"wb_protected":true, "old":true, "marked":true}}
{"address":"0x7fc96c044b50", "type":"STRING", "class":"0x7fc96c801668", "frozen":true, "embedded":true, "fstring":true, "bytesize":2, "value":"*=", "encoding":"UTF-8", "flags":{"wb_protected":true, "old":true, "marked":true}}
{"address":"0x7fc96c044b78", "type":"STRING", "class":"0x7fc96c801668", "frozen":true, "embedded":true, "fstring":true, "bytesize":2, "value":"-=", "encoding":"UTF-8", "flags":{"wb_protected":true, "old":true, "marked":true}}
{"address":"0x7fc96c044ba0", "type":"NODE", "node_type":"NODE_CREF", "references":["0x7fc96c82a590", "0x7fc96c047878"], "flags":{"wb_protected":true, "old":true, "marked":true}}
{"address":"0x7fc96c044bc8", "type":"DATA", "class":"0x7fc96c833488", "struct":"iseq", "references":["0x7fc96c044b28", "0x7fc96c829438", "0x7fc96c829438", "0x7fc96c822f98", "0x7fc96c822f98", "0x7fc96c044ba0", "0x7fc96c8819a8"], "memsize":1056, "flags":{"wb_protected":true, "old":true, "marked":true}}
{"address":"0x7fc96c044bf0", "type":"ARRAY", "length":1, "embedded":true, "references":["0x7fc96c044c18"], "flags":{"wb_protected":true, "old":true, "marked":true}}
{"address":"0x7fc96c044c18", "type":"STRING", "class":"0x7fc96c801668", "frozen":true, "embedded":true, "fstring":true, "bytesize":13, "value":"rubygems/util", "encoding":"UTF-8", "flags":{"wb_protected":true, "old":true, "marked":true}}
{"address":"0x7fc96c044c40", "type":"STRING", "class":"0x7fc96c801668", "frozen":true, "embedded":true, "fstring":true, "bytesize":2, "value":"+=", "encoding":"UTF-8", "flags":{"wb_protected":true, "old":true, "marked":true}}
{"address":"0x7fc96c044c68", "type":"ARRAY", "length":1, "embedded":true, "references":["0x7fc96d067258"], "flags":{"wb_protected":true, "old":true, "marked":true}}
{"address":"0x7fc96c044c90", "type":"NODE", "node_type":"NODE_CREF", "references":["0x7fc96c82a590", "0x7fc96c047878"], "flags":{"wb_protected":true, "old":true, "marked":true}}
{"address":"0x7fc96c044cb8", "type":"DATA", "class":"0x7fc96c833488", "struct":"iseq", "references":["0x7fc96c044bf0", "0x7fc96c8298c0", "0x7fc96c8298c0", "0x7fc96c822f98", "0x7fc96c822f98", "0x7fc96c044c90", "0x7fc96c8819a8"], "memsize":1056, "flags":{"wb_protected":true, "old":true, "marked":true}}
{"address":"0x7fc96c044ce0", "type":"ARRAY", "class":"0x7fc96c84a048", "frozen":true, "length":2, "embedded":true, "references":["0x7fc96d023aa8"], "flags":{"wb_protected":true, "old":true, "marked":true}}
{"address":"0x7fc96c044d30", "type":"STRING", "class":"0x7fc96c801668", "frozen":true, "embedded":true, "fstring":true, "bytesize":8, "value":"HOMEPATH", "encoding":"UTF-8", "flags":{"wb_protected":true, "old":true, "marked":true}}
{"address":"0x7fc96c044d58", "type":"ARRAY", "class":"0x7fc96c84a048", "frozen":true, "length":2, "embedded":true, "references":["0x7fc96d023aa8"], "flags":{"wb_protected":true, "old":true, "marked":true}}
{"address":"0x7fc96c044d80", "type":"STRING", "class":"0x7fc96c801668", "frozen":true, "embedded":true, "fstring":true, "bytesize":11, "value":"USERPROFILE", "encoding":"UTF-8", "flags":{"wb_protected":true, "old":true, "marked":true}}
{"address":"0x7fc96c044da8", "type":"STRING", "class":"0x7fc96c801668", "frozen":true, "embedded":true, "fstring":true, "bytesize":4, "value":"HOME", "encoding":"UTF-8", "flags":{"wb_protected":true, "old":true, "marked":true}}
{"address":"0x7fc96c044df8", "type":"ARRAY", "class":"0x7fc96c84a048", "frozen":true, "length":2, "embedded":true, "references":["0x7fc96d023aa8"], "flags":{"wb_protected":true, "old":true, "marked":true}}
{"address":"0x7fc96c044e48", "type":"HASH", "class":"0x7fc96c849918", "frozen":true, "size":0, "flags":{"wb_protected":true, "old":true, "marked":true}}
{"address":"0x7fc96c044e70", "type":"DATA", "class":"0x7fc96c833488", "struct":"iseq", "references":["0x7fc96c044e98", "0x7fc96c838a50", "0x7fc96c822f98", "0x7fc96c822f98", "0x7fc96c045118"], "memsize":1576, "flags":{"wb_protected":true, "old":true, "marked":true}}
{"address":"0x7fc96c044e98", "type":"STRING", "class":"0x7fc96c801668", "frozen":true, "fstring":true, "bytesize":18, "capacity":120, "value":"block in find_home", "memsize":121, "flags":{"wb_protected":true, "old":true, "marked":true}}
{"address":"0x7fc96c044ec0", "type":"STRING", "class":"0x7fc96c801668", "embedded":true, "bytesize":4, "value":"/lc/", "encoding":"UTF-8", "flags":{"wb_protected":true, "old":true, "marked":true}}
{"address":"0x7fc96c044ee8", "type":"STRING", "class":"0x7fc96c801668", "frozen":true, "embedded":true, "fstring":true, "bytesize":1, "value":"~", "encoding":"UTF-8", "flags":{"wb_protected":true, "old":true, "marked":true}}
{"address":"0x7fc96c044f10", "type":"STRING", "class":"0x7fc96c801668", "frozen":true, "embedded":true, "fstring":true, "bytesize":3, "value":"1.9", "encoding":"UTF-8", "flags":{"wb_protected":true, "old":true, "marked":true}}
{"address":"0x7fc96c044f38", "type":"ARRAY", "length":11, "references":["0x7fc96c045050", "0x7fc96c044e70", "0x7fc96c044f10", "0x7fc96c044ee8", "0x7fc96c044da8", "0x7fc96c044d80", "0x7fc96c044fd8", "0x7fc96c044d30", "0x7fc96c044fd8", "0x7fc96c044d30", "0x7fc96c045050"], "memsize":160, "flags":{"wb_protected":true, "old":true, "marked":true}}
{"address":"0x7fc96c044f60", "type":"ARRAY", "length":5, "references":["0x7fc96c800358", "0x7fc96c044fd8", "0x7fc96c044fb0", "0x7fc96c044f88", "0x7fc96c044f88"], "memsize":160, "flags":{"wb_protected":true, "old":true, "marked":true}}
{"address":"0x7fc96c044f88", "type":"STRING", "class":"0x7fc96c801668", "frozen":true, "embedded":true, "fstring":true, "bytesize":1, "value":"/", "encoding":"UTF-8", "flags":{"wb_protected":true, "old":true, "marked":true}}
{"address":"0x7fc96c044fb0", "type":"STRING", "class":"0x7fc96c801668", "frozen":true, "embedded":true, "fstring":true, "bytesize":11, "value":"SystemDrive", "encoding":"UTF-8", "flags":{"wb_protected":true, "old":true, "marked":true}}
{"address":"0x7fc96c044fd8", "type":"STRING", "class":"0x7fc96c801668", "frozen":true, "embedded":true, "fstring":true, "bytesize":9, "value":"HOMEDRIVE", "encoding":"UTF-8", "flags":{"wb_protected":true, "old":true, "marked":true}}
{"address":"0x7fc96c045000", "type":"DATA", "class":"0x7fc96c833488", "struct":"iseq", "references":["0x7fc96c044c68", "0x7fc96c050068", "0x7fc96d80eb00", "0x7fc96d814c58", "0x7fc96d814c58", "0x7fc96c050108"], "memsize":1424, "flags":{"wb_protected":true, "old":true, "marked":true}}
{"address":"0x7fc96c045028", "type":"STRING", "class":"0x7fc96c801668", "shared":true, "encoding":"UTF-8", "references":["0x7fc96c051738"], "flags":{"wb_protected":true, "old":true, "marked":true}}
{"address":"0x7fc96c045050", "type":"DATA", "class":"0x7fc96c833488", "struct":"iseq", "references":["0x7fc96c044f60", "0x7fc96c045078", "0x7fc96c838a50", "0x7fc96c822f98", "0x7fc96c822f98", "0x7fc96c045118"], "memsize":2360, "flags":{"wb_protected":true, "old":true, "marked":true}}
{"address":"0x7fc96c045078", "type":"STRING", "class":"0x7fc96c801668", "frozen":true, "embedded":true, "fstring":true, "bytesize":19, "value":"rescue in find_home", "flags":{"wb_protected":true, "old":true, "marked":true}}
{"address":"0x7fc96c0450a0", "type":"STRING", "class":"0x7fc96c801668", "frozen":true, "embedded":true, "fstring":true, "bytesize":15, "value":"NoAliasYAMLTree", "encoding":"US-ASCII", "flags":{"wb_protected":true, "old":true, "marked":true}}
{"address":"0x7fc96c0450c8", "type":"STRING", "class":"0x7fc96c801668", "frozen":true, "fstring":true, "bytesize":59, "value":"A simple mixin for CLI interfaces, including option parsing", "encoding":"UTF-8", "memsize":60, "flags":{"wb_protected":true, "old":true, "marked":true}}
{"address":"0x7fc96c0450f0", "type":"STRING", "class":"0x7fc96c801668", "frozen":true, "embedded":true, "fstring":true, "bytesize":2, "value":"||", "encoding":"UTF-8", "flags":{"wb_protected":true, "old":true, "marked":true}}
{"address":"0x7fc96c045118", "type":"NODE", "node_type":"NODE_CREF", "references":["0x7fc96c82a590", "0x7fc96c047878"], "flags":{"wb_protected":true, "old":true, "marked":true}}
{"address":"0x7fc96c045140", "type":"DATA", "class":"0x7fc96c833488", "struct":"iseq", "references":["0x7fc96c044f38", "0x7fc96c838a50", "0x7fc96c838a50", "0x7fc96c822f98", "0x7fc96c822f98", "0x7fc96c045118", "0x7fc96c8819a8"], "memsize":3944, "flags":{"wb_protected":true, "old":true, "marked":true}}
{"address":"0x7fc96c045168", "type":"STRING", "class":"0x7fc96c801668", "frozen":true, "embedded":true, "bytesize":11, "value":"IRB::Locale", "encoding":"US-ASCII", "flags":{"wb_protected":true, "old":true, "marked":true}}
{"address":"0x7fc96c045190", "type":"ARRAY", "length":1, "embedded":true, "references":["0x7fc96c045258"], "flags":{"wb_protected":true, "old":true, "marked":true}}
{"address":"0x7fc96c0451b8", "type":"CLASS", "class":"0x7fc96c802e28", "name":"Class", "references":["0x7fc96c0451e0", "0x7fc96c802dd8"], "memsize":672, "flags":{"wb_protected":true, "old":true, "marked":true}}
{"address":"0x7fc96c0451e0", "type":"CLASS", "class":"0x7fc96c0451b8", "name":"IRB::Locale", "references":["0x7fc96c0451e0", "0x7fc96c051698", "0x7fc96c0451e0", "0x7fc96c044df8", "0x7fc96c0451e0", "0x7fc96c044d58", "0x7fc96c0451e0", "0x7fc96c044ce0", "0x7fc96c0451e0", "0x7fc96c0448d0", "0x7fc96c0451e0", "0x7fc96c050ae0", "0x7fc96c0451e0", "0x7fc96c050978", "0x7fc96c0451e0", "0x7fc96c0507e8", "0x7fc96c0451e0", "0x7fc96c0505e0", "0x7fc96c0451e0", "0x7fc96c0504c8", "0x7fc96c0451e0", "0x7fc96c047f80", "0x7fc96c0451e0", "0x7fc96c047e68", "0x7fc96c0451e0", "0x7fc96c047be8", "0x7fc96c8035a8", "0x7fc96c0451e0", "0x7fc96c0475a8", "0x7fc96c0451e0", "0x7fc96c0472d8", "0x7fc96c0451e0", "0x7fc96c046e78", "0x7fc96c0451e0", "0x7fc96c046248", "0x7fc96c0451e0", "0x7fc96c045a50", "0x7fc96c0451e0", "0x7fc96c045500", "0x7fc96c045168", "0x7fc96c045028", "0x7fc96c044e48", "0x7fc96d022bf8", "0x7fc96d023aa8", "0x7fc96c044ec0", "0x7fc96d023aa8", "0x7fc96c803788"], "memsize":1960, "flags":{"wb_protected":true, "old":true, "marked":true}}
{"address":"0x7fc96c045208", "type":"STRING", "class":"0x7fc96c801668", "frozen":true, "embedded":true, "fstring":true, "bytesize":2, "value":"&&", "encoding":"UTF-8", "flags":{"wb_protected":true, "old":true, "marked":true}}
{"address":"0x7fc96c045258", "type":"DATA", "class":"0x7fc96c833488", "struct":"iseq", "references":["0x7fc96c045280", "0x7fc96c808850", "0x7fc96c822f98", "0x7fc96c822f98", "0x7fc96c045348"], "memsize":1112, "flags":{"wb_protected":true, "old":true, "marked":true}}
{"address":"0x7fc96c045280", "type":"STRING", "class":"0x7fc96c801668", "frozen":true, "fstring":true, "bytesize":26, "capacity":120, "value":"block in find_latest_files", "memsize":121, "flags":{"wb_protected":true, "old":true, "marked":true}}
{"address":"0x7fc96c0452a8", "type":"STRING", "class":"0x7fc96c801668", "frozen":true, "embedded":true, "fstring":true, "bytesize":1, "value":"&", "encoding":"UTF-8", "flags":{"wb_protected":true, "old":true, "marked":true}}
{"address":"0x7fc96c045320", "type":"ARRAY", "length":12, "references":["0x7fc96c873858", "0x7fc96c053df8", "0x7fc96d839120", "0x7fc96c873858", "0x7fc96c053df8", "0x7fc96c873858", "0x7fc96d839120", "0x7fc96c873858", "0x7fc96c053df8", "0x7fc96d839120", "0x7fc96c053df8", "0x7fc96d839120"], "memsize":160, "flags":{"wb_protected":true, "old":true, "marked":true}}
{"address":"0x7fc96c045348", "type":"NODE", "node_type":"NODE_CREF", "references":["0x7fc96c82a590", "0x7fc96c047878"], "flags":{"wb_protected":true, "old":true, "marked":true}}
{"address":"0x7fc96c045370", "type":"DATA", "class":"0x7fc96c833488", "struct":"iseq", "references":["0x7fc96c045190", "0x7fc96c808850", "0x7fc96c808850", "0x7fc96c822f98", "0x7fc96c822f98", "0x7fc96c045348", "0x7fc96c8819a8"], "memsize":2248, "flags":{"wb_protected":true, "old":true, "marked":true}}
{"address":"0x7fc96c0453c0", "type":"DATA", "class":"0x7fc96c833488", "struct":"iseq", "references":["0x7fc96c050068", "0x7fc96d80eb00", "0x7fc96d814c58", "0x7fc96d814c58", "0x7fc96c050108"], "memsize":1008, "flags":{"wb_protected":true, "old":true, "marked":true}}
{"address":"0x7fc96c045410", "type":"NODE", "node_type":"NODE_CREF", "references":["0x7fc96c0451e0", "0x7fc96c051a30"], "flags":{"wb_protected":true, "old":true, "marked":true}}
{"address":"0x7fc96c045438", "type":"STRING", "class":"0x7fc96c801668", "frozen":true, "embedded":true, "fstring":true, "bytesize":1, "value":"?", "encoding":"UTF-8", "flags":{"wb_protected":true, "old":true, "marked":true}}
{"address":"0x7fc96c045460", "type":"ARRAY", "length":2, "embedded":true, "references":["0x7fc96d066d08", "0x7fc96c045578"], "flags":{"wb_protected":true, "old":true, "marked":true}}
{"address":"0x7fc96c045488", "type":"DATA", "class":"0x7fc96c833488", "struct":"iseq", "references":["0x7fc96c0455c8", "0x7fc96c809ae8", "0x7fc96c822f98", "0x7fc96c822f98", "0x7fc96c045668"], "memsize":1528, "flags":{"wb_protected":true, "old":true, "marked":true}}
{"address":"0x7fc96c0454b0", "type":"STRING", "class":"0x7fc96c801668", "frozen":true, "embedded":true, "fstring":true, "bytesize":5, "value":"Psych", "encoding":"US-ASCII", "flags":{"wb_protected":true, "old":true, "marked":true}}
{"address":"0x7fc96c0454d8", "type":"ARRAY", "length":2, "embedded":true, "references":["0x7fc96c0455a0", "0x7fc96c045488"], "flags":{"wb_protected":true, "old":true, "marked":true}}
{"address":"0x7fc96c045500", "type":"DATA", "class":"0x7fc96c833488", "struct":"iseq", "references":["0x7fc96c045320", "0x7fc96c05b580", "0x7fc96c05b580", "0x7fc96d023aa8", "0x7fc96d023aa8", "0x7fc96c045410", "0x7fc96c0451e0"], "memsize":5608, "flags":{"wb_protected":true, "old":true, "marked":true}}
{"address":"0x7fc96c045550", "type":"ARRAY", "length":1, "embedded":true, "references":["0x7fc96c045820"], "flags":{"wb_protected":true, "old":true, "marked":true}}
{"address":"0x7fc96c045578", "type":"STRING", "class":"0x7fc96c801668", "frozen":true, "embedded":true, "fstring":true, "bytesize":1, "value":"\\", "encoding":"UTF-8", "flags":{"wb_protected":true, "old":true, "marked":true}}
{"address":"0x7fc96c0455a0", "type":"DATA", "class":"0x7fc96c833488", "struct":"iseq", "references":["0x7fc96c0455c8", "0x7fc96c809ae8", "0x7fc96c822f98", "0x7fc96c822f98", "0x7fc96c045668"], "memsize":992, "flags":{"wb_protected":true, "old":true, "marked":true}}
{"address":"0x7fc96c0455c8", "type":"STRING", "class":"0x7fc96c801668", "frozen":true, "fstring":true, "bytesize":34, "capacity":120, "value":"block in find_files_from_load_path", "memsize":121, "flags":{"wb_protected":true, "old":true, "marked":true}}
{"address":"0x7fc96c045618", "type":"STRING", "class":"0x7fc96c801668", "frozen":true, "embedded":true, "fstring":true, "bytesize":4, "value":"opts", "encoding":"US-ASCII", "flags":{"wb_protected":true, "old":true, "marked":true}}
{"address":"0x7fc96c045668", "type":"NODE", "node_type":"NODE_CREF", "references":["0x7fc96c82a590", "0x7fc96c047878"], "flags":{"wb_protected":true, "old":true, "marked":true}}
{"address":"0x7fc96c045690", "type":"DATA", "class":"0x7fc96c833488", "struct":"iseq", "references":["0x7fc96c0454d8", "0x7fc96c809ae8", "0x7fc96c809ae8", "0x7fc96c822f98", "0x7fc96c822f98", "0x7fc96c045668", "0x7fc96c8819a8"], "memsize":1040, "flags":{"wb_protected":true, "old":true, "marked":true}}
{"address":"0x7fc96c0456b8", "type":"STRING", "class":"0x7fc96c801668", "frozen":true, "embedded":true, "fstring":true, "bytesize":7, "value":"to_yaml", "encoding":"US-ASCII", "flags":{"wb_protected":true, "old":true, "marked":true}}
{"address":"0x7fc96c0456e0", "type":"ARRAY", "length":1, "embedded":true, "references":["0x7fc96c0457a8"], "flags":{"wb_protected":true, "old":true, "marked":true}}
{"address":"0x7fc96c045730", "type":"DATA", "class":"0x7fc96c833488", "struct":"iseq", "references":["0x7fc96c045460", "0x7fc96c050068", "0x7fc96d80eb00", "0x7fc96d814c58", "0x7fc96d814c58", "0x7fc96c050108"], "memsize":4432, "flags":{"wb_protected":true, "old":true, "marked":true}}
{"address":"0x7fc96c045758", "type":"STRING", "class":"0x7fc96c801668", "frozen":true, "embedded":true, "fstring":true, "bytesize":13, "value":"use_readline?", "encoding":"US-ASCII", "flags":{"wb_protected":true, "old":true, "marked":true}}
{"address":"0x7fc96c045780", "type":"STRING", "class":"0x7fc96c801668", "frozen":true, "embedded":true, "fstring":true, "bytesize":8, "value":"Visitors", "encoding":"US-ASCII", "flags":{"wb_protected":true, "old":true, "marked":true}}
{"address":"0x7fc96c0457a8", "type":"DATA", "class":"0x7fc96c833488", "struct":"iseq", "references":["0x7fc96c0457d0", "0x7fc96c809d18", "0x7fc96c822f98", "0x7fc96c822f98", "0x7fc96c045898"], "memsize":1112, "flags":{"wb_protected":true, "old":true, "marked":true}}
{"address":"0x7fc96c0457d0", "type":"STRING", "class":"0x7fc96c801668", "frozen":true, "fstring":true, "bytesize":19, "capacity":120, "value":"block in find_files", "memsize":121, "flags":{"wb_protected":true, "old":true, "marked":true}}
{"address":"0x7fc96c045820", "type":"DATA", "class":"0x7fc96c833488", "struct":"iseq", "references":["0x7fc96c045848", "0x7fc96c863840", "0x7fc96d023aa8", "0x7fc96d023aa8", "0x7fc96c045a28"], "memsize":1936, "flags":{"wb_protected":true, "old":true, "marked":true}}
{"address":"0x7fc96c045848", "type":"STRING", "class":"0x7fc96c801668", "frozen":true, "fstring":true, "bytesize":28, "capacity":120, "value":"block in each_localized_path", "memsize":121, "flags":{"wb_protected":true, "old":true, "marked":true}}
{"address":"0x7fc96c045898", "type":"NODE", "node_type":"NODE_CREF", "references":["0x7fc96c82a590", "0x7fc96c047878"], "flags":{"wb_protected":true, "old":true, "marked":true}}
{"address":"0x7fc96c0458c0", "type":"DATA", "class":"0x7fc96c833488", "struct":"iseq", "references":["0x7fc96c0456e0", "0x7fc96c809d18", "0x7fc96c809d18", "0x7fc96c822f98", "0x7fc96c822f98", "0x7fc96c045898", "0x7fc96c8819a8"], "memsize":2072, "flags":{"wb_protected":true, "old":true, "marked":true}}
{"address":"0x7fc96c0458e8", "type":"ARRAY", "length":3, "embedded":true, "references":["0x7fc96c045960", "0x7fc96c045938", "0x7fc96c045910"], "flags":{"wb_protected":true, "old":true, "marked":true}}
{"address":"0x7fc96c045910", "type":"STRING", "class":"0x7fc96c801668", "frozen":true, "embedded":true, "fstring":true, "bytesize":7, "value":"-static", "encoding":"UTF-8", "flags":{"wb_protected":true, "old":true, "marked":true}}
{"address":"0x7fc96c045938", "type":"STRING", "class":"0x7fc96c801668", "frozen":true, "embedded":true, "fstring":true, "bytesize":13, "value":"ENABLE_SHARED", "encoding":"UTF-8", "flags":{"wb_protected":true, "old":true, "marked":true}}
{"address":"0x7fc96c045960", "type":"STRING", "class":"0x7fc96c801668", "frozen":true, "embedded":true, "fstring":true, "bytesize":2, "value":"no", "encoding":"UTF-8", "flags":{"wb_protected":true, "old":true, "marked":true}}
{"address":"0x7fc96c0459d8", "type":"NODE", "node_type":"NODE_CREF", "references":["0x7fc96c82a590", "0x7fc96c047878"], "flags":{"wb_protected":true, "old":true, "marked":true}}
{"address":"0x7fc96c045a00", "type":"DATA", "class":"0x7fc96c833488", "struct":"iseq", "references":["0x7fc96c0458e8", "0x7fc96c80a510", "0x7fc96c80a510", "0x7fc96c822f98", "0x7fc96c822f98", "0x7fc96c0459d8", "0x7fc96c8819a8"], "memsize":1528, "flags":{"wb_protected":true, "old":true, "marked":true}}
{"address":"0x7fc96c045a28", "type":"NODE", "node_type":"NODE_CREF", "references":["0x7fc96c0451e0", "0x7fc96c051a30"], "flags":{"wb_protected":true, "old":true, "marked":true}}
{"address":"0x7fc96c045a50", "type":"DATA", "class":"0x7fc96c833488", "struct":"iseq", "references":["0x7fc96c045550", "0x7fc96c863840", "0x7fc96c863840", "0x7fc96d023aa8", "0x7fc96d023aa8", "0x7fc96c045a28", "0x7fc96c0451e0"], "memsize":1184, "flags":{"wb_protected":true, "old":true, "marked":true}}
{"address":"0x7fc96c045aa0", "type":"DATA", "class":"0x7fc96c833488", "struct":"iseq", "references":["0x7fc96c050068", "0x7fc96d80eb00", "0x7fc96d814c58", "0x7fc96d814c58", "0x7fc96c050108"], "memsize":1704, "flags":{"wb_protected":true, "old":true, "marked":true}}
{"address":"0x7fc96c045ac8", "type":"ARRAY", "length":1, "embedded":true, "references":["0x7fc96c045ff0"], "flags":{"wb_protected":true, "old":true, "marked":true}}
{"address":"0x7fc96c045af0", "type":"STRING", "class":"0x7fc96c801668", "frozen":true, "embedded":true, "fstring":true, "bytesize":7, "value":"Emitter", "encoding":"US-ASCII", "flags":{"wb_protected":true, "old":true, "marked":true}}
{"address":"0x7fc96c045b18", "type":"ARRAY", "length":2, "embedded":true, "references":["0x7fc96c045bb8", "0x7fc96c045bb8"], "flags":{"wb_protected":true, "old":true, "marked":true}}
{"address":"0x7fc96c045b40", "type":"ARRAY", "length":1, "embedded":true, "references":["0x7fc96c800358"], "flags":{"wb_protected":true, "old":true, "marked":true}}
{"address":"0x7fc96c045bb8", "type":"DATA", "class":"0x7fc96c833488", "struct":"iseq", "references":["0x7fc96c045b40", "0x7fc96c045be0", "0x7fc96c80bca8", "0x7fc96c822f98", "0x7fc96c822f98", "0x7fc96c045e88"], "memsize":560, "flags":{"wb_protected":true, "old":true, "marked":true}}
{"address":"0x7fc96c045be0", "type":"STRING", "class":"0x7fc96c801668", "frozen":true, "fstring":true, "bytesize":40, "capacity":48, "value":"rescue in block in ensure_subdirectories", "memsize":49, "flags":{"wb_protected":true, "old":true, "marked":true}}
{"address":"0x7fc96c045c30", "type":"ARRAY", "length":1, "embedded":true, "references":["0x7fc96c045e38"], "flags":{"wb_protected":true, "old":true, "marked":true}}
{"address":"0x7fc96c045ca8", "type":"DATA", "class":"0x7fc96c833488", "struct":"iseq", "references":["0x7fc96c045b18", "0x7fc96c045cd0", "0x7fc96c80bca8", "0x7fc96c822f98", "0x7fc96c822f98", "0x7fc96c045e88"], "memsize":1904, "flags":{"wb_protected":true, "old":true, "marked":true}}
{"address":"0x7fc96c045cd0", "type":"STRING", "class":"0x7fc96c801668", "frozen":true, "fstring":true, "bytesize":30, "capacity":120, "value":"block in ensure_subdirectories", "memsize":121, "flags":{"wb_protected":true, "old":true, "marked":true}}
{"address":"0x7fc96c045d20", "type":"STRING", "class":"0x7fc96c801668", "frozen":true, "embedded":true, "fstring":true, "bytesize":9, "value":"fileutils", "encoding":"UTF-8", "flags":{"wb_protected":true, "old":true, "marked":true}}
{"address":"0x7fc96c045d48", "type":"ARRAY", "length":4, "references":["0x7fc96c045dc0", "0x7fc96c045ca8", "0x7fc96c045d20", "0x7fc96c045dc0"], "memsize":160, "flags":{"wb_protected":true, "old":true, "marked":true}}
{"address":"0x7fc96c045d70", "type":"DATA", "class":"0x7fc96c833488", "struct":"iseq", "references":["0x7fc96c050068", "0x7fc96d80eb00", "0x7fc96d814c58", "0x7fc96d814c58", "0x7fc96c050108"], "memsize":760, "flags":{"wb_protected":true, "old":true, "marked":true}}
{"address":"0x7fc96c045dc0", "type":"DATA", "class":"0x7fc96c833488", "struct":"iseq", "references":["0x7fc96c045de8", "0x7fc96c80bca8", "0x7fc96c822f98", "0x7fc96c822f98", "0x7fc96c045e88"], "memsize":760, "flags":{"wb_protected":true, "old":true, "marked":true}}
{"address":"0x7fc96c045de8", "type":"STRING", "class":"0x7fc96c801668", "frozen":true, "fstring":true, "bytesize":31, "capacity":48, "value":"ensure in ensure_subdirectories", "memsize":49, "flags":{"wb_protected":true, "old":true, "marked":true}}
{"address":"0x7fc96c045e38", "type":"DATA", "class":"0x7fc96c833488", "struct":"iseq", "references":["0x7fc96c045f00", "0x7fc96c862d00", "0x7fc96d023aa8", "0x7fc96d023aa8", "0x7fc96c0461a8"], "memsize":1440, "flags":{"wb_protected":true, "old":true, "marked":true}}
{"address":"0x7fc96c045e60", "type":"STRING", "class":"0x7fc96c801668", "frozen":true, "embedded":true, "fstring":true, "bytesize":2, "value":"<<", "encoding":"UTF-8", "flags":{"wb_protected":true, "old":true, "marked":true}}
{"address":"0x7fc96c045e88", "type":"NODE", "node_type":"NODE_CREF", "references":["0x7fc96c82a590", "0x7fc96c047878"], "flags":{"wb_protected":true, "old":true, "marked":true}}
{"address":"0x7fc96c045eb0", "type":"DATA", "class":"0x7fc96c833488", "struct":"iseq", "references":["0x7fc96c045d48", "0x7fc96c80bca8", "0x7fc96c80bca8", "0x7fc96c822f98", "0x7fc96c822f98", "0x7fc96c045e88", "0x7fc96c8819a8"], "memsize":2744, "flags":{"wb_protected":true, "old":true, "marked":true}}
{"address":"0x7fc96c045ed8", "type":"ARRAY", "length":4, "references":["0x7fc96d06d1a8", "0x7fc96d06cfa0", "0x7fc96d06cde8", "0x7fc96c051648"], "memsize":160, "flags":{"wb_protected":true, "old":true, "marked":true}}
{"address":"0x7fc96c045f00", "type":"STRING", "class":"0x7fc96c801668", "frozen":true, "fstring":true, "bytesize":31, "capacity":120, "value":"block (2 levels) in search_file", "memsize":121, "flags":{"wb_protected":true, "old":true, "marked":true}}
{"address":"0x7fc96c045f50", "type":"NODE", "node_type":"NODE_CREF", "references":["0x7fc96c82a590", "0x7fc96c047878"], "flags":{"wb_protected":true, "old":true, "marked":true}}
{"address":"0x7fc96c045f78", "type":"DATA", "class":"0x7fc96c833488", "struct":"iseq", "references":["0x7fc96c80b8e8", "0x7fc96c80b8e8", "0x7fc96c822f98", "0x7fc96c822f98", "0x7fc96c045f50", "0x7fc96c8819a8"], "memsize":1216, "flags":{"wb_protected":true, "old":true, "marked":true}}
{"address":"0x7fc96c045ff0", "type":"DATA", "class":"0x7fc96c833488", "struct":"iseq", "references":["0x7fc96c045c30", "0x7fc96c046068", "0x7fc96c862d00", "0x7fc96d023aa8", "0x7fc96d023aa8", "0x7fc96c0461a8"], "memsize":1472, "flags":{"wb_protected":true, "old":true, "marked":true}}
{"address":"0x7fc96c046018", "type":"NODE", "node_type":"NODE_CREF", "references":["0x7fc96c82a590", "0x7fc96c047878"], "flags":{"wb_protected":true, "old":true, "marked":true}}
{"address":"0x7fc96c046040", "type":"DATA", "class":"0x7fc96c833488", "struct":"iseq", "references":["0x7fc96c80be38", "0x7fc96c80be38", "0x7fc96c822f98", "0x7fc96c822f98", "0x7fc96c046018", "0x7fc96c8819a8"], "memsize":1216, "flags":{"wb_protected":true, "old":true, "marked":true}}
{"address":"0x7fc96c046068", "type":"STRING", "class":"0x7fc96c801668", "frozen":true, "fstring":true, "bytesize":20, "capacity":120, "value":"block in search_file", "memsize":121, "flags":{"wb_protected":true, "old":true, "marked":true}}
{"address":"0x7fc96c0460b8", "type":"NODE", "node_type":"NODE_CREF", "references":["0x7fc96c82a590", "0x7fc96c047878"], "flags":{"wb_protected":true, "old":true, "marked":true}}
{"address":"0x7fc96c0460e0", "type":"DATA", "class":"0x7fc96c833488", "struct":"iseq", "references":["0x7fc96c8101e0", "0x7fc96c8101e0", "0x7fc96c822f98", "0x7fc96c822f98", "0x7fc96c0460b8", "0x7fc96c8819a8"], "memsize":760, "flags":{"wb_protected":true, "old":true, "marked":true}}
{"address":"0x7fc96c046158", "type":"NODE", "node_type":"NODE_CREF", "references":["0x7fc96c82a590", "0x7fc96c047878"], "flags":{"wb_protected":true, "old":true, "marked":true}}
{"address":"0x7fc96c046180", "type":"DATA", "class":"0x7fc96c833488", "struct":"iseq", "references":["0x7fc96c853f08", "0x7fc96c853f08", "0x7fc96c822f98", "0x7fc96c822f98", "0x7fc96c046158", "0x7fc96c8819a8"], "memsize":760, "flags":{"wb_protected":true, "old":true, "marked":true}}
{"address":"0x7fc96c0461a8", "type":"NODE", "node_type":"NODE_CREF", "references":["0x7fc96c0451e0", "0x7fc96c051a30"], "flags":{"wb_protected":true, "old":true, "marked":true}}
{"address":"0x7fc96c0461d0", "type":"DATA", "class":"0x7fc96c833488", "struct":"iseq", "references":["0x7fc96c045ed8", "0x7fc96c050068", "0x7fc96d80eb00", "0x7fc96d814c58", "0x7fc96d814c58", "0x7fc96c050108"], "memsize":4928, "flags":{"wb_protected":true, "old":true, "marked":true}}
{"address":"0x7fc96c0461f8", "type":"NODE", "node_type":"NODE_CREF", "references":["0x7fc96c82a590", "0x7fc96c047878"], "flags":{"wb_protected":true, "old":true, "marked":true}}
{"address":"0x7fc96c046220", "type":"DATA", "class":"0x7fc96c833488", "struct":"iseq", "references":["0x7fc96c813160", "0x7fc96c813160", "0x7fc96c822f98", "0x7fc96c822f98", "0x7fc96c0461f8", "0x7fc96c8819a8"], "memsize":760, "flags":{"wb_protected":true, "old":true, "marked":true}}
{"address":"0x7fc96c046248", "type":"DATA", "class":"0x7fc96c833488", "struct":"iseq", "references":["0x7fc96c045ac8", "0x7fc96c862d00", "0x7fc96c862d00", "0x7fc96d023aa8", "0x7fc96d023aa8", "0x7fc96c0461a8", "0x7fc96c0451e0"], "memsize":784, "flags":{"wb_protected":true, "old":true, "marked":true}}
{"address":"0x7fc96c046270", "type":"STRING", "class":"0x7fc96c801668", "embedded":true, "bytesize":1, "value":")", "encoding":"UTF-8", "flags":{"wb_protected":true, "old":true, "marked":true}}
{"address":"0x7fc96c046298", "type":"NODE", "node_type":"NODE_CREF", "references":["0x7fc96c82a590", "0x7fc96c047878"], "flags":{"wb_protected":true, "old":true, "marked":true}}
{"address":"0x7fc96c0462c0", "type":"DATA", "class":"0x7fc96c833488", "struct":"iseq", "references":["0x7fc96c810af0", "0x7fc96c810af0", "0x7fc96c822f98", "0x7fc96c822f98", "0x7fc96c046298", "0x7fc96c8819a8"], "memsize":1728, "flags":{"wb_protected":true, "old":true, "marked":true}}
{"address":"0x7fc96c046338", "type":"NODE", "node_type":"NODE_CREF", "references":["0x7fc96c82a590", "0x7fc96c047878"], "flags":{"wb_protected":true, "old":true, "marked":true}}
{"address":"0x7fc96c046360", "type":"DATA", "class":"0x7fc96c833488", "struct":"iseq", "references":["0x7fc96c810e38", "0x7fc96c810e38", "0x7fc96c822f98", "0x7fc96c822f98", "0x7fc96c046338", "0x7fc96c8819a8"], "memsize":1104, "flags":{"wb_protected":true, "old":true, "marked":true}}
{"address":"0x7fc96c046388", "type":"ARRAY", "length":1, "embedded":true, "references":["0x7fc96c0463b0"], "flags":{"wb_protected":true, "old":true, "marked":true}}
{"address":"0x7fc96c0463b0", "type":"STRING", "class":"0x7fc96c801668", "frozen":true, "embedded":true, "fstring":true, "bytesize":4, "value":"zlib", "encoding":"UTF-8", "flags":{"wb_protected":true, "old":true, "marked":true}}
{"address":"0x7fc96c046400", "type":"STRING", "class":"0x7fc96c801668", "frozen":true, "embedded":true, "fstring":true, "bytesize":2, "value":"!~", "encoding":"UTF-8", "flags":{"wb_protected":true, "old":true, "marked":true}}
{"address":"0x7fc96c046428", "type":"NODE", "node_type":"NODE_CREF", "references":["0x7fc96c82a590", "0x7fc96c047878"], "flags":{"wb_protected":true, "old":true, "marked":true}}
{"address":"0x7fc96c046450", "type":"DATA", "class":"0x7fc96c833488", "struct":"iseq", "references":["0x7fc96c046388", "0x7fc96c8112e8", "0x7fc96c8112e8", "0x7fc96c822f98", "0x7fc96c822f98", "0x7fc96c046428", "0x7fc96c8819a8"], "memsize":1056, "flags":{"wb_protected":true, "old":true, "marked":true}}
{"address":"0x7fc96c046478", "type":"ARRAY", "length":1, "embedded":true, "references":["0x7fc96c0464a0"], "flags":{"wb_protected":true, "old":true, "marked":true}}
{"address":"0x7fc96c0464a0", "type":"STRING", "class":"0x7fc96c801668", "frozen":true, "embedded":true, "fstring":true, "bytesize":4, "value":"data", "encoding":"UTF-8", "flags":{"wb_protected":true, "old":true, "marked":true}}
{"address":"0x7fc96c0464c8", "type":"STRING", "class":"0x7fc96c801668", "frozen":true, "embedded":true, "fstring":true, "bytesize":6, "value":"accept", "encoding":"US-ASCII", "flags":{"wb_protected":true, "old":true, "marked":true}}
{"address":"0x7fc96c0464f0", "type":"STRING", "class":"0x7fc96c801668", "frozen":true, "embedded":true, "fstring":true, "bytesize":1, "value":"!", "encoding":"UTF-8", "flags":{"wb_protected":true, "old":true, "marked":true}}
{"address":"0x7fc96c046518", "type":"NODE", "node_type":"NODE_CREF", "references":["0x7fc96c82a590", "0x7fc96c047878"], "flags":{"wb_protected":true, "old":true, "marked":true}}
{"address":"0x7fc96c046540", "type":"DATA", "class":"0x7fc96c833488", "struct":"iseq", "references":["0x7fc96c046478", "0x7fc96c8119f0", "0x7fc96c8119f0", "0x7fc96c822f98", "0x7fc96c822f98", "0x7fc96c046518", "0x7fc96c8819a8"], "memsize":1656, "flags":{"wb_protected":true, "old":true, "marked":true}}
{"address":"0x7fc96c046568", "type":"STRING", "class":"0x7fc96c801668", "frozen":true, "embedded":true, "fstring":true, "bytesize":2, "value":">>", "encoding":"UTF-8", "flags":{"wb_protected":true, "old":true, "marked":true}}
{"address":"0x7fc96c0465b8", "type":"NODE", "node_type":"NODE_CREF", "references":["0x7fc96c82a590", "0x7fc96c047878"], "flags":{"wb_protected":true, "old":true, "marked":true}}
{"address":"0x7fc96c0465e0", "type":"DATA", "class":"0x7fc96c833488", "struct":"iseq", "references":["0x7fc96c811cc0", "0x7fc96c811cc0", "0x7fc96c822f98", "0x7fc96c822f98", "0x7fc96c0465b8", "0x7fc96c8819a8"], "memsize":584, "flags":{"wb_protected":true, "old":true, "marked":true}}
{"address":"0x7fc96c046608", "type":"STRING", "class":"0x7fc96c801668", "frozen":true, "embedded":true, "fstring":true, "bytesize":3, "value":"<=>", "encoding":"UTF-8", "flags":{"wb_protected":true, "old":true, "marked":true}}
{"address":"0x7fc96c046630", "type":"STRING", "class":"0x7fc96c801668", "frozen":true, "embedded":true, "fstring":true, "bytesize":2, "value":"=~", "encoding":"UTF-8", "flags":{"wb_protected":true, "old":true, "marked":true}}
{"address":"0x7fc96c046658", "type":"NODE", "node_type":"NODE_CREF", "references":["0x7fc96c82a590", "0x7fc96c047878"], "flags":{"wb_protected":true, "old":true, "marked":true}}
{"address":"0x7fc96c046680", "type":"DATA", "class":"0x7fc96c833488", "struct":"iseq", "references":["0x7fc96c812058", "0x7fc96c812058", "0x7fc96c822f98", "0x7fc96c822f98", "0x7fc96c046658", "0x7fc96c8819a8"], "memsize":1136, "flags":{"wb_protected":true, "old":true, "marked":true}}
{"address":"0x7fc96c0466a8", "type":"ARRAY", "length":1, "embedded":true, "references":["0x7fc96c0466d0"], "flags":{"wb_protected":true, "old":true, "marked":true}}
{"address":"0x7fc96c0466d0", "type":"STRING", "class":"0x7fc96c801668", "frozen":true, "embedded":true, "fstring":true, "bytesize":6, "value":".gemrc", "encoding":"UTF-8", "flags":{"wb_protected":true, "old":true, "marked":true}}
{"address":"0x7fc96c0466f8", "type":"STRING", "class":"0x7fc96c801668", "frozen":true, "embedded":true, "fstring":true, "bytesize":3, "value":"===", "encoding":"UTF-8", "flags":{"wb_protected":true, "old":true, "marked":true}}
{"address":"0x7fc96c046748", "type":"NODE", "node_type":"NODE_CREF", "references":["0x7fc96c82a590", "0x7fc96c047878"], "flags":{"wb_protected":true, "old":true, "marked":true}}
{"address":"0x7fc96c046770", "type":"DATA", "class":"0x7fc96c833488", "struct":"iseq", "references":["0x7fc96c0466a8", "0x7fc96c812490", "0x7fc96c812490", "0x7fc96c822f98", "0x7fc96c822f98", "0x7fc96c046748", "0x7fc96c8819a8"], "memsize":1384, "flags":{"wb_protected":true, "old":true, "marked":true}}
{"address":"0x7fc96c046798", "type":"STRING", "class":"0x7fc96c801668", "frozen":true, "embedded":true, "fstring":true, "bytesize":17, "value":"to_ruby_for_cache", "encoding":"US-ASCII", "flags":{"wb_protected":true, "old":true, "marked":true}}
{"address":"0x7fc96c0467c0", "type":"ARRAY", "length":2, "embedded":true, "references":["0x7fc96c046838", "0x7fc96c046838"], "flags":{"wb_protected":true, "old":true, "marked":true}}
{"address":"0x7fc96c0467e8", "type":"DATA", "class":"0x7fc96c833488", "struct":"iseq", "references":["0x7fc96c046c48", "0x7fc96c869998", "0x7fc96d023aa8", "0x7fc96d023aa8", "0x7fc96c046e00"], "memsize":768, "flags":{"wb_protected":true, "old":true, "marked":true}}
{"address":"0x7fc96c046810", "type":"STRING", "class":"0x7fc96c801668", "embedded":true, "bytesize":1, "value":"(", "encoding":"UTF-8", "flags":{"wb_protected":true, "old":true, "marked":true}}
{"address":"0x7fc96c046838", "type":"DATA", "class":"0x7fc96c833488", "struct":"iseq", "references":["0x7fc96c046860", "0x7fc96c812a80", "0x7fc96c822f98", "0x7fc96c822f98", "0x7fc96c046928"], "memsize":344, "flags":{"wb_protected":true, "old":true, "marked":true}}
{"address":"0x7fc96c046860", "type":"STRING", "class":"0x7fc96c801668", "frozen":true, "fstring":true, "bytesize":28, "capacity":48, "value":"defined guard in clear_paths", "memsize":49, "flags":{"wb_protected":true, "old":true, "marked":true}}
{"address":"0x7fc96c0468b0", "type":"STRING", "class":"0x7fc96c801668", "frozen":true, "embedded":true, "fstring":true, "bytesize":2, "value":"==", "encoding":"UTF-8", "flags":{"wb_protected":true, "old":true, "marked":true}}
{"address":"0x7fc96c046900", "type":"STRING", "class":"0x7fc96c801668", "frozen":true, "embedded":true, "fstring":true, "bytesize":9, "value":"@irb_path", "encoding":"US-ASCII", "flags":{"wb_protected":true, "old":true, "marked":true}}
{"address":"0x7fc96c046928", "type":"NODE", "node_type":"NODE_CREF", "references":["0x7fc96c82a590", "0x7fc96c047878"], "flags":{"wb_protected":true, "old":true, "marked":true}}
{"address":"0x7fc96c046950", "type":"DATA", "class":"0x7fc96c833488", "struct":"iseq", "references":["0x7fc96c0467c0", "0x7fc96c812a80", "0x7fc96c812a80", "0x7fc96c822f98", "0x7fc96c822f98", "0x7fc96c046928", "0x7fc96c8819a8"], "memsize":1912, "flags":{"wb_protected":true, "old":true, "marked":true}}
{"address":"0x7fc96c046978", "type":"ARRAY", "length":1, "embedded":true, "references":["0x7fc96c0469a0"], "flags":{"wb_protected":true, "old":true, "marked":true}}
{"address":"0x7fc96c0469a0", "type":"STRING", "class":"0x7fc96c801668", "frozen":true, "embedded":true, "fstring":true, "bytesize":3, "value":"bin", "encoding":"UTF-8", "flags":{"wb_protected":true, "old":true, "marked":true}}
{"address":"0x7fc96c0469c8", "type":"ARRAY", "length":3, "embedded":true, "references":["0x7fc96c046c20", "0x7fc96c0467e8", "0x7fc96d07ff38"], "flags":{"wb_protected":true, "old":true, "marked":true}}
{"address":"0x7fc96c0469f0", "type":"STRING", "class":"0x7fc96c801668", "frozen":true, "embedded":true, "fstring":true, "bytesize":2, "value":"**", "encoding":"UTF-8", "flags":{"wb_protected":true, "old":true, "marked":true}}
{"address":"0x7fc96c046a18", "type":"STRING", "class":"0x7fc96c801668", "frozen":true, "embedded":true, "fstring":true, "bytesize":1, "value":"*", "encoding":"UTF-8", "flags":{"wb_protected":true, "old":true, "marked":true}}
{"address":"0x7fc96c046a40", "type":"NODE", "node_type":"NODE_CREF", "references":["0x7fc96c82a590", "0x7fc96c047878"], "flags":{"wb_protected":true, "old":true, "marked":true}}
{"address":"0x7fc96c046a68", "type":"DATA", "class":"0x7fc96c833488", "struct":"iseq", "references":["0x7fc96c046978", "0x7fc96c8131d8", "0x7fc96c8131d8", "0x7fc96c822f98", "0x7fc96c822f98", "0x7fc96c046a40", "0x7fc96c8819a8"], "memsize":2320, "flags":{"wb_protected":true, "old":true, "marked":true}}
{"address":"0x7fc96c046a90", "type":"ARRAY", "length":1, "embedded":true, "references":["0x7fc96c046ab8"], "flags":{"wb_protected":true, "old":true, "marked":true}}
{"address":"0x7fc96c046ab8", "type":"STRING", "class":"0x7fc96c801668", "frozen":true, "embedded":true, "fstring":true, "bytesize":2, "value":"rb", "encoding":"UTF-8", "flags":{"wb_protected":true, "old":true, "marked":true}}
{"address":"0x7fc96c046b30", "type":"NODE", "node_type":"NODE_CREF", "references":["0x7fc96c82a590", "0x7fc96c047878"], "flags":{"wb_protected":true, "old":true, "marked":true}}
{"address":"0x7fc96c046b58", "type":"DATA", "class":"0x7fc96c833488", "struct":"iseq", "references":["0x7fc96c046a90", "0x7fc96c813458", "0x7fc96c813458", "0x7fc96c822f98", "0x7fc96c822f98", "0x7fc96c046b30", "0x7fc96c8819a8"], "memsize":488, "flags":{"wb_protected":true, "old":true, "marked":true}}
{"address":"0x7fc96c046b80", "type":"STRING", "class":"0x7fc96c801668", "frozen":true, "embedded":true, "fstring":true, "bytesize":18, "value":") with executable ", "encoding":"UTF-8", "flags":{"wb_protected":true, "old":true, "marked":true}}
{"address":"0x7fc96c046bd0", "type":"ARRAY", "length":8, "references":["0x7fc96c046c98", "0x7fc96c046d88", "0x7fc96c046d60", "0x7fc96c046d38", "0x7fc96c046d10", "0x7fc96c046d60", "0x7fc96c046d38", "0x7fc96c046b80"], "memsize":160, "flags":{"wb_protected":true, "old":true, "marked":true}}
{"address":"0x7fc96c046c20", "type":"DATA", "class":"0x7fc96c833488", "struct":"iseq", "references":["0x7fc96c046c48", "0x7fc96c869998", "0x7fc96d023aa8", "0x7fc96d023aa8", "0x7fc96c046e00"], "memsize":712, "flags":{"wb_protected":true, "old":true, "marked":true}}
{"address":"0x7fc96c046c48", "type":"STRING", "class":"0x7fc96c801668", "frozen":true, "fstring":true, "bytesize":18, "capacity":120, "value":"block in real_load", "memsize":121, "flags":{"wb_protected":true, "old":true, "marked":true}}
{"address":"0x7fc96c046c98", "type":"DATA", "class":"0x7fc96c833488", "struct":"iseq", "references":["0x7fc96c046cc0", "0x7fc96c818cf0", "0x7fc96c822f98", "0x7fc96c822f98", "0x7fc96c046e28"], "memsize":912, "flags":{"wb_protected":true, "old":true, "marked":true}}
{"address":"0x7fc96c046cc0", "type":"STRING", "class":"0x7fc96c801668", "frozen":true, "fstring":true, "bytesize":17, "capacity":120, "value":"block in bin_path", "memsize":121, "flags":{"wb_protected":true, "old":true, "marked":true}}
{"address":"0x7fc96c046ce8", "type":"DATA", "class":"0x7fc96c833488", "struct":"iseq", "references":["0x7fc96c050068", "0x7fc96d80eb00", "0x7fc96d814c58", "0x7fc96d814c58", "0x7fc96c050108"], "memsize":1880, "flags":{"wb_protected":true, "old":true, "marked":true}}
{"address":"0x7fc96c046d10", "type":"STRING", "class":"0x7fc96c801668", "frozen":true, "embedded":true, "fstring":true, "bytesize":1, "value":")", "encoding":"UTF-8", "flags":{"wb_protected":true, "old":true, "marked":true}}
{"address":"0x7fc96c046d38", "type":"STRING", "class":"0x7fc96c801668", "frozen":true, "embedded":true, "fstring":true, "bytesize":2, "value":" (", "encoding":"UTF-8", "flags":{"wb_protected":true, "old":true, "marked":true}}
{"address":"0x7fc96c046d60", "type":"STRING", "class":"0x7fc96c801668", "frozen":true, "embedded":true, "fstring":true, "bytesize":15, "value":"can't find gem ", "encoding":"UTF-8", "flags":{"wb_protected":true, "old":true, "marked":true}}
{"address":"0x7fc96c046d88", "type":"STRING", "class":"0x7fc96c801668", "frozen":true, "fstring":true, "bytesize":25, "value":"you must supply exec_name", "encoding":"UTF-8", "memsize":26, "flags":{"wb_protected":true, "old":true, "marked":true}}
{"address":"0x7fc96c046e00", "type":"NODE", "node_type":"NODE_CREF", "references":["0x7fc96c0451e0", "0x7fc96c051a30"], "flags":{"wb_protected":true, "old":true, "marked":true}}
{"address":"0x7fc96c046e28", "type":"NODE", "node_type":"NODE_CREF", "references":["0x7fc96c82a590", "0x7fc96c047878"], "flags":{"wb_protected":true, "old":true, "marked":true}}
{"address":"0x7fc96c046e50", "type":"DATA", "class":"0x7fc96c833488", "struct":"iseq", "references":["0x7fc96c046bd0", "0x7fc96c818cf0", "0x7fc96c818cf0", "0x7fc96c822f98", "0x7fc96c822f98", "0x7fc96c046e28", "0x7fc96c8819a8"], "memsize":4712, "flags":{"wb_protected":true, "old":true, "marked":true}}
{"address":"0x7fc96c046e78", "type":"DATA", "class":"0x7fc96c833488", "struct":"iseq", "references":["0x7fc96c0469c8", "0x7fc96c869998", "0x7fc96c869998", "0x7fc96d023aa8", "0x7fc96d023aa8", "0x7fc96c046e00", "0x7fc96c0451e0"], "memsize":2256, "flags":{"wb_protected":true, "old":true, "marked":true}}
{"address":"0x7fc96c046ea0", "type":"ARRAY", "length":1, "embedded":true, "references":["0x7fc96c046f68"], "flags":{"wb_protected":true, "old":true, "marked":true}}
{"address":"0x7fc96c046ef0", "type":"ARRAY", "length":1, "embedded":true, "references":["0x7fc96c047148"], "flags":{"wb_protected":true, "old":true, "marked":true}}
{"address":"0x7fc96c046f18", "type":"ARRAY", "length":4, "references":["0x7fc96c047030", "0x7fc96c053df8", "0x7fc96c0527c8", "0x7fc96c044f88"], "memsize":160, "flags":{"wb_protected":true, "old":true, "marked":true}}
{"address":"0x7fc96c046f68", "type":"DATA", "class":"0x7fc96c833488", "struct":"iseq", "references":["0x7fc96c046f90", "0x7fc96c819678", "0x7fc96c822f98", "0x7fc96c822f98", "0x7fc96c047058"], "memsize":880, "flags":{"wb_protected":true, "old":true, "marked":true}}
{"address":"0x7fc96c046f90", "type":"STRING", "class":"0x7fc96c801668", "frozen":true, "fstring":true, "bytesize":23, "capacity":120, "value":"block in finish_resolve", "memsize":121, "flags":{"wb_protected":true, "old":true, "marked":true}}
{"address":"0x7fc96c047030", "type":"DATA", "class":"0x7fc96c833488", "struct":"iseq", "references":["0x7fc96c0470d0", "0x7fc96c8021f8", "0x7fc96d023aa8", "0x7fc96d023aa8", "0x7fc96c0472b0"], "memsize":848, "flags":{"wb_protected":true, "old":true, "marked":true}}
{"address":"0x7fc96c047058", "type":"NODE", "node_type":"NODE_CREF", "references":["0x7fc96c82a590", "0x7fc96c047878"], "flags":{"wb_protected":true, "old":true, "marked":true}}
{"address":"0x7fc96c047080", "type":"DATA", "class":"0x7fc96c833488", "struct":"iseq", "references":["0x7fc96c046ea0", "0x7fc96c819678", "0x7fc96c819678", "0x7fc96c822f98", "0x7fc96c822f98", "0x7fc96c047058", "0x7fc96c8819a8"], "memsize":1880, "flags":{"wb_protected":true, "old":true, "marked":true}}
{"address":"0x7fc96c0470a8", "type":"STRING", "class":"0x7fc96c801668", "frozen":true, "embedded":true, "fstring":true, "bytesize":6, "value":"n_jobs", "encoding":"US-ASCII", "flags":{"wb_protected":true, "old":true, "marked":true}}
{"address":"0x7fc96c0470d0", "type":"STRING", "class":"0x7fc96c801668", "frozen":true, "fstring":true, "bytesize":13, "capacity":120, "value":"block in find", "memsize":121, "flags":{"wb_protected":true, "old":true, "marked":true}}
{"address":"0x7fc96c0470f8", "type":"NODE", "node_type":"NODE_CREF", "references":["0x7fc96c82a590", "0x7fc96c047878"], "flags":{"wb_protected":true, "old":true, "marked":true}}
{"address":"0x7fc96c047120", "type":"DATA", "class":"0x7fc96c833488", "struct":"iseq", "references":["0x7fc96c819948", "0x7fc96c819948", "0x7fc96c822f98", "0x7fc96c822f98", "0x7fc96c0470f8", "0x7fc96c8819a8"], "memsize":1272, "flags":{"wb_protected":true, "old":true, "marked":true}}
{"address":"0x7fc96c047148", "type":"STRING", "class":"0x7fc96c801668", "frozen":true, "embedded":true, "fstring":true, "bytesize":3, "value":"\\n\n", "encoding":"UTF-8", "flags":{"wb_protected":true, "old":true, "marked":true}}
{"address":"0x7fc96c0471c0", "type":"ARRAY", "length":2, "embedded":true, "references":["0x7fc96c047238", "0x7fc96c047238"], "flags":{"wb_protected":true, "old":true, "marked":true}}
{"address":"0x7fc96c0471e8", "type":"DATA", "class":"0x7fc96c833488", "struct":"iseq", "references":["0x7fc96c046ef0", "0x7fc96c050068", "0x7fc96d80eb00", "0x7fc96d814c58", "0x7fc96d814c58", "0x7fc96c050108"], "memsize":5208, "flags":{"wb_protected":true, "old":true, "marked":true}}
{"address":"0x7fc96c047238", "type":"DATA", "class":"0x7fc96c833488", "struct":"iseq", "references":["0x7fc96c047260", "0x7fc96c81a708", "0x7fc96c822f98", "0x7fc96c822f98", "0x7fc96c047300"], "memsize":1360, "flags":{"wb_protected":true, "old":true, "marked":true}}
{"address":"0x7fc96c047260", "type":"STRING", "class":"0x7fc96c801668", "frozen":true, "embedded":true, "fstring":true, "bytesize":22, "value":"rescue in try_activate", "flags":{"wb_protected":true, "old":true, "marked":true}}
{"address":"0x7fc96c0472b0", "type":"NODE", "node_type":"NODE_CREF", "references":["0x7fc96c0451e0", "0x7fc96c051a30"], "flags":{"wb_protected":true, "old":true, "marked":true}}
{"address":"0x7fc96c0472d8", "type":"DATA", "class":"0x7fc96c833488", "struct":"iseq", "references":["0x7fc96c046f18", "0x7fc96c8021f8", "0x7fc96c8021f8", "0x7fc96d023aa8", "0x7fc96d023aa8", "0x7fc96c0472b0", "0x7fc96c0451e0"], "memsize":2712, "flags":{"wb_protected":true, "old":true, "marked":true}}
{"address":"0x7fc96c047300", "type":"NODE", "node_type":"NODE_CREF", "references":["0x7fc96c82a590", "0x7fc96c047878"], "flags":{"wb_protected":true, "old":true, "marked":true}}
{"address":"0x7fc96c047328", "type":"DATA", "class":"0x7fc96c833488", "struct":"iseq", "references":["0x7fc96c0471c0", "0x7fc96c81a708", "0x7fc96c81a708", "0x7fc96c822f98", "0x7fc96c822f98", "0x7fc96c047300", "0x7fc96c8819a8"], "memsize":2408, "flags":{"wb_protected":true, "old":true, "marked":true}}
{"address":"0x7fc96c047350", "type":"ARRAY", "length":1, "embedded":true, "references":["0x7fc96c047490"], "flags":{"wb_protected":true, "old":true, "marked":true}}
{"address":"0x7fc96c047378", "type":"STRING", "class":"0x7fc96c801668", "frozen":true, "embedded":true, "fstring":true, "bytesize":14, "value":"specifications", "encoding":"UTF-8", "flags":{"wb_protected":true, "old":true, "marked":true}}
{"address":"0x7fc96c0473a0", "type":"STRING", "class":"0x7fc96c801668", "frozen":true, "embedded":true, "fstring":true, "bytesize":4, "value":"gems", "encoding":"UTF-8", "flags":{"wb_protected":true, "old":true, "marked":true}}
{"address":"0x7fc96c0473c8", "type":"STRING", "class":"0x7fc96c801668", "frozen":true, "embedded":true, "fstring":true, "bytesize":10, "value":"extensions", "encoding":"UTF-8", "flags":{"wb_protected":true, "old":true, "marked":true}}
{"address":"0x7fc96c0473f0", "type":"STRING", "class":"0x7fc96c801668", "frozen":true, "embedded":true, "fstring":true, "bytesize":3, "value":"doc", "encoding":"UTF-8", "flags":{"wb_protected":true, "old":true, "marked":true}}
{"address":"0x7fc96c047418", "type":"STRING", "class":"0x7fc96c801668", "frozen":true, "embedded":true, "fstring":true, "bytesize":5, "value":"cache", "encoding":"UTF-8", "flags":{"wb_protected":true, "old":true, "marked":true}}
{"address":"0x7fc96c047440", "type":"STRING", "class":"0x7fc96c801668", "frozen":true, "embedded":true, "fstring":true, "bytesize":10, "value":"build_info", "encoding":"UTF-8", "flags":{"wb_protected":true, "old":true, "marked":true}}
{"address":"0x7fc96c047468", "type":"ARRAY", "length":1, "embedded":true, "references":["0x7fc96c888cf8"], "flags":{"wb_protected":true, "old":true, "marked":true}}
{"address":"0x7fc96c047490", "type":"STRING", "class":"0x7fc96c801668", "frozen":true, "fstring":true, "bytesize":24, "value":"No such file to load -- ", "encoding":"UTF-8", "memsize":25, "flags":{"wb_protected":true, "old":true, "marked":true}}
{"address":"0x7fc96c047530", "type":"NODE", "node_type":"NODE_CREF", "references":["0x7fc96c0451e0", "0x7fc96c051a30"], "flags":{"wb_protected":true, "old":true, "marked":true}}
{"address":"0x7fc96c047558", "type":"NODE", "node_type":"NODE_CREF", "references":["0x7fc96c82a590", "0x7fc96c047878"], "flags":{"wb_protected":true, "old":true, "marked":true}}
{"address":"0x7fc96c047580", "type":"DATA", "class":"0x7fc96c833488", "struct":"iseq", "references":["0x7fc96c047468", "0x7fc96c050068", "0x7fc96d80eb00", "0x7fc96d814c58", "0x7fc96d814c58", "0x7fc96c050108"], "memsize":1192, "flags":{"wb_protected":true, "old":true, "marked":true}}
{"address":"0x7fc96c0475a8", "type":"DATA", "class":"0x7fc96c833488", "struct":"iseq", "references":["0x7fc96c047350", "0x7fc96c848040", "0x7fc96c848040", "0x7fc96d023aa8", "0x7fc96d023aa8", "0x7fc96c047530", "0x7fc96c0451e0"], "memsize":1624, "flags":{"wb_protected":true, "old":true, "marked":true}}
{"address":"0x7fc96c0475d0", "type":"STRING", "class":"0x7fc96c801668", "frozen":true, "embedded":true, "fstring":true, "bytesize":6, "value":"=begin", "encoding":"UTF-8", "flags":{"wb_protected":true, "old":true, "marked":true}}
{"address":"0x7fc96c0475f8", "type":"ARRAY", "length":5, "references":["0x7fc96c8ab9b0", "0x7fc96d801978", "0x7fc96d801978", "0x7fc96c0476e8", "0x7fc96c888550"], "memsize":160, "flags":{"wb_protected":true, "old":true, "marked":true}}
{"address":"0x7fc96c047620", "type":"STRING", "class":"0x7fc96c801668", "frozen":true, "bytesize":83, "capacity":128, "value":"/usr/local/Cellar/ruby/2.1.1/lib/ruby/2.1.0/x86_64-darwin13.0/irb/lc/en_US/error.rb", "encoding":"UTF-8", "memsize":129, "flags":{"wb_protected":true, "old":true, "marked":true}}
{"address":"0x7fc96c0476c0", "type":"DATA", "class":"0x7fc96c833488", "struct":"iseq", "references":["0x7fc96c8cabd0", "0x7fc96c83b110", "0x7fc96d023aa8", "0x7fc96d023aa8", "0x7fc96c047b48"], "memsize":952, "flags":{"wb_protected":true, "old":true, "marked":true}}
{"address":"0x7fc96c0476e8", "type":"STRING", "class":"0x7fc96c801668", "frozen":true, "embedded":true, "fstring":true, "bytesize":4, "value":"=end", "encoding":"UTF-8", "flags":{"wb_protected":true, "old":true, "marked":true}}
{"address":"0x7fc96c047788", "type":"STRING", "class":"0x7fc96c801668", "frozen":true, "fstring":true, "bytesize":12, "capacity":120, "value":"<module:Gem>", "memsize":121, "flags":{"wb_protected":true, "old":true, "marked":true}}
{"address":"0x7fc96c047800", "type":"DATA", "class":"0x7fc96c833488", "struct":"iseq", "references":["0x7fc96c8cabd0", "0x7fc96c83b110", "0x7fc96d023aa8", "0x7fc96d023aa8", "0x7fc96c047b48"], "memsize":680, "flags":{"wb_protected":true, "old":true, "marked":true}}
{"address":"0x7fc96c047850", "type":"STRING", "class":"0x7fc96c801668", "frozen":true, "embedded":true, "fstring":true, "bytesize":16, "value":"<top (required)>", "flags":{"wb_protected":true, "old":true, "marked":true}}
{"address":"0x7fc96c047878", "type":"NODE", "node_type":"NODE_CREF", "references":["0x7fc96c803788"], "flags":{"wb_protected":true, "old":true, "marked":true}}
{"address":"0x7fc96c0478f0", "type":"ARRAY", "length":10, "references":["0x7fc96c047a08", "0x7fc96c047800", "0x7fc96c0476c0", "0x7fc96c047a80", "0x7fc96c047a58", "0x7fc96c871418", "0x7fc96c870928", "0x7fc96c0527a0", "0x7fc96c047800", "0x7fc96c0476c0"], "memsize":160, "flags":{"wb_protected":true, "old":true, "marked":true}}
{"address":"0x7fc96c047940", "type":"DATA", "class":"0x7fc96c833488", "struct":"iseq", "references":["0x7fc96c0475f8", "0x7fc96c050068", "0x7fc96d80eb00", "0x7fc96d814c58", "0x7fc96d814c58", "0x7fc96c050108"], "memsize":3592, "flags":{"wb_protected":true, "old":true, "marked":true}}
{"address":"0x7fc96c0479b8", "type":"STRING", "class":"0x7fc96c801668", "embedded":true, "bytesize":1, "value":"#", "encoding":"UTF-8", "flags":{"wb_protected":true, "old":true, "marked":true}}
{"address":"0x7fc96c047a08", "type":"DATA", "class":"0x7fc96c833488", "struct":"iseq", "references":["0x7fc96c8ca7c0", "0x7fc96c83b110", "0x7fc96d023aa8", "0x7fc96d023aa8", "0x7fc96c047b48"], "memsize":744, "flags":{"wb_protected":true, "old":true, "marked":true}}
{"address":"0x7fc96c047a58", "type":"STRING", "class":"0x7fc96c801668", "frozen":true, "embedded":true, "fstring":true, "bytesize":14, "value":".(so|o|sl|rb)?", "encoding":"UTF-8", "flags":{"wb_protected":true, "old":true, "marked":true}}
{"address":"0x7fc96c047a80", "type":"STRING", "class":"0x7fc96c801668", "frozen":true, "embedded":true, "fstring":true, "bytesize":3, "value":"lc/", "encoding":"UTF-8", "flags":{"wb_protected":true, "old":true, "marked":true}}
{"address":"0x7fc96c047ad0", "type":"STRING", "class":"0x7fc96c801668", "frozen":true, "embedded":true, "fstring":true, "bytesize":3, "value":"rec", "encoding":"US-ASCII", "flags":{"wb_protected":true, "old":true, "marked":true}}
{"address":"0x7fc96c047af8", "type":"DATA", "class":"0x7fc96c833488", "struct":"iseq", "references":["0x7fc96c050068", "0x7fc96d80eb00", "0x7fc96d814c58", "0x7fc96d814c58", "0x7fc96c050108"], "memsize":728, "flags":{"wb_protected":true, "old":true, "marked":true}}
{"address":"0x7fc96c047b48", "type":"NODE", "node_type":"NODE_CREF", "references":["0x7fc96c0451e0", "0x7fc96c051a30"], "flags":{"wb_protected":true, "old":true, "marked":true}}
{"address":"0x7fc96c047b70", "type":"STRING", "class":"0x7fc96c801668", "frozen":true, "embedded":true, "fstring":true, "bytesize":1, "value":"\u0011", "encoding":"UTF-8", "flags":{"wb_protected":true, "old":true, "marked":true}}
{"address":"0x7fc96c047b98", "type":"REGEXP", "class":"0x7fc96c8491e8", "references":["0x7fc96d067d70"], "memsize":493, "flags":{"wb_protected":true, "old":true, "marked":true}}
{"address":"0x7fc96c047bc0", "type":"STRING", "class":"0x7fc96c801668", "frozen":true, "embedded":true, "fstring":true, "bytesize":1, "value":"\r", "encoding":"UTF-8", "flags":{"wb_protected":true, "old":true, "marked":true}}
{"address":"0x7fc96c047be8", "type":"DATA", "class":"0x7fc96c833488", "struct":"iseq", "references":["0x7fc96c0478f0", "0x7fc96c83b110", "0x7fc96c83b110", "0x7fc96d023aa8", "0x7fc96d023aa8", "0x7fc96c047b48", "0x7fc96c0451e0"], "memsize":4360, "flags":{"wb_protected":true, "old":true, "marked":true}}
{"address":"0x7fc96c047c10", "type":"STRING", "class":"0x7fc96c801668", "frozen":true, "embedded":true, "fstring":true, "bytesize":1, "value":"\f", "encoding":"UTF-8", "flags":{"wb_protected":true, "old":true, "marked":true}}
{"address":"0x7fc96c047c38", "type":"ARRAY", "length":1, "embedded":true, "references":["0x7fc96c889928"], "flags":{"wb_protected":true, "old":true, "marked":true}}
{"address":"0x7fc96c047c88", "type":"ARRAY", "length":1, "embedded":true, "references":["0x7fc96c047d78"], "flags":{"wb_protected":true, "old":true, "marked":true}}
{"address":"0x7fc96c047d00", "type":"STRING", "class":"0x7fc96c801668", "frozen":true, "embedded":true, "fstring":true, "bytesize":9, "value":"resolving", "encoding":"US-ASCII", "flags":{"wb_protected":true, "old":true, "marked":true}}
{"address":"0x7fc96c047d50", "type":"STRING", "class":"0x7fc96c801668", "bytesize":21, "capacity":128, "value":"irb/lc/en_US/error.rb", "encoding":"UTF-8", "memsize":129, "flags":{"wb_protected":true, "old":true, "marked":true}}
{"address":"0x7fc96c047d78", "type":"DATA", "class":"0x7fc96c833488", "struct":"iseq", "references":["0x7fc96c80b0f0", "0x7fc96c843b80", "0x7fc96d023aa8", "0x7fc96d023aa8", "0x7fc96c047e40"], "memsize":728, "flags":{"wb_protected":true, "old":true, "marked":true}}
{"address":"0x7fc96c047dc8", "type":"STRING", "class":"0x7fc96c801668", "embedded":true, "bytesize":5, "value":"en_US", "encoding":"UTF-8", "flags":{"wb_protected":true, "old":true, "marked":true}}
{"address":"0x7fc96c047df0", "type":"DATA", "class":"0x7fc96c833488", "struct":"iseq", "references":["0x7fc96c047c38", "0x7fc96c050068", "0x7fc96d80eb00", "0x7fc96d814c58", "0x7fc96d814c58", "0x7fc96c050108"], "memsize":1872, "flags":{"wb_protected":true, "old":true, "marked":true}}
{"address":"0x7fc96c047e40", "type":"NODE", "node_type":"NODE_CREF", "references":["0x7fc96c0451e0", "0x7fc96c051a30"], "flags":{"wb_protected":true, "old":true, "marked":true}}
{"address":"0x7fc96c047e68", "type":"DATA", "class":"0x7fc96c833488", "struct":"iseq", "references":["0x7fc96c047c88", "0x7fc96c843b80", "0x7fc96c843b80", "0x7fc96d023aa8", "0x7fc96d023aa8", "0x7fc96c047e40", "0x7fc96c0451e0"], "memsize":976, "flags":{"wb_protected":true, "old":true, "marked":true}}
{"address":"0x7fc96c047e90", "type":"STRING", "class":"0x7fc96c801668", "frozen":true, "embedded":true, "fstring":true, "bytesize":1, "value":"\u0026", "encoding":"UTF-8", "flags":{"wb_protected":true, "old":true, "marked":true}}
{"address":"0x7fc96c047eb8", "type":"STRING", "class":"0x7fc96c801668", "frozen":true, "embedded":true, "fstring":true, "bytesize":1, "value":"\u0004", "encoding":"UTF-8", "flags":{"wb_protected":true, "old":true, "marked":true}}
{"address":"0x7fc96c047f08", "type":"ARRAY", "length":73, "references":["0x7fc96c050018", "0x7fc96c047df0", "0x7fc96c047af8", "0x7fc96c047940", "0x7fc96c047580", "0x7fc96c0471e8", "0x7fc96c046ce8", "0x7fc96c0461d0", "0x7fc96c045d70", "0x7fc96c045aa0", "0x7fc96c045730", "0x7fc96c0453c0", "0x7fc96c045000", "0x7fc96c044628", "0x7fc96c044308", "0x7fc96c044038", "0x7fc96c03ff38", "0x7fc96c03fdd0", "0x7fc96c03fa60", "0x7fc96c03f920", "0x7fc96d854d08", "0x7fc96c047eb8", "0x7fc96c047e90", "0x7fc96d857850", "0x7fc96c871d78", "0x7fc96c047c10", "0x7fc96c047bc0", "0x7fc96c047b70", "0x7fc96d801ab8", "0x7fc96c0475d0", "0x7fc96d801978", "0x7fc96c046a18", "0x7fc96c0469f0", "0x7fc96c8ab9b0", "0x7fc96c0468b0", "0x7fc96c0466f8", "0x7fc96c046630", "0x7fc96c046608", "0x7fc96c8ab1e0", "0x7fc96c8aacb8", "0x7fc96d857828", "0x7fc96d865428", "0x7fc96c046568", "0x7fc96c0464f0", "0x7fc96c8ab708", "0x7fc96c046400", "0x7fc96c045e60", "0x7fc96d83b650", "0x7fc96c053010", "0x7fc96c88afa8", "0x7fc96c045438", "0x7fc96c0452a8", "0x7fc96c045208", "0x7fc96c050b30", "0x7fc96c0450f0", "0x7fc96c044c40", "0x7fc96c044b78", "0x7fc96c044b50", "0x7fc96c044a88", "0x7fc96c0449e8", "0x7fc96c044998", "0x7fc96c0448a8", "0x7fc96c044830", "0x7fc96c044808", "0x7fc96c044790", "0x7fc96c044768", "0x7fc96c044448", "0x7fc96c03ffb0", "0x7fc96c03fb00", "0x7fc96c051648", "0x7fc96c053df8", "0x7fc96d04b058", "0x7fc96c8f0128"], "memsize":680, "flags":{"wb_protected":true, "old":true, "marked":true}}
{"address":"0x7fc96c047f58", "type":"NODE", "node_type":"NODE_CREF", "references":["0x7fc96c0451e0", "0x7fc96c051a30"], "flags":{"wb_protected":true, "old":true, "marked":true}}
{"address":"0x7fc96c047f80", "type":"DATA", "class":"0x7fc96c833488", "struct":"iseq", "references":["0x7fc96c843bf8", "0x7fc96c843bf8", "0x7fc96d023aa8", "0x7fc96d023aa8", "0x7fc96c047f58", "0x7fc96c0451e0"], "memsize":928, "flags":{"wb_protected":true, "old":true, "marked":true}}
{"address":"0x7fc96c050018", "type":"DATA", "class":"0x7fc96c833488", "struct":"iseq", "references":["0x7fc96c050068", "0x7fc96d80eb00", "0x7fc96d814c58", "0x7fc96d814c58", "0x7fc96c050108"], "memsize":864, "flags":{"wb_protected":true, "old":true, "marked":true}}
{"address":"0x7fc96c050040", "type":"ARRAY", "length":1, "embedded":true, "references":["0x7fc96c050338"], "flags":{"wb_protected":true, "old":true, "marked":true}}
{"address":"0x7fc96c050068", "type":"STRING", "class":"0x7fc96c801668", "frozen":true, "fstring":true, "bytesize":17, "capacity":120, "value":"block in lex_init", "memsize":121, "flags":{"wb_protected":true, "old":true, "marked":true}}
{"address":"0x7fc96c050108", "type":"NODE", "node_type":"NODE_CREF", "references":["0x7fc96c88a7d8", "0x7fc96c0583d0"], "flags":{"wb_protected":true, "old":true, "marked":true}}
{"address":"0x7fc96c050130", "type":"DATA", "class":"0x7fc96c833488", "struct":"iseq", "references":["0x7fc96c047f08", "0x7fc96d80eb00", "0x7fc96d80eb00", "0x7fc96d814c58", "0x7fc96d814c58", "0x7fc96c050108", "0x7fc96c88a7d8"], "memsize":8928, "flags":{"wb_protected":true, "old":true, "marked":true}}
{"address":"0x7fc96c050158", "type":"STRING", "class":"0x7fc96c801668", "frozen":true, "embedded":true, "fstring":true, "bytesize":5, "value":"begin", "encoding":"UTF-8", "flags":{"wb_protected":true, "old":true, "marked":true}}
{"address":"0x7fc96c050180", "type":"STRING", "class":"0x7fc96c801668", "frozen":true, "embedded":true, "fstring":true, "bytesize":5, "value":"while", "encoding":"UTF-8", "flags":{"wb_protected":true, "old":true, "marked":true}}
{"address":"0x7fc96c0501a8", "type":"STRING", "class":"0x7fc96c801668", "frozen":true, "embedded":true, "fstring":true, "bytesize":5, "value":"until", "encoding":"UTF-8", "flags":{"wb_protected":true, "old":true, "marked":true}}
{"address":"0x7fc96c0501d0", "type":"STRING", "class":"0x7fc96c801668", "frozen":true, "embedded":true, "fstring":true, "bytesize":6, "value":"unless", "encoding":"UTF-8", "flags":{"wb_protected":true, "old":true, "marked":true}}
{"address":"0x7fc96c0501f8", "type":"STRING", "class":"0x7fc96c801668", "frozen":true, "embedded":true, "fstring":true, "bytesize":6, "value":"module", "encoding":"UTF-8", "flags":{"wb_protected":true, "old":true, "marked":true}}
{"address":"0x7fc96c050220", "type":"STRING", "class":"0x7fc96c801668", "frozen":true, "embedded":true, "fstring":true, "bytesize":2, "value":"if", "encoding":"UTF-8", "flags":{"wb_protected":true, "old":true, "marked":true}}
{"address":"0x7fc96c050248", "type":"STRING", "class":"0x7fc96c801668", "frozen":true, "embedded":true, "fstring":true, "bytesize":3, "value":"for", "encoding":"UTF-8", "flags":{"wb_protected":true, "old":true, "marked":true}}
{"address":"0x7fc96c050270", "type":"STRING", "class":"0x7fc96c801668", "frozen":true, "embedded":true, "fstring":true, "bytesize":2, "value":"do", "encoding":"UTF-8", "flags":{"wb_protected":true, "old":true, "marked":true}}
{"address":"0x7fc96c050298", "type":"STRING", "class":"0x7fc96c801668", "frozen":true, "embedded":true, "fstring":true, "bytesize":3, "value":"def", "encoding":"UTF-8", "flags":{"wb_protected":true, "old":true, "marked":true}}
{"address":"0x7fc96c0502c0", "type":"STRING", "class":"0x7fc96c801668", "frozen":true, "embedded":true, "fstring":true, "bytesize":5, "value":"class", "encoding":"UTF-8", "flags":{"wb_protected":true, "old":true, "marked":true}}
{"address":"0x7fc96c0502e8", "type":"STRING", "class":"0x7fc96c801668", "frozen":true, "embedded":true, "fstring":true, "bytesize":4, "value":"case", "encoding":"UTF-8", "flags":{"wb_protected":true, "old":true, "marked":true}}
{"address":"0x7fc96c050338", "type":"DATA", "class":"0x7fc96c833488", "struct":"iseq", "references":["0x7fc96c050360", "0x7fc96c843bd0", "0x7fc96d023aa8", "0x7fc96d023aa8", "0x7fc96c050428"], "memsize":728, "flags":{"wb_protected":true, "old":true, "marked":true}}
{"address":"0x7fc96c050360", "type":"STRING", "class":"0x7fc96c801668", "frozen":true, "fstring":true, "bytesize":14, "capacity":120, "value":"block in print", "memsize":121, "flags":{"wb_protected":true, "old":true, "marked":true}}
{"address":"0x7fc96c050388", "type":"STRING", "class":"0x7fc96c801668", "frozen":true, "embedded":true, "fstring":true, "bytesize":2, "value":"\\.", "encoding":"US-ASCII", "flags":{"wb_protected":true, "old":true, "marked":true}}
{"address":"0x7fc96c0503d8", "type":"ARRAY", "length":2, "embedded":true, "references":["0x7fc96c050478", "0x7fc96c050478"], "flags":{"wb_protected":true, "old":true, "marked":true}}
{"address":"0x7fc96c050428", "type":"NODE", "node_type":"NODE_CREF", "references":["0x7fc96c0451e0", "0x7fc96c051a30"], "flags":{"wb_protected":true, "old":true, "marked":true}}
{"address":"0x7fc96c050450", "type":"STRING", "class":"0x7fc96c801668", "frozen":true, "embedded":true, "fstring":true, "bytesize":20, "value":"rubygems/config_file", "encoding":"UTF-8", "flags":{"wb_protected":true, "old":true, "marked":true}}
{"address":"0x7fc96c050478", "type":"DATA", "class":"0x7fc96c833488", "struct":"iseq", "references":["0x7fc96c0504a0", "0x7fc96c8938b0", "0x7fc96d814c58", "0x7fc96d814c58", "0x7fc96c050608"], "memsize":1560, "flags":{"wb_protected":true, "old":true, "marked":true}}
{"address":"0x7fc96c0504a0", "type":"STRING", "class":"0x7fc96c801668", "frozen":true, "embedded":true, "fstring":true, "bytesize":15, "value":"rescue in token", "flags":{"wb_protected":true, "old":true, "marked":true}}
{"address":"0x7fc96c0504c8", "type":"DATA", "class":"0x7fc96c833488", "struct":"iseq", "references":["0x7fc96c050040", "0x7fc96c843bd0", "0x7fc96c843bd0", "0x7fc96d023aa8", "0x7fc96d023aa8", "0x7fc96c050428", "0x7fc96c0451e0"], "memsize":976, "flags":{"wb_protected":true, "old":true, "marked":true}}
{"address":"0x7fc96c0504f0", "type":"NODE", "node_type":"NODE_CREF", "references":["0x7fc96c8819a8", "0x7fc96c047558"], "flags":{"wb_protected":true, "old":true, "marked":true}}
{"address":"0x7fc96c050518", "type":"DATA", "class":"0x7fc96c833488", "struct":"iseq", "references":["0x7fc96c03f7e0", "0x7fc96c03f7e0", "0x7fc96c822f98", "0x7fc96c822f98", "0x7fc96c0504f0", "0x7fc96c8819a8"], "memsize":672, "flags":{"wb_protected":true, "old":true, "marked":true}}
{"address":"0x7fc96c050540", "type":"REGEXP", "class":"0x7fc96c8491e8", "references":["0x7fc96c050388"], "memsize":469, "flags":{"wb_protected":true, "old":true, "marked":true}}
{"address":"0x7fc96c050568", "type":"ARRAY", "length":1, "embedded":true, "references":["0x7fc96c050630"], "flags":{"wb_protected":true, "old":true, "marked":true}}
{"address":"0x7fc96c0505b8", "type":"NODE", "node_type":"NODE_CREF", "references":["0x7fc96c0451e0", "0x7fc96c051a30"], "flags":{"wb_protected":true, "old":true, "marked":true}}
{"address":"0x7fc96c0505e0", "type":"DATA", "class":"0x7fc96c833488", "struct":"iseq", "references":["0x7fc96c843b58", "0x7fc96c843b58", "0x7fc96d023aa8", "0x7fc96d023aa8", "0x7fc96c0505b8", "0x7fc96c0451e0"], "memsize":832, "flags":{"wb_protected":true, "old":true, "marked":true}}
{"address":"0x7fc96c050608", "type":"NODE", "node_type":"NODE_CREF", "references":["0x7fc96c88a7d8", "0x7fc96c0583d0"], "flags":{"wb_protected":true, "old":true, "marked":true}}
{"address":"0x7fc96c050630", "type":"DATA", "class":"0x7fc96c833488", "struct":"iseq", "references":["0x7fc96c050658", "0x7fc96c03fbf0", "0x7fc96c822f98", "0x7fc96c822f98", "0x7fc96c0506f8"], "memsize":808, "flags":{"wb_protected":true, "old":true, "marked":true}}
{"address":"0x7fc96c050658", "type":"STRING", "class":"0x7fc96c801668", "frozen":true, "fstring":true, "bytesize":39, "capacity":120, "value":"block in remove_unresolved_default_spec", "memsize":121, "flags":{"wb_protected":true, "old":true, "marked":true}}
{"address":"0x7fc96c050680", "type":"DATA", "class":"0x7fc96c833488", "struct":"iseq", "references":["0x7fc96c0503d8", "0x7fc96c8938b0", "0x7fc96c8938b0", "0x7fc96d814c58", "0x7fc96d814c58", "0x7fc96c050608", "0x7fc96c88a7d8"], "memsize":4216, "flags":{"wb_protected":true, "old":true, "marked":true}}
{"address":"0x7fc96c0506a8", "type":"ARRAY", "length":1, "embedded":true, "references":["0x7fc96c0527c8"], "flags":{"wb_protected":true, "old":true, "marked":true}}
{"address":"0x7fc96c0506f8", "type":"NODE", "node_type":"NODE_CREF", "references":["0x7fc96c8819a8", "0x7fc96c047558"], "flags":{"wb_protected":true, "old":true, "marked":true}}
{"address":"0x7fc96c050720", "type":"DATA", "class":"0x7fc96c833488", "struct":"iseq", "references":["0x7fc96c050568", "0x7fc96c03fbf0", "0x7fc96c03fbf0", "0x7fc96c822f98", "0x7fc96c822f98", "0x7fc96c0506f8", "0x7fc96c8819a8"], "memsize":832, "flags":{"wb_protected":true, "old":true, "marked":true}}
{"address":"0x7fc96c050770", "type":"ARRAY", "length":1, "embedded":true, "references":["0x7fc96c050860"], "flags":{"wb_protected":true, "old":true, "marked":true}}
{"address":"0x7fc96c050798", "type":"STRING", "class":"0x7fc96c801668", "frozen":true, "embedded":true, "fstring":true, "bytesize":10, "value":"JobManager", "encoding":"US-ASCII", "flags":{"wb_protected":true, "old":true, "marked":true}}
{"address":"0x7fc96c0507c0", "type":"NODE", "node_type":"NODE_CREF", "references":["0x7fc96c0451e0", "0x7fc96c051a30"], "flags":{"wb_protected":true, "old":true, "marked":true}}
{"address":"0x7fc96c0507e8", "type":"DATA", "class":"0x7fc96c833488", "struct":"iseq", "references":["0x7fc96c803d28", "0x7fc96c803d28", "0x7fc96d023aa8", "0x7fc96d023aa8", "0x7fc96c0507c0", "0x7fc96c0451e0"], "memsize":832, "flags":{"wb_protected":true, "old":true, "marked":true}}
{"address":"0x7fc96c050860", "type":"DATA", "class":"0x7fc96c833488", "struct":"iseq", "references":["0x7fc96c050888", "0x7fc96c0343b8", "0x7fc96c822f98", "0x7fc96c822f98", "0x7fc96c050928"], "memsize":1160, "flags":{"wb_protected":true, "old":true, "marked":true}}
{"address":"0x7fc96c050888", "type":"STRING", "class":"0x7fc96c801668", "frozen":true, "fstring":true, "bytesize":37, "capacity":120, "value":"block in find_unresolved_default_spec", "memsize":121, "flags":{"wb_protected":true, "old":true, "marked":true}}
{"address":"0x7fc96c0508b0", "type":"NODE", "node_type":"NODE_CREF", "references":["0x7fc96c88a7d8", "0x7fc96c0583d0"], "flags":{"wb_protected":true, "old":true, "marked":true}}
{"address":"0x7fc96c0508d8", "type":"DATA", "class":"0x7fc96c833488", "struct":"iseq", "references":["0x7fc96c0506a8", "0x7fc96c898e00", "0x7fc96c898e00", "0x7fc96d814c58", "0x7fc96d814c58", "0x7fc96c0508b0", "0x7fc96c88a7d8"], "memsize":3272, "flags":{"wb_protected":true, "old":true, "marked":true}}
{"address":"0x7fc96c050900", "type":"NODE", "node_type":"NODE_CREF", "references":["0x7fc96c0451e0", "0x7fc96c051a30"], "flags":{"wb_protected":true, "old":true, "marked":true}}
{"address":"0x7fc96c050928", "type":"NODE", "node_type":"NODE_CREF", "references":["0x7fc96c8819a8", "0x7fc96c047558"], "flags":{"wb_protected":true, "old":true, "marked":true}}
{"address":"0x7fc96c050950", "type":"DATA", "class":"0x7fc96c833488", "struct":"iseq", "references":["0x7fc96c050770", "0x7fc96c0343b8", "0x7fc96c0343b8", "0x7fc96c822f98", "0x7fc96c822f98", "0x7fc96c050928", "0x7fc96c8819a8"], "memsize":968, "flags":{"wb_protected":true, "old":true, "marked":true}}
{"address":"0x7fc96c050978", "type":"DATA", "class":"0x7fc96c833488", "struct":"iseq", "references":["0x7fc96c802f90", "0x7fc96c802f90", "0x7fc96d023aa8", "0x7fc96d023aa8", "0x7fc96c050900", "0x7fc96c0451e0"], "memsize":832, "flags":{"wb_protected":true, "old":true, "marked":true}}
{"address":"0x7fc96c0509a0", "type":"ARRAY", "length":1, "embedded":true, "references":["0x7fc96c0509f0"], "flags":{"wb_protected":true, "old":true, "marked":true}}
{"address":"0x7fc96c0509c8", "type":"ARRAY", "length":1, "embedded":true, "references":["0x7fc96c0527c8"], "flags":{"wb_protected":true, "old":true, "marked":true}}
{"address":"0x7fc96c0509f0", "type":"ARRAY", "frozen":true, "length":2, "embedded":true, "flags":{"wb_protected":true, "old":true, "marked":true}}
{"address":"0x7fc96c050a18", "type":"ARRAY", "length":1, "embedded":true, "references":["0x7fc96c051148"], "flags":{"wb_protected":true, "old":true, "marked":true}}
{"address":"0x7fc96c050a40", "type":"STRING", "class":"0x7fc96c801668", "frozen":true, "embedded":true, "fstring":true, "bytesize":6, "value":"^[A-Z]", "encoding":"US-ASCII", "flags":{"wb_protected":true, "old":true, "marked":true}}
{"address":"0x7fc96c050a90", "type":"NODE", "node_type":"NODE_CREF", "references":["0x7fc96c0451e0", "0x7fc96c051a30"], "flags":{"wb_protected":true, "old":true, "marked":true}}
{"address":"0x7fc96c050ab8", "type":"DATA", "class":"0x7fc96c833488", "struct":"iseq", "references":["0x7fc96c0509c8", "0x7fc96c050f18", "0x7fc96c035718", "0x7fc96c822f98", "0x7fc96c822f98", "0x7fc96c050fb8"], "memsize":1504, "flags":{"wb_protected":true, "old":true, "marked":true}}
{"address":"0x7fc96c050ae0", "type":"DATA", "class":"0x7fc96c833488", "struct":"iseq", "references":["0x7fc96c0509a0", "0x7fc96c802f18", "0x7fc96c802f18", "0x7fc96d023aa8", "0x7fc96d023aa8", "0x7fc96c050a90", "0x7fc96c0451e0"], "memsize":1456, "flags":{"wb_protected":true, "old":true, "marked":true}}
{"address":"0x7fc96c050b08", "type":"STRING", "class":"0x7fc96c801668", "frozen":true, "embedded":true, "fstring":true, "bytesize":2, "value":"^(", "encoding":"UTF-8", "flags":{"wb_protected":true, "old":true, "marked":true}}
{"address":"0x7fc96c050b30", "type":"STRING", "class":"0x7fc96c801668", "frozen":true, "embedded":true, "fstring":true, "bytesize":1, "value":"|", "encoding":"UTF-8", "flags":{"wb_protected":true, "old":true, "marked":true}}
{"address":"0x7fc96c050b58", "type":"ARRAY", "length":1, "embedded":true, "references":["0x7fc96c051058"], "flags":{"wb_protected":true, "old":true, "marked":true}}
{"address":"0x7fc96c050b80", "type":"ARRAY", "length":1, "embedded":true, "references":["0x7fc96c044f88"], "flags":{"wb_protected":true, "old":true, "marked":true}}
{"address":"0x7fc96c050bd0", "type":"STRING", "class":"0x7fc96c801668", "frozen":true, "embedded":true, "fstring":true, "bytesize":18, "value":"version_reqs_param", "encoding":"US-ASCII", "flags":{"wb_protected":true, "old":true, "marked":true}}
{"address":"0x7fc96c050bf8", "type":"REGEXP", "class":"0x7fc96c8491e8", "references":["0x7fc96c050a40"], "memsize":512, "flags":{"wb_protected":true, "old":true, "marked":true}}
{"address":"0x7fc96c050c48", "type":"DATA", "class":"0x7fc96c833488", "struct":"iseq", "references":["0x7fc96c050b80", "0x7fc96c050f18", "0x7fc96c035718", "0x7fc96c822f98", "0x7fc96c822f98", "0x7fc96c050fb8"], "memsize":744, "flags":{"wb_protected":true, "old":true, "marked":true}}
{"address":"0x7fc96c050c70", "type":"STRING", "class":"0x7fc96c801668", "frozen":true, "embedded":true, "fstring":true, "bytesize":6, "value":"locale", "encoding":"UTF-8", "flags":{"wb_protected":true, "old":true, "marked":true}}
{"address":"0x7fc96c050c98", "type":"ARRAY", "length":1, "embedded":true, "references":["0x7fc96c800358"], "flags":{"wb_protected":true, "old":true, "marked":true}}
{"address":"0x7fc96c050cc0", "type":"ARRAY", "length":6, "references":["0x7fc96c050ef0", "0x7fc96c050c48", "0x7fc96c050ab8", "0x7fc96c050b30", "0x7fc96c050b08", "0x7fc96c046d10"], "memsize":160, "flags":{"wb_protected":true, "old":true, "marked":true}}
{"address":"0x7fc96c050d38", "type":"DATA", "class":"0x7fc96c833488", "struct":"iseq", "references":["0x7fc96c050c98", "0x7fc96d07fe48", "0x7fc96c803be8", "0x7fc96d023aa8", "0x7fc96d023aa8", "0x7fc96c051620"], "memsize":712, "flags":{"wb_protected":true, "old":true, "marked":true}}
{"address":"0x7fc96c050d60", "type":"ARRAY", "length":1, "embedded":true, "references":["0x7fc96c050e28"], "flags":{"wb_protected":true, "old":true, "marked":true}}
{"address":"0x7fc96c050d88", "type":"ARRAY", "length":5, "references":["0x7fc96c050e00", "0x7fc96c0527c8", "0x7fc96d801978", "0x7fc96c0527c8", "0x7fc96c050e00"], "memsize":160, "flags":{"wb_protected":true, "old":true, "marked":true}}
{"address":"0x7fc96c050e00", "type":"DATA", "class":"0x7fc96c833488", "struct":"iseq", "references":["0x7fc96c050ea0", "0x7fc96c8aa998", "0x7fc96d814c58", "0x7fc96d814c58", "0x7fc96c051260"], "memsize":1288, "flags":{"wb_protected":true, "old":true, "marked":true}}
{"address":"0x7fc96c050e28", "type":"DATA", "class":"0x7fc96c833488", "struct":"iseq", "references":["0x7fc96c050e50", "0x7fc96c035718", "0x7fc96c822f98", "0x7fc96c822f98", "0x7fc96c050fb8"], "memsize":744, "flags":{"wb_protected":true, "old":true, "marked":true}}
{"address":"0x7fc96c050e50", "type":"STRING", "class":"0x7fc96c801668", "frozen":true, "fstring":true, "bytesize":41, "capacity":120, "value":"block (2 levels) in register_default_spec", "memsize":121, "flags":{"wb_protected":true, "old":true, "marked":true}}
{"address":"0x7fc96c050ea0", "type":"STRING", "class":"0x7fc96c801668", "frozen":true, "fstring":true, "bytesize":54, "capacity":98, "value":"rescue in block (2 levels) in each_top_level_statement", "memsize":99, "flags":{"wb_protected":true, "old":true, "marked":true}}
{"address":"0x7fc96c050ec8", "type":"ARRAY", "length":1, "embedded":true, "references":["0x7fc96c800358"], "flags":{"wb_protected":true, "old":true, "marked":true}}
{"address":"0x7fc96c050ef0", "type":"DATA", "class":"0x7fc96c833488", "struct":"iseq", "references":["0x7fc96c050d60", "0x7fc96c050f18", "0x7fc96c035718", "0x7fc96c822f98", "0x7fc96c822f98", "0x7fc96c050fb8"], "memsize":904, "flags":{"wb_protected":true, "old":true, "marked":true}}
{"address":"0x7fc96c050f18", "type":"STRING", "class":"0x7fc96c801668", "frozen":true, "fstring":true, "bytesize":30, "capacity":120, "value":"block in register_default_spec", "memsize":121, "flags":{"wb_protected":true, "old":true, "marked":true}}
{"address":"0x7fc96c050f90", "type":"DATA", "class":"0x7fc96c833488", "struct":"iseq", "references":["0x7fc96c050ec8", "0x7fc96d07fe48", "0x7fc96c803be8", "0x7fc96d023aa8", "0x7fc96d023aa8", "0x7fc96c051620"], "memsize":560, "flags":{"wb_protected":true, "old":true, "marked":true}}
{"address":"0x7fc96c050fb8", "type":"NODE", "node_type":"NODE_CREF", "references":["0x7fc96c8819a8", "0x7fc96c047558"], "flags":{"wb_protected":true, "old":true, "marked":true}}
{"address":"0x7fc96c050fe0", "type":"DATA", "class":"0x7fc96c833488", "struct":"iseq", "references":["0x7fc96c050cc0", "0x7fc96c035718", "0x7fc96c035718", "0x7fc96c822f98", "0x7fc96c822f98", "0x7fc96c050fb8", "0x7fc96c8819a8"], "memsize":2592, "flags":{"wb_protected":true, "old":true, "marked":true}}
{"address":"0x7fc96c051030", "type":"STRING", "class":"0x7fc96c801668", "frozen":true, "embedded":true, "fstring":true, "bytesize":22, "value":"%s is obsolete. use %s", "encoding":"UTF-8", "flags":{"wb_protected":true, "old":true, "marked":true}}
{"address":"0x7fc96c051058", "type":"DATA", "class":"0x7fc96c833488", "struct":"iseq", "references":["0x7fc96c050d88", "0x7fc96c051080", "0x7fc96c8aa998", "0x7fc96d814c58", "0x7fc96d814c58", "0x7fc96c051260"], "memsize":5072, "flags":{"wb_protected":true, "old":true, "marked":true}}
{"address":"0x7fc96c051080", "type":"STRING", "class":"0x7fc96c801668", "frozen":true, "fstring":true, "bytesize":44, "capacity":120, "value":"block (2 levels) in each_top_level_statement", "memsize":121, "flags":{"wb_protected":true, "old":true, "marked":true}}
{"address":"0x7fc96c0510d0", "type":"STRING", "class":"0x7fc96c801668", "frozen":true, "embedded":true, "fstring":true, "bytesize":14, "value":"singletonclass", "encoding":"US-ASCII", "flags":{"wb_protected":true, "old":true, "marked":true}}
{"address":"0x7fc96c051120", "type":"STRING", "class":"0x7fc96c801668", "frozen":true, "embedded":true, "fstring":true, "bytesize":23, "value":"irb/encoding_aliases.rb", "encoding":"UTF-8", "flags":{"wb_protected":true, "old":true, "marked":true}}
{"address":"0x7fc96c051148", "type":"DATA", "class":"0x7fc96c833488", "struct":"iseq", "references":["0x7fc96c050b58", "0x7fc96c051170", "0x7fc96c8aa998", "0x7fc96d814c58", "0x7fc96d814c58", "0x7fc96c051260"], "memsize":760, "flags":{"wb_protected":true, "old":true, "marked":true}}
{"address":"0x7fc96c051170", "type":"STRING", "class":"0x7fc96c801668", "frozen":true, "fstring":true, "bytesize":33, "capacity":120, "value":"block in each_top_level_statement", "memsize":121, "flags":{"wb_protected":true, "old":true, "marked":true}}
{"address":"0x7fc96c051198", "type":"STRING", "class":"0x7fc96c801668", "frozen":true, "embedded":true, "fstring":true, "bytesize":15, "value":"singleton class", "flags":{"wb_protected":true, "old":true, "marked":true}}
{"address":"0x7fc96c0511c0", "type":"ARRAY", "length":18, "references":["0x7fc96c051238", "0x7fc96c050f90", "0x7fc96c050d38", "0x7fc96c051418", "0x7fc96c0513a0", "0x7fc96c051378", "0x7fc96c051328", "0x7fc96c037a18", "0x7fc96c051120", "0x7fc96c051030", "0x7fc96c873858", "0x7fc96c053df8", "0x7fc96c873858", "0x7fc96c053df8", "0x7fc96c050c70", "0x7fc96c051238", "0x7fc96c050f90", "0x7fc96c050d38"], "memsize":160, "flags":{"wb_protected":true, "old":true, "marked":true}}
{"address":"0x7fc96c051238", "type":"DATA", "class":"0x7fc96c833488", "struct":"iseq", "references":["0x7fc96d07fe48", "0x7fc96c803be8", "0x7fc96d023aa8", "0x7fc96d023aa8", "0x7fc96c051620"], "memsize":664, "flags":{"wb_protected":true, "old":true, "marked":true}}
{"address":"0x7fc96c051260", "type":"NODE", "node_type":"NODE_CREF", "references":["0x7fc96c88a7d8", "0x7fc96c0583d0"], "flags":{"wb_protected":true, "old":true, "marked":true}}
{"address":"0x7fc96c0512b0", "type":"DATA", "class":"0x7fc96c833488", "struct":"iseq", "references":["0x7fc96c050a18", "0x7fc96c8aa998", "0x7fc96c8aa998", "0x7fc96d814c58", "0x7fc96d814c58", "0x7fc96c051260", "0x7fc96c88a7d8"], "memsize":912, "flags":{"wb_protected":true, "old":true, "marked":true}}
{"address":"0x7fc96c0512d8", "type":"DATA", "class":"0x7fc96c833488", "struct":"iseq", "references":["0x7fc96c0515f8", "0x7fc96c037400", "0x7fc96c822f98", "0x7fc96c822f98", "0x7fc96c0516e8"], "memsize":1080, "flags":{"wb_protected":true, "old":true, "marked":true}}
{"address":"0x7fc96c051300", "type":"ARRAY", "length":1, "embedded":true, "references":["0x7fc96c0527c8"], "flags":{"wb_protected":true, "old":true, "marked":true}}
{"address":"0x7fc96c051328", "type":"STRING", "class":"0x7fc96c801668", "frozen":true, "embedded":true, "fstring":true, "bytesize":4, "value":"LANG", "encoding":"UTF-8", "flags":{"wb_protected":true, "old":true, "marked":true}}
{"address":"0x7fc96c051350", "type":"ARRAY", "length":5, "references":["0x7fc96c0515d0", "0x7fc96c0512d8", "0x7fc96c051670", "0x7fc96c051648", "0x7fc96c044c18"], "memsize":160, "flags":{"wb_protected":true, "old":true, "marked":true}}
{"address":"0x7fc96c051378", "type":"STRING", "class":"0x7fc96c801668", "frozen":true, "embedded":true, "fstring":true, "bytesize":6, "value":"LC_ALL", "encoding":"UTF-8", "flags":{"wb_protected":true, "old":true, "marked":true}}
{"address":"0x7fc96c0513a0", "type":"STRING", "class":"0x7fc96c801668", "frozen":true, "embedded":true, "fstring":true, "bytesize":11, "value":"LC_MESSAGES", "encoding":"UTF-8", "flags":{"wb_protected":true, "old":true, "marked":true}}
{"address":"0x7fc96c0513c8", "type":"NODE", "node_type":"NODE_CREF", "references":["0x7fc96c88a7d8", "0x7fc96c0583d0"], "flags":{"wb_protected":true, "old":true, "marked":true}}
{"address":"0x7fc96c0513f0", "type":"DATA", "class":"0x7fc96c833488", "struct":"iseq", "references":["0x7fc96c051300", "0x7fc96c899da0", "0x7fc96c899da0", "0x7fc96d814c58", "0x7fc96d814c58", "0x7fc96c0513c8", "0x7fc96c88a7d8"], "memsize":2328, "flags":{"wb_protected":true, "old":true, "marked":true}}
{"address":"0x7fc96c051418", "type":"STRING", "class":"0x7fc96c801668", "frozen":true, "embedded":true, "fstring":true, "bytesize":8, "value":"IRB_LANG", "encoding":"UTF-8", "flags":{"wb_protected":true, "old":true, "marked":true}}
{"address":"0x7fc96c051440", "type":"ARRAY", "length":1, "embedded":true, "references":["0x7fc96c051508"], "flags":{"wb_protected":true, "old":true, "marked":true}}
{"address":"0x7fc96c051490", "type":"STRING", "class":"0x7fc96c801668", "frozen":true, "embedded":true, "fstring":true, "bytesize":9, "value":"@irb_name", "encoding":"US-ASCII", "flags":{"wb_protected":true, "old":true, "marked":true}}
{"address":"0x7fc96c0514e0", "type":"NODE", "node_type":"NODE_CREF", "references":["0x7fc96c88a7d8", "0x7fc96c0583d0"], "flags":{"wb_protected":true, "old":true, "marked":true}}
{"address":"0x7fc96c051508", "type":"DATA", "class":"0x7fc96c833488", "struct":"iseq", "references":["0x7fc96c051530", "0x7fc96c037400", "0x7fc96c822f98", "0x7fc96c822f98", "0x7fc96c0516e8"], "memsize":848, "flags":{"wb_protected":true, "old":true, "marked":true}}
{"address":"0x7fc96c051530", "type":"STRING", "class":"0x7fc96c801668", "frozen":true, "fstring":true, "bytesize":31, "capacity":120, "value":"block (2 levels) in use_gemdeps", "memsize":121, "flags":{"wb_protected":true, "old":true, "marked":true}}
{"address":"0x7fc96c051558", "type":"DATA", "class":"0x7fc96c833488", "struct":"iseq", "references":["0x7fc96c8b08e8", "0x7fc96c8b08e8", "0x7fc96d814c58", "0x7fc96d814c58", "0x7fc96c0514e0", "0x7fc96c88a7d8"], "memsize":1168, "flags":{"wb_protected":true, "old":true, "marked":true}}
{"address":"0x7fc96c0515a8", "type":"ARRAY", "length":1, "embedded":true, "references":["0x7fc96c0517b0"], "flags":{"wb_protected":true, "old":true, "marked":true}}
{"address":"0x7fc96c0515d0", "type":"DATA", "class":"0x7fc96c833488", "struct":"iseq", "references":["0x7fc96c051440", "0x7fc96c0515f8", "0x7fc96c037400", "0x7fc96c822f98", "0x7fc96c822f98", "0x7fc96c0516e8"], "memsize":1616, "flags":{"wb_protected":true, "old":true, "marked":true}}
{"address":"0x7fc96c0515f8", "type":"STRING", "class":"0x7fc96c801668", "frozen":true, "fstring":true, "bytesize":20, "capacity":120, "value":"block in use_gemdeps", "memsize":121, "flags":{"wb_protected":true, "old":true, "marked":true}}
{"address":"0x7fc96c051620", "type":"NODE", "node_type":"NODE_CREF", "references":["0x7fc96c0451e0", "0x7fc96c051a30"], "flags":{"wb_protected":true, "old":true, "marked":true}}
{"address":"0x7fc96c051648", "type":"STRING", "class":"0x7fc96c801668", "frozen":true, "embedded":true, "fstring":true, "bytesize":1, "value":"-", "encoding":"UTF-8", "flags":{"wb_protected":true, "old":true, "marked":true}}
{"address":"0x7fc96c051670", "type":"STRING", "class":"0x7fc96c801668", "frozen":true, "embedded":true, "fstring":true, "bytesize":16, "value":"RUBYGEMS_GEMDEPS", "encoding":"UTF-8", "flags":{"wb_protected":true, "old":true, "marked":true}}
{"address":"0x7fc96c051698", "type":"DATA", "class":"0x7fc96c833488", "struct":"iseq", "references":["0x7fc96c0511c0", "0x7fc96c803be8", "0x7fc96c803be8", "0x7fc96d023aa8", "0x7fc96d023aa8", "0x7fc96c051620", "0x7fc96c0451e0"], "memsize":7904, "flags":{"wb_protected":true, "old":true, "marked":true}}
{"address":"0x7fc96c0516e8", "type":"NODE", "node_type":"NODE_CREF", "references":["0x7fc96c82a590", "0x7fc96c047878"], "flags":{"wb_protected":true, "old":true, "marked":true}}
{"address":"0x7fc96c051710", "type":"DATA", "class":"0x7fc96c833488", "struct":"iseq", "references":["0x7fc96c051350", "0x7fc96c037400", "0x7fc96c037400", "0x7fc96c822f98", "0x7fc96c822f98", "0x7fc96c0516e8", "0x7fc96c8819a8"], "memsize":4200, "flags":{"wb_protected":true, "old":true, "marked":true}}
{"address":"0x7fc96c051738", "type":"STRING", "class":"0x7fc96c801668", "frozen":true, "fstring":true, "bytesize":50, "value":"-$Id: locale.rb 38358 2012-12-13 05:22:30Z zzak $-", "encoding":"UTF-8", "memsize":51, "flags":{"wb_protected":true, "old":true, "marked":true}}
{"address":"0x7fc96c051760", "type":"ARRAY", "length":2, "embedded":true, "references":["0x7fc96c0519b8", "0x7fc96c051af8"], "flags":{"wb_protected":true, "old":true, "marked":true}}
{"address":"0x7fc96c0517b0", "type":"DATA", "class":"0x7fc96c833488", "struct":"iseq", "references":["0x7fc96c0517d8", "0x7fc96c8b1338", "0x7fc96d814c58", "0x7fc96d814c58", "0x7fc96c051940"], "memsize":720, "flags":{"wb_protected":true, "old":true, "marked":true}}
{"address":"0x7fc96c0517d8", "type":"STRING", "class":"0x7fc96c801668", "frozen":true, "fstring":true, "bytesize":19, "capacity":120, "value":"block in set_prompt", "memsize":121, "flags":{"wb_protected":true, "old":true, "marked":true}}
{"address":"0x7fc96c051800", "type":"ARRAY", "length":1, "embedded":true, "references":["0x7fc96c0518c8"], "flags":{"wb_protected":true, "old":true, "marked":true}}
{"address":"0x7fc96c0518c8", "type":"DATA", "class":"0x7fc96c833488", "struct":"iseq", "references":["0x7fc96c0518f0", "0x7fc96c02c280", "0x7fc96c822f98", "0x7fc96c822f98", "0x7fc96c051a80"], "memsize":1320, "flags":{"wb_protected":true, "old":true, "marked":true}}
{"address":"0x7fc96c0518f0", "type":"STRING", "class":"0x7fc96c801668", "frozen":true, "fstring":true, "bytesize":36, "capacity":120, "value":"block (2 levels) in load_env_plugins", "memsize":121, "flags":{"wb_protected":true, "old":true, "marked":true}}
{"address":"0x7fc96c051940", "type":"NODE", "node_type":"NODE_CREF", "references":["0x7fc96c88a7d8", "0x7fc96c0583d0"], "flags":{"wb_protected":true, "old":true, "marked":true}}
{"address":"0x7fc96c051990", "type":"DATA", "class":"0x7fc96c833488", "struct":"iseq", "references":["0x7fc96c0515a8", "0x7fc96c8b1338", "0x7fc96c8b1338", "0x7fc96d814c58", "0x7fc96d814c58", "0x7fc96c051940", "0x7fc96c88a7d8"], "memsize":1728, "flags":{"wb_protected":true, "old":true, "marked":true}}
{"address":"0x7fc96c0519b8", "type":"DATA", "class":"0x7fc96c833488", "struct":"iseq", "references":["0x7fc96c051800", "0x7fc96c0519e0", "0x7fc96c02c280", "0x7fc96c822f98", "0x7fc96c822f98", "0x7fc96c051a80"], "memsize":1832, "flags":{"wb_protected":true, "old":true, "marked":true}}
{"address":"0x7fc96c0519e0", "type":"STRING", "class":"0x7fc96c801668", "frozen":true, "fstring":true, "bytesize":25, "capacity":120, "value":"block in load_env_plugins", "memsize":121, "flags":{"wb_protected":true, "old":true, "marked":true}}
{"address":"0x7fc96c051a30", "type":"NODE", "node_type":"NODE_CREF", "references":["0x7fc96c8698a8", "0x7fc96c051c88"], "flags":{"wb_protected":true, "old":true, "marked":true}}
{"address":"0x7fc96c051a58", "type":"NODE", "node_type":"NODE_CREF", "references":["0x7fc96c88a7d8", "0x7fc96c0583d0"], "flags":{"wb_protected":true, "old":true, "marked":true}}
{"address":"0x7fc96c051a80", "type":"NODE", "node_type":"NODE_CREF", "references":["0x7fc96c82a590", "0x7fc96c047878"], "flags":{"wb_protected":true, "old":true, "marked":true}}
{"address":"0x7fc96c051aa8", "type":"DATA", "class":"0x7fc96c833488", "struct":"iseq", "references":["0x7fc96c051760", "0x7fc96c02c280", "0x7fc96c02c280", "0x7fc96c822f98", "0x7fc96c822f98", "0x7fc96c051a80", "0x7fc96c8819a8"], "memsize":1152, "flags":{"wb_protected":true, "old":true, "marked":true}}
{"address":"0x7fc96c051ad0", "type":"ARRAY", "length":3, "embedded":true, "references":["0x7fc96c051b20", "0x7fc96c051af8", "0x7fc96c051af8"], "flags":{"wb_protected":true, "old":true, "marked":true}}
{"address":"0x7fc96c051af8", "type":"STRING", "class":"0x7fc96c801668", "frozen":true, "embedded":true, "fstring":true, "bytesize":15, "value":"rubygems_plugin", "encoding":"UTF-8", "flags":{"wb_protected":true, "old":true, "marked":true}}
{"address":"0x7fc96c051b20", "type":"STRING", "class":"0x7fc96c801668", "frozen":true, "fstring":true, "bytesize":25, "value":"RUBYGEMS_LOAD_ALL_PLUGINS", "encoding":"UTF-8", "memsize":26, "flags":{"wb_protected":true, "old":true, "marked":true}}
{"address":"0x7fc96c051b48", "type":"DATA", "class":"0x7fc96c833488", "struct":"iseq", "references":["0x7fc96c8a35a8", "0x7fc96c8a35a8", "0x7fc96d814c58", "0x7fc96d814c58", "0x7fc96c051a58", "0x7fc96c88a7d8"], "memsize":1792, "flags":{"wb_protected":true, "old":true, "marked":true}}
{"address":"0x7fc96c051b98", "type":"NODE", "node_type":"NODE_CREF", "references":["0x7fc96c82a590", "0x7fc96c047878"], "flags":{"wb_protected":true, "old":true, "marked":true}}
{"address":"0x7fc96c051bc0", "type":"DATA", "class":"0x7fc96c833488", "struct":"iseq", "references":["0x7fc96c051ad0", "0x7fc96c02c938", "0x7fc96c02c938", "0x7fc96c822f98", "0x7fc96c822f98", "0x7fc96c051b98", "0x7fc96c8819a8"], "memsize":1688, "flags":{"wb_protected":true, "old":true, "marked":true}}
{"address":"0x7fc96c051c10", "type":"ARRAY", "length":1, "embedded":true, "references":["0x7fc96c051ee0"], "flags":{"wb_protected":true, "old":true, "marked":true}}
{"address":"0x7fc96c051c88", "type":"NODE", "node_type":"NODE_CREF", "references":["0x7fc96c803788"], "flags":{"wb_protected":true, "old":true, "marked":true}}
{"address":"0x7fc96c051cd8", "type":"ARRAY", "length":3, "embedded":true, "references":["0x7fc96c051e18", "0x7fc96c02d518", "0x7fc96c051e18"], "flags":{"wb_protected":true, "old":true, "marked":true}}
{"address":"0x7fc96c051d00", "type":"ARRAY", "length":5, "references":["0x7fc96c803788", "0x7fc96c051d78", "0x7fc96c046d38", "0x7fc96c046d10", "0x7fc96c051d28"], "memsize":160, "flags":{"wb_protected":true, "old":true, "marked":true}}
{"address":"0x7fc96c051d28", "type":"STRING", "class":"0x7fc96c801668", "frozen":true, "fstring":true, "bytesize":30, "value":"Error loading RubyGems plugin ", "encoding":"UTF-8", "memsize":31, "flags":{"wb_protected":true, "old":true, "marked":true}}
{"address":"0x7fc96c051d78", "type":"STRING", "class":"0x7fc96c801668", "frozen":true, "embedded":true, "fstring":true, "bytesize":2, "value":": ", "encoding":"UTF-8", "flags":{"wb_protected":true, "old":true, "marked":true}}
{"address":"0x7fc96c051da0", "type":"NODE", "node_type":"NODE_CREF", "references":["0x7fc96c88a7d8", "0x7fc96c0583d0"], "flags":{"wb_protected":true, "old":true, "marked":true}}
{"address":"0x7fc96c051dc8", "type":"DATA", "class":"0x7fc96c833488", "struct":"iseq", "references":["0x7fc96c839a68", "0x7fc96c839a68", "0x7fc96d814c58", "0x7fc96d814c58", "0x7fc96c051da0", "0x7fc96c88a7d8"], "memsize":1848, "flags":{"wb_protected":true, "old":true, "marked":true}}
{"address":"0x7fc96c051df0", "type":"STRING", "class":"0x7fc96c801668", "frozen":true, "embedded":true, "fstring":true, "bytesize":5, "value":"@type", "encoding":"US-ASCII", "flags":{"wb_protected":true, "old":true, "marked":true}}
{"address":"0x7fc96c051e18", "type":"DATA", "class":"0x7fc96c833488", "struct":"iseq", "references":["0x7fc96c051d00", "0x7fc96c051e40", "0x7fc96c02d838", "0x7fc96c822f98", "0x7fc96c822f98", "0x7fc96c051fa8"], "memsize":1872, "flags":{"wb_protected":true, "old":true, "marked":true}}
{"address":"0x7fc96c051e40", "type":"STRING", "class":"0x7fc96c801668", "frozen":true, "fstring":true, "bytesize":36, "capacity":48, "value":"rescue in block in load_plugin_files", "memsize":49, "flags":{"wb_protected":true, "old":true, "marked":true}}
{"address":"0x7fc96c051e68", "type":"ARRAY", "length":1, "embedded":true, "references":["0x7fc96c0527c8"], "flags":{"wb_protected":true, "old":true, "marked":true}}
{"address":"0x7fc96c051ee0", "type":"DATA", "class":"0x7fc96c833488", "struct":"iseq", "references":["0x7fc96c051cd8", "0x7fc96c051f08", "0x7fc96c02d838", "0x7fc96c822f98", "0x7fc96c822f98", "0x7fc96c051fa8"], "memsize":1288, "flags":{"wb_protected":true, "old":true, "marked":true}}
{"address":"0x7fc96c051f08", "type":"STRING", "class":"0x7fc96c801668", "frozen":true, "fstring":true, "bytesize":26, "capacity":120, "value":"block in load_plugin_files", "memsize":121, "flags":{"wb_protected":true, "old":true, "marked":true}}
{"address":"0x7fc96c051f30", "type":"STRING", "class":"0x7fc96c801668", "frozen":true, "embedded":true, "fstring":true, "bytesize":2, "value":"cv", "encoding":"US-ASCII", "flags":{"wb_protected":true, "old":true, "marked":true}}
{"address":"0x7fc96c051f80", "type":"STRING", "class":"0x7fc96c801668", "frozen":true, "embedded":true, "fstring":true, "bytesize":17, "value":"requirements_list", "encoding":"US-ASCII", "flags":{"wb_protected":true, "old":true, "marked":true}}
{"address":"0x7fc96c051fa8", "type":"NODE", "node_type":"NODE_CREF", "references":["0x7fc96c82a590", "0x7fc96c047878"], "flags":{"wb_protected":true, "old":true, "marked":true}}
{"address":"0x7fc96c051fd0", "type":"DATA", "class":"0x7fc96c833488", "struct":"iseq", "references":["0x7fc96c051c10", "0x7fc96c02d838", "0x7fc96c02d838", "0x7fc96c822f98", "0x7fc96c822f98", "0x7fc96c051fa8", "0x7fc96c8819a8"], "memsize":688, "flags":{"wb_protected":true, "old":true, "marked":true}}
{"address":"0x7fc96c052020", "type":"ARRAY", "length":2, "embedded":true, "references":["0x7fc96c0520e8", "0x7fc96c052160"], "flags":{"wb_protected":true, "old":true, "marked":true}}
{"address":"0x7fc96c052048", "type":"NODE", "node_type":"NODE_CREF", "references":["0x7fc96c88a7d8", "0x7fc96c0583d0"], "flags":{"wb_protected":true, "old":true, "marked":true}}
{"address":"0x7fc96c052070", "type":"DATA", "class":"0x7fc96c833488", "struct":"iseq", "references":["0x7fc96c051e68", "0x7fc96c89be98", "0x7fc96c89be98", "0x7fc96d814c58", "0x7fc96d814c58", "0x7fc96c052048", "0x7fc96c88a7d8"], "memsize":1800, "flags":{"wb_protected":true, "old":true, "marked":true}}
{"address":"0x7fc96c0520c0", "type":"ARRAY", "length":1, "embedded":true, "references":["0x7fc96c8a06c8"], "flags":{"wb_protected":true, "old":true, "marked":true}}
{"address":"0x7fc96c0520e8", "type":"DATA", "class":"0x7fc96c833488", "struct":"iseq", "references":["0x7fc96c052110", "0x7fc96c02dfe0", "0x7fc96c822f98", "0x7fc96c822f98", "0x7fc96c0521d8"], "memsize":744, "flags":{"wb_protected":true, "old":true, "marked":true}}
{"address":"0x7fc96c052110", "type":"STRING", "class":"0x7fc96c801668", "frozen":true, "fstring":true, "bytesize":22, "capacity":120, "value":"block in win_platform?", "memsize":121, "flags":{"wb_protected":true, "old":true, "marked":true}}
{"address":"0x7fc96c052160", "type":"STRING", "class":"0x7fc96c801668", "frozen":true, "embedded":true, "fstring":true, "bytesize":7, "value":"host_os", "encoding":"UTF-8", "flags":{"wb_protected":true, "old":true, "marked":true}}
{"address":"0x7fc96c0521d8", "type":"NODE", "node_type":"NODE_CREF", "references":["0x7fc96c82a590", "0x7fc96c047878"], "flags":{"wb_protected":true, "old":true, "marked":true}}
{"address":"0x7fc96c052200", "type":"DATA", "class":"0x7fc96c833488", "struct":"iseq", "references":["0x7fc96c052020", "0x7fc96c02dfe0", "0x7fc96c02dfe0", "0x7fc96c822f98", "0x7fc96c822f98", "0x7fc96c0521d8", "0x7fc96c8819a8"], "memsize":1848, "flags":{"wb_protected":true, "old":true, "marked":true}}
{"address":"0x7fc96c052278", "type":"NODE", "node_type":"NODE_CREF", "references":["0x7fc96c82a590", "0x7fc96c047878"], "flags":{"wb_protected":true, "old":true, "marked":true}}
{"address":"0x7fc96c0522a0", "type":"DATA", "class":"0x7fc96c833488", "struct":"iseq", "references":["0x7fc96c812378", "0x7fc96c812378", "0x7fc96c822f98", "0x7fc96c822f98", "0x7fc96c052278", "0x7fc96c8819a8"], "memsize":1096, "flags":{"wb_protected":true, "old":true, "marked":true}}
{"address":"0x7fc96c0522c8", "type":"ARRAY", "length":2, "embedded":true, "references":["0x7fc96c02e620", "0x7fc96c02e508"], "flags":{"wb_protected":true, "old":true, "marked":true}}
{"address":"0x7fc96c052340", "type":"NODE", "node_type":"NODE_CREF", "references":["0x7fc96c82a590", "0x7fc96c047878"], "flags":{"wb_protected":true, "old":true, "marked":true}}
{"address":"0x7fc96c052368", "type":"DATA", "class":"0x7fc96c833488", "struct":"iseq", "references":["0x7fc96c0522c8", "0x7fc96c02eb48", "0x7fc96c02eb48", "0x7fc96c822f98", "0x7fc96c822f98", "0x7fc96c052340", "0x7fc96c8819a8"], "memsize":2096, "flags":{"wb_protected":true, "old":true, "marked":true}}
{"address":"0x7fc96c052390", "type":"ARRAY", "length":1, "embedded":true, "references":["0x7fc96c0523b8"], "flags":{"wb_protected":true, "old":true, "marked":true}}
{"address":"0x7fc96c0523b8", "type":"STRING", "class":"0x7fc96c801668", "frozen":true, "fstring":true, "bytesize":25, "value":"rubygems/user_interaction", "encoding":"UTF-8", "memsize":26, "flags":{"wb_protected":true, "old":true, "marked":true}}
{"address":"0x7fc96c0523e0", "type":"NODE", "node_type":"NODE_CREF", "references":["0x7fc96c88a7d8", "0x7fc96c0583d0"], "flags":{"wb_protected":true, "old":true, "marked":true}}
{"address":"0x7fc96c052430", "type":"NODE", "node_type":"NODE_CREF", "references":["0x7fc96c82a590", "0x7fc96c047878"], "flags":{"wb_protected":true, "old":true, "marked":true}}
{"address":"0x7fc96c052458", "type":"DATA", "class":"0x7fc96c833488", "struct":"iseq", "references":["0x7fc96c052390", "0x7fc96c02f4a8", "0x7fc96c02f4a8", "0x7fc96c822f98", "0x7fc96c822f98", "0x7fc96c052430", "0x7fc96c8819a8"], "memsize":1016, "flags":{"wb_protected":true, "old":true, "marked":true}}
{"address":"0x7fc96c052480", "type":"ARRAY", "length":1, "embedded":true, "references":["0x7fc96c0524a8"], "flags":{"wb_protected":true, "old":true, "marked":true}}
{"address":"0x7fc96c0524a8", "type":"STRING", "class":"0x7fc96c801668", "frozen":true, "embedded":true, "fstring":true, "bytesize":17, "value":"%2$*1$s: %3$3.3fs", "encoding":"UTF-8", "flags":{"wb_protected":true, "old":true, "marked":true}}
{"address":"0x7fc96c0524f8", "type":"DATA", "class":"0x7fc96c833488", "struct":"iseq", "references":["0x7fc96c0520c0", "0x7fc96c8a0830", "0x7fc96c8a0830", "0x7fc96d814c58", "0x7fc96d814c58", "0x7fc96c0523e0", "0x7fc96c88a7d8"], "memsize":2568, "flags":{"wb_protected":true, "old":true, "marked":true}}
{"address":"0x7fc96c052520", "type":"STRING", "class":"0x7fc96c801668", "frozen":true, "embedded":true, "fstring":true, "bytesize":17, "value":"@back_trace_limit", "encoding":"US-ASCII", "flags":{"wb_protected":true, "old":true, "marked":true}}
{"address":"0x7fc96c052548", "type":"NODE", "node_type":"NODE_CREF", "references":["0x7fc96c82a590", "0x7fc96c047878"], "flags":{"wb_protected":true, "old":true, "marked":true}}
{"address":"0x7fc96c052570", "type":"DATA", "class":"0x7fc96c833488", "struct":"iseq", "references":["0x7fc96c052480", "0x7fc96c02fa20", "0x7fc96c02fa20", "0x7fc96c822f98", "0x7fc96c822f98", "0x7fc96c052548", "0x7fc96c8819a8"], "memsize":3032, "flags":{"wb_protected":true, "old":true, "marked":true}}
{"address":"0x7fc96c0525c0", "type":"STRING", "class":"0x7fc96c801668", "frozen":true, "embedded":true, "fstring":true, "bytesize":6, "value":"DLEXT2", "encoding":"UTF-8", "flags":{"wb_protected":true, "old":true, "marked":true}}
{"address":"0x7fc96c0525e8", "type":"STRING", "class":"0x7fc96c801668", "frozen":true, "embedded":true, "fstring":true, "bytesize":5, "value":"DLEXT", "encoding":"UTF-8", "flags":{"wb_protected":true, "old":true, "marked":true}}
{"address":"0x7fc96c052610", "type":"ARRAY", "length":5, "references":["0x7fc96c052728", "0x7fc96c0527c8", "0x7fc96c0527a0", "0x7fc96c0525e8", "0x7fc96c0525c0"], "memsize":160, "flags":{"wb_protected":true, "old":true, "marked":true}}
{"address":"0x7fc96c052638", "type":"ARRAY", "length":1, "embedded":true, "references":["0x7fc96c053df8"], "flags":{"wb_protected":true, "old":true, "marked":true}}
{"address":"0x7fc96c052660", "type":"ARRAY", "length":2, "embedded":true, "references":["0x7fc96d801978", "0x7fc96d801978"], "flags":{"wb_protected":true, "old":true, "marked":true}}
{"address":"0x7fc96c052700", "type":"NODE", "node_type":"NODE_CREF", "references":["0x7fc96c88a7d8", "0x7fc96c0583d0"], "flags":{"wb_protected":true, "old":true, "marked":true}}
{"address":"0x7fc96c052728", "type":"DATA", "class":"0x7fc96c833488", "struct":"iseq", "references":["0x7fc96c052638", "0x7fc96c052750", "0x7fc96c020930", "0x7fc96c822f98", "0x7fc96c822f98", "0x7fc96c052840"], "memsize":1632, "flags":{"wb_protected":true, "old":true, "marked":true}}
{"address":"0x7fc96c052750", "type":"STRING", "class":"0x7fc96c801668", "frozen":true, "fstring":true, "bytesize":17, "capacity":120, "value":"block in suffixes", "memsize":121, "flags":{"wb_protected":true, "old":true, "marked":true}}
{"address":"0x7fc96c052778", "type":"DATA", "class":"0x7fc96c833488", "struct":"iseq", "references":["0x7fc96c052660", "0x7fc96c843108", "0x7fc96c843108", "0x7fc96d814c58", "0x7fc96d814c58", "0x7fc96c052700", "0x7fc96c88a7d8"], "memsize":4536, "flags":{"wb_protected":true, "old":true, "marked":true}}
{"address":"0x7fc96c0527a0", "type":"STRING", "class":"0x7fc96c801668", "frozen":true, "embedded":true, "fstring":true, "bytesize":3, "value":".rb", "encoding":"UTF-8", "flags":{"wb_protected":true, "old":true, "marked":true}}
{"address":"0x7fc96c0527c8", "type":"STRING", "class":"0x7fc96c801668", "frozen":true, "embedded":true, "fstring":true, "bytesize":0, "value":"", "encoding":"UTF-8", "flags":{"wb_protected":true, "old":true, "marked":true}}
{"address":"0x7fc96c052840", "type":"NODE", "node_type":"NODE_CREF", "references":["0x7fc96c82a590", "0x7fc96c047878"], "flags":{"wb_protected":true, "old":true, "marked":true}}
{"address":"0x7fc96c052868", "type":"DATA", "class":"0x7fc96c833488", "struct":"iseq", "references":["0x7fc96c052610", "0x7fc96c020930", "0x7fc96c020930", "0x7fc96c822f98", "0x7fc96c822f98", "0x7fc96c052840", "0x7fc96c8819a8"], "memsize":1536, "flags":{"wb_protected":true, "old":true, "marked":true}}
{"address":"0x7fc96c052890", "type":"ARRAY", "length":3, "embedded":true, "references":["0x7fc96c052908", "0x7fc96c0528e0", "0x7fc96c0528b8"], "flags":{"wb_protected":true, "old":true, "marked":true}}
{"address":"0x7fc96c0528b8", "type":"STRING", "class":"0x7fc96c801668", "frozen":true, "embedded":true, "fstring":true, "bytesize":1, "value":"}", "encoding":"UTF-8", "flags":{"wb_protected":true, "old":true, "marked":true}}
{"address":"0x7fc96c0528e0", "type":"STRING", "class":"0x7fc96c801668", "frozen":true, "embedded":true, "fstring":true, "bytesize":1, "value":",", "encoding":"UTF-8", "flags":{"wb_protected":true, "old":true, "marked":true}}
{"address":"0x7fc96c052908", "type":"STRING", "class":"0x7fc96c801668", "frozen":true, "embedded":true, "fstring":true, "bytesize":1, "value":"{", "encoding":"UTF-8", "flags":{"wb_protected":true, "old":true, "marked":true}}
{"address":"0x7fc96c052980", "type":"NODE", "node_type":"NODE_CREF", "references":["0x7fc96c82a590", "0x7fc96c047878"], "flags":{"wb_protected":true, "old":true, "marked":true}}
{"address":"0x7fc96c0529a8", "type":"DATA", "class":"0x7fc96c833488", "struct":"iseq", "references":["0x7fc96c052890", "0x7fc96c809750", "0x7fc96c809750", "0x7fc96c822f98", "0x7fc96c822f98", "0x7fc96c052980", "0x7fc96c8819a8"], "memsize":1240, "flags":{"wb_protected":true, "old":true, "marked":true}}
{"address":"0x7fc96c0529d0", "type":"NODE", "node_type":"NODE_CREF", "references":["0x7fc96c88a7d8", "0x7fc96c0583d0"], "flags":{"wb_protected":true, "old":true, "marked":true}}
{"address":"0x7fc96c0529f8", "type":"DATA", "class":"0x7fc96c833488", "struct":"iseq", "references":["0x7fc96c8a1ca8", "0x7fc96c8a1ca8", "0x7fc96d814c58", "0x7fc96d814c58", "0x7fc96c0529d0", "0x7fc96c88a7d8"], "memsize":952, "flags":{"wb_protected":true, "old":true, "marked":true}}
{"address":"0x7fc96c052a20", "type":"NODE", "node_type":"NODE_CREF", "references":["0x7fc96c82a590", "0x7fc96c047878"], "flags":{"wb_protected":true, "old":true, "marked":true}}
{"address":"0x7fc96c052a48", "type":"DATA", "class":"0x7fc96c833488", "struct":"iseq", "references":["0x7fc96c020ef8", "0x7fc96c020ef8", "0x7fc96c822f98", "0x7fc96c822f98", "0x7fc96c052a20", "0x7fc96c8819a8"], "memsize":1328, "flags":{"wb_protected":true, "old":true, "marked":true}}
{"address":"0x7fc96c052ac0", "type":"NODE", "node_type":"NODE_CREF", "references":["0x7fc96c82a590", "0x7fc96c047878"], "flags":{"wb_protected":true, "old":true, "marked":true}}
{"address":"0x7fc96c052ae8", "type":"DATA", "class":"0x7fc96c833488", "struct":"iseq", "references":["0x7fc96c021358", "0x7fc96c021358", "0x7fc96c822f98", "0x7fc96c822f98", "0x7fc96c052ac0", "0x7fc96c8819a8"], "memsize":1264, "flags":{"wb_protected":true, "old":true, "marked":true}}
{"address":"0x7fc96c052b10", "type":"NODE", "node_type":"NODE_CREF", "references":["0x7fc96c88a7d8", "0x7fc96c0583d0"], "flags":{"wb_protected":true, "old":true, "marked":true}}
{"address":"0x7fc96c052b38", "type":"DATA", "class":"0x7fc96c833488", "struct":"iseq", "references":["0x7fc96c842f78", "0x7fc96c842f78", "0x7fc96d814c58", "0x7fc96d814c58", "0x7fc96c052b10", "0x7fc96c88a7d8"], "memsize":672, "flags":{"wb_protected":true, "old":true, "marked":true}}
{"address":"0x7fc96c052b60", "type":"NODE", "node_type":"NODE_CREF", "references":["0x7fc96c82a590", "0x7fc96c047878"], "flags":{"wb_protected":true, "old":true, "marked":true}}
{"address":"0x7fc96c052b88", "type":"DATA", "class":"0x7fc96c833488", "struct":"iseq", "references":["0x7fc96c021830", "0x7fc96c021830", "0x7fc96c822f98", "0x7fc96c822f98", "0x7fc96c052b60", "0x7fc96c8819a8"], "memsize":1376, "flags":{"wb_protected":true, "old":true, "marked":true}}
{"address":"0x7fc96c052bb0", "type":"ARRAY", "length":2, "embedded":true, "references":["0x7fc96c053df8", "0x7fc96c052bd8"], "flags":{"wb_protected":true, "old":true, "marked":true}}
{"address":"0x7fc96c052bd8", "type":"STRING", "class":"0x7fc96c801668", "frozen":true, "embedded":true, "fstring":true, "bytesize":5, "value":".dev.", "encoding":"UTF-8", "flags":{"wb_protected":true, "old":true, "marked":true}}
{"address":"0x7fc96c052c00", "type":"ARRAY", "length":3, "embedded":true, "references":["0x7fc96c0527c8", "0x7fc96d801978", "0x7fc96c0527c8"], "flags":{"wb_protected":true, "old":true, "marked":true}}
{"address":"0x7fc96c052c50", "type":"NODE", "node_type":"NODE_CREF", "references":["0x7fc96c82a590", "0x7fc96c047878"], "flags":{"wb_protected":true, "old":true, "marked":true}}
{"address":"0x7fc96c052c78", "type":"DATA", "class":"0x7fc96c833488", "struct":"iseq", "references":["0x7fc96c052bb0", "0x7fc96c022370", "0x7fc96c022370", "0x7fc96c822f98", "0x7fc96c822f98", "0x7fc96c052c50", "0x7fc96c8819a8"], "memsize":3376, "flags":{"wb_protected":true, "old":true, "marked":true}}
{"address":"0x7fc96c052cf0", "type":"NODE", "node_type":"NODE_CREF", "references":["0x7fc96c82a590", "0x7fc96c047878"], "flags":{"wb_protected":true, "old":true, "marked":true}}
{"address":"0x7fc96c052d18", "type":"DATA", "class":"0x7fc96c833488", "struct":"iseq", "references":["0x7fc96c022ac8", "0x7fc96c022ac8", "0x7fc96c822f98", "0x7fc96c822f98", "0x7fc96c052cf0", "0x7fc96c8819a8"], "memsize":1008, "flags":{"wb_protected":true, "old":true, "marked":true}}
{"address":"0x7fc96c052d40", "type":"ARRAY", "length":2, "embedded":true, "references":["0x7fc96c052d90", "0x7fc96c052d68"], "flags":{"wb_protected":true, "old":true, "marked":true}}
{"address":"0x7fc96c052d68", "type":"STRING", "class":"0x7fc96c801668", "frozen":true, "fstring":true, "bytesize":66, "value":"Can't find 'rubygems-update' in any repo. Check `gem source list`.", "encoding":"UTF-8", "memsize":67, "flags":{"wb_protected":true, "old":true, "marked":true}}
{"address":"0x7fc96c052d90", "type":"STRING", "class":"0x7fc96c801668", "frozen":true, "embedded":true, "fstring":true, "bytesize":15, "value":"rubygems-update", "encoding":"UTF-8", "flags":{"wb_protected":true, "old":true, "marked":true}}
{"address":"0x7fc96c052e08", "type":"NODE", "node_type":"NODE_CREF", "references":["0x7fc96c82a590", "0x7fc96c047878"], "flags":{"wb_protected":true, "old":true, "marked":true}}
{"address":"0x7fc96c052e30", "type":"DATA", "class":"0x7fc96c833488", "struct":"iseq", "references":["0x7fc96c052d40", "0x7fc96c022b40", "0x7fc96c022b40", "0x7fc96c822f98", "0x7fc96c822f98", "0x7fc96c052e08", "0x7fc96c8819a8"], "memsize":920, "flags":{"wb_protected":true, "old":true, "marked":true}}
{"address":"0x7fc96c052e80", "type":"NODE", "node_type":"NODE_CREF", "references":["0x7fc96c88a7d8", "0x7fc96c0583d0"], "flags":{"wb_protected":true, "old":true, "marked":true}}
{"address":"0x7fc96c052ea8", "type":"NODE", "node_type":"NODE_CREF", "references":["0x7fc96c82a590", "0x7fc96c047878"], "flags":{"wb_protected":true, "old":true, "marked":true}}
{"address":"0x7fc96c052ed0", "type":"DATA", "class":"0x7fc96c833488", "struct":"iseq", "references":["0x7fc96c023388", "0x7fc96c023388", "0x7fc96c822f98", "0x7fc96c822f98", "0x7fc96c052ea8", "0x7fc96c8819a8"], "memsize":1952, "flags":{"wb_protected":true, "old":true, "marked":true}}
{"address":"0x7fc96c052ef8", "type":"ARRAY", "length":1, "embedded":true, "references":["0x7fc96c052f20"], "flags":{"wb_protected":true, "old":true, "marked":true}}
{"address":"0x7fc96c052f20", "type":"STRING", "class":"0x7fc96c801668", "frozen":true, "embedded":true, "fstring":true, "bytesize":12, "value":"ruby_version", "encoding":"UTF-8", "flags":{"wb_protected":true, "old":true, "marked":true}}
{"address":"0x7fc96c052f48", "type":"DATA", "class":"0x7fc96c833488", "struct":"iseq", "references":["0x7fc96c052c00", "0x7fc96c803d28", "0x7fc96c803d28", "0x7fc96d814c58", "0x7fc96d814c58", "0x7fc96c052e80", "0x7fc96c88a7d8"], "memsize":2376, "flags":{"wb_protected":true, "old":true, "marked":true}}
{"address":"0x7fc96c052f70", "type":"ARRAY", "length":1, "embedded":true, "references":["0x7fc96d801978"], "flags":{"wb_protected":true, "old":true, "marked":true}}
{"address":"0x7fc96c052f98", "type":"NODE", "node_type":"NODE_CREF", "references":["0x7fc96c82a590", "0x7fc96c047878"], "flags":{"wb_protected":true, "old":true, "marked":true}}
{"address":"0x7fc96c052fc0", "type":"DATA", "class":"0x7fc96c833488", "struct":"iseq", "references":["0x7fc96c052ef8", "0x7fc96c80a218", "0x7fc96c80a218", "0x7fc96c822f98", "0x7fc96c822f98", "0x7fc96c052f98", "0x7fc96c8819a8"], "memsize":1280, "flags":{"wb_protected":true, "old":true, "marked":true}}
{"address":"0x7fc96c052fe8", "type":"ARRAY", "length":6, "references":["0x7fc96c053088", "0x7fc96c053060", "0x7fc96c053038", "0x7fc96c023b08", "0x7fc96c053010", "0x7fc96c053010"], "memsize":160, "flags":{"wb_protected":true, "old":true, "marked":true}}
{"address":"0x7fc96c053010", "type":"STRING", "class":"0x7fc96c801668", "frozen":true, "embedded":true, "fstring":true, "bytesize":1, "value":"\"", "encoding":"UTF-8", "flags":{"wb_protected":true, "old":true, "marked":true}}
{"address":"0x7fc96c053038", "type":"STRING", "class":"0x7fc96c801668", "frozen":true, "embedded":true, "fstring":true, "bytesize":6, "value":"EXEEXT", "encoding":"UTF-8", "flags":{"wb_protected":true, "old":true, "marked":true}}
{"address":"0x7fc96c053060", "type":"STRING", "class":"0x7fc96c801668", "frozen":true, "embedded":true, "fstring":true, "bytesize":17, "value":"ruby_install_name", "encoding":"UTF-8", "flags":{"wb_protected":true, "old":true, "marked":true}}
{"address":"0x7fc96c053088", "type":"STRING", "class":"0x7fc96c801668", "frozen":true, "embedded":true, "fstring":true, "bytesize":6, "value":"bindir", "encoding":"UTF-8", "flags":{"wb_protected":true, "old":true, "marked":true}}
{"address":"0x7fc96c053100", "type":"NODE", "node_type":"NODE_CREF", "references":["0x7fc96c82a590", "0x7fc96c047878"], "flags":{"wb_protected":true, "old":true, "marked":true}}
{"address":"0x7fc96c053128", "type":"DATA", "class":"0x7fc96c833488", "struct":"iseq", "references":["0x7fc96c052fe8", "0x7fc96c808968", "0x7fc96c808968", "0x7fc96c822f98", "0x7fc96c822f98", "0x7fc96c053100", "0x7fc96c8819a8"], "memsize":2896, "flags":{"wb_protected":true, "old":true, "marked":true}}
{"address":"0x7fc96c0531c8", "type":"STRING", "class":"0x7fc96c801668", "frozen":true, "embedded":true, "fstring":true, "bytesize":3, "value":"rb+", "encoding":"UTF-8", "flags":{"wb_protected":true, "old":true, "marked":true}}
{"address":"0x7fc96c0531f0", "type":"STRING", "class":"0x7fc96c801668", "frozen":true, "bytesize":80, "value":"/Users/antoine/.rvm/gems/ruby-2.0.0-p247/specifications/mixlib-cli-1.3.0.gemspec", "encoding":"UTF-8", "memsize":81, "flags":{"wb_protected":true, "old":true, "marked":true}}
{"address":"0x7fc96c053218", "type":"ARRAY", "class":"0x7fc96c84a048", "length":0, "flags":{"wb_protected":true, "old":true, "marked":true}}
{"address":"0x7fc96c053240", "type":"OBJECT", "class":"0x7fc96d077a68", "ivars":14, "references":["0x7fc96c8290c8", "0x7fc96c881e80", "0x7fc96c8821c8", "0x7fc96c882330", "0x7fc96c044650", "0x7fc96c053218", "0x7fc96c044650", "0x7fc96c8c82e0", "0x7fc96c03e4d0", "0x7fc96c03e480", "0x7fc96c03d8f0"], "memsize":112, "flags":{"wb_protected":true, "old":true, "marked":true}}
{"address":"0x7fc96c053268", "type":"STRING", "class":"0x7fc96c801668", "frozen":true, "bytesize":27, "capacity":48, "value":"mixlib-authentication-1.3.0", "encoding":"UTF-8", "memsize":49, "flags":{"wb_protected":true, "old":true, "marked":true}}
{"address":"0x7fc96c053290", "type":"DATA", "class":"0x7fc96c833488", "struct":"iseq", "references":["0x7fc96c053420", "0x7fc96c80a600", "0x7fc96c822f98", "0x7fc96c822f98", "0x7fc96c053588"], "memsize":1136, "flags":{"wb_protected":true, "old":true, "marked":true}}
{"address":"0x7fc96c0532b8", "type":"NODE", "node_type":"NODE_CREF", "references":["0x7fc96c88a7d8", "0x7fc96c0583d0"], "flags":{"wb_protected":true, "old":true, "marked":true}}
{"address":"0x7fc96c0532e0", "type":"ARRAY", "length":4, "references":["0x7fc96c0534c0", "0x7fc96c053290", "0x7fc96c0531c8", "0x7fc96c0534c0"], "memsize":160, "flags":{"wb_protected":true, "old":true, "marked":true}}
{"address":"0x7fc96c053308", "type":"DATA", "class":"0x7fc96c833488", "struct":"iseq", "references":["0x7fc96c052f70", "0x7fc96c843ce8", "0x7fc96c843ce8", "0x7fc96d814c58", "0x7fc96d814c58", "0x7fc96c0532b8", "0x7fc96c88a7d8"], "memsize":4104, "flags":{"wb_protected":true, "old":true, "marked":true}}
{"address":"0x7fc96c053330", "type":"ARRAY", "length":2, "embedded":true, "references":["0x7fc96c0533f8", "0x7fc96c046ab8"], "flags":{"wb_protected":true, "old":true, "marked":true}}
{"address":"0x7fc96c053358", "type":"ARRAY", "length":2, "embedded":true, "references":["0x7fc96d801978", "0x7fc96c0527c8"], "flags":{"wb_protected":true, "old":true, "marked":true}}
{"address":"0x7fc96c0533a8", "type":"STRING", "class":"0x7fc96c801668", "frozen":true, "embedded":true, "fstring":true, "bytesize":2, "value":"lv", "encoding":"US-ASCII", "flags":{"wb_protected":true, "old":true, "marked":true}}
{"address":"0x7fc96c0533d0", "type":"STRING", "class":"0x7fc96c801668", "frozen":true, "embedded":true, "fstring":true, "bytesize":11, "value":"@ignore_eof", "encoding":"US-ASCII", "flags":{"wb_protected":true, "old":true, "marked":true}}
{"address":"0x7fc96c0533f8", "type":"DATA", "class":"0x7fc96c833488", "struct":"iseq", "references":["0x7fc96c053420", "0x7fc96c80a600", "0x7fc96c822f98", "0x7fc96c822f98", "0x7fc96c053588"], "memsize":736, "flags":{"wb_protected":true, "old":true, "marked":true}}
{"address":"0x7fc96c053420", "type":"STRING", "class":"0x7fc96c801668", "frozen":true, "fstring":true, "bytesize":20, "capacity":120, "value":"block in read_binary", "memsize":121, "flags":{"wb_protected":true, "old":true, "marked":true}}
{"address":"0x7fc96c053448", "type":"STRING", "class":"0x7fc96c801668", "shared":true, "encoding":"US-ASCII", "references":["0x7fc96c067bc8"], "flags":{"wb_protected":true, "old":true, "marked":true}}
{"address":"0x7fc96c053470", "type":"NODE", "node_type":"NODE_CREF", "references":["0x7fc96c88a7d8", "0x7fc96c0583d0"], "flags":{"wb_protected":true, "old":true, "marked":true}}
{"address":"0x7fc96c0534c0", "type":"DATA", "class":"0x7fc96c833488", "struct":"iseq", "references":["0x7fc96c053330", "0x7fc96c0534e8", "0x7fc96c80a600", "0x7fc96c822f98", "0x7fc96c822f98", "0x7fc96c053588"], "memsize":1000, "flags":{"wb_protected":true, "old":true, "marked":true}}
{"address":"0x7fc96c0534e8", "type":"STRING", "class":"0x7fc96c801668", "frozen":true, "embedded":true, "fstring":true, "bytesize":21, "value":"rescue in read_binary", "flags":{"wb_protected":true, "old":true, "marked":true}}
{"address":"0x7fc96c053510", "type":"DATA", "class":"0x7fc96c833488", "struct":"iseq", "references":["0x7fc96c053358", "0x7fc96d80c0d0", "0x7fc96d80c0d0", "0x7fc96d814c58", "0x7fc96d814c58", "0x7fc96c053470", "0x7fc96c88a7d8"], "memsize":2616, "flags":{"wb_protected":true, "old":true, "marked":true}}
{"address":"0x7fc96c053588", "type":"NODE", "node_type":"NODE_CREF", "references":["0x7fc96c82a590", "0x7fc96c047878"], "flags":{"wb_protected":true, "old":true, "marked":true}}
{"address":"0x7fc96c0535b0", "type":"DATA", "class":"0x7fc96c833488", "struct":"iseq", "references":["0x7fc96c0532e0", "0x7fc96c80a600", "0x7fc96c80a600", "0x7fc96c822f98", "0x7fc96c822f98", "0x7fc96c053588", "0x7fc96c8819a8"], "memsize":848, "flags":{"wb_protected":true, "old":true, "marked":true}}
{"address":"0x7fc96c0535d8", "type":"ARRAY", "length":1, "embedded":true, "references":["0x7fc96c053830"], "flags":{"wb_protected":true, "old":true, "marked":true}}
{"address":"0x7fc96c053628", "type":"NODE", "node_type":"NODE_CREF", "references":["0x7fc96c82a590", "0x7fc96c047878"], "flags":{"wb_protected":true, "old":true, "marked":true}}
{"address":"0x7fc96c053650", "type":"DATA", "class":"0x7fc96c833488", "struct":"iseq", "references":["0x7fc96c80b1e0", "0x7fc96c80b1e0", "0x7fc96c822f98", "0x7fc96c822f98", "0x7fc96c053628", "0x7fc96c8819a8"], "memsize":768, "flags":{"wb_protected":true, "old":true, "marked":true}}
{"address":"0x7fc96c053678", "type":"ARRAY", "length":3, "embedded":true, "references":["0x7fc96c044740", "0x7fc96c0536c8", "0x7fc96c0536a0"], "flags":{"wb_protected":true, "old":true, "marked":true}}
{"address":"0x7fc96c0536a0", "type":"STRING", "class":"0x7fc96c801668", "frozen":true, "embedded":true, "fstring":true, "bytesize":3, "value":"lib", "encoding":"UTF-8", "flags":{"wb_protected":true, "old":true, "marked":true}}
{"address":"0x7fc96c0536c8", "type":"STRING", "class":"0x7fc96c801668", "frozen":true, "embedded":true, "fstring":true, "bytesize":6, "value":"libdir", "encoding":"UTF-8", "flags":{"wb_protected":true, "old":true, "marked":true}}
{"address":"0x7fc96c053740", "type":"NODE", "node_type":"NODE_CREF", "references":["0x7fc96c82a590", "0x7fc96c047878"], "flags":{"wb_protected":true, "old":true, "marked":true}}
{"address":"0x7fc96c053768", "type":"DATA", "class":"0x7fc96c833488", "struct":"iseq", "references":["0x7fc96c053678", "0x7fc96c810be0", "0x7fc96c810be0", "0x7fc96c822f98", "0x7fc96c822f98", "0x7fc96c053740", "0x7fc96c8819a8"], "memsize":3656, "flags":{"wb_protected":true, "old":true, "marked":true}}
{"address":"0x7fc96c0537b8", "type":"ARRAY", "class":"0x7fc96c84a048", "length":1, "embedded":true, "references":["0x7fc96c8c1e90"], "flags":{"wb_protected":true, "old":true, "marked":true}}
{"address":"0x7fc96c0537e0", "type":"NODE", "node_type":"NODE_CREF", "references":["0x7fc96c82a590", "0x7fc96c047878"], "flags":{"wb_protected":true, "old":true, "marked":true}}
{"address":"0x7fc96c053808", "type":"DATA", "class":"0x7fc96c833488", "struct":"iseq", "references":["0x7fc96c811748", "0x7fc96c811748", "0x7fc96c822f98", "0x7fc96c822f98", "0x7fc96c0537e0", "0x7fc96c8819a8"], "memsize":712, "flags":{"wb_protected":true, "old":true, "marked":true}}
{"address":"0x7fc96c053830", "type":"DATA", "class":"0x7fc96c833488", "struct":"iseq", "references":["0x7fc96c053858", "0x7fc96c8ab8c0", "0x7fc96d814c58", "0x7fc96d814c58", "0x7fc96c053ab0"], "memsize":744, "flags":{"wb_protected":true, "old":true, "marked":true}}
{"address":"0x7fc96c053858", "type":"STRING", "class":"0x7fc96c801668", "frozen":true, "fstring":true, "bytesize":18, "capacity":120, "value":"block in set_input", "memsize":121, "flags":{"wb_protected":true, "old":true, "marked":true}}
{"address":"0x7fc96c053880", "type":"NODE", "node_type":"NODE_CREF", "references":["0x7fc96c82a590", "0x7fc96c047878"], "flags":{"wb_protected":true, "old":true, "marked":true}}
{"address":"0x7fc96c0538a8", "type":"DATA", "class":"0x7fc96c833488", "struct":"iseq", "references":["0x7fc96c811d88", "0x7fc96c811d88", "0x7fc96c822f98", "0x7fc96c822f98", "0x7fc96c053880", "0x7fc96c8819a8"], "memsize":712, "flags":{"wb_protected":true, "old":true, "marked":true}}
{"address":"0x7fc96c053920", "type":"NODE", "node_type":"NODE_CREF", "references":["0x7fc96c82a590", "0x7fc96c047878"], "flags":{"wb_protected":true, "old":true, "marked":true}}
{"address":"0x7fc96c053948", "type":"DATA", "class":"0x7fc96c833488", "struct":"iseq", "references":["0x7fc96c812800", "0x7fc96c812800", "0x7fc96c822f98", "0x7fc96c822f98", "0x7fc96c053920", "0x7fc96c8819a8"], "memsize":712, "flags":{"wb_protected":true, "old":true, "marked":true}}
{"address":"0x7fc96c053970", "type":"OBJECT", "class":"0x7fc96c8c2688", "ivars":3, "references":["0x7fc96c0537b8"], "flags":{"wb_protected":true, "old":true, "marked":true}}
{"address":"0x7fc96c0539c0", "type":"NODE", "node_type":"NODE_CREF", "references":["0x7fc96c82a590", "0x7fc96c047878"], "flags":{"wb_protected":true, "old":true, "marked":true}}
{"address":"0x7fc96c0539e8", "type":"DATA", "class":"0x7fc96c833488", "struct":"iseq", "references":["0x7fc96c8132a0", "0x7fc96c8132a0", "0x7fc96c822f98", "0x7fc96c822f98", "0x7fc96c0539c0", "0x7fc96c8819a8"], "memsize":712, "flags":{"wb_protected":true, "old":true, "marked":true}}
{"address":"0x7fc96c053a10", "type":"OBJECT", "class":"0x7fc96d077ae0", "ivars":5, "references":["0x7fc96c053f10", "0x7fc96c053970", "0x7fc96c053970"], "memsize":40, "flags":{"wb_protected":true, "old":true, "marked":true}}
{"address":"0x7fc96c053a60", "type":"NODE", "node_type":"NODE_CREF", "references":["0x7fc96c82a590", "0x7fc96c047878"], "flags":{"wb_protected":true, "old":true, "marked":true}}
{"address":"0x7fc96c053a88", "type":"DATA", "class":"0x7fc96c833488", "struct":"iseq", "references":["0x7fc96c813f70", "0x7fc96c813f70", "0x7fc96c822f98", "0x7fc96c822f98", "0x7fc96c053a60", "0x7fc96c8819a8"], "memsize":712, "flags":{"wb_protected":true, "old":true, "marked":true}}
{"address":"0x7fc96c053ab0", "type":"NODE", "node_type":"NODE_CREF", "references":["0x7fc96c88a7d8", "0x7fc96c0583d0"], "flags":{"wb_protected":true, "old":true, "marked":true}}
{"address":"0x7fc96c053ad8", "type":"DATA", "class":"0x7fc96c833488", "struct":"iseq", "references":["0x7fc96c0535d8", "0x7fc96c8ab8c0", "0x7fc96c8ab8c0", "0x7fc96d814c58", "0x7fc96d814c58", "0x7fc96c053ab0", "0x7fc96c88a7d8"], "memsize":2016, "flags":{"wb_protected":true, "old":true, "marked":true}}
{"address":"0x7fc96c053b00", "type":"NODE", "node_type":"NODE_CREF", "references":["0x7fc96c82a590", "0x7fc96c047878"], "flags":{"wb_protected":true, "old":true, "marked":true}}
{"address":"0x7fc96c053b28", "type":"DATA", "class":"0x7fc96c833488", "struct":"iseq", "references":["0x7fc96c818cc8", "0x7fc96c818cc8", "0x7fc96c822f98", "0x7fc96c822f98", "0x7fc96c053b00", "0x7fc96c8819a8"], "memsize":712, "flags":{"wb_protected":true, "old":true, "marked":true}}
{"address":"0x7fc96c053b50", "type":"ARRAY", "length":1, "embedded":true, "references":["0x7fc96c0527c8"], "flags":{"wb_protected":true, "old":true, "marked":true}}
{"address":"0x7fc96c053ba0", "type":"NODE", "node_type":"NODE_CREF", "references":["0x7fc96c82a590", "0x7fc96c047878"], "flags":{"wb_protected":true, "old":true, "marked":true}}
{"address":"0x7fc96c053bc8", "type":"DATA", "class":"0x7fc96c833488", "struct":"iseq", "references":["0x7fc96c8196a0", "0x7fc96c8196a0", "0x7fc96c822f98", "0x7fc96c822f98", "0x7fc96c053ba0", "0x7fc96c8819a8"], "memsize":712, "flags":{"wb_protected":true, "old":true, "marked":true}}
{"address":"0x7fc96c053c40", "type":"NODE", "node_type":"NODE_CREF", "references":["0x7fc96c82a590", "0x7fc96c047878"], "flags":{"wb_protected":true, "old":true, "marked":true}}
{"address":"0x7fc96c053c68", "type":"DATA", "class":"0x7fc96c833488", "struct":"iseq", "references":["0x7fc96c81a000", "0x7fc96c81a000", "0x7fc96c822f98", "0x7fc96c822f98", "0x7fc96c053c40", "0x7fc96c8819a8"], "memsize":712, "flags":{"wb_protected":true, "old":true, "marked":true}}
{"address":"0x7fc96c053c90", "type":"NODE", "node_type":"NODE_CREF", "references":["0x7fc96c88a7d8", "0x7fc96c0583d0"], "flags":{"wb_protected":true, "old":true, "marked":true}}
{"address":"0x7fc96c053cb8", "type":"DATA", "class":"0x7fc96c833488", "struct":"iseq", "references":["0x7fc96c053b50", "0x7fc96c803be8", "0x7fc96c803be8", "0x7fc96d814c58", "0x7fc96d814c58", "0x7fc96c053c90", "0x7fc96c88a7d8"], "memsize":3832, "flags":{"wb_protected":true, "old":true, "marked":true}}
{"address":"0x7fc96c053ce0", "type":"NODE", "node_type":"NODE_CREF", "references":["0x7fc96c82a590", "0x7fc96c047878"], "flags":{"wb_protected":true, "old":true, "marked":true}}
{"address":"0x7fc96c053d08", "type":"DATA", "class":"0x7fc96c833488", "struct":"iseq", "references":["0x7fc96c81be78", "0x7fc96c81be78", "0x7fc96c822f98", "0x7fc96c822f98", "0x7fc96c053ce0", "0x7fc96c8819a8"], "memsize":1896, "flags":{"wb_protected":true, "old":true, "marked":true}}
{"address":"0x7fc96c053d30", "type":"ARRAY", "length":84, "references":["0x7fc96c0580d8", "0x7fc96c053cb8", "0x7fc96c053ad8", "0x7fc96c053510", "0x7fc96c053308", "0x7fc96c052f48", "0x7fc96c052b38", "0x7fc96c0529f8", "0x7fc96c052778", "0x7fc96c0524f8", "0x7fc96c052070", "0x7fc96c051dc8", "0x7fc96c051b48", "0x7fc96c051990", "0x7fc96c051558", "0x7fc96c0513f0", "0x7fc96c0512b0", "0x7fc96c0508d8", "0x7fc96c050680", "0x7fc96c050130", "0x7fc96c03f808", "0x7fc96c03d4b8", "0x7fc96c03d328", "0x7fc96c03d198", "0x7fc96c03ce28", "0x7fc96c03cd10", "0x7fc96c03c9a0", "0x7fc96c03c590", "0x7fc96c03c1f8", "0x7fc96c03c018", "0x7fc96c0581f0", "0x7fc96c0581c8", "0x7fc96c0581a0", "0x7fc96c0581a0", "0x7fc96c058178", "0x7fc96c882100", "0x7fc96c058150", "0x7fc96c0502e8", "0x7fc96c0502c0", "0x7fc96c050298", "0x7fc96c050270", "0x7fc96c050248", "0x7fc96c050220", "0x7fc96c0501f8", "0x7fc96c0501d0", "0x7fc96c0501a8", "0x7fc96c050180", "0x7fc96c050158", "0x7fc96d8565e0", "0x7fc96c890a70", "0x7fc96d83b650", "0x7fc96c890868", "0x7fc96c053010", "0x7fc96c890688", "0x7fc96c88afa8", "0x7fc96c8904a8", "0x7fc96c044f88", "0x7fc96c890318", "0x7fc96d855b90", "0x7fc96d8302c8", "0x7fc96d855b90", "0x7fc96d8672c8", "0x7fc96d855b90", "0x7fc96c88be08", "0x7fc96d855b90", "0x7fc96d065c00", "0x7fc96c823880", "0x7fc96c052908", "0x7fc96c0528b8", "0x7fc96d831100", "0x7fc96d855b90", "0x7fc96c8ab1e0", "0x7fc96d857828", "0x7fc96c8f18c0", "0x7fc96c046d10", "0x7fc96d83b650", "0x7fc96c053010", "0x7fc96c88afa8", "0x7fc96c044f88", "0x7fc96d855b90", "0x7fc96c823880", "0x7fc96c053010", "0x7fc96c88afa8", "0x7fc96c044f88"], "memsize":680, "flags":{"wb_protected":true, "old":true, "marked":true}}
{"address":"0x7fc96c053d58", "type":"ARRAY", "length":1, "embedded":true, "references":["0x7fc96c058038"], "flags":{"wb_protected":true, "old":true, "marked":true}}
{"address":"0x7fc96c053d80", "type":"NODE", "node_type":"NODE_CREF", "references":["0x7fc96c82a590", "0x7fc96c047878"], "flags":{"wb_protected":true, "old":true, "marked":true}}
{"address":"0x7fc96c053da8", "type":"DATA", "class":"0x7fc96c833488", "struct":"iseq", "references":["0x7fc96c81bea0", "0x7fc96c81bea0", "0x7fc96c822f98", "0x7fc96c822f98", "0x7fc96c053d80", "0x7fc96c8819a8"], "memsize":584, "flags":{"wb_protected":true, "old":true, "marked":true}}
{"address":"0x7fc96c053dd0", "type":"ARRAY", "length":1, "embedded":true, "references":["0x7fc96c053df8"], "flags":{"wb_protected":true, "old":true, "marked":true}}
{"address":"0x7fc96c053df8", "type":"STRING", "class":"0x7fc96c801668", "frozen":true, "embedded":true, "fstring":true, "bytesize":1, "value":".", "encoding":"UTF-8", "flags":{"wb_protected":true, "old":true, "marked":true}}
{"address":"0x7fc96c053e70", "type":"NODE", "node_type":"NODE_CREF", "references":["0x7fc96c82a590", "0x7fc96c047878"], "flags":{"wb_protected":true, "old":true, "marked":true}}
{"address":"0x7fc96c053e98", "type":"DATA", "class":"0x7fc96c833488", "struct":"iseq", "references":["0x7fc96c053dd0", "0x7fc96c8203d8", "0x7fc96c8203d8", "0x7fc96c822f98", "0x7fc96c822f98", "0x7fc96c053e70", "0x7fc96c8819a8"], "memsize":888, "flags":{"wb_protected":true, "old":true, "marked":true}}
{"address":"0x7fc96c053ec0", "type":"ARRAY", "length":1, "embedded":true, "references":["0x7fc96c820f40"], "flags":{"wb_protected":true, "old":true, "marked":true}}
{"address":"0x7fc96c053f10", "type":"STRING", "class":"0x7fc96c801668", "embedded":true, "bytesize":10, "value":"mixlib-log", "encoding":"UTF-8", "flags":{"wb_protected":true, "old":true, "marked":true}}
{"address":"0x7fc96c053f38", "type":"NODE", "node_type":"NODE_CREF", "references":["0x7fc96c82a590", "0x7fc96c047878"], "flags":{"wb_protected":true, "old":true, "marked":true}}
{"address":"0x7fc96c053f60", "type":"DATA", "class":"0x7fc96c833488", "struct":"iseq", "references":["0x7fc96c053ec0", "0x7fc96c8210d0", "0x7fc96c8210d0", "0x7fc96c822f98", "0x7fc96c822f98", "0x7fc96c053f38", "0x7fc96c8819a8"], "memsize":1504, "flags":{"wb_protected":true, "old":true, "marked":true}}
{"address":"0x7fc96c053f88", "type":"STRING", "class":"0x7fc96c801668", "frozen":true, "embedded":true, "fstring":true, "bytesize":18, "value":"rubygems/syck_hack", "encoding":"UTF-8", "flags":{"wb_protected":true, "old":true, "marked":true}}
{"address":"0x7fc96c053fb0", "type":"STRING", "class":"0x7fc96c801668", "frozen":true, "embedded":true, "fstring":true, "bytesize":4, "value":"syck", "encoding":"UTF-8", "flags":{"wb_protected":true, "old":true, "marked":true}}
{"address":"0x7fc96c058010", "type":"NODE", "node_type":"NODE_CREF", "references":["0x7fc96c88a788", "0x7fc96c058268"], "flags":{"wb_protected":true, "old":true, "marked":true}}
{"address":"0x7fc96c058038", "type":"DATA", "class":"0x7fc96c833488", "struct":"iseq", "references":["0x7fc96c8eaa48", "0x7fc96c8eaa48", "0x7fc96d814c58", "0x7fc96d814c58", "0x7fc96c058010", "0x7fc96c88a788"], "memsize":688, "flags":{"wb_protected":true, "old":true, "marked":true}}
{"address":"0x7fc96c058060", "type":"STRING", "class":"0x7fc96c801668", "frozen":true, "embedded":true, "fstring":true, "bytesize":2, "value":"gv", "encoding":"US-ASCII", "flags":{"wb_protected":true, "old":true, "marked":true}}
{"address":"0x7fc96c0580b0", "type":"NODE", "node_type":"NODE_CREF", "references":["0x7fc96c88a788", "0x7fc96c058268"], "flags":{"wb_protected":true, "old":true, "marked":true}}
{"address":"0x7fc96c0580d8", "type":"DATA", "class":"0x7fc96c833488", "struct":"iseq", "references":["0x7fc96c053d58", "0x7fc96c051198", "0x7fc96c051198", "0x7fc96d814c58", "0x7fc96d814c58", "0x7fc96c0580b0"], "memsize":976, "flags":{"wb_protected":true, "old":true, "marked":true}}
{"address":"0x7fc96c058150", "type":"STRING", "class":"0x7fc96c801668", "frozen":true, "embedded":true, "fstring":true, "bytesize":20, "value":"Terminate Line Input", "encoding":"UTF-8", "flags":{"wb_protected":true, "old":true, "marked":true}}
{"address":"0x7fc96c058178", "type":"STRING", "class":"0x7fc96c801668", "frozen":true, "fstring":true, "bytesize":37, "value":"key duplicate(token_n='%s', key='%s')", "encoding":"UTF-8", "memsize":38, "flags":{"wb_protected":true, "old":true, "marked":true}}
{"address":"0x7fc96c0581a0", "type":"STRING", "class":"0x7fc96c801668", "frozen":true, "embedded":true, "fstring":true, "bytesize":21, "value":"key nothing(key='%s')", "encoding":"UTF-8", "flags":{"wb_protected":true, "old":true, "marked":true}}
{"address":"0x7fc96c0581c8", "type":"STRING", "class":"0x7fc96c801668", "frozen":true, "fstring":true, "bytesize":25, "value":"Already defined token(%s)", "encoding":"UTF-8", "memsize":26, "flags":{"wb_protected":true, "old":true, "marked":true}}
{"address":"0x7fc96c0581f0", "type":"STRING", "class":"0x7fc96c801668", "frozen":true, "fstring":true, "bytesize":53, "value":"-$Id: ruby-lex.rb 38632 2012-12-27 14:48:42Z keiju $-", "encoding":"UTF-8", "memsize":54, "flags":{"wb_protected":true, "old":true, "marked":true}}
{"address":"0x7fc96c058268", "type":"NODE", "node_type":"NODE_CREF", "references":["0x7fc96c88a7d8", "0x7fc96c0583d0"], "flags":{"wb_protected":true, "old":true, "marked":true}}
{"address":"0x7fc96c058290", "type":"DATA", "class":"0x7fc96c833488", "struct":"iseq", "references":["0x7fc96c053d30", "0x7fc96c0582b8", "0x7fc96c0582b8", "0x7fc96d814c58", "0x7fc96d814c58", "0x7fc96c058268"], "memsize":18536, "flags":{"wb_protected":true, "old":true, "marked":true}}
{"address":"0x7fc96c0582b8", "type":"STRING", "class":"0x7fc96c801668", "frozen":true, "fstring":true, "bytesize":15, "capacity":120, "value":"<class:RubyLex>", "memsize":121, "flags":{"wb_protected":true, "old":true, "marked":true}}
{"address":"0x7fc96c058330", "type":"STRING", "class":"0x7fc96c801668", "frozen":true, "embedded":true, "fstring":true, "bytesize":14, "value":"irb/ruby-token", "encoding":"UTF-8", "flags":{"wb_protected":true, "old":true, "marked":true}}
{"address":"0x7fc96c058358", "type":"STRING", "class":"0x7fc96c801668", "frozen":true, "embedded":true, "fstring":true, "bytesize":8, "value":"irb/slex", "encoding":"UTF-8", "flags":{"wb_protected":true, "old":true, "marked":true}}
{"address":"0x7fc96c0583d0", "type":"NODE", "node_type":"NODE_CREF", "references":["0x7fc96c803788"], "flags":{"wb_protected":true, "old":true, "marked":true}}
{"address":"0x7fc96c0583f8", "type":"DATA", "class":"0x7fc96c833488", "struct":"iseq", "references":["0x7fc96c0379c8", "0x7fc96c047850", "0x7fc96c047850", "0x7fc96d814c58", "0x7fc96d814c58", "0x7fc96c0583d0"], "memsize":1224, "flags":{"wb_protected":true, "old":true, "marked":true}}
{"address":"0x7fc96c0584c0", "type":"STRING", "class":"0x7fc96c801668", "frozen":true, "embedded":true, "fstring":true, "bytesize":12, "value":"eval_history", "encoding":"US-ASCII", "flags":{"wb_protected":true, "old":true, "marked":true}}
{"address":"0x7fc96c0585d8", "type":"STRING", "class":"0x7fc96c801668", "frozen":true, "fstring":true, "bytesize":25, "value":"^([^.\"].*)(\\.|::)([^.]*)$", "encoding":"US-ASCII", "memsize":26, "flags":{"wb_protected":true, "old":true, "marked":true}}
{"address":"0x7fc96c058650", "type":"REGEXP", "class":"0x7fc96c8491e8", "references":["0x7fc96c0585d8"], "memsize":664, "flags":{"wb_protected":true, "old":true, "marked":true}}
{"address":"0x7fc96c0589e8", "type":"STRING", "class":"0x7fc96c801668", "shared":true, "encoding":"UTF-8", "references":["0x7fc96c058a38"], "flags":{"wb_protected":true, "old":true, "marked":true}}
{"address":"0x7fc96c058a38", "type":"STRING", "class":"0x7fc96c801668", "frozen":true, "bytesize":42, "value":"Mixes in simple per-request authentication", "encoding":"UTF-8", "memsize":43, "flags":{"wb_protected":true, "old":true, "marked":true}}
{"address":"0x7fc96c058ab0", "type":"STRING", "class":"0x7fc96c801668", "embedded":true, "bytesize":16, "value":"<top (required)>", "flags":{"wb_protected":true, "old":true, "marked":true}}
{"address":"0x7fc96c058b78", "type":"STRING", "class":"0x7fc96c801668", "embedded":true, "bytesize":5, "value":"2.0.6", "encoding":"UTF-8", "flags":{"wb_protected":true, "old":true, "marked":true}}
{"address":"0x7fc96c058ba0", "type":"ARRAY", "class":"0x7fc96c84a048", "length":1, "embedded":true, "references":["0x7fc96c058bc8"], "flags":{"wb_protected":true, "old":true, "marked":true}}
{"address":"0x7fc96c058bc8", "type":"STRING", "class":"0x7fc96c801668", "embedded":true, "bytesize":3, "value":"lib", "encoding":"UTF-8", "flags":{"wb_protected":true, "old":true, "marked":true}}
{"address":"0x7fc96c058bf0", "type":"STRING", "class":"0x7fc96c801668", "embedded":true, "bytesize":22, "value":"http://www.opscode.com", "encoding":"UTF-8", "flags":{"wb_protected":true, "old":true, "marked":true}}
{"address":"0x7fc96c058c18", "type":"ARRAY", "class":"0x7fc96c84a048", "length":3, "embedded":true, "references":["0x7fc96c058c90", "0x7fc96c058c68", "0x7fc96c058c40"], "flags":{"wb_protected":true, "old":true, "marked":true}}
{"address":"0x7fc96c058c40", "type":"STRING", "class":"0x7fc96c801668", "embedded":true, "bytesize":6, "value":"NOTICE", "encoding":"UTF-8", "flags":{"wb_protected":true, "old":true, "marked":true}}
{"address":"0x7fc96c058c68", "type":"STRING", "class":"0x7fc96c801668", "embedded":true, "bytesize":7, "value":"LICENSE", "encoding":"UTF-8", "flags":{"wb_protected":true, "old":true, "marked":true}}
{"address":"0x7fc96c058c90", "type":"STRING", "class":"0x7fc96c801668", "embedded":true, "bytesize":11, "value":"README.rdoc", "encoding":"UTF-8", "flags":{"wb_protected":true, "old":true, "marked":true}}
{"address":"0x7fc96c058cb8", "type":"ARRAY", "class":"0x7fc96c84a048", "length":3, "embedded":true, "references":["0x7fc96c058d30", "0x7fc96c058d08", "0x7fc96c058ce0"], "flags":{"wb_protected":true, "old":true, "marked":true}}
{"address":"0x7fc96c058ce0", "type":"STRING", "class":"0x7fc96c801668", "embedded":true, "bytesize":6, "value":"NOTICE", "encoding":"UTF-8", "flags":{"wb_protected":true, "old":true, "marked":true}}
{"address":"0x7fc96c058d08", "type":"STRING", "class":"0x7fc96c801668", "embedded":true, "bytesize":7, "value":"LICENSE", "encoding":"UTF-8", "flags":{"wb_protected":true, "old":true, "marked":true}}
{"address":"0x7fc96c058d30", "type":"STRING", "class":"0x7fc96c801668", "embedded":true, "bytesize":11, "value":"README.rdoc", "encoding":"UTF-8", "flags":{"wb_protected":true, "old":true, "marked":true}}
{"address":"0x7fc96c058d58", "type":"STRING", "class":"0x7fc96c801668", "embedded":true, "bytesize":16, "value":"info@opscode.com", "encoding":"UTF-8", "flags":{"wb_protected":true, "old":true, "marked":true}}
{"address":"0x7fc96c058d80", "type":"STRING", "class":"0x7fc96c801668", "frozen":true, "embedded":true, "fstring":true, "bytesize":7, "value":"handled", "encoding":"US-ASCII", "flags":{"wb_protected":true, "old":true, "marked":true}}
{"address":"0x7fc96c058da8", "type":"STRING", "class":"0x7fc96c801668", "frozen":true, "embedded":true, "fstring":true, "bytesize":10, "value":"use_loader", "encoding":"US-ASCII", "flags":{"wb_protected":true, "old":true, "marked":true}}
{"address":"0x7fc96c058dd0", "type":"STRING", "class":"0x7fc96c801668", "shared":true, "encoding":"UTF-8", "references":["0x7fc96c05a310"], "flags":{"wb_protected":true, "old":true, "marked":true}}
{"address":"0x7fc96c058e20", "type":"DATA", "class":"0x7fc96c841150", "struct":"time", "memsize":88, "flags":{"remembered":true}}
{"address":"0x7fc96c058e70", "type":"STRING", "class":"0x7fc96c801668", "frozen":true, "embedded":true, "fstring":true, "bytesize":10, "value":"regmessage", "encoding":"US-ASCII", "flags":{"wb_protected":true, "old":true, "marked":true}}
{"address":"0x7fc96c058f10", "type":"STRING", "class":"0x7fc96c801668", "frozen":true, "embedded":true, "fstring":true, "bytesize":11, "value":"^(\\$[^.]*)$", "encoding":"US-ASCII", "flags":{"wb_protected":true, "old":true, "marked":true}}
{"address":"0x7fc96c058f88", "type":"REGEXP", "class":"0x7fc96c8491e8", "references":["0x7fc96c058f10"], "memsize":552, "flags":{"wb_protected":true, "old":true, "marked":true}}
{"address":"0x7fc96c058fd8", "type":"ARRAY", "class":"0x7fc96c84a048", "length":1, "embedded":true, "references":["0x7fc96c059078"], "flags":{"wb_protected":true, "old":true, "marked":true}}
{"address":"0x7fc96c059078", "type":"STRING", "class":"0x7fc96c801668", "embedded":true, "bytesize":13, "value":"Opscode, Inc.", "encoding":"UTF-8", "flags":{"wb_protected":true, "old":true, "marked":true}}
{"address":"0x7fc96c0591b8", "type":"ARRAY", "class":"0x7fc96c84a048", "length":1, "embedded":true, "references":["0x7fc96c8c1e90"], "flags":{"wb_protected":true, "old":true, "marked":true}}
{"address":"0x7fc96c059230", "type":"OBJECT", "class":"0x7fc96c8c2688", "ivars":3, "references":["0x7fc96c0591b8"], "flags":{"wb_protected":true, "old":true, "marked":true}}
{"address":"0x7fc96c0592a8", "type":"STRING", "class":"0x7fc96c801668", "embedded":true, "bytesize":5, "value":"1.3.0", "encoding":"UTF-8", "flags":{"wb_protected":true, "old":true, "marked":true}}
{"address":"0x7fc96c059438", "type":"OBJECT", "class":"0x7fc96d040a68", "ivars":3, "references":["0x7fc96c0592a8"], "flags":{"wb_protected":true, "old":true, "marked":true}}
{"address":"0x7fc96c059488", "type":"STRING", "class":"0x7fc96c801668", "embedded":true, "bytesize":21, "value":"mixlib-authentication", "encoding":"UTF-8", "flags":{"wb_protected":true, "old":true, "marked":true}}
{"address":"0x7fc96c059500", "type":"ARRAY", "class":"0x7fc96c84a048", "length":0, "flags":{"wb_protected":true, "old":true, "marked":true}}
{"address":"0x7fc96c0595c8", "type":"STRING", "class":"0x7fc96c801668", "shared":true, "encoding":"US-ASCII", "references":["0x7fc96c8c1418"], "flags":{"wb_protected":true, "old":true, "marked":true}}
{"address":"0x7fc96c059640", "type":"ARRAY", "class":"0x7fc96c84a048", "length":0, "flags":{"wb_protected":true, "old":true, "marked":true}}
{"address":"0x7fc96c059730", "type":"OBJECT", "class":"0x7fc96c8c2688", "ivars":3, "references":["0x7fc96d074700"], "flags":{"wb_protected":true, "old":true, "marked":true}}
{"address":"0x7fc96c059758", "type":"ARRAY", "class":"0x7fc96c84a048", "length":1, "embedded":true, "references":["0x7fc96c8c1e90"], "flags":{"wb_protected":true, "old":true, "marked":true}}
{"address":"0x7fc96c0597d0", "type":"OBJECT", "class":"0x7fc96c8c2688", "ivars":3, "references":["0x7fc96c059758"], "flags":{"wb_protected":true, "old":true, "marked":true}}
{"address":"0x7fc96c059820", "type":"ARRAY", "class":"0x7fc96c84a048", "length":0, "flags":{"wb_protected":true, "old":true, "marked":true}}
{"address":"0x7fc96c059848", "type":"OBJECT", "class":"0x7fc96d077ae0", "ivars":5, "references":["0x7fc96c0599d8", "0x7fc96c0597d0", "0x7fc96c0597d0"], "memsize":40, "flags":{"wb_protected":true, "old":true, "marked":true}}
{"address":"0x7fc96c059898", "type":"STRING", "class":"0x7fc96c801668", "embedded":true, "bytesize":4, "value":"ruby", "encoding":"UTF-8", "flags":{"wb_protected":true, "old":true, "marked":true}}
{"address":"0x7fc96c059910", "type":"HASH", "class":"0x7fc96c849918", "size":0, "flags":{"wb_protected":true, "old":true, "marked":true}}
{"address":"0x7fc96c059988", "type":"ARRAY", "class":"0x7fc96c84a048", "length":0, "flags":{"wb_protected":true, "old":true, "marked":true}}
{"address":"0x7fc96c0599d8", "type":"STRING", "class":"0x7fc96c801668", "embedded":true, "bytesize":9, "value":"simplecov", "encoding":"UTF-8", "flags":{"wb_protected":true, "old":true, "marked":true}}
{"address":"0x7fc96c059b18", "type":"ARRAY", "class":"0x7fc96c84a048", "length":0, "flags":{"wb_protected":true, "old":true, "marked":true}}
{"address":"0x7fc96c059b40", "type":"ARRAY", "class":"0x7fc96c84a048", "length":1, "embedded":true, "references":["0x7fc96c8c1e90"], "flags":{"wb_protected":true, "old":true, "marked":true}}
{"address":"0x7fc96c059b90", "type":"ARRAY", "class":"0x7fc96c84a048", "length":0, "flags":{"wb_protected":true, "old":true, "marked":true}}
{"address":"0x7fc96c059be0", "type":"OBJECT", "class":"0x7fc96c8c2688", "ivars":3, "references":["0x7fc96c059b40"], "flags":{"wb_protected":true, "old":true, "marked":true}}
{"address":"0x7fc96c059c08", "type":"ARRAY", "class":"0x7fc96c84a048", "length":1, "embedded":true, "references":["0x7fc96c053a10"], "flags":{"wb_protected":true, "old":true, "marked":true}}
{"address":"0x7fc96c059c58", "type":"OBJECT", "class":"0x7fc96d077ae0", "ivars":5, "references":["0x7fc96c059de8", "0x7fc96c059be0", "0x7fc96c059be0"], "memsize":40, "flags":{"wb_protected":true, "old":true, "marked":true}}
{"address":"0x7fc96c059ca8", "type":"STRING", "class":"0x7fc96c801668", "frozen":true, "embedded":true, "fstring":true, "bytesize":10, "value":"use_tracer", "encoding":"US-ASCII", "flags":{"wb_protected":true, "old":true, "marked":true}}
{"address":"0x7fc96c059cf8", "type":"ARRAY", "class":"0x7fc96c84a048", "length":0, "flags":{"wb_protected":true, "old":true, "marked":true}}
{"address":"0x7fc96c059d70", "type":"STRING", "class":"0x7fc96c801668", "embedded":true, "bytesize":3, "value":"bin", "encoding":"UTF-8", "flags":{"wb_protected":true, "old":true, "marked":true}}
{"address":"0x7fc96c059d98", "type":"STRING", "class":"0x7fc96c801668", "frozen":true, "fstring":true, "bytesize":35, "value":"^(-?0x[0-9a-fA-F_]+)(\\.|::)([^.]*)$", "encoding":"US-ASCII", "memsize":36, "flags":{"wb_protected":true, "old":true, "marked":true}}
{"address":"0x7fc96c059de8", "type":"STRING", "class":"0x7fc96c801668", "embedded":true, "bytesize":4, "value":"rake", "encoding":"UTF-8", "flags":{"wb_protected":true, "old":true, "marked":true}}
{"address":"0x7fc96c059e10", "type":"ARRAY", "class":"0x7fc96c84a048", "length":2, "embedded":true, "references":["0x7fc96c059ff0", "0x7fc96c059fa0"], "flags":{"wb_protected":true, "old":true, "marked":true}}
{"address":"0x7fc96c059e38", "type":"STRING", "class":"0x7fc96c801668", "embedded":true, "bytesize":5, "value":"1.2.0", "encoding":"UTF-8", "flags":{"wb_protected":true, "old":true, "marked":true}}
{"address":"0x7fc96c059e88", "type":"REGEXP", "class":"0x7fc96c8491e8", "references":["0x7fc96c059d98"], "memsize":746, "flags":{"wb_protected":true, "old":true, "marked":true}}
{"address":"0x7fc96c059fa0", "type":"OBJECT", "class":"0x7fc96d040a68", "ivars":3, "references":["0x7fc96c059e38"], "flags":{"wb_protected":true, "old":true, "marked":true}}
{"address":"0x7fc96c059ff0", "type":"STRING", "class":"0x7fc96c801668", "embedded":true, "bytesize":2, "value":"~>", "encoding":"UTF-8", "flags":{"wb_protected":true, "old":true, "marked":true}}
{"address":"0x7fc96c05a0e0", "type":"ARRAY", "class":"0x7fc96c84a048", "length":1, "embedded":true, "references":["0x7fc96c059e10"], "flags":{"wb_protected":true, "old":true, "marked":true}}
{"address":"0x7fc96c05a130", "type":"OBJECT", "class":"0x7fc96d074e30", "ivars":50, "references":["0x7fc96c053448", "0x7fc96c067498", "0x7fc96c067628", "0x7fc96c0676a0", "0x7fc96c058dd0", "0x7fc96c058d58", "0x7fc96c058bf0", "0x7fc96c059488", "0x7fc96c0589e8", "0x7fc96c059438", "0x7fc96c058fd8", "0x7fc96c059d70", "0x7fc96c059cf8", "0x7fc96c058e20", "0x7fc96c059c08", "0x7fc96c059b90", "0x7fc96c059b18", "0x7fc96c058cb8", "0x7fc96c058c18", "0x7fc96c059988", "0x7fc96c059910", "0x7fc96c059898", "0x7fc96c059820", "0x7fc96c058ba0", "0x7fc96c059730", "0x7fc96c059230", "0x7fc96c059640", "0x7fc96c058b78", "0x7fc96c059500", "0x7fc96c8c82e0", "0x7fc96c0675d8"], "memsize":400, "flags":{"wb_protected":true, "old":true, "marked":true}}
{"address":"0x7fc96c05a180", "type":"STRING", "class":"0x7fc96c801668", "frozen":true, "embedded":true, "fstring":true, "bytesize":11, "value":"[0-9a-fA-F]", "encoding":"US-ASCII", "flags":{"wb_protected":true, "old":true, "marked":true}}
{"address":"0x7fc96c05a1a8", "type":"OBJECT", "class":"0x7fc96c8c2688", "ivars":3, "references":["0x7fc96c05a0e0"], "flags":{"wb_protected":true, "old":true, "marked":true}}
{"address":"0x7fc96c05a1f8", "type":"REGEXP", "class":"0x7fc96c8491e8", "references":["0x7fc96c05a180"], "memsize":508, "flags":{"wb_protected":true, "old":true, "marked":true}}
{"address":"0x7fc96c05a220", "type":"OBJECT", "class":"0x7fc96d077ae0", "ivars":5, "references":["0x7fc96c05a360", "0x7fc96c05a1a8", "0x7fc96c05a1a8"], "memsize":40, "flags":{"wb_protected":true, "old":true, "marked":true}}
{"address":"0x7fc96c05a310", "type":"STRING", "class":"0x7fc96c801668", "frozen":true, "fstring":true, "bytesize":42, "value":"Mixes in simple per-request authentication", "encoding":"UTF-8", "memsize":43, "flags":{"wb_protected":true, "old":true, "marked":true}}
{"address":"0x7fc96c05a360", "type":"STRING", "class":"0x7fc96c801668", "embedded":true, "bytesize":14, "value":"multipart-post", "encoding":"UTF-8", "flags":{"wb_protected":true, "old":true, "marked":true}}
{"address":"0x7fc96c05a6d0", "type":"STRING", "class":"0x7fc96c801668", "frozen":true, "embedded":true, "fstring":true, "bytesize":7, "value":"DESTDIR", "encoding":"US-ASCII", "flags":{"wb_protected":true, "old":true, "marked":true}}
{"address":"0x7fc96c05a900", "type":"STRING", "class":"0x7fc96c801668", "frozen":true, "embedded":true, "fstring":true, "bytesize":6, "value":"TOPDIR", "encoding":"US-ASCII", "flags":{"wb_protected":true, "old":true, "marked":true}}
{"address":"0x7fc96c05aa18", "type":"STRING", "class":"0x7fc96c801668", "frozen":true, "fstring":true, "bytesize":63, "value":"^(-?(0[dbo])?[0-9_]+(\\.[0-9_]+)?([eE]-?[0-9]+)?)(\\.|::)([^.]*)$", "encoding":"US-ASCII", "memsize":64, "flags":{"wb_protected":true, "old":true, "marked":true}}
{"address":"0x7fc96c05aa90", "type":"REGEXP", "class":"0x7fc96c8491e8", "references":["0x7fc96c871670"], "memsize":504, "flags":{"wb_protected":true, "old":true, "marked":true}}
{"address":"0x7fc96c05aab8", "type":"REGEXP", "class":"0x7fc96c8491e8", "references":["0x7fc96c05aa18"], "memsize":968, "flags":{"wb_protected":true, "old":true, "marked":true}}
{"address":"0x7fc96c05ad10", "type":"STRING", "class":"0x7fc96c801668", "embedded":true, "bytesize":5, "value":"2.2.0", "encoding":"UTF-8", "flags":{"wb_protected":true, "old":true, "marked":true}}
{"address":"0x7fc96c05ad60", "type":"STRING", "class":"0x7fc96c801668", "frozen":true, "embedded":true, "fstring":true, "bytesize":14, "value":"@require_paths", "encoding":"US-ASCII", "flags":{"wb_protected":true, "old":true, "marked":true}}
{"address":"0x7fc96c05ae00", "type":"REGEXP", "class":"0x7fc96c8491e8", "references":["0x7fc96c871670"], "memsize":504, "flags":{"wb_protected":true, "old":true, "marked":true}}
{"address":"0x7fc96c05ae50", "type":"STRING", "class":"0x7fc96c801668", "frozen":true, "embedded":true, "fstring":true, "bytesize":14, "value":"@ignore_sigint", "encoding":"US-ASCII", "flags":{"wb_protected":true, "old":true, "marked":true}}
{"address":"0x7fc96c05af18", "type":"OBJECT", "class":"0x7fc96d040a68", "ivars":3, "references":["0x7fc96c05ad10"], "flags":{"wb_protected":true, "old":true, "marked":true}}
{"address":"0x7fc96c05af68", "type":"STRING", "class":"0x7fc96c801668", "shared":true, "encoding":"UTF-8", "references":["0x7fc96c05afe0"], "flags":{"wb_protected":true, "old":true, "marked":true}}
{"address":"0x7fc96c05afb8", "type":"STRING", "class":"0x7fc96c801668", "frozen":true, "embedded":true, "fstring":true, "bytesize":9, "value":"math_mode", "encoding":"US-ASCII", "flags":{"wb_protected":true, "old":true, "marked":true}}
{"address":"0x7fc96c05afe0", "type":"STRING", "class":"0x7fc96c801668", "frozen":true, "bytesize":29, "value":"HTTP/REST API client library.", "encoding":"UTF-8", "memsize":30, "flags":{"wb_protected":true, "old":true, "marked":true}}
{"address":"0x7fc96c05b0d0", "type":"STRING", "class":"0x7fc96c801668", "embedded":true, "bytesize":5, "value":"2.2.0", "encoding":"UTF-8", "flags":{"wb_protected":true, "old":true, "marked":true}}
{"address":"0x7fc96c05b0f8", "type":"ARRAY", "class":"0x7fc96c84a048", "length":1, "embedded":true, "references":["0x7fc96c05b120"], "flags":{"wb_protected":true, "old":true, "marked":true}}
{"address":"0x7fc96c05b120", "type":"STRING", "class":"0x7fc96c801668", "embedded":true, "bytesize":3, "value":"MIT", "encoding":"UTF-8", "flags":{"wb_protected":true, "old":true, "marked":true}}
{"address":"0x7fc96c05b148", "type":"STRING", "class":"0x7fc96c801668", "shared":true, "encoding":"UTF-8", "references":["0x7fc96c860e10"], "flags":{"wb_protected":true, "old":true, "marked":true}}
{"address":"0x7fc96c05b170", "type":"STRING", "class":"0x7fc96c801668", "embedded":true, "bytesize":22, "value":"technoweenie@gmail.com", "encoding":"UTF-8", "flags":{"wb_protected":true, "old":true, "marked":true}}
{"address":"0x7fc96c05b1c0", "type":"DATA", "class":"0x7fc96c841150", "struct":"time", "memsize":88, "flags":{"remembered":true}}
{"address":"0x7fc96c05b260", "type":"STRING", "class":"0x7fc96c801668", "frozen":true, "embedded":true, "fstring":true, "bytesize":6, "value":"PREFIX", "encoding":"US-ASCII", "flags":{"wb_protected":true, "old":true, "marked":true}}
{"address":"0x7fc96c05b378", "type":"STRING", "class":"0x7fc96c801668", "frozen":true, "embedded":true, "fstring":true, "bytesize":3, "value":"sep", "encoding":"US-ASCII", "flags":{"wb_protected":true, "old":true, "marked":true}}
{"address":"0x7fc96c05b3c8", "type":"ARRAY", "class":"0x7fc96c84a048", "length":1, "embedded":true, "references":["0x7fc96c05b4b8"], "flags":{"wb_protected":true, "old":true, "marked":true}}
{"address":"0x7fc96c05b468", "type":"STRING", "class":"0x7fc96c801668", "frozen":true, "embedded":true, "fstring":true, "bytesize":2, "value":"lc", "encoding":"US-ASCII", "flags":{"wb_protected":true, "old":true, "marked":true}}
{"address":"0x7fc96c05b4b8", "type":"STRING", "class":"0x7fc96c801668", "embedded":true, "bytesize":10, "value":"Rick Olson", "encoding":"UTF-8", "flags":{"wb_protected":true, "old":true, "marked":true}}
{"address":"0x7fc96c05b4e0", "type":"ARRAY", "class":"0x7fc96c84a048", "length":1, "embedded":true, "references":["0x7fc96c05b508"], "flags":{"wb_protected":true, "old":true, "marked":true}}
{"address":"0x7fc96c05b508", "type":"STRING", "class":"0x7fc96c801668", "embedded":true, "bytesize":3, "value":"lib", "encoding":"UTF-8", "flags":{"wb_protected":true, "old":true, "marked":true}}
{"address":"0x7fc96c05b530", "type":"ARRAY", "class":"0x7fc96c84a048", "length":2, "embedded":true, "references":["0x7fc96c05b800", "0x7fc96c05b788"], "flags":{"wb_protected":true, "old":true, "marked":true}}
{"address":"0x7fc96c05b558", "type":"STRING", "class":"0x7fc96c801668", "embedded":true, "bytesize":5, "value":"1.3.6", "encoding":"UTF-8", "flags":{"wb_protected":true, "old":true, "marked":true}}
{"address":"0x7fc96c05b580", "type":"STRING", "class":"0x7fc96c801668", "frozen":true, "embedded":true, "fstring":true, "bytesize":14, "value":"each_sublocale", "encoding":"US-ASCII", "flags":{"wb_protected":true, "old":true, "marked":true}}
{"address":"0x7fc96c05b5d0", "type":"STRING", "class":"0x7fc96c801668", "frozen":true, "fstring":true, "bytesize":25, "value":"^(:[^:.]+)(\\.|::)([^.]*)$", "encoding":"US-ASCII", "memsize":26, "flags":{"wb_protected":true, "old":true, "marked":true}}
{"address":"0x7fc96c05b648", "type":"REGEXP", "class":"0x7fc96c8491e8", "references":["0x7fc96c05b5d0"], "memsize":665, "flags":{"wb_protected":true, "old":true, "marked":true}}
{"address":"0x7fc96c05b698", "type":"STRING", "class":"0x7fc96c801668", "frozen":true, "embedded":true, "fstring":true, "bytesize":7, "value":"to_ruby", "encoding":"US-ASCII", "flags":{"wb_protected":true, "old":true, "marked":true}}
{"address":"0x7fc96c05b6c0", "type":"STRING", "class":"0x7fc96c801668", "frozen":true, "fstring":true, "bytesize":73, "capacity":122, "value":"/usr/local/Cellar/ruby/2.1.1/lib/ruby/2.1.0/x86_64-darwin13.0/rbconfig.rb", "encoding":"US-ASCII", "memsize":123, "flags":{"wb_protected":true, "old":true, "marked":true}}
{"address":"0x7fc96c05b760", "type":"STRING", "class":"0x7fc96c801668", "frozen":true, "embedded":true, "fstring":true, "bytesize":12, "value":"inspect_mode", "encoding":"US-ASCII", "flags":{"wb_protected":true, "old":true, "marked":true}}
{"address":"0x7fc96c05b788", "type":"OBJECT", "class":"0x7fc96d040a68", "ivars":3, "references":["0x7fc96c05b558"], "flags":{"wb_protected":true, "old":true, "marked":true}}
{"address":"0x7fc96c05b800", "type":"STRING", "class":"0x7fc96c801668", "embedded":true, "bytesize":2, "value":">=", "encoding":"UTF-8", "flags":{"wb_protected":true, "old":true, "marked":true}}
{"address":"0x7fc96c05b968", "type":"ARRAY", "class":"0x7fc96c84a048", "length":1, "embedded":true, "references":["0x7fc96c05b530"], "flags":{"wb_protected":true, "old":true, "marked":true}}
{"address":"0x7fc96c05ba08", "type":"OBJECT", "class":"0x7fc96c8c2688", "ivars":3, "references":["0x7fc96c05b968"], "flags":{"wb_protected":true, "old":true, "marked":true}}
{"address":"0x7fc96c05baa8", "type":"STRING", "class":"0x7fc96c801668", "embedded":true, "bytesize":5, "value":"0.8.9", "encoding":"UTF-8", "flags":{"wb_protected":true, "old":true, "marked":true}}
{"address":"0x7fc96c05bc38", "type":"OBJECT", "class":"0x7fc96d040a68", "ivars":3, "references":["0x7fc96c05baa8"], "flags":{"wb_protected":true, "old":true, "marked":true}}
{"address":"0x7fc96c05bcb0", "type":"STRING", "class":"0x7fc96c801668", "embedded":true, "bytesize":7, "value":"faraday", "encoding":"UTF-8", "flags":{"wb_protected":true, "old":true, "marked":true}}
{"address":"0x7fc96c05bd50", "type":"ARRAY", "class":"0x7fc96c84a048", "length":0, "flags":{"wb_protected":true, "old":true, "marked":true}}
{"address":"0x7fc96c05bdf0", "type":"STRING", "class":"0x7fc96c801668", "frozen":true, "embedded":true, "fstring":true, "bytesize":8, "value":"@verbose", "encoding":"US-ASCII", "flags":{"wb_protected":true, "old":true, "marked":true}}
{"address":"0x7fc96c05be18", "type":"STRING", "class":"0x7fc96c801668", "frozen":true, "embedded":true, "fstring":true, "bytesize":9, "value":"TkCOMMENT", "encoding":"US-ASCII", "flags":{"wb_protected":true, "old":true, "marked":true}}
{"address":"0x7fc96c05be68", "type":"STRING", "class":"0x7fc96c801668", "frozen":true, "embedded":true, "fstring":true, "bytesize":16, "value":"@test_suite_file", "encoding":"US-ASCII", "flags":{"wb_protected":true, "old":true, "marked":true}}
{"address":"0x7fc96c05bf30", "type":"ARRAY", "class":"0x7fc96c84a048", "length":0, "flags":{"wb_protected":true, "old":true, "marked":true}}
{"address":"0x7fc96c064040", "type":"STRING", "class":"0x7fc96c801668", "frozen":true, "embedded":true, "bytesize":2, "value":"-@", "encoding":"UTF-8", "flags":{"wb_protected":true, "old":true, "marked":true}}
{"address":"0x7fc96c064068", "type":"ARRAY", "class":"0x7fc96c84a048", "length":1, "embedded":true, "references":["0x7fc96c064130"], "flags":{"wb_protected":true, "old":true, "marked":true}}
{"address":"0x7fc96c0640b8", "type":"DATA", "class":"0x7fc96c833488", "struct":"iseq", "references":["0x7fc96c0642e8", "0x7fc96d042520", "0x7fc96c8c1f58", "0x7fc96c8c1f58", "0x7fc96c0643b0"], "memsize":664, "flags":{"wb_protected":true, "old":true, "marked":true}}
{"address":"0x7fc96c0640e0", "type":"STRING", "class":"0x7fc96c801668", "frozen":true, "embedded":true, "bytesize":19, "value":"RubyToken::TkUMINUS", "encoding":"US-ASCII", "flags":{"wb_protected":true, "old":true, "marked":true}}
{"address":"0x7fc96c064108", "type":"CLASS", "class":"0x7fc96c802e28", "name":"Class", "references":["0x7fc96c064130", "0x7fc96d0461c0"], "memsize":672, "flags":{"wb_protected":true, "old":true, "marked":true}}
{"address":"0x7fc96c064130", "type":"CLASS", "class":"0x7fc96c064108", "name":"RubyToken::TkUMINUS", "references":["0x7fc96c0640e0", "0x7fc96d0461e8"], "memsize":672, "flags":{"wb_protected":true, "old":true, "marked":true}}
{"address":"0x7fc96c064158", "type":"DATA", "class":"0x7fc96c833488", "struct":"iseq", "references":["0x7fc96c064310", "0x7fc96c064180", "0x7fc96d042520", "0x7fc96c8c1f58", "0x7fc96c8c1f58", "0x7fc96c0643b0"], "memsize":712, "flags":{"wb_protected":true, "old":true, "marked":true}}
{"address":"0x7fc96c064180", "type":"STRING", "class":"0x7fc96c801668", "frozen":true, "fstring":true, "bytesize":30, "capacity":48, "value":"ensure in suspend_input_method", "memsize":49, "flags":{"wb_protected":true, "old":true, "marked":true}}
{"address":"0x7fc96c0641a8", "type":"STRING", "class":"0x7fc96c801668", "shared":true, "encoding":"US-ASCII", "references":["0x7fc96c8c6698"], "flags":{"wb_protected":true, "old":true, "marked":true}}
{"address":"0x7fc96c0641d0", "type":"STRING", "class":"0x7fc96c801668", "shared":true, "encoding":"UTF-8", "references":["0x7fc96c064248"], "flags":{"wb_protected":true, "old":true, "marked":true}}
{"address":"0x7fc96c0641f8", "type":"ARRAY", "length":4, "references":["0x7fc96c0642c0", "0x7fc96c064158", "0x7fc96c065260", "0x7fc96c064158"], "memsize":160, "flags":{"wb_protected":true, "old":true, "marked":true}}
{"address":"0x7fc96c064248", "type":"STRING", "class":"0x7fc96c801668", "frozen":true, "bytesize":66, "value":"Module to format an Array as an Array of String aligned in columns", "encoding":"UTF-8", "memsize":67, "flags":{"wb_protected":true, "old":true, "marked":true}}
{"address":"0x7fc96c0642c0", "type":"DATA", "class":"0x7fc96c833488", "struct":"iseq", "references":["0x7fc96c0642e8", "0x7fc96d042520", "0x7fc96c8c1f58", "0x7fc96c8c1f58", "0x7fc96c0643b0"], "memsize":648, "flags":{"wb_protected":true, "old":true, "marked":true}}
{"address":"0x7fc96c0642e8", "type":"STRING", "class":"0x7fc96c801668", "frozen":true, "fstring":true, "bytesize":29, "capacity":120, "value":"block in suspend_input_method", "memsize":121, "flags":{"wb_protected":true, "old":true, "marked":true}}
{"address":"0x7fc96c064310", "type":"ARRAY", "length":1, "embedded":true, "references":["0x7fc96c0640b8"], "flags":{"wb_protected":true, "old":true, "marked":true}}
{"address":"0x7fc96c0643b0", "type":"NODE", "node_type":"NODE_CREF", "references":["0x7fc96c03fda8", "0x7fc96c066480"], "flags":{"wb_protected":true, "old":true, "marked":true}}
{"address":"0x7fc96c0643d8", "type":"DATA", "class":"0x7fc96c833488", "struct":"iseq", "references":["0x7fc96c0641f8", "0x7fc96d042520", "0x7fc96d042520", "0x7fc96c8c1f58", "0x7fc96c8c1f58", "0x7fc96c0643b0", "0x7fc96c03fda8"], "memsize":1664, "flags":{"wb_protected":true, "old":true, "marked":true}}
{"address":"0x7fc96c064400", "type":"STRING", "class":"0x7fc96c801668", "embedded":true, "bytesize":5, "value":"2.0.6", "encoding":"UTF-8", "flags":{"wb_protected":true, "old":true, "marked":true}}
{"address":"0x7fc96c064428", "type":"ARRAY", "length":2, "embedded":true, "references":["0x7fc96c0644a0", "0x7fc96c0644a0"], "flags":{"wb_protected":true, "old":true, "marked":true}}
{"address":"0x7fc96c064450", "type":"STRING", "class":"0x7fc96c801668", "embedded":true, "bytesize":9, "value":"columnize", "encoding":"UTF-8", "flags":{"wb_protected":true, "old":true, "marked":true}}
{"address":"0x7fc96c064478", "type":"ARRAY", "class":"0x7fc96c84a048", "length":2, "embedded":true, "references":["0x7fc96c0647c0", "0x7fc96c064720"], "flags":{"wb_protected":true, "old":true, "marked":true}}
{"address":"0x7fc96c0644a0", "type":"DATA", "class":"0x7fc96c833488", "struct":"iseq", "references":["0x7fc96c0644c8", "0x7fc96d042bd8", "0x7fc96c8c1f58", "0x7fc96c8c1f58", "0x7fc96c064568"], "memsize":696, "flags":{"wb_protected":true, "old":true, "marked":true}}
{"address":"0x7fc96c0644c8", "type":"STRING", "class":"0x7fc96c801668", "frozen":true, "fstring":true, "bytesize":27, "capacity":48, "value":"ensure in suspend_workspace", "memsize":49, "flags":{"wb_protected":true, "old":true, "marked":true}}
{"address":"0x7fc96c0644f0", "type":"STRING", "class":"0x7fc96c801668", "embedded":true, "bytesize":5, "value":"1.8.2", "encoding":"UTF-8", "flags":{"wb_protected":true, "old":true, "marked":true}}
{"address":"0x7fc96c064568", "type":"NODE", "node_type":"NODE_CREF", "references":["0x7fc96c03fda8", "0x7fc96c066480"], "flags":{"wb_protected":true, "old":true, "marked":true}}
{"address":"0x7fc96c064590", "type":"DATA", "class":"0x7fc96c833488", "struct":"iseq", "references":["0x7fc96c064428", "0x7fc96d042bd8", "0x7fc96d042bd8", "0x7fc96c8c1f58", "0x7fc96c8c1f58", "0x7fc96c064568", "0x7fc96c03fda8"], "memsize":1720, "flags":{"wb_protected":true, "old":true, "marked":true}}
{"address":"0x7fc96c0645e0", "type":"ARRAY", "length":2, "embedded":true, "references":["0x7fc96c064658", "0x7fc96c064658"], "flags":{"wb_protected":true, "old":true, "marked":true}}
{"address":"0x7fc96c064658", "type":"DATA", "class":"0x7fc96c833488", "struct":"iseq", "references":["0x7fc96c064680", "0x7fc96d0438d0", "0x7fc96c8c1f58", "0x7fc96c8c1f58", "0x7fc96c064748"], "memsize":1128, "flags":{"wb_protected":true, "old":true, "marked":true}}
{"address":"0x7fc96c064680", "type":"STRING", "class":"0x7fc96c801668", "frozen":true, "embedded":true, "fstring":true, "bytesize":22, "value":"ensure in suspend_name", "flags":{"wb_protected":true, "old":true, "marked":true}}
{"address":"0x7fc96c0646f8", "type":"STRING", "class":"0x7fc96c801668", "frozen":true, "bytesize":65, "capacity":1026, "value":"/Users/antoine/.rvm/gems/ruby-2.0.0-p247/gems/mixlib-config-1.1.2", "encoding":"US-ASCII", "memsize":1027, "flags":{"wb_protected":true, "old":true, "marked":true}}
{"address":"0x7fc96c064720", "type":"OBJECT", "class":"0x7fc96d040a68", "ivars":3, "references":["0x7fc96c0644f0"], "flags":{"wb_protected":true, "old":true, "marked":true}}
{"address":"0x7fc96c064748", "type":"NODE", "node_type":"NODE_CREF", "references":["0x7fc96c03fda8", "0x7fc96c066480"], "flags":{"wb_protected":true, "old":true, "marked":true}}
{"address":"0x7fc96c064770", "type":"DATA", "class":"0x7fc96c833488", "struct":"iseq", "references":["0x7fc96c0645e0", "0x7fc96d0438d0", "0x7fc96d0438d0", "0x7fc96c8c1f58", "0x7fc96c8c1f58", "0x7fc96c064748", "0x7fc96c03fda8"], "memsize":3128, "flags":{"wb_protected":true, "old":true, "marked":true}}
{"address":"0x7fc96c064798", "type":"STRING", "class":"0x7fc96c801668", "shared":true, "encoding":"US-ASCII", "references":["0x7fc96c0646f8"], "flags":{"wb_protected":true, "old":true, "marked":true}}
{"address":"0x7fc96c0647c0", "type":"STRING", "class":"0x7fc96c801668", "embedded":true, "bytesize":2, "value":">=", "encoding":"UTF-8", "flags":{"wb_protected":true, "old":true, "marked":true}}
{"address":"0x7fc96c064838", "type":"ARRAY", "length":1, "embedded":true, "references":["0x7fc96c064e50"], "flags":{"wb_protected":true, "old":true, "marked":true}}
{"address":"0x7fc96c064888", "type":"STRING", "class":"0x7fc96c801668", "embedded":true, "bytesize":19, "value":"mixlib-config-1.1.2", "encoding":"UTF-8", "flags":{"wb_protected":true, "old":true, "marked":true}}
{"address":"0x7fc96c0648b0", "type":"STRING", "class":"0x7fc96c801668", "frozen":true, "fstring":true, "bytesize":54, "value":"Error: irb does not work for $SAFE level higher than 2", "encoding":"UTF-8", "memsize":55, "flags":{"wb_protected":true, "old":true, "marked":true}}
{"address":"0x7fc96c0648d8", "type":"STRING", "class":"0x7fc96c801668", "frozen":true, "embedded":true, "fstring":true, "bytesize":15, "value":"Maybe IRB bug!\n", "encoding":"UTF-8", "flags":{"wb_protected":true, "old":true, "marked":true}}
{"address":"0x7fc96c064900", "type":"STRING", "class":"0x7fc96c801668", "frozen":true, "embedded":true, "fstring":true, "bytesize":17, "value":"... %d levels...\n", "encoding":"UTF-8", "flags":{"wb_protected":true, "old":true, "marked":true}}
{"address":"0x7fc96c064950", "type":"ARRAY", "length":2, "embedded":true, "references":["0x7fc96c0649f0", "0x7fc96c0649f0"], "flags":{"wb_protected":true, "old":true, "marked":true}}
{"address":"0x7fc96c064978", "type":"STRING", "class":"0x7fc96c801668", "bytesize":45, "capacity":128, "value":"/Users/antoine/.rvm/gems/ruby-2.0.0-p247/gems", "encoding":"US-ASCII", "memsize":129, "flags":{"wb_protected":true, "old":true, "marked":true}}
{"address":"0x7fc96c0649a0", "type":"STRING", "class":"0x7fc96c801668", "frozen":true, "embedded":true, "bytesize":2, "value":"+@", "encoding":"UTF-8", "flags":{"wb_protected":true, "old":true, "marked":true}}
{"address":"0x7fc96c0649c8", "type":"ARRAY", "class":"0x7fc96c84a048", "length":1, "embedded":true, "references":["0x7fc96c064b30"], "flags":{"wb_protected":true, "old":true, "marked":true}}
{"address":"0x7fc96c0649f0", "type":"STRING", "class":"0x7fc96c801668", "frozen":true, "embedded":true, "fstring":true, "bytesize":6, "value":"\tfrom ", "encoding":"UTF-8", "flags":{"wb_protected":true, "old":true, "marked":true}}
{"address":"0x7fc96c064a40", "type":"STRING", "class":"0x7fc96c801668", "frozen":true, "embedded":true, "bytesize":18, "value":"RubyToken::TkUPLUS", "encoding":"US-ASCII", "flags":{"wb_protected":true, "old":true, "marked":true}}
{"address":"0x7fc96c064a68", "type":"CLASS", "class":"0x7fc96c802e28", "name":"Class", "references":["0x7fc96c064b30", "0x7fc96d0461c0"], "memsize":672, "flags":{"wb_protected":true, "old":true, "marked":true}}
{"address":"0x7fc96c064a90", "type":"ARRAY", "class":"0x7fc96c84a048", "length":1, "embedded":true, "references":["0x7fc96c064478"], "flags":{"wb_protected":true, "old":true, "marked":true}}
{"address":"0x7fc96c064ab8", "type":"DATA", "class":"0x7fc96c833488", "struct":"iseq", "references":["0x7fc96c064950", "0x7fc96c064b08", "0x7fc96c8b31d8", "0x7fc96c8c1f58", "0x7fc96c8c1f58", "0x7fc96c065620"], "memsize":3984, "flags":{"wb_protected":true, "old":true, "marked":true}}
{"address":"0x7fc96c064ae0", "type":"STRING", "class":"0x7fc96c801668", "frozen":true, "embedded":true, "fstring":true, "bytesize":4, "value":"bump", "encoding":"US-ASCII", "flags":{"wb_protected":true, "old":true, "marked":true}}
{"address":"0x7fc96c064b08", "type":"STRING", "class":"0x7fc96c801668", "frozen":true, "fstring":true, "bytesize":30, "capacity":120, "value":"block (3 levels) in eval_input", "memsize":121, "flags":{"wb_protected":true, "old":true, "marked":true}}
{"address":"0x7fc96c064b30", "type":"CLASS", "class":"0x7fc96c064a68", "name":"RubyToken::TkUPLUS", "references":["0x7fc96c064a40", "0x7fc96d0461e8"], "memsize":672, "flags":{"wb_protected":true, "old":true, "marked":true}}
{"address":"0x7fc96c064ba8", "type":"OBJECT", "class":"0x7fc96c8c2688", "ivars":3, "references":["0x7fc96c064a90"], "flags":{"wb_protected":true, "old":true, "marked":true}}
{"address":"0x7fc96c064bd0", "type":"STRING", "class":"0x7fc96c801668", "bytesize":40, "value":"/Users/antoine/.rvm/gems/ruby-2.0.0-p247", "encoding":"US-ASCII", "memsize":41, "flags":{"wb_protected":true, "old":true, "marked":true}}
{"address":"0x7fc96c064bf8", "type":"ARRAY", "class":"0x7fc96c84a048", "length":1, "embedded":true, "references":["0x7fc96c064c20"], "flags":{"wb_protected":true, "old":true, "marked":true}}
{"address":"0x7fc96c064c20", "type":"STRING", "class":"0x7fc96c801668", "embedded":true, "bytesize":3, "value":"lib", "encoding":"UTF-8", "flags":{"wb_protected":true, "old":true, "marked":true}}
{"address":"0x7fc96c064c48", "type":"ARRAY", "class":"0x7fc96c84a048", "length":4, "references":["0x7fc96c064d10", "0x7fc96c064ce8", "0x7fc96c064cc0", "0x7fc96c064c70"], "memsize":32, "flags":{"wb_protected":true, "old":true, "marked":true}}
{"address":"0x7fc96c064c70", "type":"STRING", "class":"0x7fc96c801668", "shared":true, "encoding":"UTF-8", "references":["0x7fc96c0671c8"], "flags":{"wb_protected":true, "old":true, "marked":true}}
{"address":"0x7fc96c064c98", "type":"ARRAY", "length":13, "references":["0x7fc96c064d88", "0x7fc96c064ab8", "0x7fc96c051d78", "0x7fc96d801978", "0x7fc96c8a99a8", "0x7fc96c8a97f0", "0x7fc96d801978", "0x7fc96d801978", "0x7fc96c064900", "0x7fc96d801978", "0x7fc96c0648d8", "0x7fc96c0648b0", "0x7fc96c064d88"], "memsize":160, "flags":{"wb_protected":true, "old":true, "marked":true}}
{"address":"0x7fc96c064cc0", "type":"STRING", "class":"0x7fc96c801668", "embedded":true, "bytesize":7, "value":"--title", "encoding":"UTF-8", "flags":{"wb_protected":true, "old":true, "marked":true}}
{"address":"0x7fc96c064ce8", "type":"STRING", "class":"0x7fc96c801668", "embedded":true, "bytesize":6, "value":"README", "encoding":"UTF-8", "flags":{"wb_protected":true, "old":true, "marked":true}}
{"address":"0x7fc96c064d10", "type":"STRING", "class":"0x7fc96c801668", "embedded":true, "bytesize":6, "value":"--main", "encoding":"UTF-8", "flags":{"wb_protected":true, "old":true, "marked":true}}
{"address":"0x7fc96c064d38", "type":"ARRAY", "class":"0x7fc96c84a048", "length":3, "embedded":true, "flags":{"wb_protected":true, "old":true, "marked":true}}
{"address":"0x7fc96c064d60", "type":"STRING", "class":"0x7fc96c801668", "frozen":true, "embedded":true, "fstring":true, "bytesize":9, "value":"@segments", "encoding":"US-ASCII", "flags":{"wb_protected":true, "old":true, "marked":true}}
{"address":"0x7fc96c064d88", "type":"DATA", "class":"0x7fc96c833488", "struct":"iseq", "references":["0x7fc96c064db0", "0x7fc96c8b31d8", "0x7fc96c8c1f58", "0x7fc96c8c1f58", "0x7fc96c065620"], "memsize":1856, "flags":{"wb_protected":true, "old":true, "marked":true}}
{"address":"0x7fc96c064db0", "type":"STRING", "class":"0x7fc96c801668", "frozen":true, "fstring":true, "bytesize":40, "capacity":48, "value":"rescue in block (2 levels) in eval_input", "memsize":49, "flags":{"wb_protected":true, "old":true, "marked":true}}
{"address":"0x7fc96c064dd8", "type":"ARRAY", "class":"0x7fc96c84a048", "length":2, "embedded":true, "references":["0x7fc96c064e28", "0x7fc96c064e00"], "flags":{"wb_protected":true, "old":true, "marked":true}}
{"address":"0x7fc96c064e00", "type":"STRING", "class":"0x7fc96c801668", "embedded":true, "bytesize":4, "value":"GPL2", "encoding":"UTF-8", "flags":{"wb_protected":true, "old":true, "marked":true}}
{"address":"0x7fc96c064e28", "type":"STRING", "class":"0x7fc96c801668", "embedded":true, "bytesize":4, "value":"Ruby", "encoding":"UTF-8", "flags":{"wb_protected":true, "old":true, "marked":true}}
{"address":"0x7fc96c064e50", "type":"DATA", "class":"0x7fc96c833488", "struct":"iseq", "references":["0x7fc96c064c98", "0x7fc96c0651c0", "0x7fc96c8b31d8", "0x7fc96c8c1f58", "0x7fc96c8c1f58", "0x7fc96c065620"], "memsize":7592, "flags":{"wb_protected":true, "old":true, "marked":true}}
{"address":"0x7fc96c064e78", "type":"STRING", "class":"0x7fc96c801668", "frozen":true, "fstring":true, "bytesize":47, "value":")\n\t\tExtendCommand::Source.execute(irb_context, ", "encoding":"UTF-8", "memsize":48, "flags":{"wb_protected":true, "old":true, "marked":true}}
{"address":"0x7fc96c064ea0", "type":"STRING", "class":"0x7fc96c801668", "frozen":true, "embedded":true, "fstring":true, "bytesize":23, "value":"\n\t      def irb_source(", "encoding":"UTF-8", "flags":{"wb_protected":true, "old":true, "marked":true}}
{"address":"0x7fc96c064ec8", "type":"STRING", "class":"0x7fc96c801668", "shared":true, "encoding":"UTF-8", "references":["0x7fc96c067240"], "flags":{"wb_protected":true, "old":true, "marked":true}}
{"address":"0x7fc96c064ef0", "type":"ARRAY", "length":9, "references":["0x7fc96c065008", "0x7fc96c8d10c0", "0x7fc96c8c41b8", "0x7fc96c8c40c8", "0x7fc96d856770", "0x7fc96c064ea0", "0x7fc96c064e78", "0x7fc96c8c4028", "0x7fc96d04a090"], "memsize":160, "flags":{"wb_protected":true, "old":true, "marked":true}}
{"address":"0x7fc96c064f18", "type":"DATA", "class":"0x7fc96c833488", "struct":"iseq", "references":["0x7fc96c064838", "0x7fc96c065580", "0x7fc96c8b31d8", "0x7fc96c8c1f58", "0x7fc96c8c1f58", "0x7fc96c065620"], "memsize":808, "flags":{"wb_protected":true, "old":true, "marked":true}}
{"address":"0x7fc96c064f40", "type":"ARRAY", "length":1, "embedded":true, "references":["0x7fc96c8c4438"], "flags":{"wb_protected":true, "old":true, "marked":true}}
{"address":"0x7fc96c064f68", "type":"ARRAY", "class":"0x7fc96c84a048", "length":3, "embedded":true, "references":["0x7fc96c064fe0", "0x7fc96c064fb8", "0x7fc96c064f90"], "flags":{"wb_protected":true, "old":true, "marked":true}}
{"address":"0x7fc96c064f90", "type":"STRING", "class":"0x7fc96c801668", "embedded":true, "bytesize":7, "value":"COPYING", "encoding":"UTF-8", "flags":{"wb_protected":true, "old":true, "marked":true}}
{"address":"0x7fc96c064fb8", "type":"STRING", "class":"0x7fc96c801668", "embedded":true, "bytesize":16, "value":"lib/columnize.rb", "encoding":"UTF-8", "flags":{"wb_protected":true, "old":true, "marked":true}}
{"address":"0x7fc96c064fe0", "type":"STRING", "class":"0x7fc96c801668", "embedded":true, "bytesize":9, "value":"README.md", "encoding":"UTF-8", "flags":{"wb_protected":true, "old":true, "marked":true}}
{"address":"0x7fc96c065008", "type":"DATA", "class":"0x7fc96c833488", "struct":"iseq", "references":["0x7fc96c064f40", "0x7fc96c065080", "0x7fc96d045090", "0x7fc96d04a090", "0x7fc96c065148"], "memsize":888, "flags":{"wb_protected":true, "old":true, "marked":true}}
{"address":"0x7fc96c065030", "type":"ARRAY", "length":1, "embedded":true, "references":["0x7fc96c065198"], "flags":{"wb_protected":true, "old":true, "marked":true}}
{"address":"0x7fc96c065058", "type":"ARRAY", "length":3, "embedded":true, "references":["0x7fc96d801978", "0x7fc96c0650d0", "0x7fc96d801978"], "flags":{"wb_protected":true, "old":true, "marked":true}}
{"address":"0x7fc96c065080", "type":"STRING", "class":"0x7fc96c801668", "frozen":true, "fstring":true, "bytesize":19, "capacity":120, "value":"block in irb_source", "memsize":121, "flags":{"wb_protected":true, "old":true, "marked":true}}
{"address":"0x7fc96c0650a8", "type":"ARRAY", "class":"0x7fc96c84a048", "length":3, "embedded":true, "references":["0x7fc96c0651e8", "0x7fc96c065120", "0x7fc96c0650f8"], "flags":{"wb_protected":true, "old":true, "marked":true}}
{"address":"0x7fc96c0650d0", "type":"STRING", "class":"0x7fc96c801668", "frozen":true, "embedded":true, "fstring":true, "bytesize":23, "value":"Use \"exit\" to leave %s\n", "encoding":"UTF-8", "flags":{"wb_protected":true, "old":true, "marked":true}}
{"address":"0x7fc96c0650f8", "type":"STRING", "class":"0x7fc96c801668", "embedded":true, "bytesize":7, "value":"COPYING", "encoding":"UTF-8", "flags":{"wb_protected":true, "old":true, "marked":true}}
{"address":"0x7fc96c065120", "type":"STRING", "class":"0x7fc96c801668", "embedded":true, "bytesize":16, "value":"lib/columnize.rb", "encoding":"UTF-8", "flags":{"wb_protected":true, "old":true, "marked":true}}
{"address":"0x7fc96c065148", "type":"NODE", "node_type":"NODE_CREF", "references":["0x7fc96c8c75e8", "0x7fc96c8d1408"], "flags":{"wb_protected":true, "old":true, "marked":true}}
{"address":"0x7fc96c065170", "type":"DATA", "class":"0x7fc96c833488", "struct":"iseq", "references":["0x7fc96c064ef0", "0x7fc96d045090", "0x7fc96d045090", "0x7fc96d04a090", "0x7fc96c065148", "0x7fc96c8c75e8"], "memsize":4096, "flags":{"wb_protected":true, "old":true, "marked":true}}
{"address":"0x7fc96c065198", "type":"DATA", "class":"0x7fc96c833488", "struct":"iseq", "references":["0x7fc96c065058", "0x7fc96c0651c0", "0x7fc96c8b31d8", "0x7fc96c8c1f58", "0x7fc96c8c1f58", "0x7fc96c065620"], "memsize":3432, "flags":{"wb_protected":true, "old":true, "marked":true}}
{"address":"0x7fc96c0651c0", "type":"STRING", "class":"0x7fc96c801668", "frozen":true, "fstring":true, "bytesize":30, "capacity":120, "value":"block (2 levels) in eval_input", "memsize":121, "flags":{"wb_protected":true, "old":true, "marked":true}}
{"address":"0x7fc96c0651e8", "type":"STRING", "class":"0x7fc96c801668", "embedded":true, "bytesize":9, "value":"README.md", "encoding":"UTF-8", "flags":{"wb_protected":true, "old":true, "marked":true}}
{"address":"0x7fc96c065210", "type":"STRING", "class":"0x7fc96c801668", "embedded":true, "bytesize":20, "value":"rockyb@rubyforge.net", "encoding":"UTF-8", "flags":{"wb_protected":true, "old":true, "marked":true}}
{"address":"0x7fc96c065238", "type":"STRING", "class":"0x7fc96c801668", "shared":true, "encoding":"UTF-8", "references":["0x7fc96c0672e0"], "flags":{"wb_protected":true, "old":true, "marked":true}}
{"address":"0x7fc96c065260", "type":"DATA", "class":"0x7fc96c833488", "struct":"iseq", "references":["0x7fc96c0642e8", "0x7fc96d042520", "0x7fc96c8c1f58", "0x7fc96c8c1f58", "0x7fc96c0643b0"], "memsize":648, "flags":{"wb_protected":true, "old":true, "marked":true}}
{"address":"0x7fc96c065288", "type":"DATA", "class":"0x7fc96c833488", "struct":"iseq", "references":["0x7fc96c065030", "0x7fc96c065580", "0x7fc96c8b31d8", "0x7fc96c8c1f58", "0x7fc96c8c1f58", "0x7fc96c065620"], "memsize":792, "flags":{"wb_protected":true, "old":true, "marked":true}}
{"address":"0x7fc96c0652d8", "type":"DATA", "class":"0x7fc96c841150", "struct":"time", "memsize":88, "flags":{"remembered":true}}
{"address":"0x7fc96c065300", "type":"ARRAY", "length":3, "embedded":true, "references":["0x7fc96c065558", "0x7fc96c065288", "0x7fc96c064f18"], "flags":{"wb_protected":true, "old":true, "marked":true}}
{"address":"0x7fc96c065328", "type":"ARRAY", "length":4, "references":["0x7fc96c0527c8", "0x7fc96c0527c8", "0x7fc96c8b0118", "0x7fc96d857850"], "memsize":160, "flags":{"wb_protected":true, "old":true, "marked":true}}
{"address":"0x7fc96c0653c8", "type":"STRING", "class":"0x7fc96c801668", "frozen":true, "embedded":true, "bytesize":21, "value":"RubyToken::TkBACK_REF", "encoding":"US-ASCII", "flags":{"wb_protected":true, "old":true, "marked":true}}
{"address":"0x7fc96c0653f0", "type":"CLASS", "class":"0x7fc96c802e28", "name":"Class", "references":["0x7fc96c065418", "0x7fc96d0465f8"], "memsize":672, "flags":{"wb_protected":true, "old":true, "marked":true}}
{"address":"0x7fc96c065418", "type":"CLASS", "class":"0x7fc96c0653f0", "name":"RubyToken::TkBACK_REF", "references":["0x7fc96c0653c8", "0x7fc96d046648"], "memsize":672, "flags":{"wb_protected":true, "old":true, "marked":true}}
{"address":"0x7fc96c065558", "type":"DATA", "class":"0x7fc96c833488", "struct":"iseq", "references":["0x7fc96c065328", "0x7fc96c065580", "0x7fc96c8b31d8", "0x7fc96c8c1f58", "0x7fc96c8c1f58", "0x7fc96c065620"], "memsize":7512, "flags":{"wb_protected":true, "old":true, "marked":true}}
{"address":"0x7fc96c065580", "type":"STRING", "class":"0x7fc96c801668", "frozen":true, "fstring":true, "bytesize":19, "capacity":120, "value":"block in eval_input", "memsize":121, "flags":{"wb_protected":true, "old":true, "marked":true}}
{"address":"0x7fc96c0655a8", "type":"ARRAY", "class":"0x7fc96c84a048", "length":1, "embedded":true, "references":["0x7fc96c0656c0"], "flags":{"wb_protected":true, "old":true, "marked":true}}
{"address":"0x7fc96c065620", "type":"NODE", "node_type":"NODE_CREF", "references":["0x7fc96c03fda8", "0x7fc96c066480"], "flags":{"wb_protected":true, "old":true, "marked":true}}
{"address":"0x7fc96c065648", "type":"DATA", "class":"0x7fc96c833488", "struct":"iseq", "references":["0x7fc96c065300", "0x7fc96c8b31d8", "0x7fc96c8b31d8", "0x7fc96c8c1f58", "0x7fc96c8c1f58", "0x7fc96c065620", "0x7fc96c03fda8"], "memsize":1576, "flags":{"wb_protected":true, "old":true, "marked":true}}
{"address":"0x7fc96c065670", "type":"ARRAY", "length":11, "references":["0x7fc96c065738", "0x7fc96c065648", "0x7fc96c064770", "0x7fc96c064590", "0x7fc96c0643d8", "0x7fc96d867e80", "0x7fc96d867c28", "0x7fc96d867a20", "0x7fc96d8676d8", "0x7fc96d867188", "0x7fc96d8670c0"], "memsize":160, "flags":{"wb_protected":true, "old":true, "marked":true}}
{"address":"0x7fc96c0656c0", "type":"STRING", "class":"0x7fc96c801668", "embedded":true, "bytesize":12, "value":"R. Bernstein", "encoding":"UTF-8", "flags":{"wb_protected":true, "old":true, "marked":true}}
{"address":"0x7fc96c065710", "type":"NODE", "node_type":"NODE_CREF", "references":["0x7fc96c03fda8", "0x7fc96c066480"], "flags":{"wb_protected":true, "old":true, "marked":true}}
{"address":"0x7fc96c065738", "type":"DATA", "class":"0x7fc96c833488", "struct":"iseq", "references":["0x7fc96c803be8", "0x7fc96c803be8", "0x7fc96c8c1f58", "0x7fc96c8c1f58", "0x7fc96c065710", "0x7fc96c03fda8"], "memsize":2560, "flags":{"wb_protected":true, "old":true, "marked":true}}
{"address":"0x7fc96c0657b0", "type":"NODE", "node_type":"NODE_CREF", "references":["0x7fc96c03fda8", "0x7fc96c066480"], "flags":{"wb_protected":true, "old":true, "marked":true}}
{"address":"0x7fc96c0657d8", "type":"DATA", "class":"0x7fc96c833488", "struct":"iseq", "references":["0x7fc96c065670", "0x7fc96c065800", "0x7fc96c065800", "0x7fc96c8c1f58", "0x7fc96c8c1f58", "0x7fc96c0657b0"], "memsize":4504, "flags":{"wb_protected":true, "old":true, "marked":true}}
{"address":"0x7fc96c065800", "type":"STRING", "class":"0x7fc96c801668", "frozen":true, "fstring":true, "bytesize":11, "capacity":120, "value":"<class:Irb>", "memsize":121, "flags":{"wb_protected":true, "old":true, "marked":true}}
{"address":"0x7fc96c065850", "type":"ARRAY", "length":2, "embedded":true, "references":["0x7fc96c065878", "0x7fc96c065878"], "flags":{"wb_protected":true, "old":true, "marked":true}}
{"address":"0x7fc96c065878", "type":"STRING", "class":"0x7fc96c801668", "frozen":true, "embedded":true, "fstring":true, "bytesize":21, "value":"abort then interrupt!", "encoding":"UTF-8", "flags":{"wb_protected":true, "old":true, "marked":true}}
{"address":"0x7fc96c065918", "type":"NODE", "node_type":"NODE_CREF", "references":["0x7fc96c8698a8", "0x7fc96c066688"], "flags":{"wb_protected":true, "old":true, "marked":true}}
{"address":"0x7fc96c065940", "type":"DATA", "class":"0x7fc96c833488", "struct":"iseq", "references":["0x7fc96c065850", "0x7fc96c8b2710", "0x7fc96c8b2710", "0x7fc96c8c1f58", "0x7fc96c8c1f58", "0x7fc96c065918", "0x7fc96c869628"], "memsize":1688, "flags":{"wb_protected":true, "old":true, "marked":true}}
{"address":"0x7fc96c065968", "type":"ARRAY", "class":"0x7fc96c84a048", "length":1, "embedded":true, "references":["0x7fc96c8c1e90"], "flags":{"wb_protected":true, "old":true, "marked":true}}
{"address":"0x7fc96c0659b8", "type":"NODE", "node_type":"NODE_CREF", "references":["0x7fc96c8698a8", "0x7fc96c066688"], "flags":{"wb_protected":true, "old":true, "marked":true}}
{"address":"0x7fc96c0659e0", "type":"DATA", "class":"0x7fc96c833488", "struct":"iseq", "references":["0x7fc96c8b2aa8", "0x7fc96c8b2aa8", "0x7fc96c8c1f58", "0x7fc96c8c1f58", "0x7fc96c0659b8", "0x7fc96c869628"], "memsize":696, "flags":{"wb_protected":true, "old":true, "marked":true}}
{"address":"0x7fc96c065a30", "type":"ARRAY", "length":1, "embedded":true, "references":["0x7fc96c065af8"], "flags":{"wb_protected":true, "old":true, "marked":true}}
{"address":"0x7fc96c065a58", "type":"OBJECT", "class":"0x7fc96c8c2688", "ivars":3, "references":["0x7fc96c065968"], "flags":{"wb_protected":true, "old":true, "marked":true}}
{"address":"0x7fc96c065ad0", "type":"STRING", "class":"0x7fc96c801668", "embedded":true, "bytesize":5, "value":"0.3.6", "encoding":"UTF-8", "flags":{"wb_protected":true, "old":true, "marked":true}}
{"address":"0x7fc96c065af8", "type":"DATA", "class":"0x7fc96c833488", "struct":"iseq", "references":["0x7fc96c065b20", "0x7fc96c8b30c0", "0x7fc96c8c1f58", "0x7fc96c8c1f58", "0x7fc96c065bc0"], "memsize":712, "flags":{"wb_protected":true, "old":true, "marked":true}}
{"address":"0x7fc96c065b20", "type":"STRING", "class":"0x7fc96c801668", "frozen":true, "fstring":true, "bytesize":20, "capacity":120, "value":"block in irb_at_exit", "memsize":121, "flags":{"wb_protected":true, "old":true, "marked":true}}
{"address":"0x7fc96c065b48", "type":"STRING", "class":"0x7fc96c801668", "frozen":true, "bytesize":83, "capacity":1026, "value":"/Users/antoine/.rvm/gems/ruby-2.0.0-p247/specifications/mixlib-config-1.1.2.gemspec", "encoding":"US-ASCII", "memsize":1027, "flags":{"wb_protected":true, "old":true, "marked":true}}
{"address":"0x7fc96c065b98", "type":"STRING", "class":"0x7fc96c801668", "frozen":true, "bytesize":80, "capacity":1026, "value":"/Users/antoine/.rvm/gems/ruby-2.0.0-p247/specifications/mixlib-log-1.6.0.gemspec", "encoding":"US-ASCII", "memsize":1027, "flags":{"wb_protected":true, "old":true, "marked":true}}
{"address":"0x7fc96c065bc0", "type":"NODE", "node_type":"NODE_CREF", "references":["0x7fc96c8698a8", "0x7fc96c066688"], "flags":{"wb_protected":true, "old":true, "marked":true}}
{"address":"0x7fc96c065be8", "type":"DATA", "class":"0x7fc96c833488", "struct":"iseq", "references":["0x7fc96c065a30", "0x7fc96c8b30c0", "0x7fc96c8b30c0", "0x7fc96c8c1f58", "0x7fc96c8c1f58", "0x7fc96c065bc0", "0x7fc96c869628"], "memsize":896, "flags":{"wb_protected":true, "old":true, "marked":true}}
{"address":"0x7fc96c065c38", "type":"STRING", "class":"0x7fc96c801668", "frozen":true, "embedded":true, "bytesize":20, "value":"RubyToken::TkNTH_REF", "encoding":"US-ASCII", "flags":{"wb_protected":true, "old":true, "marked":true}}
{"address":"0x7fc96c065c60", "type":"CLASS", "class":"0x7fc96c802e28", "name":"Class", "references":["0x7fc96c065c88", "0x7fc96d0465f8"], "memsize":672, "flags":{"wb_protected":true, "old":true, "marked":true}}
{"address":"0x7fc96c065c88", "type":"CLASS", "class":"0x7fc96c065c60", "name":"RubyToken::TkNTH_REF", "references":["0x7fc96c065c38", "0x7fc96d046648"], "memsize":672, "flags":{"wb_protected":true, "old":true, "marked":true}}
{"address":"0x7fc96c065d00", "type":"DATA", "class":"0x7fc96c833488", "struct":"iseq", "references":["0x7fc96c065f58", "0x7fc96c83a3a0", "0x7fc96c8c1f58", "0x7fc96c8c1f58", "0x7fc96c066020"], "memsize":728, "flags":{"wb_protected":true, "old":true, "marked":true}}
{"address":"0x7fc96c065d78", "type":"OBJECT", "class":"0x7fc96d040a68", "ivars":3, "references":["0x7fc96c065ad0"], "flags":{"wb_protected":true, "old":true, "marked":true}}
{"address":"0x7fc96c065da0", "type":"DATA", "class":"0x7fc96c833488", "struct":"iseq", "references":["0x7fc96c065dc8", "0x7fc96c83a3a0", "0x7fc96c8c1f58", "0x7fc96c8c1f58", "0x7fc96c066020"], "memsize":608, "flags":{"wb_protected":true, "old":true, "marked":true}}
{"address":"0x7fc96c065dc8", "type":"STRING", "class":"0x7fc96c801668", "frozen":true, "embedded":true, "fstring":true, "bytesize":15, "value":"ensure in start", "flags":{"wb_protected":true, "old":true, "marked":true}}
{"address":"0x7fc96c065e18", "type":"STRING", "class":"0x7fc96c801668", "embedded":true, "bytesize":9, "value":"columnize", "encoding":"UTF-8", "flags":{"wb_protected":true, "old":true, "marked":true}}
{"address":"0x7fc96c065e40", "type":"STRING", "class":"0x7fc96c801668", "frozen":true, "embedded":true, "fstring":true, "bytesize":6, "value":"SIGINT", "encoding":"UTF-8", "flags":{"wb_protected":true, "old":true, "marked":true}}
{"address":"0x7fc96c065e68", "type":"ARRAY", "length":6, "references":["0x7fc96c065f30", "0x7fc96c065da0", "0x7fc96c065d00", "0x7fc96c0527a0", "0x7fc96c065e40", "0x7fc96c065da0"], "memsize":160, "flags":{"wb_protected":true, "old":true, "marked":true}}
{"address":"0x7fc96c065ee0", "type":"ARRAY", "class":"0x7fc96c84a048", "length":0, "flags":{"wb_protected":true, "old":true, "marked":true}}
{"address":"0x7fc96c065f30", "type":"DATA", "class":"0x7fc96c833488", "struct":"iseq", "references":["0x7fc96c065f58", "0x7fc96c83a3a0", "0x7fc96c8c1f58", "0x7fc96c8c1f58", "0x7fc96c066020"], "memsize":728, "flags":{"wb_protected":true, "old":true, "marked":true}}
{"address":"0x7fc96c065f58", "type":"STRING", "class":"0x7fc96c801668", "frozen":true, "fstring":true, "bytesize":14, "capacity":120, "value":"block in start", "memsize":121, "flags":{"wb_protected":true, "old":true, "marked":true}}
{"address":"0x7fc96c066020", "type":"NODE", "node_type":"NODE_CREF", "references":["0x7fc96c8698a8", "0x7fc96c066688"], "flags":{"wb_protected":true, "old":true, "marked":true}}
{"address":"0x7fc96c066048", "type":"DATA", "class":"0x7fc96c833488", "struct":"iseq", "references":["0x7fc96c065e68", "0x7fc96c83a3a0", "0x7fc96c83a3a0", "0x7fc96c8c1f58", "0x7fc96c8c1f58", "0x7fc96c066020", "0x7fc96c869628"], "memsize":4936, "flags":{"wb_protected":true, "old":true, "marked":true}}
{"address":"0x7fc96c0660c0", "type":"NODE", "node_type":"NODE_CREF", "references":["0x7fc96c8698a8", "0x7fc96c066688"], "flags":{"wb_protected":true, "old":true, "marked":true}}
{"address":"0x7fc96c0660e8", "type":"DATA", "class":"0x7fc96c833488", "struct":"iseq", "references":["0x7fc96c8b87f0", "0x7fc96c8b87f0", "0x7fc96c8c1f58", "0x7fc96c8c1f58", "0x7fc96c0660c0", "0x7fc96c869628"], "memsize":912, "flags":{"wb_protected":true, "old":true, "marked":true}}
{"address":"0x7fc96c066110", "type":"ARRAY", "length":4, "references":["0x7fc96c066160", "0x7fc96c8b8fe8", "0x7fc96c0527c8", "0x7fc96c066138"], "memsize":160, "flags":{"wb_protected":true, "old":true, "marked":true}}
{"address":"0x7fc96c066138", "type":"STRING", "class":"0x7fc96c801668", "frozen":true, "embedded":true, "fstring":true, "bytesize":10, "value":"irb %s(%s)", "encoding":"UTF-8", "flags":{"wb_protected":true, "old":true, "marked":true}}
{"address":"0x7fc96c066160", "type":"STRING", "class":"0x7fc96c801668", "frozen":true, "embedded":true, "fstring":true, "bytesize":11, "value":"irb/version", "encoding":"UTF-8", "flags":{"wb_protected":true, "old":true, "marked":true}}
{"address":"0x7fc96c066188", "type":"STRING", "class":"0x7fc96c801668", "frozen":true, "embedded":true, "fstring":true, "bytesize":8, "value":"correct?", "encoding":"US-ASCII", "flags":{"wb_protected":true, "old":true, "marked":true}}
{"address":"0x7fc96c0661b0", "type":"ARRAY", "class":"0x7fc96c84a048", "length":0, "flags":{"wb_protected":true, "old":true, "marked":true}}
{"address":"0x7fc96c066200", "type":"NODE", "node_type":"NODE_CREF", "references":["0x7fc96c8698a8", "0x7fc96c066688"], "flags":{"wb_protected":true, "old":true, "marked":true}}
{"address":"0x7fc96c066228", "type":"DATA", "class":"0x7fc96c833488", "struct":"iseq", "references":["0x7fc96c066110", "0x7fc96c828a88", "0x7fc96c828a88", "0x7fc96c8c1f58", "0x7fc96c8c1f58", "0x7fc96c066200", "0x7fc96c869628"], "memsize":2192, "flags":{"wb_protected":true, "old":true, "marked":true}}
{"address":"0x7fc96c0662a0", "type":"NODE", "node_type":"NODE_CREF", "references":["0x7fc96c8698a8", "0x7fc96c066688"], "flags":{"wb_protected":true, "old":true, "marked":true}}
{"address":"0x7fc96c0662c8", "type":"DATA", "class":"0x7fc96c833488", "struct":"iseq", "references":["0x7fc96c8702c0", "0x7fc96c8702c0", "0x7fc96c8c1f58", "0x7fc96c8c1f58", "0x7fc96c0662a0", "0x7fc96c869628"], "memsize":528, "flags":{"wb_protected":true, "old":true, "marked":true}}
{"address":"0x7fc96c0662f0", "type":"ARRAY", "length":11, "references":["0x7fc96c066390", "0x7fc96c0662c8", "0x7fc96c066228", "0x7fc96c0660e8", "0x7fc96c066048", "0x7fc96c065be8", "0x7fc96c0659e0", "0x7fc96c065940", "0x7fc96c0657d8", "0x7fc96d866c38", "0x7fc96c066408"], "memsize":160, "flags":{"wb_protected":true, "old":true, "marked":true}}
{"address":"0x7fc96c066340", "type":"STRING", "class":"0x7fc96c801668", "frozen":true, "bytesize":62, "capacity":1026, "value":"/Users/antoine/.rvm/gems/ruby-2.0.0-p247/gems/mixlib-cli-1.3.0", "encoding":"US-ASCII", "memsize":1027, "flags":{"wb_protected":true, "old":true, "marked":true}}
{"address":"0x7fc96c066368", "type":"NODE", "node_type":"NODE_CREF", "references":["0x7fc96c03fe98", "0x7fc96c066480"], "flags":{"wb_protected":true, "old":true, "marked":true}}
{"address":"0x7fc96c066390", "type":"DATA", "class":"0x7fc96c833488", "struct":"iseq", "references":["0x7fc96c0663b8", "0x7fc96c0663b8", "0x7fc96c8c1f58", "0x7fc96c8c1f58", "0x7fc96c066368"], "memsize":416, "flags":{"wb_protected":true, "old":true, "marked":true}}
{"address":"0x7fc96c0663b8", "type":"STRING", "class":"0x7fc96c801668", "frozen":true, "fstring":true, "bytesize":13, "capacity":120, "value":"<class:Abort>", "memsize":121, "flags":{"wb_protected":true, "old":true, "marked":true}}
{"address":"0x7fc96c0663e0", "type":"STRING", "class":"0x7fc96c801668", "shared":true, "encoding":"US-ASCII", "references":["0x7fc96c066340"], "flags":{"wb_protected":true, "old":true, "marked":true}}
{"address":"0x7fc96c066408", "type":"STRING", "class":"0x7fc96c801668", "frozen":true, "fstring":true, "bytesize":47, "value":"-$Id: irb.rb 42045 2013-07-18 13:50:32Z zzak $-", "encoding":"UTF-8", "memsize":48, "flags":{"wb_protected":true, "old":true, "marked":true}}
{"address":"0x7fc96c066480", "type":"NODE", "node_type":"NODE_CREF", "references":["0x7fc96c8698a8", "0x7fc96c066688"], "flags":{"wb_protected":true, "old":true, "marked":true}}
{"address":"0x7fc96c0664a8", "type":"DATA", "class":"0x7fc96c833488", "struct":"iseq", "references":["0x7fc96c0662f0", "0x7fc96c0664d0", "0x7fc96c0664d0", "0x7fc96c8c1f58", "0x7fc96c8c1f58", "0x7fc96c066480"], "memsize":4536, "flags":{"wb_protected":true, "old":true, "marked":true}}
{"address":"0x7fc96c0664d0", "type":"STRING", "class":"0x7fc96c801668", "frozen":true, "fstring":true, "bytesize":12, "capacity":120, "value":"<module:IRB>", "memsize":121, "flags":{"wb_protected":true, "old":true, "marked":true}}
{"address":"0x7fc96c066520", "type":"STRING", "class":"0x7fc96c801668", "frozen":true, "embedded":true, "fstring":true, "bytesize":10, "value":"irb/locale", "encoding":"UTF-8", "flags":{"wb_protected":true, "old":true, "marked":true}}
{"address":"0x7fc96c066548", "type":"STRING", "class":"0x7fc96c801668", "frozen":true, "embedded":true, "fstring":true, "bytesize":16, "value":"irb/input-method", "encoding":"UTF-8", "flags":{"wb_protected":true, "old":true, "marked":true}}
{"address":"0x7fc96c066570", "type":"STRING", "class":"0x7fc96c801668", "frozen":true, "embedded":true, "fstring":true, "bytesize":12, "value":"irb/ruby-lex", "encoding":"UTF-8", "flags":{"wb_protected":true, "old":true, "marked":true}}
{"address":"0x7fc96c066598", "type":"STRING", "class":"0x7fc96c801668", "frozen":true, "embedded":true, "fstring":true, "bytesize":18, "value":"irb/extend-command", "encoding":"UTF-8", "flags":{"wb_protected":true, "old":true, "marked":true}}
{"address":"0x7fc96c0665c0", "type":"STRING", "class":"0x7fc96c801668", "frozen":true, "embedded":true, "fstring":true, "bytesize":11, "value":"irb/context", "encoding":"UTF-8", "flags":{"wb_protected":true, "old":true, "marked":true}}
{"address":"0x7fc96c0665e8", "type":"STRING", "class":"0x7fc96c801668", "frozen":true, "embedded":true, "fstring":true, "bytesize":8, "value":"irb/init", "encoding":"UTF-8", "flags":{"wb_protected":true, "old":true, "marked":true}}
{"address":"0x7fc96c066610", "type":"STRING", "class":"0x7fc96c801668", "frozen":true, "embedded":true, "fstring":true, "bytesize":6, "value":"e2mmap", "encoding":"UTF-8", "flags":{"wb_protected":true, "old":true, "marked":true}}
{"address":"0x7fc96c066638", "type":"STRING", "class":"0x7fc96c801668", "embedded":true, "bytesize":16, "value":"mixlib-cli-1.3.0", "encoding":"UTF-8", "flags":{"wb_protected":true, "old":true, "marked":true}}
{"address":"0x7fc96c066688", "type":"NODE", "node_type":"NODE_CREF", "references":["0x7fc96c803788"], "flags":{"wb_protected":true, "old":true, "marked":true}}
{"address":"0x7fc96c0666b0", "type":"DATA", "class":"0x7fc96c833488", "struct":"iseq", "references":["0x7fc96d865e78", "0x7fc96c047850", "0x7fc96c047850", "0x7fc96c8c1f58", "0x7fc96c8c1f58", "0x7fc96c066688"], "memsize":2584, "flags":{"wb_protected":true, "old":true, "marked":true}}
{"address":"0x7fc96c066700", "type":"STRING", "class":"0x7fc96c801668", "bytesize":45, "capacity":128, "value":"/Users/antoine/.rvm/gems/ruby-2.0.0-p247/gems", "encoding":"US-ASCII", "memsize":129, "flags":{"wb_protected":true, "old":true, "marked":true}}
{"address":"0x7fc96c066750", "type":"STRING", "class":"0x7fc96c801668", "embedded":true, "bytesize":4, "value":"ruby", "encoding":"UTF-8", "flags":{"wb_protected":true, "old":true, "marked":true}}
{"address":"0x7fc96c0667a0", "type":"STRING", "class":"0x7fc96c801668", "frozen":true, "fstring":true, "bytesize":24, "value":"ANCHORED_VERSION_PATTERN", "encoding":"US-ASCII", "memsize":25, "flags":{"wb_protected":true, "old":true, "marked":true}}
{"address":"0x7fc96c0667c8", "type":"STRING", "class":"0x7fc96c801668", "frozen":true, "embedded":true, "bytesize":20, "value":"RubyToken::TkDREGEXP", "encoding":"US-ASCII", "flags":{"wb_protected":true, "old":true, "marked":true}}
{"address":"0x7fc96c0667f0", "type":"CLASS", "class":"0x7fc96c802e28", "name":"Class", "references":["0x7fc96c066818", "0x7fc96d0465f8"], "memsize":672, "flags":{"wb_protected":true, "old":true, "marked":true}}
{"address":"0x7fc96c066818", "type":"CLASS", "class":"0x7fc96c0667f0", "name":"RubyToken::TkDREGEXP", "references":["0x7fc96c0667c8", "0x7fc96d046648"], "memsize":672, "flags":{"wb_protected":true, "old":true, "marked":true}}
{"address":"0x7fc96c066840", "type":"STRING", "class":"0x7fc96c801668", "bytesize":40, "value":"/Users/antoine/.rvm/gems/ruby-2.0.0-p247", "encoding":"US-ASCII", "memsize":41, "flags":{"wb_protected":true, "old":true, "marked":true}}
{"address":"0x7fc96c066868", "type":"HASH", "class":"0x7fc96c849918", "size":0, "flags":{"wb_protected":true, "old":true, "marked":true}}
{"address":"0x7fc96c0668b8", "type":"STRING", "class":"0x7fc96c801668", "frozen":true, "embedded":true, "fstring":true, "bytesize":15, "value":"VERSION_PATTERN", "encoding":"US-ASCII", "flags":{"wb_protected":true, "old":true, "marked":true}}
{"address":"0x7fc96c066958", "type":"STRING", "class":"0x7fc96c801668", "frozen":true, "bytesize":75, "value":"/Users/antoine/.rvm/gems/ruby-2.0.0-p247/specifications/thor-0.18.1.gemspec", "encoding":"UTF-8", "memsize":76, "flags":{"wb_protected":true, "old":true, "marked":true}}
{"address":"0x7fc96c066980", "type":"ARRAY", "class":"0x7fc96c84a048", "length":0, "flags":{"wb_protected":true, "old":true, "marked":true}}
{"address":"0x7fc96c0669a8", "type":"OBJECT", "class":"0x7fc96d077a68", "ivars":14, "references":["0x7fc96c8288f8", "0x7fc96d02bbe0", "0x7fc96d02bd48", "0x7fc96d02be38", "0x7fc96d857c38", "0x7fc96c066980", "0x7fc96d857c38", "0x7fc96c8c82e0", "0x7fc96d8556b8", "0x7fc96d8555a0", "0x7fc96d83bb78"], "memsize":112, "flags":{"wb_protected":true, "old":true, "marked":true}}
{"address":"0x7fc96c0669d0", "type":"STRING", "class":"0x7fc96c801668", "frozen":true, "embedded":true, "bytesize":13, "value":"systemu-2.5.2", "encoding":"UTF-8", "flags":{"wb_protected":true, "old":true, "marked":true}}
{"address":"0x7fc96c066a48", "type":"STRING", "class":"0x7fc96c801668", "shared":true, "encoding":"US-ASCII", "references":["0x7fc96d815dd8"], "flags":{"wb_protected":true, "old":true, "marked":true}}
{"address":"0x7fc96c066a70", "type":"ARRAY", "class":"0x7fc96c84a048", "length":0, "flags":{"wb_protected":true, "old":true, "marked":true}}
{"address":"0x7fc96c066a98", "type":"STRING", "class":"0x7fc96c801668", "embedded":true, "bytesize":7, "value":"systemu", "encoding":"UTF-8", "flags":{"wb_protected":true, "old":true, "marked":true}}
{"address":"0x7fc96c066ae8", "type":"ARRAY", "class":"0x7fc96c84a048", "length":0, "flags":{"wb_protected":true, "old":true, "marked":true}}
{"address":"0x7fc96c066b60", "type":"ARRAY", "class":"0x7fc96c84a048", "length":0, "flags":{"wb_protected":true, "old":true, "marked":true}}
{"address":"0x7fc96c066c00", "type":"STRING", "class":"0x7fc96c801668", "embedded":true, "bytesize":5, "value":"2.0.6", "encoding":"UTF-8", "flags":{"wb_protected":true, "old":true, "marked":true}}
{"address":"0x7fc96c066c28", "type":"STRING", "class":"0x7fc96c801668", "embedded":true, "bytesize":16, "value":"<top (required)>", "flags":{"wb_protected":true, "old":true, "marked":true}}
{"address":"0x7fc96c066c50", "type":"ARRAY", "class":"0x7fc96c84a048", "length":0, "flags":{"wb_protected":true, "old":true, "marked":true}}
{"address":"0x7fc96c066c78", "type":"STRING", "class":"0x7fc96c801668", "embedded":true, "bytesize":13, "value":"codeforpeople", "encoding":"UTF-8", "flags":{"wb_protected":true, "old":true, "marked":true}}
{"address":"0x7fc96c066ca0", "type":"ARRAY", "class":"0x7fc96c84a048", "length":1, "embedded":true, "references":["0x7fc96c066cf0"], "flags":{"wb_protected":true, "old":true, "marked":true}}
{"address":"0x7fc96c066cc8", "type":"STRING", "class":"0x7fc96c801668", "embedded":true, "bytesize":3, "value":"bin", "encoding":"UTF-8", "flags":{"wb_protected":true, "old":true, "marked":true}}
{"address":"0x7fc96c066cf0", "type":"STRING", "class":"0x7fc96c801668", "embedded":true, "bytesize":3, "value":"lib", "encoding":"UTF-8", "flags":{"wb_protected":true, "old":true, "marked":true}}
{"address":"0x7fc96c066d18", "type":"STRING", "class":"0x7fc96c801668", "shared":true, "encoding":"UTF-8", "references":["0x7fc96d038278"], "flags":{"wb_protected":true, "old":true, "marked":true}}
{"address":"0x7fc96c066d40", "type":"STRING", "class":"0x7fc96c801668", "embedded":true, "bytesize":22, "value":"ara.t.howard@gmail.com", "encoding":"UTF-8", "flags":{"wb_protected":true, "old":true, "marked":true}}
{"address":"0x7fc96c066d68", "type":"STRING", "class":"0x7fc96c801668", "shared":true, "encoding":"UTF-8", "references":["0x7fc96d0382f0"], "flags":{"wb_protected":true, "old":true, "marked":true}}
{"address":"0x7fc96c066db8", "type":"DATA", "class":"0x7fc96c841150", "struct":"time", "memsize":88, "flags":{"remembered":true}}
{"address":"0x7fc96c066f70", "type":"ARRAY", "class":"0x7fc96c84a048", "length":1, "embedded":true, "references":["0x7fc96c067010"], "flags":{"wb_protected":true, "old":true, "marked":true}}
{"address":"0x7fc96c066fc0", "type":"STRING", "class":"0x7fc96c801668", "frozen":true, "bytesize":80, "capacity":1026, "value":"/Users/antoine/.rvm/gems/ruby-2.0.0-p247/specifications/mixlib-cli-1.3.0.gemspec", "encoding":"US-ASCII", "memsize":1027, "flags":{"wb_protected":true, "old":true, "marked":true}}
{"address":"0x7fc96c067010", "type":"STRING", "class":"0x7fc96c801668", "embedded":true, "bytesize":13, "value":"Ara T. Howard", "encoding":"UTF-8", "flags":{"wb_protected":true, "old":true, "marked":true}}
{"address":"0x7fc96c067088", "type":"OBJECT", "class":"0x7fc96d074e30", "ivars":50, "references":["0x7fc96c0641a8", "0x7fc96c8c34e8", "0x7fc96c8c36f0", "0x7fc96c8c3808", "0x7fc96c065238", "0x7fc96c065210", "0x7fc96c064ec8", "0x7fc96c065e18", "0x7fc96c064450", "0x7fc96c0641d0", "0x7fc96c065d78", "0x7fc96c0655a8", "0x7fc96c066cc8", "0x7fc96c066c50", "0x7fc96c0652d8", "0x7fc96c066b60", "0x7fc96c066ae8", "0x7fc96c066a70", "0x7fc96c0650a8", "0x7fc96c064f68", "0x7fc96c064dd8", "0x7fc96c066868", "0x7fc96c066750", "0x7fc96c064c48", "0x7fc96c064bf8", "0x7fc96c064ba8", "0x7fc96c065a58", "0x7fc96c0661b0", "0x7fc96c064400", "0x7fc96c065ee0", "0x7fc96c8c82e0", "0x7fc96c8c3650"], "memsize":400, "flags":{"wb_protected":true, "old":true, "marked":true}}
{"address":"0x7fc96c067178", "type":"ARRAY", "class":"0x7fc96c84a048", "length":1, "embedded":true, "references":["0x7fc96c8c1e90"], "flags":{"wb_protected":true, "old":true, "marked":true}}
{"address":"0x7fc96c0671c8", "type":"STRING", "class":"0x7fc96c801668", "frozen":true, "fstring":true, "bytesize":29, "value":"Columnize 0.3.6 Documentation", "encoding":"UTF-8", "memsize":30, "flags":{"wb_protected":true, "old":true, "marked":true}}
{"address":"0x7fc96c067218", "type":"OBJECT", "class":"0x7fc96c8c2688", "ivars":3, "references":["0x7fc96c067178"], "flags":{"wb_protected":true, "old":true, "marked":true}}
{"address":"0x7fc96c067240", "type":"STRING", "class":"0x7fc96c801668", "frozen":true, "fstring":true, "bytesize":34, "value":"https://github.com/rocky/columnize", "encoding":"UTF-8", "memsize":35, "flags":{"wb_protected":true, "old":true, "marked":true}}
{"address":"0x7fc96c0672b8", "type":"STRING", "class":"0x7fc96c801668", "embedded":true, "bytesize":5, "value":"2.5.2", "encoding":"UTF-8", "flags":{"wb_protected":true, "old":true, "marked":true}}
{"address":"0x7fc96c0672e0", "type":"STRING", "class":"0x7fc96c801668", "frozen":true, "fstring":true, "bytesize":226, "value":"\nIn showing a long lists, sometimes one would prefer to see the value\narranged aligned in columns. Some examples include listing methods\nof an object or debugger commands. \nSee Examples in the rdoc documentation for examples.\n", "encoding":"UTF-8", "memsize":227, "flags":{"wb_protected":true, "old":true, "marked":true}}
{"address":"0x7fc96c0673d0", "type":"STRING", "class":"0x7fc96c801668", "frozen":true, "embedded":true, "bytesize":21, "value":"RubyToken::TkDXSTRING", "encoding":"US-ASCII", "flags":{"wb_protected":true, "old":true, "marked":true}}
{"address":"0x7fc96c067448", "type":"STRING", "class":"0x7fc96c801668", "frozen":true, "bytesize":73, "capacity":1026, "value":"/Users/antoine/.rvm/gems/ruby-2.0.0-p247/gems/mixlib-authentication-1.3.0", "encoding":"US-ASCII", "memsize":1027, "flags":{"wb_protected":true, "old":true, "marked":true}}
{"address":"0x7fc96c067470", "type":"OBJECT", "class":"0x7fc96d040a68", "ivars":3, "references":["0x7fc96c0672b8"], "flags":{"wb_protected":true, "old":true, "marked":true}}
{"address":"0x7fc96c067498", "type":"STRING", "class":"0x7fc96c801668", "shared":true, "encoding":"US-ASCII", "references":["0x7fc96c067448"], "flags":{"wb_protected":true, "old":true, "marked":true}}
{"address":"0x7fc96c0674c0", "type":"STRING", "class":"0x7fc96c801668", "embedded":true, "bytesize":7, "value":"systemu", "encoding":"UTF-8", "flags":{"wb_protected":true, "old":true, "marked":true}}
{"address":"0x7fc96c067538", "type":"CLASS", "class":"0x7fc96c802e28", "name":"Class", "references":["0x7fc96c067560", "0x7fc96d0465f8"], "memsize":672, "flags":{"wb_protected":true, "old":true, "marked":true}}
{"address":"0x7fc96c067560", "type":"CLASS", "class":"0x7fc96c067538", "name":"RubyToken::TkDXSTRING", "references":["0x7fc96c0673d0", "0x7fc96d046648"], "memsize":672, "flags":{"wb_protected":true, "old":true, "marked":true}}
{"address":"0x7fc96c067588", "type":"ARRAY", "class":"0x7fc96c84a048", "length":0, "flags":{"wb_protected":true, "old":true, "marked":true}}
{"address":"0x7fc96c0675d8", "type":"STRING", "class":"0x7fc96c801668", "bytesize":27, "capacity":48, "value":"mixlib-authentication-1.3.0", "encoding":"UTF-8", "memsize":49, "flags":{"wb_protected":true, "old":true, "marked":true}}
{"address":"0x7fc96c067628", "type":"STRING", "class":"0x7fc96c801668", "bytesize":45, "capacity":128, "value":"/Users/antoine/.rvm/gems/ruby-2.0.0-p247/gems", "encoding":"US-ASCII", "memsize":129, "flags":{"wb_protected":true, "old":true, "marked":true}}
{"address":"0x7fc96c0676a0", "type":"STRING", "class":"0x7fc96c801668", "bytesize":40, "value":"/Users/antoine/.rvm/gems/ruby-2.0.0-p247", "encoding":"US-ASCII", "memsize":41, "flags":{"wb_protected":true, "old":true, "marked":true}}
{"address":"0x7fc96c0676f0", "type":"ARRAY", "class":"0x7fc96c84a048", "length":0, "flags":{"wb_protected":true, "old":true, "marked":true}}
{"address":"0x7fc96c067808", "type":"OBJECT", "class":"0x7fc96c8c2688", "ivars":3, "references":["0x7fc96d074700"], "flags":{"wb_protected":true, "old":true, "marked":true}}
{"address":"0x7fc96c067920", "type":"ARRAY", "class":"0x7fc96c84a048", "length":0, "flags":{"wb_protected":true, "old":true, "marked":true}}
{"address":"0x7fc96c067998", "type":"STRING", "class":"0x7fc96c801668", "embedded":true, "bytesize":4, "value":"ruby", "encoding":"UTF-8", "flags":{"wb_protected":true, "old":true, "marked":true}}
{"address":"0x7fc96c067a10", "type":"HASH", "class":"0x7fc96c849918", "size":0, "flags":{"wb_protected":true, "old":true, "marked":true}}
{"address":"0x7fc96c067ab0", "type":"ARRAY", "class":"0x7fc96c84a048", "length":0, "flags":{"wb_protected":true, "old":true, "marked":true}}
{"address":"0x7fc96c067b28", "type":"ARRAY", "class":"0x7fc96c84a048", "length":0, "flags":{"wb_protected":true, "old":true, "marked":true}}
{"address":"0x7fc96c067ba0", "type":"ARRAY", "class":"0x7fc96c84a048", "length":0, "flags":{"wb_protected":true, "old":true, "marked":true}}
{"address":"0x7fc96c067bc8", "type":"STRING", "class":"0x7fc96c801668", "frozen":true, "bytesize":91, "capacity":1026, "value":"/Users/antoine/.rvm/gems/ruby-2.0.0-p247/specifications/mixlib-authentication-1.3.0.gemspec", "encoding":"US-ASCII", "memsize":1027, "flags":{"wb_protected":true, "old":true, "marked":true}}
{"address":"0x7fc96c067c40", "type":"ARRAY", "class":"0x7fc96c84a048", "length":0, "flags":{"wb_protected":true, "old":true, "marked":true}}
{"address":"0x7fc96c067cb8", "type":"ARRAY", "class":"0x7fc96c84a048", "length":0, "flags":{"wb_protected":true, "old":true, "marked":true}}
{"address":"0x7fc96c067d30", "type":"ARRAY", "class":"0x7fc96c84a048", "length":0, "flags":{"wb_protected":true, "old":true, "marked":true}}
{"address":"0x7fc96c067e48", "type":"ARRAY", "class":"0x7fc96c84a048", "length":0, "flags":{"wb_protected":true, "old":true, "marked":true}}
{"address":"0x7fc96c067ee8", "type":"STRING", "class":"0x7fc96c801668", "embedded":true, "bytesize":3, "value":"bin", "encoding":"UTF-8", "flags":{"wb_protected":true, "old":true, "marked":true}}
{"address":"0x7fc96c067f88", "type":"STRING", "class":"0x7fc96c801668", "frozen":true, "embedded":true, "fstring":true, "bytesize":3, "value":"vvv", "encoding":"US-ASCII", "flags":{"wb_protected":true, "old":true, "marked":true}}
{"address":"0x7fc96c067fb0", "type":"STRING", "class":"0x7fc96c801668", "bytesize":68, "capacity":1026, "value":"/usr/local/Cellar/ruby/2.1.1/lib/ruby/gems/2.1.0/gems/minitest-4.7.5", "encoding":"US-ASCII", "memsize":1027, "flags":{"wb_protected":true, "old":true, "marked":true}}
{"address":"0x7fc96c800010", "type":"CLASS", "class":"0x7fc96c853fa8", "name":"SyntaxError", "references":["0x7fc96c800038", "0x7fc96c800088"], "memsize":672, "flags":{"wb_protected":true, "old":true, "marked":true}}
{"address":"0x7fc96c800038", "type":"STRING", "class":"0x7fc96c801668", "frozen":true, "embedded":true, "fstring":true, "bytesize":11, "value":"SyntaxError", "encoding":"US-ASCII", "flags":{"wb_protected":true, "old":true, "marked":true}}
{"address":"0x7fc96c800060", "type":"CLASS", "class":"0x7fc96c802e28", "name":"Class", "references":["0x7fc96c800088", "0x7fc96c8006c8"], "memsize":672, "flags":{"wb_protected":true, "old":true, "marked":true}}
{"address":"0x7fc96c800088", "type":"CLASS", "class":"0x7fc96c800060", "name":"ScriptError", "references":["0x7fc96c8000b0", "0x7fc96c8006f0"], "memsize":672, "flags":{"wb_protected":true, "old":true, "marked":true}}
{"address":"0x7fc96c8000b0", "type":"STRING", "class":"0x7fc96c801668", "frozen":true, "embedded":true, "fstring":true, "bytesize":11, "value":"ScriptError", "encoding":"US-ASCII", "flags":{"wb_protected":true, "old":true, "marked":true}}
{"address":"0x7fc96c8000d8", "type":"CLASS", "class":"0x7fc96c802e28", "name":"Class", "references":["0x7fc96c800100", "0x7fc96c800330"], "memsize":672, "flags":{"wb_protected":true, "old":true, "marked":true}}
{"address":"0x7fc96c800100", "type":"CLASS", "class":"0x7fc96c8000d8", "name":"RangeError", "references":["0x7fc96c800128", "0x7fc96c800358"], "memsize":672, "flags":{"wb_protected":true, "old":true, "marked":true}}
{"address":"0x7fc96c800128", "type":"STRING", "class":"0x7fc96c801668", "frozen":true, "embedded":true, "fstring":true, "bytesize":10, "value":"RangeError", "encoding":"US-ASCII", "flags":{"wb_protected":true, "old":true, "marked":true}}
{"address":"0x7fc96c800150", "type":"CLASS", "class":"0x7fc96c802e28", "name":"Class", "references":["0x7fc96c800178", "0x7fc96c8001c8"], "memsize":672, "flags":{"wb_protected":true, "old":true, "marked":true}}
{"address":"0x7fc96c800178", "type":"CLASS", "class":"0x7fc96c800150", "name":"KeyError", "references":["0x7fc96c8001a0", "0x7fc96c8001f0"], "memsize":672, "flags":{"wb_protected":true, "old":true, "marked":true}}
{"address":"0x7fc96c8001a0", "type":"STRING", "class":"0x7fc96c801668", "frozen":true, "embedded":true, "fstring":true, "bytesize":8, "value":"KeyError", "encoding":"US-ASCII", "flags":{"wb_protected":true, "old":true, "marked":true}}
{"address":"0x7fc96c8001c8", "type":"CLASS", "class":"0x7fc96c802e28", "name":"Class", "references":["0x7fc96c8001f0", "0x7fc96c800330"], "memsize":672, "flags":{"wb_protected":true, "old":true, "marked":true}}
{"address":"0x7fc96c8001f0", "type":"CLASS", "class":"0x7fc96c8001c8", "name":"IndexError", "references":["0x7fc96c800218", "0x7fc96c800358"], "memsize":672, "flags":{"wb_protected":true, "old":true, "marked":true}}
{"address":"0x7fc96c800218", "type":"STRING", "class":"0x7fc96c801668", "frozen":true, "embedded":true, "fstring":true, "bytesize":10, "value":"IndexError", "encoding":"US-ASCII", "flags":{"wb_protected":true, "old":true, "marked":true}}
{"address":"0x7fc96c800240", "type":"CLASS", "class":"0x7fc96c802e28", "name":"Class", "references":["0x7fc96c800268", "0x7fc96c800330"], "memsize":672, "flags":{"wb_protected":true, "old":true, "marked":true}}
{"address":"0x7fc96c800268", "type":"CLASS", "class":"0x7fc96c800240", "name":"ArgumentError", "references":["0x7fc96c800290", "0x7fc96c800358"], "memsize":672, "flags":{"wb_protected":true, "old":true, "marked":true}}
{"address":"0x7fc96c800290", "type":"STRING", "class":"0x7fc96c801668", "frozen":true, "embedded":true, "fstring":true, "bytesize":13, "value":"ArgumentError", "encoding":"US-ASCII", "flags":{"wb_protected":true, "old":true, "marked":true}}
{"address":"0x7fc96c8002b8", "type":"CLASS", "class":"0x7fc96c802e28", "name":"Class", "references":["0x7fc96c8002e0", "0x7fc96c800330"], "memsize":672, "flags":{"wb_protected":true, "old":true, "marked":true}}
{"address":"0x7fc96c8002e0", "type":"CLASS", "class":"0x7fc96c8002b8", "name":"TypeError", "references":["0x7fc96c800308", "0x7fc96c800358"], "memsize":672, "flags":{"wb_protected":true, "old":true, "marked":true}}
{"address":"0x7fc96c800308", "type":"STRING", "class":"0x7fc96c801668", "frozen":true, "embedded":true, "fstring":true, "bytesize":9, "value":"TypeError", "encoding":"US-ASCII", "flags":{"wb_protected":true, "old":true, "marked":true}}
{"address":"0x7fc96c800330", "type":"CLASS", "class":"0x7fc96c802e28", "name":"Class", "references":["0x7fc96c800358", "0x7fc96c8006c8"], "memsize":672, "flags":{"wb_protected":true, "old":true, "marked":true}}
{"address":"0x7fc96c800358", "type":"CLASS", "class":"0x7fc96c800330", "name":"StandardError", "references":["0x7fc96c800380", "0x7fc96c8006f0"], "memsize":672, "flags":{"wb_protected":true, "old":true, "marked":true}}
{"address":"0x7fc96c800380", "type":"STRING", "class":"0x7fc96c801668", "frozen":true, "embedded":true, "fstring":true, "bytesize":13, "value":"StandardError", "encoding":"US-ASCII", "flags":{"wb_protected":true, "old":true, "marked":true}}
{"address":"0x7fc96c8003a8", "type":"CLASS", "class":"0x7fc96c802e28", "name":"Class", "references":["0x7fc96c8003d0", "0x7fc96c800420"], "memsize":672, "flags":{"wb_protected":true, "old":true, "marked":true}}
{"address":"0x7fc96c8003d0", "type":"CLASS", "class":"0x7fc96c8003a8", "name":"Interrupt", "references":["0x7fc96c8003d0", "0x7fc96c8003f8", "0x7fc96c800448"], "memsize":672, "flags":{"wb_protected":true, "old":true, "marked":true}}
{"address":"0x7fc96c8003f8", "type":"STRING", "class":"0x7fc96c801668", "frozen":true, "embedded":true, "fstring":true, "bytesize":9, "value":"Interrupt", "encoding":"US-ASCII", "flags":{"wb_protected":true, "old":true, "marked":true}}
{"address":"0x7fc96c800420", "type":"CLASS", "class":"0x7fc96c802e28", "name":"Class", "references":["0x7fc96c800448", "0x7fc96c8006c8"], "memsize":672, "flags":{"wb_protected":true, "old":true, "marked":true}}
{"address":"0x7fc96c800448", "type":"CLASS", "class":"0x7fc96c800420", "name":"SignalException", "references":["0x7fc96c800448", "0x7fc96c800448", "0x7fc96c8006f0", "0x7fc96c800470", "0x7fc96c8006f0"], "memsize":672, "flags":{"wb_protected":true, "old":true, "marked":true}}
{"address":"0x7fc96c800470", "type":"STRING", "class":"0x7fc96c801668", "frozen":true, "embedded":true, "fstring":true, "bytesize":15, "value":"SignalException", "encoding":"US-ASCII", "flags":{"wb_protected":true, "old":true, "marked":true}}
{"address":"0x7fc96c800498", "type":"CLASS", "class":"0x7fc96c802e28", "name":"Class", "references":["0x7fc96c8004c0", "0x7fc96c8006c8"], "memsize":672, "flags":{"wb_protected":true, "old":true, "marked":true}}
{"address":"0x7fc96c8004c0", "type":"CLASS", "class":"0x7fc96c800498", "name":"fatal", "references":["0x7fc96c8006f0"], "memsize":864, "flags":{"wb_protected":true, "old":true, "marked":true}}
{"address":"0x7fc96c8004e8", "type":"STRING", "class":"0x7fc96c801668", "frozen":true, "embedded":true, "fstring":true, "bytesize":5, "value":"fatal", "encoding":"US-ASCII", "flags":{"wb_protected":true, "old":true, "marked":true}}
{"address":"0x7fc96c800510", "type":"STRING", "class":"0x7fc96c801668", "frozen":true, "embedded":true, "fstring":true, "bytesize":8, "value":"success?", "encoding":"US-ASCII", "flags":{"wb_protected":true, "old":true, "marked":true}}
{"address":"0x7fc96c800538", "type":"STRING", "class":"0x7fc96c801668", "frozen":true, "embedded":true, "fstring":true, "bytesize":6, "value":"status", "encoding":"US-ASCII", "flags":{"wb_protected":true, "old":true, "marked":true}}
{"address":"0x7fc96c800560", "type":"CLASS", "class":"0x7fc96c802e28", "name":"Class", "references":["0x7fc96c800588", "0x7fc96c8006c8"], "memsize":672, "flags":{"wb_protected":true, "old":true, "marked":true}}
{"address":"0x7fc96c800588", "type":"CLASS", "class":"0x7fc96c800560", "name":"SystemExit", "references":["0x7fc96c800588", "0x7fc96c800588", "0x7fc96c800588", "0x7fc96c8005b0", "0x7fc96c8006f0"], "memsize":672, "flags":{"wb_protected":true, "old":true, "marked":true}}
{"address":"0x7fc96c8005b0", "type":"STRING", "class":"0x7fc96c801668", "frozen":true, "embedded":true, "fstring":true, "bytesize":10, "value":"SystemExit", "encoding":"US-ASCII", "flags":{"wb_protected":true, "old":true, "marked":true}}
{"address":"0x7fc96c8005d8", "type":"STRING", "class":"0x7fc96c801668", "frozen":true, "embedded":true, "fstring":true, "bytesize":5, "value":"cause", "encoding":"US-ASCII", "flags":{"wb_protected":true, "old":true, "marked":true}}
{"address":"0x7fc96c800600", "type":"STRING", "class":"0x7fc96c801668", "frozen":true, "embedded":true, "fstring":true, "bytesize":13, "value":"set_backtrace", "encoding":"US-ASCII", "flags":{"wb_protected":true, "old":true, "marked":true}}
{"address":"0x7fc96c800628", "type":"STRING", "class":"0x7fc96c801668", "frozen":true, "embedded":true, "fstring":true, "bytesize":19, "value":"backtrace_locations", "encoding":"US-ASCII", "flags":{"wb_protected":true, "old":true, "marked":true}}
{"address":"0x7fc96c800650", "type":"STRING", "class":"0x7fc96c801668", "frozen":true, "embedded":true, "fstring":true, "bytesize":9, "value":"backtrace", "encoding":"US-ASCII", "flags":{"wb_protected":true, "old":true, "marked":true}}
{"address":"0x7fc96c800678", "type":"STRING", "class":"0x7fc96c801668", "frozen":true, "embedded":true, "fstring":true, "bytesize":7, "value":"message", "encoding":"US-ASCII", "flags":{"wb_protected":true, "old":true, "marked":true}}
{"address":"0x7fc96c8006a0", "type":"STRING", "class":"0x7fc96c801668", "frozen":true, "embedded":true, "fstring":true, "bytesize":9, "value":"exception", "encoding":"US-ASCII", "flags":{"wb_protected":true, "old":true, "marked":true}}
{"address":"0x7fc96c8006c8", "type":"CLASS", "class":"0x7fc96c802e28", "name":"Class", "references":["0x7fc96c8006c8", "0x7fc96c8006f0", "0x7fc96c802dd8"], "memsize":672, "flags":{"wb_protected":true, "old":true, "marked":true}}
{"address":"0x7fc96c8006f0", "type":"CLASS", "class":"0x7fc96c8006c8", "name":"Exception", "references":["0x7fc96c8006f0", "0x7fc96c8006f0", "0x7fc96c8006f0", "0x7fc96c8006f0", "0x7fc96c8006f0", "0x7fc96c8006f0", "0x7fc96c8006f0", "0x7fc96c8006f0", "0x7fc96c8006f0", "0x7fc96c8006f0", "0x7fc96c8006f0", "0x7fc96c8006f0", "0x7fc96c8006f0", "0x7fc96c800718", "0x7fc96c803788"], "memsize":1240, "flags":{"wb_protected":true, "old":true, "marked":true}}
{"address":"0x7fc96c800718", "type":"STRING", "class":"0x7fc96c801668", "frozen":true, "embedded":true, "fstring":true, "bytesize":9, "value":"Exception", "encoding":"US-ASCII", "flags":{"wb_protected":true, "old":true, "marked":true}}
{"address":"0x7fc96c800740", "type":"STRING", "class":"0x7fc96c801668", "frozen":true, "embedded":true, "fstring":true, "bytesize":7, "value":"id2name", "encoding":"US-ASCII", "flags":{"wb_protected":true, "old":true, "marked":true}}
{"address":"0x7fc96c800768", "type":"STRING", "class":"0x7fc96c801668", "frozen":true, "embedded":true, "fstring":true, "bytesize":11, "value":"all_symbols", "encoding":"US-ASCII", "flags":{"wb_protected":true, "old":true, "marked":true}}
{"address":"0x7fc96c800790", "type":"ICLASS", "class":"0x7fc96c801e60", "references":["0x7fc96c803788"], "flags":{"remembered":true}}
{"address":"0x7fc96c8007b8", "type":"CLASS", "class":"0x7fc96c802e28", "name":"Class", "references":["0x7fc96c8007b8", "0x7fc96c8007b8", "0x7fc96c8007e0", "0x7fc96c802dd8"], "memsize":672, "flags":{"wb_protected":true, "old":true, "marked":true}}
{"address":"0x7fc96c8007e0", "type":"CLASS", "class":"0x7fc96c8007b8", "name":"Symbol", "references":["0x7fc96c8007e0", "0x7fc96c8007e0", "0x7fc96c8007e0", "0x7fc96c8007e0", "0x7fc96c8007e0", "0x7fc96c8007e0", "0x7fc96c8007e0", "0x7fc96c8007e0", "0x7fc96c8007e0", "0x7fc96c8007e0", "0x7fc96c8007e0", "0x7fc96c8007e0", "0x7fc96c8007e0", "0x7fc96c8007e0", "0x7fc96c8007e0", "0x7fc96c8007e0", "0x7fc96c8007e0", "0x7fc96c8007e0", "0x7fc96c8007e0", "0x7fc96c8007e0", "0x7fc96c8007e0", "0x7fc96c8007e0", "0x7fc96c8007e0", "0x7fc96c8007e0", "0x7fc96c800808", "0x7fc96c800790"], "memsize":1768, "flags":{"wb_protected":true, "old":true, "marked":true}}
{"address":"0x7fc96c800808", "type":"STRING", "class":"0x7fc96c801668", "frozen":true, "embedded":true, "fstring":true, "bytesize":6, "value":"Symbol", "encoding":"US-ASCII", "flags":{"wb_protected":true, "old":true, "marked":true}}
{"address":"0x7fc96c800830", "type":"STRING", "class":"0x7fc96c801668", "frozen":true, "embedded":true, "fstring":true, "bytesize":3, "value":"$-F", "encoding":"US-ASCII", "flags":{"wb_protected":true, "old":true, "marked":true}}
{"address":"0x7fc96c800858", "type":"STRING", "class":"0x7fc96c801668", "frozen":true, "embedded":true, "fstring":true, "bytesize":2, "value":"$;", "encoding":"US-ASCII", "flags":{"wb_protected":true, "old":true, "marked":true}}
{"address":"0x7fc96c800880", "type":"STRING", "class":"0x7fc96c801668", "frozen":true, "embedded":true, "fstring":true, "bytesize":11, "value":"ascii_only?", "encoding":"US-ASCII", "flags":{"wb_protected":true, "old":true, "marked":true}}
{"address":"0x7fc96c8008a8", "type":"STRING", "class":"0x7fc96c801668", "frozen":true, "embedded":true, "fstring":true, "bytesize":15, "value":"valid_encoding?", "encoding":"US-ASCII", "flags":{"wb_protected":true, "old":true, "marked":true}}
{"address":"0x7fc96c8008d0", "type":"STRING", "class":"0x7fc96c801668", "frozen":true, "embedded":true, "fstring":true, "bytesize":1, "value":"b", "encoding":"US-ASCII", "flags":{"wb_protected":true, "old":true, "marked":true}}
{"address":"0x7fc96c8008f8", "type":"STRING", "class":"0x7fc96c801668", "frozen":true, "embedded":true, "fstring":true, "bytesize":14, "value":"force_encoding", "encoding":"US-ASCII", "flags":{"wb_protected":true, "old":true, "marked":true}}
{"address":"0x7fc96c800920", "type":"STRING", "class":"0x7fc96c801668", "frozen":true, "embedded":true, "fstring":true, "bytesize":8, "value":"encoding", "encoding":"US-ASCII", "flags":{"wb_protected":true, "old":true, "marked":true}}
{"address":"0x7fc96c800948", "type":"STRING", "class":"0x7fc96c801668", "frozen":true, "embedded":true, "fstring":true, "bytesize":10, "value":"rpartition", "encoding":"US-ASCII", "flags":{"wb_protected":true, "old":true, "marked":true}}
{"address":"0x7fc96c800970", "type":"STRING", "class":"0x7fc96c801668", "frozen":true, "embedded":true, "fstring":true, "bytesize":6, "value":"slice!", "encoding":"US-ASCII", "flags":{"wb_protected":true, "old":true, "marked":true}}
{"address":"0x7fc96c800998", "type":"STRING", "class":"0x7fc96c801668", "frozen":true, "embedded":true, "fstring":true, "bytesize":5, "value":"slice", "encoding":"US-ASCII", "flags":{"wb_protected":true, "old":true, "marked":true}}
{"address":"0x7fc96c8009c0", "type":"STRING", "class":"0x7fc96c801668", "frozen":true, "embedded":true, "fstring":true, "bytesize":3, "value":"sum", "encoding":"US-ASCII", "flags":{"wb_protected":true, "old":true, "marked":true}}
{"address":"0x7fc96c8009e8", "type":"STRING", "class":"0x7fc96c801668", "frozen":true, "embedded":true, "fstring":true, "bytesize":14, "value":"each_codepoint", "encoding":"US-ASCII", "flags":{"wb_protected":true, "old":true, "marked":true}}
{"address":"0x7fc96c800a10", "type":"STRING", "class":"0x7fc96c801668", "frozen":true, "embedded":true, "fstring":true, "bytesize":9, "value":"each_char", "encoding":"US-ASCII", "flags":{"wb_protected":true, "old":true, "marked":true}}
{"address":"0x7fc96c800a38", "type":"STRING", "class":"0x7fc96c801668", "frozen":true, "embedded":true, "fstring":true, "bytesize":9, "value":"each_byte", "encoding":"US-ASCII", "flags":{"wb_protected":true, "old":true, "marked":true}}
{"address":"0x7fc96c800a60", "type":"STRING", "class":"0x7fc96c801668", "frozen":true, "embedded":true, "fstring":true, "bytesize":9, "value":"each_line", "encoding":"US-ASCII", "flags":{"wb_protected":true, "old":true, "marked":true}}
{"address":"0x7fc96c800a88", "type":"STRING", "class":"0x7fc96c801668", "frozen":true, "embedded":true, "fstring":true, "bytesize":8, "value":"squeeze!", "encoding":"US-ASCII", "flags":{"wb_protected":true, "old":true, "marked":true}}
{"address":"0x7fc96c800ab0", "type":"STRING", "class":"0x7fc96c801668", "frozen":true, "embedded":true, "fstring":true, "bytesize":7, "value":"delete!", "encoding":"US-ASCII", "flags":{"wb_protected":true, "old":true, "marked":true}}
{"address":"0x7fc96c800ad8", "type":"STRING", "class":"0x7fc96c801668", "frozen":true, "embedded":true, "fstring":true, "bytesize":5, "value":"tr_s!", "encoding":"US-ASCII", "flags":{"wb_protected":true, "old":true, "marked":true}}
{"address":"0x7fc96c800b00", "type":"STRING", "class":"0x7fc96c801668", "frozen":true, "embedded":true, "fstring":true, "bytesize":3, "value":"tr!", "encoding":"US-ASCII", "flags":{"wb_protected":true, "old":true, "marked":true}}
{"address":"0x7fc96c800b28", "type":"STRING", "class":"0x7fc96c801668", "frozen":true, "embedded":true, "fstring":true, "bytesize":7, "value":"squeeze", "encoding":"US-ASCII", "flags":{"wb_protected":true, "old":true, "marked":true}}
{"address":"0x7fc96c800b50", "type":"STRING", "class":"0x7fc96c801668", "frozen":true, "embedded":true, "fstring":true, "bytesize":6, "value":"delete", "encoding":"US-ASCII", "flags":{"wb_protected":true, "old":true, "marked":true}}
{"address":"0x7fc96c800b78", "type":"STRING", "class":"0x7fc96c801668", "frozen":true, "embedded":true, "fstring":true, "bytesize":4, "value":"tr_s", "encoding":"US-ASCII", "flags":{"wb_protected":true, "old":true, "marked":true}}
{"address":"0x7fc96c800ba0", "type":"STRING", "class":"0x7fc96c801668", "frozen":true, "embedded":true, "fstring":true, "bytesize":2, "value":"tr", "encoding":"US-ASCII", "flags":{"wb_protected":true, "old":true, "marked":true}}
{"address":"0x7fc96c800bc8", "type":"STRING", "class":"0x7fc96c801668", "frozen":true, "embedded":true, "fstring":true, "bytesize":7, "value":"rstrip!", "encoding":"US-ASCII", "flags":{"wb_protected":true, "old":true, "marked":true}}
{"address":"0x7fc96c800bf0", "type":"STRING", "class":"0x7fc96c801668", "frozen":true, "embedded":true, "fstring":true, "bytesize":7, "value":"lstrip!", "encoding":"US-ASCII", "flags":{"wb_protected":true, "old":true, "marked":true}}
{"address":"0x7fc96c800c18", "type":"STRING", "class":"0x7fc96c801668", "frozen":true, "embedded":true, "fstring":true, "bytesize":6, "value":"strip!", "encoding":"US-ASCII", "flags":{"wb_protected":true, "old":true, "marked":true}}
{"address":"0x7fc96c800c40", "type":"STRING", "class":"0x7fc96c801668", "frozen":true, "embedded":true, "fstring":true, "bytesize":6, "value":"chomp!", "encoding":"US-ASCII", "flags":{"wb_protected":true, "old":true, "marked":true}}
{"address":"0x7fc96c800c68", "type":"STRING", "class":"0x7fc96c801668", "frozen":true, "embedded":true, "fstring":true, "bytesize":5, "value":"chop!", "encoding":"US-ASCII", "flags":{"wb_protected":true, "old":true, "marked":true}}
{"address":"0x7fc96c800c90", "type":"STRING", "class":"0x7fc96c801668", "frozen":true, "embedded":true, "fstring":true, "bytesize":5, "value":"gsub!", "encoding":"US-ASCII", "flags":{"wb_protected":true, "old":true, "marked":true}}
{"address":"0x7fc96c800cb8", "type":"STRING", "class":"0x7fc96c801668", "frozen":true, "embedded":true, "fstring":true, "bytesize":4, "value":"sub!", "encoding":"US-ASCII", "flags":{"wb_protected":true, "old":true, "marked":true}}
{"address":"0x7fc96c800ce0", "type":"STRING", "class":"0x7fc96c801668", "frozen":true, "embedded":true, "fstring":true, "bytesize":6, "value":"rstrip", "encoding":"US-ASCII", "flags":{"wb_protected":true, "old":true, "marked":true}}
{"address":"0x7fc96c800d08", "type":"STRING", "class":"0x7fc96c801668", "frozen":true, "embedded":true, "fstring":true, "bytesize":6, "value":"lstrip", "encoding":"US-ASCII", "flags":{"wb_protected":true, "old":true, "marked":true}}
{"address":"0x7fc96c800d30", "type":"STRING", "class":"0x7fc96c801668", "frozen":true, "embedded":true, "fstring":true, "bytesize":5, "value":"strip", "encoding":"US-ASCII", "flags":{"wb_protected":true, "old":true, "marked":true}}
{"address":"0x7fc96c800d58", "type":"STRING", "class":"0x7fc96c801668", "frozen":true, "embedded":true, "fstring":true, "bytesize":5, "value":"chomp", "encoding":"US-ASCII", "flags":{"wb_protected":true, "old":true, "marked":true}}
{"address":"0x7fc96c800d80", "type":"STRING", "class":"0x7fc96c801668", "frozen":true, "embedded":true, "fstring":true, "bytesize":4, "value":"chop", "encoding":"US-ASCII", "flags":{"wb_protected":true, "old":true, "marked":true}}
{"address":"0x7fc96c800da8", "type":"STRING", "class":"0x7fc96c801668", "frozen":true, "embedded":true, "fstring":true, "bytesize":4, "value":"gsub", "encoding":"US-ASCII", "flags":{"wb_protected":true, "old":true, "marked":true}}
{"address":"0x7fc96c800dd0", "type":"STRING", "class":"0x7fc96c801668", "frozen":true, "embedded":true, "fstring":true, "bytesize":3, "value":"sub", "encoding":"US-ASCII", "flags":{"wb_protected":true, "old":true, "marked":true}}
{"address":"0x7fc96c800df8", "type":"STRING", "class":"0x7fc96c801668", "frozen":true, "embedded":true, "fstring":true, "bytesize":6, "value":"center", "encoding":"US-ASCII", "flags":{"wb_protected":true, "old":true, "marked":true}}
{"address":"0x7fc96c800e20", "type":"STRING", "class":"0x7fc96c801668", "frozen":true, "embedded":true, "fstring":true, "bytesize":5, "value":"rjust", "encoding":"US-ASCII", "flags":{"wb_protected":true, "old":true, "marked":true}}
{"address":"0x7fc96c800e48", "type":"STRING", "class":"0x7fc96c801668", "frozen":true, "embedded":true, "fstring":true, "bytesize":5, "value":"ljust", "encoding":"US-ASCII", "flags":{"wb_protected":true, "old":true, "marked":true}}
{"address":"0x7fc96c800e70", "type":"STRING", "class":"0x7fc96c801668", "frozen":true, "embedded":true, "fstring":true, "bytesize":4, "value":"scan", "encoding":"US-ASCII", "flags":{"wb_protected":true, "old":true, "marked":true}}
{"address":"0x7fc96c800e98", "type":"STRING", "class":"0x7fc96c801668", "frozen":true, "embedded":true, "fstring":true, "bytesize":9, "value":"end_with?", "encoding":"US-ASCII", "flags":{"wb_protected":true, "old":true, "marked":true}}
{"address":"0x7fc96c800ec0", "type":"STRING", "class":"0x7fc96c801668", "frozen":true, "embedded":true, "fstring":true, "bytesize":11, "value":"start_with?", "encoding":"US-ASCII", "flags":{"wb_protected":true, "old":true, "marked":true}}
{"address":"0x7fc96c800ee8", "type":"STRING", "class":"0x7fc96c801668", "frozen":true, "embedded":true, "fstring":true, "bytesize":3, "value":"ord", "encoding":"US-ASCII", "flags":{"wb_protected":true, "old":true, "marked":true}}
{"address":"0x7fc96c800f10", "type":"STRING", "class":"0x7fc96c801668", "frozen":true, "embedded":true, "fstring":true, "bytesize":5, "value":"crypt", "encoding":"US-ASCII", "flags":{"wb_protected":true, "old":true, "marked":true}}
{"address":"0x7fc96c800f38", "type":"STRING", "class":"0x7fc96c801668", "frozen":true, "embedded":true, "fstring":true, "bytesize":7, "value":"prepend", "encoding":"US-ASCII", "flags":{"wb_protected":true, "old":true, "marked":true}}
{"address":"0x7fc96c800f60", "type":"STRING", "class":"0x7fc96c801668", "frozen":true, "embedded":true, "fstring":true, "bytesize":2, "value":"<<", "encoding":"US-ASCII", "flags":{"wb_protected":true, "old":true, "marked":true}}
{"address":"0x7fc96c800f88", "type":"STRING", "class":"0x7fc96c801668", "frozen":true, "embedded":true, "fstring":true, "bytesize":6, "value":"concat", "encoding":"US-ASCII", "flags":{"wb_protected":true, "old":true, "marked":true}}
{"address":"0x7fc96c800fb0", "type":"STRING", "class":"0x7fc96c801668", "frozen":true, "embedded":true, "fstring":true, "bytesize":8, "value":"reverse!", "encoding":"US-ASCII", "flags":{"wb_protected":true, "old":true, "marked":true}}
{"address":"0x7fc96c800fd8", "type":"STRING", "class":"0x7fc96c801668", "frozen":true, "embedded":true, "fstring":true, "bytesize":7, "value":"reverse", "encoding":"US-ASCII", "flags":{"wb_protected":true, "old":true, "marked":true}}
{"address":"0x7fc96c801000", "type":"STRING", "class":"0x7fc96c801668", "frozen":true, "embedded":true, "fstring":true, "bytesize":10, "value":"codepoints", "encoding":"US-ASCII", "flags":{"wb_protected":true, "old":true, "marked":true}}
{"address":"0x7fc96c801028", "type":"STRING", "class":"0x7fc96c801668", "frozen":true, "embedded":true, "fstring":true, "bytesize":5, "value":"chars", "encoding":"US-ASCII", "flags":{"wb_protected":true, "old":true, "marked":true}}
{"address":"0x7fc96c801050", "type":"STRING", "class":"0x7fc96c801668", "frozen":true, "embedded":true, "fstring":true, "bytesize":5, "value":"bytes", "encoding":"US-ASCII", "flags":{"wb_protected":true, "old":true, "marked":true}}
{"address":"0x7fc96c801078", "type":"STRING", "class":"0x7fc96c801668", "frozen":true, "embedded":true, "fstring":true, "bytesize":5, "value":"lines", "encoding":"US-ASCII", "flags":{"wb_protected":true, "old":true, "marked":true}}
{"address":"0x7fc96c8010a0", "type":"STRING", "class":"0x7fc96c801668", "frozen":true, "embedded":true, "fstring":true, "bytesize":5, "value":"split", "encoding":"US-ASCII", "flags":{"wb_protected":true, "old":true, "marked":true}}
{"address":"0x7fc96c8010c8", "type":"STRING", "class":"0x7fc96c801668", "frozen":true, "embedded":true, "fstring":true, "bytesize":3, "value":"oct", "encoding":"US-ASCII", "flags":{"wb_protected":true, "old":true, "marked":true}}
{"address":"0x7fc96c8010f0", "type":"STRING", "class":"0x7fc96c801668", "frozen":true, "embedded":true, "fstring":true, "bytesize":3, "value":"hex", "encoding":"US-ASCII", "flags":{"wb_protected":true, "old":true, "marked":true}}
{"address":"0x7fc96c801118", "type":"STRING", "class":"0x7fc96c801668", "frozen":true, "embedded":true, "fstring":true, "bytesize":9, "value":"swapcase!", "encoding":"US-ASCII", "flags":{"wb_protected":true, "old":true, "marked":true}}
{"address":"0x7fc96c801140", "type":"STRING", "class":"0x7fc96c801668", "frozen":true, "embedded":true, "fstring":true, "bytesize":11, "value":"capitalize!", "encoding":"US-ASCII", "flags":{"wb_protected":true, "old":true, "marked":true}}
{"address":"0x7fc96c801168", "type":"STRING", "class":"0x7fc96c801668", "frozen":true, "embedded":true, "fstring":true, "bytesize":9, "value":"downcase!", "encoding":"US-ASCII", "flags":{"wb_protected":true, "old":true, "marked":true}}
{"address":"0x7fc96c801190", "type":"STRING", "class":"0x7fc96c801668", "frozen":true, "embedded":true, "fstring":true, "bytesize":7, "value":"upcase!", "encoding":"US-ASCII", "flags":{"wb_protected":true, "old":true, "marked":true}}
{"address":"0x7fc96c8011b8", "type":"STRING", "class":"0x7fc96c801668", "frozen":true, "embedded":true, "fstring":true, "bytesize":8, "value":"swapcase", "encoding":"US-ASCII", "flags":{"wb_protected":true, "old":true, "marked":true}}
{"address":"0x7fc96c8011e0", "type":"STRING", "class":"0x7fc96c801668", "frozen":true, "embedded":true, "fstring":true, "bytesize":10, "value":"capitalize", "encoding":"US-ASCII", "flags":{"wb_protected":true, "old":true, "marked":true}}
{"address":"0x7fc96c801208", "type":"STRING", "class":"0x7fc96c801668", "frozen":true, "embedded":true, "fstring":true, "bytesize":8, "value":"downcase", "encoding":"US-ASCII", "flags":{"wb_protected":true, "old":true, "marked":true}}
{"address":"0x7fc96c801230", "type":"STRING", "class":"0x7fc96c801668", "frozen":true, "embedded":true, "fstring":true, "bytesize":6, "value":"upcase", "encoding":"US-ASCII", "flags":{"wb_protected":true, "old":true, "marked":true}}
{"address":"0x7fc96c801258", "type":"STRING", "class":"0x7fc96c801668", "frozen":true, "embedded":true, "fstring":true, "bytesize":4, "value":"dump", "encoding":"US-ASCII", "flags":{"wb_protected":true, "old":true, "marked":true}}
{"address":"0x7fc96c801280", "type":"STRING", "class":"0x7fc96c801668", "frozen":true, "embedded":true, "fstring":true, "bytesize":6, "value":"scrub!", "encoding":"US-ASCII", "flags":{"wb_protected":true, "old":true, "marked":true}}
{"address":"0x7fc96c8012a8", "type":"STRING", "class":"0x7fc96c801668", "frozen":true, "embedded":true, "fstring":true, "bytesize":5, "value":"scrub", "encoding":"US-ASCII", "flags":{"wb_protected":true, "old":true, "marked":true}}
{"address":"0x7fc96c8012d0", "type":"STRING", "class":"0x7fc96c801668", "frozen":true, "embedded":true, "fstring":true, "bytesize":9, "value":"byteslice", "encoding":"US-ASCII", "flags":{"wb_protected":true, "old":true, "marked":true}}
{"address":"0x7fc96c8012f8", "type":"STRING", "class":"0x7fc96c801668", "frozen":true, "embedded":true, "fstring":true, "bytesize":7, "value":"setbyte", "encoding":"US-ASCII", "flags":{"wb_protected":true, "old":true, "marked":true}}
{"address":"0x7fc96c801320", "type":"STRING", "class":"0x7fc96c801668", "frozen":true, "embedded":true, "fstring":true, "bytesize":7, "value":"getbyte", "encoding":"US-ASCII", "flags":{"wb_protected":true, "old":true, "marked":true}}
{"address":"0x7fc96c801348", "type":"STRING", "class":"0x7fc96c801668", "frozen":true, "embedded":true, "fstring":true, "bytesize":3, "value":"chr", "encoding":"US-ASCII", "flags":{"wb_protected":true, "old":true, "marked":true}}
{"address":"0x7fc96c801370", "type":"STRING", "class":"0x7fc96c801668", "frozen":true, "embedded":true, "fstring":true, "bytesize":5, "value":"clear", "encoding":"US-ASCII", "flags":{"wb_protected":true, "old":true, "marked":true}}
{"address":"0x7fc96c801398", "type":"STRING", "class":"0x7fc96c801668", "frozen":true, "embedded":true, "fstring":true, "bytesize":7, "value":"replace", "encoding":"US-ASCII", "flags":{"wb_protected":true, "old":true, "marked":true}}
{"address":"0x7fc96c8013c0", "type":"STRING", "class":"0x7fc96c801668", "frozen":true, "embedded":true, "fstring":true, "bytesize":6, "value":"rindex", "encoding":"US-ASCII", "flags":{"wb_protected":true, "old":true, "marked":true}}
{"address":"0x7fc96c8013e8", "type":"STRING", "class":"0x7fc96c801668", "frozen":true, "embedded":true, "fstring":true, "bytesize":5, "value":"index", "encoding":"US-ASCII", "flags":{"wb_protected":true, "old":true, "marked":true}}
{"address":"0x7fc96c801410", "type":"STRING", "class":"0x7fc96c801668", "frozen":true, "embedded":true, "fstring":true, "bytesize":4, "value":"upto", "encoding":"US-ASCII", "flags":{"wb_protected":true, "old":true, "marked":true}}
{"address":"0x7fc96c801438", "type":"STRING", "class":"0x7fc96c801668", "frozen":true, "embedded":true, "fstring":true, "bytesize":5, "value":"next!", "encoding":"US-ASCII", "flags":{"wb_protected":true, "old":true, "marked":true}}
{"address":"0x7fc96c801460", "type":"STRING", "class":"0x7fc96c801668", "frozen":true, "embedded":true, "fstring":true, "bytesize":5, "value":"succ!", "encoding":"US-ASCII", "flags":{"wb_protected":true, "old":true, "marked":true}}
{"address":"0x7fc96c801488", "type":"STRING", "class":"0x7fc96c801668", "frozen":true, "embedded":true, "fstring":true, "bytesize":5, "value":"match", "encoding":"US-ASCII", "flags":{"wb_protected":true, "old":true, "marked":true}}
{"address":"0x7fc96c8014b0", "type":"STRING", "class":"0x7fc96c801668", "frozen":true, "embedded":true, "fstring":true, "bytesize":8, "value":"bytesize", "encoding":"US-ASCII", "flags":{"wb_protected":true, "old":true, "marked":true}}
{"address":"0x7fc96c8014d8", "type":"STRING", "class":"0x7fc96c801668", "frozen":true, "embedded":true, "fstring":true, "bytesize":6, "value":"insert", "encoding":"US-ASCII", "flags":{"wb_protected":true, "old":true, "marked":true}}
{"address":"0x7fc96c801500", "type":"STRING", "class":"0x7fc96c801668", "frozen":true, "embedded":true, "fstring":true, "bytesize":3, "value":"[]=", "encoding":"US-ASCII", "flags":{"wb_protected":true, "old":true, "marked":true}}
{"address":"0x7fc96c801528", "type":"STRING", "class":"0x7fc96c801668", "frozen":true, "embedded":true, "fstring":true, "bytesize":2, "value":"[]", "encoding":"US-ASCII", "flags":{"wb_protected":true, "old":true, "marked":true}}
{"address":"0x7fc96c801550", "type":"STRING", "class":"0x7fc96c801668", "frozen":true, "embedded":true, "fstring":true, "bytesize":1, "value":"%", "encoding":"US-ASCII", "flags":{"wb_protected":true, "old":true, "marked":true}}
{"address":"0x7fc96c801578", "type":"STRING", "class":"0x7fc96c801668", "frozen":true, "embedded":true, "fstring":true, "bytesize":1, "value":"*", "encoding":"US-ASCII", "flags":{"wb_protected":true, "old":true, "marked":true}}
{"address":"0x7fc96c8015a0", "type":"STRING", "class":"0x7fc96c801668", "frozen":true, "embedded":true, "fstring":true, "bytesize":1, "value":"+", "encoding":"US-ASCII", "flags":{"wb_protected":true, "old":true, "marked":true}}
{"address":"0x7fc96c8015c8", "type":"STRING", "class":"0x7fc96c801668", "frozen":true, "embedded":true, "fstring":true, "bytesize":7, "value":"casecmp", "encoding":"US-ASCII", "flags":{"wb_protected":true, "old":true, "marked":true}}
{"address":"0x7fc96c8015f0", "type":"STRING", "class":"0x7fc96c801668", "frozen":true, "embedded":true, "fstring":true, "bytesize":11, "value":"try_convert", "encoding":"US-ASCII", "flags":{"wb_protected":true, "old":true, "marked":true}}
{"address":"0x7fc96c801618", "type":"ICLASS", "class":"0x7fc96c801e60", "references":["0x7fc96c803788"], "flags":{"remembered":true}}
{"address":"0x7fc96c801640", "type":"CLASS", "class":"0x7fc96c802e28", "name":"Class", "references":["0x7fc96c801640", "0x7fc96c801668", "0x7fc96c802dd8"], "memsize":672, "flags":{"wb_protected":true, "old":true, "marked":true}}
{"address":"0x7fc96c801668", "type":"CLASS", "class":"0x7fc96c801640", "name":"String", "references":["0x7fc96c801668", "0x7fc96c801668", "0x7fc96c801668", "0x7fc96c801668", "0x7fc96c801668", "0x7fc96c801668", "0x7fc96c801668", "0x7fc96c801668", "0x7fc96c801668", "0x7fc96c801668", "0x7fc96c801668", "0x7fc96c801668", "0x7fc96c801668", "0x7fc96c801668", "0x7fc96c801668", "0x7fc96c801668", "0x7fc96c801668", "0x7fc96c801668", "0x7fc96c801668", "0x7fc96c801668", "0x7fc96c801668", "0x7fc96c801668", "0x7fc96c801668", "0x7fc96c801668", "0x7fc96c801668", "0x7fc96c801668", "0x7fc96c801668", "0x7fc96c801668", "0x7fc96c801668", "0x7fc96c801668", "0x7fc96c801668", "0x7fc96c801668", "0x7fc96c801668", "0x7fc96c801668", "0x7fc96c801668", "0x7fc96c801668", "0x7fc96c801668", "0x7fc96c801668", "0x7fc96c801668", "0x7fc96c801668", "0x7fc96c801668", "0x7fc96c801668", "0x7fc96c801668", "0x7fc96c801668", "0x7fc96c801668", "0x7fc96c801668", "0x7fc96c801668", "0x7fc96c801668", "0x7fc96c801668", "0x7fc96c801668", "0x7fc96c801668", "0x7fc96c801668", "0x7fc96c801668", "0x7fc96c801668", "0x7fc96c801668", "0x7fc96c801668", "0x7fc96c801668", "0x7fc96c801668", "0x7fc96c801668", "0x7fc96c801668", "0x7fc96c801668", "0x7fc96c801668", "0x7fc96c801668", "0x7fc96c801668", "0x7fc96c801668", "0x7fc96c801668", "0x7fc96c801668", "0x7fc96c801668", "0x7fc96c801668", "0x7fc96c801668", "0x7fc96c801668", "0x7fc96c801668", "0x7fc96c801668", "0x7fc96c801668", "0x7fc96c801668", "0x7fc96c801668", "0x7fc96c801668", "0x7fc96c801668", "0x7fc96c801668", "0x7fc96c801668", "0x7fc96c801668", "0x7fc96c801668", "0x7fc96c801668", "0x7fc96c801668", "0x7fc96c801668", "0x7fc96c801668", "0x7fc96c801668", "0x7fc96c801668", "0x7fc96c801668", "0x7fc96c801668", "0x7fc96c801668", "0x7fc96c801668", "0x7fc96c801668", "0x7fc96c801668", "0x7fc96c801668", "0x7fc96c801668", "0x7fc96c801668", "0x7fc96c801668", "0x7fc96c801668", "0x7fc96c801668", "0x7fc96c801668", "0x7fc96c801668", "0x7fc96c801668", "0x7fc96c801668", "0x7fc96c801668", "0x7fc96c801668", "0x7fc96c801668", "0x7fc96c801668", "0x7fc96c801668", "0x7fc96c801668", "0x7fc96c801668", "0x7fc96c801668", "0x7fc96c801668", "0x7fc96c801668", "0x7fc96c801668", "0x7fc96c802f18", "0x7fc96c801618"], "memsize":6344, "flags":{"wb_protected":true, "old":true, "marked":true}}
{"address":"0x7fc96c801690", "type":"STRING", "class":"0x7fc96c801668", "frozen":true, "embedded":true, "fstring":true, "bytesize":3, "value":"div", "encoding":"US-ASCII", "flags":{"wb_protected":true, "old":true, "marked":true}}
{"address":"0x7fc96c8016b8", "type":"STRING", "class":"0x7fc96c801668", "frozen":true, "embedded":true, "fstring":true, "bytesize":4, "value":"call", "encoding":"US-ASCII", "flags":{"wb_protected":true, "old":true, "marked":true}}
{"address":"0x7fc96c8016e0", "type":"STRING", "class":"0x7fc96c801668", "frozen":true, "embedded":true, "fstring":true, "bytesize":4, "value":"next", "encoding":"US-ASCII", "flags":{"wb_protected":true, "old":true, "marked":true}}
{"address":"0x7fc96c801708", "type":"STRING", "class":"0x7fc96c801668", "frozen":true, "embedded":true, "fstring":true, "bytesize":12, "value":"slice_before", "encoding":"US-ASCII", "flags":{"wb_protected":true, "old":true, "marked":true}}
{"address":"0x7fc96c801730", "type":"STRING", "class":"0x7fc96c801668", "frozen":true, "embedded":true, "fstring":true, "bytesize":5, "value":"chunk", "encoding":"US-ASCII", "flags":{"wb_protected":true, "old":true, "marked":true}}
{"address":"0x7fc96c801758", "type":"STRING", "class":"0x7fc96c801668", "frozen":true, "embedded":true, "fstring":true, "bytesize":5, "value":"cycle", "encoding":"US-ASCII", "flags":{"wb_protected":true, "old":true, "marked":true}}
{"address":"0x7fc96c801780", "type":"STRING", "class":"0x7fc96c801668", "frozen":true, "embedded":true, "fstring":true, "bytesize":10, "value":"drop_while", "encoding":"US-ASCII", "flags":{"wb_protected":true, "old":true, "marked":true}}
{"address":"0x7fc96c8017a8", "type":"STRING", "class":"0x7fc96c801668", "frozen":true, "embedded":true, "fstring":true, "bytesize":4, "value":"drop", "encoding":"US-ASCII", "flags":{"wb_protected":true, "old":true, "marked":true}}
{"address":"0x7fc96c8017d0", "type":"STRING", "class":"0x7fc96c801668", "frozen":true, "embedded":true, "fstring":true, "bytesize":10, "value":"take_while", "encoding":"US-ASCII", "flags":{"wb_protected":true, "old":true, "marked":true}}
{"address":"0x7fc96c8017f8", "type":"STRING", "class":"0x7fc96c801668", "frozen":true, "embedded":true, "fstring":true, "bytesize":4, "value":"take", "encoding":"US-ASCII", "flags":{"wb_protected":true, "old":true, "marked":true}}
{"address":"0x7fc96c801820", "type":"STRING", "class":"0x7fc96c801668", "frozen":true, "embedded":true, "fstring":true, "bytesize":3, "value":"zip", "encoding":"US-ASCII", "flags":{"wb_protected":true, "old":true, "marked":true}}
{"address":"0x7fc96c801848", "type":"STRING", "class":"0x7fc96c801668", "frozen":true, "embedded":true, "fstring":true, "bytesize":16, "value":"each_with_object", "encoding":"US-ASCII", "flags":{"wb_protected":true, "old":true, "marked":true}}
{"address":"0x7fc96c801870", "type":"STRING", "class":"0x7fc96c801668", "frozen":true, "embedded":true, "fstring":true, "bytesize":9, "value":"each_cons", "encoding":"US-ASCII", "flags":{"wb_protected":true, "old":true, "marked":true}}
{"address":"0x7fc96c801898", "type":"STRING", "class":"0x7fc96c801668", "frozen":true, "embedded":true, "fstring":true, "bytesize":10, "value":"each_slice", "encoding":"US-ASCII", "flags":{"wb_protected":true, "old":true, "marked":true}}
{"address":"0x7fc96c8018c0", "type":"STRING", "class":"0x7fc96c801668", "frozen":true, "embedded":true, "fstring":true, "bytesize":10, "value":"each_entry", "encoding":"US-ASCII", "flags":{"wb_protected":true, "old":true, "marked":true}}
{"address":"0x7fc96c8018e8", "type":"STRING", "class":"0x7fc96c801668", "frozen":true, "embedded":true, "fstring":true, "bytesize":12, "value":"reverse_each", "encoding":"US-ASCII", "flags":{"wb_protected":true, "old":true, "marked":true}}
{"address":"0x7fc96c801910", "type":"STRING", "class":"0x7fc96c801668", "frozen":true, "embedded":true, "fstring":true, "bytesize":15, "value":"each_with_index", "encoding":"US-ASCII", "flags":{"wb_protected":true, "old":true, "marked":true}}
{"address":"0x7fc96c801938", "type":"STRING", "class":"0x7fc96c801668", "frozen":true, "embedded":true, "fstring":true, "bytesize":7, "value":"member?", "encoding":"US-ASCII", "flags":{"wb_protected":true, "old":true, "marked":true}}
{"address":"0x7fc96c801960", "type":"STRING", "class":"0x7fc96c801668", "frozen":true, "embedded":true, "fstring":true, "bytesize":9, "value":"minmax_by", "encoding":"US-ASCII", "flags":{"wb_protected":true, "old":true, "marked":true}}
{"address":"0x7fc96c801988", "type":"STRING", "class":"0x7fc96c801668", "frozen":true, "embedded":true, "fstring":true, "bytesize":6, "value":"max_by", "encoding":"US-ASCII", "flags":{"wb_protected":true, "old":true, "marked":true}}
{"address":"0x7fc96c8019b0", "type":"STRING", "class":"0x7fc96c801668", "frozen":true, "embedded":true, "fstring":true, "bytesize":6, "value":"min_by", "encoding":"US-ASCII", "flags":{"wb_protected":true, "old":true, "marked":true}}
{"address":"0x7fc96c8019d8", "type":"STRING", "class":"0x7fc96c801668", "frozen":true, "embedded":true, "fstring":true, "bytesize":6, "value":"minmax", "encoding":"US-ASCII", "flags":{"wb_protected":true, "old":true, "marked":true}}
{"address":"0x7fc96c801a00", "type":"STRING", "class":"0x7fc96c801668", "frozen":true, "embedded":true, "fstring":true, "bytesize":3, "value":"max", "encoding":"US-ASCII", "flags":{"wb_protected":true, "old":true, "marked":true}}
{"address":"0x7fc96c801a28", "type":"STRING", "class":"0x7fc96c801668", "frozen":true, "embedded":true, "fstring":true, "bytesize":3, "value":"min", "encoding":"US-ASCII", "flags":{"wb_protected":true, "old":true, "marked":true}}
{"address":"0x7fc96c801a50", "type":"STRING", "class":"0x7fc96c801668", "frozen":true, "embedded":true, "fstring":true, "bytesize":5, "value":"none?", "encoding":"US-ASCII", "flags":{"wb_protected":true, "old":true, "marked":true}}
{"address":"0x7fc96c801a78", "type":"STRING", "class":"0x7fc96c801668", "frozen":true, "embedded":true, "fstring":true, "bytesize":4, "value":"one?", "encoding":"US-ASCII", "flags":{"wb_protected":true, "old":true, "marked":true}}
{"address":"0x7fc96c801aa0", "type":"STRING", "class":"0x7fc96c801668", "frozen":true, "embedded":true, "fstring":true, "bytesize":4, "value":"any?", "encoding":"US-ASCII", "flags":{"wb_protected":true, "old":true, "marked":true}}
{"address":"0x7fc96c801ac8", "type":"STRING", "class":"0x7fc96c801668", "frozen":true, "embedded":true, "fstring":true, "bytesize":4, "value":"all?", "encoding":"US-ASCII", "flags":{"wb_protected":true, "old":true, "marked":true}}
{"address":"0x7fc96c801af0", "type":"STRING", "class":"0x7fc96c801668", "frozen":true, "embedded":true, "fstring":true, "bytesize":5, "value":"first", "encoding":"US-ASCII", "flags":{"wb_protected":true, "old":true, "marked":true}}
{"address":"0x7fc96c801b18", "type":"STRING", "class":"0x7fc96c801668", "frozen":true, "embedded":true, "fstring":true, "bytesize":8, "value":"group_by", "encoding":"US-ASCII", "flags":{"wb_protected":true, "old":true, "marked":true}}
{"address":"0x7fc96c801b40", "type":"STRING", "class":"0x7fc96c801668", "frozen":true, "embedded":true, "fstring":true, "bytesize":9, "value":"partition", "encoding":"US-ASCII", "flags":{"wb_protected":true, "old":true, "marked":true}}
{"address":"0x7fc96c801b68", "type":"STRING", "class":"0x7fc96c801668", "frozen":true, "embedded":true, "fstring":true, "bytesize":6, "value":"reduce", "encoding":"US-ASCII", "flags":{"wb_protected":true, "old":true, "marked":true}}
{"address":"0x7fc96c801b90", "type":"STRING", "class":"0x7fc96c801668", "frozen":true, "embedded":true, "fstring":true, "bytesize":6, "value":"inject", "encoding":"US-ASCII", "flags":{"wb_protected":true, "old":true, "marked":true}}
{"address":"0x7fc96c801bb8", "type":"STRING", "class":"0x7fc96c801668", "frozen":true, "embedded":true, "fstring":true, "bytesize":14, "value":"collect_concat", "encoding":"US-ASCII", "flags":{"wb_protected":true, "old":true, "marked":true}}
{"address":"0x7fc96c801be0", "type":"STRING", "class":"0x7fc96c801668", "frozen":true, "embedded":true, "fstring":true, "bytesize":8, "value":"flat_map", "encoding":"US-ASCII", "flags":{"wb_protected":true, "old":true, "marked":true}}
{"address":"0x7fc96c801c08", "type":"STRING", "class":"0x7fc96c801668", "frozen":true, "embedded":true, "fstring":true, "bytesize":3, "value":"map", "encoding":"US-ASCII", "flags":{"wb_protected":true, "old":true, "marked":true}}
{"address":"0x7fc96c801c30", "type":"STRING", "class":"0x7fc96c801668", "frozen":true, "embedded":true, "fstring":true, "bytesize":7, "value":"collect", "encoding":"US-ASCII", "flags":{"wb_protected":true, "old":true, "marked":true}}
{"address":"0x7fc96c801c58", "type":"STRING", "class":"0x7fc96c801668", "frozen":true, "embedded":true, "fstring":true, "bytesize":6, "value":"reject", "encoding":"US-ASCII", "flags":{"wb_protected":true, "old":true, "marked":true}}
{"address":"0x7fc96c801c80", "type":"STRING", "class":"0x7fc96c801668", "frozen":true, "embedded":true, "fstring":true, "bytesize":6, "value":"select", "encoding":"US-ASCII", "flags":{"wb_protected":true, "old":true, "marked":true}}
{"address":"0x7fc96c801ca8", "type":"STRING", "class":"0x7fc96c801668", "frozen":true, "embedded":true, "fstring":true, "bytesize":8, "value":"find_all", "encoding":"US-ASCII", "flags":{"wb_protected":true, "old":true, "marked":true}}
{"address":"0x7fc96c801cd0", "type":"STRING", "class":"0x7fc96c801668", "frozen":true, "embedded":true, "fstring":true, "bytesize":10, "value":"find_index", "encoding":"US-ASCII", "flags":{"wb_protected":true, "old":true, "marked":true}}
{"address":"0x7fc96c801cf8", "type":"STRING", "class":"0x7fc96c801668", "frozen":true, "embedded":true, "fstring":true, "bytesize":6, "value":"detect", "encoding":"US-ASCII", "flags":{"wb_protected":true, "old":true, "marked":true}}
{"address":"0x7fc96c801d20", "type":"STRING", "class":"0x7fc96c801668", "frozen":true, "embedded":true, "fstring":true, "bytesize":5, "value":"count", "encoding":"US-ASCII", "flags":{"wb_protected":true, "old":true, "marked":true}}
{"address":"0x7fc96c801d48", "type":"STRING", "class":"0x7fc96c801668", "frozen":true, "embedded":true, "fstring":true, "bytesize":4, "value":"grep", "encoding":"US-ASCII", "flags":{"wb_protected":true, "old":true, "marked":true}}
{"address":"0x7fc96c801d70", "type":"STRING", "class":"0x7fc96c801668", "frozen":true, "embedded":true, "fstring":true, "bytesize":7, "value":"sort_by", "encoding":"US-ASCII", "flags":{"wb_protected":true, "old":true, "marked":true}}
{"address":"0x7fc96c801d98", "type":"STRING", "class":"0x7fc96c801668", "frozen":true, "embedded":true, "fstring":true, "bytesize":4, "value":"sort", "encoding":"US-ASCII", "flags":{"wb_protected":true, "old":true, "marked":true}}
{"address":"0x7fc96c801dc0", "type":"STRING", "class":"0x7fc96c801668", "frozen":true, "embedded":true, "fstring":true, "bytesize":7, "value":"entries", "encoding":"US-ASCII", "flags":{"wb_protected":true, "old":true, "marked":true}}
{"address":"0x7fc96c801de8", "type":"MODULE", "class":"0x7fc96c803738", "name":"Enumerable", "references":["0x7fc96c801de8", "0x7fc96c801de8", "0x7fc96c801de8", "0x7fc96c801de8", "0x7fc96c801de8", "0x7fc96c801de8", "0x7fc96c801de8", "0x7fc96c801de8", "0x7fc96c801de8", "0x7fc96c801de8", "0x7fc96c801de8", "0x7fc96c801de8", "0x7fc96c801de8", "0x7fc96c801de8", "0x7fc96c801de8", "0x7fc96c801de8", "0x7fc96c801de8", "0x7fc96c801de8", "0x7fc96c801de8", "0x7fc96c801de8", "0x7fc96c801de8", "0x7fc96c801de8", "0x7fc96c801de8", "0x7fc96c801de8", "0x7fc96c801de8", "0x7fc96c801de8", "0x7fc96c801de8", "0x7fc96c801de8", "0x7fc96c801de8", "0x7fc96c801de8", "0x7fc96c801de8", "0x7fc96c801de8", "0x7fc96c801de8", "0x7fc96c801de8", "0x7fc96c801de8", "0x7fc96c801de8", "0x7fc96c801de8", "0x7fc96c801de8", "0x7fc96c801de8", "0x7fc96c801de8", "0x7fc96c801de8", "0x7fc96c801de8", "0x7fc96c801de8", "0x7fc96c801de8", "0x7fc96c801de8", "0x7fc96c801de8", "0x7fc96c801de8", "0x7fc96c801de8", "0x7fc96c801de8", "0x7fc96c801e10"], "memsize":3160, "flags":{"remembered":true}}
{"address":"0x7fc96c801e10", "type":"STRING", "class":"0x7fc96c801668", "frozen":true, "embedded":true, "fstring":true, "bytesize":10, "value":"Enumerable", "encoding":"US-ASCII", "flags":{"wb_protected":true, "old":true, "marked":true}}
{"address":"0x7fc96c801e38", "type":"STRING", "class":"0x7fc96c801668", "frozen":true, "embedded":true, "fstring":true, "bytesize":8, "value":"between?", "encoding":"US-ASCII", "flags":{"wb_protected":true, "old":true, "marked":true}}
{"address":"0x7fc96c801e60", "type":"MODULE", "class":"0x7fc96c803738", "name":"Comparable", "references":["0x7fc96c801e60", "0x7fc96c801e60", "0x7fc96c801e60", "0x7fc96c801e60", "0x7fc96c801e60", "0x7fc96c801e60", "0x7fc96c801e88"], "memsize":864, "flags":{"remembered":true}}
{"address":"0x7fc96c801e88", "type":"STRING", "class":"0x7fc96c801668", "frozen":true, "embedded":true, "fstring":true, "bytesize":10, "value":"Comparable", "encoding":"US-ASCII", "flags":{"wb_protected":true, "old":true, "marked":true}}
{"address":"0x7fc96c801eb0", "type":"DATA", "class":"0x7fc96c802360", "struct":"encoding", "flags":{"remembered":true}}
{"address":"0x7fc96c801ed8", "type":"DATA", "class":"0x7fc96c802360", "struct":"encoding", "flags":{"remembered":true}}
{"address":"0x7fc96c801f00", "type":"DATA", "class":"0x7fc96c802360", "struct":"encoding", "flags":{"remembered":true}}
{"address":"0x7fc96c801f28", "type":"DATA", "class":"0x7fc96c802360", "struct":"encoding", "flags":{"remembered":true}}
{"address":"0x7fc96c801f50", "type":"DATA", "class":"0x7fc96c802360", "struct":"encoding", "flags":{"remembered":true}}
{"address":"0x7fc96c801f78", "type":"DATA", "class":"0x7fc96c802360", "struct":"encoding", "flags":{"remembered":true}}
{"address":"0x7fc96c801fa0", "type":"DATA", "class":"0x7fc96c802360", "struct":"encoding", "flags":{"remembered":true}}
{"address":"0x7fc96c801fc8", "type":"DATA", "class":"0x7fc96c802360", "struct":"encoding", "flags":{"remembered":true}}
{"address":"0x7fc96c801ff0", "type":"DATA", "class":"0x7fc96c802360", "struct":"encoding", "flags":{"remembered":true}}
{"address":"0x7fc96c802018", "type":"DATA", "class":"0x7fc96c802360", "struct":"encoding", "flags":{"remembered":true}}
{"address":"0x7fc96c802040", "type":"DATA", "class":"0x7fc96c802360", "struct":"encoding", "flags":{"remembered":true}}
{"address":"0x7fc96c802068", "type":"DATA", "class":"0x7fc96c802360", "struct":"encoding", "flags":{"remembered":true}}
{"address":"0x7fc96c802090", "type":"ARRAY", "length":100, "references":["0x7fc96c802068", "0x7fc96c802040", "0x7fc96c802018", "0x7fc96c801ff0", "0x7fc96c801fc8", "0x7fc96c801fa0", "0x7fc96c801f78", "0x7fc96c801f50", "0x7fc96c801f28", "0x7fc96c801f00", "0x7fc96c801ed8", "0x7fc96c801eb0", "0x7fc96c831868", "0x7fc96c8317f0", "0x7fc96c831778", "0x7fc96c831700", "0x7fc96c8316b0", "0x7fc96c831610", "0x7fc96c8315c0", "0x7fc96c831570", "0x7fc96c831520", "0x7fc96c8314d0", "0x7fc96c831480", "0x7fc96c831430", "0x7fc96c8313e0", "0x7fc96c831390", "0x7fc96c831340", "0x7fc96c8312f0", "0x7fc96c8312a0", "0x7fc96c831250", "0x7fc96c831200", "0x7fc96c8311b0", "0x7fc96c831160", "0x7fc96c831110", "0x7fc96c8310c0", "0x7fc96c831070", "0x7fc96c831020", "0x7fc96c830fd0", "0x7fc96c830f80", "0x7fc96c830f30", "0x7fc96c830dc8", "0x7fc96c830d50", "0x7fc96c830cd8", "0x7fc96c830c60", "0x7fc96c830be8", "0x7fc96c830b70", "0x7fc96c830b20", "0x7fc96c830ad0", "0x7fc96c830a80", "0x7fc96c830a30", "0x7fc96c8309b8", "0x7fc96c830940", "0x7fc96c8308c8", "0x7fc96c830850", "0x7fc96c8307d8", "0x7fc96c830760", "0x7fc96c8306e8", "0x7fc96c830670", "0x7fc96c8305f8", "0x7fc96c830558", "0x7fc96c830508", "0x7fc96c830490", "0x7fc96c830418", "0x7fc96c8303a0", "0x7fc96c830328", "0x7fc96c8302b0", "0x7fc96c830238", "0x7fc96c8301c0", "0x7fc96c830148", "0x7fc96c8300d0", "0x7fc96c830058", "0x7fc96c82bf80", "0x7fc96c82bf30", "0x7fc96c82be68", "0x7fc96c82bdc8", "0x7fc96c82bd78", "0x7fc96c82bbe8", "0x7fc96c82bb70", "0x7fc96c82baf8", "0x7fc96c82ba80", "0x7fc96c82ba30", "0x7fc96c82b9b8", "0x7fc96c82b8f0", "0x7fc96c82b7b0", "0x7fc96c82b6e8", "0x7fc96c82b620", "0x7fc96c82b558", "0x7fc96c82b468", "0x7fc96c82b418", "0x7fc96c82b350", "0x7fc96c82b210", "0x7fc96c82b0f8", "0x7fc96c82ae28", "0x7fc96c82adb0", "0x7fc96c82ad38", "0x7fc96c82ace8", "0x7fc96c82ac98", "0x7fc96c82ac48", "0x7fc96c82abd0", "0x7fc96c82ab58"], "memsize":1184, "flags":{"wb_protected":true, "old":true, "marked":true}}
{"address":"0x7fc96c8020b8", "type":"STRING", "class":"0x7fc96c801668", "frozen":true, "embedded":true, "fstring":true, "bytesize":14, "value":"locale_charmap", "encoding":"US-ASCII", "flags":{"wb_protected":true, "old":true, "marked":true}}
{"address":"0x7fc96c8020e0", "type":"STRING", "class":"0x7fc96c801668", "frozen":true, "embedded":true, "fstring":true, "bytesize":17, "value":"default_internal=", "encoding":"US-ASCII", "flags":{"wb_protected":true, "old":true, "marked":true}}
{"address":"0x7fc96c802108", "type":"STRING", "class":"0x7fc96c801668", "frozen":true, "embedded":true, "fstring":true, "bytesize":16, "value":"default_internal", "encoding":"US-ASCII", "flags":{"wb_protected":true, "old":true, "marked":true}}
{"address":"0x7fc96c802130", "type":"STRING", "class":"0x7fc96c801668", "frozen":true, "embedded":true, "fstring":true, "bytesize":17, "value":"default_external=", "encoding":"US-ASCII", "flags":{"wb_protected":true, "old":true, "marked":true}}
{"address":"0x7fc96c802158", "type":"STRING", "class":"0x7fc96c801668", "frozen":true, "embedded":true, "fstring":true, "bytesize":16, "value":"default_external", "encoding":"US-ASCII", "flags":{"wb_protected":true, "old":true, "marked":true}}
{"address":"0x7fc96c802180", "type":"STRING", "class":"0x7fc96c801668", "frozen":true, "embedded":true, "fstring":true, "bytesize":5, "value":"_load", "encoding":"US-ASCII", "flags":{"wb_protected":true, "old":true, "marked":true}}
{"address":"0x7fc96c8021a8", "type":"STRING", "class":"0x7fc96c801668", "frozen":true, "embedded":true, "fstring":true, "bytesize":5, "value":"_dump", "encoding":"US-ASCII", "flags":{"wb_protected":true, "old":true, "marked":true}}
{"address":"0x7fc96c8021d0", "type":"STRING", "class":"0x7fc96c801668", "frozen":true, "embedded":true, "fstring":true, "bytesize":11, "value":"compatible?", "encoding":"US-ASCII", "flags":{"wb_protected":true, "old":true, "marked":true}}
{"address":"0x7fc96c8021f8", "type":"STRING", "class":"0x7fc96c801668", "frozen":true, "embedded":true, "fstring":true, "bytesize":4, "value":"find", "encoding":"US-ASCII", "flags":{"wb_protected":true, "old":true, "marked":true}}
{"address":"0x7fc96c802220", "type":"STRING", "class":"0x7fc96c801668", "frozen":true, "embedded":true, "fstring":true, "bytesize":7, "value":"aliases", "encoding":"US-ASCII", "flags":{"wb_protected":true, "old":true, "marked":true}}
{"address":"0x7fc96c802248", "type":"STRING", "class":"0x7fc96c801668", "frozen":true, "embedded":true, "fstring":true, "bytesize":9, "value":"name_list", "encoding":"US-ASCII", "flags":{"wb_protected":true, "old":true, "marked":true}}
{"address":"0x7fc96c802270", "type":"STRING", "class":"0x7fc96c801668", "frozen":true, "embedded":true, "fstring":true, "bytesize":4, "value":"list", "encoding":"US-ASCII", "flags":{"wb_protected":true, "old":true, "marked":true}}
{"address":"0x7fc96c802298", "type":"STRING", "class":"0x7fc96c801668", "frozen":true, "embedded":true, "fstring":true, "bytesize":9, "value":"replicate", "encoding":"US-ASCII", "flags":{"wb_protected":true, "old":true, "marked":true}}
{"address":"0x7fc96c8022c0", "type":"STRING", "class":"0x7fc96c801668", "frozen":true, "embedded":true, "fstring":true, "bytesize":17, "value":"ascii_compatible?", "encoding":"US-ASCII", "flags":{"wb_protected":true, "old":true, "marked":true}}
{"address":"0x7fc96c8022e8", "type":"STRING", "class":"0x7fc96c801668", "frozen":true, "embedded":true, "fstring":true, "bytesize":6, "value":"dummy?", "encoding":"US-ASCII", "flags":{"wb_protected":true, "old":true, "marked":true}}
{"address":"0x7fc96c802310", "type":"STRING", "class":"0x7fc96c801668", "frozen":true, "embedded":true, "fstring":true, "bytesize":5, "value":"names", "encoding":"US-ASCII", "flags":{"wb_protected":true, "old":true, "marked":true}}
{"address":"0x7fc96c802338", "type":"CLASS", "class":"0x7fc96c802e28", "name":"Class", "references":["0x7fc96c802338", "0x7fc96c802338", "0x7fc96c802338", "0x7fc96c802338", "0x7fc96c802338", "0x7fc96c802338", "0x7fc96c802338", "0x7fc96c802338", "0x7fc96c802338", "0x7fc96c802338", "0x7fc96c802338", "0x7fc96c802338", "0x7fc96c802360", "0x7fc96c802dd8"], "memsize":1192, "flags":{"wb_protected":true, "old":true, "marked":true}}
{"address":"0x7fc96c802360", "type":"CLASS", "class":"0x7fc96c802338", "name":"Encoding", "references":["0x7fc96c802360", "0x7fc96c802360", "0x7fc96c802360", "0x7fc96c802360", "0x7fc96c802360", "0x7fc96c802360", "0x7fc96c802360", "0x7fc96c802360", "0x7fc96c802388", "0x7fc96c853a80", "0x7fc96c848d10", "0x7fc96c848c70", "0x7fc96c848bd0", "0x7fc96c848798", "0x7fc96c802068", "0x7fc96c831a20", "0x7fc96c802040", "0x7fc96c831a20", "0x7fc96c802018", "0x7fc96c831a20", "0x7fc96c831868", "0x7fc96c831a20", "0x7fc96c831868", "0x7fc96c831a20", "0x7fc96c8317f0", "0x7fc96c831a20", "0x7fc96c8317f0", "0x7fc96c831a20", "0x7fc96c831778", "0x7fc96c831a20", "0x7fc96c831778", "0x7fc96c831a20", "0x7fc96c831700", "0x7fc96c831a20", "0x7fc96c8316b0", "0x7fc96c831a20", "0x7fc96c8316b0", "0x7fc96c831a20", "0x7fc96c801ed8", "0x7fc96c831a20", "0x7fc96c831610", "0x7fc96c831a20", "0x7fc96c8315c0", "0x7fc96c831a20", "0x7fc96c831570", "0x7fc96c831a20", "0x7fc96c831520", "0x7fc96c831a20", "0x7fc96c8314d0", "0x7fc96c831a20", "0x7fc96c831480", "0x7fc96c831a20", "0x7fc96c831430", "0x7fc96c831a20", "0x7fc96c8313e0", "0x7fc96c831a20", "0x7fc96c831390", "0x7fc96c831a20", "0x7fc96c831340", "0x7fc96c831a20", "0x7fc96c8312f0", "0x7fc96c831a20", "0x7fc96c8312a0", "0x7fc96c831a20", "0x7fc96c831250", "0x7fc96c831a20", "0x7fc96c831200", "0x7fc96c831a20", "0x7fc96c8311b0", "0x7fc96c831a20", "0x7fc96c831160", "0x7fc96c831a20", "0x7fc96c831110", "0x7fc96c831a20", "0x7fc96c8310c0", "0x7fc96c831a20", "0x7fc96c831070", "0x7fc96c831a20", "0x7fc96c831020", "0x7fc96c831a20", "0x7fc96c830fd0", "0x7fc96c831a20", "0x7fc96c830f80", "0x7fc96c831a20", "0x7fc96c830f30", "0x7fc96c831a20", "0x7fc96c830f30", "0x7fc96c831a20", "0x7fc96c801ff0", "0x7fc96c831a20", "0x7fc96c801fc8", "0x7fc96c831a20", "0x7fc96c801fa0", "0x7fc96c831a20", "0x7fc96c801f78", "0x7fc96c831a20", "0x7fc96c801eb0", "0x7fc96c831a20", "0x7fc96c801eb0", "0x7fc96c831a20", "0x7fc96c830dc8", "0x7fc96c831a20", "0x7fc96c830dc8", "0x7fc96c831a20", "0x7fc96c802068", "0x7fc96c831a20", "0x7fc96c830d50", "0x7fc96c831a20", "0x7fc96c830d50", "0x7fc96c831a20", "0x7fc96c830cd8", "0x7fc96c831a20", "0x7fc96c830cd8", "0x7fc96c831a20", "0x7fc96c830c60", "0x7fc96c831a20", "0x7fc96c830c60", "0x7fc96c831a20", "0x7fc96c830be8", "0x7fc96c831a20", "0x7fc96c830be8", "0x7fc96c831a20", "0x7fc96c830b70", "0x7fc96c831a20", "0x7fc96c830b20", "0x7fc96c831a20", "0x7fc96c830ad0", "0x7fc96c831a20", "0x7fc96c830a80", "0x7fc96c831a20", "0x7fc96c830a30", "0x7fc96c831a20", "0x7fc96c830a30", "0x7fc96c831a20", "0x7fc96c8309b8", "0x7fc96c831a20", "0x7fc96c8309b8", "0x7fc96c831a20", "0x7fc96c830940", "0x7fc96c831a20", "0x7fc96c830940", "0x7fc96c831a20", "0x7fc96c8308c8", "0x7fc96c831a20", "0x7fc96c8308c8", "0x7fc96c831a20", "0x7fc96c830850", "0x7fc96c831a20", "0x7fc96c830850", "0x7fc96c831a20", "0x7fc96c8307d8", "0x7fc96c831a20", "0x7fc96c8307d8", "0x7fc96c831a20", "0x7fc96c830760", "0x7fc96c831a20", "0x7fc96c830760", "0x7fc96c831a20", "0x7fc96c8306e8", "0x7fc96c831a20", "0x7fc96c8306e8", "0x7fc96c831a20", "0x7fc96c830670", "0x7fc96c831a20", "0x7fc96c830670", "0x7fc96c831a20", "0x7fc96c8305f8", "0x7fc96c831a20", "0x7fc96c8305f8", "0x7fc96c831a20", "0x7fc96c8305f8", "0x7fc96c831a20", "0x7fc96c830558", "0x7fc96c831a20", "0x7fc96c830508", "0x7fc96c831a20", "0x7fc96c830508", "0x7fc96c831a20", "0x7fc96c830490", "0x7fc96c831a20", "0x7fc96c830490", "0x7fc96c831a20", "0x7fc96c830418", "0x7fc96c831a20", "0x7fc96c830418", "0x7fc96c831a20", "0x7fc96c8303a0", "0x7fc96c831a20", "0x7fc96c8303a0", "0x7fc96c831a20", "0x7fc96c830328", "0x7fc96c831a20", "0x7fc96c830328", "0x7fc96c831a20", "0x7fc96c8302b0", "0x7fc96c831a20", "0x7fc96c8302b0", "0x7fc96c831a20", "0x7fc96c830238", "0x7fc96c831a20", "0x7fc96c830238", "0x7fc96c831a20", "0x7fc96c8301c0", "0x7fc96c831a20", "0x7fc96c8301c0", "0x7fc96c831a20", "0x7fc96c830148", "0x7fc96c831a20", "0x7fc96c830148", "0x7fc96c831a20", "0x7fc96c8300d0", "0x7fc96c831a20", "0x7fc96c8300d0", "0x7fc96c831a20", "0x7fc96c830058", "0x7fc96c831a20", "0x7fc96c8317f0", "0x7fc96c831a20", "0x7fc96c8317f0", "0x7fc96c831a20", "0x7fc96c82bf80", "0x7fc96c831a20", "0x7fc96c82bf30", "0x7fc96c831a20", "0x7fc96c82bf30", "0x7fc96c831a20", "0x7fc96c801ed8", "0x7fc96c831a20", "0x7fc96c801ed8", "0x7fc96c831a20", "0x7fc96c82be68", "0x7fc96c831a20", "0x7fc96c82be68", "0x7fc96c831a20", "0x7fc96c82be68", "0x7fc96c831a20", "0x7fc96c82bdc8", "0x7fc96c831a20", "0x7fc96c82bd78", "0x7fc96c831a20", "0x7fc96c82bd78", "0x7fc96c831a20", "0x7fc96c831610", "0x7fc96c831a20", "0x7fc96c831610", "0x7fc96c831a20", "0x7fc96c8315c0", "0x7fc96c831a20", "0x7fc96c8315c0", "0x7fc96c831a20", "0x7fc96c831570", "0x7fc96c831a20", "0x7fc96c831570", "0x7fc96c831a20", "0x7fc96c831570", "0x7fc96c831a20", "0x7fc96c82bbe8", "0x7fc96c831a20", "0x7fc96c8314d0", "0x7fc96c831a20", "0x7fc96c82bb70", "0x7fc96c831a20", "0x7fc96c82bb70", "0x7fc96c831a20", "0x7fc96c82baf8", "0x7fc96c831a20", "0x7fc96c82baf8", "0x7fc96c831a20", "0x7fc96c82ba80", "0x7fc96c831a20", "0x7fc96c82ba30", "0x7fc96c831a20", "0x7fc96c831480", "0x7fc96c831a20", "0x7fc96c82b9b8", "0x7fc96c831a20", "0x7fc96c82b9b8", "0x7fc96c831a20", "0x7fc96c82b9b8", "0x7fc96c831a20", "0x7fc96c831430", "0x7fc96c831a20", "0x7fc96c82b8f0", "0x7fc96c831a20", "0x7fc96c82b8f0", "0x7fc96c831a20", "0x7fc96c82b8f0", "0x7fc96c831a20", "0x7fc96c8313e0", "0x7fc96c831a20", "0x7fc96c831390", "0x7fc96c831a20", "0x7fc96c831340", "0x7fc96c831a20", "0x7fc96c8312f0", "0x7fc96c831a20", "0x7fc96c82b7b0", "0x7fc96c831a20", "0x7fc96c82b7b0", "0x7fc96c831a20", "0x7fc96c82b7b0", "0x7fc96c831a20", "0x7fc96c8312a0", "0x7fc96c831a20", "0x7fc96c82b6e8", "0x7fc96c831a20", "0x7fc96c82b6e8", "0x7fc96c831a20", "0x7fc96c82b6e8", "0x7fc96c831a20", "0x7fc96c831250", "0x7fc96c831a20", "0x7fc96c82b620", "0x7fc96c831a20", "0x7fc96c82b620", "0x7fc96c831a20", "0x7fc96c82b620", "0x7fc96c831a20", "0x7fc96c831200", "0x7fc96c831a20", "0x7fc96c82b558", "0x7fc96c831a20", "0x7fc96c82b558", "0x7fc96c831a20", "0x7fc96c82b558", "0x7fc96c831a20", "0x7fc96c8311b0", "0x7fc96c831a20", "0x7fc96c831160", "0x7fc96c831a20", "0x7fc96c82b468", "0x7fc96c831a20", "0x7fc96c82b418", "0x7fc96c831a20", "0x7fc96c82b418", "0x7fc96c831a20", "0x7fc96c82b418", "0x7fc96c831a20", "0x7fc96c831110", "0x7fc96c831a20", "0x7fc96c82b350", "0x7fc96c831a20", "0x7fc96c82b350", "0x7fc96c831a20", "0x7fc96c82b350", "0x7fc96c831a20", "0x7fc96c8310c0", "0x7fc96c831a20", "0x7fc96c831070", "0x7fc96c831a20", "0x7fc96c831020", "0x7fc96c831a20", "0x7fc96c830fd0", "0x7fc96c831a20", "0x7fc96c82b210", "0x7fc96c831a20", "0x7fc96c82b210", "0x7fc96c831a20", "0x7fc96c82b210", "0x7fc96c831a20", "0x7fc96c82b210", "0x7fc96c831a20", "0x7fc96c802018", "0x7fc96c831a20", "0x7fc96c802018", "0x7fc96c831a20", "0x7fc96c82b0f8", "0x7fc96c831a20", "0x7fc96c82b0f8", "0x7fc96c831a20", "0x7fc96c802040", "0x7fc96c831a20", "0x7fc96c801f00", "0x7fc96c831a20", "0x7fc96c801f00", "0x7fc96c831a20", "0x7fc96c801f00", "0x7fc96c831a20", "0x7fc96c801f50", "0x7fc96c831a20", "0x7fc96c801f28", "0x7fc96c831a20", "0x7fc96c801ff0", "0x7fc96c831a20", "0x7fc96c801fa0", "0x7fc96c831a20", "0x7fc96c801f78", "0x7fc96c831a20", "0x7fc96c801eb0", "0x7fc96c831a20", "0x7fc96c801eb0", "0x7fc96c831a20", "0x7fc96c801eb0", "0x7fc96c831a20", "0x7fc96c801eb0", "0x7fc96c831a20", "0x7fc96c801eb0", "0x7fc96c831a20", "0x7fc96c830dc8", "0x7fc96c831a20", "0x7fc96c82ae28", "0x7fc96c831a20", "0x7fc96c82ae28", "0x7fc96c831a20", "0x7fc96c82adb0", "0x7fc96c831a20", "0x7fc96c82adb0", "0x7fc96c831a20", "0x7fc96c82ad38", "0x7fc96c831a20", "0x7fc96c82ace8", "0x7fc96c831a20", "0x7fc96c82ac98", "0x7fc96c831a20", "0x7fc96c82ac48", "0x7fc96c831a20", "0x7fc96c82ac48", "0x7fc96c831a20", "0x7fc96c82abd0", "0x7fc96c831a20", "0x7fc96c82abd0", "0x7fc96c831a20", "0x7fc96c82ab58", "0x7fc96c831a20", "0x7fc96c82ab58", "0x7fc96c831a20", "0x7fc96c803788"], "memsize":11712, "flags":{"wb_protected":true, "old":true, "marked":true}}
{"address":"0x7fc96c802388", "type":"STRING", "class":"0x7fc96c801668", "frozen":true, "embedded":true, "fstring":true, "bytesize":8, "value":"Encoding", "encoding":"US-ASCII", "flags":{"wb_protected":true, "old":true, "marked":true}}
{"address":"0x7fc96c8023b0", "type":"ARRAY", "length":143, "references":["0x7fc96c802090", "0x7fc96c853da0", "0x7fc96c853a80", "0x7fc96c852590", "0x7fc96c8524f0", "0x7fc96c852450", "0x7fc96c8523b0", "0x7fc96c852310", "0x7fc96c852270", "0x7fc96c8521d0", "0x7fc96c852130", "0x7fc96c852090", "0x7fc96c851ff0", "0x7fc96c851f50", "0x7fc96c851eb0", "0x7fc96c851e10", "0x7fc96c851d70", "0x7fc96c851cd0", "0x7fc96c851c30", "0x7fc96c851b90", "0x7fc96c851af0", "0x7fc96c851a50", "0x7fc96c8519b0", "0x7fc96c851910", "0x7fc96c851870", "0x7fc96c8517d0", "0x7fc96c851730", "0x7fc96c851690", "0x7fc96c8515f0", "0x7fc96c851550", "0x7fc96c8514b0", "0x7fc96c851410", "0x7fc96c851370", "0x7fc96c8512d0", "0x7fc96c851230", "0x7fc96c851190", "0x7fc96c8510f0", "0x7fc96c851050", "0x7fc96c850fb0", "0x7fc96c850f10", "0x7fc96c850e70", "0x7fc96c850dd0", "0x7fc96c850d30", "0x7fc96c850c90", "0x7fc96c850bc8", "0x7fc96c850b28", "0x7fc96c850808", "0x7fc96c850768", "0x7fc96c8506c8", "0x7fc96c850628", "0x7fc96c850538", "0x7fc96c850498", "0x7fc96c850380", "0x7fc96c8502e0", "0x7fc96c850218", "0x7fc96c850178", "0x7fc96c84bf60", "0x7fc96c84be70", "0x7fc96c84bdd0", "0x7fc96c84bd30", "0x7fc96c84bc90", "0x7fc96c84bbf0", "0x7fc96c84bb50", "0x7fc96c84bab0", "0x7fc96c84ba10", "0x7fc96c84b970", "0x7fc96c84b8d0", "0x7fc96c84b830", "0x7fc96c84b790", "0x7fc96c84b6f0", "0x7fc96c84b650", "0x7fc96c84b5b0", "0x7fc96c84b510", "0x7fc96c84b470", "0x7fc96c84b3d0", "0x7fc96c84b330", "0x7fc96c84b290", "0x7fc96c84b1f0", "0x7fc96c84b150", "0x7fc96c84b0b0", "0x7fc96c84b010", "0x7fc96c84af70", "0x7fc96c84aed0", "0x7fc96c84ae30", "0x7fc96c84ad90", "0x7fc96c84acf0", "0x7fc96c84ac50", "0x7fc96c84aae8", "0x7fc96c84aa48", "0x7fc96c84a8b8", "0x7fc96c84a818", "0x7fc96c84a750", "0x7fc96c84a6b0", "0x7fc96c84a5e8", "0x7fc96c84a548", "0x7fc96c84a4a8", "0x7fc96c84a408", "0x7fc96c84a368", "0x7fc96c84a2c8", "0x7fc96c84a228", "0x7fc96c84a188", "0x7fc96c84a0e8", "0x7fc96c848d10", "0x7fc96c848c70", "0x7fc96c848bd0", "0x7fc96c848798", "0x7fc96c843f40", "0x7fc96c8439c8", "0x7fc96c843950", "0x7fc96c8438d8", "0x7fc96c843810", "0x7fc96c8436f8", "0x7fc96c843630", "0x7fc96c843428", "0x7fc96c841d80", "0x7fc96c841998", "0x7fc96c840840", "0x7fc96c840318", "0x7fc96c83b8e0", "0x7fc96c83b840", "0x7fc96c83b7c8", "0x7fc96c83b570", "0x7fc96c83b070", "0x7fc96c83a918", "0x7fc96c83a170", "0x7fc96c839e50", "0x7fc96c8399f0", "0x7fc96c8398d8", "0x7fc96c839810", "0x7fc96c8396d0", "0x7fc96c839658", "0x7fc96c833870", "0x7fc96c833668", "0x7fc96c8335c8", "0x7fc96c833488", "0x7fc96c8328d0", "0x7fc96c832538", "0x7fc96c831e58", "0x7fc96c8c4cf8", "0x7fc96c8c4bb8", "0x7fc96c8c4a78", "0x7fc96d028170", "0x7fc96c8d74e8"], "memsize":1544, "flags":{"wb_protected":true, "old":true, "remembered":true, "marked":true}}
{"address":"0x7fc96c8023d8", "type":"CLASS", "class":"0x7fc96c82a068", "name":"Object", "references":["0x7fc96c8023d8", "0x7fc96c8023d8", "0x7fc96c8023d8", "0x7fc96c8023d8", "0x7fc96c8023d8", "0x7fc96c8023d8", "0x7fc96c8023d8", "0x7fc96c82a310", "0x7fc96c8d11b0", "0x7fc96c82a310", "0x7fc96c8d11b0", "0x7fc96c82a310", "0x7fc96c8d12a0", "0x7fc96c8035a8", "0x7fc96c82a310", "0x7fc96c8d12a0", "0x7fc96c82a310", "0x7fc96c8d12a0", "0x7fc96c82a310", "0x7fc96c8c45c8", "0x7fc96c82a310", "0x7fc96c8c45c8", "0x7fc96c82a310", "0x7fc96c8c45c8", "0x7fc96c82a310", "0x7fc96c8c45c8", "0x7fc96c82a310", "0x7fc96c8c45c8", "0x7fc96c82a310", "0x7fc96c8c45c8", "0x7fc96c82a310", "0x7fc96c8c45c8", "0x7fc96c82a310", "0x7fc96c8c45c8", "0x7fc96c82a310", "0x7fc96c8c45c8", "0x7fc96c82a310", "0x7fc96c8c0e78", "0x7fc96c82a310", "0x7fc96c8c0e78", "0x7fc96c82a310", "0x7fc96c8c0e78", "0x7fc96c82a310", "0x7fc96c8c0e78", "0x7fc96c82a310", "0x7fc96c8c0e78", "0x7fc96c82a310", "0x7fc96c8c0e78", "0x7fc96c82a310", "0x7fc96c8c0e78", "0x7fc96c82a310", "0x7fc96c8bb518", "0x7fc96c82a310", "0x7fc96c8bb518", "0x7fc96c82a310", "0x7fc96c8bb518", "0x7fc96c82a310", "0x7fc96c8b98d0", "0x7fc96c82a310", "0x7fc96c8b98d0", "0x7fc96c82a310", "0x7fc96c8b98d0", "0x7fc96c82a310", "0x7fc96c8b98d0", "0x7fc96c82a310", "0x7fc96c8b98d0", "0x7fc96c82a310", "0x7fc96c8ab960", "0x7fc96c82a310", "0x7fc96c8ab960", "0x7fc96c82a310", "0x7fc96c8ab960", "0x7fc96c82a310", "0x7fc96c8ab960", "0x7fc96c82a310", "0x7fc96c8ab960", "0x7fc96c82a310", "0x7fc96c065170", "0x7fc96c82a310", "0x7fc96d857350", "0x7fc96c82a310", "0x7fc96d855a78", "0x7fc96c82a310", "0x7fc96d8394e0", "0x7fc96c82a310", "0x7fc96d831ee8", "0x7fc96c802400", "0x7fc96c82a310"], "memsize":2872, "flags":{"wb_protected":true, "old":true, "marked":true}}
{"address":"0x7fc96c802400", "type":"OBJECT", "class":"0x7fc96c8023d8", "ivars":3, "references":["0x7fc96c839090"], "flags":{"wb_protected":true, "old":true, "marked":true}}
{"address":"0x7fc96c802428", "type":"STRING", "class":"0x7fc96c801668", "frozen":true, "embedded":true, "fstring":true, "bytesize":5, "value":"to_io", "encoding":"US-ASCII", "flags":{"wb_protected":true, "old":true, "marked":true}}
{"address":"0x7fc96c802450", "type":"STRING", "class":"0x7fc96c801668", "frozen":true, "embedded":true, "fstring":true, "bytesize":7, "value":"to_proc", "encoding":"US-ASCII", "flags":{"wb_protected":true, "old":true, "marked":true}}
{"address":"0x7fc96c802478", "type":"STRING", "class":"0x7fc96c801668", "frozen":true, "embedded":true, "fstring":true, "bytesize":7, "value":"to_hash", "encoding":"US-ASCII", "flags":{"wb_protected":true, "old":true, "marked":true}}
{"address":"0x7fc96c8024a0", "type":"STRING", "class":"0x7fc96c801668", "frozen":true, "embedded":true, "fstring":true, "bytesize":6, "value":"to_sym", "encoding":"US-ASCII", "flags":{"wb_protected":true, "old":true, "marked":true}}
{"address":"0x7fc96c8024c8", "type":"STRING", "class":"0x7fc96c801668", "frozen":true, "embedded":true, "fstring":true, "bytesize":6, "value":"to_str", "encoding":"US-ASCII", "flags":{"wb_protected":true, "old":true, "marked":true}}
{"address":"0x7fc96c8024f0", "type":"STRING", "class":"0x7fc96c801668", "frozen":true, "embedded":true, "fstring":true, "bytesize":6, "value":"to_ary", "encoding":"US-ASCII", "flags":{"wb_protected":true, "old":true, "marked":true}}
{"address":"0x7fc96c802518", "type":"STRING", "class":"0x7fc96c801668", "frozen":true, "embedded":true, "fstring":true, "bytesize":6, "value":"to_int", "encoding":"US-ASCII", "flags":{"wb_protected":true, "old":true, "marked":true}}
{"address":"0x7fc96c802540", "type":"STRING", "class":"0x7fc96c801668", "frozen":true, "embedded":true, "fstring":true, "bytesize":5, "value":"FALSE", "encoding":"US-ASCII", "flags":{"wb_protected":true, "old":true, "marked":true}}
{"address":"0x7fc96c802568", "type":"CLASS", "class":"0x7fc96c802e28", "name":"Class", "references":["0x7fc96c802568", "0x7fc96c802590", "0x7fc96c802dd8"], "memsize":672, "flags":{"wb_protected":true, "old":true, "marked":true}}
{"address":"0x7fc96c802590", "type":"CLASS", "class":"0x7fc96c802568", "name":"FalseClass", "references":["0x7fc96c802590", "0x7fc96c802590", "0x7fc96c802590", "0x7fc96c802590", "0x7fc96c802590", "0x7fc96c8025b8", "0x7fc96c803788"], "memsize":672, "flags":{"wb_protected":true, "old":true, "marked":true}}
{"address":"0x7fc96c8025b8", "type":"STRING", "class":"0x7fc96c801668", "frozen":true, "embedded":true, "fstring":true, "bytesize":10, "value":"FalseClass", "encoding":"US-ASCII", "flags":{"wb_protected":true, "old":true, "marked":true}}
{"address":"0x7fc96c8025e0", "type":"STRING", "class":"0x7fc96c801668", "frozen":true, "embedded":true, "fstring":true, "bytesize":4, "value":"TRUE", "encoding":"US-ASCII", "flags":{"wb_protected":true, "old":true, "marked":true}}
{"address":"0x7fc96c802608", "type":"CLASS", "class":"0x7fc96c802e28", "name":"Class", "references":["0x7fc96c802608", "0x7fc96c802630", "0x7fc96c802dd8"], "memsize":672, "flags":{"wb_protected":true, "old":true, "marked":true}}
{"address":"0x7fc96c802630", "type":"CLASS", "class":"0x7fc96c802608", "name":"TrueClass", "references":["0x7fc96c802630", "0x7fc96c802630", "0x7fc96c802630", "0x7fc96c802630", "0x7fc96c802630", "0x7fc96c802658", "0x7fc96c803788"], "memsize":672, "flags":{"wb_protected":true, "old":true, "marked":true}}
{"address":"0x7fc96c802658", "type":"STRING", "class":"0x7fc96c801668", "frozen":true, "embedded":true, "fstring":true, "bytesize":9, "value":"TrueClass", "encoding":"US-ASCII", "flags":{"wb_protected":true, "old":true, "marked":true}}
{"address":"0x7fc96c802680", "type":"CLASS", "class":"0x7fc96c802e28", "name":"Class", "references":["0x7fc96c8026a8", "0x7fc96c802dd8"], "memsize":672, "flags":{"wb_protected":true, "old":true, "marked":true}}
{"address":"0x7fc96c8026a8", "type":"CLASS", "class":"0x7fc96c802680", "name":"Data", "references":["0x7fc96c8026d0", "0x7fc96c803788"], "memsize":672, "flags":{"wb_protected":true, "old":true, "marked":true}}
{"address":"0x7fc96c8026d0", "type":"STRING", "class":"0x7fc96c801668", "frozen":true, "embedded":true, "fstring":true, "bytesize":4, "value":"Data", "encoding":"US-ASCII", "flags":{"wb_protected":true, "old":true, "marked":true}}
{"address":"0x7fc96c8026f8", "type":"STRING", "class":"0x7fc96c801668", "frozen":true, "embedded":true, "fstring":true, "bytesize":16, "value":"prepend_features", "encoding":"US-ASCII", "flags":{"wb_protected":true, "old":true, "marked":true}}
{"address":"0x7fc96c802720", "type":"STRING", "class":"0x7fc96c801668", "frozen":true, "embedded":true, "fstring":true, "bytesize":15, "value":"append_features", "encoding":"US-ASCII", "flags":{"wb_protected":true, "old":true, "marked":true}}
{"address":"0x7fc96c802748", "type":"STRING", "class":"0x7fc96c801668", "frozen":true, "embedded":true, "fstring":true, "bytesize":13, "value":"extend_object", "encoding":"US-ASCII", "flags":{"wb_protected":true, "old":true, "marked":true}}
{"address":"0x7fc96c802770", "type":"STRING", "class":"0x7fc96c801668", "frozen":true, "embedded":true, "fstring":true, "bytesize":10, "value":"superclass", "encoding":"US-ASCII", "flags":{"wb_protected":true, "old":true, "marked":true}}
{"address":"0x7fc96c802798", "type":"STRING", "class":"0x7fc96c801668", "frozen":true, "embedded":true, "fstring":true, "bytesize":8, "value":"allocate", "encoding":"US-ASCII", "flags":{"wb_protected":true, "old":true, "marked":true}}
{"address":"0x7fc96c8027c0", "type":"STRING", "class":"0x7fc96c801668", "frozen":true, "embedded":true, "fstring":true, "bytesize":16, "value":"singleton_class?", "encoding":"US-ASCII", "flags":{"wb_protected":true, "old":true, "marked":true}}
{"address":"0x7fc96c8027e8", "type":"STRING", "class":"0x7fc96c801668", "frozen":true, "embedded":true, "fstring":true, "bytesize":16, "value":"private_constant", "encoding":"US-ASCII", "flags":{"wb_protected":true, "old":true, "marked":true}}
{"address":"0x7fc96c802810", "type":"STRING", "class":"0x7fc96c801668", "frozen":true, "embedded":true, "fstring":true, "bytesize":15, "value":"public_constant", "encoding":"US-ASCII", "flags":{"wb_protected":true, "old":true, "marked":true}}
{"address":"0x7fc96c802838", "type":"STRING", "class":"0x7fc96c801668", "frozen":true, "embedded":true, "fstring":true, "bytesize":23, "value":"class_variable_defined?", "encoding":"US-ASCII", "flags":{"wb_protected":true, "old":true, "marked":true}}
{"address":"0x7fc96c802860", "type":"STRING", "class":"0x7fc96c801668", "frozen":true, "embedded":true, "fstring":true, "bytesize":18, "value":"class_variable_set", "encoding":"US-ASCII", "flags":{"wb_protected":true, "old":true, "marked":true}}
{"address":"0x7fc96c802888", "type":"STRING", "class":"0x7fc96c801668", "frozen":true, "embedded":true, "fstring":true, "bytesize":18, "value":"class_variable_get", "encoding":"US-ASCII", "flags":{"wb_protected":true, "old":true, "marked":true}}
{"address":"0x7fc96c8028b0", "type":"STRING", "class":"0x7fc96c801668", "frozen":true, "embedded":true, "fstring":true, "bytesize":21, "value":"remove_class_variable", "encoding":"US-ASCII", "flags":{"wb_protected":true, "old":true, "marked":true}}
{"address":"0x7fc96c8028d8", "type":"STRING", "class":"0x7fc96c801668", "frozen":true, "embedded":true, "fstring":true, "bytesize":15, "value":"class_variables", "encoding":"US-ASCII", "flags":{"wb_protected":true, "old":true, "marked":true}}
{"address":"0x7fc96c802900", "type":"STRING", "class":"0x7fc96c801668", "frozen":true, "embedded":true, "fstring":true, "bytesize":12, "value":"remove_const", "encoding":"US-ASCII", "flags":{"wb_protected":true, "old":true, "marked":true}}
{"address":"0x7fc96c802928", "type":"STRING", "class":"0x7fc96c801668", "frozen":true, "embedded":true, "fstring":true, "bytesize":14, "value":"const_defined?", "encoding":"US-ASCII", "flags":{"wb_protected":true, "old":true, "marked":true}}
{"address":"0x7fc96c802950", "type":"STRING", "class":"0x7fc96c801668", "frozen":true, "embedded":true, "fstring":true, "bytesize":9, "value":"const_set", "encoding":"US-ASCII", "flags":{"wb_protected":true, "old":true, "marked":true}}
{"address":"0x7fc96c802978", "type":"STRING", "class":"0x7fc96c801668", "frozen":true, "embedded":true, "fstring":true, "bytesize":9, "value":"const_get", "encoding":"US-ASCII", "flags":{"wb_protected":true, "old":true, "marked":true}}
{"address":"0x7fc96c8029a0", "type":"STRING", "class":"0x7fc96c801668", "frozen":true, "embedded":true, "fstring":true, "bytesize":9, "value":"constants", "encoding":"US-ASCII", "flags":{"wb_protected":true, "old":true, "marked":true}}
{"address":"0x7fc96c8029c8", "type":"STRING", "class":"0x7fc96c801668", "frozen":true, "fstring":true, "bytesize":24, "value":"private_instance_methods", "encoding":"US-ASCII", "memsize":25, "flags":{"wb_protected":true, "old":true, "marked":true}}
{"address":"0x7fc96c8029f0", "type":"STRING", "class":"0x7fc96c801668", "frozen":true, "fstring":true, "bytesize":26, "value":"protected_instance_methods", "encoding":"US-ASCII", "memsize":27, "flags":{"wb_protected":true, "old":true, "marked":true}}
{"address":"0x7fc96c802a18", "type":"STRING", "class":"0x7fc96c801668", "frozen":true, "embedded":true, "fstring":true, "bytesize":23, "value":"public_instance_methods", "encoding":"US-ASCII", "flags":{"wb_protected":true, "old":true, "marked":true}}
{"address":"0x7fc96c802a40", "type":"STRING", "class":"0x7fc96c801668", "frozen":true, "embedded":true, "fstring":true, "bytesize":16, "value":"instance_methods", "encoding":"US-ASCII", "flags":{"wb_protected":true, "old":true, "marked":true}}
{"address":"0x7fc96c802a68", "type":"STRING", "class":"0x7fc96c801668", "frozen":true, "embedded":true, "fstring":true, "bytesize":13, "value":"attr_accessor", "encoding":"US-ASCII", "flags":{"wb_protected":true, "old":true, "marked":true}}
{"address":"0x7fc96c802a90", "type":"STRING", "class":"0x7fc96c801668", "frozen":true, "embedded":true, "fstring":true, "bytesize":11, "value":"attr_writer", "encoding":"US-ASCII", "flags":{"wb_protected":true, "old":true, "marked":true}}
{"address":"0x7fc96c802ab8", "type":"STRING", "class":"0x7fc96c801668", "frozen":true, "embedded":true, "fstring":true, "bytesize":11, "value":"attr_reader", "encoding":"US-ASCII", "flags":{"wb_protected":true, "old":true, "marked":true}}
{"address":"0x7fc96c802ae0", "type":"STRING", "class":"0x7fc96c801668", "frozen":true, "embedded":true, "fstring":true, "bytesize":4, "value":"attr", "encoding":"US-ASCII", "flags":{"wb_protected":true, "old":true, "marked":true}}
{"address":"0x7fc96c802b08", "type":"STRING", "class":"0x7fc96c801668", "frozen":true, "embedded":true, "fstring":true, "bytesize":9, "value":"ancestors", "encoding":"US-ASCII", "flags":{"wb_protected":true, "old":true, "marked":true}}
{"address":"0x7fc96c802b30", "type":"STRING", "class":"0x7fc96c801668", "frozen":true, "embedded":true, "fstring":true, "bytesize":4, "value":"name", "encoding":"US-ASCII", "flags":{"wb_protected":true, "old":true, "marked":true}}
{"address":"0x7fc96c802b58", "type":"STRING", "class":"0x7fc96c801668", "frozen":true, "embedded":true, "fstring":true, "bytesize":8, "value":"include?", "encoding":"US-ASCII", "flags":{"wb_protected":true, "old":true, "marked":true}}
{"address":"0x7fc96c802b80", "type":"STRING", "class":"0x7fc96c801668", "frozen":true, "embedded":true, "fstring":true, "bytesize":16, "value":"included_modules", "encoding":"US-ASCII", "flags":{"wb_protected":true, "old":true, "marked":true}}
{"address":"0x7fc96c802ba8", "type":"STRING", "class":"0x7fc96c801668", "frozen":true, "embedded":true, "fstring":true, "bytesize":2, "value":">=", "encoding":"US-ASCII", "flags":{"wb_protected":true, "old":true, "marked":true}}
{"address":"0x7fc96c802bd0", "type":"STRING", "class":"0x7fc96c801668", "frozen":true, "embedded":true, "fstring":true, "bytesize":1, "value":">", "encoding":"US-ASCII", "flags":{"wb_protected":true, "old":true, "marked":true}}
{"address":"0x7fc96c802bf8", "type":"STRING", "class":"0x7fc96c801668", "frozen":true, "embedded":true, "fstring":true, "bytesize":2, "value":"<=", "encoding":"US-ASCII", "flags":{"wb_protected":true, "old":true, "marked":true}}
{"address":"0x7fc96c802c20", "type":"STRING", "class":"0x7fc96c801668", "frozen":true, "embedded":true, "fstring":true, "bytesize":1, "value":"<", "encoding":"US-ASCII", "flags":{"wb_protected":true, "old":true, "marked":true}}
{"address":"0x7fc96c802c48", "type":"STRING", "class":"0x7fc96c801668", "frozen":true, "embedded":true, "fstring":true, "bytesize":3, "value":"NIL", "encoding":"US-ASCII", "flags":{"wb_protected":true, "old":true, "marked":true}}
{"address":"0x7fc96c802c70", "type":"STRING", "class":"0x7fc96c801668", "frozen":true, "embedded":true, "fstring":true, "bytesize":3, "value":"new", "encoding":"US-ASCII", "flags":{"wb_protected":true, "old":true, "marked":true}}
{"address":"0x7fc96c802c98", "type":"STRING", "class":"0x7fc96c801668", "frozen":true, "embedded":true, "fstring":true, "bytesize":1, "value":"^", "encoding":"US-ASCII", "flags":{"wb_protected":true, "old":true, "marked":true}}
{"address":"0x7fc96c802cc0", "type":"STRING", "class":"0x7fc96c801668", "frozen":true, "embedded":true, "fstring":true, "bytesize":1, "value":"|", "encoding":"US-ASCII", "flags":{"wb_protected":true, "old":true, "marked":true}}
{"address":"0x7fc96c802ce8", "type":"STRING", "class":"0x7fc96c801668", "frozen":true, "embedded":true, "fstring":true, "bytesize":1, "value":"&", "encoding":"US-ASCII", "flags":{"wb_protected":true, "old":true, "marked":true}}
{"address":"0x7fc96c802d10", "type":"STRING", "class":"0x7fc96c801668", "frozen":true, "embedded":true, "fstring":true, "bytesize":4, "value":"to_h", "encoding":"US-ASCII", "flags":{"wb_protected":true, "old":true, "marked":true}}
{"address":"0x7fc96c802d38", "type":"STRING", "class":"0x7fc96c801668", "frozen":true, "embedded":true, "fstring":true, "bytesize":4, "value":"to_a", "encoding":"US-ASCII", "flags":{"wb_protected":true, "old":true, "marked":true}}
{"address":"0x7fc96c802d60", "type":"STRING", "class":"0x7fc96c801668", "frozen":true, "embedded":true, "fstring":true, "bytesize":4, "value":"to_f", "encoding":"US-ASCII", "flags":{"wb_protected":true, "old":true, "marked":true}}
{"address":"0x7fc96c802d88", "type":"STRING", "class":"0x7fc96c801668", "frozen":true, "embedded":true, "fstring":true, "bytesize":4, "value":"to_i", "encoding":"US-ASCII", "flags":{"wb_protected":true, "old":true, "marked":true}}
{"address":"0x7fc96c802db0", "type":"CLASS", "class":"0x7fc96c8409a8", "name":"Class", "references":["0x7fc96c8037d8", "0x7fc96c8036e8"], "memsize":672, "flags":{"wb_protected":true, "old":true, "marked":true}}
{"address":"0x7fc96c802dd8", "type":"CLASS", "class":"0x7fc96c8409d0", "name":"Class", "references":["0x7fc96c803788", "0x7fc96c802db0"], "memsize":672, "flags":{"wb_protected":true, "old":true, "marked":true}}
{"address":"0x7fc96c802e00", "type":"CLASS", "class":"0x7fc96c8409f8", "name":"Class", "references":["0x7fc96c802e00", "0x7fc96c802e00", "0x7fc96c803738", "0x7fc96c802dd8"], "memsize":672, "flags":{"wb_protected":true, "old":true, "marked":true}}
{"address":"0x7fc96c802e28", "type":"CLASS", "class":"0x7fc96c840a20", "name":"Class", "references":["0x7fc96c8036e8", "0x7fc96c802e00"], "memsize":672, "flags":{"wb_protected":true, "old":true, "marked":true}}
{"address":"0x7fc96c802e50", "type":"CLASS", "class":"0x7fc96c802e28", "name":"Class", "references":["0x7fc96c802e50", "0x7fc96c802e78", "0x7fc96c802dd8"], "memsize":672, "flags":{"wb_protected":true, "old":true, "marked":true}}
{"address":"0x7fc96c802e78", "type":"CLASS", "class":"0x7fc96c802e50", "name":"NilClass", "references":["0x7fc96c802e78", "0x7fc96c802e78", "0x7fc96c802e78", "0x7fc96c802e78", "0x7fc96c802e78", "0x7fc96c802e78", "0x7fc96c802e78", "0x7fc96c802e78", "0x7fc96c802e78", "0x7fc96c802e78", "0x7fc96c802e78", "0x7fc96c802e78", "0x7fc96c802e78", "0x7fc96c802ea0", "0x7fc96c803788"], "memsize":1240, "flags":{"wb_protected":true, "old":true, "marked":true}}
{"address":"0x7fc96c802ea0", "type":"STRING", "class":"0x7fc96c801668", "frozen":true, "embedded":true, "fstring":true, "bytesize":8, "value":"NilClass", "encoding":"US-ASCII", "flags":{"wb_protected":true, "old":true, "marked":true}}
{"address":"0x7fc96c802ec8", "type":"STRING", "class":"0x7fc96c801668", "frozen":true, "embedded":true, "fstring":true, "bytesize":4, "value":"Hash", "encoding":"US-ASCII", "flags":{"wb_protected":true, "old":true, "marked":true}}
{"address":"0x7fc96c802ef0", "type":"STRING", "class":"0x7fc96c801668", "frozen":true, "embedded":true, "fstring":true, "bytesize":5, "value":"Array", "encoding":"US-ASCII", "flags":{"wb_protected":true, "old":true, "marked":true}}
{"address":"0x7fc96c802f18", "type":"STRING", "class":"0x7fc96c801668", "frozen":true, "embedded":true, "fstring":true, "bytesize":6, "value":"String", "encoding":"US-ASCII", "flags":{"wb_protected":true, "old":true, "marked":true}}
{"address":"0x7fc96c802f40", "type":"STRING", "class":"0x7fc96c801668", "frozen":true, "embedded":true, "fstring":true, "bytesize":5, "value":"Float", "encoding":"US-ASCII", "flags":{"wb_protected":true, "old":true, "marked":true}}
{"address":"0x7fc96c802f68", "type":"STRING", "class":"0x7fc96c801668", "frozen":true, "embedded":true, "fstring":true, "bytesize":7, "value":"Integer", "encoding":"US-ASCII", "flags":{"wb_protected":true, "old":true, "marked":true}}
{"address":"0x7fc96c802f90", "type":"STRING", "class":"0x7fc96c801668", "frozen":true, "embedded":true, "fstring":true, "bytesize":6, "value":"format", "encoding":"US-ASCII", "flags":{"wb_protected":true, "old":true, "marked":true}}
{"address":"0x7fc96c802fb8", "type":"CLASS", "class":"0x7fc96c8036e8", "name":"Module", "references":["0x7fc96c802fb8", "0x7fc96c802fb8", "0x7fc96c802fb8", "0x7fc96c802fb8", "0x7fc96c802fb8", "0x7fc96c802fb8", "0x7fc96c802fb8", "0x7fc96c802fb8", "0x7fc96c802fb8", "0x7fc96c802fb8", "0x7fc96c802fb8", "0x7fc96c802fb8", "0x7fc96c802fb8", "0x7fc96c802fb8", "0x7fc96c802fb8", "0x7fc96c802fb8", "0x7fc96c802fb8", "0x7fc96c802fb8", "0x7fc96c802fb8", "0x7fc96c802fb8", "0x7fc96c802fb8", "0x7fc96c802fb8", "0x7fc96c802fb8", "0x7fc96c802fb8", "0x7fc96c802fb8", "0x7fc96c802fb8", "0x7fc96c802fb8", "0x7fc96c802fb8", "0x7fc96c802fb8", "0x7fc96c802fb8", "0x7fc96c802fb8", "0x7fc96c802fb8", "0x7fc96c802fb8", "0x7fc96c802fb8", "0x7fc96c802fb8", "0x7fc96c802fb8", "0x7fc96c802fb8", "0x7fc96c802fb8", "0x7fc96c802fb8", "0x7fc96c802fb8", "0x7fc96c802fb8", "0x7fc96c802fb8", "0x7fc96c802fb8", "0x7fc96c802fb8", "0x7fc96c802fb8", "0x7fc96c802fb8", "0x7fc96c802fb8", "0x7fc96c802fb8", "0x7fc96c802fb8", "0x7fc96c802fb8", "0x7fc96c802fb8", "0x7fc96c802fb8", "0x7fc96c802fb8", "0x7fc96c802fb8", "0x7fc96c802fb8", "0x7fc96c802fb8", "0x7fc96c802fb8", "0x7fc96c802fb8", "0x7fc96c802fb8", "0x7fc96c802fb8", "0x7fc96c802fb8", "0x7fc96c8035d0", "0x7fc96c803738"], "memsize":3608, "flags":{"wb_protected":true, "old":true, "marked":true}}
{"address":"0x7fc96c802fe0", "type":"STRING", "class":"0x7fc96c801668", "frozen":true, "embedded":true, "fstring":true, "bytesize":7, "value":"sprintf", "encoding":"US-ASCII", "flags":{"wb_protected":true, "old":true, "marked":true}}
{"address":"0x7fc96c803008", "type":"STRING", "class":"0x7fc96c801668", "frozen":true, "embedded":true, "fstring":true, "bytesize":3, "value":"tap", "encoding":"US-ASCII", "flags":{"wb_protected":true, "old":true, "marked":true}}
{"address":"0x7fc96c803030", "type":"STRING", "class":"0x7fc96c801668", "frozen":true, "embedded":true, "fstring":true, "bytesize":5, "value":"is_a?", "encoding":"US-ASCII", "flags":{"wb_protected":true, "old":true, "marked":true}}
{"address":"0x7fc96c803058", "type":"STRING", "class":"0x7fc96c801668", "frozen":true, "embedded":true, "fstring":true, "bytesize":8, "value":"kind_of?", "encoding":"US-ASCII", "flags":{"wb_protected":true, "old":true, "marked":true}}
{"address":"0x7fc96c803080", "type":"STRING", "class":"0x7fc96c801668", "frozen":true, "embedded":true, "fstring":true, "bytesize":12, "value":"instance_of?", "encoding":"US-ASCII", "flags":{"wb_protected":true, "old":true, "marked":true}}
{"address":"0x7fc96c8030a8", "type":"STRING", "class":"0x7fc96c801668", "frozen":true, "fstring":true, "bytesize":24, "value":"remove_instance_variable", "encoding":"US-ASCII", "memsize":25, "flags":{"wb_protected":true, "old":true, "marked":true}}
{"address":"0x7fc96c8030d0", "type":"STRING", "class":"0x7fc96c801668", "frozen":true, "fstring":true, "bytesize":26, "value":"instance_variable_defined?", "encoding":"US-ASCII", "memsize":27, "flags":{"wb_protected":true, "old":true, "marked":true}}
{"address":"0x7fc96c8030f8", "type":"STRING", "class":"0x7fc96c801668", "frozen":true, "embedded":true, "fstring":true, "bytesize":21, "value":"instance_variable_set", "encoding":"US-ASCII", "flags":{"wb_protected":true, "old":true, "marked":true}}
{"address":"0x7fc96c803120", "type":"STRING", "class":"0x7fc96c801668", "frozen":true, "embedded":true, "fstring":true, "bytesize":21, "value":"instance_variable_get", "encoding":"US-ASCII", "flags":{"wb_protected":true, "old":true, "marked":true}}
{"address":"0x7fc96c803148", "type":"STRING", "class":"0x7fc96c801668", "frozen":true, "embedded":true, "fstring":true, "bytesize":18, "value":"instance_variables", "encoding":"US-ASCII", "flags":{"wb_protected":true, "old":true, "marked":true}}
{"address":"0x7fc96c803170", "type":"STRING", "class":"0x7fc96c801668", "frozen":true, "embedded":true, "fstring":true, "bytesize":14, "value":"public_methods", "encoding":"US-ASCII", "flags":{"wb_protected":true, "old":true, "marked":true}}
{"address":"0x7fc96c803198", "type":"STRING", "class":"0x7fc96c801668", "frozen":true, "embedded":true, "fstring":true, "bytesize":15, "value":"private_methods", "encoding":"US-ASCII", "flags":{"wb_protected":true, "old":true, "marked":true}}
{"address":"0x7fc96c8031c0", "type":"STRING", "class":"0x7fc96c801668", "frozen":true, "embedded":true, "fstring":true, "bytesize":17, "value":"protected_methods", "encoding":"US-ASCII", "flags":{"wb_protected":true, "old":true, "marked":true}}
{"address":"0x7fc96c8031e8", "type":"STRING", "class":"0x7fc96c801668", "frozen":true, "embedded":true, "fstring":true, "bytesize":17, "value":"singleton_methods", "encoding":"US-ASCII", "flags":{"wb_protected":true, "old":true, "marked":true}}
{"address":"0x7fc96c803210", "type":"STRING", "class":"0x7fc96c801668", "frozen":true, "embedded":true, "fstring":true, "bytesize":7, "value":"methods", "encoding":"US-ASCII", "flags":{"wb_protected":true, "old":true, "marked":true}}
{"address":"0x7fc96c803238", "type":"STRING", "class":"0x7fc96c801668", "frozen":true, "embedded":true, "fstring":true, "bytesize":4, "value":"to_s", "encoding":"US-ASCII", "flags":{"wb_protected":true, "old":true, "marked":true}}
{"address":"0x7fc96c803260", "type":"STRING", "class":"0x7fc96c801668", "frozen":true, "embedded":true, "fstring":true, "bytesize":7, "value":"frozen?", "encoding":"US-ASCII", "flags":{"wb_protected":true, "old":true, "marked":true}}
{"address":"0x7fc96c803288", "type":"STRING", "class":"0x7fc96c801668", "frozen":true, "embedded":true, "fstring":true, "bytesize":5, "value":"trust", "encoding":"US-ASCII", "flags":{"wb_protected":true, "old":true, "marked":true}}
{"address":"0x7fc96c8032b0", "type":"STRING", "class":"0x7fc96c801668", "frozen":true, "embedded":true, "fstring":true, "bytesize":10, "value":"untrusted?", "encoding":"US-ASCII", "flags":{"wb_protected":true, "old":true, "marked":true}}
{"address":"0x7fc96c8032d8", "type":"STRING", "class":"0x7fc96c801668", "frozen":true, "embedded":true, "fstring":true, "bytesize":7, "value":"untrust", "encoding":"US-ASCII", "flags":{"wb_protected":true, "old":true, "marked":true}}
{"address":"0x7fc96c803300", "type":"STRING", "class":"0x7fc96c801668", "frozen":true, "embedded":true, "fstring":true, "bytesize":7, "value":"untaint", "encoding":"US-ASCII", "flags":{"wb_protected":true, "old":true, "marked":true}}
{"address":"0x7fc96c803328", "type":"STRING", "class":"0x7fc96c801668", "frozen":true, "embedded":true, "fstring":true, "bytesize":8, "value":"tainted?", "encoding":"US-ASCII", "flags":{"wb_protected":true, "old":true, "marked":true}}
{"address":"0x7fc96c803350", "type":"STRING", "class":"0x7fc96c801668", "frozen":true, "embedded":true, "fstring":true, "bytesize":5, "value":"taint", "encoding":"US-ASCII", "flags":{"wb_protected":true, "old":true, "marked":true}}
{"address":"0x7fc96c803378", "type":"STRING", "class":"0x7fc96c801668", "frozen":true, "embedded":true, "fstring":true, "bytesize":3, "value":"dup", "encoding":"US-ASCII", "flags":{"wb_protected":true, "old":true, "marked":true}}
{"address":"0x7fc96c8033a0", "type":"STRING", "class":"0x7fc96c801668", "frozen":true, "embedded":true, "fstring":true, "bytesize":5, "value":"clone", "encoding":"US-ASCII", "flags":{"wb_protected":true, "old":true, "marked":true}}
{"address":"0x7fc96c8033c8", "type":"STRING", "class":"0x7fc96c801668", "frozen":true, "embedded":true, "fstring":true, "bytesize":15, "value":"singleton_class", "encoding":"US-ASCII", "flags":{"wb_protected":true, "old":true, "marked":true}}
{"address":"0x7fc96c8033f0", "type":"STRING", "class":"0x7fc96c801668", "frozen":true, "embedded":true, "fstring":true, "bytesize":5, "value":"class", "encoding":"US-ASCII", "flags":{"wb_protected":true, "old":true, "marked":true}}
{"address":"0x7fc96c803418", "type":"STRING", "class":"0x7fc96c801668", "frozen":true, "embedded":true, "fstring":true, "bytesize":3, "value":"<=>", "encoding":"US-ASCII", "flags":{"wb_protected":true, "old":true, "marked":true}}
{"address":"0x7fc96c803440", "type":"STRING", "class":"0x7fc96c801668", "frozen":true, "embedded":true, "fstring":true, "bytesize":4, "value":"hash", "encoding":"US-ASCII", "flags":{"wb_protected":true, "old":true, "marked":true}}
{"address":"0x7fc96c803468", "type":"STRING", "class":"0x7fc96c801668", "frozen":true, "embedded":true, "fstring":true, "bytesize":2, "value":"!~", "encoding":"US-ASCII", "flags":{"wb_protected":true, "old":true, "marked":true}}
{"address":"0x7fc96c803490", "type":"STRING", "class":"0x7fc96c801668", "frozen":true, "embedded":true, "fstring":true, "bytesize":2, "value":"=~", "encoding":"US-ASCII", "flags":{"wb_protected":true, "old":true, "marked":true}}
{"address":"0x7fc96c8034b8", "type":"STRING", "class":"0x7fc96c801668", "frozen":true, "embedded":true, "fstring":true, "bytesize":3, "value":"===", "encoding":"US-ASCII", "flags":{"wb_protected":true, "old":true, "marked":true}}
{"address":"0x7fc96c8034e0", "type":"STRING", "class":"0x7fc96c801668", "frozen":true, "embedded":true, "fstring":true, "bytesize":4, "value":"nil?", "encoding":"US-ASCII", "flags":{"wb_protected":true, "old":true, "marked":true}}
{"address":"0x7fc96c803508", "type":"STRING", "class":"0x7fc96c801668", "frozen":true, "embedded":true, "fstring":true, "bytesize":9, "value":"prepended", "encoding":"US-ASCII", "flags":{"wb_protected":true, "old":true, "marked":true}}
{"address":"0x7fc96c803530", "type":"STRING", "class":"0x7fc96c801668", "frozen":true, "embedded":true, "fstring":true, "bytesize":8, "value":"extended", "encoding":"US-ASCII", "flags":{"wb_protected":true, "old":true, "marked":true}}
{"address":"0x7fc96c803558", "type":"STRING", "class":"0x7fc96c801668", "frozen":true, "embedded":true, "fstring":true, "bytesize":8, "value":"included", "encoding":"US-ASCII", "flags":{"wb_protected":true, "old":true, "marked":true}}
{"address":"0x7fc96c803580", "type":"STRING", "class":"0x7fc96c801668", "frozen":true, "embedded":true, "fstring":true, "bytesize":9, "value":"inherited", "encoding":"US-ASCII", "flags":{"wb_protected":true, "old":true, "marked":true}}
{"address":"0x7fc96c8035a8", "type":"ICLASS", "class":"0x7fc96c8035d0", "references":["0x7fc96c8cae28", "0x7fc96d044a00", "0x7fc96c8c56f8", "0x7fc96d044410", "0x7fc96c8037d8"], "flags":{"remembered":true}}
{"address":"0x7fc96c8035d0", "type":"MODULE", "class":"0x7fc96c802fb8", "name":"Kernel", "references":["0x7fc96c8035d0", "0x7fc96c8035d0", "0x7fc96c8035d0", "0x7fc96c8035d0", "0x7fc96c8035d0", "0x7fc96c8035d0", "0x7fc96c8035d0", "0x7fc96c8035d0", "0x7fc96c8035d0", "0x7fc96c8035d0", "0x7fc96c8035d0", "0x7fc96c8035d0", "0x7fc96c8035d0", "0x7fc96c8035d0", "0x7fc96c8035d0", "0x7fc96c8035d0", "0x7fc96c8035d0", "0x7fc96c8035d0", "0x7fc96c8035d0", "0x7fc96c8035d0", "0x7fc96c8035d0", "0x7fc96c8035d0", "0x7fc96c8035d0", "0x7fc96c8035d0", "0x7fc96c8035d0", "0x7fc96c8035d0", "0x7fc96c8035d0", "0x7fc96c8035d0", "0x7fc96c8035d0", "0x7fc96c8035d0", "0x7fc96c8035d0", "0x7fc96c8035d0", "0x7fc96c8035d0", "0x7fc96c8035d0", "0x7fc96c8035d0", "0x7fc96c8035d0", "0x7fc96c8035d0", "0x7fc96c8035d0", "0x7fc96c8035d0", "0x7fc96c8035d0", "0x7fc96c8035d0", "0x7fc96c8035d0", "0x7fc96c8035d0", "0x7fc96c8035d0", "0x7fc96c8035d0", "0x7fc96c8035d0", "0x7fc96c8035d0", "0x7fc96c8035d0", "0x7fc96c8035d0", "0x7fc96c8035d0", "0x7fc96c8035d0", "0x7fc96c8035d0", "0x7fc96c8035d0", "0x7fc96c8035d0", "0x7fc96c8035d0", "0x7fc96c8035d0", "0x7fc96c8035d0", "0x7fc96c8035d0", "0x7fc96c8035d0", "0x7fc96c8035d0", "0x7fc96c8035d0", "0x7fc96c8035d0", "0x7fc96c8035d0", "0x7fc96c8035d0", "0x7fc96c8035d0", "0x7fc96c8035d0", "0x7fc96c8035d0", "0x7fc96c8035d0", "0x7fc96c8035d0", "0x7fc96c8035d0", "0x7fc96c8035d0", "0x7fc96c8035d0", "0x7fc96c8035d0", "0x7fc96c8035d0", "0x7fc96c8035d0", "0x7fc96c8035d0", "0x7fc96c8035d0", "0x7fc96c8035d0", "0x7fc96c8035d0", "0x7fc96c8035d0", "0x7fc96c8035d0", "0x7fc96c8035d0", "0x7fc96c8035d0", "0x7fc96c8035d0", "0x7fc96c8035d0", "0x7fc96c8035d0", "0x7fc96c8035d0", "0x7fc96c8035d0", "0x7fc96c8035d0", "0x7fc96c8035d0", "0x7fc96c8035d0", "0x7fc96c8035d0", "0x7fc96c8035d0", "0x7fc96c8035d0", "0x7fc96c8cae28", "0x7fc96c8035d0", "0x7fc96c8035d0", "0x7fc96c8035d0", "0x7fc96c8035d0", "0x7fc96c8035d0", "0x7fc96c8035d0", "0x7fc96c8035d0", "0x7fc96c8035d0", "0x7fc96c8035d0", "0x7fc96c8035d0", "0x7fc96c8035d0", "0x7fc96c8035d0", "0x7fc96c8035d0", "0x7fc96c8035d0", "0x7fc96c8035d0", "0x7fc96c8035d0", "0x7fc96c8035d0", "0x7fc96c8035d0", "0x7fc96c8035d0", "0x7fc96d044a00", "0x7fc96c8035d0", "0x7fc96c8035f8", "0x7fc96c8c56f8", "0x7fc96d044410"], "memsize":6488, "flags":{"remembered":true}}
{"address":"0x7fc96c8035f8", "type":"STRING", "class":"0x7fc96c801668", "frozen":true, "embedded":true, "fstring":true, "bytesize":6, "value":"Kernel", "encoding":"US-ASCII", "flags":{"wb_protected":true, "old":true, "marked":true}}
{"address":"0x7fc96c803620", "type":"STRING", "class":"0x7fc96c801668", "frozen":true, "embedded":true, "fstring":true, "bytesize":2, "value":"!=", "encoding":"US-ASCII", "flags":{"wb_protected":true, "old":true, "marked":true}}
{"address":"0x7fc96c803648", "type":"STRING", "class":"0x7fc96c801668", "frozen":true, "embedded":true, "fstring":true, "bytesize":1, "value":"!", "encoding":"US-ASCII", "flags":{"wb_protected":true, "old":true, "marked":true}}
{"address":"0x7fc96c803670", "type":"STRING", "class":"0x7fc96c801668", "frozen":true, "embedded":true, "fstring":true, "bytesize":6, "value":"equal?", "encoding":"US-ASCII", "flags":{"wb_protected":true, "old":true, "marked":true}}
{"address":"0x7fc96c803698", "type":"STRING", "class":"0x7fc96c801668", "frozen":true, "embedded":true, "fstring":true, "bytesize":2, "value":"==", "encoding":"US-ASCII", "flags":{"wb_protected":true, "old":true, "marked":true}}
{"address":"0x7fc96c8036c0", "type":"STRING", "class":"0x7fc96c801668", "frozen":true, "embedded":true, "fstring":true, "bytesize":5, "value":"Class", "encoding":"US-ASCII", "flags":{"wb_protected":true, "old":true, "marked":true}}
{"address":"0x7fc96c8036e8", "type":"CLASS", "class":"0x7fc96c802e28", "name":"Class", "references":["0x7fc96c8036e8", "0x7fc96c8036e8", "0x7fc96c8036e8", "0x7fc96c8036e8", "0x7fc96c8036e8", "0x7fc96c8036e8", "0x7fc96c8036e8", "0x7fc96c8036e8", "0x7fc96c8036e8", "0x7fc96c8036e8", "0x7fc96c8036c0", "0x7fc96c803738"], "memsize":1096, "flags":{"wb_protected":true, "old":true, "marked":true}}
{"address":"0x7fc96c803710", "type":"STRING", "class":"0x7fc96c801668", "frozen":true, "embedded":true, "fstring":true, "bytesize":6, "value":"Module", "encoding":"US-ASCII", "flags":{"wb_protected":true, "old":true, "marked":true}}
{"address":"0x7fc96c803738", "type":"CLASS", "class":"0x7fc96c802e00", "name":"Module", "references":["0x7fc96c803738", "0x7fc96c803738", "0x7fc96c803738", "0x7fc96c803738", "0x7fc96c803738", "0x7fc96c803738", "0x7fc96c803738", "0x7fc96c803738", "0x7fc96c803738", "0x7fc96c803738", "0x7fc96c803738", "0x7fc96c803738", "0x7fc96c803738", "0x7fc96c803738", "0x7fc96c803738", "0x7fc96c803738", "0x7fc96c803738", "0x7fc96c803738", "0x7fc96c803738", "0x7fc96c803738", "0x7fc96c803738", "0x7fc96c803738", "0x7fc96c803738", "0x7fc96c803738", "0x7fc96c803738", "0x7fc96c803738", "0x7fc96c803738", "0x7fc96c803738", "0x7fc96c803738", "0x7fc96c803738", "0x7fc96c803738", "0x7fc96c803738", "0x7fc96c803738", "0x7fc96c803738", "0x7fc96c803738", "0x7fc96c803738", "0x7fc96c803738", "0x7fc96c803738", "0x7fc96c803738", "0x7fc96c803738", "0x7fc96c803738", "0x7fc96c803738", "0x7fc96c803738", "0x7fc96c803738", "0x7fc96c803738", "0x7fc96c803738", "0x7fc96c803738", "0x7fc96c803738", "0x7fc96c803738", "0x7fc96c803738", "0x7fc96c803738", "0x7fc96c803738", "0x7fc96c803738", "0x7fc96c803738", "0x7fc96c803738", "0x7fc96c803738", "0x7fc96c803738", "0x7fc96c803738", "0x7fc96c803738", "0x7fc96c803738", "0x7fc96c803738", "0x7fc96c803738", "0x7fc96c803738", "0x7fc96c803738", "0x7fc96c803738", "0x7fc96c803738", "0x7fc96c803738", "0x7fc96c803738", "0x7fc96c803738", "0x7fc96c803738", "0x7fc96c803738", "0x7fc96c803738", "0x7fc96c803738", "0x7fc96c803710", "0x7fc96c803788"], "memsize":4184, "flags":{"wb_protected":true, "old":true, "marked":true}}
{"address":"0x7fc96c803760", "type":"STRING", "class":"0x7fc96c801668", "frozen":true, "embedded":true, "fstring":true, "bytesize":6, "value":"Object", "encoding":"US-ASCII", "flags":{"wb_protected":true, "old":true, "marked":true}}
{"address":"0x7fc96c803788", "type":"CLASS", "class":"0x7fc96c802dd8", "name":"Object", "references":["0x7fc96c803788", "0x7fc96d05d6e0", "0x7fc96c803788", "0x7fc96c833e60", "0x7fc96d054ba8", "0x7fc96c803760", "0x7fc96c803788", "0x7fc96c803738", "0x7fc96c8036e8", "0x7fc96c8037d8", "0x7fc96c8035d0", "0x7fc96c802e78", "0x7fc96c8026a8", "0x7fc96c802630", "0x7fc96c802590", "0x7fc96c802360", "0x7fc96c801e60", "0x7fc96c801de8", "0x7fc96c801668", "0x7fc96c8007e0", "0x7fc96c8006f0", "0x7fc96c800588", "0x7fc96c8004c0", "0x7fc96c800448", "0x7fc96c8003d0", "0x7fc96c800358", "0x7fc96c8002e0", "0x7fc96c800268", "0x7fc96c8001f0", "0x7fc96c800178", "0x7fc96c800100", "0x7fc96c800088", "0x7fc96c800010", "0x7fc96c853f58", "0x7fc96c853e68", "0x7fc96c853df0", "0x7fc96c853d00", "0x7fc96c853c60", "0x7fc96c853be8", "0x7fc96c853b70", "0x7fc96c853af8", "0x7fc96c8539e0", "0x7fc96c853940", "0x7fc96c853120", "0x7fc96c8530a8", "0x7fc96c853030", "0x7fc96c852ce8", "0x7fc96c852ba8", "0x7fc96c852a68", "0x7fc96c852658", "0x7fc96c84a048", "0x7fc96c849918", "0x7fc96c849558", "0x7fc96c849490", "0x7fc96c8493a0", "0x7fc96c8491e8", "0x7fc96c848f18", "0x7fc96c8481d0", "0x7fc96c843ea0", "0x7fc96c843db0", "0x7fc96c843d38", "0x7fc96c843a68", "0x7fc96c842c08", "0x7fc96c842b90", "0x7fc96c842b18", "0x7fc96c842898", "0x7fc96c842708", "0x7fc96c8426b8", "0x7fc96c841510", "0x7fc96c841150", "0x7fc96c840908", "0x7fc96c8407a0", "0x7fc96c8404f8", "0x7fc96c83b020", "0x7fc96c83aeb8", "0x7fc96c83adf0", "0x7fc96c83ad28", "0x7fc96c83ab98", "0x7fc96c83aa58", "0x7fc96c83a968", "0x7fc96c83a3f0", "0x7fc96c83a008", "0x7fc96c839b80", "0x7fc96c839950", "0x7fc96c839720", "0x7fc96c8395b8", "0x7fc96c8336e0", "0x7fc96c833820", "0x7fc96c832e98", "0x7fc96c833820", "0x7fc96c832d58", "0x7fc96c833820", "0x7fc96c832bf0", "0x7fc96c833820", "0x7fc96c832b28", "0x7fc96c833820", "0x7fc96c832ab0", "0x7fc96c833820", "0x7fc96c8329c0", "0x7fc96c833820", "0x7fc96c8326a0", "0x7fc96c833820", "0x7fc96c832448", "0x7fc96c833820", "0x7fc96c8323f8", "0x7fc96c833820", "0x7fc96c8323a8", "0x7fc96c833820", "0x7fc96c833820", "0x7fc96c833820", "0x7fc96c832308", "0x7fc96c833820", "0x7fc96c8322b8", "0x7fc96c833820", "0x7fc96c832268", "0x7fc96c833820", "0x7fc96c8321a0", "0x7fc96c833820", "0x7fc96c842870", "0x7fc96c833820", "0x7fc96c82a590", "0x7fc96c831e80", "0x7fc96d037cd8", "0x7fc96c05b6c0", "0x7fc96c05b6c0", "0x7fc96c05b6c0", "0x7fc96d074ea8", "0x7fc96d06fdb8", "0x7fc96c8c4cf8", "0x7fc96c8c4ed8", "0x7fc96c8c4bb8", "0x7fc96c8c4ed8", "0x7fc96c8c4a78", "0x7fc96c8c4ed8", "0x7fc96c8c4398", "0x7fc96c8ca0b8", "0x7fc96c8c4140", "0x7fc96c8ca0b8", "0x7fc96d832488", "0x7fc96d865c48", "0x7fc96c8698a8", "0x7fc96d831b00", "0x7fc96d046878", "0x7fc96c8ebbf0", "0x7fc96c88a7d8", "0x7fc96d814c58", "0x7fc96d029570", "0x7fc96d0297f0", "0x7fc96c8035a8"], "memsize":6776, "flags":{"wb_protected":true, "old":true, "marked":true}}
{"address":"0x7fc96c8037b0", "type":"STRING", "class":"0x7fc96c801668", "frozen":true, "embedded":true, "fstring":true, "bytesize":11, "value":"BasicObject", "encoding":"US-ASCII", "flags":{"wb_protected":true, "old":true, "marked":true}}
{"address":"0x7fc96c8037d8", "type":"CLASS", "class":"0x7fc96c802db0", "name":"BasicObject", "references":["0x7fc96c8037d8", "0x7fc96c8037d8", "0x7fc96c8037d8", "0x7fc96c8037d8", "0x7fc96c8037d8", "0x7fc96c8037d8", "0x7fc96c8037d8", "0x7fc96c8037d8", "0x7fc96c8037d8", "0x7fc96c8037d8", "0x7fc96c8037d8", "0x7fc96c8037d8", "0x7fc96c8037d8", "0x7fc96c8037b0", "0x7fc96c8037d8"], "memsize":1432, "flags":{"wb_protected":true, "old":true, "marked":true}}
{"address":"0x7fc96c803800", "type":"STRING", "class":"0x7fc96c801668", "frozen":true, "embedded":true, "fstring":true, "bytesize":11, "value":"__classid__", "encoding":"US-ASCII", "flags":{"wb_protected":true, "old":true, "marked":true}}
{"address":"0x7fc96c803828", "type":"STRING", "class":"0x7fc96c801668", "frozen":true, "embedded":true, "fstring":true, "bytesize":17, "value":"__tmp_classpath__", "encoding":"US-ASCII", "flags":{"wb_protected":true, "old":true, "marked":true}}
{"address":"0x7fc96c803850", "type":"STRING", "class":"0x7fc96c801668", "frozen":true, "embedded":true, "fstring":true, "bytesize":13, "value":"__classpath__", "encoding":"US-ASCII", "flags":{"wb_protected":true, "old":true, "marked":true}}
{"address":"0x7fc96c803878", "type":"STRING", "class":"0x7fc96c801668", "frozen":true, "embedded":true, "fstring":true, "bytesize":12, "value":"__autoload__", "encoding":"US-ASCII", "flags":{"wb_protected":true, "old":true, "marked":true}}
{"address":"0x7fc96c8038a0", "type":"STRING", "class":"0x7fc96c801668", "frozen":true, "embedded":true, "fstring":true, "bytesize":19, "value":"core#hash_merge_kwd", "encoding":"US-ASCII", "flags":{"wb_protected":true, "old":true, "marked":true}}
{"address":"0x7fc96c8038c8", "type":"STRING", "class":"0x7fc96c801668", "frozen":true, "embedded":true, "fstring":true, "bytesize":19, "value":"core#hash_merge_ptr", "encoding":"US-ASCII", "flags":{"wb_protected":true, "old":true, "marked":true}}
{"address":"0x7fc96c8038f0", "type":"STRING", "class":"0x7fc96c801668", "frozen":true, "embedded":true, "fstring":true, "bytesize":19, "value":"core#hash_merge_ary", "encoding":"US-ASCII", "flags":{"wb_protected":true, "old":true, "marked":true}}
{"address":"0x7fc96c803918", "type":"STRING", "class":"0x7fc96c801668", "frozen":true, "embedded":true, "fstring":true, "bytesize":18, "value":"core#hash_from_ary", "encoding":"US-ASCII", "flags":{"wb_protected":true, "old":true, "marked":true}}
{"address":"0x7fc96c803940", "type":"STRING", "class":"0x7fc96c801668", "frozen":true, "embedded":true, "fstring":true, "bytesize":16, "value":"core#set_postexe", "encoding":"US-ASCII", "flags":{"wb_protected":true, "old":true, "marked":true}}
{"address":"0x7fc96c803968", "type":"STRING", "class":"0x7fc96c801668", "frozen":true, "fstring":true, "bytesize":28, "value":"core#define_singleton_method", "encoding":"US-ASCII", "memsize":29, "flags":{"wb_protected":true, "old":true, "marked":true}}
{"address":"0x7fc96c803990", "type":"STRING", "class":"0x7fc96c801668", "frozen":true, "embedded":true, "fstring":true, "bytesize":18, "value":"core#define_method", "encoding":"US-ASCII", "flags":{"wb_protected":true, "old":true, "marked":true}}
{"address":"0x7fc96c8039b8", "type":"STRING", "class":"0x7fc96c801668", "frozen":true, "embedded":true, "fstring":true, "bytesize":17, "value":"core#undef_method", "encoding":"US-ASCII", "flags":{"wb_protected":true, "old":true, "marked":true}}
{"address":"0x7fc96c8039e0", "type":"STRING", "class":"0x7fc96c801668", "frozen":true, "embedded":true, "fstring":true, "bytesize":23, "value":"core#set_variable_alias", "encoding":"US-ASCII", "flags":{"wb_protected":true, "old":true, "marked":true}}
{"address":"0x7fc96c803a08", "type":"STRING", "class":"0x7fc96c801668", "frozen":true, "embedded":true, "fstring":true, "bytesize":21, "value":"core#set_method_alias", "encoding":"US-ASCII", "flags":{"wb_protected":true, "old":true, "marked":true}}
{"address":"0x7fc96c803a30", "type":"STRING", "class":"0x7fc96c801668", "frozen":true, "embedded":true, "fstring":true, "bytesize":7, "value":"<CFUNC>", "encoding":"US-ASCII", "flags":{"wb_protected":true, "old":true, "marked":true}}
{"address":"0x7fc96c803a58", "type":"STRING", "class":"0x7fc96c801668", "frozen":true, "embedded":true, "fstring":true, "bytesize":7, "value":"<IFUNC>", "encoding":"US-ASCII", "flags":{"wb_protected":true, "old":true, "marked":true}}
{"address":"0x7fc96c803a80", "type":"STRING", "class":"0x7fc96c801668", "frozen":true, "embedded":true, "fstring":true, "bytesize":19, "value":"respond_to_missing?", "encoding":"US-ASCII", "flags":{"wb_protected":true, "old":true, "marked":true}}
{"address":"0x7fc96c803aa8", "type":"STRING", "class":"0x7fc96c801668", "frozen":true, "embedded":true, "fstring":true, "bytesize":11, "value":"respond_to?", "encoding":"US-ASCII", "flags":{"wb_protected":true, "old":true, "marked":true}}
{"address":"0x7fc96c803ad0", "type":"STRING", "class":"0x7fc96c801668", "frozen":true, "embedded":true, "fstring":true, "bytesize":4, "value":"eql?", "encoding":"US-ASCII", "flags":{"wb_protected":true, "old":true, "marked":true}}
{"address":"0x7fc96c803af8", "type":"STRING", "class":"0x7fc96c801668", "frozen":true, "embedded":true, "fstring":true, "bytesize":6, "value":"empty?", "encoding":"US-ASCII", "flags":{"wb_protected":true, "old":true, "marked":true}}
{"address":"0x7fc96c803b20", "type":"STRING", "class":"0x7fc96c801668", "frozen":true, "embedded":true, "fstring":true, "bytesize":0, "value":"", "encoding":"US-ASCII", "flags":{"wb_protected":true, "old":true, "marked":true}}
{"address":"0x7fc96c803b48", "type":"STRING", "class":"0x7fc96c801668", "frozen":true, "embedded":true, "fstring":true, "bytesize":1, "value":"_", "encoding":"US-ASCII", "flags":{"wb_protected":true, "old":true, "marked":true}}
{"address":"0x7fc96c803b70", "type":"STRING", "class":"0x7fc96c801668", "frozen":true, "embedded":true, "fstring":true, "bytesize":14, "value":"initialize_dup", "encoding":"US-ASCII", "flags":{"wb_protected":true, "old":true, "marked":true}}
{"address":"0x7fc96c803b98", "type":"STRING", "class":"0x7fc96c801668", "frozen":true, "embedded":true, "fstring":true, "bytesize":16, "value":"initialize_clone", "encoding":"US-ASCII", "flags":{"wb_protected":true, "old":true, "marked":true}}
{"address":"0x7fc96c803bc0", "type":"STRING", "class":"0x7fc96c801668", "frozen":true, "embedded":true, "fstring":true, "bytesize":15, "value":"initialize_copy", "encoding":"US-ASCII", "flags":{"wb_protected":true, "old":true, "marked":true}}
{"address":"0x7fc96c803be8", "type":"STRING", "class":"0x7fc96c801668", "frozen":true, "embedded":true, "fstring":true, "bytesize":10, "value":"initialize", "encoding":"US-ASCII", "flags":{"wb_protected":true, "old":true, "marked":true}}
{"address":"0x7fc96c803c10", "type":"STRING", "class":"0x7fc96c801668", "frozen":true, "embedded":true, "fstring":true, "bytesize":12, "value":"__attached__", "encoding":"US-ASCII", "flags":{"wb_protected":true, "old":true, "marked":true}}
{"address":"0x7fc96c803c38", "type":"STRING", "class":"0x7fc96c801668", "frozen":true, "embedded":true, "fstring":true, "bytesize":8, "value":"__send__", "encoding":"US-ASCII", "flags":{"wb_protected":true, "old":true, "marked":true}}
{"address":"0x7fc96c803c60", "type":"STRING", "class":"0x7fc96c801668", "frozen":true, "embedded":true, "fstring":true, "bytesize":4, "value":"send", "encoding":"US-ASCII", "flags":{"wb_protected":true, "old":true, "marked":true}}
{"address":"0x7fc96c803c88", "type":"STRING", "class":"0x7fc96c801668", "frozen":true, "embedded":true, "fstring":true, "bytesize":6, "value":"lambda", "encoding":"US-ASCII", "flags":{"wb_protected":true, "old":true, "marked":true}}
{"address":"0x7fc96c803cb0", "type":"STRING", "class":"0x7fc96c801668", "frozen":true, "embedded":true, "fstring":true, "bytesize":4, "value":"proc", "encoding":"US-ASCII", "flags":{"wb_protected":true, "old":true, "marked":true}}
{"address":"0x7fc96c803cd8", "type":"STRING", "class":"0x7fc96c801668", "frozen":true, "embedded":true, "fstring":true, "bytesize":4, "value":"each", "encoding":"US-ASCII", "flags":{"wb_protected":true, "old":true, "marked":true}}
{"address":"0x7fc96c803d00", "type":"STRING", "class":"0x7fc96c801668", "frozen":true, "embedded":true, "fstring":true, "bytesize":4, "value":"succ", "encoding":"US-ASCII", "flags":{"wb_protected":true, "old":true, "marked":true}}
{"address":"0x7fc96c803d28", "type":"STRING", "class":"0x7fc96c801668", "frozen":true, "embedded":true, "fstring":true, "bytesize":4, "value":"gets", "encoding":"US-ASCII", "flags":{"wb_protected":true, "old":true, "marked":true}}
{"address":"0x7fc96c803d50", "type":"STRING", "class":"0x7fc96c801668", "frozen":true, "embedded":true, "fstring":true, "bytesize":4, "value":"size", "encoding":"US-ASCII", "flags":{"wb_protected":true, "old":true, "marked":true}}
{"address":"0x7fc96c803d78", "type":"STRING", "class":"0x7fc96c801668", "frozen":true, "embedded":true, "fstring":true, "bytesize":6, "value":"length", "encoding":"US-ASCII", "flags":{"wb_protected":true, "old":true, "marked":true}}
{"address":"0x7fc96c803da0", "type":"STRING", "class":"0x7fc96c801668", "frozen":true, "fstring":true, "bytesize":26, "value":"singleton_method_undefined", "encoding":"US-ASCII", "memsize":27, "flags":{"wb_protected":true, "old":true, "marked":true}}
{"address":"0x7fc96c803dc8", "type":"STRING", "class":"0x7fc96c801668", "frozen":true, "embedded":true, "fstring":true, "bytesize":16, "value":"method_undefined", "encoding":"US-ASCII", "flags":{"wb_protected":true, "old":true, "marked":true}}
{"address":"0x7fc96c803df0", "type":"STRING", "class":"0x7fc96c801668", "frozen":true, "fstring":true, "bytesize":24, "value":"singleton_method_removed", "encoding":"US-ASCII", "memsize":25, "flags":{"wb_protected":true, "old":true, "marked":true}}
{"address":"0x7fc96c803e18", "type":"STRING", "class":"0x7fc96c801668", "frozen":true, "embedded":true, "fstring":true, "bytesize":14, "value":"method_removed", "encoding":"US-ASCII", "flags":{"wb_protected":true, "old":true, "marked":true}}
{"address":"0x7fc96c803e40", "type":"STRING", "class":"0x7fc96c801668", "frozen":true, "embedded":true, "fstring":true, "bytesize":22, "value":"singleton_method_added", "encoding":"US-ASCII", "flags":{"wb_protected":true, "old":true, "marked":true}}
{"address":"0x7fc96c803e68", "type":"STRING", "class":"0x7fc96c801668", "frozen":true, "embedded":true, "fstring":true, "bytesize":12, "value":"method_added", "encoding":"US-ASCII", "flags":{"wb_protected":true, "old":true, "marked":true}}
{"address":"0x7fc96c803e90", "type":"STRING", "class":"0x7fc96c801668", "frozen":true, "embedded":true, "fstring":true, "bytesize":14, "value":"method_missing", "encoding":"US-ASCII", "flags":{"wb_protected":true, "old":true, "marked":true}}
{"address":"0x7fc96c803eb8", "type":"STRING", "class":"0x7fc96c801668", "frozen":true, "embedded":true, "fstring":true, "bytesize":13, "value":"const_missing", "encoding":"US-ASCII", "flags":{"wb_protected":true, "old":true, "marked":true}}
{"address":"0x7fc96c803ee0", "type":"STRING", "class":"0x7fc96c801668", "frozen":true, "embedded":true, "fstring":true, "bytesize":9, "value":"object_id", "encoding":"US-ASCII", "flags":{"wb_protected":true, "old":true, "marked":true}}
{"address":"0x7fc96c803f08", "type":"STRING", "class":"0x7fc96c801668", "frozen":true, "embedded":true, "fstring":true, "bytesize":6, "value":"intern", "encoding":"US-ASCII", "flags":{"wb_protected":true, "old":true, "marked":true}}
{"address":"0x7fc96c803f30", "type":"STRING", "class":"0x7fc96c801668", "frozen":true, "embedded":true, "fstring":true, "bytesize":7, "value":"inspect", "encoding":"US-ASCII", "flags":{"wb_protected":true, "old":true, "marked":true}}
{"address":"0x7fc96c803f58", "type":"STRING", "class":"0x7fc96c801668", "frozen":true, "embedded":true, "fstring":true, "bytesize":6, "value":"freeze", "encoding":"US-ASCII", "flags":{"wb_protected":true, "old":true, "marked":true}}
{"address":"0x7fc96c803f80", "type":"BIGNUM", "class":"0x7fc96c852658", "frozen":true, "flags":{"wb_protected":true, "old":true, "marked":true}}
{"address":"0x7fc96c803fa8", "type":"HASH", "size":81, "references":["0x7fc96c8035d0", "0x7fc96c802e78", "0x7fc96c8026a8", "0x7fc96c802630", "0x7fc96c802590", "0x7fc96c802360", "0x7fc96c801e60", "0x7fc96c801de8", "0x7fc96c801668", "0x7fc96c8007e0", "0x7fc96c8006f0", "0x7fc96c800588", "0x7fc96c8004c0", "0x7fc96c800448", "0x7fc96c8003d0", "0x7fc96c800358", "0x7fc96c8002e0", "0x7fc96c800268", "0x7fc96c8001f0", "0x7fc96c800178", "0x7fc96c800100", "0x7fc96c800088", "0x7fc96c800010", "0x7fc96c853f58", "0x7fc96c853e68", "0x7fc96c853df0", "0x7fc96c853d00", "0x7fc96c853c60", "0x7fc96c853be8", "0x7fc96c853b70", "0x7fc96c853af8", "0x7fc96c8539e0", "0x7fc96c853940", "0x7fc96c853120", "0x7fc96c8530a8", "0x7fc96c853030", "0x7fc96c852ce8", "0x7fc96c852ba8", "0x7fc96c852a68", "0x7fc96c852658", "0x7fc96c84a048", "0x7fc96c849918", "0x7fc96c849490", "0x7fc96c8493a0", "0x7fc96c8491e8", "0x7fc96c848f18", "0x7fc96c8481d0", "0x7fc96c843ea0", "0x7fc96c843db0", "0x7fc96c843d38", "0x7fc96c843a68", "0x7fc96c842708", "0x7fc96c8426b8", "0x7fc96c841510", "0x7fc96c841150", "0x7fc96c840908", "0x7fc96c8407a0", "0x7fc96c8404f8", "0x7fc96c83b020", "0x7fc96c83aeb8", "0x7fc96c83adf0", "0x7fc96c83ad28", "0x7fc96c83ab98", "0x7fc96c83aa58", "0x7fc96c83a968", "0x7fc96c83a3f0", "0x7fc96c83a008", "0x7fc96c839b80", "0x7fc96c839950", "0x7fc96c839720", "0x7fc96c8395b8", "0x7fc96c832e98", "0x7fc96c832d58", "0x7fc96c832bf0", "0x7fc96c832b28", "0x7fc96c832ab0", "0x7fc96c8329c0", "0x7fc96c8326a0", "0x7fc96c8321a0", "0x7fc96c82a590", "0x7fc96d029570"], "memsize":4088, "flags":{"wb_protected":true, "old":true, "marked":true}}
{"address":"0x7fc96c808008", "type":"STRING", "class":"0x7fc96c801668", "embedded":true, "bytesize":8, "value":"    end\n", "encoding":"UTF-8", "flags":{"wb_protected":true, "old":true, "marked":true}}
{"address":"0x7fc96c808030", "type":"STRING", "class":"0x7fc96c801668", "shared":true, "encoding":"US-ASCII", "references":["0x7fc96c903e08"], "flags":{"wb_protected":true, "old":true, "marked":true}}
{"address":"0x7fc96c808080", "type":"STRING", "class":"0x7fc96c801668", "frozen":true, "embedded":true, "bytesize":1, "value":"-", "encoding":"UTF-8", "flags":{"wb_protected":true, "old":true, "marked":true}}
{"address":"0x7fc96c8080a8", "type":"STRING", "class":"0x7fc96c801668", "frozen":true, "embedded":true, "bytesize":1, "value":"=", "encoding":"UTF-8", "flags":{"wb_protected":true, "old":true, "marked":true}}
{"address":"0x7fc96c8080d0", "type":"NODE", "node_type":"NODE_BLOCK", "references":["0x7fc96c80a308", "0x7fc96c808210"], "flags":{"remembered":true}}
{"address":"0x7fc96c8080f8", "type":"HASH", "class":"0x7fc96c849918", "size":0, "flags":{"wb_protected":true, "old":true, "marked":true}}
{"address":"0x7fc96c808120", "type":"STRING", "class":"0x7fc96c801668", "frozen":true, "bytesize":105, "capacity":152, "value":"/Users/antoine/.rvm/gems/ruby-2.0.0-p247/gems/archive-tar-minitar-0.5.2/lib/irb/lc/en/encoding_aliases.rb", "encoding":"US-ASCII", "memsize":153, "flags":{"wb_protected":true, "old":true, "marked":true}}
{"address":"0x7fc96c808148", "type":"STRING", "class":"0x7fc96c801668", "shared":true, "encoding":"UTF-8", "references":["0x7fc96c900488"], "flags":{"wb_protected":true, "old":true, "marked":true}}
{"address":"0x7fc96c808170", "type":"OBJECT", "class":"0x7fc96c8f82d8", "ivars":3, "references":["0x7fc96c8080f8", "0x7fc96c808ff8"], "flags":{"wb_protected":true, "old":true, "marked":true}}
{"address":"0x7fc96c808198", "type":"HASH", "class":"0x7fc96c849918", "size":2, "references":["0x7fc96c8080a8", "0x7fc96c808170", "0x7fc96c8fa330", "0x7fc96c8fa3a8"], "memsize":192, "flags":{"wb_protected":true, "old":true, "remembered":true, "marked":true}}
{"address":"0x7fc96c8081c0", "type":"STRING", "class":"0x7fc96c801668", "embedded":true, "bytesize":1, "value":"\n", "encoding":"UTF-8", "flags":{"wb_protected":true, "old":true, "marked":true}}
{"address":"0x7fc96c8081e8", "type":"OBJECT", "class":"0x7fc96c8f82d8", "ivars":3, "references":["0x7fc96c808198", "0x7fc96c8fa240"], "flags":{"wb_protected":true, "old":true, "remembered":true, "marked":true}}
{"address":"0x7fc96c808210", "type":"NODE", "node_type":"NODE_BLOCK", "references":["0x7fc96c808238"]}
{"address":"0x7fc96c808238", "type":"NODE", "node_type":"NODE_IF", "references":["0x7fc96c809020", "0x7fc96c809d40", "0x7fc96c808350"]}
{"address":"0x7fc96c808260", "type":"STRING", "class":"0x7fc96c801668", "frozen":true, "bytesize":75, "capacity":128, "value":"/Users/antoine/.rvm/gems/ruby-2.0.0-p247/gems/archive-tar-minitar-0.5.2/lib", "encoding":"US-ASCII", "memsize":129, "flags":{"wb_protected":true, "old":true, "marked":true}}
{"address":"0x7fc96c808288", "type":"STRING", "class":"0x7fc96c801668", "shared":true, "encoding":"US-ASCII", "references":["0x7fc96c808120"], "flags":{"wb_protected":true, "old":true, "marked":true}}
{"address":"0x7fc96c808300", "type":"NODE", "node_type":"NODE_BLOCK", "references":["0x7fc96c8083c8"]}
{"address":"0x7fc96c808328", "type":"STRING", "class":"0x7fc96c801668", "shared":true, "encoding":"US-ASCII", "references":["0x7fc96c808260"], "flags":{"wb_protected":true, "old":true, "marked":true}}
{"address":"0x7fc96c808350", "type":"NODE", "node_type":"NODE_BLOCK", "references":["0x7fc96c808918", "0x7fc96c808300"]}
{"address":"0x7fc96c808378", "type":"STRING", "class":"0x7fc96c801668", "embedded":true, "bytesize":11, "value":"README.rdoc", "encoding":"UTF-8", "flags":{"wb_protected":true, "old":true, "marked":true}}
{"address":"0x7fc96c8083a0", "type":"STRING", "class":"0x7fc96c801668", "frozen":true, "bytesize":85, "capacity":128, "value":"/Users/antoine/.rvm/gems/ruby-2.0.0-p247/gems/faraday-0.8.9/lib/irb/lc/en_US/error.rb", "encoding":"US-ASCII", "memsize":129, "flags":{"wb_protected":true, "old":true, "marked":true}}
{"address":"0x7fc96c8083c8", "type":"NODE", "node_type":"NODE_CALL", "references":["0x7fc96c8088c8", "0x7fc96c8087d8"]}
{"address":"0x7fc96c8083f0", "type":"NODE", "node_type":"NODE_ARRAY", "references":["0x7fc96c808440"]}
{"address":"0x7fc96c808418", "type":"ARRAY", "class":"0x7fc96c84a048", "length":1, "embedded":true, "references":["0x7fc96c808328"], "flags":{"wb_protected":true, "old":true, "marked":true}}
{"address":"0x7fc96c808440", "type":"NODE", "node_type":"NODE_ARRAY", "references":["0x7fc96c808558"], "flags":{"remembered":true}}
{"address":"0x7fc96c808468", "type":"STRING", "class":"0x7fc96c801668", "bytesize":71, "capacity":128, "value":"/usr/local/Cellar/ruby/2.1.1/lib/ruby/gems/2.1.0/specifications/default", "encoding":"UTF-8", "memsize":129, "flags":{"wb_protected":true, "old":true, "marked":true}}
{"address":"0x7fc96c808490", "type":"STRING", "class":"0x7fc96c801668", "frozen":true, "embedded":true, "fstring":true, "bytesize":12, "value":"latest_specs", "encoding":"US-ASCII", "flags":{"wb_protected":true, "old":true, "marked":true}}
{"address":"0x7fc96c8084b8", "type":"STRING", "class":"0x7fc96c801668", "embedded":true, "bytesize":11, "value":"LICENSE.txt", "encoding":"UTF-8", "flags":{"wb_protected":true, "old":true, "marked":true}}
{"address":"0x7fc96c808558", "type":"NODE", "node_type":"NODE_STR", "references":["0x7fc96c903098"]}
{"address":"0x7fc96c808580", "type":"STRING", "class":"0x7fc96c801668", "frozen":true, "bytesize":63, "capacity":128, "value":"/Users/antoine/.rvm/gems/ruby-2.0.0-p247/gems/faraday-0.8.9/lib", "encoding":"US-ASCII", "memsize":129, "flags":{"wb_protected":true, "old":true, "marked":true}}
{"address":"0x7fc96c8085a8", "type":"STRING", "class":"0x7fc96c801668", "shared":true, "encoding":"US-ASCII", "references":["0x7fc96c8083a0"], "flags":{"wb_protected":true, "old":true, "marked":true}}
{"address":"0x7fc96c8085f8", "type":"ARRAY", "length":4, "references":["0x7fc96c8088a0", "0x7fc96c809048", "0x7fc96c02d4f0", "0x7fc96c8094a8"], "memsize":160, "flags":{"wb_protected":true, "old":true, "marked":true}}
{"address":"0x7fc96c808648", "type":"STRING", "class":"0x7fc96c801668", "shared":true, "encoding":"US-ASCII", "references":["0x7fc96c808580"], "flags":{"wb_protected":true, "old":true, "marked":true}}
{"address":"0x7fc96c808670", "type":"STRING", "class":"0x7fc96c801668", "embedded":true, "bytesize":11, "value":"README.rdoc", "encoding":"UTF-8", "flags":{"wb_protected":true, "old":true, "marked":true}}
{"address":"0x7fc96c808698", "type":"STRING", "class":"0x7fc96c801668", "embedded":true, "bytesize":7, "value":"~> 2.11", "encoding":"UTF-8", "flags":{"wb_protected":true, "old":true, "marked":true}}
{"address":"0x7fc96c8086e8", "type":"STRING", "class":"0x7fc96c801668", "embedded":true, "bytesize":1, "value":"-", "encoding":"UTF-8", "flags":{"wb_protected":true, "old":true, "marked":true}}
{"address":"0x7fc96c808738", "type":"STRING", "class":"0x7fc96c801668", "embedded":true, "bytesize":11, "value":"LICENSE.txt", "encoding":"UTF-8", "flags":{"wb_protected":true, "old":true, "marked":true}}
{"address":"0x7fc96c808760", "type":"STRING", "class":"0x7fc96c801668", "frozen":true, "bytesize":91, "capacity":128, "value":"/usr/local/Cellar/ruby/2.1.1/lib/ruby/2.1.0/x86_64-darwin13.0/irb/lc/en/encoding_aliases.rb", "encoding":"UTF-8", "memsize":129, "flags":{"wb_protected":true, "old":true, "marked":true}}
{"address":"0x7fc96c808788", "type":"STRING", "class":"0x7fc96c801668", "shared":true, "encoding":"UTF-8", "references":["0x7fc96c808760"], "flags":{"wb_protected":true, "old":true, "marked":true}}
{"address":"0x7fc96c8087b0", "type":"STRING", "class":"0x7fc96c801668", "bytesize":45, "value":"    s.add_dependency(%q<ronn>, [\"~> 0.7.3\"])\n", "encoding":"UTF-8", "memsize":46, "flags":{"wb_protected":true, "old":true, "marked":true}}
{"address":"0x7fc96c8087d8", "type":"NODE", "node_type":"NODE_ARRAY", "references":["0x7fc96c808800", "0x7fc96c8083f0"], "flags":{"remembered":true}}
{"address":"0x7fc96c808800", "type":"NODE", "node_type":"NODE_STR", "references":["0x7fc96c9030e8"]}
{"address":"0x7fc96c808828", "type":"STRING", "class":"0x7fc96c801668", "embedded":true, "bytesize":5, "value":"rspec", "encoding":"UTF-8", "flags":{"wb_protected":true, "old":true, "marked":true}}
{"address":"0x7fc96c808850", "type":"STRING", "class":"0x7fc96c801668", "frozen":true, "embedded":true, "fstring":true, "bytesize":17, "value":"find_latest_files", "encoding":"US-ASCII", "flags":{"wb_protected":true, "old":true, "marked":true}}
{"address":"0x7fc96c808878", "type":"ARRAY", "class":"0x7fc96c84a048", "length":1, "embedded":true, "references":["0x7fc96c808648"], "flags":{"wb_protected":true, "old":true, "marked":true}}
{"address":"0x7fc96c8088a0", "type":"DATA", "class":"0x7fc96c833488", "struct":"iseq", "references":["0x7fc96c808940", "0x7fc96c02e9e0", "0x7fc96c05b6c0", "0x7fc96c05b6c0", "0x7fc96c80a0b0"], "memsize":560, "flags":{"wb_protected":true, "old":true, "marked":true}}
{"address":"0x7fc96c8088c8", "type":"NODE", "node_type":"NODE_DVAR"}
{"address":"0x7fc96c8088f0", "type":"STRING", "class":"0x7fc96c801668", "bytesize":71, "capacity":128, "value":"/usr/local/Cellar/ruby/2.1.1/lib/ruby/gems/2.1.0/specifications/default", "encoding":"UTF-8", "memsize":129, "flags":{"wb_protected":true, "old":true, "marked":true}}
{"address":"0x7fc96c808918", "type":"NODE", "node_type":"NODE_CALL", "references":["0x7fc96c808f30", "0x7fc96c808aa8"]}
{"address":"0x7fc96c808940", "type":"STRING", "class":"0x7fc96c801668", "frozen":true, "fstring":true, "bytesize":26, "capacity":120, "value":"block (2 levels) in expand", "memsize":121, "flags":{"wb_protected":true, "old":true, "marked":true}}
{"address":"0x7fc96c808968", "type":"STRING", "class":"0x7fc96c801668", "frozen":true, "embedded":true, "fstring":true, "bytesize":4, "value":"ruby", "encoding":"US-ASCII", "flags":{"wb_protected":true, "old":true, "marked":true}}
{"address":"0x7fc96c808990", "type":"NODE", "node_type":"NODE_ARRAY", "references":["0x7fc96c8089b8"]}
{"address":"0x7fc96c8089b8", "type":"NODE", "node_type":"NODE_ARRAY", "references":["0x7fc96c8089e0"]}
{"address":"0x7fc96c8089e0", "type":"NODE", "node_type":"NODE_STR", "references":["0x7fc96c903110"]}
{"address":"0x7fc96c808a08", "type":"REGEXP", "class":"0x7fc96c8491e8", "references":["0x7fc96c8184d0"], "memsize":488, "flags":{"wb_protected":true, "old":true, "marked":true}}
{"address":"0x7fc96c808a30", "type":"STRING", "class":"0x7fc96c801668", "embedded":true, "bytesize":8, "value":"~> 0.7.3", "encoding":"UTF-8", "flags":{"wb_protected":true, "old":true, "marked":true}}
{"address":"0x7fc96c808aa8", "type":"NODE", "node_type":"NODE_ARRAY", "references":["0x7fc96c808b98", "0x7fc96c808990"]}
{"address":"0x7fc96c808b48", "type":"STRING", "class":"0x7fc96c801668", "frozen":true, "embedded":true, "bytesize":1, "value":"+", "encoding":"UTF-8", "flags":{"wb_protected":true, "old":true, "marked":true}}
{"address":"0x7fc96c808b70", "type":"STRING", "class":"0x7fc96c801668", "embedded":true, "bytesize":21, "value":"net-ssh@solutious.com", "encoding":"UTF-8", "flags":{"wb_protected":true, "old":true, "marked":true}}
{"address":"0x7fc96c808b98", "type":"NODE", "node_type":"NODE_STR", "references":["0x7fc96c903138"]}
{"address":"0x7fc96c808bc0", "type":"STRING", "class":"0x7fc96c801668", "frozen":true, "embedded":true, "bytesize":1, "value":"=", "encoding":"UTF-8", "flags":{"wb_protected":true, "old":true, "marked":true}}
{"address":"0x7fc96c808be8", "type":"HASH", "class":"0x7fc96c849918", "size":0, "flags":{"wb_protected":true, "old":true, "marked":true}}
{"address":"0x7fc96c808c10", "type":"OBJECT", "class":"0x7fc96c8f82d8", "ivars":3, "references":["0x7fc96c808be8", "0x7fc96c808ff8"], "flags":{"wb_protected":true, "old":true, "marked":true}}
{"address":"0x7fc96c808c38", "type":"HASH", "class":"0x7fc96c849918", "size":2, "references":["0x7fc96c808bc0", "0x7fc96c808c10", "0x7fc96c8fb118", "0x7fc96c8fb1b8"], "memsize":192, "flags":{"wb_protected":true, "old":true, "remembered":true, "marked":true}}
{"address":"0x7fc96c808c60", "type":"OBJECT", "class":"0x7fc96c8f82d8", "ivars":3, "references":["0x7fc96c808c38", "0x7fc96c8fa240"], "flags":{"wb_protected":true, "old":true, "remembered":true, "marked":true}}
{"address":"0x7fc96c808cb0", "type":"STRING", "class":"0x7fc96c801668", "embedded":true, "bytesize":4, "value":"ronn", "encoding":"UTF-8", "flags":{"wb_protected":true, "old":true, "marked":true}}
{"address":"0x7fc96c808d28", "type":"STRING", "class":"0x7fc96c801668", "shared":true, "encoding":"UTF-8", "references":["0x7fc96c9004b0"], "flags":{"wb_protected":true, "old":true, "marked":true}}
{"address":"0x7fc96c808df0", "type":"STRING", "class":"0x7fc96c801668", "frozen":true, "embedded":true, "fstring":true, "bytesize":19, "value":"parse_printf_format", "encoding":"US-ASCII", "flags":{"wb_protected":true, "old":true, "marked":true}}
{"address":"0x7fc96c808e68", "type":"STRING", "class":"0x7fc96c801668", "bytesize":29, "capacity":128, "value":"irb/lc/en/encoding_aliases.rb", "encoding":"UTF-8", "memsize":129, "flags":{"wb_protected":true, "old":true, "marked":true}}
{"address":"0x7fc96c808e90", "type":"STRING", "class":"0x7fc96c801668", "embedded":true, "bytesize":10, "value":"2013-09-11", "encoding":"UTF-8", "flags":{"wb_protected":true, "old":true, "marked":true}}
{"address":"0x7fc96c808eb8", "type":"STRING", "class":"0x7fc96c801668", "embedded":true, "bytesize":5, "value":"2.2.2", "encoding":"UTF-8", "flags":{"wb_protected":true, "old":true, "marked":true}}
{"address":"0x7fc96c808f08", "type":"STRING", "class":"0x7fc96c801668", "embedded":true, "bytesize":2, "value":"en", "encoding":"UTF-8", "flags":{"wb_protected":true, "old":true, "marked":true}}
{"address":"0x7fc96c808f30", "type":"NODE", "node_type":"NODE_DVAR"}
{"address":"0x7fc96c808f58", "type":"STRING", "class":"0x7fc96c801668", "frozen":true, "embedded":true, "fstring":true, "bytesize":6, "value":"(%*)%I", "encoding":"US-ASCII", "flags":{"wb_protected":true, "old":true, "marked":true}}
{"address":"0x7fc96c808fa8", "type":"NODE", "node_type":"NODE_BLOCK", "references":["0x7fc96c809110"]}
{"address":"0x7fc96c808fd0", "type":"REGEXP", "class":"0x7fc96c8491e8", "references":["0x7fc96c808f58"], "memsize":490, "flags":{"wb_protected":true, "old":true, "marked":true}}
{"address":"0x7fc96c808ff8", "type":"DATA", "class":"0x7fc96c83b020", "struct":"proc", "references":["0x7fc96c821bc0", "0x7fc96c808ff8", "0x7fc96c821df0"], "memsize":72, "flags":{"remembered":true}}
{"address":"0x7fc96c809020", "type":"NODE", "node_type":"NODE_BLOCK", "references":["0x7fc96c8097a0", "0x7fc96c808fa8"]}
{"address":"0x7fc96c809048", "type":"STRING", "class":"0x7fc96c801668", "frozen":true, "embedded":true, "fstring":true, "bytesize":1, "value":"$", "encoding":"UTF-8", "flags":{"wb_protected":true, "old":true, "marked":true}}
{"address":"0x7fc96c809070", "type":"NODE", "node_type":"NODE_DVAR", "flags":{"remembered":true}}
{"address":"0x7fc96c809098", "type":"OBJECT", "class":"0x7fc96d040a68", "ivars":3, "references":["0x7fc96c80bc58"], "flags":{"wb_protected":true, "old":true, "marked":true}}
{"address":"0x7fc96c8090c0", "type":"STRING", "class":"0x7fc96c801668", "frozen":true, "embedded":true, "fstring":true, "bytesize":9, "value":"load_path", "encoding":"US-ASCII", "flags":{"wb_protected":true, "old":true, "marked":true}}
{"address":"0x7fc96c8090e8", "type":"ARRAY", "class":"0x7fc96c84a048", "length":11, "references":["0x7fc96c8095c0", "0x7fc96c809598", "0x7fc96c809570", "0x7fc96c809480", "0x7fc96c809430", "0x7fc96c809408", "0x7fc96c809368", "0x7fc96c8092a0", "0x7fc96c809278", "0x7fc96c809250", "0x7fc96c8091b0"], "memsize":88, "flags":{"wb_protected":true, "old":true, "marked":true}}
{"address":"0x7fc96c809110", "type":"NODE", "node_type":"NODE_CALL", "references":["0x7fc96c809610", "0x7fc96c809458"]}
{"address":"0x7fc96c809138", "type":"NODE", "node_type":"NODE_ARRAY", "references":["0x7fc96c809160"]}
{"address":"0x7fc96c809160", "type":"NODE", "node_type":"NODE_ARRAY", "references":["0x7fc96c809188"]}
{"address":"0x7fc96c809188", "type":"NODE", "node_type":"NODE_STR", "references":["0x7fc96c903098"]}
{"address":"0x7fc96c8091b0", "type":"STRING", "class":"0x7fc96c801668", "embedded":true, "bytesize":3, "value":"&&=", "encoding":"UTF-8", "flags":{"wb_protected":true, "old":true, "marked":true}}
{"address":"0x7fc96c8091d8", "type":"STRING", "class":"0x7fc96c801668", "embedded":true, "bytesize":7, "value":"~> 2.11", "encoding":"UTF-8", "flags":{"wb_protected":true, "old":true, "marked":true}}
{"address":"0x7fc96c809200", "type":"STRING", "class":"0x7fc96c801668", "embedded":true, "bytesize":17, "value":"Delano Mandelbaum", "encoding":"UTF-8", "flags":{"wb_protected":true, "old":true, "marked":true}}
{"address":"0x7fc96c809228", "type":"STRING", "class":"0x7fc96c801668", "embedded":true, "bytesize":5, "value":"1.2.0", "encoding":"UTF-8", "flags":{"wb_protected":true, "old":true, "marked":true}}
{"address":"0x7fc96c809250", "type":"STRING", "class":"0x7fc96c801668", "embedded":true, "bytesize":3, "value":"||=", "encoding":"UTF-8", "flags":{"wb_protected":true, "old":true, "marked":true}}
{"address":"0x7fc96c809278", "type":"STRING", "class":"0x7fc96c801668", "embedded":true, "bytesize":3, "value":">>=", "encoding":"UTF-8", "flags":{"wb_protected":true, "old":true, "marked":true}}
{"address":"0x7fc96c8092a0", "type":"STRING", "class":"0x7fc96c801668", "embedded":true, "bytesize":3, "value":"<<=", "encoding":"UTF-8", "flags":{"wb_protected":true, "old":true, "marked":true}}
{"address":"0x7fc96c8092c8", "type":"STRING", "class":"0x7fc96c801668", "embedded":true, "bytesize":1, "value":"\n", "encoding":"UTF-8", "flags":{"wb_protected":true, "old":true, "marked":true}}
{"address":"0x7fc96c8092f0", "type":"STRING", "class":"0x7fc96c801668", "embedded":true, "bytesize":3, "value":"MIT", "encoding":"UTF-8", "flags":{"wb_protected":true, "old":true, "marked":true}}
{"address":"0x7fc96c809318", "type":"STRING", "class":"0x7fc96c801668", "embedded":true, "bytesize":10, "value":"Jamis Buck", "encoding":"UTF-8", "flags":{"wb_protected":true, "old":true, "marked":true}}
{"address":"0x7fc96c809340", "type":"OBJECT", "class":"0x7fc96d040a68", "ivars":3, "references":["0x7fc96c903b88", "0x7fc96c9029e0"], "flags":{"wb_protected":true, "old":true, "marked":true}}
{"address":"0x7fc96c809368", "type":"STRING", "class":"0x7fc96c801668", "embedded":true, "bytesize":2, "value":"^=", "encoding":"UTF-8", "flags":{"wb_protected":true, "old":true, "marked":true}}
{"address":"0x7fc96c809390", "type":"STRING", "class":"0x7fc96c801668", "frozen":true, "bytesize":101, "capacity":132, "value":"/Users/antoine/.rvm/gems/ruby-2.0.0-p247/gems/yajl-ruby-1.1.0/lib/irb/lc/en.UTF-8/encoding_aliases.rb", "encoding":"US-ASCII", "memsize":133, "flags":{"wb_protected":true, "old":true, "marked":true}}
{"address":"0x7fc96c8093b8", "type":"STRING", "class":"0x7fc96c801668", "embedded":true, "bytesize":1, "value":" ", "encoding":"UTF-8", "flags":{"wb_protected":true, "old":true, "marked":true}}
{"address":"0x7fc96c8093e0", "type":"STRING", "class":"0x7fc96c801668", "embedded":true, "bytesize":4, "value":"ronn", "encoding":"UTF-8", "flags":{"wb_protected":true, "old":true, "marked":true}}
{"address":"0x7fc96c809408", "type":"STRING", "class":"0x7fc96c801668", "embedded":true, "bytesize":2, "value":"|=", "encoding":"UTF-8", "flags":{"wb_protected":true, "old":true, "marked":true}}
{"address":"0x7fc96c809430", "type":"STRING", "class":"0x7fc96c801668", "embedded":true, "bytesize":2, "value":"&=", "encoding":"UTF-8", "flags":{"wb_protected":true, "old":true, "marked":true}}
{"address":"0x7fc96c809458", "type":"NODE", "node_type":"NODE_ARRAY", "references":["0x7fc96c8094d0", "0x7fc96c809138"]}
{"address":"0x7fc96c809480", "type":"STRING", "class":"0x7fc96c801668", "embedded":true, "bytesize":3, "value":"**=", "encoding":"UTF-8", "flags":{"wb_protected":true, "old":true, "marked":true}}
{"address":"0x7fc96c8094a8", "type":"STRING", "class":"0x7fc96c801668", "frozen":true, "embedded":true, "fstring":true, "bytesize":9, "value":"(?=\\s|\\z)", "flags":{"wb_protected":true, "old":true, "marked":true}}
{"address":"0x7fc96c8094d0", "type":"NODE", "node_type":"NODE_STR", "references":["0x7fc96c9030e8"]}
{"address":"0x7fc96c8094f8", "type":"STRING", "class":"0x7fc96c801668", "embedded":true, "bytesize":5, "value":"rspec", "encoding":"UTF-8", "flags":{"wb_protected":true, "old":true, "marked":true}}
{"address":"0x7fc96c809520", "type":"STRING", "class":"0x7fc96c801668", "frozen":true, "bytesize":65, "capacity":128, "value":"/Users/antoine/.rvm/gems/ruby-2.0.0-p247/gems/yajl-ruby-1.1.0/lib", "encoding":"US-ASCII", "memsize":129, "flags":{"wb_protected":true, "old":true, "marked":true}}
{"address":"0x7fc96c809548", "type":"STRING", "class":"0x7fc96c801668", "shared":true, "encoding":"US-ASCII", "references":["0x7fc96c809390"], "flags":{"wb_protected":true, "old":true, "marked":true}}
{"address":"0x7fc96c809570", "type":"STRING", "class":"0x7fc96c801668", "embedded":true, "bytesize":2, "value":"*=", "encoding":"UTF-8", "flags":{"wb_protected":true, "old":true, "marked":true}}
{"address":"0x7fc96c809598", "type":"STRING", "class":"0x7fc96c801668", "embedded":true, "bytesize":2, "value":"-=", "encoding":"UTF-8", "flags":{"wb_protected":true, "old":true, "marked":true}}
{"address":"0x7fc96c8095c0", "type":"STRING", "class":"0x7fc96c801668", "embedded":true, "bytesize":2, "value":"+=", "encoding":"UTF-8", "flags":{"wb_protected":true, "old":true, "marked":true}}
{"address":"0x7fc96c8095e8", "type":"STRING", "class":"0x7fc96c801668", "frozen":true, "embedded":true, "bytesize":1, "value":"|", "encoding":"UTF-8", "flags":{"wb_protected":true, "old":true, "marked":true}}
{"address":"0x7fc96c809610", "type":"NODE", "node_type":"NODE_DVAR"}
{"address":"0x7fc96c809638", "type":"HASH", "class":"0x7fc96c849918", "size":1, "references":["0x7fc96c8fbdc0", "0x7fc96c8fbe60"], "memsize":192, "flags":{"wb_protected":true, "old":true, "remembered":true, "marked":true}}
{"address":"0x7fc96c809660", "type":"STRING", "class":"0x7fc96c801668", "embedded":true, "bytesize":5, "value":"print", "encoding":"UTF-8", "flags":{"wb_protected":true, "old":true, "marked":true}}
{"address":"0x7fc96c809688", "type":"NODE", "node_type":"NODE_STR", "references":["0x7fc96c903138"]}
{"address":"0x7fc96c8096b0", "type":"OBJECT", "class":"0x7fc96c8f82d8", "ivars":3, "references":["0x7fc96c809638", "0x7fc96c810960"], "flags":{"wb_protected":true, "old":true, "marked":true}}
{"address":"0x7fc96c809700", "type":"STRING", "class":"0x7fc96c801668", "embedded":true, "bytesize":4, "value":">= 0", "encoding":"UTF-8", "flags":{"wb_protected":true, "old":true, "marked":true}}
{"address":"0x7fc96c809750", "type":"STRING", "class":"0x7fc96c801668", "frozen":true, "embedded":true, "fstring":true, "bytesize":14, "value":"suffix_pattern", "encoding":"US-ASCII", "flags":{"wb_protected":true, "old":true, "marked":true}}
{"address":"0x7fc96c8097a0", "type":"NODE", "node_type":"NODE_CALL", "references":["0x7fc96c809c78", "0x7fc96c809b10"]}
{"address":"0x7fc96c8097c8", "type":"NODE", "node_type":"NODE_ARRAY", "references":["0x7fc96c8097f0"]}
{"address":"0x7fc96c8097f0", "type":"NODE", "node_type":"NODE_ARRAY", "references":["0x7fc96c809840"]}
{"address":"0x7fc96c809818", "type":"STRING", "class":"0x7fc96c801668", "frozen":true, "embedded":true, "fstring":true, "bytesize":16, "value":"matches_for_glob", "encoding":"US-ASCII", "flags":{"wb_protected":true, "old":true, "marked":true}}
{"address":"0x7fc96c809840", "type":"NODE", "node_type":"NODE_STR", "references":["0x7fc96c903110"]}
{"address":"0x7fc96c8098e0", "type":"STRING", "class":"0x7fc96c801668", "embedded":true, "bytesize":8, "value":"~> 0.7.3", "encoding":"UTF-8", "flags":{"wb_protected":true, "old":true, "marked":true}}
{"address":"0x7fc96c809908", "type":"STRING", "class":"0x7fc96c801668", "shared":true, "encoding":"UTF-8", "references":["0x7fc96c809cf0"], "flags":{"wb_protected":true, "old":true, "marked":true}}
{"address":"0x7fc96c809930", "type":"STRING", "class":"0x7fc96c801668", "embedded":true, "bytesize":19, "value":"Need to define `%s'", "encoding":"UTF-8", "flags":{"wb_protected":true, "old":true, "marked":true}}
{"address":"0x7fc96c809958", "type":"NODE", "node_type":"NODE_ARRAY", "references":["0x7fc96c809688", "0x7fc96c903d68"], "flags":{"remembered":true}}
{"address":"0x7fc96c809980", "type":"DATA", "class":"0x7fc96c833488", "struct":"iseq", "references":["0x7fc96c8085f8", "0x7fc96c809b38", "0x7fc96c02e9e0", "0x7fc96c05b6c0", "0x7fc96c05b6c0", "0x7fc96c80a0b0"], "memsize":3816, "flags":{"wb_protected":true, "old":true, "marked":true}}
{"address":"0x7fc96c809a20", "type":"STRING", "class":"0x7fc96c801668", "shared":true, "encoding":"US-ASCII", "references":["0x7fc96c809520"], "flags":{"wb_protected":true, "old":true, "marked":true}}
{"address":"0x7fc96c809a70", "type":"ARRAY", "class":"0x7fc96c84a048", "length":2, "embedded":true, "references":["0x7fc96c8a3828", "0x7fc96c809a20"], "flags":{"wb_protected":true, "old":true, "marked":true}}
{"address":"0x7fc96c809a98", "type":"STRING", "class":"0x7fc96c801668", "embedded":true, "bytesize":5, "value":"2.7.0", "encoding":"UTF-8", "flags":{"wb_protected":true, "old":true, "marked":true}}
{"address":"0x7fc96c809ae8", "type":"STRING", "class":"0x7fc96c801668", "frozen":true, "fstring":true, "bytesize":25, "value":"find_files_from_load_path", "encoding":"US-ASCII", "memsize":26, "flags":{"wb_protected":true, "old":true, "marked":true}}
{"address":"0x7fc96c809b10", "type":"NODE", "node_type":"NODE_ARRAY", "references":["0x7fc96c809b88", "0x7fc96c8097c8"]}
{"address":"0x7fc96c809b38", "type":"STRING", "class":"0x7fc96c801668", "frozen":true, "fstring":true, "bytesize":15, "capacity":120, "value":"block in expand", "memsize":121, "flags":{"wb_protected":true, "old":true, "marked":true}}
{"address":"0x7fc96c809b60", "type":"STRING", "class":"0x7fc96c801668", "frozen":true, "embedded":true, "fstring":true, "bytesize":12, "value":"OutputMethod", "encoding":"US-ASCII", "flags":{"wb_protected":true, "old":true, "marked":true}}
{"address":"0x7fc96c809b88", "type":"NODE", "node_type":"NODE_STR", "references":["0x7fc96c903138"]}
{"address":"0x7fc96c809bb0", "type":"STRING", "class":"0x7fc96c801668", "embedded":true, "bytesize":4, "value":"ronn", "encoding":"UTF-8", "flags":{"wb_protected":true, "old":true, "marked":true}}
{"address":"0x7fc96c809bd8", "type":"STRING", "class":"0x7fc96c801668", "frozen":true, "embedded":true, "fstring":true, "bytesize":5, "value":"files", "encoding":"US-ASCII", "flags":{"wb_protected":true, "old":true, "marked":true}}
{"address":"0x7fc96c809c00", "type":"OBJECT", "class":"0x7fc96d040a68", "ivars":3, "references":["0x7fc96c808eb8", "0x7fc96c902c60"], "flags":{"wb_protected":true, "old":true, "marked":true}}
{"address":"0x7fc96c809c28", "type":"STRING", "class":"0x7fc96c801668", "frozen":true, "embedded":true, "bytesize":1, "value":"|", "encoding":"UTF-8", "flags":{"wb_protected":true, "old":true, "marked":true}}
{"address":"0x7fc96c809c50", "type":"HASH", "class":"0x7fc96c849918", "size":2, "references":["0x7fc96c8095e8", "0x7fc96c8096b0", "0x7fc96c902008", "0x7fc96c902080"], "memsize":192, "flags":{"wb_protected":true, "old":true, "remembered":true, "marked":true}}
{"address":"0x7fc96c809c78", "type":"NODE", "node_type":"NODE_DVAR"}
{"address":"0x7fc96c809ca0", "type":"OBJECT", "class":"0x7fc96c8f82d8", "ivars":3, "references":["0x7fc96c809c50", "0x7fc96c810960"], "flags":{"wb_protected":true, "old":true, "marked":true}}
{"address":"0x7fc96c809cc8", "type":"STRING", "class":"0x7fc96c801668", "frozen":true, "embedded":true, "fstring":true, "bytesize":15, "value":"check_load_path", "encoding":"US-ASCII", "flags":{"wb_protected":true, "old":true, "marked":true}}
{"address":"0x7fc96c809cf0", "type":"STRING", "class":"0x7fc96c801668", "frozen":true, "bytesize":66, "value":"Generalized implementation of the middleware abstraction for Ruby.", "encoding":"UTF-8", "memsize":67, "flags":{"wb_protected":true, "old":true, "marked":true}}
{"address":"0x7fc96c809d18", "type":"STRING", "class":"0x7fc96c801668", "frozen":true, "embedded":true, "fstring":true, "bytesize":10, "value":"find_files", "encoding":"US-ASCII", "flags":{"wb_protected":true, "old":true, "marked":true}}
{"address":"0x7fc96c809d40", "type":"NODE", "node_type":"NODE_CALL", "references":["0x7fc96c809f48", "0x7fc96c809e08"]}
{"address":"0x7fc96c809d90", "type":"STRING", "class":"0x7fc96c801668", "embedded":true, "bytesize":6, "value":"e2mmap", "encoding":"UTF-8", "flags":{"wb_protected":true, "old":true, "marked":true}}
{"address":"0x7fc96c809db8", "type":"STRING", "class":"0x7fc96c801668", "embedded":true, "bytesize":7, "value":"net-ssh", "encoding":"UTF-8", "flags":{"wb_protected":true, "old":true, "marked":true}}
{"address":"0x7fc96c809de0", "type":"ARRAY", "class":"0x7fc96c84a048", "length":5, "references":["0x7fc96c80a2b8"], "memsize":40, "flags":{"wb_protected":true, "old":true, "marked":true}}
{"address":"0x7fc96c809e08", "type":"NODE", "node_type":"NODE_ARRAY", "references":["0x7fc96c809e30"]}
{"address":"0x7fc96c809e30", "type":"NODE", "node_type":"NODE_CALL", "references":["0x7fc96c809ef8", "0x7fc96c809e58"]}
{"address":"0x7fc96c809e58", "type":"NODE", "node_type":"NODE_ARRAY", "references":["0x7fc96c809e80"]}
{"address":"0x7fc96c809e80", "type":"NODE", "node_type":"NODE_STR", "references":["0x7fc96c903188"]}
{"address":"0x7fc96c809ea8", "type":"STRING", "class":"0x7fc96c801668", "embedded":true, "bytesize":5, "value":"1.2.0", "encoding":"UTF-8", "flags":{"wb_protected":true, "old":true, "marked":true}}
{"address":"0x7fc96c809ed0", "type":"STRING", "class":"0x7fc96c801668", "embedded":true, "bytesize":3, "value":"lib", "encoding":"UTF-8", "flags":{"wb_protected":true, "old":true, "marked":true}}
{"address":"0x7fc96c809ef8", "type":"NODE", "node_type":"NODE_COLON2", "references":["0x7fc96c809f20"]}
{"address":"0x7fc96c809f20", "type":"NODE", "node_type":"NODE_CONST"}
{"address":"0x7fc96c809f48", "type":"NODE", "node_type":"NODE_CALL", "references":["0x7fc96c80a1a0", "0x7fc96c809f70"]}
{"address":"0x7fc96c809f70", "type":"NODE", "node_type":"NODE_ARRAY", "references":["0x7fc96c809fc0"]}
{"address":"0x7fc96c809f98", "type":"STRING", "class":"0x7fc96c801668", "frozen":true, "embedded":true, "fstring":true, "bytesize":1, "value":"f", "encoding":"US-ASCII", "flags":{"wb_protected":true, "old":true, "marked":true}}
{"address":"0x7fc96c809fc0", "type":"NODE", "node_type":"NODE_COLON2", "references":["0x7fc96c80a178"]}
{"address":"0x7fc96c809fe8", "type":"STRING", "class":"0x7fc96c801668", "embedded":true, "bytesize":2, "value":"#\n", "encoding":"UTF-8", "flags":{"wb_protected":true, "old":true, "marked":true}}
{"address":"0x7fc96c80a010", "type":"STRING", "class":"0x7fc96c801668", "embedded":true, "bytesize":1, "value":"-", "flags":{"wb_protected":true, "old":true, "marked":true}}
{"address":"0x7fc96c80a038", "type":"STRING", "class":"0x7fc96c801668", "frozen":true, "bytesize":64, "value":"/usr/local/Cellar/ruby/2.1.1/lib/ruby/2.1.0/irb/output-method.rb", "memsize":65, "flags":{"wb_protected":true, "old":true, "marked":true}}
{"address":"0x7fc96c80a088", "type":"STRING", "class":"0x7fc96c801668", "shared":true, "encoding":"UTF-8", "references":["0x7fc96c80a150"], "flags":{"wb_protected":true, "old":true, "marked":true}}
{"address":"0x7fc96c80a0b0", "type":"NODE", "node_type":"NODE_CREF", "references":["0x7fc96d037cd8", "0x7fc96c838f50"], "flags":{"wb_protected":true, "old":true, "marked":true}}
{"address":"0x7fc96c80a100", "type":"STRING", "class":"0x7fc96c801668", "embedded":true, "bytesize":1, "value":"2", "encoding":"UTF-8", "flags":{"wb_protected":true, "old":true, "marked":true}}
{"address":"0x7fc96c80a150", "type":"STRING", "class":"0x7fc96c801668", "frozen":true, "fstring":true, "bytesize":64, "capacity":86, "value":"/usr/local/Cellar/ruby/2.1.1/lib/ruby/2.1.0/irb/output-method.rb", "encoding":"US-ASCII", "memsize":87, "flags":{"wb_protected":true, "old":true, "marked":true}}
{"address":"0x7fc96c80a178", "type":"NODE", "node_type":"NODE_CONST"}
{"address":"0x7fc96c80a1a0", "type":"NODE", "node_type":"NODE_COLON2", "references":["0x7fc96c80a1f0"]}
{"address":"0x7fc96c80a1c8", "type":"STRING", "class":"0x7fc96c801668", "frozen":true, "embedded":true, "bytesize":17, "value":"irb/output-method", "encoding":"UTF-8", "flags":{"wb_protected":true, "old":true, "marked":true}}
{"address":"0x7fc96c80a1f0", "type":"NODE", "node_type":"NODE_CONST"}
{"address":"0x7fc96c80a218", "type":"STRING", "class":"0x7fc96c801668", "frozen":true, "embedded":true, "fstring":true, "bytesize":16, "value":"ruby_api_version", "encoding":"US-ASCII", "flags":{"wb_protected":true, "old":true, "marked":true}}
{"address":"0x7fc96c80a240", "type":"STRING", "class":"0x7fc96c801668", "shared":true, "encoding":"UTF-8", "references":["0x7fc96c809cf0"], "flags":{"wb_protected":true, "old":true, "marked":true}}
{"address":"0x7fc96c80a268", "type":"NODE", "node_type":"NODE_ARRAY", "references":["0x7fc96c80a2e0"]}
{"address":"0x7fc96c80a290", "type":"STRING", "class":"0x7fc96c801668", "embedded":true, "bytesize":17, "value":"irb/output-method", "encoding":"UTF-8", "flags":{"wb_protected":true, "old":true, "marked":true}}
{"address":"0x7fc96c80a2b8", "type":"STRING", "class":"0x7fc96c801668", "embedded":true, "bytesize":7, "value":"preview", "encoding":"UTF-8", "flags":{"wb_protected":true, "old":true, "marked":true}}
{"address":"0x7fc96c80a2e0", "type":"NODE", "node_type":"NODE_LIT"}
{"address":"0x7fc96c80a308", "type":"NODE", "node_type":"NODE_ATTRASGN", "references":["0x7fc96c80a330", "0x7fc96c80a268"]}
{"address":"0x7fc96c80a330", "type":"NODE", "node_type":"NODE_DVAR"}
{"address":"0x7fc96c80a380", "type":"DATA", "class":"0x7fc96c833488", "struct":"iseq", "references":["0x7fc96d037f58", "0x7fc96c02e9e0", "0x7fc96c02e9e0", "0x7fc96c05b6c0", "0x7fc96c05b6c0", "0x7fc96c80a0b0", "0x7fc96d01af48"], "memsize":1528, "flags":{"wb_protected":true, "old":true, "marked":true}}
{"address":"0x7fc96c80a3a8", "type":"ARRAY", "length":3, "embedded":true, "references":["0x7fc96c80ba00", "0x7fc96c066610", "0x7fc96c80ba50"], "flags":{"wb_protected":true, "old":true, "marked":true}}
{"address":"0x7fc96c80a3d0", "type":"STRING", "class":"0x7fc96c801668", "frozen":true, "embedded":true, "fstring":true, "bytesize":6, "value":"CONFIG", "encoding":"US-ASCII", "flags":{"wb_protected":true, "old":true, "marked":true}}
{"address":"0x7fc96c80a3f8", "type":"ARRAY", "length":1, "embedded":true, "references":["0x7fc96c80b8c0"], "flags":{"wb_protected":true, "old":true, "marked":true}}
{"address":"0x7fc96c80a420", "type":"STRING", "class":"0x7fc96c801668", "frozen":true, "embedded":true, "fstring":true, "bytesize":8, "value":"RbConfig", "encoding":"US-ASCII", "flags":{"wb_protected":true, "old":true, "marked":true}}
{"address":"0x7fc96c80a448", "type":"NODE", "node_type":"NODE_CALL", "references":["0x7fc96c80a588", "0x7fc96c80a470"], "flags":{"remembered":true}}
{"address":"0x7fc96c80a470", "type":"NODE", "node_type":"NODE_ARRAY", "references":["0x7fc96c80a560"]}
{"address":"0x7fc96c80a498", "type":"NODE", "node_type":"NODE_CREF", "references":["0x7fc96c8fa650", "0x7fc96c80b898"], "flags":{"wb_protected":true, "old":true, "marked":true}}
{"address":"0x7fc96c80a4c0", "type":"DATA", "class":"0x7fc96c833488", "struct":"iseq", "references":["0x7fc96c819a60", "0x7fc96c819a60", "0x7fc96c81b6d0", "0x7fc96c81b6d0", "0x7fc96c80a498", "0x7fc96c8fa650"], "memsize":488, "flags":{"wb_protected":true, "old":true, "marked":true}}
{"address":"0x7fc96c80a4e8", "type":"ARRAY", "length":2, "embedded":true, "references":["0x7fc96c80a5d8", "0x7fc96c80a4c0"], "flags":{"wb_protected":true, "old":true, "marked":true}}
{"address":"0x7fc96c80a510", "type":"STRING", "class":"0x7fc96c801668", "frozen":true, "embedded":true, "fstring":true, "bytesize":21, "value":"extension_api_version", "encoding":"US-ASCII", "flags":{"wb_protected":true, "old":true, "marked":true}}
{"address":"0x7fc96c80a538", "type":"ARRAY", "length":1, "embedded":true, "references":["0x7fc96c0527c8"], "flags":{"wb_protected":true, "old":true, "marked":true}}
{"address":"0x7fc96c80a560", "type":"NODE", "node_type":"NODE_LIT"}
{"address":"0x7fc96c80a588", "type":"NODE", "node_type":"NODE_DVAR"}
{"address":"0x7fc96c80a5b0", "type":"NODE", "node_type":"NODE_CREF", "references":["0x7fc96c8fa650", "0x7fc96c80b898"], "flags":{"wb_protected":true, "old":true, "marked":true}}
{"address":"0x7fc96c80a5d8", "type":"DATA", "class":"0x7fc96c833488", "struct":"iseq", "references":["0x7fc96c80a538", "0x7fc96c803be8", "0x7fc96c803be8", "0x7fc96c81b6d0", "0x7fc96c81b6d0", "0x7fc96c80a5b0", "0x7fc96c8fa650"], "memsize":832, "flags":{"wb_protected":true, "old":true, "marked":true}}
{"address":"0x7fc96c80a600", "type":"STRING", "class":"0x7fc96c801668", "frozen":true, "embedded":true, "fstring":true, "bytesize":11, "value":"read_binary", "encoding":"US-ASCII", "flags":{"wb_protected":true, "old":true, "marked":true}}
{"address":"0x7fc96c80a628", "type":"STRING", "class":"0x7fc96c801668", "embedded":true, "bytesize":1, "value":"0", "encoding":"UTF-8", "flags":{"wb_protected":true, "old":true, "marked":true}}
{"address":"0x7fc96c80a650", "type":"NODE", "node_type":"NODE_BLOCK", "references":["0x7fc96c80a880", "0x7fc96c9039a8"]}
{"address":"0x7fc96c80a678", "type":"NODE", "node_type":"NODE_CREF", "references":["0x7fc96c8fa650", "0x7fc96c80b898"], "flags":{"wb_protected":true, "old":true, "marked":true}}
{"address":"0x7fc96c80a6a0", "type":"DATA", "class":"0x7fc96c833488", "struct":"iseq", "references":["0x7fc96c80a4e8", "0x7fc96c80a6c8", "0x7fc96c80a6c8", "0x7fc96c81b6d0", "0x7fc96c81b6d0", "0x7fc96c80a678"], "memsize":1056, "flags":{"wb_protected":true, "old":true, "marked":true}}
{"address":"0x7fc96c80a6c8", "type":"STRING", "class":"0x7fc96c801668", "frozen":true, "fstring":true, "bytesize":21, "capacity":120, "value":"<class:NoMsgNotifier>", "memsize":121, "flags":{"wb_protected":true, "old":true, "marked":true}}
{"address":"0x7fc96c80a6f0", "type":"NODE", "node_type":"NODE_ARRAY", "references":["0x7fc96c80a740"]}
{"address":"0x7fc96c80a740", "type":"NODE", "node_type":"NODE_STR", "references":["0x7fc96c9031b0"]}
{"address":"0x7fc96c80a768", "type":"NODE", "node_type":"NODE_CREF", "references":["0x7fc96c8fa880", "0x7fc96c80b898"], "flags":{"wb_protected":true, "old":true, "marked":true}}
{"address":"0x7fc96c80a790", "type":"DATA", "class":"0x7fc96c833488", "struct":"iseq", "references":["0x7fc96c819a60", "0x7fc96c819a60", "0x7fc96c81b6d0", "0x7fc96c81b6d0", "0x7fc96c80a768", "0x7fc96c8fa880"], "memsize":832, "flags":{"wb_protected":true, "old":true, "marked":true}}
{"address":"0x7fc96c80a7b8", "type":"STRING", "class":"0x7fc96c801668", "shared":true, "encoding":"UTF-8", "references":["0x7fc96c9031b0"], "flags":{"wb_protected":true, "old":true, "marked":true}}
{"address":"0x7fc96c80a7e0", "type":"STRING", "class":"0x7fc96c801668", "embedded":true, "bytesize":1, "value":"2", "encoding":"UTF-8", "flags":{"wb_protected":true, "old":true, "marked":true}}
{"address":"0x7fc96c80a808", "type":"NODE", "node_type":"NODE_CREF", "references":["0x7fc96c8fa880", "0x7fc96c80b898"], "flags":{"wb_protected":true, "old":true, "marked":true}}
{"address":"0x7fc96c80a830", "type":"DATA", "class":"0x7fc96c833488", "struct":"iseq", "references":["0x7fc96c803418", "0x7fc96c803418", "0x7fc96c81b6d0", "0x7fc96c81b6d0", "0x7fc96c80a808", "0x7fc96c8fa880"], "memsize":856, "flags":{"wb_protected":true, "old":true, "marked":true}}
{"address":"0x7fc96c80a858", "type":"ARRAY", "length":3, "embedded":true, "references":["0x7fc96c80a8f8", "0x7fc96c80a830", "0x7fc96c80a790"], "flags":{"wb_protected":true, "old":true, "marked":true}}
{"address":"0x7fc96c80a880", "type":"NODE", "node_type":"NODE_ATTRASGN", "references":["0x7fc96c80a8a8", "0x7fc96c80a6f0"]}
{"address":"0x7fc96c80a8a8", "type":"NODE", "node_type":"NODE_DVAR"}
{"address":"0x7fc96c80a8d0", "type":"NODE", "node_type":"NODE_CREF", "references":["0x7fc96c8fa880", "0x7fc96c80b898"], "flags":{"wb_protected":true, "old":true, "marked":true}}
{"address":"0x7fc96c80a8f8", "type":"DATA", "class":"0x7fc96c833488", "struct":"iseq", "references":["0x7fc96c803be8", "0x7fc96c803be8", "0x7fc96c81b6d0", "0x7fc96c81b6d0", "0x7fc96c80a8d0", "0x7fc96c8fa880"], "memsize":896, "flags":{"wb_protected":true, "old":true, "marked":true}}
{"address":"0x7fc96c80a920", "type":"NODE", "node_type":"NODE_BLOCK", "references":["0x7fc96c80ab50", "0x7fc96c80a650"]}
{"address":"0x7fc96c80a948", "type":"NODE", "node_type":"NODE_ARRAY", "references":["0x7fc96c80aa38"]}
{"address":"0x7fc96c80a970", "type":"NODE", "node_type":"NODE_CREF", "references":["0x7fc96c8fa880", "0x7fc96c80b898"], "flags":{"wb_protected":true, "old":true, "marked":true}}
{"address":"0x7fc96c80a998", "type":"DATA", "class":"0x7fc96c833488", "struct":"iseq", "references":["0x7fc96c80a858", "0x7fc96c80a9c0", "0x7fc96c80a9c0", "0x7fc96c81b6d0", "0x7fc96c81b6d0", "0x7fc96c80a970"], "memsize":1984, "flags":{"wb_protected":true, "old":true, "marked":true}}
{"address":"0x7fc96c80a9c0", "type":"STRING", "class":"0x7fc96c801668", "frozen":true, "fstring":true, "bytesize":23, "capacity":120, "value":"<class:LeveledNotifier>", "memsize":121, "flags":{"wb_protected":true, "old":true, "marked":true}}
{"address":"0x7fc96c80aa10", "type":"STRING", "class":"0x7fc96c801668", "frozen":true, "embedded":true, "fstring":true, "bytesize":7, "value":"mkdir_p", "encoding":"US-ASCII", "flags":{"wb_protected":true, "old":true, "marked":true}}
{"address":"0x7fc96c80aa38", "type":"NODE", "node_type":"NODE_STR", "references":["0x7fc96c81b608"]}
{"address":"0x7fc96c80aa60", "type":"STRING", "class":"0x7fc96c801668", "frozen":true, "embedded":true, "fstring":true, "bytesize":9, "value":"FileUtils", "encoding":"US-ASCII", "flags":{"wb_protected":true, "old":true, "marked":true}}
{"address":"0x7fc96c80aa88", "type":"STRING", "class":"0x7fc96c801668", "embedded":true, "bytesize":5, "value":"2.0.6", "encoding":"UTF-8", "flags":{"wb_protected":true, "old":true, "marked":true}}
{"address":"0x7fc96c80aab0", "type":"STRING", "class":"0x7fc96c801668", "embedded":true, "bytesize":1, "value":"2", "encoding":"UTF-8", "flags":{"wb_protected":true, "old":true, "marked":true}}
{"address":"0x7fc96c80aad8", "type":"NODE", "node_type":"NODE_CREF", "references":["0x7fc96c8faa10", "0x7fc96c80b898"], "flags":{"wb_protected":true, "old":true, "marked":true}}
{"address":"0x7fc96c80ab00", "type":"DATA", "class":"0x7fc96c833488", "struct":"iseq", "references":["0x7fc96c8126c0", "0x7fc96c8126c0", "0x7fc96c81b6d0", "0x7fc96c81b6d0", "0x7fc96c80aad8", "0x7fc96c8faa10"], "memsize":2920, "flags":{"wb_protected":true, "old":true, "marked":true}}
{"address":"0x7fc96c80ab28", "type":"ARRAY", "length":1, "embedded":true, "references":["0x7fc96c0527c8"], "flags":{"wb_protected":true, "old":true, "marked":true}}
{"address":"0x7fc96c80ab50", "type":"NODE", "node_type":"NODE_ATTRASGN", "references":["0x7fc96c80ab78", "0x7fc96c80a948"]}
{"address":"0x7fc96c80ab78", "type":"NODE", "node_type":"NODE_DVAR"}
{"address":"0x7fc96c80aba0", "type":"NODE", "node_type":"NODE_BLOCK", "references":["0x7fc96c80af38", "0x7fc96c80a920"]}
{"address":"0x7fc96c80abc8", "type":"NODE", "node_type":"NODE_CREF", "references":["0x7fc96c8faa10", "0x7fc96c80b898"], "flags":{"wb_protected":true, "old":true, "marked":true}}
{"address":"0x7fc96c80abf0", "type":"DATA", "class":"0x7fc96c833488", "struct":"iseq", "references":["0x7fc96c80ab28", "0x7fc96c036938", "0x7fc96c036938", "0x7fc96c81b6d0", "0x7fc96c81b6d0", "0x7fc96c80abc8", "0x7fc96c8faa10"], "memsize":1360, "flags":{"wb_protected":true, "old":true, "marked":true}}
{"address":"0x7fc96c80ac18", "type":"ARRAY", "length":3, "embedded":true, "references":["0x7fc96c80acb8", "0x7fc96c80abf0", "0x7fc96c80ab00"], "flags":{"wb_protected":true, "old":true, "marked":true}}
{"address":"0x7fc96c80ac40", "type":"NODE", "node_type":"NODE_ARRAY", "references":["0x7fc96c80ace0"]}
{"address":"0x7fc96c80ac90", "type":"NODE", "node_type":"NODE_CREF", "references":["0x7fc96c8faa10", "0x7fc96c80b898"], "flags":{"wb_protected":true, "old":true, "marked":true}}
{"address":"0x7fc96c80acb8", "type":"DATA", "class":"0x7fc96c833488", "struct":"iseq", "references":["0x7fc96c803be8", "0x7fc96c803be8", "0x7fc96c81b6d0", "0x7fc96c81b6d0", "0x7fc96c80ac90", "0x7fc96c8faa10"], "memsize":1272, "flags":{"wb_protected":true, "old":true, "marked":true}}
{"address":"0x7fc96c80ace0", "type":"NODE", "node_type":"NODE_CALL", "references":["0x7fc96c80ae98", "0x7fc96c80ad08"]}
{"address":"0x7fc96c80ad08", "type":"NODE", "node_type":"NODE_ARRAY", "references":["0x7fc96c80add0"]}
{"address":"0x7fc96c80ad30", "type":"STRING", "class":"0x7fc96c801668", "frozen":true, "embedded":true, "fstring":true, "bytesize":6, "value":"subdir", "encoding":"US-ASCII", "flags":{"wb_protected":true, "old":true, "marked":true}}
{"address":"0x7fc96c80ad58", "type":"NODE", "node_type":"NODE_CREF", "references":["0x7fc96c8faa10", "0x7fc96c80b898"], "flags":{"wb_protected":true, "old":true, "marked":true}}
{"address":"0x7fc96c80ad80", "type":"DATA", "class":"0x7fc96c833488", "struct":"iseq", "references":["0x7fc96c80ac18", "0x7fc96c80ada8", "0x7fc96c80ada8", "0x7fc96c81b6d0", "0x7fc96c81b6d0", "0x7fc96c80ad58"], "memsize":2536, "flags":{"wb_protected":true, "old":true, "marked":true}}
{"address":"0x7fc96c80ada8", "type":"STRING", "class":"0x7fc96c801668", "frozen":true, "fstring":true, "bytesize":25, "capacity":120, "value":"<class:CompositeNotifier>", "memsize":121, "flags":{"wb_protected":true, "old":true, "marked":true}}
{"address":"0x7fc96c80add0", "type":"NODE", "node_type":"NODE_STR", "references":["0x7fc96c903200"]}
{"address":"0x7fc96c80adf8", "type":"STRING", "class":"0x7fc96c801668", "embedded":true, "bytesize":8, "value":">= 1.8.7", "encoding":"UTF-8", "flags":{"wb_protected":true, "old":true, "marked":true}}
{"address":"0x7fc96c80ae20", "type":"STRING", "class":"0x7fc96c801668", "bytesize":34, "value":"  s.rubyforge_project = \"net-ssh\"\n", "encoding":"UTF-8", "memsize":35, "flags":{"wb_protected":true, "old":true, "marked":true}}
{"address":"0x7fc96c80ae48", "type":"NODE", "node_type":"NODE_CREF", "references":["0x7fc96c8fab50", "0x7fc96c80b898"], "flags":{"wb_protected":true, "old":true, "marked":true}}
{"address":"0x7fc96c80ae70", "type":"DATA", "class":"0x7fc96c833488", "struct":"iseq", "references":["0x7fc96c02f4f8", "0x7fc96c02f4f8", "0x7fc96c81b6d0", "0x7fc96c81b6d0", "0x7fc96c80ae48", "0x7fc96c8fab50"], "memsize":944, "flags":{"wb_protected":true, "old":true, "marked":true}}
{"address":"0x7fc96c80ae98", "type":"NODE", "node_type":"NODE_COLON2", "references":["0x7fc96c80aec0"]}
{"address":"0x7fc96c80aec0", "type":"NODE", "node_type":"NODE_CONST"}
{"address":"0x7fc96c80aee8", "type":"NODE", "node_type":"NODE_CREF", "references":["0x7fc96c8fab50", "0x7fc96c80b898"], "flags":{"wb_protected":true, "old":true, "marked":true}}
{"address":"0x7fc96c80af10", "type":"DATA", "class":"0x7fc96c833488", "struct":"iseq", "references":["0x7fc96c818660", "0x7fc96c818660", "0x7fc96c81b6d0", "0x7fc96c81b6d0", "0x7fc96c80aee8", "0x7fc96c8fab50"], "memsize":1264, "flags":{"wb_protected":true, "old":true, "marked":true}}
{"address":"0x7fc96c80af38", "type":"NODE", "node_type":"NODE_ATTRASGN", "references":["0x7fc96c80af60", "0x7fc96c80ac40"]}
{"address":"0x7fc96c80af60", "type":"NODE", "node_type":"NODE_DVAR"}
{"address":"0x7fc96c80af88", "type":"NODE", "node_type":"NODE_CREF", "references":["0x7fc96c8fab50", "0x7fc96c80b898"], "flags":{"wb_protected":true, "old":true, "marked":true}}
{"address":"0x7fc96c80afb0", "type":"DATA", "class":"0x7fc96c833488", "struct":"iseq", "references":["0x7fc96c8716c0", "0x7fc96c8716c0", "0x7fc96c81b6d0", "0x7fc96c81b6d0", "0x7fc96c80af88", "0x7fc96c8fab50"], "memsize":1080, "flags":{"wb_protected":true, "old":true, "marked":true}}
{"address":"0x7fc96c80afd8", "type":"NODE", "node_type":"NODE_BLOCK", "references":["0x7fc96c80b168", "0x7fc96c80aba0"]}
{"address":"0x7fc96c80b000", "type":"ARRAY", "length":1, "embedded":true, "references":["0x7fc96c80b0c8"], "flags":{"wb_protected":true, "old":true, "marked":true}}
{"address":"0x7fc96c80b028", "type":"NODE", "node_type":"NODE_ARRAY", "references":["0x7fc96c80b078"]}
{"address":"0x7fc96c80b050", "type":"STRING", "class":"0x7fc96c801668", "frozen":true, "embedded":true, "bytesize":1, "value":"&", "encoding":"UTF-8", "flags":{"wb_protected":true, "old":true, "marked":true}}
{"address":"0x7fc96c80b078", "type":"NODE", "node_type":"NODE_ARRAY", "references":["0x7fc96c80b0a0"]}
{"address":"0x7fc96c80b0a0", "type":"NODE", "node_type":"NODE_STR", "references":["0x7fc96c0536a0"]}
{"address":"0x7fc96c80b0c8", "type":"DATA", "class":"0x7fc96c833488", "struct":"iseq", "references":["0x7fc96c80b0f0", "0x7fc96c843b80", "0x7fc96c81b6d0", "0x7fc96c81b6d0", "0x7fc96c80b190"], "memsize":1016, "flags":{"wb_protected":true, "old":true, "marked":true}}
{"address":"0x7fc96c80b0f0", "type":"STRING", "class":"0x7fc96c801668", "frozen":true, "fstring":true, "bytesize":13, "capacity":120, "value":"block in puts", "memsize":121, "flags":{"wb_protected":true, "old":true, "marked":true}}
{"address":"0x7fc96c80b118", "type":"STRING", "class":"0x7fc96c801668", "embedded":true, "bytesize":3, "value":"lib", "encoding":"UTF-8", "flags":{"wb_protected":true, "old":true, "marked":true}}
{"address":"0x7fc96c80b140", "type":"HASH", "class":"0x7fc96c849918", "size":1, "references":["0x7fc96c8fb7d0", "0x7fc96c8fb910"], "memsize":192, "flags":{"wb_protected":true, "old":true, "remembered":true, "marked":true}}
{"address":"0x7fc96c80b168", "type":"NODE", "node_type":"NODE_ATTRASGN", "references":["0x7fc96c80b208", "0x7fc96c80b028"]}
{"address":"0x7fc96c80b190", "type":"NODE", "node_type":"NODE_CREF", "references":["0x7fc96c8fab50", "0x7fc96c80b898"], "flags":{"wb_protected":true, "old":true, "marked":true}}
{"address":"0x7fc96c80b1b8", "type":"DATA", "class":"0x7fc96c833488", "struct":"iseq", "references":["0x7fc96c80b000", "0x7fc96c843b80", "0x7fc96c843b80", "0x7fc96c81b6d0", "0x7fc96c81b6d0", "0x7fc96c80b190", "0x7fc96c8fab50"], "memsize":1200, "flags":{"wb_protected":true, "old":true, "marked":true}}
{"address":"0x7fc96c80b1e0", "type":"STRING", "class":"0x7fc96c801668", "frozen":true, "embedded":true, "fstring":true, "bytesize":7, "value":"refresh", "encoding":"US-ASCII", "flags":{"wb_protected":true, "old":true, "marked":true}}
{"address":"0x7fc96c80b208", "type":"NODE", "node_type":"NODE_DVAR"}
{"address":"0x7fc96c80b230", "type":"NODE", "node_type":"NODE_BLOCK", "references":["0x7fc96c80b500", "0x7fc96c80afd8"]}
{"address":"0x7fc96c80b258", "type":"NODE", "node_type":"NODE_CREF", "references":["0x7fc96c8fab50", "0x7fc96c80b898"], "flags":{"wb_protected":true, "old":true, "marked":true}}
{"address":"0x7fc96c80b280", "type":"DATA", "class":"0x7fc96c833488", "struct":"iseq", "references":["0x7fc96c843bf8", "0x7fc96c843bf8", "0x7fc96c81b6d0", "0x7fc96c81b6d0", "0x7fc96c80b258", "0x7fc96c8fab50"], "memsize":1328, "flags":{"wb_protected":true, "old":true, "marked":true}}
{"address":"0x7fc96c80b2a8", "type":"NODE", "node_type":"NODE_ARRAY", "references":["0x7fc96c80b348"]}
{"address":"0x7fc96c80b2d0", "type":"ARRAY", "class":"0x7fc96c84a048", "length":5, "references":["0x7fc96c80aab0", "0x7fc96c80a7e0", "0x7fc96c80a628", "0x7fc96c80a2b8", "0x7fc96c80a100"], "memsize":160, "flags":{"wb_protected":true, "old":true, "marked":true}}
{"address":"0x7fc96c80b2f8", "type":"NODE", "node_type":"NODE_CREF", "references":["0x7fc96c8fab50", "0x7fc96c80b898"], "flags":{"wb_protected":true, "old":true, "marked":true}}
{"address":"0x7fc96c80b320", "type":"DATA", "class":"0x7fc96c833488", "struct":"iseq", "references":["0x7fc96c819538", "0x7fc96c819538", "0x7fc96c81b6d0", "0x7fc96c81b6d0", "0x7fc96c80b2f8", "0x7fc96c8fab50"], "memsize":1144, "flags":{"wb_protected":true, "old":true, "marked":true}}
{"address":"0x7fc96c80b348", "type":"NODE", "node_type":"NODE_ARRAY", "references":["0x7fc96c80b370"]}
{"address":"0x7fc96c80b370", "type":"NODE", "node_type":"NODE_STR", "references":["0x7fc96c903228"]}
{"address":"0x7fc96c80b398", "type":"NODE", "node_type":"NODE_CREF", "references":["0x7fc96c8fab50", "0x7fc96c80b898"], "flags":{"wb_protected":true, "old":true, "marked":true}}
{"address":"0x7fc96c80b3c0", "type":"DATA", "class":"0x7fc96c833488", "struct":"iseq", "references":["0x7fc96c843bd0", "0x7fc96c843bd0", "0x7fc96c81b6d0", "0x7fc96c81b6d0", "0x7fc96c80b398", "0x7fc96c8fab50"], "memsize":1144, "flags":{"wb_protected":true, "old":true, "marked":true}}
{"address":"0x7fc96c80b3e8", "type":"STRING", "class":"0x7fc96c801668", "embedded":true, "bytesize":3, "value":"MIT", "encoding":"UTF-8", "flags":{"wb_protected":true, "old":true, "marked":true}}
{"address":"0x7fc96c80b410", "type":"OBJECT", "class":"0x7fc96c8f82d8", "ivars":3, "references":["0x7fc96c80b140", "0x7fc96c810960"], "flags":{"wb_protected":true, "old":true, "marked":true}}
{"address":"0x7fc96c80b438", "type":"STRING", "class":"0x7fc96c801668", "frozen":true, "embedded":true, "fstring":true, "bytesize":9, "value":"old_umask", "encoding":"US-ASCII", "flags":{"wb_protected":true, "old":true, "marked":true}}
{"address":"0x7fc96c80b460", "type":"NODE", "node_type":"NODE_CREF", "references":["0x7fc96c8fab50", "0x7fc96c80b898"], "flags":{"wb_protected":true, "old":true, "marked":true}}
{"address":"0x7fc96c80b488", "type":"DATA", "class":"0x7fc96c833488", "struct":"iseq", "references":["0x7fc96c819a60", "0x7fc96c819a60", "0x7fc96c81b6d0", "0x7fc96c81b6d0", "0x7fc96c80b460", "0x7fc96c8fab50"], "memsize":488, "flags":{"wb_protected":true, "old":true, "marked":true}}
{"address":"0x7fc96c80b4b0", "type":"ARRAY", "length":9, "references":["0x7fc96c80b5a0", "0x7fc96c80b488", "0x7fc96c80b3c0", "0x7fc96c80b320", "0x7fc96c80b280", "0x7fc96c80b1b8", "0x7fc96c80afb0", "0x7fc96c80af10", "0x7fc96c80ae70"], "memsize":160, "flags":{"wb_protected":true, "old":true, "marked":true}}
{"address":"0x7fc96c80b4d8", "type":"STRING", "class":"0x7fc96c801668", "frozen":true, "embedded":true, "fstring":true, "bytesize":7, "value":"subdirs", "encoding":"US-ASCII", "flags":{"wb_protected":true, "old":true, "marked":true}}
{"address":"0x7fc96c80b500", "type":"NODE", "node_type":"NODE_ATTRASGN", "references":["0x7fc96c80b528", "0x7fc96c80b2a8"]}
{"address":"0x7fc96c80b528", "type":"NODE", "node_type":"NODE_DVAR"}
{"address":"0x7fc96c80b550", "type":"NODE", "node_type":"NODE_CREF", "references":["0x7fc96c8fab50", "0x7fc96c80b898"], "flags":{"wb_protected":true, "old":true, "marked":true}}
{"address":"0x7fc96c80b578", "type":"NODE", "node_type":"NODE_BLOCK", "references":["0x7fc96c80b758", "0x7fc96c80b230"]}
{"address":"0x7fc96c80b5a0", "type":"DATA", "class":"0x7fc96c833488", "struct":"iseq", "references":["0x7fc96c803be8", "0x7fc96c803be8", "0x7fc96c81b6d0", "0x7fc96c81b6d0", "0x7fc96c80b550", "0x7fc96c8fab50"], "memsize":736, "flags":{"wb_protected":true, "old":true, "marked":true}}
{"address":"0x7fc96c80b5c8", "type":"NODE", "node_type":"NODE_ARRAY", "references":["0x7fc96c80b640"]}
{"address":"0x7fc96c80b5f0", "type":"STRING", "class":"0x7fc96c801668", "embedded":true, "bytesize":5, "value":"2.2.0", "encoding":"UTF-8", "flags":{"wb_protected":true, "old":true, "marked":true}}
{"address":"0x7fc96c80b618", "type":"NODE", "node_type":"NODE_CREF", "references":["0x7fc96c8fab50", "0x7fc96c80b898"], "flags":{"wb_protected":true, "old":true, "marked":true}}
{"address":"0x7fc96c80b640", "type":"NODE", "node_type":"NODE_STR", "references":["0x7fc96c903250"]}
{"address":"0x7fc96c80b668", "type":"DATA", "class":"0x7fc96c833488", "struct":"iseq", "references":["0x7fc96c80b4b0", "0x7fc96c80b690", "0x7fc96c80b690", "0x7fc96c81b6d0", "0x7fc96c81b6d0", "0x7fc96c80b618"], "memsize":3600, "flags":{"wb_protected":true, "old":true, "marked":true}}
{"address":"0x7fc96c80b690", "type":"STRING", "class":"0x7fc96c801668", "frozen":true, "fstring":true, "bytesize":24, "capacity":120, "value":"<class:AbstractNotifier>", "memsize":121, "flags":{"wb_protected":true, "old":true, "marked":true}}
{"address":"0x7fc96c80b6b8", "type":"STRING", "class":"0x7fc96c801668", "embedded":true, "bytesize":21, "value":"http://gembundler.com", "encoding":"UTF-8", "flags":{"wb_protected":true, "old":true, "marked":true}}
{"address":"0x7fc96c80b6e0", "type":"ARRAY", "length":7, "references":["0x7fc96c80b7d0", "0x7fc96c80b668", "0x7fc96c80ad80", "0x7fc96c80a998", "0x7fc96c80a6a0", "0x7fc96c80b820", "0x7fc96c80b7f8"], "memsize":160, "flags":{"wb_protected":true, "old":true, "marked":true}}
{"address":"0x7fc96c80b708", "type":"ARRAY", "length":1, "embedded":true, "references":["0x7fc96c0527c8"], "flags":{"wb_protected":true, "old":true, "marked":true}}
{"address":"0x7fc96c80b758", "type":"NODE", "node_type":"NODE_ATTRASGN", "references":["0x7fc96c80b780", "0x7fc96c80b5c8"]}
{"address":"0x7fc96c80b780", "type":"NODE", "node_type":"NODE_DVAR"}
{"address":"0x7fc96c80b7a8", "type":"NODE", "node_type":"NODE_CREF", "references":["0x7fc96c8fbb90", "0x7fc96c80b9d8"], "flags":{"wb_protected":true, "old":true, "marked":true}}
{"address":"0x7fc96c80b7d0", "type":"DATA", "class":"0x7fc96c833488", "struct":"iseq", "references":["0x7fc96c80b708", "0x7fc96c036938", "0x7fc96c036938", "0x7fc96c81b6d0", "0x7fc96c81b6d0", "0x7fc96c80b7a8", "0x7fc96c8fbb90"], "memsize":1216, "flags":{"wb_protected":true, "old":true, "marked":true}}
{"address":"0x7fc96c80b7f8", "type":"STRING", "class":"0x7fc96c801668", "frozen":true, "fstring":true, "bytesize":44, "value":"unrecognized notifier level: %s is specified", "encoding":"UTF-8", "memsize":45, "flags":{"wb_protected":true, "old":true, "marked":true}}
{"address":"0x7fc96c80b820", "type":"STRING", "class":"0x7fc96c801668", "frozen":true, "fstring":true, "bytesize":41, "value":"undefined notifier level: %d is specified", "encoding":"UTF-8", "memsize":42, "flags":{"wb_protected":true, "old":true, "marked":true}}
{"address":"0x7fc96c80b848", "type":"NODE", "node_type":"NODE_BLOCK", "references":["0x7fc96c80bb18", "0x7fc96c80b578"]}
{"address":"0x7fc96c80b870", "type":"NODE", "node_type":"NODE_ARRAY", "references":["0x7fc96c80b960"]}
{"address":"0x7fc96c80b898", "type":"NODE", "node_type":"NODE_CREF", "references":["0x7fc96c8fbb90", "0x7fc96c80b9d8"], "flags":{"wb_protected":true, "old":true, "marked":true}}
{"address":"0x7fc96c80b8c0", "type":"DATA", "class":"0x7fc96c833488", "struct":"iseq", "references":["0x7fc96c80b6e0", "0x7fc96c80b910", "0x7fc96c80b910", "0x7fc96c81b6d0", "0x7fc96c81b6d0", "0x7fc96c80b898"], "memsize":3368, "flags":{"wb_protected":true, "old":true, "marked":true}}
{"address":"0x7fc96c80b8e8", "type":"STRING", "class":"0x7fc96c801668", "frozen":true, "fstring":true, "bytesize":33, "value":"ensure_default_gem_subdirectories", "encoding":"US-ASCII", "memsize":34, "flags":{"wb_protected":true, "old":true, "marked":true}}
{"address":"0x7fc96c80b910", "type":"STRING", "class":"0x7fc96c801668", "frozen":true, "fstring":true, "bytesize":17, "capacity":120, "value":"<module:Notifier>", "memsize":121, "flags":{"wb_protected":true, "old":true, "marked":true}}
{"address":"0x7fc96c80b938", "type":"STRING", "class":"0x7fc96c801668", "bytesize":26, "value":"# -*- encoding: utf-8 -*-\n", "encoding":"UTF-8", "memsize":27, "flags":{"wb_protected":true, "old":true, "marked":true}}
{"address":"0x7fc96c80b960", "type":"NODE", "node_type":"NODE_ARRAY", "references":["0x7fc96c80b988"]}
{"address":"0x7fc96c80b988", "type":"NODE", "node_type":"NODE_STR", "references":["0x7fc96c903278"]}
{"address":"0x7fc96c80b9b0", "type":"REGEXP", "class":"0x7fc96c8491e8", "references":["0x7fc96c8184d0"], "memsize":488, "flags":{"wb_protected":true, "old":true, "marked":true}}
{"address":"0x7fc96c80b9d8", "type":"NODE", "node_type":"NODE_CREF", "references":["0x7fc96c8698a8", "0x7fc96c80bac8"], "flags":{"wb_protected":true, "old":true, "marked":true}}
{"address":"0x7fc96c80ba00", "type":"DATA", "class":"0x7fc96c833488", "struct":"iseq", "references":["0x7fc96c80a3f8", "0x7fc96c0664d0", "0x7fc96c0664d0", "0x7fc96c81b6d0", "0x7fc96c81b6d0", "0x7fc96c80b9d8"], "memsize":568, "flags":{"wb_protected":true, "old":true, "marked":true}}
{"address":"0x7fc96c80ba28", "type":"STRING", "class":"0x7fc96c801668", "bytesize":12, "capacity":120, "value":"<module:IRB>", "memsize":121, "flags":{"wb_protected":true, "old":true, "marked":true}}
{"address":"0x7fc96c80ba50", "type":"STRING", "class":"0x7fc96c801668", "frozen":true, "embedded":true, "fstring":true, "bytesize":17, "value":"irb/output-method", "encoding":"UTF-8", "flags":{"wb_protected":true, "old":true, "marked":true}}
{"address":"0x7fc96c80ba78", "type":"STRING", "class":"0x7fc96c801668", "embedded":true, "bytesize":10, "value":"bin/bundle", "encoding":"UTF-8", "flags":{"wb_protected":true, "old":true, "marked":true}}
{"address":"0x7fc96c80bac8", "type":"NODE", "node_type":"NODE_CREF", "references":["0x7fc96c803788"], "flags":{"wb_protected":true, "old":true, "marked":true}}
{"address":"0x7fc96c80baf0", "type":"DATA", "class":"0x7fc96c833488", "struct":"iseq", "references":["0x7fc96c80a3a8", "0x7fc96c047850", "0x7fc96c047850", "0x7fc96c81b6d0", "0x7fc96c81b6d0", "0x7fc96c80bac8"], "memsize":976, "flags":{"wb_protected":true, "old":true, "marked":true}}
{"address":"0x7fc96c80bb18", "type":"NODE", "node_type":"NODE_ATTRASGN", "references":["0x7fc96c80bb40", "0x7fc96c80b870"]}
{"address":"0x7fc96c80bb40", "type":"NODE", "node_type":"NODE_DVAR"}
{"address":"0x7fc96c80bb68", "type":"NODE", "node_type":"NODE_BLOCK", "references":["0x7fc96c80bc80", "0x7fc96c80b848"]}
{"address":"0x7fc96c80bb90", "type":"NODE", "node_type":"NODE_ARRAY", "references":["0x7fc96c80bbe0"]}
{"address":"0x7fc96c80bbe0", "type":"NODE", "node_type":"NODE_ARRAY", "references":["0x7fc96c80bc08"]}
{"address":"0x7fc96c80bc08", "type":"NODE", "node_type":"NODE_STR", "references":["0x7fc96c9032a0"]}
{"address":"0x7fc96c80bc30", "type":"STRING", "class":"0x7fc96c801668", "embedded":true, "bytesize":6, "value":"bundle", "encoding":"UTF-8", "flags":{"wb_protected":true, "old":true, "marked":true}}
{"address":"0x7fc96c80bc58", "type":"STRING", "class":"0x7fc96c801668", "embedded":true, "bytesize":5, "value":"2.2.0", "encoding":"UTF-8", "flags":{"wb_protected":true, "old":true, "marked":true}}
{"address":"0x7fc96c80bc80", "type":"NODE", "node_type":"NODE_ATTRASGN", "references":["0x7fc96c80bcd0", "0x7fc96c80bb90"]}
{"address":"0x7fc96c80bca8", "type":"STRING", "class":"0x7fc96c801668", "frozen":true, "embedded":true, "fstring":true, "bytesize":21, "value":"ensure_subdirectories", "encoding":"US-ASCII", "flags":{"wb_protected":true, "old":true, "marked":true}}
{"address":"0x7fc96c80bcd0", "type":"NODE", "node_type":"NODE_DVAR"}
{"address":"0x7fc96c80bcf8", "type":"NODE", "node_type":"NODE_BLOCK", "references":["0x7fc96c80be10", "0x7fc96c80bb68"]}
{"address":"0x7fc96c80bd20", "type":"NODE", "node_type":"NODE_ARRAY", "references":["0x7fc96c80bd70"]}
{"address":"0x7fc96c80bd48", "type":"STRING", "class":"0x7fc96c801668", "frozen":true, "fstring":true, "bytesize":77, "value":"/Users/antoine/.rvm/gems/ruby-2.0.0-p247/specifications/net-ssh-2.7.0.gemspec", "encoding":"UTF-8", "memsize":78, "flags":{"wb_protected":true, "old":true, "marked":true}}
{"address":"0x7fc96c80bd70", "type":"NODE", "node_type":"NODE_ARRAY", "references":["0x7fc96c80bd98"]}
{"address":"0x7fc96c80bd98", "type":"NODE", "node_type":"NODE_STR", "references":["0x7fc96c9032c8"]}
{"address":"0x7fc96c80bdc0", "type":"STRING", "class":"0x7fc96c801668", "embedded":true, "bytesize":14, "value":"andre@arko.net", "encoding":"UTF-8", "flags":{"wb_protected":true, "old":true, "marked":true}}
{"address":"0x7fc96c80bde8", "type":"STRING", "class":"0x7fc96c801668", "embedded":true, "bytesize":7, "value":"net-ssh", "encoding":"UTF-8", "flags":{"wb_protected":true, "old":true, "marked":true}}
{"address":"0x7fc96c80be10", "type":"NODE", "node_type":"NODE_ATTRASGN", "references":["0x7fc96c80be60", "0x7fc96c80bd20"]}
{"address":"0x7fc96c80be38", "type":"STRING", "class":"0x7fc96c801668", "frozen":true, "fstring":true, "bytesize":25, "value":"ensure_gem_subdirectories", "encoding":"US-ASCII", "memsize":26, "flags":{"wb_protected":true, "old":true, "marked":true}}
{"address":"0x7fc96c80be60", "type":"NODE", "node_type":"NODE_DVAR"}
{"address":"0x7fc96c80be88", "type":"NODE", "node_type":"NODE_BLOCK", "references":["0x7fc96c80bfa0", "0x7fc96c80bcf8"]}
{"address":"0x7fc96c80beb0", "type":"NODE", "node_type":"NODE_ARRAY", "references":["0x7fc96c80bf28"]}
{"address":"0x7fc96c80bf00", "type":"STRING", "class":"0x7fc96c801668", "embedded":true, "bytesize":6, "value":"    #\n", "encoding":"UTF-8", "flags":{"wb_protected":true, "old":true, "marked":true}}
{"address":"0x7fc96c80bf28", "type":"NODE", "node_type":"NODE_STR", "references":["0x7fc96c9032f0"]}
{"address":"0x7fc96c80bf50", "type":"STRING", "class":"0x7fc96c801668", "shared":true, "encoding":"UTF-8", "references":["0x7fc96c9032f0"], "flags":{"wb_protected":true, "old":true, "marked":true}}
{"address":"0x7fc96c80bfa0", "type":"NODE", "node_type":"NODE_ATTRASGN", "references":["0x7fc96c813958", "0x7fc96c80beb0"]}
{"address":"0x7fc96c810028", "type":"STRING", "class":"0x7fc96c801668", "embedded":true, "bytesize":10, "value":"2013-04-04", "encoding":"UTF-8", "flags":{"wb_protected":true, "old":true, "marked":true}}
{"address":"0x7fc96c810050", "type":"STRING", "class":"0x7fc96c801668", "shared":true, "encoding":"UTF-8", "references":["0x7fc96d81cca0"], "flags":{"wb_protected":true, "old":true, "marked":true}}
{"address":"0x7fc96c810078", "type":"NODE", "node_type":"NODE_ATTRASGN", "references":["0x7fc96c8100a0", "0x7fc96c811798"]}
{"address":"0x7fc96c8100a0", "type":"NODE", "node_type":"NODE_DVAR"}
{"address":"0x7fc96c8100c8", "type":"NODE", "node_type":"NODE_BLOCK", "references":["0x7fc96c810988", "0x7fc96c8132c8"]}
{"address":"0x7fc96c8100f0", "type":"NODE", "node_type":"NODE_ARRAY", "references":["0x7fc96c810758"]}
{"address":"0x7fc96c810118", "type":"STRING", "class":"0x7fc96c801668", "embedded":true, "bytesize":1, "value":"\n", "encoding":"UTF-8", "flags":{"wb_protected":true, "old":true, "marked":true}}
{"address":"0x7fc96c810140", "type":"STRING", "class":"0x7fc96c801668", "embedded":true, "bytesize":16, "value":"<top (required)>", "flags":{"wb_protected":true, "old":true, "marked":true}}
{"address":"0x7fc96c810190", "type":"STRING", "class":"0x7fc96c801668", "shared":true, "encoding":"UTF-8", "references":["0x7fc96c813020"], "flags":{"wb_protected":true, "old":true, "marked":true}}
{"address":"0x7fc96c8101e0", "type":"STRING", "class":"0x7fc96c801668", "frozen":true, "embedded":true, "fstring":true, "bytesize":14, "value":"spec_cache_dir", "encoding":"US-ASCII", "flags":{"wb_protected":true, "old":true, "marked":true}}
{"address":"0x7fc96c810208", "type":"STRING", "class":"0x7fc96c801668", "frozen":true, "bytesize":77, "value":"/Users/antoine/.rvm/gems/ruby-2.0.0-p247/specifications/net-ssh-2.7.0.gemspec", "encoding":"UTF-8", "memsize":78, "flags":{"wb_protected":true, "old":true, "marked":true}}
{"address":"0x7fc96c810230", "type":"ARRAY", "class":"0x7fc96c84a048", "length":0, "flags":{"wb_protected":true, "old":true, "marked":true}}
{"address":"0x7fc96c810258", "type":"OBJECT", "class":"0x7fc96d077a68", "ivars":14, "references":["0x7fc96c828d80", "0x7fc96c879b40", "0x7fc96c879cf8", "0x7fc96c879d70", "0x7fc96c8fbfa0", "0x7fc96c810230", "0x7fc96c8fbfa0", "0x7fc96c8c82e0", "0x7fc96c8fa6c8", "0x7fc96c8fa448", "0x7fc96c8f8c88"], "memsize":112, "flags":{"wb_protected":true, "old":true, "marked":true}}
{"address":"0x7fc96c810280", "type":"NODE", "node_type":"NODE_ARRAY", "references":["0x7fc96c810348"]}
{"address":"0x7fc96c8102a8", "type":"STRING", "class":"0x7fc96c801668", "frozen":true, "embedded":true, "bytesize":13, "value":"net-scp-1.1.2", "encoding":"UTF-8", "flags":{"wb_protected":true, "old":true, "marked":true}}
{"address":"0x7fc96c8102f8", "type":"STRING", "class":"0x7fc96c801668", "embedded":true, "bytesize":5, "value":"1.1.2", "encoding":"UTF-8", "flags":{"wb_protected":true, "old":true, "marked":true}}
{"address":"0x7fc96c810320", "type":"STRING", "class":"0x7fc96c801668", "shared":true, "encoding":"US-ASCII", "references":["0x7fc96d857968"], "flags":{"wb_protected":true, "old":true, "marked":true}}
{"address":"0x7fc96c810348", "type":"NODE", "node_type":"NODE_STR", "references":["0x7fc96c903368"]}
{"address":"0x7fc96c810370", "type":"DATA", "class":"0x7fc96c841150", "struct":"time", "memsize":88, "flags":{"remembered":true}}
{"address":"0x7fc96c8103c0", "type":"STRING", "class":"0x7fc96c801668", "embedded":true, "bytesize":11, "value":"Yehuda Katz", "encoding":"UTF-8", "flags":{"wb_protected":true, "old":true, "marked":true}}
{"address":"0x7fc96c810410", "type":"STRING", "class":"0x7fc96c801668", "shared":true, "encoding":"UTF-8", "references":["0x7fc96c810208"], "flags":{"wb_protected":true, "old":true, "marked":true}}
{"address":"0x7fc96c810460", "type":"STRING", "class":"0x7fc96c801668", "frozen":true, "embedded":true, "bytesize":1, "value":"&", "encoding":"UTF-8", "flags":{"wb_protected":true, "old":true, "marked":true}}
{"address":"0x7fc96c810488", "type":"HASH", "class":"0x7fc96c849918", "size":2, "references":["0x7fc96c80b050", "0x7fc96c80b410", "0x7fc96c902648", "0x7fc96c9026e8"], "memsize":192, "flags":{"wb_protected":true, "old":true, "remembered":true, "marked":true}}
{"address":"0x7fc96c8104b0", "type":"OBJECT", "class":"0x7fc96c8f82d8", "ivars":3, "references":["0x7fc96c810488", "0x7fc96c810960"], "flags":{"wb_protected":true, "old":true, "marked":true}}
{"address":"0x7fc96c8104d8", "type":"NODE", "node_type":"NODE_ARRAY", "references":["0x7fc96c810578", "0x7fc96c810280"]}
{"address":"0x7fc96c810500", "type":"ARRAY", "class":"0x7fc96c84a048", "length":1, "embedded":true, "references":["0x7fc96c8c1e90"], "flags":{"wb_protected":true, "old":true, "marked":true}}
{"address":"0x7fc96c810578", "type":"NODE", "node_type":"NODE_STR", "references":["0x7fc96c9033b8"]}
{"address":"0x7fc96c8105a0", "type":"OBJECT", "class":"0x7fc96c8c2688", "ivars":3, "references":["0x7fc96c810500"], "flags":{"wb_protected":true, "old":true, "marked":true}}
{"address":"0x7fc96c8105c8", "type":"STRING", "class":"0x7fc96c801668", "embedded":true, "bytesize":11, "value":"Carl Lerche", "encoding":"UTF-8", "flags":{"wb_protected":true, "old":true, "marked":true}}
{"address":"0x7fc96c8105f0", "type":"STRING", "class":"0x7fc96c801668", "embedded":true, "bytesize":9, "value":"r:UTF-8:-", "encoding":"UTF-8", "flags":{"wb_protected":true, "old":true, "marked":true}}
{"address":"0x7fc96c810618", "type":"NODE", "node_type":"NODE_ARRAY", "references":["0x7fc96c810640", "0x7fc96c8104d8"]}
{"address":"0x7fc96c810640", "type":"NODE", "node_type":"NODE_STR", "references":["0x7fc96c9033e0"]}
{"address":"0x7fc96c810668", "type":"STRING", "class":"0x7fc96c801668", "embedded":true, "bytesize":11, "value":"Terence Lee", "encoding":"UTF-8", "flags":{"wb_protected":true, "old":true, "marked":true}}
{"address":"0x7fc96c8106b8", "type":"OBJECT", "class":"0x7fc96d077ae0", "ivars":5, "references":["0x7fc96c810898", "0x7fc96c8105a0", "0x7fc96c8105a0"], "memsize":40, "flags":{"wb_protected":true, "old":true, "marked":true}}
{"address":"0x7fc96c810708", "type":"ARRAY", "class":"0x7fc96c84a048", "length":1, "embedded":true, "references":["0x7fc96c810870"], "flags":{"wb_protected":true, "old":true, "marked":true}}
{"address":"0x7fc96c810730", "type":"HASH", "class":"0x7fc96c849918", "size":1, "references":["0x7fc96c8105f0"], "memsize":192, "flags":{"wb_protected":true, "old":true, "marked":true}}
{"address":"0x7fc96c810758", "type":"NODE", "node_type":"NODE_ARRAY", "references":["0x7fc96c810848", "0x7fc96c810618"]}
{"address":"0x7fc96c810780", "type":"NODE", "node_type":"NODE_STR", "references":["0x7fc96c903318"]}
{"address":"0x7fc96c810820", "type":"STRING", "class":"0x7fc96c801668", "frozen":true, "embedded":true, "fstring":true, "bytesize":4, "value":"dirs", "encoding":"US-ASCII", "flags":{"wb_protected":true, "old":true, "marked":true}}
{"address":"0x7fc96c810848", "type":"NODE", "node_type":"NODE_STR", "references":["0x7fc96c903430"]}
{"address":"0x7fc96c810870", "type":"STRING", "class":"0x7fc96c801668", "embedded":true, "bytesize":18, "value":"Mitchell Hashimoto", "encoding":"UTF-8", "flags":{"wb_protected":true, "old":true, "marked":true}}
{"address":"0x7fc96c810898", "type":"STRING", "class":"0x7fc96c801668", "embedded":true, "bytesize":5, "value":"mocha", "encoding":"UTF-8", "flags":{"wb_protected":true, "old":true, "marked":true}}
{"address":"0x7fc96c8108c0", "type":"ARRAY", "class":"0x7fc96c84a048", "length":1, "embedded":true, "references":["0x7fc96c810910"], "flags":{"wb_protected":true, "old":true, "marked":true}}
{"address":"0x7fc96c8108e8", "type":"STRING", "class":"0x7fc96c801668", "embedded":true, "bytesize":11, "encoding":"UTF-8", "flags":{"wb_protected":true, "old":true, "marked":true}}
{"address":"0x7fc96c810910", "type":"STRING", "class":"0x7fc96c801668", "embedded":true, "bytesize":3, "value":"lib", "encoding":"UTF-8", "flags":{"wb_protected":true, "old":true, "marked":true}}
{"address":"0x7fc96c810960", "type":"DATA", "class":"0x7fc96c83b020", "struct":"proc", "references":["0x7fc96c821bc0", "0x7fc96c810960", "0x7fc96c821df0"], "memsize":72, "flags":{"remembered":true}}
{"address":"0x7fc96c810988", "type":"NODE", "node_type":"NODE_ATTRASGN", "references":["0x7fc96c8109d8", "0x7fc96c8100f0"]}
{"address":"0x7fc96c8109d8", "type":"NODE", "node_type":"NODE_DVAR"}
{"address":"0x7fc96c810a28", "type":"STRING", "class":"0x7fc96c801668", "frozen":true, "embedded":true, "fstring":true, "bytesize":13, "value":"NoMsgNotifier", "encoding":"US-ASCII", "flags":{"wb_protected":true, "old":true, "marked":true}}
{"address":"0x7fc96c810a50", "type":"NODE", "node_type":"NODE_BLOCK", "references":["0x7fc96c810a78", "0x7fc96c8100c8"]}
{"address":"0x7fc96c810a78", "type":"NODE", "node_type":"NODE_IF", "references":["0x7fc96c810fa0", "0x7fc96c810aa0"]}
{"address":"0x7fc96c810aa0", "type":"NODE", "node_type":"NODE_CALL", "references":["0x7fc96c810bb8", "0x7fc96c810b18"]}
{"address":"0x7fc96c810ac8", "type":"STRING", "class":"0x7fc96c801668", "frozen":true, "embedded":true, "fstring":true, "bytesize":3, "value":"env", "encoding":"US-ASCII", "flags":{"wb_protected":true, "old":true, "marked":true}}
{"address":"0x7fc96c810af0", "type":"STRING", "class":"0x7fc96c801668", "frozen":true, "embedded":true, "fstring":true, "bytesize":6, "value":"paths=", "encoding":"UTF-8", "flags":{"wb_protected":true, "old":true, "marked":true}}
{"address":"0x7fc96c810b18", "type":"NODE", "node_type":"NODE_ARRAY", "references":["0x7fc96c810b68"]}
{"address":"0x7fc96c810b68", "type":"NODE", "node_type":"NODE_LIT"}
{"address":"0x7fc96c810bb8", "type":"NODE", "node_type":"NODE_DVAR"}
{"address":"0x7fc96c810be0", "type":"STRING", "class":"0x7fc96c801668", "frozen":true, "embedded":true, "fstring":true, "bytesize":6, "value":"prefix", "encoding":"US-ASCII", "flags":{"wb_protected":true, "old":true, "marked":true}}
{"address":"0x7fc96c810c08", "type":"ARRAY", "class":"0x7fc96c84a048", "length":1, "embedded":true, "references":["0x7fc96c8c1e90"], "flags":{"wb_protected":true, "old":true, "marked":true}}
{"address":"0x7fc96c810c58", "type":"ARRAY", "class":"0x7fc96c84a048", "length":1, "embedded":true, "references":["0x7fc96c8c1e90"], "flags":{"wb_protected":true, "old":true, "marked":true}}
{"address":"0x7fc96c810c80", "type":"NODE", "node_type":"NODE_ARRAY", "references":["0x7fc96c810d98"]}
{"address":"0x7fc96c810ca8", "type":"OBJECT", "class":"0x7fc96c8c2688", "ivars":3, "references":["0x7fc96c810c08"], "flags":{"wb_protected":true, "old":true, "marked":true}}
{"address":"0x7fc96c810cd0", "type":"STRING", "class":"0x7fc96c801668", "frozen":true, "embedded":true, "bytesize":1, "value":"?", "encoding":"UTF-8", "flags":{"wb_protected":true, "old":true, "marked":true}}
{"address":"0x7fc96c810cf8", "type":"OBJECT", "class":"0x7fc96d077ae0", "ivars":5, "references":["0x7fc96c810fc8", "0x7fc96c810ca8", "0x7fc96c810ca8"], "memsize":40, "flags":{"wb_protected":true, "old":true, "marked":true}}
{"address":"0x7fc96c810d20", "type":"HASH", "class":"0x7fc96c849918", "size":0, "flags":{"wb_protected":true, "old":true, "marked":true}}
{"address":"0x7fc96c810d48", "type":"OBJECT", "class":"0x7fc96c8c2688", "ivars":3, "references":["0x7fc96c810c58"], "flags":{"wb_protected":true, "old":true, "marked":true}}
{"address":"0x7fc96c810d70", "type":"STRING", "class":"0x7fc96c801668", "frozen":true, "embedded":true, "fstring":true, "bytesize":11, "value":"PathSupport", "encoding":"US-ASCII", "flags":{"wb_protected":true, "old":true, "marked":true}}
{"address":"0x7fc96c810d98", "type":"NODE", "node_type":"NODE_CALL", "references":["0x7fc96c810f28", "0x7fc96c810e10"]}
{"address":"0x7fc96c810dc0", "type":"OBJECT", "class":"0x7fc96c8f82d8", "ivars":3, "references":["0x7fc96c810d20", "0x7fc96c811180"], "flags":{"wb_protected":true, "old":true, "marked":true}}
{"address":"0x7fc96c810e10", "type":"NODE", "node_type":"NODE_ARRAY", "references":["0x7fc96c810e88"]}
{"address":"0x7fc96c810e38", "type":"STRING", "class":"0x7fc96c801668", "frozen":true, "embedded":true, "fstring":true, "bytesize":5, "value":"paths", "encoding":"US-ASCII", "flags":{"wb_protected":true, "old":true, "marked":true}}
{"address":"0x7fc96c810e60", "type":"STRING", "class":"0x7fc96c801668", "embedded":true, "bytesize":5, "value":"0.1.0", "encoding":"UTF-8", "flags":{"wb_protected":true, "old":true, "marked":true}}
{"address":"0x7fc96c810e88", "type":"NODE", "node_type":"NODE_STR", "references":["0x7fc96c903480"]}
{"address":"0x7fc96c810eb0", "type":"STRING", "class":"0x7fc96c801668", "embedded":true, "bytesize":8, "value":">= 1.3.6", "encoding":"UTF-8", "flags":{"wb_protected":true, "old":true, "marked":true}}
{"address":"0x7fc96c810ed8", "type":"STRING", "class":"0x7fc96c801668", "frozen":true, "embedded":true, "fstring":true, "bytesize":7, "value":"datadir", "encoding":"UTF-8", "flags":{"wb_protected":true, "old":true, "marked":true}}
{"address":"0x7fc96c810f28", "type":"NODE", "node_type":"NODE_COLON2", "references":["0x7fc96c810f50"]}
{"address":"0x7fc96c810f50", "type":"NODE", "node_type":"NODE_CONST"}
{"address":"0x7fc96c810fa0", "type":"NODE", "node_type":"NODE_ATTRASGN", "references":["0x7fc96c811090", "0x7fc96c810c80"]}
{"address":"0x7fc96c810fc8", "type":"STRING", "class":"0x7fc96c801668", "embedded":true, "bytesize":9, "value":"test-unit", "encoding":"UTF-8", "flags":{"wb_protected":true, "old":true, "marked":true}}
{"address":"0x7fc96c810ff0", "type":"ARRAY", "class":"0x7fc96c84a048", "length":2, "embedded":true, "references":["0x7fc96c811388", "0x7fc96c811310"], "flags":{"wb_protected":true, "old":true, "marked":true}}
{"address":"0x7fc96c811018", "type":"STRING", "class":"0x7fc96c801668", "embedded":true, "bytesize":5, "value":"2.6.5", "encoding":"UTF-8", "flags":{"wb_protected":true, "old":true, "marked":true}}
{"address":"0x7fc96c811090", "type":"NODE", "node_type":"NODE_DVAR"}
{"address":"0x7fc96c8110e0", "type":"STRING", "class":"0x7fc96c801668", "frozen":true, "embedded":true, "fstring":true, "bytesize":7, "value":"Deflate", "encoding":"US-ASCII", "flags":{"wb_protected":true, "old":true, "marked":true}}
{"address":"0x7fc96c811130", "type":"STRING", "class":"0x7fc96c801668", "frozen":true, "embedded":true, "fstring":true, "bytesize":4, "value":"Zlib", "encoding":"US-ASCII", "flags":{"wb_protected":true, "old":true, "marked":true}}
{"address":"0x7fc96c811180", "type":"DATA", "class":"0x7fc96c83b020", "struct":"proc", "references":["0x7fc96c821bc0", "0x7fc96c811180", "0x7fc96c821df0"], "memsize":72, "flags":{"remembered":true}}
{"address":"0x7fc96c8111a8", "type":"NODE", "node_type":"NODE_BLOCK", "references":["0x7fc96c8113b0", "0x7fc96c810a50"]}
{"address":"0x7fc96c8111d0", "type":"NODE", "node_type":"NODE_BLOCK", "references":["0x7fc96c8117c0", "0x7fc96c8111a8"], "flags":{"remembered":true}}
{"address":"0x7fc96c8111f8", "type":"NODE", "node_type":"NODE_ARRAY", "references":["0x7fc96c811248"]}
{"address":"0x7fc96c811248", "type":"NODE", "node_type":"NODE_STR", "references":["0x7fc96c903660"]}
{"address":"0x7fc96c811270", "type":"STRING", "class":"0x7fc96c801668", "embedded":true, "bytesize":5, "value":"1.3.5", "encoding":"UTF-8", "flags":{"wb_protected":true, "old":true, "marked":true}}
{"address":"0x7fc96c811298", "type":"OBJECT", "class":"0x7fc96d040a68", "ivars":3, "references":["0x7fc96c810e60"], "flags":{"wb_protected":true, "old":true, "marked":true}}
{"address":"0x7fc96c8112c0", "type":"STRING", "class":"0x7fc96c801668", "frozen":true, "embedded":true, "fstring":true, "bytesize":4, "value":"data", "encoding":"US-ASCII", "flags":{"wb_protected":true, "old":true, "marked":true}}
{"address":"0x7fc96c8112e8", "type":"STRING", "class":"0x7fc96c801668", "frozen":true, "embedded":true, "fstring":true, "bytesize":7, "value":"deflate", "encoding":"US-ASCII", "flags":{"wb_protected":true, "old":true, "marked":true}}
{"address":"0x7fc96c811310", "type":"OBJECT", "class":"0x7fc96d040a68", "ivars":3, "references":["0x7fc96c811018"], "flags":{"wb_protected":true, "old":true, "marked":true}}
{"address":"0x7fc96c811338", "type":"STRING", "class":"0x7fc96c801668", "bytesize":1334, "capacity":2358, "value":"# -*- encoding: utf-8 -*-\n\nGem::Specification.new do |s|\n  s.name = \"net-ssh\"\n  s.version = \"2.7.0\"\n\n  s.required_rubygems_version = Gem::Requirement.new(\">= 0\") if s.respond_to? :required_rubygems_version=\n  s.authors = [\"Jamis Buck\", \"Delano Mandelbaum\"]\n  s.date = \"2013-09-11\"\n  s.description = \"Net::SSH: a pure-Ruby implementation of the SSH2 client protocol. It allows you to write programs that invoke and interact with processes on remote servers, via SSH2.\"\n  s.email = \"net-ssh@solutious.com\"\n  s.extra_rdoc_files = [\"LICENSE.txt\", \"README.rdoc\"]\n  s.files = [\"LICENSE.txt\", \"README.rdoc\"]\n  s.homepage = \"https://github.com/net-ssh/net-ssh\"\n  s.licenses = [\"MIT\"]\n  s.require_paths = [\"lib\"]\n  s.rubyforge_project = \"net-ssh\"\n  s.rubygems_version = \"2.0.6\"\n  s.summary = \"Net::SSH: a pure-Ruby implementation of the SSH2 client protocol.\"\n\n  if s.respond_to? :specification_version then\n    s.specification_version = 3\n\n    if Gem::Version.new(Gem::VERSION) >= Gem::Version.new('1.2.0') then\n      s.add_development_dependency(%q<test-unit>, [\">= 0\"])\n      s.add_development_dependency(%q<mocha>, [\">= 0\"])\n    else\n      s.add_dependency(%q<test-unit>, [\">= 0\"])\n      s.add_dependency(%q<mocha>, [\">= 0\"])\n    end\n  else\n    s.add_dependency(%q<test-unit>, [\">= 0\"])\n    s.add_dependency(%q<mocha>, [\">= 0\"])\n  end\nend\n", "encoding":"UTF-8", "memsize":2359, "flags":{"wb_protected":true, "old":true, "marked":true}}
{"address":"0x7fc96c811388", "type":"STRING", "class":"0x7fc96c801668", "embedded":true, "bytesize":2, "value":">=", "encoding":"UTF-8", "flags":{"wb_protected":true, "old":true, "marked":true}}
{"address":"0x7fc96c8113b0", "type":"NODE", "node_type":"NODE_ATTRASGN", "references":["0x7fc96c8113d8", "0x7fc96c8111f8"]}
{"address":"0x7fc96c8113d8", "type":"NODE", "node_type":"NODE_DVAR"}
{"address":"0x7fc96c811400", "type":"STRING", "class":"0x7fc96c801668", "embedded":true, "bytesize":10, "value":"middleware", "encoding":"UTF-8", "flags":{"wb_protected":true, "old":true, "marked":true}}
{"address":"0x7fc96c811428", "type":"STRING", "class":"0x7fc96c801668", "embedded":true, "bytesize":11, "value":"@test_files", "encoding":"UTF-8", "flags":{"wb_protected":true, "old":true, "marked":true}}
{"address":"0x7fc96c811450", "type":"NODE", "node_type":"NODE_ARRAY", "references":["0x7fc96c8115b8"]}
{"address":"0x7fc96c811478", "type":"STRING", "class":"0x7fc96c801668", "frozen":true, "embedded":true, "bytesize":1, "value":"`", "encoding":"UTF-8", "flags":{"wb_protected":true, "old":true, "marked":true}}
{"address":"0x7fc96c8114a0", "type":"ARRAY", "class":"0x7fc96c84a048", "length":0, "flags":{"wb_protected":true, "old":true, "marked":true}}
{"address":"0x7fc96c8114c8", "type":"HASH", "class":"0x7fc96c849918", "size":0, "flags":{"wb_protected":true, "old":true, "marked":true}}
{"address":"0x7fc96c8114f0", "type":"OBJECT", "class":"0x7fc96c8f82d8", "ivars":3, "references":["0x7fc96c8114c8", "0x7fc96c811860"], "flags":{"wb_protected":true, "old":true, "marked":true}}
{"address":"0x7fc96c811540", "type":"ARRAY", "class":"0x7fc96c84a048", "length":1, "embedded":true, "references":["0x7fc96c810ff0"], "flags":{"wb_protected":true, "old":true, "marked":true}}
{"address":"0x7fc96c811590", "type":"STRING", "class":"0x7fc96c801668", "frozen":true, "embedded":true, "fstring":true, "bytesize":6, "value":"@level", "encoding":"US-ASCII", "flags":{"wb_protected":true, "old":true, "marked":true}}
{"address":"0x7fc96c8115b8", "type":"NODE", "node_type":"NODE_STR", "references":["0x7fc96c903700"]}
{"address":"0x7fc96c8115e0", "type":"STRING", "class":"0x7fc96c801668", "embedded":true, "bytesize":7, "value":"bundler", "encoding":"UTF-8", "flags":{"wb_protected":true, "old":true, "marked":true}}
{"address":"0x7fc96c811630", "type":"STRING", "class":"0x7fc96c801668", "frozen":true, "embedded":true, "fstring":true, "bytesize":13, "value":"full_gem_path", "encoding":"US-ASCII", "flags":{"wb_protected":true, "old":true, "marked":true}}
{"address":"0x7fc96c811658", "type":"OBJECT", "class":"0x7fc96c8c2688", "ivars":3, "references":["0x7fc96c811540"], "flags":{"wb_protected":true, "old":true, "marked":true}}
{"address":"0x7fc96c8116a8", "type":"OBJECT", "class":"0x7fc96d077ae0", "ivars":5, "references":["0x7fc96c811928", "0x7fc96c811658", "0x7fc96c811658"], "memsize":40, "flags":{"wb_protected":true, "old":true, "marked":true}}
{"address":"0x7fc96c811720", "type":"ARRAY", "class":"0x7fc96c84a048", "length":0, "flags":{"wb_protected":true, "old":true, "marked":true}}
{"address":"0x7fc96c811748", "type":"STRING", "class":"0x7fc96c801668", "frozen":true, "embedded":true, "fstring":true, "bytesize":13, "value":"pre_uninstall", "encoding":"US-ASCII", "flags":{"wb_protected":true, "old":true, "marked":true}}
{"address":"0x7fc96c811798", "type":"NODE", "node_type":"NODE_ARRAY", "references":["0x7fc96c810780"]}
{"address":"0x7fc96c8117c0", "type":"NODE", "node_type":"NODE_ATTRASGN", "references":["0x7fc96c8117e8", "0x7fc96c811450"]}
{"address":"0x7fc96c8117e8", "type":"NODE", "node_type":"NODE_DVAR"}
{"address":"0x7fc96c811838", "type":"NODE", "node_type":"NODE_ARGS", "flags":{"remembered":true}}
{"address":"0x7fc96c811860", "type":"DATA", "class":"0x7fc96c83b020", "struct":"proc", "references":["0x7fc96c821bc0", "0x7fc96c811860", "0x7fc96c821df0"], "memsize":72, "flags":{"remembered":true}}
{"address":"0x7fc96c811888", "type":"NODE", "node_type":"NODE_CALL", "references":["0x7fc96c8118b0"], "flags":{"remembered":true}}
{"address":"0x7fc96c8118b0", "type":"NODE", "node_type":"NODE_COLON2", "references":["0x7fc96c8118d8"]}
{"address":"0x7fc96c8118d8", "type":"NODE", "node_type":"NODE_CONST"}
{"address":"0x7fc96c811928", "type":"STRING", "class":"0x7fc96c801668", "embedded":true, "bytesize":7, "value":"net-ssh", "encoding":"UTF-8", "flags":{"wb_protected":true, "old":true, "marked":true}}
{"address":"0x7fc96c811978", "type":"OBJECT", "class":"0x7fc96c8c2688", "ivars":3, "references":["0x7fc96d074700"], "flags":{"wb_protected":true, "old":true, "marked":true}}
{"address":"0x7fc96c8119a0", "type":"STRING", "class":"0x7fc96c801668", "frozen":true, "embedded":true, "bytesize":1, "value":"\"", "encoding":"UTF-8", "flags":{"wb_protected":true, "old":true, "marked":true}}
{"address":"0x7fc96c8119c8", "type":"STRING", "class":"0x7fc96c801668", "frozen":true, "embedded":true, "fstring":true, "bytesize":8, "value":"gem_name", "encoding":"US-ASCII", "flags":{"wb_protected":true, "old":true, "marked":true}}
{"address":"0x7fc96c8119f0", "type":"STRING", "class":"0x7fc96c801668", "frozen":true, "embedded":true, "fstring":true, "bytesize":7, "value":"datadir", "encoding":"US-ASCII", "flags":{"wb_protected":true, "old":true, "marked":true}}
{"address":"0x7fc96c811a18", "type":"HASH", "class":"0x7fc96c849918", "size":0, "flags":{"wb_protected":true, "old":true, "marked":true}}
{"address":"0x7fc96c811a40", "type":"OBJECT", "class":"0x7fc96c8f82d8", "ivars":3, "references":["0x7fc96c811a18", "0x7fc96c812170"], "flags":{"wb_protected":true, "old":true, "marked":true}}
{"address":"0x7fc96c811a90", "type":"STRING", "class":"0x7fc96c801668", "frozen":true, "fstring":true, "bytesize":29, "value":"$(datarootdir)/doc/$(PACKAGE)", "encoding":"UTF-8", "memsize":30, "flags":{"wb_protected":true, "old":true, "marked":true}}
{"address":"0x7fc96c811ae0", "type":"STRING", "class":"0x7fc96c801668", "bytesize":26, "value":"# -*- encoding: utf-8 -*-\n", "encoding":"UTF-8", "memsize":27, "flags":{"wb_protected":true, "old":true, "marked":true}}
{"address":"0x7fc96c811b08", "type":"DATA", "struct":"parser", "references":["0x7fc96c811db0", "0x7fc96c811b58", "0x7fc96c903908"], "memsize":568, "flags":{"remembered":true}}
{"address":"0x7fc96c811b30", "type":"ARRAY", "class":"0x7fc96c84a048", "length":0, "flags":{"wb_protected":true, "old":true, "marked":true}}
{"address":"0x7fc96c811b58", "type":"STRING", "class":"0x7fc96c801668", "frozen":true, "fstring":true, "bytesize":77, "value":"/Users/antoine/.rvm/gems/ruby-2.0.0-p247/specifications/bundler-1.3.5.gemspec", "encoding":"UTF-8", "memsize":78, "flags":{"wb_protected":true, "old":true, "marked":true}}
{"address":"0x7fc96c811bd0", "type":"STRING", "class":"0x7fc96c801668", "embedded":true, "bytesize":4, "value":"ruby", "encoding":"UTF-8", "flags":{"wb_protected":true, "old":true, "marked":true}}
{"address":"0x7fc96c811bf8", "type":"DATA", "class":"0x7fc96c83aa58", "struct":"binding", "references":["0x7fc96c811d10", "0x7fc96d06fdb8"], "memsize":24, "flags":{"remembered":true}}
{"address":"0x7fc96c811c70", "type":"HASH", "class":"0x7fc96c849918", "size":0, "flags":{"wb_protected":true, "old":true, "marked":true}}
{"address":"0x7fc96c811c98", "type":"STRING", "class":"0x7fc96c801668", "frozen":true, "embedded":true, "fstring":true, "bytesize":6, "value":"config", "encoding":"US-ASCII", "flags":{"wb_protected":true, "old":true, "marked":true}}
{"address":"0x7fc96c811cc0", "type":"STRING", "class":"0x7fc96c801668", "frozen":true, "embedded":true, "fstring":true, "bytesize":14, "value":"configuration=", "encoding":"UTF-8", "flags":{"wb_protected":true, "old":true, "marked":true}}
{"address":"0x7fc96c811ce8", "type":"STRING", "class":"0x7fc96c801668", "frozen":true, "embedded":true, "fstring":true, "bytesize":6, "value":"level=", "encoding":"UTF-8", "flags":{"wb_protected":true, "old":true, "marked":true}}
{"address":"0x7fc96c811d10", "type":"DATA", "class":"0x7fc96c839658", "struct":"VM/env", "references":["0x7fc96c8121e8", "0x7fc96c902c38", "0x7fc96c811db0", "0x7fc96c811d10", "0x7fc96d074e30", "0x7fc96d831330"], "memsize":120, "flags":{"remembered":true}}
{"address":"0x7fc96c811d38", "type":"REGEXP", "class":"0x7fc96c8491e8", "references":["0x7fc96c8184d0"], "memsize":488, "flags":{"wb_protected":true, "old":true, "marked":true}}
{"address":"0x7fc96c811d88", "type":"STRING", "class":"0x7fc96c801668", "frozen":true, "embedded":true, "fstring":true, "bytesize":9, "value":"pre_reset", "encoding":"US-ASCII", "flags":{"wb_protected":true, "old":true, "marked":true}}
{"address":"0x7fc96c811db0", "type":"STRING", "class":"0x7fc96c801668", "bytesize":1286, "capacity":2310, "value":"# -*- encoding: utf-8 -*-\n\nGem::Specification.new do |s|\n  s.name = \"bundler\"\n  s.version = \"1.3.5\"\n\n  s.required_rubygems_version = Gem::Requirement.new(\">= 1.3.6\") if s.respond_to? :required_rubygems_version=\n  s.authors = [\"Andr\\u{e9} Arko\", \"Terence Lee\", \"Carl Lerche\", \"Yehuda Katz\"]\n  s.date = \"2013-04-04\"\n  s.description = \"Bundler manages an application's dependencies through its entire life, across many machines, systematically and repeatably\"\n  s.email = [\"andre@arko.net\"]\n  s.executables = [\"bundle\"]\n  s.files = [\"bin/bundle\"]\n  s.homepage = \"http://gembundler.com\"\n  s.licenses = [\"MIT\"]\n  s.require_paths = [\"lib\"]\n  s.required_ruby_version = Gem::Requirement.new(\">= 1.8.7\")\n  s.rubygems_version = \"2.0.6\"\n  s.summary = \"The best way to manage your application's dependencies\"\n\n  if s.respond_to? :specification_version then\n    s.specification_version = 3\n\n    if Gem::Version.new(Gem::VERSION) >= Gem::Version.new('1.2.0') then\n      s.add_development_dependency(%q<ronn>, [\"~> 0.7.3\"])\n      s.add_development_dependency(%q<rspec>, [\"~> 2.11\"])\n    else\n      s.add_dependency(%q<ronn>, [\"~> 0.7.3\"])\n      s.add_dependency(%q<rspec>, [\"~> 2.11\"])\n    end\n  else\n    s.add_dependency(%q<ronn>, [\"~> 0.7.3\"])\n    s.add_dependency(%q<rspec>, [\"~> 2.11\"])\n  end\nend\n", "encoding":"UTF-8", "memsize":2311, "flags":{"wb_protected":true, "old":true, "marked":true}}
{"address":"0x7fc96c811e00", "type":"ARRAY", "class":"0x7fc96c84a048", "length":0, "flags":{"wb_protected":true, "old":true, "marked":true}}
{"address":"0x7fc96c811e28", "type":"ARRAY", "class":"0x7fc96c84a048", "length":1, "embedded":true, "references":["0x7fc96c810050"], "flags":{"wb_protected":true, "old":true, "marked":true}}
{"address":"0x7fc96c811e50", "type":"STRING", "class":"0x7fc96c801668", "frozen":true, "embedded":true, "bytesize":1, "value":"'", "encoding":"UTF-8", "flags":{"wb_protected":true, "old":true, "marked":true}}
{"address":"0x7fc96c811e78", "type":"HASH", "class":"0x7fc96c849918", "size":0, "flags":{"wb_protected":true, "old":true, "marked":true}}
{"address":"0x7fc96c811ea0", "type":"ARRAY", "class":"0x7fc96c84a048", "length":0, "flags":{"wb_protected":true, "old":true, "marked":true}}
{"address":"0x7fc96c811ec8", "type":"OBJECT", "class":"0x7fc96c8f82d8", "ivars":3, "references":["0x7fc96c811e78", "0x7fc96c812170"], "flags":{"wb_protected":true, "old":true, "marked":true}}
{"address":"0x7fc96c811f18", "type":"ARRAY", "class":"0x7fc96c84a048", "length":0, "flags":{"wb_protected":true, "old":true, "marked":true}}
{"address":"0x7fc96c811f90", "type":"STRING", "class":"0x7fc96c801668", "frozen":true, "embedded":true, "fstring":true, "bytesize":10, "value":"ConfigFile", "encoding":"US-ASCII", "flags":{"wb_protected":true, "old":true, "marked":true}}
{"address":"0x7fc96c811fb8", "type":"ARRAY", "class":"0x7fc96c84a048", "length":0, "flags":{"wb_protected":true, "old":true, "marked":true}}
{"address":"0x7fc96c812030", "type":"ARRAY", "class":"0x7fc96c84a048", "length":0, "flags":{"wb_protected":true, "old":true, "marked":true}}
{"address":"0x7fc96c812058", "type":"STRING", "class":"0x7fc96c801668", "frozen":true, "embedded":true, "fstring":true, "bytesize":13, "value":"configuration", "encoding":"US-ASCII", "flags":{"wb_protected":true, "old":true, "marked":true}}
{"address":"0x7fc96c812080", "type":"HASH", "class":"0x7fc96c849918", "size":1, "references":["0x7fc96c8120f8"], "memsize":192, "flags":{"wb_protected":true, "old":true, "marked":true}}
{"address":"0x7fc96c8120f8", "type":"STRING", "class":"0x7fc96c801668", "embedded":true, "bytesize":9, "value":"r:UTF-8:-", "encoding":"UTF-8", "flags":{"wb_protected":true, "old":true, "marked":true}}
{"address":"0x7fc96c812120", "type":"ARRAY", "class":"0x7fc96c84a048", "length":6, "references":["0x7fc96c9027b0", "0x7fc96c901f90", "0x7fc96c9014a0", "0x7fc96c900708", "0x7fc96c8fbe38", "0x7fc96c8fb6b8"], "memsize":160, "flags":{"wb_protected":true, "old":true, "marked":true}}
{"address":"0x7fc96c812170", "type":"DATA", "class":"0x7fc96c83b020", "struct":"proc", "references":["0x7fc96c821bc0", "0x7fc96c812170", "0x7fc96c821df0"], "memsize":72, "flags":{"remembered":true}}
{"address":"0x7fc96c8121e8", "type":"STRING", "class":"0x7fc96c801668", "shared":true, "encoding":"UTF-8", "references":["0x7fc96c812620"], "flags":{"wb_protected":true, "old":true, "marked":true}}
{"address":"0x7fc96c812210", "type":"ARRAY", "class":"0x7fc96c84a048", "length":0, "flags":{"wb_protected":true, "old":true, "marked":true}}
{"address":"0x7fc96c812260", "type":"STRING", "class":"0x7fc96c801668", "frozen":true, "embedded":true, "bytesize":1, "value":"<", "encoding":"UTF-8", "flags":{"wb_protected":true, "old":true, "marked":true}}
{"address":"0x7fc96c812288", "type":"STRING", "class":"0x7fc96c801668", "embedded":true, "bytesize":3, "value":"bin", "encoding":"UTF-8", "flags":{"wb_protected":true, "old":true, "marked":true}}
{"address":"0x7fc96c8122b0", "type":"HASH", "class":"0x7fc96c849918", "size":1, "references":["0x7fc96c901248", "0x7fc96c901360"], "memsize":192, "flags":{"wb_protected":true, "old":true, "remembered":true, "marked":true}}
{"address":"0x7fc96c8122d8", "type":"OBJECT", "class":"0x7fc96c8f82d8", "ivars":3, "references":["0x7fc96c8122b0", "0x7fc96c812580"], "flags":{"wb_protected":true, "old":true, "marked":true}}
{"address":"0x7fc96c812378", "type":"STRING", "class":"0x7fc96c801668", "frozen":true, "embedded":true, "fstring":true, "bytesize":9, "value":"user_home", "encoding":"US-ASCII", "flags":{"wb_protected":true, "old":true, "marked":true}}
{"address":"0x7fc96c812418", "type":"STRING", "class":"0x7fc96c801668", "frozen":true, "embedded":true, "fstring":true, "bytesize":12, "value":"@config_file", "encoding":"US-ASCII", "flags":{"wb_protected":true, "old":true, "marked":true}}
{"address":"0x7fc96c812490", "type":"STRING", "class":"0x7fc96c801668", "frozen":true, "embedded":true, "fstring":true, "bytesize":11, "value":"config_file", "encoding":"US-ASCII", "flags":{"wb_protected":true, "old":true, "marked":true}}
{"address":"0x7fc96c8124b8", "type":"STRING", "class":"0x7fc96c801668", "embedded":true, "bytesize":1, "value":"\n", "encoding":"UTF-8", "flags":{"wb_protected":true, "old":true, "marked":true}}
{"address":"0x7fc96c812558", "type":"STRING", "class":"0x7fc96c801668", "shared":true, "encoding":"UTF-8", "references":["0x7fc96c8125a8"], "flags":{"wb_protected":true, "old":true, "marked":true}}
{"address":"0x7fc96c812580", "type":"DATA", "class":"0x7fc96c83b020", "struct":"proc", "references":["0x7fc96c821bc0", "0x7fc96c812580", "0x7fc96c821df0"], "memsize":72, "flags":{"remembered":true}}
{"address":"0x7fc96c8125a8", "type":"STRING", "class":"0x7fc96c801668", "frozen":true, "bytesize":53, "value":"A pure Ruby implementation of the SCP client protocol", "encoding":"UTF-8", "memsize":54, "flags":{"wb_protected":true, "old":true, "marked":true}}
{"address":"0x7fc96c8125d0", "type":"STRING", "class":"0x7fc96c801668", "shared":true, "encoding":"UTF-8", "references":["0x7fc96c812ff8"], "flags":{"wb_protected":true, "old":true, "marked":true}}
{"address":"0x7fc96c812620", "type":"STRING", "class":"0x7fc96c801668", "frozen":true, "bytesize":77, "value":"/Users/antoine/.rvm/gems/ruby-2.0.0-p247/specifications/bundler-1.3.5.gemspec", "encoding":"UTF-8", "memsize":78, "flags":{"wb_protected":true, "old":true, "marked":true}}
{"address":"0x7fc96c812648", "type":"ARRAY", "class":"0x7fc96c84a048", "length":0, "flags":{"wb_protected":true, "old":true, "marked":true}}
{"address":"0x7fc96c812698", "type":"OBJECT", "class":"0x7fc96d077a68", "ivars":14, "references":["0x7fc96c82a1d0", "0x7fc96c891fb0", "0x7fc96c8920c8", "0x7fc96c892168", "0x7fc96c902c38", "0x7fc96c812648", "0x7fc96c902c38", "0x7fc96c8c82e0", "0x7fc96c901a68", "0x7fc96c9019c8", "0x7fc96c9009d8"], "memsize":112, "flags":{"wb_protected":true, "old":true, "marked":true}}
{"address":"0x7fc96c8126c0", "type":"STRING", "class":"0x7fc96c801668", "frozen":true, "embedded":true, "fstring":true, "bytesize":15, "value":"level_notifier=", "encoding":"UTF-8", "flags":{"wb_protected":true, "old":true, "marked":true}}
{"address":"0x7fc96c8126e8", "type":"STRING", "class":"0x7fc96c801668", "frozen":true, "bytesize":25, "capacity":48, "value":"archive-tar-minitar-0.5.2", "encoding":"UTF-8", "memsize":49, "flags":{"wb_protected":true, "old":true, "marked":true}}
{"address":"0x7fc96c812710", "type":"STRING", "class":"0x7fc96c801668", "frozen":true, "embedded":true, "bytesize":1, "value":"~", "encoding":"UTF-8", "flags":{"wb_protected":true, "old":true, "marked":true}}
{"address":"0x7fc96c812738", "type":"STRING", "class":"0x7fc96c801668", "embedded":true, "bytesize":5, "value":"0.5.2", "encoding":"UTF-8", "flags":{"wb_protected":true, "old":true, "marked":true}}
{"address":"0x7fc96c812760", "type":"STRING", "class":"0x7fc96c801668", "frozen":true, "embedded":true, "fstring":true, "bytesize":8, "value":"Security", "encoding":"US-ASCII", "flags":{"wb_protected":true, "old":true, "marked":true}}
{"address":"0x7fc96c812788", "type":"STRING", "class":"0x7fc96c801668", "shared":true, "encoding":"US-ASCII", "references":["0x7fc96c8c9960"], "flags":{"wb_protected":true, "old":true, "marked":true}}
{"address":"0x7fc96c8127b0", "type":"STRING", "class":"0x7fc96c801668", "shared":true, "encoding":"UTF-8", "references":["0x7fc96c812850"], "flags":{"wb_protected":true, "old":true, "marked":true}}
{"address":"0x7fc96c8127d8", "type":"STRING", "class":"0x7fc96c801668", "embedded":true, "bytesize":1, "value":" ", "encoding":"UTF-8", "flags":{"wb_protected":true, "old":true, "marked":true}}
{"address":"0x7fc96c812800", "type":"STRING", "class":"0x7fc96c801668", "frozen":true, "embedded":true, "fstring":true, "bytesize":11, "value":"pre_install", "encoding":"US-ASCII", "flags":{"wb_protected":true, "old":true, "marked":true}}
{"address":"0x7fc96c812828", "type":"STRING", "class":"0x7fc96c801668", "frozen":true, "embedded":true, "fstring":true, "bytesize":5, "value":"reset", "encoding":"US-ASCII", "flags":{"wb_protected":true, "old":true, "marked":true}}
{"address":"0x7fc96c812850", "type":"STRING", "class":"0x7fc96c801668", "frozen":true, "bytesize":54, "value":"Provides POSIX tarchive management from Ruby programs.", "encoding":"UTF-8", "memsize":55, "flags":{"wb_protected":true, "old":true, "marked":true}}
{"address":"0x7fc96c812878", "type":"HASH", "class":"0x7fc96c849918", "size":0, "flags":{"wb_protected":true, "old":true, "marked":true}}
{"address":"0x7fc96c8128a0", "type":"OBJECT", "class":"0x7fc96c8f82d8", "ivars":3, "references":["0x7fc96c812878", "0x7fc96c81a618"], "flags":{"wb_protected":true, "old":true, "marked":true}}
{"address":"0x7fc96c8128c8", "type":"STRING", "class":"0x7fc96c801668", "embedded":true, "bytesize":5, "value":"2.0.6", "encoding":"UTF-8", "flags":{"wb_protected":true, "old":true, "marked":true}}
{"address":"0x7fc96c8128f0", "type":"STRING", "class":"0x7fc96c801668", "embedded":true, "bytesize":7, "value":"net-scp", "encoding":"UTF-8", "flags":{"wb_protected":true, "old":true, "marked":true}}
{"address":"0x7fc96c812918", "type":"ARRAY", "class":"0x7fc96c84a048", "length":1, "embedded":true, "references":["0x7fc96c812a30"], "flags":{"wb_protected":true, "old":true, "marked":true}}
{"address":"0x7fc96c812940", "type":"STRING", "class":"0x7fc96c801668", "embedded":true, "bytesize":5, "value":"2.0.6", "encoding":"UTF-8", "flags":{"wb_protected":true, "old":true, "marked":true}}
{"address":"0x7fc96c812968", "type":"STRING", "class":"0x7fc96c801668", "frozen":true, "embedded":true, "fstring":true, "bytesize":10, "value":"@user_home", "encoding":"US-ASCII", "flags":{"wb_protected":true, "old":true, "marked":true}}
{"address":"0x7fc96c812990", "type":"STRING", "class":"0x7fc96c801668", "embedded":true, "bytesize":6, "value":"ruwiki", "encoding":"UTF-8", "flags":{"wb_protected":true, "old":true, "marked":true}}
{"address":"0x7fc96c8129b8", "type":"ARRAY", "class":"0x7fc96c84a048", "length":2, "embedded":true, "references":["0x7fc96c8132f0", "0x7fc96c813110"], "flags":{"wb_protected":true, "old":true, "marked":true}}
{"address":"0x7fc96c8129e0", "type":"STRING", "class":"0x7fc96c801668", "embedded":true, "bytesize":5, "value":"1.8.2", "encoding":"UTF-8", "flags":{"wb_protected":true, "old":true, "marked":true}}
{"address":"0x7fc96c812a08", "type":"STRING", "class":"0x7fc96c801668", "frozen":true, "embedded":true, "fstring":true, "bytesize":6, "value":"@paths", "encoding":"US-ASCII", "flags":{"wb_protected":true, "old":true, "marked":true}}
{"address":"0x7fc96c812a30", "type":"STRING", "class":"0x7fc96c801668", "embedded":true, "bytesize":3, "value":"lib", "encoding":"UTF-8", "flags":{"wb_protected":true, "old":true, "marked":true}}
{"address":"0x7fc96c812a58", "type":"ARRAY", "class":"0x7fc96c84a048", "length":1, "embedded":true, "references":["0x7fc96c812aa8"], "flags":{"wb_protected":true, "old":true, "marked":true}}
{"address":"0x7fc96c812a80", "type":"STRING", "class":"0x7fc96c801668", "frozen":true, "embedded":true, "fstring":true, "bytesize":11, "value":"clear_paths", "encoding":"US-ASCII", "flags":{"wb_protected":true, "old":true, "marked":true}}
{"address":"0x7fc96c812aa8", "type":"STRING", "class":"0x7fc96c801668", "embedded":true, "bytesize":3, "value":"MIT", "encoding":"UTF-8", "flags":{"wb_protected":true, "old":true, "marked":true}}
{"address":"0x7fc96c812ad0", "type":"STRING", "class":"0x7fc96c801668", "shared":true, "encoding":"UTF-8", "references":["0x7fc96c818a48"], "flags":{"wb_protected":true, "old":true, "marked":true}}
{"address":"0x7fc96c812af8", "type":"ARRAY", "class":"0x7fc96c84a048", "length":2, "embedded":true, "references":["0x7fc96c812b48", "0x7fc96c812b20"], "flags":{"wb_protected":true, "old":true, "marked":true}}
{"address":"0x7fc96c812b20", "type":"STRING", "class":"0x7fc96c801668", "embedded":true, "bytesize":11, "value":"README.rdoc", "encoding":"UTF-8", "flags":{"wb_protected":true, "old":true, "marked":true}}
{"address":"0x7fc96c812b48", "type":"STRING", "class":"0x7fc96c801668", "embedded":true, "bytesize":11, "value":"LICENSE.txt", "encoding":"UTF-8", "flags":{"wb_protected":true, "old":true, "marked":true}}
{"address":"0x7fc96c812b70", "type":"ARRAY", "class":"0x7fc96c84a048", "length":2, "embedded":true, "references":["0x7fc96c812be8", "0x7fc96c812b98"], "flags":{"wb_protected":true, "old":true, "marked":true}}
{"address":"0x7fc96c812b98", "type":"STRING", "class":"0x7fc96c801668", "embedded":true, "bytesize":11, "value":"README.rdoc", "encoding":"UTF-8", "flags":{"wb_protected":true, "old":true, "marked":true}}
{"address":"0x7fc96c812bc0", "type":"STRING", "class":"0x7fc96c801668", "frozen":true, "embedded":true, "fstring":true, "bytesize":14, "value":"level_notifier", "encoding":"US-ASCII", "flags":{"wb_protected":true, "old":true, "marked":true}}
{"address":"0x7fc96c812be8", "type":"STRING", "class":"0x7fc96c801668", "embedded":true, "bytesize":11, "value":"LICENSE.txt", "encoding":"UTF-8", "flags":{"wb_protected":true, "old":true, "marked":true}}
{"address":"0x7fc96c812c10", "type":"STRING", "class":"0x7fc96c801668", "embedded":true, "bytesize":21, "value":"net-ssh@solutious.com", "encoding":"UTF-8", "flags":{"wb_protected":true, "old":true, "marked":true}}
{"address":"0x7fc96c812c38", "type":"STRING", "class":"0x7fc96c801668", "shared":true, "encoding":"UTF-8", "references":["0x7fc96c818ae8"], "flags":{"wb_protected":true, "old":true, "marked":true}}
{"address":"0x7fc96c812c88", "type":"DATA", "class":"0x7fc96c841150", "struct":"time", "memsize":88, "flags":{"remembered":true}}
{"address":"0x7fc96c812d00", "type":"STRING", "class":"0x7fc96c801668", "frozen":true, "embedded":true, "fstring":true, "bytesize":14, "value":"default_bindir", "encoding":"US-ASCII", "flags":{"wb_protected":true, "old":true, "marked":true}}
{"address":"0x7fc96c812d50", "type":"OBJECT", "class":"0x7fc96d074e30", "ivars":50, "references":["0x7fc96c8fadd0", "0x7fc96d039420", "0x7fc96d039588", "0x7fc96d039628", "0x7fc96c809098", "0x7fc96c810190", "0x7fc96c811e28", "0x7fc96c8125d0", "0x7fc96c811400", "0x7fc96c809908", "0x7fc96c811298", "0x7fc96c810708", "0x7fc96c812288", "0x7fc96c812210", "0x7fc96c810370", "0x7fc96c812120", "0x7fc96c812030", "0x7fc96c811fb8", "0x7fc96c811f18", "0x7fc96c811ea0", "0x7fc96c811e00", "0x7fc96c811c70", "0x7fc96c811bd0", "0x7fc96c811b30", "0x7fc96c8108c0", "0x7fc96c811978", "0x7fc96c810d48", "0x7fc96c811720", "0x7fc96c80b5f0", "0x7fc96c8114a0", "0x7fc96c8c82e0", "0x7fc96d039510"], "memsize":400, "flags":{"wb_protected":true, "old":true, "marked":true}}
{"address":"0x7fc96c812d78", "type":"NODE", "node_type":"NODE_CREF", "references":["0x7fc96d074e30", "0x7fc96d81dc40"], "flags":{"wb_protected":true, "old":true, "marked":true}}
{"address":"0x7fc96c812da0", "type":"ARRAY", "class":"0x7fc96c84a048", "length":5, "memsize":40, "flags":{"wb_protected":true, "old":true, "marked":true}}
{"address":"0x7fc96c812dc8", "type":"ARRAY", "length":1, "embedded":true, "references":["0x7fc96c813228"], "flags":{"wb_protected":true, "old":true, "marked":true}}
{"address":"0x7fc96c812df0", "type":"ARRAY", "length":49, "references":["0x7fc96c8130c0", "0x7fc96c813070", "0x7fc96c8b8598", "0x7fc96c0536a0", "0x7fc96d81d100", "0x7fc96c813048", "0x7fc96c813020", "0x7fc96d81cca0", "0x7fc96c812ff8", "0x7fc96d035938", "0x7fc96c813020", "0x7fc96d035938", "0x7fc96c903188", "0x7fc96c8dd118", "0x7fc96c8b8598", "0x7fc96c812fd0", "0x7fc96c812f58", "0x7fc96c8b1c70", "0x7fc96c812f30", "0x7fc96c8b1c20", "0x7fc96c812f30", "0x7fc96c8b1bf8", "0x7fc96c812f30", "0x7fc96d034d80", "0x7fc96c812f08", "0x7fc96c8dd118", "0x7fc96c8b8598", "0x7fc96c812fd0", "0x7fc96c812f58", "0x7fc96c8b1c70", "0x7fc96c812f30", "0x7fc96c8b1c20", "0x7fc96c812f30", "0x7fc96c8b1bf8", "0x7fc96c812f30", "0x7fc96d034d80", "0x7fc96c812f08", "0x7fc96c8dd118", "0x7fc96c8b8598", "0x7fc96c812fd0", "0x7fc96c812f58", "0x7fc96c8b1c70", "0x7fc96c812f30", "0x7fc96c8b1c20", "0x7fc96c812f30", "0x7fc96c8b1bf8", "0x7fc96c812f30", "0x7fc96d034d80", "0x7fc96c812f08"], "memsize":448, "flags":{"wb_protected":true, "old":true, "marked":true}}
{"address":"0x7fc96c812e18", "type":"ARRAY", "class":"0x7fc96c84a048", "length":1, "embedded":true, "references":["0x7fc96c812e68"], "flags":{"wb_protected":true, "old":true, "marked":true}}
{"address":"0x7fc96c812e40", "type":"STRING", "class":"0x7fc96c801668", "frozen":true, "embedded":true, "fstring":true, "bytesize":11, "value":"default_dir", "encoding":"US-ASCII", "flags":{"wb_protected":true, "old":true, "marked":true}}
{"address":"0x7fc96c812e68", "type":"STRING", "class":"0x7fc96c801668", "shared":true, "encoding":"UTF-8", "references":["0x7fc96c818b38"], "flags":{"wb_protected":true, "old":true, "marked":true}}
{"address":"0x7fc96c812ee0", "type":"ARRAY", "class":"0x7fc96c84a048", "length":2, "embedded":true, "references":["0x7fc96c812fa8", "0x7fc96c812f80"], "flags":{"wb_protected":true, "old":true, "marked":true}}
{"address":"0x7fc96c812f08", "type":"STRING", "class":"0x7fc96c801668", "frozen":true, "embedded":true, "fstring":true, "bytesize":8, "value":"~> 0.7.5", "encoding":"UTF-8", "flags":{"wb_protected":true, "old":true, "marked":true}}
{"address":"0x7fc96c812f30", "type":"STRING", "class":"0x7fc96c801668", "frozen":true, "embedded":true, "fstring":true, "bytesize":8, "value":"~> 2.8.0", "encoding":"UTF-8", "flags":{"wb_protected":true, "old":true, "marked":true}}
{"address":"0x7fc96c812f58", "type":"STRING", "class":"0x7fc96c801668", "frozen":true, "embedded":true, "fstring":true, "bytesize":8, "value":"~> 2.1.0", "encoding":"UTF-8", "flags":{"wb_protected":true, "old":true, "marked":true}}
{"address":"0x7fc96c812f80", "type":"STRING", "class":"0x7fc96c801668", "embedded":true, "bytesize":17, "value":"Delano Mandelbaum", "encoding":"UTF-8", "flags":{"wb_protected":true, "old":true, "marked":true}}
{"address":"0x7fc96c812fa8", "type":"STRING", "class":"0x7fc96c801668", "embedded":true, "bytesize":10, "value":"Jamis Buck", "encoding":"UTF-8", "flags":{"wb_protected":true, "old":true, "marked":true}}
{"address":"0x7fc96c812fd0", "type":"STRING", "class":"0x7fc96c801668", "frozen":true, "embedded":true, "fstring":true, "bytesize":9, "value":"redcarpet", "encoding":"UTF-8", "flags":{"wb_protected":true, "old":true, "marked":true}}
{"address":"0x7fc96c812ff8", "type":"STRING", "class":"0x7fc96c801668", "frozen":true, "fstring":true, "bytesize":39, "value":"https://github.com/mitchellh/middleware", "encoding":"UTF-8", "memsize":40, "flags":{"wb_protected":true, "old":true, "marked":true}}
{"address":"0x7fc96c813020", "type":"STRING", "class":"0x7fc96c801668", "frozen":true, "fstring":true, "bytesize":66, "value":"Generalized implementation of the middleware abstraction for Ruby.", "encoding":"UTF-8", "memsize":67, "flags":{"wb_protected":true, "old":true, "marked":true}}
{"address":"0x7fc96c813048", "type":"STRING", "class":"0x7fc96c801668", "frozen":true, "embedded":true, "fstring":true, "bytesize":10, "value":"2012-03-16", "encoding":"UTF-8", "flags":{"wb_protected":true, "old":true, "marked":true}}
{"address":"0x7fc96c813070", "type":"STRING", "class":"0x7fc96c801668", "frozen":true, "embedded":true, "fstring":true, "bytesize":5, "value":"0.1.0", "encoding":"UTF-8", "flags":{"wb_protected":true, "old":true, "marked":true}}
{"address":"0x7fc96c813098", "type":"STRING", "class":"0x7fc96c801668", "frozen":true, "embedded":true, "fstring":true, "bytesize":15, "value":"LeveledNotifier", "encoding":"US-ASCII", "flags":{"wb_protected":true, "old":true, "marked":true}}
{"address":"0x7fc96c8130c0", "type":"STRING", "class":"0x7fc96c801668", "frozen":true, "embedded":true, "fstring":true, "bytesize":10, "value":"middleware", "encoding":"UTF-8", "flags":{"wb_protected":true, "old":true, "marked":true}}
{"address":"0x7fc96c8130e8", "type":"STRING", "class":"0x7fc96c801668", "frozen":true, "embedded":true, "fstring":true, "bytesize":8, "value":"notifier", "encoding":"US-ASCII", "flags":{"wb_protected":true, "old":true, "marked":true}}
{"address":"0x7fc96c813110", "type":"OBJECT", "class":"0x7fc96d040a68", "ivars":3, "references":["0x7fc96c8129e0"], "flags":{"wb_protected":true, "old":true, "marked":true}}
{"address":"0x7fc96c813160", "type":"STRING", "class":"0x7fc96c801668", "frozen":true, "embedded":true, "fstring":true, "bytesize":3, "value":"dir", "encoding":"US-ASCII", "flags":{"wb_protected":true, "old":true, "marked":true}}
{"address":"0x7fc96c813188", "type":"ARRAY", "class":"0x7fc96c84a048", "length":1, "embedded":true, "references":["0x7fc96c8c1e90"], "flags":{"wb_protected":true, "old":true, "marked":true}}
{"address":"0x7fc96c8131b0", "type":"STRING", "class":"0x7fc96c801668", "frozen":true, "embedded":true, "fstring":true, "bytesize":11, "value":"install_dir", "encoding":"US-ASCII", "flags":{"wb_protected":true, "old":true, "marked":true}}
{"address":"0x7fc96c8131d8", "type":"STRING", "class":"0x7fc96c801668", "frozen":true, "embedded":true, "fstring":true, "bytesize":6, "value":"bindir", "encoding":"US-ASCII", "flags":{"wb_protected":true, "old":true, "marked":true}}
{"address":"0x7fc96c813228", "type":"DATA", "class":"0x7fc96c833488", "struct":"iseq", "references":["0x7fc96c812df0", "0x7fc96c81bb30", "0x7fc96c848040", "0x7fc96c821ee0", "0x7fc96c821ee0", "0x7fc96d831308"], "memsize":12096, "flags":{"wb_protected":true, "old":true, "marked":true}}
{"address":"0x7fc96c813250", "type":"STRING", "class":"0x7fc96c801668", "frozen":true, "fstring":true, "bytesize":27, "value":"-lpthread -lgmp -ldl -lobjc", "encoding":"UTF-8", "memsize":28, "flags":{"wb_protected":true, "old":true, "marked":true}}
{"address":"0x7fc96c813278", "type":"OBJECT", "class":"0x7fc96c8c2688", "ivars":3, "references":["0x7fc96c813188"], "flags":{"wb_protected":true, "old":true, "marked":true}}
{"address":"0x7fc96c8132a0", "type":"STRING", "class":"0x7fc96c801668", "frozen":true, "embedded":true, "fstring":true, "bytesize":14, "value":"post_uninstall", "encoding":"US-ASCII", "flags":{"wb_protected":true, "old":true, "marked":true}}
{"address":"0x7fc96c8132c8", "type":"NODE", "node_type":"NODE_BLOCK", "references":["0x7fc96c810078", "0x7fc96c80be88"]}
{"address":"0x7fc96c8132f0", "type":"STRING", "class":"0x7fc96c801668", "embedded":true, "bytesize":2, "value":">=", "encoding":"UTF-8", "flags":{"wb_protected":true, "old":true, "marked":true}}
{"address":"0x7fc96c813340", "type":"ARRAY", "class":"0x7fc96c84a048", "length":1, "embedded":true, "references":["0x7fc96c812da0"], "flags":{"wb_protected":true, "old":true, "marked":true}}
{"address":"0x7fc96c813368", "type":"STRING", "class":"0x7fc96c801668", "embedded":true, "bytesize":5, "value":"1.1.2", "encoding":"UTF-8", "flags":{"wb_protected":true, "old":true, "marked":true}}
{"address":"0x7fc96c8133b8", "type":"DATA", "class":"0x7fc96c833488", "struct":"iseq", "references":["0x7fc96c812dc8", "0x7fc96c848040", "0x7fc96c848040", "0x7fc96c821ee0", "0x7fc96c821ee0", "0x7fc96d831308"], "memsize":728, "flags":{"wb_protected":true, "old":true, "marked":true}}
{"address":"0x7fc96c813408", "type":"STRING", "class":"0x7fc96c801668", "frozen":true, "embedded":true, "bytesize":1, "value":"=", "encoding":"UTF-8", "flags":{"wb_protected":true, "old":true, "marked":true}}
{"address":"0x7fc96c813430", "type":"ARRAY", "class":"0x7fc96c84a048", "length":1, "embedded":true, "references":["0x7fc96c8129b8"], "flags":{"wb_protected":true, "old":true, "marked":true}}
{"address":"0x7fc96c813458", "type":"STRING", "class":"0x7fc96c801668", "frozen":true, "embedded":true, "fstring":true, "bytesize":11, "value":"binary_mode", "encoding":"US-ASCII", "flags":{"wb_protected":true, "old":true, "marked":true}}
{"address":"0x7fc96c813480", "type":"HASH", "class":"0x7fc96c849918", "size":0, "flags":{"wb_protected":true, "old":true, "marked":true}}
{"address":"0x7fc96c8134a8", "type":"OBJECT", "class":"0x7fc96c8f82d8", "ivars":3, "references":["0x7fc96c813480", "0x7fc96c81a618"], "flags":{"wb_protected":true, "old":true, "marked":true}}
{"address":"0x7fc96c813520", "type":"OBJECT", "class":"0x7fc96d040a68", "ivars":3, "references":["0x7fc96c813368"], "flags":{"wb_protected":true, "old":true, "marked":true}}
{"address":"0x7fc96c813570", "type":"STRING", "class":"0x7fc96c801668", "frozen":true, "embedded":true, "fstring":true, "bytesize":9, "value":"notifiers", "encoding":"US-ASCII", "flags":{"wb_protected":true, "old":true, "marked":true}}
{"address":"0x7fc96c813598", "type":"STRING", "class":"0x7fc96c801668", "embedded":true, "bytesize":7, "value":"net-scp", "encoding":"UTF-8", "flags":{"wb_protected":true, "old":true, "marked":true}}
{"address":"0x7fc96c8135c0", "type":"OBJECT", "class":"0x7fc96c8c2688", "ivars":3, "references":["0x7fc96c813430"], "flags":{"wb_protected":true, "old":true, "marked":true}}
{"address":"0x7fc96c813610", "type":"ARRAY", "class":"0x7fc96c84a048", "length":1, "embedded":true, "references":["0x7fc96c813700"], "flags":{"wb_protected":true, "old":true, "marked":true}}
{"address":"0x7fc96c813660", "type":"ARRAY", "class":"0x7fc96c84a048", "length":0, "flags":{"wb_protected":true, "old":true, "marked":true}}
{"address":"0x7fc96c8136b0", "type":"STRING", "class":"0x7fc96c801668", "frozen":true, "embedded":true, "fstring":true, "bytesize":8, "value":"bin_file", "encoding":"US-ASCII", "flags":{"wb_protected":true, "old":true, "marked":true}}
{"address":"0x7fc96c813700", "type":"STRING", "class":"0x7fc96c801668", "embedded":true, "bytesize":3, "value":"lib", "encoding":"UTF-8", "flags":{"wb_protected":true, "old":true, "marked":true}}
{"address":"0x7fc96c813750", "type":"STRING", "class":"0x7fc96c801668", "frozen":true, "embedded":true, "fstring":true, "bytesize":15, "value":"@level_notifier", "encoding":"US-ASCII", "flags":{"wb_protected":true, "old":true, "marked":true}}
{"address":"0x7fc96c8137c8", "type":"ARRAY", "class":"0x7fc96c84a048", "length":5, "references":["0x7fc96c8139a8", "0x7fc96c813980", "0x7fc96c813908", "0x7fc96c8138e0", "0x7fc96c813890"], "memsize":40, "flags":{"wb_protected":true, "old":true, "marked":true}}
{"address":"0x7fc96c813818", "type":"STRING", "class":"0x7fc96c801668", "frozen":true, "embedded":true, "bytesize":1, "value":"!", "encoding":"UTF-8", "flags":{"wb_protected":true, "old":true, "marked":true}}
{"address":"0x7fc96c813840", "type":"ARRAY", "class":"0x7fc96c84a048", "length":0, "flags":{"wb_protected":true, "old":true, "marked":true}}
{"address":"0x7fc96c813868", "type":"STRING", "class":"0x7fc96c801668", "frozen":true, "embedded":true, "fstring":true, "bytesize":10, "value":"@notifiers", "encoding":"US-ASCII", "flags":{"wb_protected":true, "old":true, "marked":true}}
{"address":"0x7fc96c813890", "type":"STRING", "class":"0x7fc96c801668", "embedded":true, "bytesize":14, "value":"--line-numbers", "encoding":"UTF-8", "flags":{"wb_protected":true, "old":true, "marked":true}}
{"address":"0x7fc96c8138b8", "type":"HASH", "class":"0x7fc96c849918", "size":2, "references":["0x7fc96c813408", "0x7fc96c8134a8", "0x7fc96c812710", "0x7fc96c8128a0"], "memsize":192, "flags":{"wb_protected":true, "old":true, "marked":true}}
{"address":"0x7fc96c8138e0", "type":"STRING", "class":"0x7fc96c801668", "embedded":true, "bytesize":6, "value":"README", "encoding":"UTF-8", "flags":{"wb_protected":true, "old":true, "marked":true}}
{"address":"0x7fc96c813908", "type":"STRING", "class":"0x7fc96c801668", "embedded":true, "bytesize":6, "value":"--main", "encoding":"UTF-8", "flags":{"wb_protected":true, "old":true, "marked":true}}
{"address":"0x7fc96c813930", "type":"OBJECT", "class":"0x7fc96c8f82d8", "ivars":3, "references":["0x7fc96c8138b8", "0x7fc96c81a618"], "flags":{"wb_protected":true, "old":true, "marked":true}}
{"address":"0x7fc96c813958", "type":"NODE", "node_type":"NODE_DVAR"}
{"address":"0x7fc96c813980", "type":"STRING", "class":"0x7fc96c801668", "shared":true, "encoding":"UTF-8", "references":["0x7fc96c81b798"], "flags":{"wb_protected":true, "old":true, "marked":true}}
{"address":"0x7fc96c8139a8", "type":"STRING", "class":"0x7fc96c801668", "embedded":true, "bytesize":7, "value":"--title", "encoding":"UTF-8", "flags":{"wb_protected":true, "old":true, "marked":true}}
{"address":"0x7fc96c8139d0", "type":"STRING", "class":"0x7fc96c801668", "shared":true, "encoding":"UTF-8", "references":["0x7fc96c81b810"], "flags":{"wb_protected":true, "old":true, "marked":true}}
{"address":"0x7fc96c813a20", "type":"ARRAY", "class":"0x7fc96c84a048", "length":4, "references":["0x7fc96c813ae8", "0x7fc96c813ac0", "0x7fc96c813a98", "0x7fc96c813a70"], "memsize":32, "flags":{"wb_protected":true, "old":true, "marked":true}}
{"address":"0x7fc96c813a48", "type":"ARRAY", "class":"0x7fc96c84a048", "length":5, "references":["0x7fc96c813d40"], "memsize":40, "flags":{"wb_protected":true, "old":true, "marked":true}}
{"address":"0x7fc96c813a70", "type":"STRING", "class":"0x7fc96c801668", "embedded":true, "bytesize":7, "value":"Install", "encoding":"UTF-8", "flags":{"wb_protected":true, "old":true, "marked":true}}
{"address":"0x7fc96c813a98", "type":"STRING", "class":"0x7fc96c801668", "embedded":true, "bytesize":9, "value":"ChangeLog", "encoding":"UTF-8", "flags":{"wb_protected":true, "old":true, "marked":true}}
{"address":"0x7fc96c813ac0", "type":"STRING", "class":"0x7fc96c801668", "embedded":true, "bytesize":6, "value":"README", "encoding":"UTF-8", "flags":{"wb_protected":true, "old":true, "marked":true}}
{"address":"0x7fc96c813ae8", "type":"STRING", "class":"0x7fc96c801668", "embedded":true, "bytesize":11, "value":"bin/minitar", "encoding":"UTF-8", "flags":{"wb_protected":true, "old":true, "marked":true}}
{"address":"0x7fc96c813b10", "type":"ARRAY", "class":"0x7fc96c84a048", "length":3, "embedded":true, "references":["0x7fc96c813b88", "0x7fc96c813b60", "0x7fc96c813b38"], "flags":{"wb_protected":true, "old":true, "marked":true}}
{"address":"0x7fc96c813b38", "type":"STRING", "class":"0x7fc96c801668", "embedded":true, "bytesize":7, "value":"Install", "encoding":"UTF-8", "flags":{"wb_protected":true, "old":true, "marked":true}}
{"address":"0x7fc96c813b60", "type":"STRING", "class":"0x7fc96c801668", "embedded":true, "bytesize":9, "value":"ChangeLog", "encoding":"UTF-8", "flags":{"wb_protected":true, "old":true, "marked":true}}
{"address":"0x7fc96c813b88", "type":"STRING", "class":"0x7fc96c801668", "embedded":true, "bytesize":6, "value":"README", "encoding":"UTF-8", "flags":{"wb_protected":true, "old":true, "marked":true}}
{"address":"0x7fc96c813bb0", "type":"ARRAY", "class":"0x7fc96c84a048", "length":1, "embedded":true, "references":["0x7fc96c813bd8"], "flags":{"wb_protected":true, "old":true, "marked":true}}
{"address":"0x7fc96c813bd8", "type":"STRING", "class":"0x7fc96c801668", "embedded":true, "bytesize":7, "value":"minitar", "encoding":"UTF-8", "flags":{"wb_protected":true, "old":true, "marked":true}}
{"address":"0x7fc96c813c00", "type":"STRING", "class":"0x7fc96c801668", "embedded":true, "bytesize":21, "value":"minitar@halostatue.ca", "encoding":"UTF-8", "flags":{"wb_protected":true, "old":true, "marked":true}}
{"address":"0x7fc96c813c28", "type":"STRING", "class":"0x7fc96c801668", "frozen":true, "embedded":true, "fstring":true, "bytesize":3, "value":"msg", "encoding":"US-ASCII", "flags":{"wb_protected":true, "old":true, "marked":true}}
{"address":"0x7fc96c813c78", "type":"STRING", "class":"0x7fc96c801668", "shared":true, "encoding":"UTF-8", "references":["0x7fc96c81b9a0"], "flags":{"wb_protected":true, "old":true, "marked":true}}
{"address":"0x7fc96c813ca0", "type":"OBJECT", "class":"0x7fc96c8c2688", "ivars":3, "references":["0x7fc96d074700"], "flags":{"wb_protected":true, "old":true, "marked":true}}
{"address":"0x7fc96c813cf0", "type":"STRING", "class":"0x7fc96c801668", "embedded":true, "bytesize":1, "value":"2", "encoding":"UTF-8", "flags":{"wb_protected":true, "old":true, "marked":true}}
{"address":"0x7fc96c813d40", "type":"STRING", "class":"0x7fc96c801668", "embedded":true, "bytesize":7, "value":"preview", "encoding":"UTF-8", "flags":{"wb_protected":true, "old":true, "marked":true}}
{"address":"0x7fc96c813d90", "type":"ARRAY", "class":"0x7fc96c84a048", "length":0, "flags":{"wb_protected":true, "old":true, "marked":true}}
{"address":"0x7fc96c813db8", "type":"STRING", "class":"0x7fc96c801668", "embedded":true, "bytesize":1, "value":"0", "encoding":"UTF-8", "flags":{"wb_protected":true, "old":true, "marked":true}}
{"address":"0x7fc96c813de0", "type":"DATA", "class":"0x7fc96c841150", "struct":"time", "memsize":88, "flags":{"remembered":true}}
{"address":"0x7fc96c813e30", "type":"STRING", "class":"0x7fc96c801668", "embedded":true, "bytesize":4, "value":"ruby", "encoding":"UTF-8", "flags":{"wb_protected":true, "old":true, "marked":true}}
{"address":"0x7fc96c813e58", "type":"STRING", "class":"0x7fc96c801668", "embedded":true, "bytesize":1, "value":"2", "encoding":"UTF-8", "flags":{"wb_protected":true, "old":true, "marked":true}}
{"address":"0x7fc96c813ea8", "type":"HASH", "class":"0x7fc96c849918", "size":0, "flags":{"wb_protected":true, "old":true, "marked":true}}
{"address":"0x7fc96c813ed0", "type":"STRING", "class":"0x7fc96c801668", "frozen":true, "embedded":true, "fstring":true, "bytesize":11, "value":"executables", "encoding":"US-ASCII", "flags":{"wb_protected":true, "old":true, "marked":true}}
{"address":"0x7fc96c813ef8", "type":"STRING", "class":"0x7fc96c801668", "embedded":true, "bytesize":1, "value":"2", "encoding":"UTF-8", "flags":{"wb_protected":true, "old":true, "marked":true}}
{"address":"0x7fc96c813f48", "type":"STRING", "class":"0x7fc96c801668", "frozen":true, "embedded":true, "bytesize":1, "value":">", "encoding":"UTF-8", "flags":{"wb_protected":true, "old":true, "marked":true}}
{"address":"0x7fc96c813f70", "type":"STRING", "class":"0x7fc96c801668", "frozen":true, "embedded":true, "fstring":true, "bytesize":10, "value":"post_reset", "encoding":"US-ASCII", "flags":{"wb_protected":true, "old":true, "marked":true}}
{"address":"0x7fc96c813f98", "type":"HASH", "class":"0x7fc96c849918", "size":1, "references":["0x7fc96c9007d0", "0x7fc96c900848"], "memsize":192, "flags":{"wb_protected":true, "old":true, "remembered":true, "marked":true}}
{"address":"0x7fc96c818020", "type":"ARRAY", "class":"0x7fc96c84a048", "length":1, "embedded":true, "references":["0x7fc96c8182c8"], "flags":{"wb_protected":true, "old":true, "marked":true}}
{"address":"0x7fc96c818048", "type":"ARRAY", "class":"0x7fc96c84a048", "length":5, "references":["0x7fc96c813ef8", "0x7fc96c813e58", "0x7fc96c813db8", "0x7fc96c813d40", "0x7fc96c813cf0"], "memsize":160, "flags":{"wb_protected":true, "old":true, "marked":true}}
{"address":"0x7fc96c818070", "type":"OBJECT", "class":"0x7fc96c8f82d8", "ivars":3, "references":["0x7fc96c813f98", "0x7fc96c81a618"], "flags":{"wb_protected":true, "old":true, "marked":true}}
{"address":"0x7fc96c818138", "type":"ARRAY", "class":"0x7fc96c84a048", "length":0, "flags":{"wb_protected":true, "old":true, "marked":true}}
{"address":"0x7fc96c8181b0", "type":"ARRAY", "class":"0x7fc96c84a048", "length":0, "flags":{"wb_protected":true, "old":true, "marked":true}}
{"address":"0x7fc96c818228", "type":"ARRAY", "class":"0x7fc96c84a048", "length":3, "embedded":true, "references":["0x7fc96c8116a8", "0x7fc96c810cf8", "0x7fc96c8106b8"], "flags":{"wb_protected":true, "old":true, "marked":true}}
{"address":"0x7fc96c8182c8", "type":"STRING", "class":"0x7fc96c801668", "shared":true, "encoding":"UTF-8", "references":["0x7fc96c81b9f0"], "flags":{"wb_protected":true, "old":true, "marked":true}}
{"address":"0x7fc96c8182f0", "type":"STRING", "class":"0x7fc96c801668", "frozen":true, "embedded":true, "bytesize":1, "value":"=", "encoding":"UTF-8", "flags":{"wb_protected":true, "old":true, "marked":true}}
{"address":"0x7fc96c818318", "type":"HASH", "class":"0x7fc96c849918", "size":0, "flags":{"wb_protected":true, "old":true, "marked":true}}
{"address":"0x7fc96c818340", "type":"OBJECT", "class":"0x7fc96c8f82d8", "ivars":3, "references":["0x7fc96c818318", "0x7fc96c81a618"], "flags":{"wb_protected":true, "old":true, "marked":true}}
{"address":"0x7fc96c818390", "type":"STRING", "class":"0x7fc96c801668", "embedded":true, "bytesize":3, "value":"bin", "encoding":"UTF-8", "flags":{"wb_protected":true, "old":true, "marked":true}}
{"address":"0x7fc96c818458", "type":"STRING", "class":"0x7fc96c801668", "frozen":true, "embedded":true, "fstring":true, "bytesize":20, "value":"GemNotFoundException", "encoding":"US-ASCII", "flags":{"wb_protected":true, "old":true, "marked":true}}
{"address":"0x7fc96c8184d0", "type":"STRING", "class":"0x7fc96c801668", "frozen":true, "embedded":true, "fstring":true, "bytesize":12, "value":"FI XME|TO DO", "encoding":"US-ASCII", "flags":{"wb_protected":true, "old":true, "marked":true}}
{"address":"0x7fc96c8184f8", "type":"ARRAY", "class":"0x7fc96c84a048", "length":1, "embedded":true, "references":["0x7fc96c8c1e90"], "flags":{"wb_protected":true, "old":true, "marked":true}}
{"address":"0x7fc96c8185c0", "type":"STRING", "class":"0x7fc96c801668", "frozen":true, "embedded":true, "fstring":true, "bytesize":14, "value":"matching_specs", "encoding":"US-ASCII", "flags":{"wb_protected":true, "old":true, "marked":true}}
{"address":"0x7fc96c8185e8", "type":"STRING", "class":"0x7fc96c801668", "frozen":true, "embedded":true, "bytesize":1, "value":">", "encoding":"UTF-8", "flags":{"wb_protected":true, "old":true, "marked":true}}
{"address":"0x7fc96c818610", "type":"HASH", "class":"0x7fc96c849918", "size":2, "references":["0x7fc96c8182f0", "0x7fc96c818340", "0x7fc96c813f48", "0x7fc96c818070"], "memsize":192, "flags":{"wb_protected":true, "old":true, "marked":true}}
{"address":"0x7fc96c818638", "type":"OBJECT", "class":"0x7fc96c8f82d8", "ivars":3, "references":["0x7fc96c818610", "0x7fc96c81a618"], "flags":{"wb_protected":true, "old":true, "marked":true}}
{"address":"0x7fc96c818660", "type":"STRING", "class":"0x7fc96c801668", "frozen":true, "embedded":true, "fstring":true, "bytesize":3, "value":"ppx", "encoding":"US-ASCII", "flags":{"wb_protected":true, "old":true, "marked":true}}
{"address":"0x7fc96c8186d8", "type":"STRING", "class":"0x7fc96c801668", "frozen":true, "embedded":true, "fstring":true, "bytesize":10, "value":"Dependency", "encoding":"US-ASCII", "flags":{"wb_protected":true, "old":true, "marked":true}}
{"address":"0x7fc96c818728", "type":"OBJECT", "class":"0x7fc96c8c2688", "ivars":3, "references":["0x7fc96c8184f8"], "flags":{"wb_protected":true, "old":true, "marked":true}}
{"address":"0x7fc96c818750", "type":"STRING", "class":"0x7fc96c801668", "frozen":true, "embedded":true, "fstring":true, "bytesize":5, "value":"specs", "encoding":"US-ASCII", "flags":{"wb_protected":true, "old":true, "marked":true}}
{"address":"0x7fc96c8187f0", "type":"STRING", "class":"0x7fc96c801668", "embedded":true, "bytesize":5, "value":"0.5.2", "encoding":"UTF-8", "flags":{"wb_protected":true, "old":true, "marked":true}}
{"address":"0x7fc96c8188b8", "type":"OBJECT", "class":"0x7fc96d074e30", "ivars":50, "references":["0x7fc96c810320", "0x7fc96d8565b8", "0x7fc96d856978", "0x7fc96d856b08", "0x7fc96c812c38", "0x7fc96c812c10", "0x7fc96c812ad0", "0x7fc96c813598", "0x7fc96c8128f0", "0x7fc96c812558", "0x7fc96c813520", "0x7fc96c812ee0", "0x7fc96c818390", "0x7fc96c812e18", "0x7fc96c812c88", "0x7fc96c818228", "0x7fc96c8181b0", "0x7fc96c818138", "0x7fc96c812b70", "0x7fc96c812af8", "0x7fc96c812a58", "0x7fc96c813ea8", "0x7fc96c813e30", "0x7fc96c813d90", "0x7fc96c812918", "0x7fc96c813ca0", "0x7fc96c813278", "0x7fc96c813840", "0x7fc96c8128c8", "0x7fc96c813660", "0x7fc96c8c82e0", "0x7fc96d856860"], "memsize":400, "flags":{"wb_protected":true, "old":true, "marked":true}}
{"address":"0x7fc96c818908", "type":"STRING", "class":"0x7fc96c801668", "frozen":true, "embedded":true, "fstring":true, "bytesize":11, "value":"Requirement", "encoding":"US-ASCII", "flags":{"wb_protected":true, "old":true, "marked":true}}
{"address":"0x7fc96c818a48", "type":"STRING", "class":"0x7fc96c801668", "frozen":true, "fstring":true, "bytesize":34, "value":"https://github.com/net-ssh/net-scp", "encoding":"UTF-8", "memsize":35, "flags":{"wb_protected":true, "old":true, "marked":true}}
{"address":"0x7fc96c818a98", "type":"STRING", "class":"0x7fc96c801668", "frozen":true, "fstring":true, "bytesize":33, "value":"$(RUBY_BASE_NAME)-$(ruby_version)", "encoding":"UTF-8", "memsize":34, "flags":{"wb_protected":true, "old":true, "marked":true}}
{"address":"0x7fc96c818ae8", "type":"STRING", "class":"0x7fc96c801668", "frozen":true, "fstring":true, "bytesize":53, "value":"A pure Ruby implementation of the SCP client protocol", "encoding":"UTF-8", "memsize":54, "flags":{"wb_protected":true, "old":true, "marked":true}}
{"address":"0x7fc96c818b38", "type":"STRING", "class":"0x7fc96c801668", "frozen":true, "fstring":true, "bytesize":1176, "value":"-----BEGIN CERTIFICATE-----\nMIIDNjCCAh6gAwIBAgIBADANBgkqhkiG9w0BAQUFADBBMQ8wDQYDVQQDDAZkZWxh\nbm8xGTAXBgoJkiaJk/IsZAEZFglzb2x1dGlvdXMxEzARBgoJkiaJk/IsZAEZFgNj\nb20wHhcNMTMwMjA2MTE1NzQ1WhcNMTQwMjA2MTE1NzQ1WjBBMQ8wDQYDVQQDDAZk\nZWxhbm8xGTAXBgoJkiaJk/IsZAEZFglzb2x1dGlvdXMxEzARBgoJkiaJk/IsZAEZ\nFgNjb20wggEiMA0GCSqGSIb3DQEBAQUAA4IBDwAwggEKAoIBAQDg1hMtl0XsMuUK\nAKTgYWv3gjj7vuEsE2EjT+vyBg8/LpqVVwZziiaebJT9IZiQ+sCFqbiakj0b53pI\nhg1yOaBEmH6/W0L7rwzqaRV9sW1eJs9JxFYQCnd67zUnzj8nnRlOjG+hhIG+Vsij\nnpsGbt28pefuNZJjO5q2clAlfSniIIHfIsU7/StEYu6FUGOjnwryZ0r5yJlr9RrE\nGs+q0DW8QnZ9UpAfuDFQZuIqeKQFFLE7nMmCGaA+0BN1nLl3fVHNbLHq7Avk8+Z+\nZuuvkdscbHlO/l+3xCNQ5nUnHwq0ADAbMLOlmiYYzqXoWLjmeI6me/clktJCfN2R\noZG3UQvvAgMBAAGjOTA3MAkGA1UdEwQCMAAwHQYDVR0OBBYEFMSJOEtHzE4l0azv\nM0JK0kKNToK1MAsGA1UdDwQEAwIEsDANBgkqhkiG9w0BAQUFAAOCAQEAtOdE73qx\nOH2ydi9oT2hS5f9G0y1Z70Tlwh+VGExyfxzVE9XwC+iPpJxNraiHYgF/9/oky7ZZ\nR9q0/tJneuhAenZdiQkX7oi4O3v9wRS6YHoWBxMPFKVRLNTzvVJsbmfpCAlp5/5g\nps4wQFy5mibElGVlOobf/ghqZ25HS9J6kd0/C/ry0AUtTogsL7TxGwT4kbCx63ub\n3vywEEhsJUzfd97GCABmtQfRTldX/j7F1z/5wd8p+hfdox1iibds9ZtfaZA3KzKn\nkchWN9B6zg9r1XMQ8BM2Jz0XoPanPe354+lWwjpkRKbFow/ZbQHcCLCq24+N6b6g\ndgKfNDzwiDpqCA==\n-----END CERTIFICATE-----\n", "encoding":"UTF-8", "memsize":1177, "flags":{"wb_protected":true, "old":true, "marked":true}}
{"address":"0x7fc96c818b60", "type":"STRING", "class":"0x7fc96c801668", "frozen":true, "embedded":true, "fstring":true, "bytesize":22, "value":"@done_installing_hooks", "encoding":"US-ASCII", "flags":{"wb_protected":true, "old":true, "marked":true}}
{"address":"0x7fc96c818c00", "type":"STRING", "class":"0x7fc96c801668", "frozen":true, "embedded":true, "fstring":true, "bytesize":12, "value":"requirements", "encoding":"US-ASCII", "flags":{"wb_protected":true, "old":true, "marked":true}}
{"address":"0x7fc96c818ca0", "type":"STRING", "class":"0x7fc96c801668", "frozen":true, "embedded":true, "fstring":true, "bytesize":9, "value":"exec_name", "encoding":"US-ASCII", "flags":{"wb_protected":true, "old":true, "marked":true}}
{"address":"0x7fc96c818cc8", "type":"STRING", "class":"0x7fc96c801668", "frozen":true, "embedded":true, "fstring":true, "bytesize":15, "value":"done_installing", "encoding":"US-ASCII", "flags":{"wb_protected":true, "old":true, "marked":true}}
{"address":"0x7fc96c818cf0", "type":"STRING", "class":"0x7fc96c801668", "frozen":true, "embedded":true, "fstring":true, "bytesize":8, "value":"bin_path", "encoding":"US-ASCII", "flags":{"wb_protected":true, "old":true, "marked":true}}
{"address":"0x7fc96c818d68", "type":"STRING", "class":"0x7fc96c801668", "frozen":true, "fstring":true, "bytesize":25, "value":"x86_64-apple-darwin13.1.0", "encoding":"UTF-8", "memsize":26, "flags":{"wb_protected":true, "old":true, "marked":true}}
{"address":"0x7fc96c818d90", "type":"REGEXP", "class":"0x7fc96c8491e8", "references":["0x7fc96c8184d0"], "memsize":488, "flags":{"wb_protected":true, "old":true, "marked":true}}
{"address":"0x7fc96c818db8", "type":"STRING", "class":"0x7fc96c801668", "frozen":true, "embedded":true, "fstring":true, "bytesize":4, "value":"objs", "encoding":"US-ASCII", "flags":{"wb_protected":true, "old":true, "marked":true}}
{"address":"0x7fc96c818de0", "type":"OBJECT", "class":"0x7fc96d040a68", "ivars":3, "references":["0x7fc96c8187f0"], "flags":{"wb_protected":true, "old":true, "marked":true}}
{"address":"0x7fc96c818e30", "type":"STRING", "class":"0x7fc96c801668", "embedded":true, "bytesize":19, "value":"archive-tar-minitar", "encoding":"UTF-8", "flags":{"wb_protected":true, "old":true, "marked":true}}
{"address":"0x7fc96c818e80", "type":"STRING", "class":"0x7fc96c801668", "frozen":true, "embedded":true, "bytesize":1, "value":"<", "encoding":"UTF-8", "flags":{"wb_protected":true, "old":true, "marked":true}}
{"address":"0x7fc96c818ea8", "type":"STRING", "class":"0x7fc96c801668", "frozen":true, "embedded":true, "bytesize":1, "value":"=", "encoding":"UTF-8", "flags":{"wb_protected":true, "old":true, "marked":true}}
{"address":"0x7fc96c818ed0", "type":"STRING", "class":"0x7fc96c801668", "frozen":true, "embedded":true, "bytesize":1, "value":">", "encoding":"UTF-8", "flags":{"wb_protected":true, "old":true, "marked":true}}
{"address":"0x7fc96c818ef8", "type":"HASH", "class":"0x7fc96c849918", "size":0, "flags":{"wb_protected":true, "old":true, "marked":true}}
{"address":"0x7fc96c818f20", "type":"OBJECT", "class":"0x7fc96c8f82d8", "ivars":3, "references":["0x7fc96c818ef8", "0x7fc96c81a618"], "flags":{"wb_protected":true, "old":true, "marked":true}}
{"address":"0x7fc96c818f48", "type":"ARRAY", "class":"0x7fc96c84a048", "length":0, "flags":{"wb_protected":true, "old":true, "marked":true}}
{"address":"0x7fc96c818f70", "type":"HASH", "class":"0x7fc96c849918", "size":1, "references":["0x7fc96c818ed0", "0x7fc96c818f20"], "memsize":192, "flags":{"wb_protected":true, "old":true, "marked":true}}
{"address":"0x7fc96c818f98", "type":"OBJECT", "class":"0x7fc96c8f82d8", "ivars":3, "references":["0x7fc96c818f70", "0x7fc96c81a618"], "flags":{"wb_protected":true, "old":true, "marked":true}}
{"address":"0x7fc96c818fc0", "type":"HASH", "class":"0x7fc96c849918", "size":2, "references":["0x7fc96c818ea8", "0x7fc96c818f98", "0x7fc96c812260", "0x7fc96c8122d8"], "memsize":192, "flags":{"wb_protected":true, "old":true, "marked":true}}
{"address":"0x7fc96c818fe8", "type":"OBJECT", "class":"0x7fc96c8f82d8", "ivars":3, "references":["0x7fc96c818fc0", "0x7fc96c81a618"], "flags":{"wb_protected":true, "old":true, "marked":true}}
{"address":"0x7fc96c819038", "type":"STRING", "class":"0x7fc96c801668", "frozen":true, "embedded":true, "fstring":true, "bytesize":9, "value":"full_spec", "encoding":"US-ASCII", "flags":{"wb_protected":true, "old":true, "marked":true}}
{"address":"0x7fc96c819100", "type":"STRING", "class":"0x7fc96c801668", "frozen":true, "embedded":true, "fstring":true, "bytesize":1, "value":"s", "encoding":"US-ASCII", "flags":{"wb_protected":true, "old":true, "marked":true}}
{"address":"0x7fc96c819178", "type":"STRING", "class":"0x7fc96c801668", "frozen":true, "embedded":true, "fstring":true, "bytesize":15, "value":"resolve_current", "encoding":"US-ASCII", "flags":{"wb_protected":true, "old":true, "marked":true}}
{"address":"0x7fc96c8192b8", "type":"STRING", "class":"0x7fc96c801668", "frozen":true, "embedded":true, "fstring":true, "bytesize":15, "value":"unresolved_deps", "encoding":"US-ASCII", "flags":{"wb_protected":true, "old":true, "marked":true}}
{"address":"0x7fc96c8192e0", "type":"STRING", "class":"0x7fc96c801668", "frozen":true, "embedded":true, "bytesize":1, "value":"~", "encoding":"UTF-8", "flags":{"wb_protected":true, "old":true, "marked":true}}
{"address":"0x7fc96c819308", "type":"HASH", "class":"0x7fc96c849918", "size":0, "flags":{"wb_protected":true, "old":true, "marked":true}}
{"address":"0x7fc96c819330", "type":"STRING", "class":"0x7fc96c801668", "frozen":true, "embedded":true, "fstring":true, "bytesize":6, "value":"import", "encoding":"US-ASCII", "flags":{"wb_protected":true, "old":true, "marked":true}}
{"address":"0x7fc96c819358", "type":"OBJECT", "class":"0x7fc96c8f82d8", "ivars":3, "references":["0x7fc96c819308", "0x7fc96c81a618"], "flags":{"wb_protected":true, "old":true, "marked":true}}
{"address":"0x7fc96c819498", "type":"STRING", "class":"0x7fc96c801668", "frozen":true, "embedded":true, "fstring":true, "bytesize":11, "value":"request_set", "encoding":"US-ASCII", "flags":{"wb_protected":true, "old":true, "marked":true}}
{"address":"0x7fc96c8194e8", "type":"ARRAY", "class":"0x7fc96c84a048", "length":0, "flags":{"wb_protected":true, "old":true, "marked":true}}
{"address":"0x7fc96c819538", "type":"STRING", "class":"0x7fc96c801668", "frozen":true, "embedded":true, "fstring":true, "bytesize":6, "value":"printn", "encoding":"US-ASCII", "flags":{"wb_protected":true, "old":true, "marked":true}}
{"address":"0x7fc96c8195b0", "type":"STRING", "class":"0x7fc96c801668", "frozen":true, "embedded":true, "bytesize":1, "value":"=", "encoding":"UTF-8", "flags":{"wb_protected":true, "old":true, "marked":true}}
{"address":"0x7fc96c8195d8", "type":"HASH", "class":"0x7fc96c849918", "size":0, "flags":{"wb_protected":true, "old":true, "marked":true}}
{"address":"0x7fc96c819600", "type":"OBJECT", "class":"0x7fc96c8f82d8", "ivars":3, "references":["0x7fc96c8195d8", "0x7fc96c81a618"], "flags":{"wb_protected":true, "old":true, "marked":true}}
{"address":"0x7fc96c819678", "type":"STRING", "class":"0x7fc96c801668", "frozen":true, "embedded":true, "fstring":true, "bytesize":14, "value":"finish_resolve", "encoding":"US-ASCII", "flags":{"wb_protected":true, "old":true, "marked":true}}
{"address":"0x7fc96c8196a0", "type":"STRING", "class":"0x7fc96c801668", "frozen":true, "embedded":true, "fstring":true, "bytesize":12, "value":"post_install", "encoding":"US-ASCII", "flags":{"wb_protected":true, "old":true, "marked":true}}
{"address":"0x7fc96c819858", "type":"STRING", "class":"0x7fc96c801668", "frozen":true, "embedded":true, "fstring":true, "bytesize":10, "value":"RequestSet", "encoding":"US-ASCII", "flags":{"wb_protected":true, "old":true, "marked":true}}
{"address":"0x7fc96c8198d0", "type":"STRING", "class":"0x7fc96c801668", "frozen":true, "embedded":true, "fstring":true, "bytesize":2, "value":"rs", "encoding":"US-ASCII", "flags":{"wb_protected":true, "old":true, "marked":true}}
{"address":"0x7fc96c8198f8", "type":"STRING", "class":"0x7fc96c801668", "frozen":true, "embedded":true, "bytesize":1, "value":"=", "encoding":"UTF-8", "flags":{"wb_protected":true, "old":true, "marked":true}}
{"address":"0x7fc96c819920", "type":"HASH", "class":"0x7fc96c849918", "size":1, "references":["0x7fc96c8195b0", "0x7fc96c819600"], "memsize":192, "flags":{"wb_protected":true, "old":true, "marked":true}}
{"address":"0x7fc96c819948", "type":"STRING", "class":"0x7fc96c801668", "frozen":true, "embedded":true, "fstring":true, "bytesize":5, "value":"needs", "encoding":"US-ASCII", "flags":{"wb_protected":true, "old":true, "marked":true}}
{"address":"0x7fc96c819970", "type":"OBJECT", "class":"0x7fc96c8f82d8", "ivars":3, "references":["0x7fc96c819920", "0x7fc96c81a618"], "flags":{"wb_protected":true, "old":true, "marked":true}}
{"address":"0x7fc96c819a60", "type":"STRING", "class":"0x7fc96c801668", "frozen":true, "embedded":true, "fstring":true, "bytesize":7, "value":"notify?", "encoding":"US-ASCII", "flags":{"wb_protected":true, "old":true, "marked":true}}
{"address":"0x7fc96c819ba0", "type":"STRING", "class":"0x7fc96c801668", "embedded":true, "bytesize":4, "value":"ruby", "encoding":"UTF-8", "flags":{"wb_protected":true, "old":true, "marked":true}}
{"address":"0x7fc96c819c68", "type":"HASH", "class":"0x7fc96c849918", "size":0, "flags":{"wb_protected":true, "old":true, "marked":true}}
{"address":"0x7fc96c819d08", "type":"STRING", "class":"0x7fc96c801668", "frozen":true, "embedded":true, "fstring":true, "bytesize":12, "value":"find_by_name", "encoding":"US-ASCII", "flags":{"wb_protected":true, "old":true, "marked":true}}
{"address":"0x7fc96c819dd0", "type":"STRING", "class":"0x7fc96c801668", "frozen":true, "embedded":true, "fstring":true, "bytesize":3, "value":"xxx", "encoding":"US-ASCII", "flags":{"wb_protected":true, "old":true, "marked":true}}
{"address":"0x7fc96c819df8", "type":"STRING", "class":"0x7fc96c801668", "frozen":true, "embedded":true, "bytesize":1, "value":"*", "encoding":"UTF-8", "flags":{"wb_protected":true, "old":true, "marked":true}}
{"address":"0x7fc96c819e20", "type":"STRING", "class":"0x7fc96c801668", "frozen":true, "embedded":true, "fstring":true, "bytesize":14, "value":"@base_notifier", "encoding":"US-ASCII", "flags":{"wb_protected":true, "old":true, "marked":true}}
{"address":"0x7fc96c819e48", "type":"HASH", "class":"0x7fc96c849918", "size":1, "references":["0x7fc96c902a30", "0x7fc96c902a80"], "memsize":192, "flags":{"wb_protected":true, "old":true, "remembered":true, "marked":true}}
{"address":"0x7fc96c819e70", "type":"STRING", "class":"0x7fc96c801668", "frozen":true, "embedded":true, "fstring":true, "bytesize":8, "value":"activate", "encoding":"US-ASCII", "flags":{"wb_protected":true, "old":true, "marked":true}}
{"address":"0x7fc96c819e98", "type":"ARRAY", "class":"0x7fc96c84a048", "length":0, "flags":{"wb_protected":true, "old":true, "marked":true}}
{"address":"0x7fc96c819ec0", "type":"OBJECT", "class":"0x7fc96c8f82d8", "ivars":3, "references":["0x7fc96c819e48", "0x7fc96c81a618"], "flags":{"wb_protected":true, "old":true, "marked":true}}
{"address":"0x7fc96c819ee8", "type":"STRING", "class":"0x7fc96c801668", "frozen":true, "embedded":true, "fstring":true, "bytesize":7, "value":"@prefix", "encoding":"US-ASCII", "flags":{"wb_protected":true, "old":true, "marked":true}}
{"address":"0x7fc96c819f60", "type":"STRING", "class":"0x7fc96c801668", "frozen":true, "embedded":true, "fstring":true, "bytesize":4, "value":"hook", "encoding":"US-ASCII", "flags":{"wb_protected":true, "old":true, "marked":true}}
{"address":"0x7fc96c819fb0", "type":"STRING", "class":"0x7fc96c801668", "frozen":true, "embedded":true, "fstring":true, "bytesize":13, "value":"base_notifier", "encoding":"US-ASCII", "flags":{"wb_protected":true, "old":true, "marked":true}}
{"address":"0x7fc96c81a000", "type":"STRING", "class":"0x7fc96c801668", "frozen":true, "embedded":true, "fstring":true, "bytesize":10, "value":"post_build", "encoding":"US-ASCII", "flags":{"wb_protected":true, "old":true, "marked":true}}
{"address":"0x7fc96c81a0a0", "type":"STRING", "class":"0x7fc96c801668", "frozen":true, "embedded":true, "fstring":true, "bytesize":16, "value":"AbstractNotifier", "encoding":"US-ASCII", "flags":{"wb_protected":true, "old":true, "marked":true}}
{"address":"0x7fc96c81a118", "type":"STRING", "class":"0x7fc96c801668", "frozen":true, "bytesize":65, "capacity":128, "value":"/Users/antoine/.rvm/gems/ruby-2.0.0-p247/gems/yajl-ruby-1.1.0/lib", "encoding":"US-ASCII", "memsize":129, "flags":{"wb_protected":true, "old":true, "marked":true}}
{"address":"0x7fc96c81a168", "type":"STRING", "class":"0x7fc96c801668", "frozen":true, "embedded":true, "fstring":true, "bytesize":10, "value":"activated?", "encoding":"US-ASCII", "flags":{"wb_protected":true, "old":true, "marked":true}}
{"address":"0x7fc96c81a190", "type":"ARRAY", "class":"0x7fc96c84a048", "length":0, "flags":{"wb_protected":true, "old":true, "marked":true}}
{"address":"0x7fc96c81a208", "type":"STRING", "class":"0x7fc96c801668", "frozen":true, "fstring":true, "bytesize":28, "value":"$(cflags)  -fno-common -pipe", "encoding":"UTF-8", "memsize":29, "flags":{"wb_protected":true, "old":true, "marked":true}}
{"address":"0x7fc96c81a258", "type":"STRING", "class":"0x7fc96c801668", "frozen":true, "embedded":true, "bytesize":1, "value":"*", "encoding":"UTF-8", "flags":{"wb_protected":true, "old":true, "marked":true}}
{"address":"0x7fc96c81a280", "type":"HASH", "class":"0x7fc96c849918", "size":2, "references":["0x7fc96c819df8", "0x7fc96c819ec0", "0x7fc96c903750", "0x7fc96c9037c8"], "memsize":192, "flags":{"wb_protected":true, "old":true, "remembered":true, "marked":true}}
{"address":"0x7fc96c81a2a8", "type":"OBJECT", "class":"0x7fc96c8f82d8", "ivars":3, "references":["0x7fc96c81a280", "0x7fc96c81a618"], "flags":{"wb_protected":true, "old":true, "marked":true}}
{"address":"0x7fc96c81a2d0", "type":"REGEXP", "class":"0x7fc96c8491e8", "references":["0x7fc96c819dd0"], "memsize":473, "flags":{"wb_protected":true, "old":true, "marked":true}}
{"address":"0x7fc96c81a2f8", "type":"STRING", "class":"0x7fc96c801668", "frozen":true, "embedded":true, "fstring":true, "bytesize":12, "value":"find_by_path", "encoding":"US-ASCII", "flags":{"wb_protected":true, "old":true, "marked":true}}
{"address":"0x7fc96c81a3c0", "type":"STRING", "class":"0x7fc96c801668", "frozen":true, "fstring":true, "bytesize":127, "value":"-L. -fstack-protector -L/usr/local/lib -L/usr/local/opt/libyaml/lib -L/usr/local/opt/openssl/lib -L/usr/local/opt/readline/lib ", "encoding":"UTF-8", "memsize":128, "flags":{"wb_protected":true, "old":true, "marked":true}}
{"address":"0x7fc96c81a438", "type":"STRING", "class":"0x7fc96c801668", "frozen":true, "bytesize":117, "capacity":128, "value":"/Users/antoine/.rvm/gems/ruby-2.0.0-p247/gems/yajl-ruby-1.1.0/../../extensions/x86_64-darwin-13/2.1.0/yajl-ruby-1.1.0", "encoding":"US-ASCII", "memsize":129, "flags":{"wb_protected":true, "old":true, "marked":true}}
{"address":"0x7fc96c81a488", "type":"STRING", "class":"0x7fc96c801668", "frozen":true, "fstring":true, "bytesize":195, "value":" -I/usr/local/opt/libyaml/include -I/usr/local/opt/openssl/include -I/usr/local/opt/readline/include -D_XOPEN_SOURCE -D_DARWIN_C_SOURCE -D_DARWIN_UNLIMITED_SELECT -D_REENTRANT $(DEFS) $(cppflags)", "encoding":"UTF-8", "memsize":196, "flags":{"wb_protected":true, "old":true, "marked":true}}
{"address":"0x7fc96c81a4b0", "type":"STRING", "class":"0x7fc96c801668", "frozen":true, "embedded":true, "fstring":true, "bytesize":21, "value":"find_inactive_by_path", "encoding":"US-ASCII", "flags":{"wb_protected":true, "old":true, "marked":true}}
{"address":"0x7fc96c81a500", "type":"STRING", "class":"0x7fc96c801668", "frozen":true, "embedded":true, "fstring":true, "bytesize":13, "value":"Specification", "encoding":"US-ASCII", "flags":{"wb_protected":true, "old":true, "marked":true}}
{"address":"0x7fc96c81a550", "type":"STRING", "class":"0x7fc96c801668", "frozen":true, "embedded":true, "fstring":true, "bytesize":17, "value":"CompositeNotifier", "encoding":"US-ASCII", "flags":{"wb_protected":true, "old":true, "marked":true}}
{"address":"0x7fc96c81a578", "type":"STRING", "class":"0x7fc96c801668", "frozen":true, "embedded":true, "fstring":true, "bytesize":4, "value":"spec", "encoding":"US-ASCII", "flags":{"wb_protected":true, "old":true, "marked":true}}
{"address":"0x7fc96c81a5a0", "type":"STRING", "class":"0x7fc96c801668", "shared":true, "encoding":"US-ASCII", "references":["0x7fc96c81a118"], "flags":{"wb_protected":true, "old":true, "marked":true}}
{"address":"0x7fc96c81a5f0", "type":"STRING", "class":"0x7fc96c801668", "shared":true, "encoding":"US-ASCII", "references":["0x7fc96c81a438"], "flags":{"wb_protected":true, "old":true, "marked":true}}
{"address":"0x7fc96c81a618", "type":"DATA", "class":"0x7fc96c83b020", "struct":"proc", "references":["0x7fc96c821bc0", "0x7fc96c81a618", "0x7fc96c821df0"], "memsize":72, "flags":{"remembered":true}}
{"address":"0x7fc96c81a640", "type":"ARRAY", "class":"0x7fc96c84a048", "length":2, "embedded":true, "references":["0x7fc96c81a5f0", "0x7fc96c81a5a0"], "flags":{"wb_protected":true, "old":true, "marked":true}}
{"address":"0x7fc96c81a668", "type":"STRING", "class":"0x7fc96c801668", "bytesize":71, "capacity":128, "value":"/usr/local/Cellar/ruby/2.1.1/lib/ruby/gems/2.1.0/specifications/default", "encoding":"UTF-8", "memsize":129, "flags":{"wb_protected":true, "old":true, "marked":true}}
{"address":"0x7fc96c81a708", "type":"STRING", "class":"0x7fc96c801668", "frozen":true, "embedded":true, "fstring":true, "bytesize":12, "value":"try_activate", "encoding":"US-ASCII", "flags":{"wb_protected":true, "old":true, "marked":true}}
{"address":"0x7fc96c81a758", "type":"ARRAY", "class":"0x7fc96c84a048", "length":0, "flags":{"wb_protected":true, "old":true, "marked":true}}
{"address":"0x7fc96c81a848", "type":"ARRAY", "class":"0x7fc96c84a048", "length":0, "flags":{"wb_protected":true, "old":true, "marked":true}}
{"address":"0x7fc96c81a8c0", "type":"STRING", "class":"0x7fc96c801668", "embedded":true, "bytesize":3, "value":"bin", "encoding":"UTF-8", "flags":{"wb_protected":true, "old":true, "marked":true}}
{"address":"0x7fc96c81a938", "type":"STRING", "class":"0x7fc96c801668", "frozen":true, "embedded":true, "fstring":true, "bytesize":17, "value":"@post_reset_hooks", "encoding":"US-ASCII", "flags":{"wb_protected":true, "old":true, "marked":true}}
{"address":"0x7fc96c81a9d8", "type":"STRING", "class":"0x7fc96c801668", "frozen":true, "embedded":true, "bytesize":1, "value":"\n", "encoding":"UTF-8", "flags":{"wb_protected":true, "old":true, "marked":true}}
{"address":"0x7fc96c81aa00", "type":"HASH", "class":"0x7fc96c849918", "size":0, "flags":{"wb_protected":true, "old":true, "marked":true}}
{"address":"0x7fc96c81aa28", "type":"OBJECT", "class":"0x7fc96c8f82d8", "ivars":3, "references":["0x7fc96c81aa00", "0x7fc96c81ac08"], "flags":{"wb_protected":true, "old":true, "marked":true}}
{"address":"0x7fc96c81aa50", "type":"STRING", "class":"0x7fc96c801668", "frozen":true, "embedded":true, "fstring":true, "bytesize":16, "value":"@pre_reset_hooks", "encoding":"US-ASCII", "flags":{"wb_protected":true, "old":true, "marked":true}}
{"address":"0x7fc96c81aac8", "type":"STRING", "class":"0x7fc96c801668", "frozen":true, "embedded":true, "fstring":true, "bytesize":20, "value":"ErrUnrecognizedLevel", "encoding":"US-ASCII", "flags":{"wb_protected":true, "old":true, "marked":true}}
{"address":"0x7fc96c81ab68", "type":"STRING", "class":"0x7fc96c801668", "frozen":true, "embedded":true, "fstring":true, "bytesize":18, "value":"@pre_install_hooks", "encoding":"US-ASCII", "flags":{"wb_protected":true, "old":true, "marked":true}}
{"address":"0x7fc96c81ac08", "type":"DATA", "class":"0x7fc96c83b020", "struct":"proc", "references":["0x7fc96c821bc0", "0x7fc96c81ac08", "0x7fc96c821df0"], "memsize":72, "flags":{"remembered":true}}
{"address":"0x7fc96c81ac58", "type":"STRING", "class":"0x7fc96c801668", "frozen":true, "embedded":true, "bytesize":1, "value":"=", "encoding":"UTF-8", "flags":{"wb_protected":true, "old":true, "marked":true}}
{"address":"0x7fc96c81ac80", "type":"STRING", "class":"0x7fc96c801668", "frozen":true, "embedded":true, "fstring":true, "bytesize":20, "value":"@pre_uninstall_hooks", "encoding":"US-ASCII", "flags":{"wb_protected":true, "old":true, "marked":true}}
{"address":"0x7fc96c81aca8", "type":"STRING", "class":"0x7fc96c801668", "frozen":true, "embedded":true, "bytesize":1, "value":"b", "encoding":"UTF-8", "flags":{"wb_protected":true, "old":true, "marked":true}}
{"address":"0x7fc96c81acd0", "type":"STRING", "class":"0x7fc96c801668", "frozen":true, "embedded":true, "fstring":true, "bytesize":20, "value":"ErrUndefinedNotifier", "encoding":"US-ASCII", "flags":{"wb_protected":true, "old":true, "marked":true}}
{"address":"0x7fc96c81acf8", "type":"STRING", "class":"0x7fc96c801668", "frozen":true, "embedded":true, "bytesize":1, "value":"e", "encoding":"UTF-8", "flags":{"wb_protected":true, "old":true, "marked":true}}
{"address":"0x7fc96c81ad20", "type":"STRING", "class":"0x7fc96c801668", "frozen":true, "embedded":true, "bytesize":1, "value":"g", "encoding":"UTF-8", "flags":{"wb_protected":true, "old":true, "marked":true}}
{"address":"0x7fc96c81ad48", "type":"STRING", "class":"0x7fc96c801668", "frozen":true, "embedded":true, "bytesize":1, "value":"i", "encoding":"UTF-8", "flags":{"wb_protected":true, "old":true, "marked":true}}
{"address":"0x7fc96c81ad70", "type":"STRING", "class":"0x7fc96c801668", "frozen":true, "embedded":true, "bytesize":1, "value":"n", "encoding":"UTF-8", "flags":{"wb_protected":true, "old":true, "marked":true}}
{"address":"0x7fc96c81ad98", "type":"STRING", "class":"0x7fc96c801668", "frozen":true, "embedded":true, "fstring":true, "bytesize":21, "value":"@post_uninstall_hooks", "encoding":"US-ASCII", "flags":{"wb_protected":true, "old":true, "marked":true}}
{"address":"0x7fc96c81adc0", "type":"HASH", "class":"0x7fc96c849918", "size":0, "flags":{"wb_protected":true, "old":true, "marked":true}}
{"address":"0x7fc96c81ade8", "type":"OBJECT", "class":"0x7fc96c8f82d8", "ivars":3, "references":["0x7fc96c81adc0", "0x7fc96c81b540", "0x7fc96c81b518"], "flags":{"wb_protected":true, "old":true, "marked":true}}
{"address":"0x7fc96c81ae10", "type":"HASH", "class":"0x7fc96c849918", "size":1, "references":["0x7fc96c81ad70", "0x7fc96c81ade8"], "memsize":192, "flags":{"wb_protected":true, "old":true, "marked":true}}
{"address":"0x7fc96c81ae38", "type":"OBJECT", "class":"0x7fc96c8f82d8", "ivars":3, "references":["0x7fc96c81ae10"], "flags":{"wb_protected":true, "old":true, "marked":true}}
{"address":"0x7fc96c81ae60", "type":"HASH", "class":"0x7fc96c849918", "size":1, "references":["0x7fc96c81ad48", "0x7fc96c81ae38"], "memsize":192, "flags":{"wb_protected":true, "old":true, "marked":true}}
{"address":"0x7fc96c81ae88", "type":"OBJECT", "class":"0x7fc96c8f82d8", "ivars":3, "references":["0x7fc96c81ae60"], "flags":{"wb_protected":true, "old":true, "marked":true}}
{"address":"0x7fc96c81aeb0", "type":"STRING", "class":"0x7fc96c801668", "frozen":true, "embedded":true, "fstring":true, "bytesize":19, "value":"@post_install_hooks", "encoding":"US-ASCII", "flags":{"wb_protected":true, "old":true, "marked":true}}
{"address":"0x7fc96c81aed8", "type":"HASH", "class":"0x7fc96c849918", "size":1, "references":["0x7fc96c81ad20", "0x7fc96c81ae88"], "memsize":192, "flags":{"wb_protected":true, "old":true, "marked":true}}
{"address":"0x7fc96c81af00", "type":"OBJECT", "class":"0x7fc96c8f82d8", "ivars":3, "references":["0x7fc96c81aed8"], "flags":{"wb_protected":true, "old":true, "marked":true}}
{"address":"0x7fc96c81af28", "type":"HASH", "class":"0x7fc96c849918", "size":1, "references":["0x7fc96c81acf8", "0x7fc96c81af00"], "memsize":192, "flags":{"wb_protected":true, "old":true, "marked":true}}
{"address":"0x7fc96c81af50", "type":"STRING", "class":"0x7fc96c801668", "frozen":true, "embedded":true, "fstring":true, "bytesize":4, "value":"RUBY", "encoding":"US-ASCII", "flags":{"wb_protected":true, "old":true, "marked":true}}
{"address":"0x7fc96c81af78", "type":"OBJECT", "class":"0x7fc96c8f82d8", "ivars":3, "references":["0x7fc96c81af28"], "flags":{"wb_protected":true, "old":true, "marked":true}}
{"address":"0x7fc96c81afa0", "type":"HASH", "class":"0x7fc96c849918", "size":3, "references":["0x7fc96c81aca8", "0x7fc96c81af78", "0x7fc96c8198f8", "0x7fc96c819970", "0x7fc96c8192e0", "0x7fc96c819358"], "memsize":192, "flags":{"wb_protected":true, "old":true, "marked":true}}
{"address":"0x7fc96c81afc8", "type":"STRING", "class":"0x7fc96c801668", "frozen":true, "embedded":true, "fstring":true, "bytesize":17, "value":"@post_build_hooks", "encoding":"US-ASCII", "flags":{"wb_protected":true, "old":true, "marked":true}}
{"address":"0x7fc96c81aff0", "type":"OBJECT", "class":"0x7fc96c8f82d8", "ivars":3, "references":["0x7fc96c81afa0", "0x7fc96c81a618"], "flags":{"wb_protected":true, "old":true, "marked":true}}
{"address":"0x7fc96c81b068", "type":"STRING", "class":"0x7fc96c801668", "frozen":true, "embedded":true, "fstring":true, "bytesize":8, "value":"Platform", "encoding":"US-ASCII", "flags":{"wb_protected":true, "old":true, "marked":true}}
{"address":"0x7fc96c81b0b8", "type":"STRING", "class":"0x7fc96c801668", "frozen":true, "embedded":true, "fstring":true, "bytesize":8, "value":"@sources", "encoding":"US-ASCII", "flags":{"wb_protected":true, "old":true, "marked":true}}
{"address":"0x7fc96c81b180", "type":"STRING", "class":"0x7fc96c801668", "frozen":true, "embedded":true, "fstring":true, "bytesize":17, "value":"@ruby_api_version", "encoding":"US-ASCII", "flags":{"wb_protected":true, "old":true, "marked":true}}
{"address":"0x7fc96c81b248", "type":"STRING", "class":"0x7fc96c801668", "frozen":true, "embedded":true, "fstring":true, "bytesize":5, "value":"@ruby", "encoding":"US-ASCII", "flags":{"wb_protected":true, "old":true, "marked":true}}
{"address":"0x7fc96c81b310", "type":"STRING", "class":"0x7fc96c801668", "frozen":true, "embedded":true, "fstring":true, "bytesize":10, "value":"@platforms", "encoding":"US-ASCII", "flags":{"wb_protected":true, "old":true, "marked":true}}
{"address":"0x7fc96c81b3d8", "type":"STRING", "class":"0x7fc96c801668", "frozen":true, "fstring":true, "bytesize":25, "value":"@path_to_default_spec_map", "encoding":"US-ASCII", "memsize":26, "flags":{"wb_protected":true, "old":true, "marked":true}}
{"address":"0x7fc96c81b428", "type":"OBJECT", "class":"0x7fc96d074e30", "ivars":50, "references":["0x7fc96c812788", "0x7fc96c8c8b28", "0x7fc96c8c90f0", "0x7fc96c8c92a8", "0x7fc96c813c78", "0x7fc96c813c00", "0x7fc96c8139d0", "0x7fc96c818e30", "0x7fc96c812990", "0x7fc96c8127b0", "0x7fc96c818de0", "0x7fc96c818020", "0x7fc96c81a8c0", "0x7fc96c81a848", "0x7fc96c813de0", "0x7fc96c81a758", "0x7fc96c813bb0", "0x7fc96c81a190", "0x7fc96c813b10", "0x7fc96c813a20", "0x7fc96c819e98", "0x7fc96c819c68", "0x7fc96c819ba0", "0x7fc96c8137c8", "0x7fc96c813610", "0x7fc96c8135c0", "0x7fc96c818728", "0x7fc96c8194e8", "0x7fc96c812940", "0x7fc96c818f48", "0x7fc96c8c82e0", "0x7fc96c8c9000"], "memsize":400, "flags":{"wb_protected":true, "old":true, "marked":true}}
{"address":"0x7fc96c81b478", "type":"ARRAY", "class":"0x7fc96c84a048", "length":5, "memsize":40, "flags":{"wb_protected":true, "old":true, "marked":true}}
{"address":"0x7fc96c81b4a0", "type":"STRING", "class":"0x7fc96c801668", "frozen":true, "embedded":true, "fstring":true, "bytesize":13, "value":"@loaded_specs", "encoding":"US-ASCII", "flags":{"wb_protected":true, "old":true, "marked":true}}
{"address":"0x7fc96c81b518", "type":"DATA", "class":"0x7fc96c83b020", "struct":"proc", "references":["0x7fc96c821bc0", "0x7fc96c81b518", "0x7fc96c821df0"], "memsize":72, "flags":{"remembered":true}}
{"address":"0x7fc96c81b540", "type":"DATA", "class":"0x7fc96c83b020", "struct":"proc", "references":["0x7fc96c821bc0", "0x7fc96c81b540", "0x7fc96c821df0"], "memsize":72, "flags":{"remembered":true}}
{"address":"0x7fc96c81b568", "type":"STRING", "class":"0x7fc96c801668", "frozen":true, "embedded":true, "fstring":true, "bytesize":14, "value":"@configuration", "encoding":"US-ASCII", "flags":{"wb_protected":true, "old":true, "marked":true}}
{"address":"0x7fc96c81b590", "type":"STRING", "class":"0x7fc96c801668", "frozen":true, "bytesize":59, "value":"/usr/local/Cellar/ruby/2.1.1/lib/ruby/2.1.0/irb/notifier.rb", "memsize":60, "flags":{"wb_protected":true, "old":true, "marked":true}}
{"address":"0x7fc96c81b5e0", "type":"STRING", "class":"0x7fc96c801668", "frozen":true, "embedded":true, "bytesize":1, "value":"#", "encoding":"UTF-8", "flags":{"wb_protected":true, "old":true, "marked":true}}
{"address":"0x7fc96c81b608", "type":"STRING", "class":"0x7fc96c801668", "frozen":true, "embedded":true, "fstring":true, "bytesize":5, "value":"2.0.6", "encoding":"UTF-8", "flags":{"wb_protected":true, "old":true, "marked":true}}
{"address":"0x7fc96c81b630", "type":"HASH", "class":"0x7fc96c849918", "size":0, "flags":{"wb_protected":true, "old":true, "marked":true}}
{"address":"0x7fc96c81b658", "type":"STRING", "class":"0x7fc96c801668", "frozen":true, "embedded":true, "fstring":true, "bytesize":14, "value":"@@win_platform", "encoding":"US-ASCII", "flags":{"wb_protected":true, "old":true, "marked":true}}
{"address":"0x7fc96c81b680", "type":"OBJECT", "class":"0x7fc96c8f82d8", "ivars":3, "references":["0x7fc96c81b630", "0x7fc96c81b8d8"], "flags":{"wb_protected":true, "old":true, "marked":true}}
{"address":"0x7fc96c81b6d0", "type":"STRING", "class":"0x7fc96c801668", "frozen":true, "fstring":true, "bytesize":59, "capacity":86, "value":"/usr/local/Cellar/ruby/2.1.1/lib/ruby/2.1.0/irb/notifier.rb", "encoding":"US-ASCII", "memsize":87, "flags":{"wb_protected":true, "old":true, "marked":true}}
{"address":"0x7fc96c81b748", "type":"STRING", "class":"0x7fc96c801668", "frozen":true, "embedded":true, "bytesize":12, "value":"irb/notifier", "encoding":"UTF-8", "flags":{"wb_protected":true, "old":true, "marked":true}}
{"address":"0x7fc96c81b798", "type":"STRING", "class":"0x7fc96c801668", "frozen":true, "fstring":true, "bytesize":49, "value":"Archive::Tar::MiniTar -- A POSIX tarchive library", "encoding":"UTF-8", "memsize":50, "flags":{"wb_protected":true, "old":true, "marked":true}}
{"address":"0x7fc96c81b7e8", "type":"STRING", "class":"0x7fc96c801668", "embedded":true, "bytesize":12, "value":"irb/notifier", "encoding":"UTF-8", "flags":{"wb_protected":true, "old":true, "marked":true}}
{"address":"0x7fc96c81b810", "type":"STRING", "class":"0x7fc96c801668", "frozen":true, "fstring":true, "bytesize":37, "value":"http://rubyforge.org/projects/ruwiki/", "encoding":"UTF-8", "memsize":38, "flags":{"wb_protected":true, "old":true, "marked":true}}
{"address":"0x7fc96c81b8b0", "type":"STRING", "class":"0x7fc96c801668", "frozen":true, "fstring":true, "bytesize":37, "value":"REPOSITORY_DEFAULT_GEM_SUBDIRECTORIES", "encoding":"US-ASCII", "memsize":38, "flags":{"wb_protected":true, "old":true, "marked":true}}
{"address":"0x7fc96c81b8d8", "type":"DATA", "class":"0x7fc96c83b020", "struct":"proc", "references":["0x7fc96c821bc0", "0x7fc96c81b8d8", "0x7fc96c821df0"], "memsize":72, "flags":{"remembered":true}}
{"address":"0x7fc96c81b900", "type":"STRING", "class":"0x7fc96c801668", "frozen":true, "embedded":true, "fstring":true, "bytesize":1, "value":"2", "encoding":"UTF-8", "flags":{"wb_protected":true, "old":true, "marked":true}}
{"address":"0x7fc96c81b928", "type":"STRING", "class":"0x7fc96c801668", "frozen":true, "embedded":true, "fstring":true, "bytesize":20, "value":"validate_permissions", "encoding":"US-ASCII", "flags":{"wb_protected":true, "old":true, "marked":true}}
{"address":"0x7fc96c81b978", "type":"STRING", "class":"0x7fc96c801668", "frozen":true, "embedded":true, "bytesize":1, "value":"\u0011", "encoding":"UTF-8", "flags":{"wb_protected":true, "old":true, "marked":true}}
{"address":"0x7fc96c81b9a0", "type":"STRING", "class":"0x7fc96c801668", "frozen":true, "fstring":true, "bytesize":286, "value":"Archive::Tar::Minitar is a pure-Ruby library and command-line utility that provides the ability to deal with POSIX tar(1) archive files. The implementation is based heavily on Mauricio Ferna'ndez's implementation in rpa-base, but has been reorganised to promote reuse in other projects.", "encoding":"UTF-8", "memsize":287, "flags":{"wb_protected":true, "old":true, "marked":true}}
{"address":"0x7fc96c81b9c8", "type":"HASH", "class":"0x7fc96c849918", "size":0, "flags":{"wb_protected":true, "old":true, "marked":true}}
{"address":"0x7fc96c81b9f0", "type":"STRING", "class":"0x7fc96c801668", "frozen":true, "fstring":true, "bytesize":35, "value":"Austin Ziegler, Mauricio Ferna'ndez", "encoding":"UTF-8", "memsize":36, "flags":{"wb_protected":true, "old":true, "marked":true}}
{"address":"0x7fc96c81ba18", "type":"OBJECT", "class":"0x7fc96c8f82d8", "ivars":3, "references":["0x7fc96c81b9c8", "0x7fc96c820e28"], "flags":{"wb_protected":true, "old":true, "marked":true}}
{"address":"0x7fc96c81ba68", "type":"DATA", "class":"0x7fc96c833488", "struct":"iseq", "references":["0x7fc96c820180", "0x7fc96c047850", "0x7fc96c037798", "0x7fc96c037798", "0x7fc96c821cd8"], "memsize":560, "flags":{"wb_protected":true, "old":true, "marked":true}}
{"address":"0x7fc96c81bab8", "type":"ARRAY", "length":1, "embedded":true, "references":["0x7fc96c81bef0"], "flags":{"wb_protected":true, "old":true, "marked":true}}
{"address":"0x7fc96c81bb30", "type":"STRING", "class":"0x7fc96c801668", "frozen":true, "fstring":true, "bytesize":13, "capacity":120, "value":"block in load", "memsize":121, "flags":{"wb_protected":true, "old":true, "marked":true}}
{"address":"0x7fc96c81bb80", "type":"DATA", "class":"0x7fc96c833488", "struct":"iseq", "references":["0x7fc96c81bab8", "0x7fc96c820180", "0x7fc96c047850", "0x7fc96c037798", "0x7fc96c037798", "0x7fc96c821cd8"], "memsize":720, "flags":{"wb_protected":true, "old":true, "marked":true}}
{"address":"0x7fc96c81bba8", "type":"ARRAY", "class":"0x7fc96c84a048", "length":1, "embedded":true, "references":["0x7fc96c81b478"], "flags":{"wb_protected":true, "old":true, "marked":true}}
{"address":"0x7fc96c81bbf8", "type":"ARRAY", "length":1, "embedded":true, "references":["0x7fc96c8200e0"], "flags":{"wb_protected":true, "old":true, "marked":true}}
{"address":"0x7fc96c81bc70", "type":"STRING", "class":"0x7fc96c801668", "frozen":true, "embedded":true, "bytesize":1, "value":"\r", "encoding":"UTF-8", "flags":{"wb_protected":true, "old":true, "marked":true}}
{"address":"0x7fc96c81bc98", "type":"HASH", "class":"0x7fc96c849918", "size":0, "flags":{"wb_protected":true, "old":true, "marked":true}}
{"address":"0x7fc96c81bcc0", "type":"DATA", "class":"0x7fc96c833488", "struct":"iseq", "references":["0x7fc96c81bbf8", "0x7fc96c820180", "0x7fc96c047850", "0x7fc96c037798", "0x7fc96c037798", "0x7fc96c821cd8"], "memsize":720, "flags":{"wb_protected":true, "old":true, "marked":true}}
{"address":"0x7fc96c81bce8", "type":"OBJECT", "class":"0x7fc96c8f82d8", "ivars":3, "references":["0x7fc96c81bc98", "0x7fc96c820e28"], "flags":{"wb_protected":true, "old":true, "marked":true}}
{"address":"0x7fc96c81bd10", "type":"STRING", "class":"0x7fc96c801668", "frozen":true, "embedded":true, "fstring":true, "bytesize":8, "value":"case 3:\n", "encoding":"UTF-8", "flags":{"wb_protected":true, "old":true, "marked":true}}
{"address":"0x7fc96c81bd38", "type":"STRING", "class":"0x7fc96c801668", "frozen":true, "embedded":true, "fstring":true, "bytesize":8, "value":"case 2:\n", "encoding":"UTF-8", "flags":{"wb_protected":true, "old":true, "marked":true}}
{"address":"0x7fc96c81bd60", "type":"STRING", "class":"0x7fc96c801668", "frozen":true, "embedded":true, "fstring":true, "bytesize":8, "value":"case 1:\n", "encoding":"UTF-8", "flags":{"wb_protected":true, "old":true, "marked":true}}
{"address":"0x7fc96c81bd88", "type":"STRING", "class":"0x7fc96c801668", "frozen":true, "embedded":true, "fstring":true, "bytesize":3, "value":"2: ", "encoding":"UTF-8", "flags":{"wb_protected":true, "old":true, "marked":true}}
{"address":"0x7fc96c81bdd8", "type":"ARRAY", "length":1, "embedded":true, "references":["0x7fc96c81bef0"], "flags":{"wb_protected":true, "old":true, "marked":true}}
{"address":"0x7fc96c81be00", "type":"STRING", "class":"0x7fc96c801668", "frozen":true, "fstring":true, "bytesize":25, "value":"REPOSITORY_SUBDIRECTORIES", "encoding":"US-ASCII", "memsize":26, "flags":{"wb_protected":true, "old":true, "marked":true}}
{"address":"0x7fc96c81be78", "type":"STRING", "class":"0x7fc96c801668", "frozen":true, "embedded":true, "fstring":true, "bytesize":9, "value":"platforms", "encoding":"US-ASCII", "flags":{"wb_protected":true, "old":true, "marked":true}}
{"address":"0x7fc96c81bea0", "type":"STRING", "class":"0x7fc96c801668", "frozen":true, "embedded":true, "fstring":true, "bytesize":10, "value":"platforms=", "encoding":"UTF-8", "flags":{"wb_protected":true, "old":true, "marked":true}}
{"address":"0x7fc96c81bef0", "type":"STRING", "class":"0x7fc96c801668", "frozen":true, "embedded":true, "fstring":true, "bytesize":3, "value":"==\n", "encoding":"UTF-8", "flags":{"wb_protected":true, "old":true, "marked":true}}
{"address":"0x7fc96c81bf68", "type":"DATA", "class":"0x7fc96c833488", "struct":"iseq", "references":["0x7fc96c81bdd8", "0x7fc96c820180", "0x7fc96c047850", "0x7fc96c037798", "0x7fc96c037798", "0x7fc96c821cd8"], "memsize":720, "flags":{"wb_protected":true, "old":true, "marked":true}}
{"address":"0x7fc96c820018", "type":"STRING", "class":"0x7fc96c801668", "frozen":true, "embedded":true, "fstring":true, "bytesize":3, "value":"1: ", "encoding":"UTF-8", "flags":{"wb_protected":true, "old":true, "marked":true}}
{"address":"0x7fc96c820068", "type":"ARRAY", "length":1, "embedded":true, "references":["0x7fc96c8200e0"], "flags":{"wb_protected":true, "old":true, "marked":true}}
{"address":"0x7fc96c820090", "type":"STRING", "class":"0x7fc96c801668", "frozen":true, "embedded":true, "bytesize":1, "value":"\f", "encoding":"UTF-8", "flags":{"wb_protected":true, "old":true, "marked":true}}
{"address":"0x7fc96c8200b8", "type":"HASH", "class":"0x7fc96c849918", "size":0, "flags":{"wb_protected":true, "old":true, "marked":true}}
{"address":"0x7fc96c8200e0", "type":"STRING", "class":"0x7fc96c801668", "frozen":true, "embedded":true, "fstring":true, "bytesize":2, "value":"=\n", "encoding":"UTF-8", "flags":{"wb_protected":true, "old":true, "marked":true}}
{"address":"0x7fc96c820108", "type":"OBJECT", "class":"0x7fc96c8f82d8", "ivars":3, "references":["0x7fc96c8200b8", "0x7fc96c820e28"], "flags":{"wb_protected":true, "old":true, "marked":true}}
{"address":"0x7fc96c820158", "type":"DATA", "class":"0x7fc96c833488", "struct":"iseq", "references":["0x7fc96c820068", "0x7fc96c820180", "0x7fc96c047850", "0x7fc96c037798", "0x7fc96c037798", "0x7fc96c821cd8"], "memsize":720, "flags":{"wb_protected":true, "old":true, "marked":true}}
{"address":"0x7fc96c820180", "type":"STRING", "class":"0x7fc96c801668", "frozen":true, "fstring":true, "bytesize":25, "capacity":120, "value":"block in <top (required)>", "memsize":121, "flags":{"wb_protected":true, "old":true, "marked":true}}
{"address":"0x7fc96c8201d0", "type":"STRING", "class":"0x7fc96c801668", "frozen":true, "embedded":true, "fstring":true, "bytesize":13, "value":"GEM_DEP_FILES", "encoding":"US-ASCII", "flags":{"wb_protected":true, "old":true, "marked":true}}
{"address":"0x7fc96c8201f8", "type":"STRING", "class":"0x7fc96c801668", "frozen":true, "embedded":true, "fstring":true, "bytesize":3, "value":"0: ", "encoding":"UTF-8", "flags":{"wb_protected":true, "old":true, "marked":true}}
{"address":"0x7fc96c820220", "type":"HASH", "frozen":true, "size":2, "references":["0x7fc96d034588", "0x7fc96c81b900"], "memsize":192, "flags":{"wb_protected":true, "old":true, "marked":true}}
{"address":"0x7fc96c820248", "type":"ARRAY", "length":46, "references":["0x7fc96c821c10", "0x7fc96c820158", "0x7fc96c81bf68", "0x7fc96c81bcc0", "0x7fc96c81bb80", "0x7fc96c81ba68", "0x7fc96c820220", "0x7fc96c066610", "0x7fc96c821c60", "0x7fc96c037798", "0x7fc96d034588", "0x7fc96c81b900", "0x7fc96c8201f8", "0x7fc96d801978", "0x7fc96c8ab9b0", "0x7fc96c820018", "0x7fc96d801978", "0x7fc96c0468b0", "0x7fc96c81bd88", "0x7fc96d801978", "0x7fc96c81bd60", "0x7fc96c8ab9b0", "0x7fc96d801978", "0x7fc96c81bd38", "0x7fc96c0468b0", "0x7fc96d801978", "0x7fc96c81bd10", "0x7fc96d8664b8", "0x7fc96d801978", "0x7fc96c8201f8", "0x7fc96d801978", "0x7fc96c8ab9b0", "0x7fc96c820018", "0x7fc96d801978", "0x7fc96c0468b0", "0x7fc96c81bd88", "0x7fc96d801978", "0x7fc96c81bd60", "0x7fc96c8ab9b0", "0x7fc96d801978", "0x7fc96c81bd38", "0x7fc96c0468b0", "0x7fc96d801978", "0x7fc96c81bd10", "0x7fc96d8664b8", "0x7fc96d801978"], "memsize":448, "flags":{"wb_protected":true, "old":true, "marked":true}}
{"address":"0x7fc96c820270", "type":"ARRAY", "length":1, "embedded":true, "references":["0x7fc96c821b20"], "flags":{"wb_protected":true, "old":true, "marked":true}}
{"address":"0x7fc96c8202c0", "type":"STRING", "class":"0x7fc96c801668", "frozen":true, "embedded":true, "fstring":true, "bytesize":5, "value":"wince", "encoding":"US-ASCII", "flags":{"wb_protected":true, "old":true, "marked":true}}
{"address":"0x7fc96c8202e8", "type":"ARRAY", "length":5, "references":["0x7fc96c8204c8", "0x7fc96c0527c8", "0x7fc96c0527c8", "0x7fc96c820748", "0x7fc96c8206d0"], "memsize":160, "flags":{"wb_protected":true, "old":true, "marked":true}}
{"address":"0x7fc96c820310", "type":"ARRAY", "length":1, "embedded":true, "references":["0x7fc96c820720"], "flags":{"wb_protected":true, "old":true, "marked":true}}
{"address":"0x7fc96c820338", "type":"REGEXP", "class":"0x7fc96c8491e8", "references":["0x7fc96c8202c0"], "memsize":489, "flags":{"wb_protected":true, "old":true, "marked":true}}
{"address":"0x7fc96c8203d8", "type":"STRING", "class":"0x7fc96c801668", "frozen":true, "embedded":true, "fstring":true, "bytesize":15, "value":"marshal_version", "encoding":"US-ASCII", "flags":{"wb_protected":true, "old":true, "marked":true}}
{"address":"0x7fc96c820428", "type":"STRING", "class":"0x7fc96c801668", "frozen":true, "embedded":true, "fstring":true, "bytesize":5, "value":"mswin", "encoding":"US-ASCII", "flags":{"wb_protected":true, "old":true, "marked":true}}
{"address":"0x7fc96c820478", "type":"STRING", "class":"0x7fc96c801668", "frozen":true, "embedded":true, "bytesize":1, "value":"\t", "encoding":"UTF-8", "flags":{"wb_protected":true, "old":true, "marked":true}}
{"address":"0x7fc96c8204a0", "type":"REGEXP", "class":"0x7fc96c8491e8", "references":["0x7fc96c820428"], "memsize":489, "flags":{"wb_protected":true, "old":true, "marked":true}}
{"address":"0x7fc96c8204c8", "type":"DATA", "class":"0x7fc96c833488", "struct":"iseq", "references":["0x7fc96c820310", "0x7fc96c820518", "0x7fc96c02f868", "0x7fc96c037798", "0x7fc96c037798", "0x7fc96c820658"], "memsize":1016, "flags":{"wb_protected":true, "old":true, "marked":true}}
{"address":"0x7fc96c8204f0", "type":"STRING", "class":"0x7fc96c801668", "frozen":true, "embedded":true, "fstring":true, "bytesize":12, "value":"use_readline", "encoding":"US-ASCII", "flags":{"wb_protected":true, "old":true, "marked":true}}
{"address":"0x7fc96c820518", "type":"STRING", "class":"0x7fc96c801668", "frozen":true, "fstring":true, "bytesize":17, "capacity":120, "value":"block in match_io", "memsize":121, "flags":{"wb_protected":true, "old":true, "marked":true}}
{"address":"0x7fc96c820540", "type":"HASH", "class":"0x7fc96c849918", "size":0, "flags":{"wb_protected":true, "old":true, "marked":true}}
{"address":"0x7fc96c820568", "type":"OBJECT", "class":"0x7fc96c8f82d8", "ivars":3, "references":["0x7fc96c820540", "0x7fc96c820e28"], "flags":{"wb_protected":true, "old":true, "marked":true}}
{"address":"0x7fc96c820590", "type":"STRING", "class":"0x7fc96c801668", "frozen":true, "embedded":true, "fstring":true, "bytesize":5, "value":"mingw", "encoding":"US-ASCII", "flags":{"wb_protected":true, "old":true, "marked":true}}
{"address":"0x7fc96c820608", "type":"REGEXP", "class":"0x7fc96c8491e8", "references":["0x7fc96c820590"], "memsize":489, "flags":{"wb_protected":true, "old":true, "marked":true}}
{"address":"0x7fc96c820658", "type":"NODE", "node_type":"NODE_CREF", "references":["0x7fc96c8f82d8", "0x7fc96c821af8"], "flags":{"wb_protected":true, "old":true, "marked":true}}
{"address":"0x7fc96c820680", "type":"DATA", "class":"0x7fc96c833488", "struct":"iseq", "references":["0x7fc96c8202e8", "0x7fc96c02f868", "0x7fc96c02f868", "0x7fc96c037798", "0x7fc96c037798", "0x7fc96c820658", "0x7fc96c8f82d8"], "memsize":8032, "flags":{"wb_protected":true, "old":true, "marked":true}}
{"address":"0x7fc96c8206a8", "type":"ARRAY", "length":8, "references":["0x7fc96c0527c8", "0x7fc96c8207e8", "0x7fc96c820798", "0x7fc96d801978", "0x7fc96c820748", "0x7fc96c820720", "0x7fc96c8206d0", "0x7fc96c0527c8"], "memsize":160, "flags":{"wb_protected":true, "old":true, "marked":true}}
{"address":"0x7fc96c8206d0", "type":"STRING", "class":"0x7fc96c801668", "frozen":true, "embedded":true, "fstring":true, "bytesize":8, "value":"op3: %s\n", "encoding":"UTF-8", "flags":{"wb_protected":true, "old":true, "marked":true}}
{"address":"0x7fc96c8206f8", "type":"STRING", "class":"0x7fc96c801668", "frozen":true, "embedded":true, "fstring":true, "bytesize":5, "value":"djgpp", "encoding":"US-ASCII", "flags":{"wb_protected":true, "old":true, "marked":true}}
{"address":"0x7fc96c820720", "type":"STRING", "class":"0x7fc96c801668", "frozen":true, "embedded":true, "fstring":true, "bytesize":8, "value":"op2: %s\n", "encoding":"UTF-8", "flags":{"wb_protected":true, "old":true, "marked":true}}
{"address":"0x7fc96c820748", "type":"STRING", "class":"0x7fc96c801668", "frozen":true, "embedded":true, "fstring":true, "bytesize":8, "value":"op1: %s\n", "encoding":"UTF-8", "flags":{"wb_protected":true, "old":true, "marked":true}}
{"address":"0x7fc96c820770", "type":"REGEXP", "class":"0x7fc96c8491e8", "references":["0x7fc96c8206f8"], "memsize":489, "flags":{"wb_protected":true, "old":true, "marked":true}}
{"address":"0x7fc96c820798", "type":"STRING", "class":"0x7fc96c801668", "frozen":true, "embedded":true, "fstring":true, "bytesize":3, "value":"op:", "encoding":"UTF-8", "flags":{"wb_protected":true, "old":true, "marked":true}}
{"address":"0x7fc96c8207e8", "type":"STRING", "class":"0x7fc96c801668", "frozen":true, "embedded":true, "fstring":true, "bytesize":8, "value":"match>: ", "encoding":"UTF-8", "flags":{"wb_protected":true, "old":true, "marked":true}}
{"address":"0x7fc96c820860", "type":"STRING", "class":"0x7fc96c801668", "frozen":true, "embedded":true, "fstring":true, "bytesize":6, "value":"cygwin", "encoding":"US-ASCII", "flags":{"wb_protected":true, "old":true, "marked":true}}
{"address":"0x7fc96c8208b0", "type":"NODE", "node_type":"NODE_CREF", "references":["0x7fc96c8f82d8", "0x7fc96c821af8"], "flags":{"wb_protected":true, "old":true, "marked":true}}
{"address":"0x7fc96c8208d8", "type":"REGEXP", "class":"0x7fc96c8491e8", "references":["0x7fc96c820860"], "memsize":482, "flags":{"wb_protected":true, "old":true, "marked":true}}
{"address":"0x7fc96c820900", "type":"DATA", "class":"0x7fc96c833488", "struct":"iseq", "references":["0x7fc96c8206a8", "0x7fc96c801488", "0x7fc96c801488", "0x7fc96c037798", "0x7fc96c037798", "0x7fc96c8208b0", "0x7fc96c8f82d8"], "memsize":8352, "flags":{"wb_protected":true, "old":true, "marked":true}}
{"address":"0x7fc96c820928", "type":"ARRAY", "length":2, "embedded":true, "references":["0x7fc96c820978", "0x7fc96c820950"], "flags":{"wb_protected":true, "old":true, "marked":true}}
{"address":"0x7fc96c820950", "type":"STRING", "class":"0x7fc96c801668", "frozen":true, "fstring":true, "bytesize":33, "value":"change abstract node to real node", "encoding":"UTF-8", "memsize":34, "flags":{"wb_protected":true, "old":true, "marked":true}}
{"address":"0x7fc96c820978", "type":"STRING", "class":"0x7fc96c801668", "frozen":true, "fstring":true, "bytesize":34, "value":"change abstract node to real node.", "encoding":"UTF-8", "memsize":35, "flags":{"wb_protected":true, "old":true, "marked":true}}
{"address":"0x7fc96c8209c8", "type":"STRING", "class":"0x7fc96c801668", "frozen":true, "embedded":true, "fstring":true, "bytesize":6, "value":"bccwin", "encoding":"US-ASCII", "flags":{"wb_protected":true, "old":true, "marked":true}}
{"address":"0x7fc96c8209f0", "type":"STRING", "class":"0x7fc96c801668", "frozen":true, "embedded":true, "bytesize":1, "value":" ", "encoding":"UTF-8", "flags":{"wb_protected":true, "old":true, "marked":true}}
{"address":"0x7fc96c820a18", "type":"HASH", "class":"0x7fc96c849918", "size":0, "flags":{"wb_protected":true, "old":true, "marked":true}}
{"address":"0x7fc96c820a40", "type":"REGEXP", "class":"0x7fc96c8491e8", "references":["0x7fc96c8209c8"], "memsize":482, "flags":{"wb_protected":true, "old":true, "marked":true}}
{"address":"0x7fc96c820a68", "type":"NODE", "node_type":"NODE_CREF", "references":["0x7fc96c8f82d8", "0x7fc96c821af8"], "flags":{"wb_protected":true, "old":true, "marked":true}}
{"address":"0x7fc96c820a90", "type":"STRING", "class":"0x7fc96c801668", "frozen":true, "embedded":true, "fstring":true, "bytesize":7, "value":"warning", "encoding":"US-ASCII", "flags":{"wb_protected":true, "old":true, "marked":true}}
{"address":"0x7fc96c820ab8", "type":"DATA", "class":"0x7fc96c833488", "struct":"iseq", "references":["0x7fc96c820928", "0x7fc96c0341d8", "0x7fc96c0341d8", "0x7fc96c037798", "0x7fc96c037798", "0x7fc96c820a68", "0x7fc96c8f82d8"], "memsize":8944, "flags":{"wb_protected":true, "old":true, "marked":true}}
{"address":"0x7fc96c820ae0", "type":"OBJECT", "class":"0x7fc96c8f82d8", "ivars":3, "references":["0x7fc96c820a18", "0x7fc96c820e28"], "flags":{"wb_protected":true, "old":true, "marked":true}}
{"address":"0x7fc96c820b30", "type":"STRING", "class":"0x7fc96c801668", "frozen":true, "embedded":true, "fstring":true, "bytesize":12, "value":"WIN_PATTERNS", "encoding":"US-ASCII", "flags":{"wb_protected":true, "old":true, "marked":true}}
{"address":"0x7fc96c820b80", "type":"NODE", "node_type":"NODE_CREF", "references":["0x7fc96c8f82d8", "0x7fc96c821af8"], "flags":{"wb_protected":true, "old":true, "marked":true}}
{"address":"0x7fc96c820ba8", "type":"DATA", "class":"0x7fc96c833488", "struct":"iseq", "references":["0x7fc96c034e30", "0x7fc96c034e30", "0x7fc96c037798", "0x7fc96c037798", "0x7fc96c820b80", "0x7fc96c8f82d8"], "memsize":2888, "flags":{"wb_protected":true, "old":true, "marked":true}}
{"address":"0x7fc96c820bd0", "type":"ARRAY", "length":5, "references":["0x7fc96c820c98", "0x7fc96c820ba8", "0x7fc96c820ab8", "0x7fc96c820900", "0x7fc96c820680"], "memsize":160, "flags":{"wb_protected":true, "old":true, "marked":true}}
{"address":"0x7fc96c820c70", "type":"NODE", "node_type":"NODE_CREF", "references":["0x7fc96c8f82d8", "0x7fc96c821af8"], "flags":{"wb_protected":true, "old":true, "marked":true}}
{"address":"0x7fc96c820c98", "type":"DATA", "class":"0x7fc96c833488", "struct":"iseq", "references":["0x7fc96c803be8", "0x7fc96c803be8", "0x7fc96c037798", "0x7fc96c037798", "0x7fc96c820c70", "0x7fc96c8f82d8"], "memsize":1000, "flags":{"wb_protected":true, "old":true, "marked":true}}
{"address":"0x7fc96c820d10", "type":"NODE", "node_type":"NODE_CREF", "references":["0x7fc96c8f82d8", "0x7fc96c821af8"], "flags":{"wb_protected":true, "old":true, "marked":true}}
{"address":"0x7fc96c820d38", "type":"DATA", "class":"0x7fc96c833488", "struct":"iseq", "references":["0x7fc96c820bd0", "0x7fc96c820d60", "0x7fc96c820d60", "0x7fc96c037798", "0x7fc96c037798", "0x7fc96c820d10"], "memsize":2536, "flags":{"wb_protected":true, "old":true, "marked":true}}
{"address":"0x7fc96c820d60", "type":"STRING", "class":"0x7fc96c801668", "frozen":true, "fstring":true, "bytesize":12, "capacity":120, "value":"<class:Node>", "memsize":121, "flags":{"wb_protected":true, "old":true, "marked":true}}
{"address":"0x7fc96c820db0", "type":"ARRAY", "length":1, "embedded":true, "references":["0x7fc96c820e00"], "flags":{"wb_protected":true, "old":true, "marked":true}}
{"address":"0x7fc96c820dd8", "type":"STRING", "class":"0x7fc96c801668", "frozen":true, "embedded":true, "fstring":true, "bytesize":12, "value":"RUBYGEMS_DIR", "encoding":"US-ASCII", "flags":{"wb_protected":true, "old":true, "marked":true}}
{"address":"0x7fc96c820e00", "type":"STRING", "class":"0x7fc96c801668", "frozen":true, "embedded":true, "fstring":true, "bytesize":18, "value":"<SLex: @head = %s>", "encoding":"UTF-8", "flags":{"wb_protected":true, "old":true, "marked":true}}
{"address":"0x7fc96c820e28", "type":"DATA", "class":"0x7fc96c83b020", "struct":"proc", "references":["0x7fc96c821bc0", "0x7fc96c820e28", "0x7fc96c821df0"], "memsize":72, "flags":{"remembered":true}}
{"address":"0x7fc96c820e78", "type":"NODE", "node_type":"NODE_CREF", "references":["0x7fc96c8f9bd8", "0x7fc96c821be8"], "flags":{"wb_protected":true, "old":true, "marked":true}}
{"address":"0x7fc96c820ea0", "type":"DATA", "class":"0x7fc96c833488", "struct":"iseq", "references":["0x7fc96c820db0", "0x7fc96c803f30", "0x7fc96c803f30", "0x7fc96c037798", "0x7fc96c037798", "0x7fc96c820e78", "0x7fc96c8f9bd8"], "memsize":864, "flags":{"wb_protected":true, "old":true, "marked":true}}
{"address":"0x7fc96c820ec8", "type":"STRING", "class":"0x7fc96c801668", "frozen":true, "embedded":true, "fstring":true, "bytesize":15, "value":"(.*?):(\\d+).*?$", "encoding":"US-ASCII", "flags":{"wb_protected":true, "old":true, "marked":true}}
{"address":"0x7fc96c820f18", "type":"ARRAY", "length":2, "embedded":true, "references":["0x7fc96c821058", "0x7fc96c02fae8"], "flags":{"wb_protected":true, "old":true, "marked":true}}
{"address":"0x7fc96c820f40", "type":"REGEXP", "class":"0x7fc96c8491e8", "references":["0x7fc96c820ec8"], "memsize":585, "flags":{"wb_protected":true, "old":true, "marked":true}}
{"address":"0x7fc96c820f68", "type":"ARRAY", "length":1, "embedded":true, "references":["0x7fc96c820fe0"], "flags":{"wb_protected":true, "old":true, "marked":true}}
{"address":"0x7fc96c820fe0", "type":"STRING", "class":"0x7fc96c801668", "frozen":true, "embedded":true, "fstring":true, "bytesize":17, "value":"match end: %s:%s\n", "encoding":"UTF-8", "flags":{"wb_protected":true, "old":true, "marked":true}}
{"address":"0x7fc96c821058", "type":"DATA", "class":"0x7fc96c833488", "struct":"iseq", "references":["0x7fc96c820f68", "0x7fc96c8c9320", "0x7fc96c801488", "0x7fc96c037798", "0x7fc96c037798", "0x7fc96c821148"], "memsize":1048, "flags":{"wb_protected":true, "old":true, "marked":true}}
{"address":"0x7fc96c821080", "type":"STRING", "class":"0x7fc96c801668", "frozen":true, "embedded":true, "bytesize":1, "value":"\u0026", "encoding":"UTF-8", "flags":{"wb_protected":true, "old":true, "marked":true}}
{"address":"0x7fc96c8210a8", "type":"HASH", "class":"0x7fc96c849918", "size":0, "flags":{"wb_protected":true, "old":true, "marked":true}}
{"address":"0x7fc96c8210d0", "type":"STRING", "class":"0x7fc96c801668", "frozen":true, "embedded":true, "fstring":true, "bytesize":18, "value":"location_of_caller", "encoding":"US-ASCII", "flags":{"wb_protected":true, "old":true, "marked":true}}
{"address":"0x7fc96c8210f8", "type":"OBJECT", "class":"0x7fc96c8f82d8", "ivars":3, "references":["0x7fc96c8210a8", "0x7fc96c821b98"], "flags":{"wb_protected":true, "old":true, "marked":true}}
{"address":"0x7fc96c821148", "type":"NODE", "node_type":"NODE_CREF", "references":["0x7fc96c8f9bd8", "0x7fc96c821be8"], "flags":{"wb_protected":true, "old":true, "marked":true}}
{"address":"0x7fc96c821170", "type":"DATA", "class":"0x7fc96c833488", "struct":"iseq", "references":["0x7fc96c820f18", "0x7fc96c801488", "0x7fc96c801488", "0x7fc96c037798", "0x7fc96c037798", "0x7fc96c821148", "0x7fc96c8f9bd8"], "memsize":2704, "flags":{"wb_protected":true, "old":true, "marked":true}}
{"address":"0x7fc96c8211c0", "type":"ARRAY", "length":1, "embedded":true, "references":["0x7fc96c034110"], "flags":{"wb_protected":true, "old":true, "marked":true}}
{"address":"0x7fc96c821288", "type":"NODE", "node_type":"NODE_CREF", "references":["0x7fc96c8f9bd8", "0x7fc96c821be8"], "flags":{"wb_protected":true, "old":true, "marked":true}}
{"address":"0x7fc96c8212b0", "type":"DATA", "class":"0x7fc96c833488", "struct":"iseq", "references":["0x7fc96c8211c0", "0x7fc96c89a570", "0x7fc96c89a570", "0x7fc96c037798", "0x7fc96c037798", "0x7fc96c821288", "0x7fc96c8f9bd8"], "memsize":1088, "flags":{"wb_protected":true, "old":true, "marked":true}}
{"address":"0x7fc96c8212d8", "type":"ARRAY", "length":1, "embedded":true, "references":["0x7fc96c034610"], "flags":{"wb_protected":true, "old":true, "marked":true}}
{"address":"0x7fc96c821350", "type":"NODE", "node_type":"NODE_CREF", "references":["0x7fc96c8f9bd8", "0x7fc96c821be8"], "flags":{"wb_protected":true, "old":true, "marked":true}}
{"address":"0x7fc96c821378", "type":"DATA", "class":"0x7fc96c833488", "struct":"iseq", "references":["0x7fc96c8212d8", "0x7fc96c034e30", "0x7fc96c034e30", "0x7fc96c037798", "0x7fc96c037798", "0x7fc96c821350", "0x7fc96c8f9bd8"], "memsize":888, "flags":{"wb_protected":true, "old":true, "marked":true}}
{"address":"0x7fc96c8213a0", "type":"STRING", "class":"0x7fc96c801668", "frozen":true, "embedded":true, "bytesize":1, "value":"\u0004", "encoding":"UTF-8", "flags":{"wb_protected":true, "old":true, "marked":true}}
{"address":"0x7fc96c8213c8", "type":"HASH", "class":"0x7fc96c849918", "size":0, "flags":{"wb_protected":true, "old":true, "marked":true}}
{"address":"0x7fc96c8213f0", "type":"NODE", "node_type":"NODE_CREF", "references":["0x7fc96c8f9bd8", "0x7fc96c821be8"], "flags":{"wb_protected":true, "old":true, "marked":true}}
{"address":"0x7fc96c821418", "type":"DATA", "class":"0x7fc96c833488", "struct":"iseq", "references":["0x7fc96c035c40", "0x7fc96c035c40", "0x7fc96c037798", "0x7fc96c037798", "0x7fc96c8213f0", "0x7fc96c8f9bd8"], "memsize":1296, "flags":{"wb_protected":true, "old":true, "marked":true}}
{"address":"0x7fc96c821440", "type":"OBJECT", "class":"0x7fc96c8f82d8", "ivars":3, "references":["0x7fc96c8213c8", "0x7fc96c821b98"], "flags":{"wb_protected":true, "old":true, "marked":true}}
{"address":"0x7fc96c8214b8", "type":"NODE", "node_type":"NODE_CREF", "references":["0x7fc96c8f9bd8", "0x7fc96c821be8"], "flags":{"wb_protected":true, "old":true, "marked":true}}
{"address":"0x7fc96c8214e0", "type":"DATA", "class":"0x7fc96c833488", "struct":"iseq", "references":["0x7fc96c035d08", "0x7fc96c035d08", "0x7fc96c037798", "0x7fc96c037798", "0x7fc96c8214b8", "0x7fc96c8f9bd8"], "memsize":1016, "flags":{"wb_protected":true, "old":true, "marked":true}}
{"address":"0x7fc96c821530", "type":"ARRAY", "length":1, "embedded":true, "references":["0x7fc96c821620"], "flags":{"wb_protected":true, "old":true, "marked":true}}
{"address":"0x7fc96c8215a8", "type":"STRING", "class":"0x7fc96c801668", "frozen":true, "embedded":true, "fstring":true, "bytesize":5, "value":"syck?", "encoding":"US-ASCII", "flags":{"wb_protected":true, "old":true, "marked":true}}
{"address":"0x7fc96c821620", "type":"DATA", "class":"0x7fc96c833488", "struct":"iseq", "references":["0x7fc96c821648", "0x7fc96c88a440", "0x7fc96c037798", "0x7fc96c037798", "0x7fc96c8216e8"], "memsize":872, "flags":{"wb_protected":true, "old":true, "marked":true}}
{"address":"0x7fc96c821648", "type":"STRING", "class":"0x7fc96c801668", "frozen":true, "fstring":true, "bytesize":18, "capacity":120, "value":"block in def_rules", "memsize":121, "flags":{"wb_protected":true, "old":true, "marked":true}}
{"address":"0x7fc96c821698", "type":"STRING", "class":"0x7fc96c801668", "frozen":true, "embedded":true, "bytesize":1, "value":"\u0000", "encoding":"UTF-8", "flags":{"wb_protected":true, "old":true, "marked":true}}
{"address":"0x7fc96c8216c0", "type":"HASH", "class":"0x7fc96c849918", "size":0, "flags":{"wb_protected":true, "old":true, "marked":true}}
{"address":"0x7fc96c8216e8", "type":"NODE", "node_type":"NODE_CREF", "references":["0x7fc96c8f9bd8", "0x7fc96c821be8"], "flags":{"wb_protected":true, "old":true, "marked":true}}
{"address":"0x7fc96c821710", "type":"DATA", "class":"0x7fc96c833488", "struct":"iseq", "references":["0x7fc96c821530", "0x7fc96c88a440", "0x7fc96c88a440", "0x7fc96c037798", "0x7fc96c037798", "0x7fc96c8216e8", "0x7fc96c8f9bd8"], "memsize":1048, "flags":{"wb_protected":true, "old":true, "marked":true}}
{"address":"0x7fc96c821738", "type":"OBJECT", "class":"0x7fc96c8f82d8", "ivars":3, "references":["0x7fc96c8216c0", "0x7fc96c821b98"], "flags":{"wb_protected":true, "old":true, "marked":true}}
{"address":"0x7fc96c8217d8", "type":"NODE", "node_type":"NODE_CREF", "references":["0x7fc96c8f9bd8", "0x7fc96c821be8"], "flags":{"wb_protected":true, "old":true, "marked":true}}
{"address":"0x7fc96c821800", "type":"DATA", "class":"0x7fc96c833488", "struct":"iseq", "references":["0x7fc96c8894f0", "0x7fc96c8894f0", "0x7fc96c037798", "0x7fc96c037798", "0x7fc96c8217d8", "0x7fc96c8f9bd8"], "memsize":1528, "flags":{"wb_protected":true, "old":true, "marked":true}}
{"address":"0x7fc96c821828", "type":"ARRAY", "length":17, "references":["0x7fc96c821940", "0x7fc96c821800", "0x7fc96c821710", "0x7fc96c8214e0", "0x7fc96c821418", "0x7fc96c821378", "0x7fc96c8212b0", "0x7fc96c821170", "0x7fc96c820ea0", "0x7fc96c820d38", "0x7fc96c821a58", "0x7fc96c821a30", "0x7fc96c821a08", "0x7fc96c8219e0", "0x7fc96c8219b8", "0x7fc96c821990", "0x7fc96c821968"], "memsize":160, "flags":{"wb_protected":true, "old":true, "marked":true}}
{"address":"0x7fc96c821850", "type":"ARRAY", "length":1, "embedded":true, "references":["0x7fc96c0527c8"], "flags":{"wb_protected":true, "old":true, "marked":true}}
{"address":"0x7fc96c8218f0", "type":"STRING", "class":"0x7fc96c801668", "frozen":true, "fstring":true, "bytesize":66, "value":"test -z '$(RUBY_CODESIGN)' || codesign -s '$(RUBY_CODESIGN)' -f $@", "encoding":"UTF-8", "memsize":67, "flags":{"wb_protected":true, "old":true, "marked":true}}
{"address":"0x7fc96c821918", "type":"NODE", "node_type":"NODE_CREF", "references":["0x7fc96c8f9bd8", "0x7fc96c821be8"], "flags":{"wb_protected":true, "old":true, "marked":true}}
{"address":"0x7fc96c821940", "type":"DATA", "class":"0x7fc96c833488", "struct":"iseq", "references":["0x7fc96c821850", "0x7fc96c803be8", "0x7fc96c803be8", "0x7fc96c037798", "0x7fc96c037798", "0x7fc96c821918", "0x7fc96c8f9bd8"], "memsize":856, "flags":{"wb_protected":true, "old":true, "marked":true}}
{"address":"0x7fc96c821968", "type":"STRING", "class":"0x7fc96c801668", "frozen":true, "embedded":true, "fstring":true, "bytesize":8, "value":"Detail: ", "encoding":"UTF-8", "flags":{"wb_protected":true, "old":true, "marked":true}}
{"address":"0x7fc96c821990", "type":"STRING", "class":"0x7fc96c801668", "frozen":true, "embedded":true, "fstring":true, "bytesize":7, "value":"Debug: ", "encoding":"UTF-8", "flags":{"wb_protected":true, "old":true, "marked":true}}
{"address":"0x7fc96c8219b8", "type":"STRING", "class":"0x7fc96c801668", "frozen":true, "embedded":true, "fstring":true, "bytesize":6, "value":"Warn: ", "encoding":"UTF-8", "flags":{"wb_protected":true, "old":true, "marked":true}}
{"address":"0x7fc96c8219e0", "type":"STRING", "class":"0x7fc96c801668", "frozen":true, "embedded":true, "fstring":true, "bytesize":6, "value":"SLex::", "encoding":"UTF-8", "flags":{"wb_protected":true, "old":true, "marked":true}}
{"address":"0x7fc96c821a08", "type":"STRING", "class":"0x7fc96c801668", "frozen":true, "embedded":true, "fstring":true, "bytesize":19, "value":"node already exists", "encoding":"UTF-8", "flags":{"wb_protected":true, "old":true, "marked":true}}
{"address":"0x7fc96c821a30", "type":"STRING", "class":"0x7fc96c801668", "frozen":true, "embedded":true, "fstring":true, "bytesize":12, "value":"node nothing", "encoding":"UTF-8", "flags":{"wb_protected":true, "old":true, "marked":true}}
{"address":"0x7fc96c821a58", "type":"STRING", "class":"0x7fc96c801668", "frozen":true, "fstring":true, "bytesize":48, "value":"-$Id: slex.rb 38545 2012-12-21 17:36:14Z zzak $-", "encoding":"UTF-8", "memsize":49, "flags":{"wb_protected":true, "old":true, "marked":true}}
{"address":"0x7fc96c821aa8", "type":"STRING", "class":"0x7fc96c801668", "frozen":true, "fstring":true, "bytesize":149, "value":"-Wl,-undefined,dynamic_lookup -Wl,-multiply_defined,suppress -L/usr/local/opt/libyaml/lib -L/usr/local/opt/openssl/lib -L/usr/local/opt/readline/lib ", "encoding":"UTF-8", "memsize":150, "flags":{"wb_protected":true, "old":true, "marked":true}}
{"address":"0x7fc96c821af8", "type":"NODE", "node_type":"NODE_CREF", "references":["0x7fc96c8f9bd8", "0x7fc96c821be8"], "flags":{"wb_protected":true, "old":true, "marked":true}}
{"address":"0x7fc96c821b20", "type":"DATA", "class":"0x7fc96c833488", "struct":"iseq", "references":["0x7fc96c821828", "0x7fc96c821b48", "0x7fc96c821b48", "0x7fc96c037798", "0x7fc96c037798", "0x7fc96c821af8"], "memsize":6824, "flags":{"wb_protected":true, "old":true, "marked":true}}
{"address":"0x7fc96c821b48", "type":"STRING", "class":"0x7fc96c801668", "frozen":true, "fstring":true, "bytesize":12, "capacity":120, "value":"<class:SLex>", "memsize":121, "flags":{"wb_protected":true, "old":true, "marked":true}}
{"address":"0x7fc96c821b98", "type":"DATA", "class":"0x7fc96c83b020", "struct":"proc", "references":["0x7fc96c821bc0", "0x7fc96c821b98", "0x7fc96c821df0"], "memsize":72, "flags":{"remembered":true}}
{"address":"0x7fc96c821bc0", "type":"DATA", "class":"0x7fc96c839658", "struct":"VM/env", "references":["0x7fc96c8e6808", "0x7fc96c821bc0", "0x7fc96c821df0", "0x7fc96c050130"], "memsize":88, "flags":{"remembered":true}}
{"address":"0x7fc96c821be8", "type":"NODE", "node_type":"NODE_CREF", "references":["0x7fc96c8698a8", "0x7fc96c821cd8"], "flags":{"wb_protected":true, "old":true, "marked":true}}
{"address":"0x7fc96c821c10", "type":"DATA", "class":"0x7fc96c833488", "struct":"iseq", "references":["0x7fc96c820270", "0x7fc96c0664d0", "0x7fc96c0664d0", "0x7fc96c037798", "0x7fc96c037798", "0x7fc96c821be8"], "memsize":568, "flags":{"wb_protected":true, "old":true, "marked":true}}
{"address":"0x7fc96c821c60", "type":"STRING", "class":"0x7fc96c801668", "frozen":true, "embedded":true, "fstring":true, "bytesize":12, "value":"irb/notifier", "encoding":"UTF-8", "flags":{"wb_protected":true, "old":true, "marked":true}}
{"address":"0x7fc96c821cd8", "type":"NODE", "node_type":"NODE_CREF", "references":["0x7fc96c803788"], "flags":{"wb_protected":true, "old":true, "marked":true}}
{"address":"0x7fc96c821d28", "type":"DATA", "class":"0x7fc96c833488", "struct":"iseq", "references":["0x7fc96c820248", "0x7fc96c047850", "0x7fc96c047850", "0x7fc96c037798", "0x7fc96c037798", "0x7fc96c821cd8"], "memsize":11192, "flags":{"wb_protected":true, "old":true, "marked":true}}
{"address":"0x7fc96c821d50", "type":"HASH", "class":"0x7fc96c849918", "size":40, "references":["0x7fc96c821698", "0x7fc96c821738", "0x7fc96c8213a0", "0x7fc96c821440", "0x7fc96c821080", "0x7fc96c8210f8", "0x7fc96c8209f0", "0x7fc96c820ae0", "0x7fc96c820478", "0x7fc96c820568", "0x7fc96c820090", "0x7fc96c820108", "0x7fc96c81bc70", "0x7fc96c81bce8", "0x7fc96c81b978", "0x7fc96c81ba18", "0x7fc96c81b5e0", "0x7fc96c81b680", "0x7fc96c81ac58", "0x7fc96c81aff0", "0x7fc96c81a9d8", "0x7fc96c81aa28", "0x7fc96c81a258", "0x7fc96c81a2a8", "0x7fc96c818e80", "0x7fc96c818fe8", "0x7fc96c8185e8", "0x7fc96c818638", "0x7fc96c813818", "0x7fc96c813930", "0x7fc96c811e50", "0x7fc96c811ec8", "0x7fc96c8119a0", "0x7fc96c811a40", "0x7fc96c811478", "0x7fc96c8114f0", "0x7fc96c810cd0", "0x7fc96c810dc0", "0x7fc96c810460", "0x7fc96c8104b0", "0x7fc96c809c28", "0x7fc96c809ca0", "0x7fc96c808b48", "0x7fc96c808c60", "0x7fc96c808080", "0x7fc96c8081e8", "0x7fc96c901950", "0x7fc96c901c20", "0x7fc96c8f8a08", "0x7fc96c8f8aa8", "0x7fc96c8ebb50", "0x7fc96c8ebbc8", "0x7fc96c8eb7b8", "0x7fc96c8eb830", "0x7fc96c8eb470", "0x7fc96c8eb510", "0x7fc96c8eb1f0", "0x7fc96c8eb240", "0x7fc96c8eab60", "0x7fc96c8eabb0", "0x7fc96c8ea610", "0x7fc96c8ea660", "0x7fc96c8ea340", "0x7fc96c8ea3b8", "0x7fc96c8ea020", "0x7fc96c8ea0c0", "0x7fc96c8e99e0", "0x7fc96c8e9a30", "0x7fc96c8e9490", "0x7fc96c8e9620", "0x7fc96c8e8338", "0x7fc96c8e8428", "0x7fc96c8f3eb8", "0x7fc96c8e8018", "0x7fc96c8f36e8", "0x7fc96c8f3760", "0x7fc96c8f26d0", "0x7fc96c8f2770", "0x7fc96c8f2478", "0x7fc96c8f24c8"], "memsize":2056, "flags":{"wb_protected":true, "old":true, "remembered":true, "marked":true}}
{"address":"0x7fc96c821d78", "type":"OBJECT", "class":"0x7fc96c8f82d8", "ivars":3, "references":["0x7fc96c821d50", "0x7fc96c8f2428"], "flags":{"wb_protected":true, "old":true, "remembered":true, "marked":true}}
{"address":"0x7fc96c821da0", "type":"STRING", "class":"0x7fc96c801668", "embedded":true, "bytesize":0, "value":"", "encoding":"UTF-8", "flags":{"wb_protected":true, "old":true, "marked":true}}
{"address":"0x7fc96c821dc8", "type":"OBJECT", "class":"0x7fc96c8f9bd8", "ivars":3, "references":["0x7fc96c821d78"], "flags":{"wb_protected":true, "old":true, "marked":true}}
{"address":"0x7fc96c821df0", "type":"OBJECT", "class":"0x7fc96c88a7d8", "ivars":28, "references":["0x7fc96c821dc8", "0x7fc96c82a810", "0x7fc96c8f20b8", "0x7fc96c8f2270", "0x7fc96d04a108", "0x7fc96d04a298", "0x7fc96c8d5cd8", "0x7fc96c8d5d00", "0x7fc96c8f20e0"], "memsize":224, "flags":{"wb_protected":true, "old":true, "remembered":true, "marked":true}}
{"address":"0x7fc96c821ee0", "type":"STRING", "class":"0x7fc96c801668", "frozen":true, "fstring":true, "bytesize":80, "value":"/Users/antoine/.rvm/gems/ruby-2.0.0-p247/specifications/middleware-0.1.0.gemspec", "encoding":"UTF-8", "memsize":81, "flags":{"wb_protected":true, "old":true, "marked":true}}
{"address":"0x7fc96c821f58", "type":"STRING", "class":"0x7fc96c801668", "bytesize":1888, "capacity":2912, "value":"# -*- encoding: utf-8 -*-\n# stub: middleware 0.1.0 ruby lib\n\nGem::Specification.new do |s|\n  s.name = \"middleware\"\n  s.version = \"0.1.0\"\n\n  s.required_rubygems_version = Gem::Requirement.new(\">= 0\") if s.respond_to? :required_rubygems_version=\n  s.require_paths = [\"lib\"]\n  s.authors = [\"Mitchell Hashimoto\"]\n  s.date = \"2012-03-16\"\n  s.description = \"Generalized implementation of the middleware abstraction for Ruby.\"\n  s.email = [\"mitchell.hashimoto@gmail.com\"]\n  s.homepage = \"https://github.com/mitchellh/middleware\"\n  s.rubygems_version = \"2.2.0\"\n  s.summary = \"Generalized implementation of the middleware abstraction for Ruby.\"\n\n  s.installed_by_version = \"2.2.0\" if s.respond_to? :installed_by_version\n\n  if s.respond_to? :specification_version then\n    s.specification_version = 3\n\n    if Gem::Version.new(Gem::VERSION) >= Gem::Version.new('1.2.0') then\n      s.add_development_dependency(%q<rake>, [\">= 0\"])\n      s.add_development_dependency(%q<redcarpet>, [\"~> 2.1.0\"])\n      s.add_development_dependency(%q<rspec-core>, [\"~> 2.8.0\"])\n      s.add_development_dependency(%q<rspec-expectations>, [\"~> 2.8.0\"])\n      s.add_development_dependency(%q<rspec-mocks>, [\"~> 2.8.0\"])\n      s.add_development_dependency(%q<yard>, [\"~> 0.7.5\"])\n    else\n      s.add_dependency(%q<rake>, [\">= 0\"])\n      s.add_dependency(%q<redcarpet>, [\"~> 2.1.0\"])\n      s.add_dependency(%q<rspec-core>, [\"~> 2.8.0\"])\n      s.add_dependency(%q<rspec-expectations>, [\"~> 2.8.0\"])\n      s.add_dependency(%q<rspec-mocks>, [\"~> 2.8.0\"])\n      s.add_dependency(%q<yard>, [\"~> 0.7.5\"])\n    end\n  else\n    s.add_dependency(%q<rake>, [\">= 0\"])\n    s.add_dependency(%q<redcarpet>, [\"~> 2.1.0\"])\n    s.add_dependency(%q<rspec-core>, [\"~> 2.8.0\"])\n    s.add_dependency(%q<rspec-expectations>, [\"~> 2.8.0\"])\n    s.add_dependency(%q<rspec-mocks>, [\"~> 2.8.0\"])\n    s.add_dependency(%q<yard>, [\"~> 0.7.5\"])\n  end\nend\n", "encoding":"UTF-8", "memsize":2913, "flags":{"wb_protected":true, "old":true, "marked":true}}
{"address":"0x7fc96c821fd0", "type":"HASH", "class":"0x7fc96c849918", "size":1, "references":["0x7fc96c821ff8"], "memsize":192, "flags":{"wb_protected":true, "old":true, "marked":true}}
{"address":"0x7fc96c821ff8", "type":"STRING", "class":"0x7fc96c801668", "embedded":true, "bytesize":9, "value":"r:UTF-8:-", "encoding":"UTF-8", "flags":{"wb_protected":true, "old":true, "marked":true}}
{"address":"0x7fc96c822020", "type":"STRING", "class":"0x7fc96c801668", "shared":true, "encoding":"UTF-8", "references":["0x7fc96d01a750"], "flags":{"wb_protected":true, "old":true, "marked":true}}
{"address":"0x7fc96c822048", "type":"STRING", "class":"0x7fc96c801668", "shared":true, "encoding":"US-ASCII", "references":["0x7fc96c8b0758"], "flags":{"wb_protected":true, "old":true, "marked":true}}
{"address":"0x7fc96c8221b0", "type":"ARRAY", "class":"0x7fc96c84a048", "length":1, "embedded":true, "references":["0x7fc96c8c1e90"], "flags":{"wb_protected":true, "old":true, "marked":true}}
{"address":"0x7fc96c822228", "type":"OBJECT", "class":"0x7fc96c8c2688", "ivars":3, "references":["0x7fc96c8221b0"], "flags":{"wb_protected":true, "old":true, "marked":true}}
{"address":"0x7fc96c822278", "type":"STRING", "class":"0x7fc96c801668", "embedded":true, "bytesize":16, "value":"<top (required)>", "flags":{"wb_protected":true, "old":true, "marked":true}}
{"address":"0x7fc96c8222a0", "type":"OBJECT", "class":"0x7fc96d077ae0", "ivars":5, "references":["0x7fc96c8224d0", "0x7fc96c822228", "0x7fc96c822228"], "memsize":40, "flags":{"wb_protected":true, "old":true, "marked":true}}
{"address":"0x7fc96c8222f0", "type":"STRING", "class":"0x7fc96c801668", "frozen":true, "bytesize":77, "value":"/Users/antoine/.rvm/gems/ruby-2.0.0-p247/specifications/net-scp-1.1.2.gemspec", "encoding":"UTF-8", "memsize":78, "flags":{"wb_protected":true, "old":true, "marked":true}}
{"address":"0x7fc96c822318", "type":"ARRAY", "class":"0x7fc96c84a048", "length":0, "flags":{"wb_protected":true, "old":true, "marked":true}}
{"address":"0x7fc96c822340", "type":"OBJECT", "class":"0x7fc96d077a68", "ivars":14, "references":["0x7fc96c828df8", "0x7fc96c87a720", "0x7fc96c87a860", "0x7fc96c87a928", "0x7fc96c8188b8", "0x7fc96c822318", "0x7fc96c8188b8", "0x7fc96c8c82e0", "0x7fc96c813598", "0x7fc96c813520", "0x7fc96c812918"], "memsize":112, "flags":{"wb_protected":true, "old":true, "marked":true}}
{"address":"0x7fc96c822368", "type":"STRING", "class":"0x7fc96c801668", "frozen":true, "embedded":true, "bytesize":20, "value":"multipart-post-1.2.0", "encoding":"UTF-8", "flags":{"wb_protected":true, "old":true, "marked":true}}
{"address":"0x7fc96c8223e0", "type":"STRING", "class":"0x7fc96c801668", "frozen":true, "embedded":true, "fstring":true, "bytesize":7, "value":"VERSION", "encoding":"US-ASCII", "flags":{"wb_protected":true, "old":true, "marked":true}}
{"address":"0x7fc96c822408", "type":"STRING", "class":"0x7fc96c801668", "embedded":true, "bytesize":5, "value":"1.2.0", "encoding":"UTF-8", "flags":{"wb_protected":true, "old":true, "marked":true}}
{"address":"0x7fc96c8224d0", "type":"STRING", "class":"0x7fc96c801668", "embedded":true, "bytesize":5, "value":"growl", "encoding":"UTF-8", "flags":{"wb_protected":true, "old":true, "marked":true}}
{"address":"0x7fc96c822570", "type":"OBJECT", "class":"0x7fc96d040a68", "ivars":3, "references":["0x7fc96c822408"], "flags":{"wb_protected":true, "old":true, "marked":true}}
{"address":"0x7fc96c822638", "type":"ARRAY", "class":"0x7fc96c84a048", "length":1, "embedded":true, "references":["0x7fc96c8c1e90"], "flags":{"wb_protected":true, "old":true, "marked":true}}
{"address":"0x7fc96c8226b0", "type":"OBJECT", "class":"0x7fc96c8c2688", "ivars":3, "references":["0x7fc96c822638"], "flags":{"wb_protected":true, "old":true, "marked":true}}
{"address":"0x7fc96c822700", "type":"OBJECT", "class":"0x7fc96d077ae0", "ivars":5, "references":["0x7fc96c822980", "0x7fc96c8226b0", "0x7fc96c8226b0"], "memsize":40, "flags":{"wb_protected":true, "old":true, "marked":true}}
{"address":"0x7fc96c822750", "type":"STRING", "class":"0x7fc96c801668", "embedded":true, "bytesize":3, "value":"lib", "encoding":"UTF-8", "flags":{"wb_protected":true, "old":true, "marked":true}}
{"address":"0x7fc96c822778", "type":"STRING", "class":"0x7fc96c801668", "embedded":true, "bytesize":4, "value":"ruby", "encoding":"UTF-8", "flags":{"wb_protected":true, "old":true, "marked":true}}
{"address":"0x7fc96c8227a0", "type":"STRING", "class":"0x7fc96c801668", "embedded":true, "bytesize":5, "value":"1.2.0", "encoding":"UTF-8", "flags":{"wb_protected":true, "old":true, "marked":true}}
{"address":"0x7fc96c8227c8", "type":"STRING", "class":"0x7fc96c801668", "embedded":true, "bytesize":14, "value":"multipart-post", "encoding":"UTF-8", "flags":{"wb_protected":true, "old":true, "marked":true}}
{"address":"0x7fc96c8227f0", "type":"ARRAY", "class":"0x7fc96c84a048", "length":4, "references":["0x7fc96c8227c8", "0x7fc96c8227a0", "0x7fc96c822778", "0x7fc96c822750"], "memsize":160, "flags":{"wb_protected":true, "old":true, "marked":true}}
{"address":"0x7fc96c822818", "type":"STRING", "class":"0x7fc96c801668", "frozen":true, "embedded":true, "fstring":true, "bytesize":6, "value":"yamler", "encoding":"US-ASCII", "flags":{"wb_protected":true, "old":true, "marked":true}}
{"address":"0x7fc96c8228e0", "type":"STRING", "class":"0x7fc96c801668", "frozen":true, "embedded":true, "fstring":true, "bytesize":6, "value":"ENGINE", "encoding":"US-ASCII", "flags":{"wb_protected":true, "old":true, "marked":true}}
{"address":"0x7fc96c822908", "type":"OBJECT", "class":"0x7fc96d077978", "ivars":3, "references":["0x7fc96c8227f0"], "flags":{"wb_protected":true, "old":true, "marked":true}}
{"address":"0x7fc96c822930", "type":"STRING", "class":"0x7fc96c801668", "frozen":true, "embedded":true, "fstring":true, "bytesize":4, "value":"YAML", "encoding":"US-ASCII", "flags":{"wb_protected":true, "old":true, "marked":true}}
{"address":"0x7fc96c822980", "type":"STRING", "class":"0x7fc96c801668", "embedded":true, "bytesize":11, "value":"guard-rspec", "encoding":"UTF-8", "flags":{"wb_protected":true, "old":true, "marked":true}}
{"address":"0x7fc96c822a48", "type":"STRING", "class":"0x7fc96c801668", "frozen":true, "bytesize":84, "value":"/Users/antoine/.rvm/gems/ruby-2.0.0-p247/specifications/multipart-post-1.2.0.gemspec", "encoding":"UTF-8", "memsize":85, "flags":{"wb_protected":true, "old":true, "marked":true}}
{"address":"0x7fc96c822a70", "type":"ARRAY", "class":"0x7fc96c84a048", "length":0, "flags":{"wb_protected":true, "old":true, "marked":true}}
{"address":"0x7fc96c822a98", "type":"OBJECT", "class":"0x7fc96d077a68", "ivars":14, "references":["0x7fc96c828e70", "0x7fc96c87b260", "0x7fc96c87b3c8", "0x7fc96c87b440", "0x7fc96c822908", "0x7fc96c822a70", "0x7fc96c8ea868", "0x7fc96c8c82e0", "0x7fc96c8227c8", "0x7fc96c822570", "0x7fc96c87b800"], "memsize":112, "flags":{"wb_protected":true, "old":true, "marked":true}}
{"address":"0x7fc96c822ac0", "type":"STRING", "class":"0x7fc96c801668", "frozen":true, "embedded":true, "bytesize":21, "value":"mixlib-shellout-1.2.0", "encoding":"UTF-8", "flags":{"wb_protected":true, "old":true, "marked":true}}
{"address":"0x7fc96c822b38", "type":"STRING", "class":"0x7fc96c801668", "shared":true, "encoding":"US-ASCII", "references":["0x7fc96d865900"], "flags":{"wb_protected":true, "old":true, "marked":true}}
{"address":"0x7fc96c822bb0", "type":"ARRAY", "class":"0x7fc96c84a048", "length":1, "embedded":true, "references":["0x7fc96c8c1e90"], "flags":{"wb_protected":true, "old":true, "marked":true}}
{"address":"0x7fc96c822c28", "type":"STRING", "class":"0x7fc96c801668", "frozen":true, "fstring":true, "bytesize":27, "value":"$(libdir)/$(RUBY_BASE_NAME)", "encoding":"UTF-8", "memsize":28, "flags":{"wb_protected":true, "old":true, "marked":true}}
{"address":"0x7fc96c822c50", "type":"STRING", "class":"0x7fc96c801668", "frozen":true, "embedded":true, "fstring":true, "bytesize":13, "value":"rubylibprefix", "encoding":"UTF-8", "flags":{"wb_protected":true, "old":true, "marked":true}}
{"address":"0x7fc96c822c78", "type":"OBJECT", "class":"0x7fc96c8c2688", "ivars":3, "references":["0x7fc96c822bb0"], "flags":{"wb_protected":true, "old":true, "marked":true}}
{"address":"0x7fc96c822cc8", "type":"OBJECT", "class":"0x7fc96d077ae0", "ivars":5, "references":["0x7fc96c822e58", "0x7fc96c822c78", "0x7fc96c822c78"], "memsize":40, "flags":{"wb_protected":true, "old":true, "marked":true}}
{"address":"0x7fc96c822d18", "type":"ARRAY", "class":"0x7fc96c84a048", "length":1, "embedded":true, "references":["0x7fc96c8c1e90"], "flags":{"wb_protected":true, "old":true, "marked":true}}
{"address":"0x7fc96c822d90", "type":"OBJECT", "class":"0x7fc96c8c2688", "ivars":3, "references":["0x7fc96c822d18"], "flags":{"wb_protected":true, "old":true, "marked":true}}
{"address":"0x7fc96c822de0", "type":"OBJECT", "class":"0x7fc96d077ae0", "ivars":5, "references":["0x7fc96c822ef8", "0x7fc96c822d90", "0x7fc96c822d90"], "memsize":40, "flags":{"wb_protected":true, "old":true, "marked":true}}
{"address":"0x7fc96c822e58", "type":"STRING", "class":"0x7fc96c801668", "embedded":true, "bytesize":5, "value":"guard", "encoding":"UTF-8", "flags":{"wb_protected":true, "old":true, "marked":true}}
{"address":"0x7fc96c822e80", "type":"ARRAY", "class":"0x7fc96c84a048", "length":2, "embedded":true, "references":["0x7fc96c823128", "0x7fc96c8230b0"], "flags":{"wb_protected":true, "old":true, "marked":true}}
{"address":"0x7fc96c822ea8", "type":"STRING", "class":"0x7fc96c801668", "embedded":true, "bytesize":3, "value":"2.5", "encoding":"UTF-8", "flags":{"wb_protected":true, "old":true, "marked":true}}
{"address":"0x7fc96c822ef8", "type":"STRING", "class":"0x7fc96c801668", "embedded":true, "bytesize":2, "value":"ap", "encoding":"UTF-8", "flags":{"wb_protected":true, "old":true, "marked":true}}
{"address":"0x7fc96c822f98", "type":"STRING", "class":"0x7fc96c801668", "frozen":true, "fstring":true, "bytesize":55, "capacity":86, "value":"/usr/local/Cellar/ruby/2.1.1/lib/ruby/2.1.0/rubygems.rb", "encoding":"US-ASCII", "memsize":87, "flags":{"wb_protected":true, "old":true, "marked":true}}
{"address":"0x7fc96c822fc0", "type":"STRING", "class":"0x7fc96c801668", "frozen":true, "fstring":true, "bytesize":70, "value":"$(MINIRUBY) $(srcdir)/tool/runruby.rb --extout=$(EXTOUT) $(RUNRUBYOPT)", "encoding":"UTF-8", "memsize":71, "flags":{"wb_protected":true, "old":true, "marked":true}}
{"address":"0x7fc96c823088", "type":"ARRAY", "class":"0x7fc96c84a048", "length":1, "embedded":true, "references":["0x7fc96c8c1e90"], "flags":{"wb_protected":true, "old":true, "marked":true}}
{"address":"0x7fc96c8230b0", "type":"OBJECT", "class":"0x7fc96d040a68", "ivars":3, "references":["0x7fc96c822ea8"], "flags":{"wb_protected":true, "old":true, "marked":true}}
{"address":"0x7fc96c823100", "type":"OBJECT", "class":"0x7fc96c8c2688", "ivars":3, "references":["0x7fc96c823088"], "flags":{"wb_protected":true, "old":true, "marked":true}}
{"address":"0x7fc96c823128", "type":"STRING", "class":"0x7fc96c801668", "embedded":true, "bytesize":2, "value":"~>", "encoding":"UTF-8", "flags":{"wb_protected":true, "old":true, "marked":true}}
{"address":"0x7fc96c823150", "type":"OBJECT", "class":"0x7fc96d077ae0", "ivars":5, "references":["0x7fc96c823290", "0x7fc96c823100", "0x7fc96c823100"], "memsize":40, "flags":{"wb_protected":true, "old":true, "marked":true}}
{"address":"0x7fc96c823240", "type":"STRING", "class":"0x7fc96c801668", "frozen":true, "embedded":true, "fstring":true, "bytesize":9, "value":"test_syck", "encoding":"US-ASCII", "flags":{"wb_protected":true, "old":true, "marked":true}}
{"address":"0x7fc96c823268", "type":"ARRAY", "class":"0x7fc96c84a048", "length":1, "embedded":true, "references":["0x7fc96c822e80"], "flags":{"wb_protected":true, "old":true, "marked":true}}
{"address":"0x7fc96c823290", "type":"STRING", "class":"0x7fc96c801668", "embedded":true, "bytesize":5, "value":"rspec", "encoding":"UTF-8", "flags":{"wb_protected":true, "old":true, "marked":true}}
{"address":"0x7fc96c823308", "type":"OBJECT", "class":"0x7fc96c8c2688", "ivars":3, "references":["0x7fc96c823268"], "flags":{"wb_protected":true, "old":true, "marked":true}}
{"address":"0x7fc96c823358", "type":"OBJECT", "class":"0x7fc96d077ae0", "ivars":5, "references":["0x7fc96c823498", "0x7fc96c823308", "0x7fc96c823308"], "memsize":40, "flags":{"wb_protected":true, "old":true, "marked":true}}
{"address":"0x7fc96c823380", "type":"STRING", "class":"0x7fc96c801668", "frozen":true, "embedded":true, "fstring":true, "bytesize":3, "value":"gem", "encoding":"US-ASCII", "flags":{"wb_protected":true, "old":true, "marked":true}}
{"address":"0x7fc96c823498", "type":"STRING", "class":"0x7fc96c801668", "embedded":true, "bytesize":5, "value":"rspec", "encoding":"UTF-8", "flags":{"wb_protected":true, "old":true, "marked":true}}
{"address":"0x7fc96c8234c0", "type":"STRING", "class":"0x7fc96c801668", "frozen":true, "embedded":true, "fstring":true, "bytesize":9, "value":"load_yaml", "encoding":"US-ASCII", "flags":{"wb_protected":true, "old":true, "marked":true}}
{"address":"0x7fc96c8234e8", "type":"ARRAY", "class":"0x7fc96c84a048", "length":2, "embedded":true, "references":["0x7fc96c8236f0", "0x7fc96c8236a0"], "flags":{"wb_protected":true, "old":true, "marked":true}}
{"address":"0x7fc96c823510", "type":"STRING", "class":"0x7fc96c801668", "embedded":true, "bytesize":5, "value":"0.9.2", "encoding":"UTF-8", "flags":{"wb_protected":true, "old":true, "marked":true}}
{"address":"0x7fc96c823650", "type":"STRING", "class":"0x7fc96c801668", "frozen":true, "embedded":true, "fstring":true, "bytesize":12, "value":"@yaml_loaded", "encoding":"US-ASCII", "flags":{"wb_protected":true, "old":true, "marked":true}}
{"address":"0x7fc96c8236a0", "type":"OBJECT", "class":"0x7fc96d040a68", "ivars":3, "references":["0x7fc96c823510"], "flags":{"wb_protected":true, "old":true, "marked":true}}
{"address":"0x7fc96c8236f0", "type":"STRING", "class":"0x7fc96c801668", "embedded":true, "bytesize":2, "value":"~>", "encoding":"UTF-8", "flags":{"wb_protected":true, "old":true, "marked":true}}
{"address":"0x7fc96c8237e0", "type":"STRING", "class":"0x7fc96c801668", "frozen":true, "embedded":true, "bytesize":8, "value":"constant", "flags":{"wb_protected":true, "old":true, "marked":true}}
{"address":"0x7fc96c823808", "type":"ARRAY", "class":"0x7fc96c84a048", "length":1, "embedded":true, "references":["0x7fc96c8234e8"], "flags":{"wb_protected":true, "old":true, "marked":true}}
{"address":"0x7fc96c823880", "type":"STRING", "class":"0x7fc96c801668", "frozen":true, "embedded":true, "fstring":true, "bytesize":1, "value":":", "encoding":"UTF-8", "flags":{"wb_protected":true, "old":true, "marked":true}}
{"address":"0x7fc96c8238a8", "type":"OBJECT", "class":"0x7fc96c8c2688", "ivars":3, "references":["0x7fc96c823808"], "flags":{"wb_protected":true, "old":true, "marked":true}}
{"address":"0x7fc96c8238f8", "type":"OBJECT", "class":"0x7fc96d077ae0", "ivars":5, "references":["0x7fc96c823a10", "0x7fc96c8238a8", "0x7fc96c8238a8"], "memsize":40, "flags":{"wb_protected":true, "old":true, "marked":true}}
{"address":"0x7fc96c823a10", "type":"STRING", "class":"0x7fc96c801668", "embedded":true, "bytesize":4, "value":"rake", "encoding":"UTF-8", "flags":{"wb_protected":true, "old":true, "marked":true}}
{"address":"0x7fc96c823bf0", "type":"STRING", "class":"0x7fc96c801668", "frozen":true, "fstring":true, "bytesize":39, "value":" $(optflags) $(debugflags) $(warnflags)", "encoding":"UTF-8", "memsize":40, "flags":{"wb_protected":true, "old":true, "marked":true}}
{"address":"0x7fc96c823c18", "type":"STRING", "class":"0x7fc96c801668", "shared":true, "encoding":"UTF-8", "references":["0x7fc96c823c68"], "flags":{"wb_protected":true, "old":true, "marked":true}}
{"address":"0x7fc96c823c68", "type":"STRING", "class":"0x7fc96c801668", "frozen":true, "bytesize":40, "value":"Run external commands on Unix or Windows", "encoding":"UTF-8", "memsize":41, "flags":{"wb_protected":true, "old":true, "marked":true}}
{"address":"0x7fc96c823d30", "type":"STRING", "class":"0x7fc96c801668", "frozen":true, "embedded":true, "fstring":true, "bytesize":22, "value":"load_path_insert_index", "encoding":"US-ASCII", "flags":{"wb_protected":true, "old":true, "marked":true}}
{"address":"0x7fc96c823da8", "type":"STRING", "class":"0x7fc96c801668", "embedded":true, "bytesize":5, "value":"2.0.6", "encoding":"UTF-8", "flags":{"wb_protected":true, "old":true, "marked":true}}
{"address":"0x7fc96c823dd0", "type":"ARRAY", "class":"0x7fc96c84a048", "length":1, "embedded":true, "references":["0x7fc96c823df8"], "flags":{"wb_protected":true, "old":true, "marked":true}}
{"address":"0x7fc96c823df8", "type":"STRING", "class":"0x7fc96c801668", "embedded":true, "bytesize":3, "value":"lib", "encoding":"UTF-8", "flags":{"wb_protected":true, "old":true, "marked":true}}
{"address":"0x7fc96c823e20", "type":"STRING", "class":"0x7fc96c801668", "frozen":true, "fstring":true, "bytesize":264, "value":"-Wall -Wextra -Wno-unused-parameter -Wno-parentheses -Wno-long-long -Wno-missing-field-initializers -Wunused-variable -Wpointer-arith -Wwrite-strings -Wdeclaration-after-statement -Wshorten-64-to-32 -Wimplicit-function-declaration -Wdivision-by-zero -Wextra-tokens", "encoding":"UTF-8", "memsize":265, "flags":{"wb_protected":true, "old":true, "marked":true}}
{"address":"0x7fc96c823e48", "type":"STRING", "class":"0x7fc96c801668", "shared":true, "encoding":"UTF-8", "references":["0x7fc96c82a270"], "flags":{"wb_protected":true, "old":true, "marked":true}}
{"address":"0x7fc96c823e70", "type":"ARRAY", "class":"0x7fc96c84a048", "length":2, "embedded":true, "references":["0x7fc96c823ec0", "0x7fc96c823e98"], "flags":{"wb_protected":true, "old":true, "marked":true}}
{"address":"0x7fc96c823e98", "type":"STRING", "class":"0x7fc96c801668", "embedded":true, "bytesize":7, "value":"LICENSE", "encoding":"UTF-8", "flags":{"wb_protected":true, "old":true, "marked":true}}
{"address":"0x7fc96c823ec0", "type":"STRING", "class":"0x7fc96c801668", "embedded":true, "bytesize":9, "value":"README.md", "encoding":"UTF-8", "flags":{"wb_protected":true, "old":true, "marked":true}}
{"address":"0x7fc96c823ee8", "type":"ARRAY", "class":"0x7fc96c84a048", "length":2, "embedded":true, "references":["0x7fc96c823f38", "0x7fc96c823f10"], "flags":{"wb_protected":true, "old":true, "marked":true}}
{"address":"0x7fc96c823f10", "type":"STRING", "class":"0x7fc96c801668", "embedded":true, "bytesize":7, "value":"LICENSE", "encoding":"UTF-8", "flags":{"wb_protected":true, "old":true, "marked":true}}
{"address":"0x7fc96c823f38", "type":"STRING", "class":"0x7fc96c801668", "embedded":true, "bytesize":9, "value":"README.md", "encoding":"UTF-8", "flags":{"wb_protected":true, "old":true, "marked":true}}
{"address":"0x7fc96c823f60", "type":"STRING", "class":"0x7fc96c801668", "embedded":true, "bytesize":16, "value":"info@opscode.com", "encoding":"UTF-8", "flags":{"wb_protected":true, "old":true, "marked":true}}
{"address":"0x7fc96c823f88", "type":"STRING", "class":"0x7fc96c801668", "shared":true, "encoding":"UTF-8", "references":["0x7fc96c82a2c0"], "flags":{"wb_protected":true, "old":true, "marked":true}}
{"address":"0x7fc96c828010", "type":"STRING", "class":"0x7fc96c801668", "frozen":true, "embedded":true, "fstring":true, "bytesize":5, "value":"host=", "encoding":"UTF-8", "flags":{"wb_protected":true, "old":true, "marked":true}}
{"address":"0x7fc96c828088", "type":"STRING", "class":"0x7fc96c801668", "frozen":true, "fstring":true, "bytesize":50, "value":"-l$(RUBY_SO_NAME)-static -framework CoreFoundation", "encoding":"UTF-8", "memsize":51, "flags":{"wb_protected":true, "old":true, "marked":true}}
{"address":"0x7fc96c828218", "type":"STRING", "class":"0x7fc96c801668", "frozen":true, "embedded":true, "fstring":true, "bytesize":12, "value":"DEFAULT_HOST", "encoding":"US-ASCII", "flags":{"wb_protected":true, "old":true, "marked":true}}
{"address":"0x7fc96c828240", "type":"ARRAY", "class":"0x7fc96c84a048", "length":1, "embedded":true, "references":["0x7fc96c828308"], "flags":{"wb_protected":true, "old":true, "marked":true}}
{"address":"0x7fc96c828290", "type":"STRING", "class":"0x7fc96c801668", "frozen":true, "embedded":true, "fstring":true, "bytesize":5, "value":"@host", "encoding":"US-ASCII", "flags":{"wb_protected":true, "old":true, "marked":true}}
{"address":"0x7fc96c828308", "type":"STRING", "class":"0x7fc96c801668", "embedded":true, "bytesize":7, "value":"Opscode", "encoding":"UTF-8", "flags":{"wb_protected":true, "old":true, "marked":true}}
{"address":"0x7fc96c828330", "type":"STRING", "class":"0x7fc96c801668", "frozen":true, "embedded":true, "fstring":true, "bytesize":4, "value":"host", "encoding":"US-ASCII", "flags":{"wb_protected":true, "old":true, "marked":true}}
{"address":"0x7fc96c828448", "type":"STRING", "class":"0x7fc96c801668", "frozen":true, "fstring":true, "bytesize":86, "capacity":122, "value":"/usr/local/Cellar/ruby/2.1.1/lib/ruby/2.1.0/x86_64-darwin13.0/enc/trans/transdb.bundle", "encoding":"US-ASCII", "memsize":123, "flags":{"wb_protected":true, "old":true, "marked":true}}
{"address":"0x7fc96c828498", "type":"ARRAY", "class":"0x7fc96c84a048", "length":1, "embedded":true, "references":["0x7fc96c8c1e90"], "flags":{"wb_protected":true, "old":true, "marked":true}}
{"address":"0x7fc96c828510", "type":"STRING", "class":"0x7fc96c801668", "frozen":true, "bytesize":89, "value":"/Users/antoine/.rvm/gems/ruby-2.0.0-p247/specifications/archive-tar-minitar-0.5.2.gemspec", "encoding":"UTF-8", "memsize":90, "flags":{"wb_protected":true, "old":true, "marked":true}}
{"address":"0x7fc96c828560", "type":"OBJECT", "class":"0x7fc96c8c2688", "ivars":3, "references":["0x7fc96c828498"], "flags":{"wb_protected":true, "old":true, "marked":true}}
{"address":"0x7fc96c828588", "type":"STRING", "class":"0x7fc96c801668", "frozen":true, "embedded":true, "fstring":true, "bytesize":14, "value":"installed_gems", "encoding":"US-ASCII", "flags":{"wb_protected":true, "old":true, "marked":true}}
{"address":"0x7fc96c828600", "type":"ARRAY", "class":"0x7fc96c84a048", "length":0, "flags":{"wb_protected":true, "old":true, "marked":true}}
{"address":"0x7fc96c828628", "type":"STRING", "class":"0x7fc96c801668", "embedded":true, "bytesize":5, "value":"1.2.0", "encoding":"UTF-8", "flags":{"wb_protected":true, "old":true, "marked":true}}
{"address":"0x7fc96c828650", "type":"OBJECT", "class":"0x7fc96d077a68", "ivars":17, "references":["0x7fc96c82a1f8", "0x7fc96c898220", "0x7fc96c898360", "0x7fc96c898400", "0x7fc96c81b428", "0x7fc96c828600", "0x7fc96c81b428", "0x7fc96c8c82e0", "0x7fc96c818e30", "0x7fc96c818de0", "0x7fc96c813610"], "memsize":136, "flags":{"wb_protected":true, "old":true, "marked":true}}
{"address":"0x7fc96c828740", "type":"STRING", "class":"0x7fc96c801668", "shared":true, "encoding":"UTF-8", "references":["0x7fc96d814168"], "flags":{"wb_protected":true, "old":true, "marked":true}}
{"address":"0x7fc96c828790", "type":"STRING", "class":"0x7fc96c801668", "embedded":true, "bytesize":5, "value":"2.2.0", "encoding":"UTF-8", "flags":{"wb_protected":true, "old":true, "marked":true}}
{"address":"0x7fc96c8287e0", "type":"STRING", "class":"0x7fc96c801668", "frozen":true, "embedded":true, "fstring":true, "bytesize":19, "value":"DependencyInstaller", "encoding":"US-ASCII", "flags":{"wb_protected":true, "old":true, "marked":true}}
{"address":"0x7fc96c828808", "type":"OBJECT", "class":"0x7fc96d040a68", "ivars":3, "references":["0x7fc96c828628"], "flags":{"wb_protected":true, "old":true, "marked":true}}
{"address":"0x7fc96c828858", "type":"STRING", "class":"0x7fc96c801668", "frozen":true, "embedded":true, "fstring":true, "bytesize":4, "value":"inst", "encoding":"US-ASCII", "flags":{"wb_protected":true, "old":true, "marked":true}}
{"address":"0x7fc96c828880", "type":"STRING", "class":"0x7fc96c801668", "shared":true, "encoding":"UTF-8", "references":["0x7fc96d833cc0"], "flags":{"wb_protected":true, "old":true, "marked":true}}
{"address":"0x7fc96c8288a8", "type":"STRING", "class":"0x7fc96c801668", "embedded":true, "bytesize":15, "value":"mixlib-shellout", "encoding":"UTF-8", "flags":{"wb_protected":true, "old":true, "marked":true}}
{"address":"0x7fc96c8288d0", "type":"STRING", "class":"0x7fc96c801668", "shared":true, "encoding":"UTF-8", "references":["0x7fc96d838cc0"], "flags":{"wb_protected":true, "old":true, "marked":true}}
{"address":"0x7fc96c8288f8", "type":"STRING", "class":"0x7fc96c801668", "shared":true, "encoding":"UTF-8", "references":["0x7fc96c066958"], "flags":{"wb_protected":true, "old":true, "marked":true}}
{"address":"0x7fc96c828970", "type":"ARRAY", "class":"0x7fc96c84a048", "length":0, "flags":{"wb_protected":true, "old":true, "marked":true}}
{"address":"0x7fc96c8289c0", "type":"STRING", "class":"0x7fc96c801668", "shared":true, "encoding":"UTF-8", "references":["0x7fc96d03a2d0"], "flags":{"wb_protected":true, "old":true, "marked":true}}
{"address":"0x7fc96c828a10", "type":"STRING", "class":"0x7fc96c801668", "shared":true, "encoding":"UTF-8", "references":["0x7fc96c8b0488"], "flags":{"wb_protected":true, "old":true, "marked":true}}
{"address":"0x7fc96c828a88", "type":"STRING", "class":"0x7fc96c801668", "frozen":true, "embedded":true, "fstring":true, "bytesize":7, "value":"version", "encoding":"US-ASCII", "flags":{"wb_protected":true, "old":true, "marked":true}}
{"address":"0x7fc96c828ab0", "type":"STRING", "class":"0x7fc96c801668", "shared":true, "encoding":"UTF-8", "references":["0x7fc96c8b0ca8"], "flags":{"wb_protected":true, "old":true, "marked":true}}
{"address":"0x7fc96c828ad8", "type":"STRING", "class":"0x7fc96c801668", "frozen":true, "embedded":true, "fstring":true, "bytesize":7, "value":"install", "encoding":"US-ASCII", "flags":{"wb_protected":true, "old":true, "marked":true}}
{"address":"0x7fc96c828b00", "type":"OBJECT", "class":"0x7fc96d040a68", "ivars":3, "references":["0x7fc96c828790"], "flags":{"wb_protected":true, "old":true, "marked":true}}
{"address":"0x7fc96c828b50", "type":"STRING", "class":"0x7fc96c801668", "frozen":true, "fstring":true, "bytesize":24, "value":"$(rubylibprefix)/$(arch)", "encoding":"UTF-8", "memsize":25, "flags":{"wb_protected":true, "old":true, "marked":true}}
{"address":"0x7fc96c828b78", "type":"STRING", "class":"0x7fc96c801668", "shared":true, "encoding":"UTF-8", "references":["0x7fc96c828cb8"], "flags":{"wb_protected":true, "old":true, "marked":true}}
{"address":"0x7fc96c828ba0", "type":"STRING", "class":"0x7fc96c801668", "frozen":true, "fstring":true, "bytesize":28, "value":"$(rubylibprefix)/$(sitearch)", "encoding":"UTF-8", "memsize":29, "flags":{"wb_protected":true, "old":true, "marked":true}}
{"address":"0x7fc96c828bc8", "type":"STRING", "class":"0x7fc96c801668", "shared":true, "encoding":"UTF-8", "references":["0x7fc96c8d1610"], "flags":{"wb_protected":true, "old":true, "marked":true}}
{"address":"0x7fc96c828bf0", "type":"STRING", "class":"0x7fc96c801668", "frozen":true, "fstring":true, "bytesize":30, "value":"$(datarootdir)/$(RI_BASE_NAME)", "encoding":"UTF-8", "memsize":31, "flags":{"wb_protected":true, "old":true, "marked":true}}
{"address":"0x7fc96c828c18", "type":"STRING", "class":"0x7fc96c801668", "shared":true, "encoding":"UTF-8", "references":["0x7fc96d0744a8"], "flags":{"wb_protected":true, "old":true, "marked":true}}
{"address":"0x7fc96c828c40", "type":"STRING", "class":"0x7fc96c801668", "shared":true, "encoding":"UTF-8", "references":["0x7fc96c8e4f30"], "flags":{"wb_protected":true, "old":true, "marked":true}}
{"address":"0x7fc96c828c68", "type":"ARRAY", "class":"0x7fc96c84a048", "length":0, "flags":{"wb_protected":true, "old":true, "marked":true}}
{"address":"0x7fc96c828cb8", "type":"STRING", "class":"0x7fc96c801668", "frozen":true, "bytesize":40, "value":"Your friendly neighborhood hash toolkit.", "encoding":"UTF-8", "memsize":41, "flags":{"wb_protected":true, "old":true, "marked":true}}
{"address":"0x7fc96c828d30", "type":"STRING", "class":"0x7fc96c801668", "shared":true, "encoding":"UTF-8", "references":["0x7fc96c8eb060"], "flags":{"wb_protected":true, "old":true, "marked":true}}
{"address":"0x7fc96c828d80", "type":"STRING", "class":"0x7fc96c801668", "shared":true, "encoding":"UTF-8", "references":["0x7fc96c810208"], "flags":{"wb_protected":true, "old":true, "marked":true}}
{"address":"0x7fc96c828da8", "type":"OBJECT", "class":"0x7fc96c8c2688", "ivars":3, "references":["0x7fc96d074700"], "flags":{"wb_protected":true, "old":true, "marked":true}}
{"address":"0x7fc96c828df8", "type":"STRING", "class":"0x7fc96c801668", "shared":true, "encoding":"UTF-8", "references":["0x7fc96c8222f0"], "flags":{"wb_protected":true, "old":true, "marked":true}}
{"address":"0x7fc96c828e48", "type":"STRING", "class":"0x7fc96c801668", "embedded":true, "bytesize":5, "value":"2.2.0", "encoding":"UTF-8", "flags":{"wb_protected":true, "old":true, "marked":true}}
{"address":"0x7fc96c828e70", "type":"STRING", "class":"0x7fc96c801668", "shared":true, "encoding":"UTF-8", "references":["0x7fc96c822a48"], "flags":{"wb_protected":true, "old":true, "marked":true}}
{"address":"0x7fc96c828e98", "type":"ARRAY", "class":"0x7fc96c84a048", "length":1, "embedded":true, "references":["0x7fc96c828f10"], "flags":{"wb_protected":true, "old":true, "marked":true}}
{"address":"0x7fc96c828ec0", "type":"STRING", "class":"0x7fc96c801668", "shared":true, "encoding":"UTF-8", "references":["0x7fc96c0220c8"], "flags":{"wb_protected":true, "old":true, "marked":true}}
{"address":"0x7fc96c828ee8", "type":"STRING", "class":"0x7fc96c801668", "shared":true, "encoding":"UTF-8", "references":["0x7fc96c0351a0"], "flags":{"wb_protected":true, "old":true, "marked":true}}
{"address":"0x7fc96c828f10", "type":"STRING", "class":"0x7fc96c801668", "embedded":true, "bytesize":3, "value":"MIT", "encoding":"UTF-8", "flags":{"wb_protected":true, "old":true, "marked":true}}
{"address":"0x7fc96c828f38", "type":"ARRAY", "class":"0x7fc96c84a048", "length":0, "flags":{"wb_protected":true, "old":true, "marked":true}}
{"address":"0x7fc96c828f60", "type":"STRING", "class":"0x7fc96c801668", "shared":true, "encoding":"UTF-8", "references":["0x7fc96c8387d0"], "flags":{"wb_protected":true, "old":true, "marked":true}}
{"address":"0x7fc96c828f88", "type":"ARRAY", "class":"0x7fc96c84a048", "length":2, "embedded":true, "references":["0x7fc96c829050", "0x7fc96c829000"], "flags":{"wb_protected":true, "old":true, "marked":true}}
{"address":"0x7fc96c828fb0", "type":"STRING", "class":"0x7fc96c801668", "embedded":true, "bytesize":4, "value":"ruby", "encoding":"UTF-8", "flags":{"wb_protected":true, "old":true, "marked":true}}
{"address":"0x7fc96c828fd8", "type":"STRING", "class":"0x7fc96c801668", "frozen":true, "embedded":true, "fstring":true, "bytesize":7, "value":"inflate", "encoding":"US-ASCII", "flags":{"wb_protected":true, "old":true, "marked":true}}
{"address":"0x7fc96c829000", "type":"STRING", "class":"0x7fc96c801668", "embedded":true, "bytesize":20, "value":"jollyjerry@gmail.com", "encoding":"UTF-8", "flags":{"wb_protected":true, "old":true, "marked":true}}
{"address":"0x7fc96c829028", "type":"STRING", "class":"0x7fc96c801668", "shared":true, "encoding":"UTF-8", "references":["0x7fc96c03d558"], "flags":{"wb_protected":true, "old":true, "marked":true}}
{"address":"0x7fc96c829050", "type":"STRING", "class":"0x7fc96c801668", "embedded":true, "bytesize":20, "value":"michael@intridea.com", "encoding":"UTF-8", "flags":{"wb_protected":true, "old":true, "marked":true}}
{"address":"0x7fc96c829078", "type":"HASH", "class":"0x7fc96c849918", "size":0, "flags":{"wb_protected":true, "old":true, "marked":true}}
{"address":"0x7fc96c8290a0", "type":"STRING", "class":"0x7fc96c801668", "shared":true, "encoding":"UTF-8", "references":["0x7fc96c8389b0"], "flags":{"wb_protected":true, "old":true, "marked":true}}
{"address":"0x7fc96c8290c8", "type":"STRING", "class":"0x7fc96c801668", "shared":true, "encoding":"UTF-8", "references":["0x7fc96c0531f0"], "flags":{"wb_protected":true, "old":true, "marked":true}}
{"address":"0x7fc96c829118", "type":"ARRAY", "class":"0x7fc96c84a048", "length":0, "flags":{"wb_protected":true, "old":true, "marked":true}}
{"address":"0x7fc96c829140", "type":"DATA", "class":"0x7fc96c841150", "struct":"time", "memsize":88, "flags":{"remembered":true}}
{"address":"0x7fc96c829190", "type":"STRING", "class":"0x7fc96c801668", "shared":true, "encoding":"UTF-8", "references":["0x7fc96c860e88"], "flags":{"wb_protected":true, "old":true, "marked":true}}
{"address":"0x7fc96c8291e0", "type":"STRING", "class":"0x7fc96c801668", "frozen":true, "embedded":true, "fstring":true, "bytesize":12, "value":"irb_exit_org", "encoding":"US-ASCII", "flags":{"wb_protected":true, "old":true, "marked":true}}
{"address":"0x7fc96c829230", "type":"STRING", "class":"0x7fc96c801668", "frozen":true, "fstring":true, "bytesize":25, "value":"$(includedir)/$(sitearch)", "encoding":"UTF-8", "memsize":26, "flags":{"wb_protected":true, "old":true, "marked":true}}
{"address":"0x7fc96c8292a8", "type":"STRING", "class":"0x7fc96c801668", "frozen":true, "embedded":true, "fstring":true, "bytesize":3, "value":"#$!", "encoding":"US-ASCII", "flags":{"wb_protected":true, "old":true, "marked":true}}
{"address":"0x7fc96c8292d0", "type":"STRING", "class":"0x7fc96c801668", "shared":true, "encoding":"UTF-8", "references":["0x7fc96d019fd0"], "flags":{"wb_protected":true, "old":true, "marked":true}}
{"address":"0x7fc96c829320", "type":"ARRAY", "class":"0x7fc96c84a048", "length":0, "flags":{"wb_protected":true, "old":true, "marked":true}}
{"address":"0x7fc96c829398", "type":"STRING", "class":"0x7fc96c801668", "shared":true, "encoding":"UTF-8", "references":["0x7fc96d01a750"], "flags":{"wb_protected":true, "old":true, "marked":true}}
{"address":"0x7fc96c8293c0", "type":"STRING", "class":"0x7fc96c801668", "frozen":true, "embedded":true, "fstring":true, "bytesize":4, "value":"arch", "encoding":"UTF-8", "flags":{"wb_protected":true, "old":true, "marked":true}}
{"address":"0x7fc96c8293e8", "type":"STRING", "class":"0x7fc96c801668", "shared":true, "encoding":"UTF-8", "references":["0x7fc96d02a740"], "flags":{"wb_protected":true, "old":true, "marked":true}}
{"address":"0x7fc96c829410", "type":"ARRAY", "class":"0x7fc96c84a048", "length":0, "flags":{"wb_protected":true, "old":true, "marked":true}}
{"address":"0x7fc96c829438", "type":"STRING", "class":"0x7fc96c801668", "frozen":true, "embedded":true, "fstring":true, "bytesize":4, "value":"gzip", "encoding":"US-ASCII", "flags":{"wb_protected":true, "old":true, "marked":true}}
{"address":"0x7fc96c829460", "type":"STRING", "class":"0x7fc96c801668", "shared":true, "encoding":"UTF-8", "references":["0x7fc96d05fa80"], "flags":{"wb_protected":true, "old":true, "marked":true}}
{"address":"0x7fc96c829488", "type":"STRING", "class":"0x7fc96c801668", "shared":true, "encoding":"UTF-8", "references":["0x7fc96d066df8"], "flags":{"wb_protected":true, "old":true, "marked":true}}
{"address":"0x7fc96c8294d8", "type":"STRING", "class":"0x7fc96c801668", "frozen":true, "fstring":true, "bytesize":32, "value":"$(rubylibprefix)/$(ruby_version)", "encoding":"UTF-8", "memsize":33, "flags":{"wb_protected":true, "old":true, "marked":true}}
{"address":"0x7fc96c829500", "type":"STRING", "class":"0x7fc96c801668", "frozen":true, "embedded":true, "fstring":true, "bytesize":10, "value":"rubylibdir", "encoding":"UTF-8", "flags":{"wb_protected":true, "old":true, "marked":true}}
{"address":"0x7fc96c829528", "type":"ARRAY", "class":"0x7fc96c84a048", "length":2, "embedded":true, "references":["0x7fc96c829668", "0x7fc96c829618"], "flags":{"wb_protected":true, "old":true, "marked":true}}
{"address":"0x7fc96c829550", "type":"ARRAY", "class":"0x7fc96c84a048", "length":2, "embedded":true, "references":["0x7fc96c823150", "0x7fc96c822de0"], "flags":{"wb_protected":true, "old":true, "marked":true}}
{"address":"0x7fc96c8295f0", "type":"STRING", "class":"0x7fc96c801668", "shared":true, "encoding":"UTF-8", "references":["0x7fc96c88a328"], "flags":{"wb_protected":true, "old":true, "marked":true}}
{"address":"0x7fc96c829618", "type":"STRING", "class":"0x7fc96c801668", "embedded":true, "bytesize":12, "value":"Jerry Cheung", "encoding":"UTF-8", "flags":{"wb_protected":true, "old":true, "marked":true}}
{"address":"0x7fc96c829640", "type":"ARRAY", "class":"0x7fc96c84a048", "length":0, "flags":{"wb_protected":true, "old":true, "marked":true}}
{"address":"0x7fc96c829668", "type":"STRING", "class":"0x7fc96c801668", "embedded":true, "bytesize":14, "value":"Michael Bleigh", "encoding":"UTF-8", "flags":{"wb_protected":true, "old":true, "marked":true}}
{"address":"0x7fc96c829690", "type":"STRING", "class":"0x7fc96c801668", "shared":true, "encoding":"UTF-8", "references":["0x7fc96c892500"], "flags":{"wb_protected":true, "old":true, "marked":true}}
{"address":"0x7fc96c8296b8", "type":"ARRAY", "class":"0x7fc96c84a048", "length":1, "embedded":true, "references":["0x7fc96c829730"], "flags":{"wb_protected":true, "old":true, "marked":true}}
{"address":"0x7fc96c8296e0", "type":"STRING", "class":"0x7fc96c801668", "frozen":true, "embedded":true, "fstring":true, "bytesize":4, "value":"Util", "encoding":"US-ASCII", "flags":{"wb_protected":true, "old":true, "marked":true}}
{"address":"0x7fc96c829708", "type":"STRING", "class":"0x7fc96c801668", "embedded":true, "bytesize":3, "value":"bin", "encoding":"UTF-8", "flags":{"wb_protected":true, "old":true, "marked":true}}
{"address":"0x7fc96c829730", "type":"STRING", "class":"0x7fc96c801668", "embedded":true, "bytesize":3, "value":"lib", "encoding":"UTF-8", "flags":{"wb_protected":true, "old":true, "marked":true}}
{"address":"0x7fc96c829758", "type":"STRING", "class":"0x7fc96c801668", "frozen":true, "fstring":true, "bytesize":26, "value":"$(rubylibprefix)/site_ruby", "encoding":"UTF-8", "memsize":27, "flags":{"wb_protected":true, "old":true, "marked":true}}
{"address":"0x7fc96c8297a8", "type":"STRING", "class":"0x7fc96c801668", "frozen":true, "embedded":true, "fstring":true, "bytesize":7, "value":"sitedir", "encoding":"UTF-8", "flags":{"wb_protected":true, "old":true, "marked":true}}
{"address":"0x7fc96c8297d0", "type":"STRING", "class":"0x7fc96c801668", "shared":true, "encoding":"UTF-8", "references":["0x7fc96c89afe8"], "flags":{"wb_protected":true, "old":true, "marked":true}}
{"address":"0x7fc96c829820", "type":"STRING", "class":"0x7fc96c801668", "frozen":true, "fstring":true, "bytesize":26, "value":"$(sitedir)/$(ruby_version)", "encoding":"UTF-8", "memsize":27, "flags":{"wb_protected":true, "old":true, "marked":true}}
{"address":"0x7fc96c829848", "type":"STRING", "class":"0x7fc96c801668", "frozen":true, "embedded":true, "fstring":true, "bytesize":4, "value":"init", "encoding":"US-ASCII", "flags":{"wb_protected":true, "old":true, "marked":true}}
{"address":"0x7fc96c829898", "type":"STRING", "class":"0x7fc96c801668", "frozen":true, "fstring":true, "bytesize":25, "value":"$(sitelibdir)/$(sitearch)", "encoding":"UTF-8", "memsize":26, "flags":{"wb_protected":true, "old":true, "marked":true}}
{"address":"0x7fc96c8298c0", "type":"STRING", "class":"0x7fc96c801668", "frozen":true, "embedded":true, "fstring":true, "bytesize":6, "value":"gunzip", "encoding":"US-ASCII", "flags":{"wb_protected":true, "old":true, "marked":true}}
{"address":"0x7fc96c829910", "type":"STRING", "class":"0x7fc96c801668", "shared":true, "encoding":"UTF-8", "references":["0x7fc96c89b6a0"], "flags":{"wb_protected":true, "old":true, "marked":true}}
{"address":"0x7fc96c829938", "type":"STRING", "class":"0x7fc96c801668", "frozen":true, "fstring":true, "bytesize":28, "value":"$(rubylibprefix)/vendor_ruby", "encoding":"UTF-8", "memsize":29, "flags":{"wb_protected":true, "old":true, "marked":true}}
{"address":"0x7fc96c829960", "type":"STRING", "class":"0x7fc96c801668", "frozen":true, "embedded":true, "fstring":true, "bytesize":9, "value":"vendordir", "encoding":"UTF-8", "flags":{"wb_protected":true, "old":true, "marked":true}}
{"address":"0x7fc96c829988", "type":"STRING", "class":"0x7fc96c801668", "frozen":true, "fstring":true, "bytesize":28, "value":"$(vendordir)/$(ruby_version)", "encoding":"UTF-8", "memsize":29, "flags":{"wb_protected":true, "old":true, "marked":true}}
{"address":"0x7fc96c8299b0", "type":"STRING", "class":"0x7fc96c801668", "frozen":true, "embedded":true, "fstring":true, "bytesize":12, "value":"vendorlibdir", "encoding":"UTF-8", "flags":{"wb_protected":true, "old":true, "marked":true}}
{"address":"0x7fc96c8299d8", "type":"STRING", "class":"0x7fc96c801668", "frozen":true, "fstring":true, "bytesize":27, "value":"$(vendorlibdir)/$(sitearch)", "encoding":"UTF-8", "memsize":28, "flags":{"wb_protected":true, "old":true, "marked":true}}
{"address":"0x7fc96c829a50", "type":"STRING", "class":"0x7fc96c801668", "shared":true, "encoding":"UTF-8", "references":["0x7fc96c8a38f0"], "flags":{"wb_protected":true, "old":true, "marked":true}}
{"address":"0x7fc96c829a78", "type":"CLASS", "class":"0x7fc96c840a20", "name":"Class", "references":["0x7fc96c839590", "0x7fc96c8409d0"], "memsize":672, "flags":{"wb_protected":true, "old":true, "marked":true}}
{"address":"0x7fc96c829aa0", "type":"DATA", "class":"0x7fc96c832d58", "struct":"mutex", "memsize":136, "flags":{"remembered":true}}
{"address":"0x7fc96c829ac8", "type":"STRING", "class":"0x7fc96c801668", "frozen":true, "fstring":true, "bytesize":238, "value":" '--prefix=/usr/local/Cellar/ruby/2.1.1' '--enable-shared' '--disable-silent-rules' '--without-ext=tk' '--disable-install-doc' '--with-opt-dir=/usr/local/opt/libyaml:/usr/local/opt/openssl:/usr/local/opt/readline' 'CC=clang' 'CXX=clang++'", "encoding":"UTF-8", "memsize":239, "flags":{"wb_protected":true, "old":true, "marked":true}}
{"address":"0x7fc96c829b18", "type":"ARRAY", "class":"0x7fc96c84a048", "length":1, "embedded":true, "references":["0x7fc96c8c1e90"], "flags":{"wb_protected":true, "old":true, "marked":true}}
{"address":"0x7fc96c829b40", "type":"STRING", "class":"0x7fc96c801668", "shared":true, "encoding":"UTF-8", "references":["0x7fc96d817638"], "flags":{"wb_protected":true, "old":true, "marked":true}}
{"address":"0x7fc96c829b68", "type":"ARRAY", "length":1, "embedded":true, "references":["0x7fc96c829c30"], "flags":{"wb_protected":true, "old":true, "marked":true}}
{"address":"0x7fc96c829be0", "type":"OBJECT", "class":"0x7fc96c8c2688", "ivars":3, "references":["0x7fc96c829b18"], "flags":{"wb_protected":true, "old":true, "marked":true}}
{"address":"0x7fc96c829c08", "type":"STRING", "class":"0x7fc96c801668", "shared":true, "encoding":"UTF-8", "references":["0x7fc96d817f48"], "flags":{"wb_protected":true, "old":true, "marked":true}}
{"address":"0x7fc96c829c30", "type":"DATA", "class":"0x7fc96c833488", "struct":"iseq", "references":["0x7fc96c829c58", "0x7fc96c82a220", "0x7fc96c829e88", "0x7fc96c829cf8"], "memsize":696, "flags":{"wb_protected":true, "old":true, "marked":true}}
{"address":"0x7fc96c829c58", "type":"STRING", "class":"0x7fc96c801668", "frozen":true, "fstring":true, "bytesize":18, "capacity":120, "value":"block in exclusive", "memsize":121, "flags":{"wb_protected":true, "old":true, "marked":true}}
{"address":"0x7fc96c829ca8", "type":"STRING", "class":"0x7fc96c801668", "shared":true, "encoding":"UTF-8", "references":["0x7fc96d81cd40"], "flags":{"wb_protected":true, "old":true, "marked":true}}
{"address":"0x7fc96c829cd0", "type":"DATA", "class":"0x7fc96c841150", "struct":"time", "memsize":88, "flags":{"remembered":true}}
{"address":"0x7fc96c829cf8", "type":"NODE", "node_type":"NODE_CREF", "references":["0x7fc96c8395b8", "0x7fc96c829ed8"], "flags":{"wb_protected":true, "old":true, "marked":true}}
{"address":"0x7fc96c829d20", "type":"DATA", "class":"0x7fc96c833488", "struct":"iseq", "references":["0x7fc96c829b68", "0x7fc96c82a220", "0x7fc96c82a220", "0x7fc96c829e88", "0x7fc96c829cf8", "0x7fc96c839590"], "memsize":784, "flags":{"wb_protected":true, "old":true, "marked":true}}
{"address":"0x7fc96c829d70", "type":"STRING", "class":"0x7fc96c801668", "embedded":true, "bytesize":5, "value":"2.0.5", "encoding":"UTF-8", "flags":{"wb_protected":true, "old":true, "marked":true}}
{"address":"0x7fc96c829e10", "type":"STRING", "class":"0x7fc96c801668", "frozen":true, "fstring":true, "bytesize":34, "value":"$(includedir)/$(RUBY_VERSION_NAME)", "encoding":"UTF-8", "memsize":35, "flags":{"wb_protected":true, "old":true, "marked":true}}
{"address":"0x7fc96c829e38", "type":"STRING", "class":"0x7fc96c801668", "frozen":true, "fstring":true, "bytesize":74, "value":"lib$(RUBY_BASE_NAME).$(MAJOR).$(MINOR).dylib lib$(RUBY_INSTALL_NAME).dylib", "encoding":"UTF-8", "memsize":75, "flags":{"wb_protected":true, "old":true, "marked":true}}
{"address":"0x7fc96c829e60", "type":"STRING", "class":"0x7fc96c801668", "shared":true, "encoding":"UTF-8", "references":["0x7fc96d832000"], "flags":{"wb_protected":true, "old":true, "marked":true}}
{"address":"0x7fc96c829e88", "type":"STRING", "class":"0x7fc96c801668", "frozen":true, "embedded":true, "fstring":true, "bytesize":18, "value":"<internal:prelude>", "encoding":"US-ASCII", "flags":{"wb_protected":true, "old":true, "marked":true}}
{"address":"0x7fc96c829eb0", "type":"CLASS", "class":"0x7fc96c829f28", "name":"Class", "references":["0x7fc96c8409a8", "0x7fc96c840a20"], "memsize":672, "flags":{"wb_protected":true, "old":true, "marked":true}}
{"address":"0x7fc96c829ed8", "type":"NODE", "node_type":"NODE_CREF", "references":["0x7fc96c803788"], "flags":{"wb_protected":true, "old":true, "marked":true}}
{"address":"0x7fc96c829f00", "type":"CLASS", "class":"0x7fc96c829f28", "name":"Class", "references":["0x7fc96c8409f8", "0x7fc96c829f78"], "memsize":672, "flags":{"wb_protected":true, "old":true, "marked":true}}
{"address":"0x7fc96c829f28", "type":"CLASS", "class":"0x7fc96c829f28", "name":"Class", "references":["0x7fc96c840a20", "0x7fc96c829f00"], "memsize":672, "flags":{"wb_protected":true, "old":true, "marked":true}}
{"address":"0x7fc96c829f50", "type":"STRING", "class":"0x7fc96c801668", "shared":true, "encoding":"UTF-8", "references":["0x7fc96d8334a0"], "flags":{"wb_protected":true, "old":true, "marked":true}}
{"address":"0x7fc96c829f78", "type":"CLASS", "class":"0x7fc96c829f28", "name":"Class", "references":["0x7fc96c8409d0", "0x7fc96c829eb0"], "memsize":672, "flags":{"wb_protected":true, "old":true, "marked":true}}
{"address":"0x7fc96c829fa0", "type":"CLASS", "class":"0x7fc96c829f78", "name":"Class", "references":["0x7fc96c82a068", "0x7fc96c8409d0"], "memsize":672, "flags":{"wb_protected":true, "old":true, "marked":true}}
{"address":"0x7fc96c829fc8", "type":"OBJECT", "class":"0x7fc96d074e30", "ivars":50, "references":["0x7fc96c822b38", "0x7fc96d864d98", "0x7fc96d864f00", "0x7fc96d865018", "0x7fc96c823f88", "0x7fc96c823f60", "0x7fc96c823e48", "0x7fc96c8288a8", "0x7fc96c823c18", "0x7fc96c828808", "0x7fc96c828240", "0x7fc96c829708", "0x7fc96c829640", "0x7fc96c829cd0", "0x7fc96c829550", "0x7fc96c829410", "0x7fc96c829320", "0x7fc96c823ee8", "0x7fc96c823e70", "0x7fc96c829118", "0x7fc96c829078", "0x7fc96c828fb0", "0x7fc96c828f38", "0x7fc96c823dd0", "0x7fc96c828da8", "0x7fc96c828560", "0x7fc96c828c68", "0x7fc96c823da8", "0x7fc96c828970", "0x7fc96c8c82e0", "0x7fc96d864e88"], "memsize":400, "flags":{"wb_protected":true, "old":true, "marked":true}}
{"address":"0x7fc96c829ff0", "type":"STRING", "class":"0x7fc96c801668", "shared":true, "encoding":"UTF-8", "references":["0x7fc96d867e30"], "flags":{"wb_protected":true, "old":true, "marked":true}}
{"address":"0x7fc96c82a018", "type":"OBJECT", "class":"0x7fc96d040a68", "ivars":3, "references":["0x7fc96c829d70"], "flags":{"wb_protected":true, "old":true, "marked":true}}
{"address":"0x7fc96c82a040", "type":"STRING", "class":"0x7fc96c801668", "shared":true, "encoding":"UTF-8", "references":["0x7fc96d039a60"], "flags":{"wb_protected":true, "old":true, "marked":true}}
{"address":"0x7fc96c82a068", "type":"CLASS", "class":"0x7fc96c829fa0", "name":"Class", "references":["0x7fc96c8023d8", "0x7fc96c802dd8"], "memsize":672, "flags":{"wb_protected":true, "old":true, "marked":true}}
{"address":"0x7fc96c82a090", "type":"STRING", "class":"0x7fc96c801668", "shared":true, "encoding":"UTF-8", "references":["0x7fc96c8ca888"], "flags":{"wb_protected":true, "old":true, "marked":true}}
{"address":"0x7fc96c82a0b8", "type":"STRING", "class":"0x7fc96c801668", "embedded":true, "bytesize":6, "value":"hashie", "encoding":"UTF-8", "flags":{"wb_protected":true, "old":true, "marked":true}}
{"address":"0x7fc96c82a0e0", "type":"STRING", "class":"0x7fc96c801668", "shared":true, "encoding":"UTF-8", "references":["0x7fc96d0763c0"], "flags":{"wb_protected":true, "old":true, "marked":true}}
{"address":"0x7fc96c82a130", "type":"STRING", "class":"0x7fc96c801668", "frozen":true, "fstring":true, "bytesize":25, "value":"$(rubyhdrdir)/vendor_ruby", "encoding":"UTF-8", "memsize":26, "flags":{"wb_protected":true, "old":true, "marked":true}}
{"address":"0x7fc96c82a158", "type":"STRING", "class":"0x7fc96c801668", "frozen":true, "fstring":true, "bytesize":24, "value":"lib$(RUBY_SO_NAME).dylib", "encoding":"UTF-8", "memsize":25, "flags":{"wb_protected":true, "old":true, "marked":true}}
{"address":"0x7fc96c82a1a8", "type":"ARRAY", "class":"0x7fc96c84a048", "length":0, "flags":{"wb_protected":true, "old":true, "marked":true}}
{"address":"0x7fc96c82a1d0", "type":"STRING", "class":"0x7fc96c801668", "shared":true, "encoding":"UTF-8", "references":["0x7fc96c812620"], "flags":{"wb_protected":true, "old":true, "marked":true}}
{"address":"0x7fc96c82a1f8", "type":"STRING", "class":"0x7fc96c801668", "shared":true, "encoding":"UTF-8", "references":["0x7fc96c828510"], "flags":{"wb_protected":true, "old":true, "marked":true}}
{"address":"0x7fc96c82a220", "type":"STRING", "class":"0x7fc96c801668", "frozen":true, "embedded":true, "fstring":true, "bytesize":9, "value":"exclusive", "encoding":"US-ASCII", "flags":{"wb_protected":true, "old":true, "marked":true}}
{"address":"0x7fc96c82a270", "type":"STRING", "class":"0x7fc96c801668", "frozen":true, "fstring":true, "bytesize":24, "value":"http://wiki.opscode.com/", "encoding":"UTF-8", "memsize":25, "flags":{"wb_protected":true, "old":true, "marked":true}}
{"address":"0x7fc96c82a298", "type":"ARRAY", "class":"0x7fc96c84a048", "length":40, "references":["0x7fc96c82a1f8", "0x7fc96c82a1d0", "0x7fc96c82a0e0", "0x7fc96c82a090", "0x7fc96c82a040", "0x7fc96c829ff0", "0x7fc96c829f50", "0x7fc96c829e60", "0x7fc96c829ca8", "0x7fc96c829c08", "0x7fc96c829b40", "0x7fc96c829a50", "0x7fc96c829910", "0x7fc96c8297d0", "0x7fc96c829690", "0x7fc96c8295f0", "0x7fc96c829488", "0x7fc96c829460", "0x7fc96c8293e8", "0x7fc96c829398", "0x7fc96c8292d0", "0x7fc96c829190", "0x7fc96c8290c8", "0x7fc96c829028", "0x7fc96c828ee8", "0x7fc96c828ec0", "0x7fc96c828e70", "0x7fc96c828df8", "0x7fc96c828d80", "0x7fc96c828d30", "0x7fc96c828c40", "0x7fc96c828c18", "0x7fc96c828bc8", "0x7fc96c828ab0", "0x7fc96c828a10", "0x7fc96c8289c0", "0x7fc96c8288f8", "0x7fc96c8288d0", "0x7fc96c828880", "0x7fc96c828740"], "memsize":448, "flags":{"wb_protected":true, "old":true, "marked":true}}
{"address":"0x7fc96c82a2c0", "type":"STRING", "class":"0x7fc96c801668", "frozen":true, "fstring":true, "bytesize":40, "value":"Run external commands on Unix or Windows", "encoding":"UTF-8", "memsize":41, "flags":{"wb_protected":true, "old":true, "marked":true}}
{"address":"0x7fc96c82a310", "type":"ICLASS", "class":"0x7fc96c8c75e8", "references":["0x7fc96c8d12a0", "0x7fc96c8d11b0", "0x7fc96c8d09b8", "0x7fc96c8c45c8", "0x7fc96c8c0e78", "0x7fc96c8bb518", "0x7fc96c8b98d0", "0x7fc96c8ab960", "0x7fc96d041a58", "0x7fc96d0382a0", "0x7fc96c065170", "0x7fc96d865c98", "0x7fc96d857350", "0x7fc96d855a78", "0x7fc96d8394e0", "0x7fc96d831ee8", "0x7fc96c8c75c0", "0x7fc96c8c7480", "0x7fc96c8c6a30", "0x7fc96d04a090", "0x7fc96d04a090", "0x7fc96d04a090", "0x7fc96d04a090", "0x7fc96c803788"], "flags":{"remembered":true}}
{"address":"0x7fc96c82a388", "type":"OBJECT", "class":"0x7fc96c9000c8", "ivars":0, "flags":{"wb_protected":true, "old":true, "marked":true}}
{"address":"0x7fc96c82a3d8", "type":"STRING", "class":"0x7fc96c801668", "frozen":true, "fstring":true, "bytesize":25, "value":"$(sitehdrdir)/$(sitearch)", "encoding":"UTF-8", "memsize":26, "flags":{"wb_protected":true, "old":true, "marked":true}}
{"address":"0x7fc96c82a400", "type":"FILE", "class":"0x7fc96c843a68", "fd":1, "memsize":216, "flags":{"remembered":true}}
{"address":"0x7fc96c82a428", "type":"STRING", "class":"0x7fc96c801668", "frozen":true, "fstring":true, "bytesize":26, "value":"MUTEX_FOR_THREAD_EXCLUSIVE", "encoding":"US-ASCII", "memsize":27, "flags":{"wb_protected":true, "old":true, "marked":true}}
{"address":"0x7fc96c82a450", "type":"ARRAY", "class":"0x7fc96c84a048", "length":0, "flags":{"wb_protected":true, "old":true, "marked":true}}
{"address":"0x7fc96c82a4a0", "type":"STRING", "class":"0x7fc96c801668", "embedded":true, "bytesize":9, "value":"*.gemspec", "encoding":"UTF-8", "flags":{"wb_protected":true, "old":true, "marked":true}}
{"address":"0x7fc96c82a4c8", "type":"STRING", "class":"0x7fc96c801668", "frozen":true, "embedded":true, "fstring":true, "bytesize":14, "value":"SCRIPT_LINES__", "encoding":"US-ASCII", "flags":{"wb_protected":true, "old":true, "marked":true}}
{"address":"0x7fc96c82a568", "type":"STRING", "class":"0x7fc96c801668", "frozen":true, "fstring":true, "bytesize":27, "value":"$(vendorhdrdir)/$(sitearch)", "encoding":"UTF-8", "memsize":28, "flags":{"wb_protected":true, "old":true, "marked":true}}
{"address":"0x7fc96c82a590", "type":"MODULE", "class":"0x7fc96c8819a8", "name":"Gem", "references":["0x7fc96c881a70", "0x7fc96c881a48", "0x7fc96c881a20", "0x7fc96c8819f8", "0x7fc96c8819d0", "0x7fc96c82a5b8", "0x7fc96d064cb0", "0x7fc96d064c88", "0x7fc96d064c60", "0x7fc96c891448", "0x7fc96d064c38", "0x7fc96d064c10", "0x7fc96d064be8", "0x7fc96d0647b0", "0x7fc96c02c690", "0x7fc96c023f90", "0x7fc96c8f2630", "0x7fc96c8c2098", "0x7fc96d054798", "0x7fc96c822f98", "0x7fc96d0546d0", "0x7fc96d054798", "0x7fc96d0546d0", "0x7fc96d05cc68", "0x7fc96d0546d0", "0x7fc96d05cc40", "0x7fc96d0546d0", "0x7fc96d054798", "0x7fc96d0546d0", "0x7fc96c881a98", "0x7fc96d05c7b8", "0x7fc96d801770", "0x7fc96c881570", "0x7fc96d065868", "0x7fc96d8012c0", "0x7fc96d0656b0", "0x7fc96d8012c0", "0x7fc96d065610", "0x7fc96d8012c0", "0x7fc96d065480", "0x7fc96d8012c0", "0x7fc96d064f30", "0x7fc96c822f98", "0x7fc96d064f08", "0x7fc96c822f98", "0x7fc96d064e68", "0x7fc96c822f98", "0x7fc96d064d50", "0x7fc96c822f98", "0x7fc96d064cd8", "0x7fc96c822f98", "0x7fc96d064828", "0x7fc96c822f98", "0x7fc96c822f98", "0x7fc96c822f98", "0x7fc96c822f98", "0x7fc96c822f98", "0x7fc96c822f98", "0x7fc96c822f98", "0x7fc96c822f98", "0x7fc96c822f98", "0x7fc96c822f98", "0x7fc96d040a68", "0x7fc96d864438", "0x7fc96c8c2688", "0x7fc96d0402e8", "0x7fc96c8c8510", "0x7fc96c8c1918", "0x7fc96d04abf8", "0x7fc96c8dfe18", "0x7fc96d077a68", "0x7fc96d04a608", "0x7fc96d0753f8", "0x7fc96d077478", "0x7fc96d075308", "0x7fc96d077478", "0x7fc96d074e30", "0x7fc96d06fdb8", "0x7fc96c8e4148", "0x7fc96d07e8b8", "0x7fc96c8e4008", "0x7fc96d07e8b8", "0x7fc96c8f3f30", "0x7fc96d07e8b8", "0x7fc96c8f3e90", "0x7fc96d07e8b8", "0x7fc96c8f3df0", "0x7fc96d07e8b8", "0x7fc96c8f3d00", "0x7fc96d07e8b8", "0x7fc96c8f3be8", "0x7fc96d07e8b8", "0x7fc96c8f3b48", "0x7fc96d07e8b8", "0x7fc96c8f3aa8", "0x7fc96d07e8b8", "0x7fc96c8f39b8", "0x7fc96d07e8b8", "0x7fc96c8f3878", "0x7fc96d07e8b8", "0x7fc96c8f37d8", "0x7fc96d07e8b8", "0x7fc96c8f3648", "0x7fc96d07e8b8", "0x7fc96c8f3508", "0x7fc96d07e8b8", "0x7fc96c8f3468", "0x7fc96d07e8b8", "0x7fc96c8f33c8", "0x7fc96d07e8b8", "0x7fc96c8f3328", "0x7fc96d07e8b8", "0x7fc96c8f3288", "0x7fc96d07e8b8", "0x7fc96c8f31e8", "0x7fc96d07e8b8", "0x7fc96c8f3148", "0x7fc96d07e8b8", "0x7fc96c8f30a8", "0x7fc96d07e8b8", "0x7fc96c8f3008", "0x7fc96d07e8b8", "0x7fc96c8f2f68", "0x7fc96d07e8b8", "0x7fc96c8f2e50", "0x7fc96d07e8b8", "0x7fc96c8f2e50", "0x7fc96d07e8b8", "0x7fc96c02d888", "0x7fc96c822f98", "0x7fc96d077ae0", "0x7fc96d06fdb8"], "memsize":6040, "flags":{"wb_protected":true, "old":true, "marked":true}}
{"address":"0x7fc96c82a5b8", "type":"STRING", "class":"0x7fc96c801668", "frozen":true, "embedded":true, "fstring":true, "bytesize":3, "value":"Gem", "encoding":"US-ASCII", "flags":{"wb_protected":true, "old":true, "marked":true}}
{"address":"0x7fc96c82a5e0", "type":"STRING", "class":"0x7fc96c801668", "shared":true, "encoding":"UTF-8", "references":["0x7fc96c831cc8"], "flags":{"wb_protected":true, "old":true, "marked":true}}
{"address":"0x7fc96c82a608", "type":"STRING", "class":"0x7fc96c801668", "shared":true, "encoding":"UTF-8", "references":["0x7fc96c831cf0"], "flags":{"wb_protected":true, "old":true, "marked":true}}
{"address":"0x7fc96c82a630", "type":"STRING", "class":"0x7fc96c801668", "shared":true, "encoding":"UTF-8", "references":["0x7fc96c831d18"], "flags":{"wb_protected":true, "old":true, "marked":true}}
{"address":"0x7fc96c82a658", "type":"STRING", "class":"0x7fc96c801668", "shared":true, "encoding":"UTF-8", "references":["0x7fc96c831d40"], "flags":{"wb_protected":true, "old":true, "marked":true}}
{"address":"0x7fc96c82a680", "type":"STRING", "class":"0x7fc96c801668", "shared":true, "encoding":"UTF-8", "references":["0x7fc96c831d68"], "flags":{"wb_protected":true, "old":true, "marked":true}}
{"address":"0x7fc96c82a6a8", "type":"STRING", "class":"0x7fc96c801668", "shared":true, "encoding":"UTF-8", "references":["0x7fc96c831d90"], "flags":{"wb_protected":true, "old":true, "marked":true}}
{"address":"0x7fc96c82a6d0", "type":"STRING", "class":"0x7fc96c801668", "shared":true, "encoding":"UTF-8", "references":["0x7fc96c831db8"], "flags":{"wb_protected":true, "old":true, "marked":true}}
{"address":"0x7fc96c82a6f8", "type":"STRING", "class":"0x7fc96c801668", "shared":true, "encoding":"UTF-8", "references":["0x7fc96c831de0"], "flags":{"wb_protected":true, "old":true, "marked":true}}
{"address":"0x7fc96c82a720", "type":"STRING", "class":"0x7fc96c801668", "frozen":true, "embedded":true, "bytesize":17, "value":"test-unit-2.1.1.0", "encoding":"UTF-8", "flags":{"wb_protected":true, "old":true, "marked":true}}
{"address":"0x7fc96c82a748", "type":"FILE", "class":"0x7fc96c843a68", "fd":0, "memsize":216, "flags":{"remembered":true}}
{"address":"0x7fc96c82a770", "type":"OBJECT", "class":"0x7fc96c8c2688", "ivars":3, "references":["0x7fc96d074700"], "flags":{"wb_protected":true, "old":true, "marked":true}}
{"address":"0x7fc96c82a7e8", "type":"ARRAY", "class":"0x7fc96c84a048", "length":3, "embedded":true, "references":["0x7fc96c8e7cf8", "0x7fc96c8d4180"], "flags":{"wb_protected":true, "old":true, "remembered":true, "marked":true}}
{"address":"0x7fc96c82a810", "type":"OBJECT", "class":"0x7fc96d028260", "ivars":10, "references":["0x7fc96d02a560", "0x7fc96c82a7e8", "0x7fc96c82a748", "0x7fc96c82a400", "0x7fc96c8d4bd0", "0x7fc96c8d4248", "0x7fc96c8e7e10"], "memsize":80, "flags":{"wb_protected":true, "old":true, "remembered":true, "marked":true}}
{"address":"0x7fc96c82a838", "type":"STRING", "class":"0x7fc96c801668", "embedded":true, "bytesize":5, "value":"(irb)", "encoding":"UTF-8", "flags":{"wb_protected":true, "old":true, "marked":true}}
{"address":"0x7fc96c82a860", "type":"ARRAY", "class":"0x7fc96c84a048", "length":0, "flags":{"wb_protected":true, "old":true, "marked":true}}
{"address":"0x7fc96c82a8d8", "type":"STRING", "class":"0x7fc96c801668", "embedded":true, "bytesize":4, "value":"ruby", "encoding":"UTF-8", "flags":{"wb_protected":true, "old":true, "marked":true}}
{"address":"0x7fc96c82a928", "type":"DATA", "class":"0x7fc96c839658", "struct":"VM/env", "references":["0x7fc96c82a950", "0x7fc96c82a928", "0x7fc96c833be0", "0x7fc96c802400", "0x7fc96c82aa40"], "memsize":96}
{"address":"0x7fc96c82a950", "type":"NODE", "node_type":"NODE_CREF", "references":["0x7fc96c803788"], "flags":{"wb_protected":true, "old":true, "marked":true}}
{"address":"0x7fc96c82a978", "type":"HASH", "class":"0x7fc96c849918", "size":0, "flags":{"wb_protected":true, "old":true, "marked":true}}
{"address":"0x7fc96c82a9f0", "type":"STRING", "class":"0x7fc96c801668", "frozen":true, "fstring":true, "bytesize":27, "value":"lib$(RUBY_SO_NAME)-static.a", "encoding":"UTF-8", "memsize":28, "flags":{"wb_protected":true, "old":true, "marked":true}}
{"address":"0x7fc96c82aa40", "type":"DATA", "class":"0x7fc96c833488", "struct":"iseq", "references":["0x7fc96c838500", "0x7fc96c838500", "0x7fc96c8f04e8", "0x7fc96c8f04e8", "0x7fc96c833e10"], "memsize":440, "flags":{"wb_protected":true, "old":true, "marked":true}}
{"address":"0x7fc96c82aab8", "type":"ARRAY", "class":"0x7fc96c84a048", "length":0, "flags":{"wb_protected":true, "old":true, "marked":true}}
{"address":"0x7fc96c82ab08", "type":"STRING", "class":"0x7fc96c801668", "frozen":true, "embedded":true, "fstring":true, "bytesize":13, "value":"SJIS_SOFTBANK", "encoding":"US-ASCII", "flags":{"wb_protected":true, "old":true, "marked":true}}
{"address":"0x7fc96c82ab30", "type":"STRING", "class":"0x7fc96c801668", "frozen":true, "embedded":true, "fstring":true, "bytesize":13, "value":"SJIS_SoftBank", "encoding":"US-ASCII", "flags":{"wb_protected":true, "old":true, "marked":true}}
{"address":"0x7fc96c82ab58", "type":"DATA", "class":"0x7fc96c802360", "struct":"encoding", "flags":{"remembered":true}}
{"address":"0x7fc96c82ab80", "type":"STRING", "class":"0x7fc96c801668", "frozen":true, "embedded":true, "fstring":true, "bytesize":13, "value":"UTF8_SOFTBANK", "encoding":"US-ASCII", "flags":{"wb_protected":true, "old":true, "marked":true}}
{"address":"0x7fc96c82aba8", "type":"STRING", "class":"0x7fc96c801668", "frozen":true, "embedded":true, "fstring":true, "bytesize":13, "value":"UTF8_SoftBank", "encoding":"US-ASCII", "flags":{"wb_protected":true, "old":true, "marked":true}}
{"address":"0x7fc96c82abd0", "type":"DATA", "class":"0x7fc96c802360", "struct":"encoding", "flags":{"remembered":true}}
{"address":"0x7fc96c82abf8", "type":"STRING", "class":"0x7fc96c801668", "frozen":true, "fstring":true, "bytesize":26, "value":"STATELESS_ISO_2022_JP_KDDI", "encoding":"US-ASCII", "memsize":27, "flags":{"wb_protected":true, "old":true, "marked":true}}
{"address":"0x7fc96c82ac20", "type":"STRING", "class":"0x7fc96c801668", "frozen":true, "fstring":true, "bytesize":26, "value":"Stateless_ISO_2022_JP_KDDI", "encoding":"US-ASCII", "memsize":27, "flags":{"wb_protected":true, "old":true, "marked":true}}
{"address":"0x7fc96c82ac48", "type":"DATA", "class":"0x7fc96c802360", "struct":"encoding", "flags":{"remembered":true}}
{"address":"0x7fc96c82ac70", "type":"STRING", "class":"0x7fc96c801668", "frozen":true, "embedded":true, "fstring":true, "bytesize":16, "value":"ISO_2022_JP_KDDI", "encoding":"US-ASCII", "flags":{"wb_protected":true, "old":true, "marked":true}}
{"address":"0x7fc96c82ac98", "type":"DATA", "class":"0x7fc96c802360", "struct":"encoding", "flags":{"remembered":true}}
{"address":"0x7fc96c82acc0", "type":"STRING", "class":"0x7fc96c801668", "frozen":true, "embedded":true, "fstring":true, "bytesize":9, "value":"SJIS_KDDI", "encoding":"US-ASCII", "flags":{"wb_protected":true, "old":true, "marked":true}}
{"address":"0x7fc96c82ace8", "type":"DATA", "class":"0x7fc96c802360", "struct":"encoding", "flags":{"remembered":true}}
{"address":"0x7fc96c82ad10", "type":"STRING", "class":"0x7fc96c801668", "frozen":true, "embedded":true, "fstring":true, "bytesize":9, "value":"UTF8_KDDI", "encoding":"US-ASCII", "flags":{"wb_protected":true, "old":true, "marked":true}}
{"address":"0x7fc96c82ad38", "type":"DATA", "class":"0x7fc96c802360", "struct":"encoding", "flags":{"remembered":true}}
{"address":"0x7fc96c82ad60", "type":"STRING", "class":"0x7fc96c801668", "frozen":true, "embedded":true, "fstring":true, "bytesize":11, "value":"SJIS_DOCOMO", "encoding":"US-ASCII", "flags":{"wb_protected":true, "old":true, "marked":true}}
{"address":"0x7fc96c82ad88", "type":"STRING", "class":"0x7fc96c801668", "frozen":true, "embedded":true, "fstring":true, "bytesize":11, "value":"SJIS_DoCoMo", "encoding":"US-ASCII", "flags":{"wb_protected":true, "old":true, "marked":true}}
{"address":"0x7fc96c82adb0", "type":"DATA", "class":"0x7fc96c802360", "struct":"encoding", "flags":{"remembered":true}}
{"address":"0x7fc96c82add8", "type":"STRING", "class":"0x7fc96c801668", "frozen":true, "embedded":true, "fstring":true, "bytesize":11, "value":"UTF8_DOCOMO", "encoding":"US-ASCII", "flags":{"wb_protected":true, "old":true, "marked":true}}
{"address":"0x7fc96c82ae00", "type":"STRING", "class":"0x7fc96c801668", "frozen":true, "embedded":true, "fstring":true, "bytesize":11, "value":"UTF8_DoCoMo", "encoding":"US-ASCII", "flags":{"wb_protected":true, "old":true, "marked":true}}
{"address":"0x7fc96c82ae28", "type":"DATA", "class":"0x7fc96c802360", "struct":"encoding", "flags":{"remembered":true}}
{"address":"0x7fc96c82ae50", "type":"STRING", "class":"0x7fc96c801668", "frozen":true, "embedded":true, "fstring":true, "bytesize":6, "value":"CP1251", "encoding":"US-ASCII", "flags":{"wb_protected":true, "old":true, "marked":true}}
{"address":"0x7fc96c82ae78", "type":"STRING", "class":"0x7fc96c801668", "frozen":true, "embedded":true, "fstring":true, "bytesize":3, "value":"PCK", "encoding":"US-ASCII", "flags":{"wb_protected":true, "old":true, "marked":true}}
{"address":"0x7fc96c82aea0", "type":"STRING", "class":"0x7fc96c801668", "frozen":true, "embedded":true, "fstring":true, "bytesize":4, "value":"SJIS", "encoding":"US-ASCII", "flags":{"wb_protected":true, "old":true, "marked":true}}
{"address":"0x7fc96c82aec8", "type":"STRING", "class":"0x7fc96c801668", "frozen":true, "embedded":true, "fstring":true, "bytesize":12, "value":"CSWINDOWS31J", "encoding":"US-ASCII", "flags":{"wb_protected":true, "old":true, "marked":true}}
{"address":"0x7fc96c82aef0", "type":"STRING", "class":"0x7fc96c801668", "frozen":true, "embedded":true, "fstring":true, "bytesize":12, "value":"CsWindows31J", "encoding":"US-ASCII", "flags":{"wb_protected":true, "old":true, "marked":true}}
{"address":"0x7fc96c82af18", "type":"STRING", "class":"0x7fc96c801668", "frozen":true, "embedded":true, "fstring":true, "bytesize":5, "value":"CP932", "encoding":"US-ASCII", "flags":{"wb_protected":true, "old":true, "marked":true}}
{"address":"0x7fc96c82af40", "type":"STRING", "class":"0x7fc96c801668", "frozen":true, "embedded":true, "fstring":true, "bytesize":7, "value":"UCS_4LE", "encoding":"US-ASCII", "flags":{"wb_protected":true, "old":true, "marked":true}}
{"address":"0x7fc96c82af68", "type":"STRING", "class":"0x7fc96c801668", "frozen":true, "embedded":true, "fstring":true, "bytesize":7, "value":"UCS_4BE", "encoding":"US-ASCII", "flags":{"wb_protected":true, "old":true, "marked":true}}
{"address":"0x7fc96c82af90", "type":"STRING", "class":"0x7fc96c801668", "frozen":true, "embedded":true, "fstring":true, "bytesize":7, "value":"UCS_2BE", "encoding":"US-ASCII", "flags":{"wb_protected":true, "old":true, "marked":true}}
{"address":"0x7fc96c82afb8", "type":"STRING", "class":"0x7fc96c801668", "frozen":true, "embedded":true, "fstring":true, "bytesize":6, "value":"UTF_32", "encoding":"US-ASCII", "flags":{"wb_protected":true, "old":true, "marked":true}}
{"address":"0x7fc96c82afe0", "type":"STRING", "class":"0x7fc96c801668", "frozen":true, "embedded":true, "fstring":true, "bytesize":6, "value":"UTF_16", "encoding":"US-ASCII", "flags":{"wb_protected":true, "old":true, "marked":true}}
{"address":"0x7fc96c82b008", "type":"STRING", "class":"0x7fc96c801668", "frozen":true, "embedded":true, "fstring":true, "bytesize":9, "value":"UTF_8_HFS", "encoding":"US-ASCII", "flags":{"wb_protected":true, "old":true, "marked":true}}
{"address":"0x7fc96c82b030", "type":"STRING", "class":"0x7fc96c801668", "frozen":true, "embedded":true, "fstring":true, "bytesize":9, "value":"UTF_8_MAC", "encoding":"US-ASCII", "flags":{"wb_protected":true, "old":true, "marked":true}}
{"address":"0x7fc96c82b058", "type":"STRING", "class":"0x7fc96c801668", "frozen":true, "embedded":true, "fstring":true, "bytesize":8, "value":"UTF8_MAC", "encoding":"US-ASCII", "flags":{"wb_protected":true, "old":true, "marked":true}}
{"address":"0x7fc96c82b080", "type":"STRING", "class":"0x7fc96c801668", "frozen":true, "embedded":true, "fstring":true, "bytesize":7, "value":"CP65001", "encoding":"US-ASCII", "flags":{"wb_protected":true, "old":true, "marked":true}}
{"address":"0x7fc96c82b0a8", "type":"STRING", "class":"0x7fc96c801668", "frozen":true, "embedded":true, "fstring":true, "bytesize":7, "value":"CP65000", "encoding":"US-ASCII", "flags":{"wb_protected":true, "old":true, "marked":true}}
{"address":"0x7fc96c82b0d0", "type":"STRING", "class":"0x7fc96c801668", "frozen":true, "embedded":true, "fstring":true, "bytesize":5, "value":"UTF_7", "encoding":"US-ASCII", "flags":{"wb_protected":true, "old":true, "marked":true}}
{"address":"0x7fc96c82b0f8", "type":"DATA", "class":"0x7fc96c802360", "struct":"encoding", "flags":{"remembered":true}}
{"address":"0x7fc96c82b120", "type":"STRING", "class":"0x7fc96c801668", "frozen":true, "embedded":true, "fstring":true, "bytesize":14, "value":"ANSI_X3_4_1968", "encoding":"US-ASCII", "flags":{"wb_protected":true, "old":true, "marked":true}}
{"address":"0x7fc96c82b148", "type":"STRING", "class":"0x7fc96c801668", "frozen":true, "embedded":true, "fstring":true, "bytesize":5, "value":"ASCII", "encoding":"US-ASCII", "flags":{"wb_protected":true, "old":true, "marked":true}}
{"address":"0x7fc96c82b170", "type":"STRING", "class":"0x7fc96c801668", "frozen":true, "embedded":true, "fstring":true, "bytesize":8, "value":"MACJAPAN", "encoding":"US-ASCII", "flags":{"wb_protected":true, "old":true, "marked":true}}
{"address":"0x7fc96c82b198", "type":"STRING", "class":"0x7fc96c801668", "frozen":true, "embedded":true, "fstring":true, "bytesize":8, "value":"MacJapan", "encoding":"US-ASCII", "flags":{"wb_protected":true, "old":true, "marked":true}}
{"address":"0x7fc96c82b1c0", "type":"STRING", "class":"0x7fc96c801668", "frozen":true, "embedded":true, "fstring":true, "bytesize":11, "value":"MACJAPANESE", "encoding":"US-ASCII", "flags":{"wb_protected":true, "old":true, "marked":true}}
{"address":"0x7fc96c82b1e8", "type":"STRING", "class":"0x7fc96c801668", "frozen":true, "embedded":true, "fstring":true, "bytesize":11, "value":"MacJapanese", "encoding":"US-ASCII", "flags":{"wb_protected":true, "old":true, "marked":true}}
{"address":"0x7fc96c82b210", "type":"DATA", "class":"0x7fc96c802360", "struct":"encoding", "flags":{"remembered":true}}
{"address":"0x7fc96c82b238", "type":"STRING", "class":"0x7fc96c801668", "frozen":true, "embedded":true, "fstring":true, "bytesize":5, "value":"CP878", "encoding":"US-ASCII", "flags":{"wb_protected":true, "old":true, "marked":true}}
{"address":"0x7fc96c82b260", "type":"STRING", "class":"0x7fc96c801668", "frozen":true, "embedded":true, "fstring":true, "bytesize":10, "value":"ISO8859_16", "encoding":"US-ASCII", "flags":{"wb_protected":true, "old":true, "marked":true}}
{"address":"0x7fc96c82b288", "type":"STRING", "class":"0x7fc96c801668", "frozen":true, "embedded":true, "fstring":true, "bytesize":10, "value":"ISO8859_15", "encoding":"US-ASCII", "flags":{"wb_protected":true, "old":true, "marked":true}}
{"address":"0x7fc96c82b2b0", "type":"STRING", "class":"0x7fc96c801668", "frozen":true, "embedded":true, "fstring":true, "bytesize":10, "value":"ISO8859_14", "encoding":"US-ASCII", "flags":{"wb_protected":true, "old":true, "marked":true}}
{"address":"0x7fc96c82b2d8", "type":"STRING", "class":"0x7fc96c801668", "frozen":true, "embedded":true, "fstring":true, "bytesize":6, "value":"CP1257", "encoding":"US-ASCII", "flags":{"wb_protected":true, "old":true, "marked":true}}
{"address":"0x7fc96c82b300", "type":"STRING", "class":"0x7fc96c801668", "frozen":true, "embedded":true, "fstring":true, "bytesize":12, "value":"WINDOWS_1257", "encoding":"US-ASCII", "flags":{"wb_protected":true, "old":true, "marked":true}}
{"address":"0x7fc96c82b328", "type":"STRING", "class":"0x7fc96c801668", "frozen":true, "embedded":true, "fstring":true, "bytesize":12, "value":"Windows_1257", "encoding":"US-ASCII", "flags":{"wb_protected":true, "old":true, "marked":true}}
{"address":"0x7fc96c82b350", "type":"DATA", "class":"0x7fc96c802360", "struct":"encoding", "flags":{"remembered":true}}
{"address":"0x7fc96c82b378", "type":"STRING", "class":"0x7fc96c801668", "frozen":true, "embedded":true, "fstring":true, "bytesize":10, "value":"ISO8859_13", "encoding":"US-ASCII", "flags":{"wb_protected":true, "old":true, "marked":true}}
{"address":"0x7fc96c82b3a0", "type":"STRING", "class":"0x7fc96c801668", "frozen":true, "embedded":true, "fstring":true, "bytesize":5, "value":"CP874", "encoding":"US-ASCII", "flags":{"wb_protected":true, "old":true, "marked":true}}
{"address":"0x7fc96c82b3c8", "type":"STRING", "class":"0x7fc96c801668", "frozen":true, "embedded":true, "fstring":true, "bytesize":11, "value":"WINDOWS_874", "encoding":"US-ASCII", "flags":{"wb_protected":true, "old":true, "marked":true}}
{"address":"0x7fc96c82b3f0", "type":"STRING", "class":"0x7fc96c801668", "frozen":true, "embedded":true, "fstring":true, "bytesize":11, "value":"Windows_874", "encoding":"US-ASCII", "flags":{"wb_protected":true, "old":true, "marked":true}}
{"address":"0x7fc96c82b418", "type":"DATA", "class":"0x7fc96c802360", "struct":"encoding", "flags":{"remembered":true}}
{"address":"0x7fc96c82b440", "type":"STRING", "class":"0x7fc96c801668", "frozen":true, "embedded":true, "fstring":true, "bytesize":7, "value":"TIS_620", "encoding":"US-ASCII", "flags":{"wb_protected":true, "old":true, "marked":true}}
{"address":"0x7fc96c82b468", "type":"DATA", "class":"0x7fc96c802360", "struct":"encoding", "flags":{"remembered":true}}
{"address":"0x7fc96c82b490", "type":"STRING", "class":"0x7fc96c801668", "frozen":true, "embedded":true, "fstring":true, "bytesize":10, "value":"ISO8859_11", "encoding":"US-ASCII", "flags":{"wb_protected":true, "old":true, "marked":true}}
{"address":"0x7fc96c82b4b8", "type":"STRING", "class":"0x7fc96c801668", "frozen":true, "embedded":true, "fstring":true, "bytesize":10, "value":"ISO8859_10", "encoding":"US-ASCII", "flags":{"wb_protected":true, "old":true, "marked":true}}
{"address":"0x7fc96c82b4e0", "type":"STRING", "class":"0x7fc96c801668", "frozen":true, "embedded":true, "fstring":true, "bytesize":6, "value":"CP1254", "encoding":"US-ASCII", "flags":{"wb_protected":true, "old":true, "marked":true}}
{"address":"0x7fc96c82b508", "type":"STRING", "class":"0x7fc96c801668", "frozen":true, "embedded":true, "fstring":true, "bytesize":12, "value":"WINDOWS_1254", "encoding":"US-ASCII", "flags":{"wb_protected":true, "old":true, "marked":true}}
{"address":"0x7fc96c82b530", "type":"STRING", "class":"0x7fc96c801668", "frozen":true, "embedded":true, "fstring":true, "bytesize":12, "value":"Windows_1254", "encoding":"US-ASCII", "flags":{"wb_protected":true, "old":true, "marked":true}}
{"address":"0x7fc96c82b558", "type":"DATA", "class":"0x7fc96c802360", "struct":"encoding", "flags":{"remembered":true}}
{"address":"0x7fc96c82b580", "type":"STRING", "class":"0x7fc96c801668", "frozen":true, "embedded":true, "fstring":true, "bytesize":9, "value":"ISO8859_9", "encoding":"US-ASCII", "flags":{"wb_protected":true, "old":true, "marked":true}}
{"address":"0x7fc96c82b5a8", "type":"STRING", "class":"0x7fc96c801668", "frozen":true, "embedded":true, "fstring":true, "bytesize":6, "value":"CP1255", "encoding":"US-ASCII", "flags":{"wb_protected":true, "old":true, "marked":true}}
{"address":"0x7fc96c82b5d0", "type":"STRING", "class":"0x7fc96c801668", "frozen":true, "embedded":true, "fstring":true, "bytesize":12, "value":"WINDOWS_1255", "encoding":"US-ASCII", "flags":{"wb_protected":true, "old":true, "marked":true}}
{"address":"0x7fc96c82b5f8", "type":"STRING", "class":"0x7fc96c801668", "frozen":true, "embedded":true, "fstring":true, "bytesize":12, "value":"Windows_1255", "encoding":"US-ASCII", "flags":{"wb_protected":true, "old":true, "marked":true}}
{"address":"0x7fc96c82b620", "type":"DATA", "class":"0x7fc96c802360", "struct":"encoding", "flags":{"remembered":true}}
{"address":"0x7fc96c82b648", "type":"STRING", "class":"0x7fc96c801668", "frozen":true, "embedded":true, "fstring":true, "bytesize":9, "value":"ISO8859_8", "encoding":"US-ASCII", "flags":{"wb_protected":true, "old":true, "marked":true}}
{"address":"0x7fc96c82b670", "type":"STRING", "class":"0x7fc96c801668", "frozen":true, "embedded":true, "fstring":true, "bytesize":6, "value":"CP1253", "encoding":"US-ASCII", "flags":{"wb_protected":true, "old":true, "marked":true}}
{"address":"0x7fc96c82b698", "type":"STRING", "class":"0x7fc96c801668", "frozen":true, "embedded":true, "fstring":true, "bytesize":12, "value":"WINDOWS_1253", "encoding":"US-ASCII", "flags":{"wb_protected":true, "old":true, "marked":true}}
{"address":"0x7fc96c82b6c0", "type":"STRING", "class":"0x7fc96c801668", "frozen":true, "embedded":true, "fstring":true, "bytesize":12, "value":"Windows_1253", "encoding":"US-ASCII", "flags":{"wb_protected":true, "old":true, "marked":true}}
{"address":"0x7fc96c82b6e8", "type":"DATA", "class":"0x7fc96c802360", "struct":"encoding", "flags":{"remembered":true}}
{"address":"0x7fc96c82b710", "type":"STRING", "class":"0x7fc96c801668", "frozen":true, "embedded":true, "fstring":true, "bytesize":9, "value":"ISO8859_7", "encoding":"US-ASCII", "flags":{"wb_protected":true, "old":true, "marked":true}}
{"address":"0x7fc96c82b738", "type":"STRING", "class":"0x7fc96c801668", "frozen":true, "embedded":true, "fstring":true, "bytesize":6, "value":"CP1256", "encoding":"US-ASCII", "flags":{"wb_protected":true, "old":true, "marked":true}}
{"address":"0x7fc96c82b760", "type":"STRING", "class":"0x7fc96c801668", "frozen":true, "embedded":true, "fstring":true, "bytesize":12, "value":"WINDOWS_1256", "encoding":"US-ASCII", "flags":{"wb_protected":true, "old":true, "marked":true}}
{"address":"0x7fc96c82b788", "type":"STRING", "class":"0x7fc96c801668", "frozen":true, "embedded":true, "fstring":true, "bytesize":12, "value":"Windows_1256", "encoding":"US-ASCII", "flags":{"wb_protected":true, "old":true, "marked":true}}
{"address":"0x7fc96c82b7b0", "type":"DATA", "class":"0x7fc96c802360", "struct":"encoding", "flags":{"remembered":true}}
{"address":"0x7fc96c82b7d8", "type":"STRING", "class":"0x7fc96c801668", "frozen":true, "embedded":true, "fstring":true, "bytesize":9, "value":"ISO8859_6", "encoding":"US-ASCII", "flags":{"wb_protected":true, "old":true, "marked":true}}
{"address":"0x7fc96c82b800", "type":"STRING", "class":"0x7fc96c801668", "frozen":true, "embedded":true, "fstring":true, "bytesize":9, "value":"ISO8859_5", "encoding":"US-ASCII", "flags":{"wb_protected":true, "old":true, "marked":true}}
{"address":"0x7fc96c82b828", "type":"STRING", "class":"0x7fc96c801668", "frozen":true, "embedded":true, "fstring":true, "bytesize":9, "value":"ISO8859_4", "encoding":"US-ASCII", "flags":{"wb_protected":true, "old":true, "marked":true}}
{"address":"0x7fc96c82b850", "type":"STRING", "class":"0x7fc96c801668", "frozen":true, "embedded":true, "fstring":true, "bytesize":9, "value":"ISO8859_3", "encoding":"US-ASCII", "flags":{"wb_protected":true, "old":true, "marked":true}}
{"address":"0x7fc96c82b878", "type":"STRING", "class":"0x7fc96c801668", "frozen":true, "embedded":true, "fstring":true, "bytesize":6, "value":"CP1250", "encoding":"US-ASCII", "flags":{"wb_protected":true, "old":true, "marked":true}}
{"address":"0x7fc96c82b8a0", "type":"STRING", "class":"0x7fc96c801668", "frozen":true, "embedded":true, "fstring":true, "bytesize":12, "value":"WINDOWS_1250", "encoding":"US-ASCII", "flags":{"wb_protected":true, "old":true, "marked":true}}
{"address":"0x7fc96c82b8c8", "type":"STRING", "class":"0x7fc96c801668", "frozen":true, "embedded":true, "fstring":true, "bytesize":12, "value":"Windows_1250", "encoding":"US-ASCII", "flags":{"wb_protected":true, "old":true, "marked":true}}
{"address":"0x7fc96c82b8f0", "type":"DATA", "class":"0x7fc96c802360", "struct":"encoding", "flags":{"remembered":true}}
{"address":"0x7fc96c82b918", "type":"STRING", "class":"0x7fc96c801668", "frozen":true, "embedded":true, "fstring":true, "bytesize":9, "value":"ISO8859_2", "encoding":"US-ASCII", "flags":{"wb_protected":true, "old":true, "marked":true}}
{"address":"0x7fc96c82b940", "type":"STRING", "class":"0x7fc96c801668", "frozen":true, "embedded":true, "fstring":true, "bytesize":6, "value":"CP1252", "encoding":"US-ASCII", "flags":{"wb_protected":true, "old":true, "marked":true}}
{"address":"0x7fc96c82b968", "type":"STRING", "class":"0x7fc96c801668", "frozen":true, "embedded":true, "fstring":true, "bytesize":12, "value":"WINDOWS_1252", "encoding":"US-ASCII", "flags":{"wb_protected":true, "old":true, "marked":true}}
{"address":"0x7fc96c82b990", "type":"STRING", "class":"0x7fc96c801668", "frozen":true, "embedded":true, "fstring":true, "bytesize":12, "value":"Windows_1252", "encoding":"US-ASCII", "flags":{"wb_protected":true, "old":true, "marked":true}}
{"address":"0x7fc96c82b9b8", "type":"DATA", "class":"0x7fc96c802360", "struct":"encoding", "flags":{"remembered":true}}
{"address":"0x7fc96c82b9e0", "type":"STRING", "class":"0x7fc96c801668", "frozen":true, "embedded":true, "fstring":true, "bytesize":9, "value":"ISO8859_1", "encoding":"US-ASCII", "flags":{"wb_protected":true, "old":true, "marked":true}}
{"address":"0x7fc96c82ba08", "type":"STRING", "class":"0x7fc96c801668", "frozen":true, "embedded":true, "fstring":true, "bytesize":7, "value":"CP50221", "encoding":"US-ASCII", "flags":{"wb_protected":true, "old":true, "marked":true}}
{"address":"0x7fc96c82ba30", "type":"DATA", "class":"0x7fc96c802360", "struct":"encoding", "flags":{"remembered":true}}
{"address":"0x7fc96c82ba58", "type":"STRING", "class":"0x7fc96c801668", "frozen":true, "embedded":true, "fstring":true, "bytesize":7, "value":"CP50220", "encoding":"US-ASCII", "flags":{"wb_protected":true, "old":true, "marked":true}}
{"address":"0x7fc96c82ba80", "type":"DATA", "class":"0x7fc96c802360", "struct":"encoding", "flags":{"remembered":true}}
{"address":"0x7fc96c82baa8", "type":"STRING", "class":"0x7fc96c801668", "frozen":true, "embedded":true, "fstring":true, "bytesize":11, "value":"ISO2022_JP2", "encoding":"US-ASCII", "flags":{"wb_protected":true, "old":true, "marked":true}}
{"address":"0x7fc96c82bad0", "type":"STRING", "class":"0x7fc96c801668", "frozen":true, "embedded":true, "fstring":true, "bytesize":13, "value":"ISO_2022_JP_2", "encoding":"US-ASCII", "flags":{"wb_protected":true, "old":true, "marked":true}}
{"address":"0x7fc96c82baf8", "type":"DATA", "class":"0x7fc96c802360", "struct":"encoding", "flags":{"remembered":true}}
{"address":"0x7fc96c82bb20", "type":"STRING", "class":"0x7fc96c801668", "frozen":true, "embedded":true, "fstring":true, "bytesize":10, "value":"ISO2022_JP", "encoding":"US-ASCII", "flags":{"wb_protected":true, "old":true, "marked":true}}
{"address":"0x7fc96c82bb48", "type":"STRING", "class":"0x7fc96c801668", "frozen":true, "embedded":true, "fstring":true, "bytesize":11, "value":"ISO_2022_JP", "encoding":"US-ASCII", "flags":{"wb_protected":true, "old":true, "marked":true}}
{"address":"0x7fc96c82bb70", "type":"DATA", "class":"0x7fc96c802360", "struct":"encoding", "flags":{"remembered":true}}
{"address":"0x7fc96c82bb98", "type":"STRING", "class":"0x7fc96c801668", "frozen":true, "embedded":true, "fstring":true, "bytesize":5, "value":"CP936", "encoding":"US-ASCII", "flags":{"wb_protected":true, "old":true, "marked":true}}
{"address":"0x7fc96c82bbc0", "type":"STRING", "class":"0x7fc96c801668", "frozen":true, "embedded":true, "fstring":true, "bytesize":7, "value":"GB12345", "encoding":"US-ASCII", "flags":{"wb_protected":true, "old":true, "marked":true}}
{"address":"0x7fc96c82bbe8", "type":"DATA", "class":"0x7fc96c802360", "struct":"encoding", "flags":{"remembered":true}}
{"address":"0x7fc96c82bc10", "type":"STRING", "class":"0x7fc96c801668", "frozen":true, "embedded":true, "fstring":true, "bytesize":5, "value":"EUCCN", "encoding":"US-ASCII", "flags":{"wb_protected":true, "old":true, "marked":true}}
{"address":"0x7fc96c82bc38", "type":"STRING", "class":"0x7fc96c801668", "frozen":true, "embedded":true, "fstring":true, "bytesize":5, "value":"EucCN", "encoding":"US-ASCII", "flags":{"wb_protected":true, "old":true, "marked":true}}
{"address":"0x7fc96c82bc60", "type":"STRING", "class":"0x7fc96c801668", "frozen":true, "embedded":true, "fstring":true, "bytesize":6, "value":"EUC_CN", "encoding":"US-ASCII", "flags":{"wb_protected":true, "old":true, "marked":true}}
{"address":"0x7fc96c82bc88", "type":"STRING", "class":"0x7fc96c801668", "frozen":true, "embedded":true, "fstring":true, "bytesize":5, "value":"EUCTW", "encoding":"US-ASCII", "flags":{"wb_protected":true, "old":true, "marked":true}}
{"address":"0x7fc96c82bcb0", "type":"STRING", "class":"0x7fc96c801668", "frozen":true, "embedded":true, "fstring":true, "bytesize":5, "value":"EucTW", "encoding":"US-ASCII", "flags":{"wb_protected":true, "old":true, "marked":true}}
{"address":"0x7fc96c82bcd8", "type":"STRING", "class":"0x7fc96c801668", "frozen":true, "embedded":true, "fstring":true, "bytesize":5, "value":"EUCKR", "encoding":"US-ASCII", "flags":{"wb_protected":true, "old":true, "marked":true}}
{"address":"0x7fc96c82bd00", "type":"STRING", "class":"0x7fc96c801668", "frozen":true, "embedded":true, "fstring":true, "bytesize":5, "value":"EucKR", "encoding":"US-ASCII", "flags":{"wb_protected":true, "old":true, "marked":true}}
{"address":"0x7fc96c82bd28", "type":"STRING", "class":"0x7fc96c801668", "frozen":true, "embedded":true, "fstring":true, "bytesize":12, "value":"EUC_JISX0213", "encoding":"US-ASCII", "flags":{"wb_protected":true, "old":true, "marked":true}}
{"address":"0x7fc96c82bd50", "type":"STRING", "class":"0x7fc96c801668", "frozen":true, "embedded":true, "fstring":true, "bytesize":12, "value":"EUC_JIS_2004", "encoding":"US-ASCII", "flags":{"wb_protected":true, "old":true, "marked":true}}
{"address":"0x7fc96c82bd78", "type":"DATA", "class":"0x7fc96c802360", "struct":"encoding", "flags":{"remembered":true}}
{"address":"0x7fc96c82bda0", "type":"STRING", "class":"0x7fc96c801668", "frozen":true, "embedded":true, "fstring":true, "bytesize":7, "value":"CP51932", "encoding":"US-ASCII", "flags":{"wb_protected":true, "old":true, "marked":true}}
{"address":"0x7fc96c82bdc8", "type":"DATA", "class":"0x7fc96c802360", "struct":"encoding", "flags":{"remembered":true}}
{"address":"0x7fc96c82bdf0", "type":"STRING", "class":"0x7fc96c801668", "frozen":true, "embedded":true, "fstring":true, "bytesize":9, "value":"EUC_JP_MS", "encoding":"US-ASCII", "flags":{"wb_protected":true, "old":true, "marked":true}}
{"address":"0x7fc96c82be18", "type":"STRING", "class":"0x7fc96c801668", "frozen":true, "embedded":true, "fstring":true, "bytesize":8, "value":"EUCJP_MS", "encoding":"US-ASCII", "flags":{"wb_protected":true, "old":true, "marked":true}}
{"address":"0x7fc96c82be40", "type":"STRING", "class":"0x7fc96c801668", "frozen":true, "embedded":true, "fstring":true, "bytesize":8, "value":"EucJP_ms", "encoding":"US-ASCII", "flags":{"wb_protected":true, "old":true, "marked":true}}
{"address":"0x7fc96c82be68", "type":"DATA", "class":"0x7fc96c802360", "struct":"encoding", "flags":{"remembered":true}}
{"address":"0x7fc96c82be90", "type":"STRING", "class":"0x7fc96c801668", "frozen":true, "embedded":true, "fstring":true, "bytesize":5, "value":"EUCJP", "encoding":"US-ASCII", "flags":{"wb_protected":true, "old":true, "marked":true}}
{"address":"0x7fc96c82beb8", "type":"STRING", "class":"0x7fc96c801668", "frozen":true, "embedded":true, "fstring":true, "bytesize":5, "value":"EucJP", "encoding":"US-ASCII", "flags":{"wb_protected":true, "old":true, "marked":true}}
{"address":"0x7fc96c82bee0", "type":"STRING", "class":"0x7fc96c801668", "frozen":true, "embedded":true, "fstring":true, "bytesize":21, "value":"STATELESS_ISO_2022_JP", "encoding":"US-ASCII", "flags":{"wb_protected":true, "old":true, "marked":true}}
{"address":"0x7fc96c82bf08", "type":"STRING", "class":"0x7fc96c801668", "frozen":true, "embedded":true, "fstring":true, "bytesize":21, "value":"Stateless_ISO_2022_JP", "encoding":"US-ASCII", "flags":{"wb_protected":true, "old":true, "marked":true}}
{"address":"0x7fc96c82bf30", "type":"DATA", "class":"0x7fc96c802360", "struct":"encoding", "flags":{"remembered":true}}
{"address":"0x7fc96c82bf58", "type":"STRING", "class":"0x7fc96c801668", "frozen":true, "embedded":true, "fstring":true, "bytesize":5, "value":"CP951", "encoding":"US-ASCII", "flags":{"wb_protected":true, "old":true, "marked":true}}
{"address":"0x7fc96c82bf80", "type":"DATA", "class":"0x7fc96c802360", "struct":"encoding", "flags":{"remembered":true}}
{"address":"0x7fc96c82bfa8", "type":"STRING", "class":"0x7fc96c801668", "frozen":true, "embedded":true, "fstring":true, "bytesize":15, "value":"BIG5_HKSCS_2008", "encoding":"US-ASCII", "flags":{"wb_protected":true, "old":true, "marked":true}}
{"address":"0x7fc96c830008", "type":"STRING", "class":"0x7fc96c801668", "frozen":true, "embedded":true, "fstring":true, "bytesize":15, "value":"Big5_HKSCS_2008", "encoding":"US-ASCII", "flags":{"wb_protected":true, "old":true, "marked":true}}
{"address":"0x7fc96c830030", "type":"STRING", "class":"0x7fc96c801668", "frozen":true, "embedded":true, "fstring":true, "bytesize":5, "value":"CP950", "encoding":"US-ASCII", "flags":{"wb_protected":true, "old":true, "marked":true}}
{"address":"0x7fc96c830058", "type":"DATA", "class":"0x7fc96c802360", "struct":"encoding", "flags":{"remembered":true}}
{"address":"0x7fc96c830080", "type":"STRING", "class":"0x7fc96c801668", "frozen":true, "embedded":true, "fstring":true, "bytesize":10, "value":"MACUKRAINE", "encoding":"US-ASCII", "flags":{"wb_protected":true, "old":true, "marked":true}}
{"address":"0x7fc96c8300a8", "type":"STRING", "class":"0x7fc96c801668", "frozen":true, "embedded":true, "fstring":true, "bytesize":10, "value":"MacUkraine", "encoding":"US-ASCII", "flags":{"wb_protected":true, "old":true, "marked":true}}
{"address":"0x7fc96c8300d0", "type":"DATA", "class":"0x7fc96c802360", "struct":"encoding", "flags":{"remembered":true}}
{"address":"0x7fc96c8300f8", "type":"STRING", "class":"0x7fc96c801668", "frozen":true, "embedded":true, "fstring":true, "bytesize":10, "value":"MACTURKISH", "encoding":"US-ASCII", "flags":{"wb_protected":true, "old":true, "marked":true}}
{"address":"0x7fc96c830120", "type":"STRING", "class":"0x7fc96c801668", "frozen":true, "embedded":true, "fstring":true, "bytesize":10, "value":"MacTurkish", "encoding":"US-ASCII", "flags":{"wb_protected":true, "old":true, "marked":true}}
{"address":"0x7fc96c830148", "type":"DATA", "class":"0x7fc96c802360", "struct":"encoding", "flags":{"remembered":true}}
{"address":"0x7fc96c830170", "type":"STRING", "class":"0x7fc96c801668", "frozen":true, "embedded":true, "fstring":true, "bytesize":7, "value":"MACTHAI", "encoding":"US-ASCII", "flags":{"wb_protected":true, "old":true, "marked":true}}
{"address":"0x7fc96c830198", "type":"STRING", "class":"0x7fc96c801668", "frozen":true, "embedded":true, "fstring":true, "bytesize":7, "value":"MacThai", "encoding":"US-ASCII", "flags":{"wb_protected":true, "old":true, "marked":true}}
{"address":"0x7fc96c8301c0", "type":"DATA", "class":"0x7fc96c802360", "struct":"encoding", "flags":{"remembered":true}}
{"address":"0x7fc96c8301e8", "type":"STRING", "class":"0x7fc96c801668", "frozen":true, "embedded":true, "fstring":true, "bytesize":10, "value":"MACROMANIA", "encoding":"US-ASCII", "flags":{"wb_protected":true, "old":true, "marked":true}}
{"address":"0x7fc96c830210", "type":"STRING", "class":"0x7fc96c801668", "frozen":true, "embedded":true, "fstring":true, "bytesize":10, "value":"MacRomania", "encoding":"US-ASCII", "flags":{"wb_protected":true, "old":true, "marked":true}}
{"address":"0x7fc96c830238", "type":"DATA", "class":"0x7fc96c802360", "struct":"encoding", "flags":{"remembered":true}}
{"address":"0x7fc96c830260", "type":"STRING", "class":"0x7fc96c801668", "frozen":true, "embedded":true, "fstring":true, "bytesize":8, "value":"MACROMAN", "encoding":"US-ASCII", "flags":{"wb_protected":true, "old":true, "marked":true}}
{"address":"0x7fc96c830288", "type":"STRING", "class":"0x7fc96c801668", "frozen":true, "embedded":true, "fstring":true, "bytesize":8, "value":"MacRoman", "encoding":"US-ASCII", "flags":{"wb_protected":true, "old":true, "marked":true}}
{"address":"0x7fc96c8302b0", "type":"DATA", "class":"0x7fc96c802360", "struct":"encoding", "flags":{"remembered":true}}
{"address":"0x7fc96c8302d8", "type":"STRING", "class":"0x7fc96c801668", "frozen":true, "embedded":true, "fstring":true, "bytesize":10, "value":"MACICELAND", "encoding":"US-ASCII", "flags":{"wb_protected":true, "old":true, "marked":true}}
{"address":"0x7fc96c830300", "type":"STRING", "class":"0x7fc96c801668", "frozen":true, "embedded":true, "fstring":true, "bytesize":10, "value":"MacIceland", "encoding":"US-ASCII", "flags":{"wb_protected":true, "old":true, "marked":true}}
{"address":"0x7fc96c830328", "type":"DATA", "class":"0x7fc96c802360", "struct":"encoding", "flags":{"remembered":true}}
{"address":"0x7fc96c830350", "type":"STRING", "class":"0x7fc96c801668", "frozen":true, "embedded":true, "fstring":true, "bytesize":8, "value":"MACGREEK", "encoding":"US-ASCII", "flags":{"wb_protected":true, "old":true, "marked":true}}
{"address":"0x7fc96c830378", "type":"STRING", "class":"0x7fc96c801668", "frozen":true, "embedded":true, "fstring":true, "bytesize":8, "value":"MacGreek", "encoding":"US-ASCII", "flags":{"wb_protected":true, "old":true, "marked":true}}
{"address":"0x7fc96c8303a0", "type":"DATA", "class":"0x7fc96c802360", "struct":"encoding", "flags":{"remembered":true}}
{"address":"0x7fc96c8303c8", "type":"STRING", "class":"0x7fc96c801668", "frozen":true, "embedded":true, "fstring":true, "bytesize":11, "value":"MACCYRILLIC", "encoding":"US-ASCII", "flags":{"wb_protected":true, "old":true, "marked":true}}
{"address":"0x7fc96c8303f0", "type":"STRING", "class":"0x7fc96c801668", "frozen":true, "embedded":true, "fstring":true, "bytesize":11, "value":"MacCyrillic", "encoding":"US-ASCII", "flags":{"wb_protected":true, "old":true, "marked":true}}
{"address":"0x7fc96c830418", "type":"DATA", "class":"0x7fc96c802360", "struct":"encoding", "flags":{"remembered":true}}
{"address":"0x7fc96c830440", "type":"STRING", "class":"0x7fc96c801668", "frozen":true, "embedded":true, "fstring":true, "bytesize":11, "value":"MACCROATIAN", "encoding":"US-ASCII", "flags":{"wb_protected":true, "old":true, "marked":true}}
{"address":"0x7fc96c830468", "type":"STRING", "class":"0x7fc96c801668", "frozen":true, "embedded":true, "fstring":true, "bytesize":11, "value":"MacCroatian", "encoding":"US-ASCII", "flags":{"wb_protected":true, "old":true, "marked":true}}
{"address":"0x7fc96c830490", "type":"DATA", "class":"0x7fc96c802360", "struct":"encoding", "flags":{"remembered":true}}
{"address":"0x7fc96c8304b8", "type":"STRING", "class":"0x7fc96c801668", "frozen":true, "embedded":true, "fstring":true, "bytesize":11, "value":"MACCENTEURO", "encoding":"US-ASCII", "flags":{"wb_protected":true, "old":true, "marked":true}}
{"address":"0x7fc96c8304e0", "type":"STRING", "class":"0x7fc96c801668", "frozen":true, "embedded":true, "fstring":true, "bytesize":11, "value":"MacCentEuro", "encoding":"US-ASCII", "flags":{"wb_protected":true, "old":true, "marked":true}}
{"address":"0x7fc96c830508", "type":"DATA", "class":"0x7fc96c802360", "struct":"encoding", "flags":{"remembered":true}}
{"address":"0x7fc96c830530", "type":"STRING", "class":"0x7fc96c801668", "frozen":true, "embedded":true, "fstring":true, "bytesize":6, "value":"GB1988", "encoding":"US-ASCII", "flags":{"wb_protected":true, "old":true, "marked":true}}
{"address":"0x7fc96c830558", "type":"DATA", "class":"0x7fc96c802360", "struct":"encoding", "flags":{"remembered":true}}
{"address":"0x7fc96c830580", "type":"STRING", "class":"0x7fc96c801668", "frozen":true, "embedded":true, "fstring":true, "bytesize":6, "value":"CP1258", "encoding":"US-ASCII", "flags":{"wb_protected":true, "old":true, "marked":true}}
{"address":"0x7fc96c8305a8", "type":"STRING", "class":"0x7fc96c801668", "frozen":true, "embedded":true, "fstring":true, "bytesize":12, "value":"WINDOWS_1258", "encoding":"US-ASCII", "flags":{"wb_protected":true, "old":true, "marked":true}}
{"address":"0x7fc96c8305d0", "type":"STRING", "class":"0x7fc96c801668", "frozen":true, "embedded":true, "fstring":true, "bytesize":12, "value":"Windows_1258", "encoding":"US-ASCII", "flags":{"wb_protected":true, "old":true, "marked":true}}
{"address":"0x7fc96c8305f8", "type":"DATA", "class":"0x7fc96c802360", "struct":"encoding", "flags":{"remembered":true}}
{"address":"0x7fc96c830620", "type":"STRING", "class":"0x7fc96c801668", "frozen":true, "embedded":true, "fstring":true, "bytesize":5, "value":"CP869", "encoding":"US-ASCII", "flags":{"wb_protected":true, "old":true, "marked":true}}
{"address":"0x7fc96c830648", "type":"STRING", "class":"0x7fc96c801668", "frozen":true, "embedded":true, "fstring":true, "bytesize":6, "value":"IBM869", "encoding":"US-ASCII", "flags":{"wb_protected":true, "old":true, "marked":true}}
{"address":"0x7fc96c830670", "type":"DATA", "class":"0x7fc96c802360", "struct":"encoding", "flags":{"remembered":true}}
{"address":"0x7fc96c830698", "type":"STRING", "class":"0x7fc96c801668", "frozen":true, "embedded":true, "fstring":true, "bytesize":5, "value":"CP866", "encoding":"US-ASCII", "flags":{"wb_protected":true, "old":true, "marked":true}}
{"address":"0x7fc96c8306c0", "type":"STRING", "class":"0x7fc96c801668", "frozen":true, "embedded":true, "fstring":true, "bytesize":6, "value":"IBM866", "encoding":"US-ASCII", "flags":{"wb_protected":true, "old":true, "marked":true}}
{"address":"0x7fc96c8306e8", "type":"DATA", "class":"0x7fc96c802360", "struct":"encoding", "flags":{"remembered":true}}
{"address":"0x7fc96c830710", "type":"STRING", "class":"0x7fc96c801668", "frozen":true, "embedded":true, "fstring":true, "bytesize":5, "value":"CP865", "encoding":"US-ASCII", "flags":{"wb_protected":true, "old":true, "marked":true}}
{"address":"0x7fc96c830738", "type":"STRING", "class":"0x7fc96c801668", "frozen":true, "embedded":true, "fstring":true, "bytesize":6, "value":"IBM865", "encoding":"US-ASCII", "flags":{"wb_protected":true, "old":true, "marked":true}}
{"address":"0x7fc96c830760", "type":"DATA", "class":"0x7fc96c802360", "struct":"encoding", "flags":{"remembered":true}}
{"address":"0x7fc96c830788", "type":"STRING", "class":"0x7fc96c801668", "frozen":true, "embedded":true, "fstring":true, "bytesize":5, "value":"CP864", "encoding":"US-ASCII", "flags":{"wb_protected":true, "old":true, "marked":true}}
{"address":"0x7fc96c8307b0", "type":"STRING", "class":"0x7fc96c801668", "frozen":true, "embedded":true, "fstring":true, "bytesize":6, "value":"IBM864", "encoding":"US-ASCII", "flags":{"wb_protected":true, "old":true, "marked":true}}
{"address":"0x7fc96c8307d8", "type":"DATA", "class":"0x7fc96c802360", "struct":"encoding", "flags":{"remembered":true}}
{"address":"0x7fc96c830800", "type":"STRING", "class":"0x7fc96c801668", "frozen":true, "embedded":true, "fstring":true, "bytesize":5, "value":"CP863", "encoding":"US-ASCII", "flags":{"wb_protected":true, "old":true, "marked":true}}
{"address":"0x7fc96c830828", "type":"STRING", "class":"0x7fc96c801668", "frozen":true, "embedded":true, "fstring":true, "bytesize":6, "value":"IBM863", "encoding":"US-ASCII", "flags":{"wb_protected":true, "old":true, "marked":true}}
{"address":"0x7fc96c830850", "type":"DATA", "class":"0x7fc96c802360", "struct":"encoding", "flags":{"remembered":true}}
{"address":"0x7fc96c830878", "type":"STRING", "class":"0x7fc96c801668", "frozen":true, "embedded":true, "fstring":true, "bytesize":5, "value":"CP862", "encoding":"US-ASCII", "flags":{"wb_protected":true, "old":true, "marked":true}}
{"address":"0x7fc96c8308a0", "type":"STRING", "class":"0x7fc96c801668", "frozen":true, "embedded":true, "fstring":true, "bytesize":6, "value":"IBM862", "encoding":"US-ASCII", "flags":{"wb_protected":true, "old":true, "marked":true}}
{"address":"0x7fc96c8308c8", "type":"DATA", "class":"0x7fc96c802360", "struct":"encoding", "flags":{"remembered":true}}
{"address":"0x7fc96c8308f0", "type":"STRING", "class":"0x7fc96c801668", "frozen":true, "embedded":true, "fstring":true, "bytesize":5, "value":"CP861", "encoding":"US-ASCII", "flags":{"wb_protected":true, "old":true, "marked":true}}
{"address":"0x7fc96c830918", "type":"STRING", "class":"0x7fc96c801668", "frozen":true, "embedded":true, "fstring":true, "bytesize":6, "value":"IBM861", "encoding":"US-ASCII", "flags":{"wb_protected":true, "old":true, "marked":true}}
{"address":"0x7fc96c830940", "type":"DATA", "class":"0x7fc96c802360", "struct":"encoding", "flags":{"remembered":true}}
{"address":"0x7fc96c830968", "type":"STRING", "class":"0x7fc96c801668", "frozen":true, "embedded":true, "fstring":true, "bytesize":5, "value":"CP860", "encoding":"US-ASCII", "flags":{"wb_protected":true, "old":true, "marked":true}}
{"address":"0x7fc96c830990", "type":"STRING", "class":"0x7fc96c801668", "frozen":true, "embedded":true, "fstring":true, "bytesize":6, "value":"IBM860", "encoding":"US-ASCII", "flags":{"wb_protected":true, "old":true, "marked":true}}
{"address":"0x7fc96c8309b8", "type":"DATA", "class":"0x7fc96c802360", "struct":"encoding", "flags":{"remembered":true}}
{"address":"0x7fc96c8309e0", "type":"STRING", "class":"0x7fc96c801668", "frozen":true, "embedded":true, "fstring":true, "bytesize":5, "value":"CP857", "encoding":"US-ASCII", "flags":{"wb_protected":true, "old":true, "marked":true}}
{"address":"0x7fc96c830a08", "type":"STRING", "class":"0x7fc96c801668", "frozen":true, "embedded":true, "fstring":true, "bytesize":6, "value":"IBM857", "encoding":"US-ASCII", "flags":{"wb_protected":true, "old":true, "marked":true}}
{"address":"0x7fc96c830a30", "type":"DATA", "class":"0x7fc96c802360", "struct":"encoding", "flags":{"remembered":true}}
{"address":"0x7fc96c830a58", "type":"STRING", "class":"0x7fc96c801668", "frozen":true, "embedded":true, "fstring":true, "bytesize":5, "value":"CP855", "encoding":"US-ASCII", "flags":{"wb_protected":true, "old":true, "marked":true}}
{"address":"0x7fc96c830a80", "type":"DATA", "class":"0x7fc96c802360", "struct":"encoding", "flags":{"remembered":true}}
{"address":"0x7fc96c830aa8", "type":"STRING", "class":"0x7fc96c801668", "frozen":true, "embedded":true, "fstring":true, "bytesize":6, "value":"IBM855", "encoding":"US-ASCII", "flags":{"wb_protected":true, "old":true, "marked":true}}
{"address":"0x7fc96c830ad0", "type":"DATA", "class":"0x7fc96c802360", "struct":"encoding", "flags":{"remembered":true}}
{"address":"0x7fc96c830af8", "type":"STRING", "class":"0x7fc96c801668", "frozen":true, "embedded":true, "fstring":true, "bytesize":5, "value":"CP852", "encoding":"US-ASCII", "flags":{"wb_protected":true, "old":true, "marked":true}}
{"address":"0x7fc96c830b20", "type":"DATA", "class":"0x7fc96c802360", "struct":"encoding", "flags":{"remembered":true}}
{"address":"0x7fc96c830b48", "type":"STRING", "class":"0x7fc96c801668", "frozen":true, "embedded":true, "fstring":true, "bytesize":6, "value":"IBM852", "encoding":"US-ASCII", "flags":{"wb_protected":true, "old":true, "marked":true}}
{"address":"0x7fc96c830b70", "type":"DATA", "class":"0x7fc96c802360", "struct":"encoding", "flags":{"remembered":true}}
{"address":"0x7fc96c830b98", "type":"STRING", "class":"0x7fc96c801668", "frozen":true, "embedded":true, "fstring":true, "bytesize":6, "value":"IBM850", "encoding":"US-ASCII", "flags":{"wb_protected":true, "old":true, "marked":true}}
{"address":"0x7fc96c830bc0", "type":"STRING", "class":"0x7fc96c801668", "frozen":true, "embedded":true, "fstring":true, "bytesize":5, "value":"CP850", "encoding":"US-ASCII", "flags":{"wb_protected":true, "old":true, "marked":true}}
{"address":"0x7fc96c830be8", "type":"DATA", "class":"0x7fc96c802360", "struct":"encoding", "flags":{"remembered":true}}
{"address":"0x7fc96c830c10", "type":"STRING", "class":"0x7fc96c801668", "frozen":true, "embedded":true, "fstring":true, "bytesize":5, "value":"CP775", "encoding":"US-ASCII", "flags":{"wb_protected":true, "old":true, "marked":true}}
{"address":"0x7fc96c830c38", "type":"STRING", "class":"0x7fc96c801668", "frozen":true, "embedded":true, "fstring":true, "bytesize":6, "value":"IBM775", "encoding":"US-ASCII", "flags":{"wb_protected":true, "old":true, "marked":true}}
{"address":"0x7fc96c830c60", "type":"DATA", "class":"0x7fc96c802360", "struct":"encoding", "flags":{"remembered":true}}
{"address":"0x7fc96c830c88", "type":"STRING", "class":"0x7fc96c801668", "frozen":true, "embedded":true, "fstring":true, "bytesize":5, "value":"CP737", "encoding":"US-ASCII", "flags":{"wb_protected":true, "old":true, "marked":true}}
{"address":"0x7fc96c830cb0", "type":"STRING", "class":"0x7fc96c801668", "frozen":true, "embedded":true, "fstring":true, "bytesize":6, "value":"IBM737", "encoding":"US-ASCII", "flags":{"wb_protected":true, "old":true, "marked":true}}
{"address":"0x7fc96c830cd8", "type":"DATA", "class":"0x7fc96c802360", "struct":"encoding", "flags":{"remembered":true}}
{"address":"0x7fc96c830d00", "type":"STRING", "class":"0x7fc96c801668", "frozen":true, "embedded":true, "fstring":true, "bytesize":5, "value":"CP437", "encoding":"US-ASCII", "flags":{"wb_protected":true, "old":true, "marked":true}}
{"address":"0x7fc96c830d28", "type":"STRING", "class":"0x7fc96c801668", "frozen":true, "embedded":true, "fstring":true, "bytesize":6, "value":"IBM437", "encoding":"US-ASCII", "flags":{"wb_protected":true, "old":true, "marked":true}}
{"address":"0x7fc96c830d50", "type":"DATA", "class":"0x7fc96c802360", "struct":"encoding", "flags":{"remembered":true}}
{"address":"0x7fc96c830d78", "type":"STRING", "class":"0x7fc96c801668", "frozen":true, "embedded":true, "fstring":true, "bytesize":12, "value":"WINDOWS_1251", "encoding":"US-ASCII", "flags":{"wb_protected":true, "old":true, "marked":true}}
{"address":"0x7fc96c830da0", "type":"STRING", "class":"0x7fc96c801668", "frozen":true, "embedded":true, "fstring":true, "bytesize":12, "value":"Windows_1251", "encoding":"US-ASCII", "flags":{"wb_protected":true, "old":true, "marked":true}}
{"address":"0x7fc96c830dc8", "type":"DATA", "class":"0x7fc96c802360", "struct":"encoding", "flags":{"remembered":true}}
{"address":"0x7fc96c830df0", "type":"STRING", "class":"0x7fc96c801668", "frozen":true, "embedded":true, "fstring":true, "bytesize":11, "value":"WINDOWS_31J", "encoding":"US-ASCII", "flags":{"wb_protected":true, "old":true, "marked":true}}
{"address":"0x7fc96c830e18", "type":"STRING", "class":"0x7fc96c801668", "frozen":true, "embedded":true, "fstring":true, "bytesize":11, "value":"Windows_31J", "encoding":"US-ASCII", "flags":{"wb_protected":true, "old":true, "marked":true}}
{"address":"0x7fc96c830e40", "type":"STRING", "class":"0x7fc96c801668", "frozen":true, "embedded":true, "fstring":true, "bytesize":8, "value":"UTF_32LE", "encoding":"US-ASCII", "flags":{"wb_protected":true, "old":true, "marked":true}}
{"address":"0x7fc96c830e68", "type":"STRING", "class":"0x7fc96c801668", "frozen":true, "embedded":true, "fstring":true, "bytesize":8, "value":"UTF_32BE", "encoding":"US-ASCII", "flags":{"wb_protected":true, "old":true, "marked":true}}
{"address":"0x7fc96c830e90", "type":"STRING", "class":"0x7fc96c801668", "frozen":true, "embedded":true, "fstring":true, "bytesize":8, "value":"UTF_16LE", "encoding":"US-ASCII", "flags":{"wb_protected":true, "old":true, "marked":true}}
{"address":"0x7fc96c830eb8", "type":"STRING", "class":"0x7fc96c801668", "frozen":true, "embedded":true, "fstring":true, "bytesize":8, "value":"UTF_16BE", "encoding":"US-ASCII", "flags":{"wb_protected":true, "old":true, "marked":true}}
{"address":"0x7fc96c830ee0", "type":"STRING", "class":"0x7fc96c801668", "frozen":true, "embedded":true, "fstring":true, "bytesize":9, "value":"SHIFT_JIS", "encoding":"US-ASCII", "flags":{"wb_protected":true, "old":true, "marked":true}}
{"address":"0x7fc96c830f08", "type":"STRING", "class":"0x7fc96c801668", "frozen":true, "embedded":true, "fstring":true, "bytesize":9, "value":"Shift_JIS", "encoding":"US-ASCII", "flags":{"wb_protected":true, "old":true, "marked":true}}
{"address":"0x7fc96c830f30", "type":"DATA", "class":"0x7fc96c802360", "struct":"encoding", "flags":{"remembered":true}}
{"address":"0x7fc96c830f58", "type":"STRING", "class":"0x7fc96c801668", "frozen":true, "embedded":true, "fstring":true, "bytesize":6, "value":"KOI8_U", "encoding":"US-ASCII", "flags":{"wb_protected":true, "old":true, "marked":true}}
{"address":"0x7fc96c830f80", "type":"DATA", "class":"0x7fc96c802360", "struct":"encoding", "flags":{"remembered":true}}
{"address":"0x7fc96c830fa8", "type":"STRING", "class":"0x7fc96c801668", "frozen":true, "embedded":true, "fstring":true, "bytesize":6, "value":"KOI8_R", "encoding":"US-ASCII", "flags":{"wb_protected":true, "old":true, "marked":true}}
{"address":"0x7fc96c830fd0", "type":"DATA", "class":"0x7fc96c802360", "struct":"encoding", "flags":{"remembered":true}}
{"address":"0x7fc96c830ff8", "type":"STRING", "class":"0x7fc96c801668", "frozen":true, "embedded":true, "fstring":true, "bytesize":11, "value":"ISO_8859_16", "encoding":"US-ASCII", "flags":{"wb_protected":true, "old":true, "marked":true}}
{"address":"0x7fc96c831020", "type":"DATA", "class":"0x7fc96c802360", "struct":"encoding", "flags":{"remembered":true}}
{"address":"0x7fc96c831048", "type":"STRING", "class":"0x7fc96c801668", "frozen":true, "embedded":true, "fstring":true, "bytesize":11, "value":"ISO_8859_15", "encoding":"US-ASCII", "flags":{"wb_protected":true, "old":true, "marked":true}}
{"address":"0x7fc96c831070", "type":"DATA", "class":"0x7fc96c802360", "struct":"encoding", "flags":{"remembered":true}}
{"address":"0x7fc96c831098", "type":"STRING", "class":"0x7fc96c801668", "frozen":true, "embedded":true, "fstring":true, "bytesize":11, "value":"ISO_8859_14", "encoding":"US-ASCII", "flags":{"wb_protected":true, "old":true, "marked":true}}
{"address":"0x7fc96c8310c0", "type":"DATA", "class":"0x7fc96c802360", "struct":"encoding", "flags":{"remembered":true}}
{"address":"0x7fc96c8310e8", "type":"STRING", "class":"0x7fc96c801668", "frozen":true, "embedded":true, "fstring":true, "bytesize":11, "value":"ISO_8859_13", "encoding":"US-ASCII", "flags":{"wb_protected":true, "old":true, "marked":true}}
{"address":"0x7fc96c831110", "type":"DATA", "class":"0x7fc96c802360", "struct":"encoding", "flags":{"remembered":true}}
{"address":"0x7fc96c831138", "type":"STRING", "class":"0x7fc96c801668", "frozen":true, "embedded":true, "fstring":true, "bytesize":11, "value":"ISO_8859_11", "encoding":"US-ASCII", "flags":{"wb_protected":true, "old":true, "marked":true}}
{"address":"0x7fc96c831160", "type":"DATA", "class":"0x7fc96c802360", "struct":"encoding", "flags":{"remembered":true}}
{"address":"0x7fc96c831188", "type":"STRING", "class":"0x7fc96c801668", "frozen":true, "embedded":true, "fstring":true, "bytesize":11, "value":"ISO_8859_10", "encoding":"US-ASCII", "flags":{"wb_protected":true, "old":true, "marked":true}}
{"address":"0x7fc96c8311b0", "type":"DATA", "class":"0x7fc96c802360", "struct":"encoding", "flags":{"remembered":true}}
{"address":"0x7fc96c8311d8", "type":"STRING", "class":"0x7fc96c801668", "frozen":true, "embedded":true, "fstring":true, "bytesize":10, "value":"ISO_8859_9", "encoding":"US-ASCII", "flags":{"wb_protected":true, "old":true, "marked":true}}
{"address":"0x7fc96c831200", "type":"DATA", "class":"0x7fc96c802360", "struct":"encoding", "flags":{"remembered":true}}
{"address":"0x7fc96c831228", "type":"STRING", "class":"0x7fc96c801668", "frozen":true, "embedded":true, "fstring":true, "bytesize":10, "value":"ISO_8859_8", "encoding":"US-ASCII", "flags":{"wb_protected":true, "old":true, "marked":true}}
{"address":"0x7fc96c831250", "type":"DATA", "class":"0x7fc96c802360", "struct":"encoding", "flags":{"remembered":true}}
{"address":"0x7fc96c831278", "type":"STRING", "class":"0x7fc96c801668", "frozen":true, "embedded":true, "fstring":true, "bytesize":10, "value":"ISO_8859_7", "encoding":"US-ASCII", "flags":{"wb_protected":true, "old":true, "marked":true}}
{"address":"0x7fc96c8312a0", "type":"DATA", "class":"0x7fc96c802360", "struct":"encoding", "flags":{"remembered":true}}
{"address":"0x7fc96c8312c8", "type":"STRING", "class":"0x7fc96c801668", "frozen":true, "embedded":true, "fstring":true, "bytesize":10, "value":"ISO_8859_6", "encoding":"US-ASCII", "flags":{"wb_protected":true, "old":true, "marked":true}}
{"address":"0x7fc96c8312f0", "type":"DATA", "class":"0x7fc96c802360", "struct":"encoding", "flags":{"remembered":true}}
{"address":"0x7fc96c831318", "type":"STRING", "class":"0x7fc96c801668", "frozen":true, "embedded":true, "fstring":true, "bytesize":10, "value":"ISO_8859_5", "encoding":"US-ASCII", "flags":{"wb_protected":true, "old":true, "marked":true}}
{"address":"0x7fc96c831340", "type":"DATA", "class":"0x7fc96c802360", "struct":"encoding", "flags":{"remembered":true}}
{"address":"0x7fc96c831368", "type":"STRING", "class":"0x7fc96c801668", "frozen":true, "embedded":true, "fstring":true, "bytesize":10, "value":"ISO_8859_4", "encoding":"US-ASCII", "flags":{"wb_protected":true, "old":true, "marked":true}}
{"address":"0x7fc96c831390", "type":"DATA", "class":"0x7fc96c802360", "struct":"encoding", "flags":{"remembered":true}}
{"address":"0x7fc96c8313b8", "type":"STRING", "class":"0x7fc96c801668", "frozen":true, "embedded":true, "fstring":true, "bytesize":10, "value":"ISO_8859_3", "encoding":"US-ASCII", "flags":{"wb_protected":true, "old":true, "marked":true}}
{"address":"0x7fc96c8313e0", "type":"DATA", "class":"0x7fc96c802360", "struct":"encoding", "flags":{"remembered":true}}
{"address":"0x7fc96c831408", "type":"STRING", "class":"0x7fc96c801668", "frozen":true, "embedded":true, "fstring":true, "bytesize":10, "value":"ISO_8859_2", "encoding":"US-ASCII", "flags":{"wb_protected":true, "old":true, "marked":true}}
{"address":"0x7fc96c831430", "type":"DATA", "class":"0x7fc96c802360", "struct":"encoding", "flags":{"remembered":true}}
{"address":"0x7fc96c831458", "type":"STRING", "class":"0x7fc96c801668", "frozen":true, "embedded":true, "fstring":true, "bytesize":10, "value":"ISO_8859_1", "encoding":"US-ASCII", "flags":{"wb_protected":true, "old":true, "marked":true}}
{"address":"0x7fc96c831480", "type":"DATA", "class":"0x7fc96c802360", "struct":"encoding", "flags":{"remembered":true}}
{"address":"0x7fc96c8314a8", "type":"STRING", "class":"0x7fc96c801668", "frozen":true, "embedded":true, "fstring":true, "bytesize":3, "value":"GBK", "encoding":"US-ASCII", "flags":{"wb_protected":true, "old":true, "marked":true}}
{"address":"0x7fc96c8314d0", "type":"DATA", "class":"0x7fc96c802360", "struct":"encoding", "flags":{"remembered":true}}
{"address":"0x7fc96c8314f8", "type":"STRING", "class":"0x7fc96c801668", "frozen":true, "embedded":true, "fstring":true, "bytesize":7, "value":"GB18030", "encoding":"US-ASCII", "flags":{"wb_protected":true, "old":true, "marked":true}}
{"address":"0x7fc96c831520", "type":"DATA", "class":"0x7fc96c802360", "struct":"encoding", "flags":{"remembered":true}}
{"address":"0x7fc96c831548", "type":"STRING", "class":"0x7fc96c801668", "frozen":true, "embedded":true, "fstring":true, "bytesize":6, "value":"GB2312", "encoding":"US-ASCII", "flags":{"wb_protected":true, "old":true, "marked":true}}
{"address":"0x7fc96c831570", "type":"DATA", "class":"0x7fc96c802360", "struct":"encoding", "flags":{"remembered":true}}
{"address":"0x7fc96c831598", "type":"STRING", "class":"0x7fc96c801668", "frozen":true, "embedded":true, "fstring":true, "bytesize":6, "value":"EUC_TW", "encoding":"US-ASCII", "flags":{"wb_protected":true, "old":true, "marked":true}}
{"address":"0x7fc96c8315c0", "type":"DATA", "class":"0x7fc96c802360", "struct":"encoding", "flags":{"remembered":true}}
{"address":"0x7fc96c8315e8", "type":"STRING", "class":"0x7fc96c801668", "frozen":true, "embedded":true, "fstring":true, "bytesize":6, "value":"EUC_KR", "encoding":"US-ASCII", "flags":{"wb_protected":true, "old":true, "marked":true}}
{"address":"0x7fc96c831610", "type":"DATA", "class":"0x7fc96c802360", "struct":"encoding", "flags":{"remembered":true}}
{"address":"0x7fc96c831638", "type":"STRING", "class":"0x7fc96c801668", "frozen":true, "embedded":true, "fstring":true, "bytesize":6, "value":"EUC_JP", "encoding":"US-ASCII", "flags":{"wb_protected":true, "old":true, "marked":true}}
{"address":"0x7fc96c831660", "type":"STRING", "class":"0x7fc96c801668", "frozen":true, "embedded":true, "fstring":true, "bytesize":10, "value":"EMACS_MULE", "encoding":"US-ASCII", "flags":{"wb_protected":true, "old":true, "marked":true}}
{"address":"0x7fc96c831688", "type":"STRING", "class":"0x7fc96c801668", "frozen":true, "embedded":true, "fstring":true, "bytesize":10, "value":"Emacs_Mule", "encoding":"US-ASCII", "flags":{"wb_protected":true, "old":true, "marked":true}}
{"address":"0x7fc96c8316b0", "type":"DATA", "class":"0x7fc96c802360", "struct":"encoding", "flags":{"remembered":true}}
{"address":"0x7fc96c8316d8", "type":"STRING", "class":"0x7fc96c801668", "frozen":true, "embedded":true, "fstring":true, "bytesize":5, "value":"CP949", "encoding":"US-ASCII", "flags":{"wb_protected":true, "old":true, "marked":true}}
{"address":"0x7fc96c831700", "type":"DATA", "class":"0x7fc96c802360", "struct":"encoding", "flags":{"remembered":true}}
{"address":"0x7fc96c831728", "type":"STRING", "class":"0x7fc96c801668", "frozen":true, "embedded":true, "fstring":true, "bytesize":8, "value":"BIG5_UAO", "encoding":"US-ASCII", "flags":{"wb_protected":true, "old":true, "marked":true}}
{"address":"0x7fc96c831750", "type":"STRING", "class":"0x7fc96c801668", "frozen":true, "embedded":true, "fstring":true, "bytesize":8, "value":"Big5_UAO", "encoding":"US-ASCII", "flags":{"wb_protected":true, "old":true, "marked":true}}
{"address":"0x7fc96c831778", "type":"DATA", "class":"0x7fc96c802360", "struct":"encoding", "flags":{"remembered":true}}
{"address":"0x7fc96c8317a0", "type":"STRING", "class":"0x7fc96c801668", "frozen":true, "embedded":true, "fstring":true, "bytesize":10, "value":"BIG5_HKSCS", "encoding":"US-ASCII", "flags":{"wb_protected":true, "old":true, "marked":true}}
{"address":"0x7fc96c8317c8", "type":"STRING", "class":"0x7fc96c801668", "frozen":true, "embedded":true, "fstring":true, "bytesize":10, "value":"Big5_HKSCS", "encoding":"US-ASCII", "flags":{"wb_protected":true, "old":true, "marked":true}}
{"address":"0x7fc96c8317f0", "type":"DATA", "class":"0x7fc96c802360", "struct":"encoding", "flags":{"remembered":true}}
{"address":"0x7fc96c831818", "type":"STRING", "class":"0x7fc96c801668", "frozen":true, "embedded":true, "fstring":true, "bytesize":4, "value":"BIG5", "encoding":"US-ASCII", "flags":{"wb_protected":true, "old":true, "marked":true}}
{"address":"0x7fc96c831840", "type":"STRING", "class":"0x7fc96c801668", "frozen":true, "embedded":true, "fstring":true, "bytesize":4, "value":"Big5", "encoding":"US-ASCII", "flags":{"wb_protected":true, "old":true, "marked":true}}
{"address":"0x7fc96c831868", "type":"DATA", "class":"0x7fc96c802360", "struct":"encoding", "flags":{"remembered":true}}
{"address":"0x7fc96c831890", "type":"STRING", "class":"0x7fc96c801668", "frozen":true, "embedded":true, "fstring":true, "bytesize":8, "value":"US_ASCII", "encoding":"US-ASCII", "flags":{"wb_protected":true, "old":true, "marked":true}}
{"address":"0x7fc96c8318b8", "type":"STRING", "class":"0x7fc96c801668", "frozen":true, "embedded":true, "fstring":true, "bytesize":5, "value":"UTF_8", "encoding":"US-ASCII", "flags":{"wb_protected":true, "old":true, "marked":true}}
{"address":"0x7fc96c8318e0", "type":"STRING", "class":"0x7fc96c801668", "frozen":true, "embedded":true, "fstring":true, "bytesize":10, "value":"ASCII_8BIT", "encoding":"US-ASCII", "flags":{"wb_protected":true, "old":true, "marked":true}}
{"address":"0x7fc96c831930", "type":"STRING", "class":"0x7fc96c801668", "frozen":true, "bytesize":97, "value":"/usr/local/Cellar/ruby/2.1.1/lib/ruby/gems/2.1.0/specifications/default/test-unit-2.1.1.0.gemspec", "encoding":"UTF-8", "memsize":98, "flags":{"wb_protected":true, "old":true, "marked":true}}
{"address":"0x7fc96c8319a8", "type":"ARRAY", "class":"0x7fc96c84a048", "length":0, "flags":{"wb_protected":true, "old":true, "marked":true}}
{"address":"0x7fc96c831a20", "type":"STRING", "class":"0x7fc96c801668", "frozen":true, "fstring":true, "bytesize":78, "capacity":122, "value":"/usr/local/Cellar/ruby/2.1.1/lib/ruby/2.1.0/x86_64-darwin13.0/enc/encdb.bundle", "encoding":"US-ASCII", "memsize":123, "flags":{"wb_protected":true, "old":true, "marked":true}}
{"address":"0x7fc96c831a48", "type":"ARRAY", "frozen":true, "length":20, "references":["0x7fc96c82a6f8", "0x7fc96c82a6d0", "0x7fc96c82a6a8", "0x7fc96c82a680", "0x7fc96c82a658", "0x7fc96c82a630", "0x7fc96c82a608", "0x7fc96c82a5e0"], "memsize":16, "flags":{"remembered":true}}
{"address":"0x7fc96c831a70", "type":"STRING", "class":"0x7fc96c801668", "frozen":true, "bytesize":61, "capacity":1026, "value":"/usr/local/Cellar/ruby/2.1.1/lib/ruby/2.1.0/x86_64-darwin13.0", "encoding":"US-ASCII", "memsize":1027, "flags":{"wb_protected":true, "old":true, "marked":true}}
{"address":"0x7fc96c831a98", "type":"STRING", "class":"0x7fc96c801668", "frozen":true, "bytesize":43, "capacity":1026, "value":"/usr/local/Cellar/ruby/2.1.1/lib/ruby/2.1.0", "encoding":"US-ASCII", "memsize":1027, "flags":{"wb_protected":true, "old":true, "marked":true}}
{"address":"0x7fc96c831ac0", "type":"STRING", "class":"0x7fc96c801668", "frozen":true, "bytesize":49, "capacity":1026, "value":"/usr/local/Cellar/ruby/2.1.1/lib/ruby/vendor_ruby", "encoding":"US-ASCII", "memsize":1027, "flags":{"wb_protected":true, "old":true, "marked":true}}
{"address":"0x7fc96c831ae8", "type":"STRING", "class":"0x7fc96c801668", "frozen":true, "bytesize":73, "capacity":1026, "value":"/usr/local/Cellar/ruby/2.1.1/lib/ruby/vendor_ruby/2.1.0/x86_64-darwin13.0", "encoding":"US-ASCII", "memsize":1027, "flags":{"wb_protected":true, "old":true, "marked":true}}
{"address":"0x7fc96c831b10", "type":"STRING", "class":"0x7fc96c801668", "frozen":true, "bytesize":55, "capacity":1026, "value":"/usr/local/Cellar/ruby/2.1.1/lib/ruby/vendor_ruby/2.1.0", "encoding":"US-ASCII", "memsize":1027, "flags":{"wb_protected":true, "old":true, "marked":true}}
{"address":"0x7fc96c831b38", "type":"STRING", "class":"0x7fc96c801668", "frozen":true, "bytesize":47, "capacity":1026, "value":"/usr/local/Cellar/ruby/2.1.1/lib/ruby/site_ruby", "encoding":"US-ASCII", "memsize":1027, "flags":{"wb_protected":true, "old":true, "marked":true}}
{"address":"0x7fc96c831b60", "type":"STRING", "class":"0x7fc96c801668", "frozen":true, "bytesize":71, "capacity":1026, "value":"/usr/local/Cellar/ruby/2.1.1/lib/ruby/site_ruby/2.1.0/x86_64-darwin13.0", "encoding":"US-ASCII", "memsize":1027, "flags":{"wb_protected":true, "old":true, "marked":true}}
{"address":"0x7fc96c831b88", "type":"STRING", "class":"0x7fc96c801668", "frozen":true, "bytesize":53, "capacity":1026, "value":"/usr/local/Cellar/ruby/2.1.1/lib/ruby/site_ruby/2.1.0", "encoding":"US-ASCII", "memsize":1027, "flags":{"wb_protected":true, "old":true, "marked":true}}
{"address":"0x7fc96c831bb0", "type":"ARRAY", "frozen":true, "length":8, "references":["0x7fc96c831b88", "0x7fc96c831b60", "0x7fc96c831b38", "0x7fc96c831b10", "0x7fc96c831ae8", "0x7fc96c831ac0", "0x7fc96c831a98", "0x7fc96c831a70"], "memsize":64, "flags":{"wb_protected":true, "old":true, "marked":true}}
{"address":"0x7fc96c831bd8", "type":"ARRAY", "class":"0x7fc96c84a048", "length":0, "flags":{"wb_protected":true, "old":true, "marked":true}}
{"address":"0x7fc96c831c00", "type":"ARRAY", "class":"0x7fc96c84a048", "length":0, "flags":{"wb_protected":true, "old":true, "marked":true}}
{"address":"0x7fc96c831c50", "type":"ARRAY", "class":"0x7fc96c84a048", "length":5, "references":["0x7fc96c8238f8", "0x7fc96c823358", "0x7fc96c822cc8", "0x7fc96c822700", "0x7fc96c8222a0"], "memsize":160, "flags":{"wb_protected":true, "old":true, "marked":true}}
{"address":"0x7fc96c831ca0", "type":"STRING", "class":"0x7fc96c801668", "frozen":true, "embedded":true, "fstring":true, "bytesize":15, "value":"TMP_RUBY_PREFIX", "encoding":"US-ASCII", "flags":{"wb_protected":true, "old":true, "marked":true}}
{"address":"0x7fc96c831cc8", "type":"STRING", "class":"0x7fc96c801668", "frozen":true, "bytesize":61, "value":"/usr/local/Cellar/ruby/2.1.1/lib/ruby/2.1.0/x86_64-darwin13.0", "references":["0x7fc96c831cc8"], "memsize":254, "flags":{"wb_protected":true, "old":true, "marked":true}}
{"address":"0x7fc96c831cf0", "type":"STRING", "class":"0x7fc96c801668", "frozen":true, "bytesize":43, "value":"/usr/local/Cellar/ruby/2.1.1/lib/ruby/2.1.0", "references":["0x7fc96c831cf0"], "memsize":236, "flags":{"wb_protected":true, "old":true, "marked":true}}
{"address":"0x7fc96c831d18", "type":"STRING", "class":"0x7fc96c801668", "frozen":true, "bytesize":49, "value":"/usr/local/Cellar/ruby/2.1.1/lib/ruby/vendor_ruby", "references":["0x7fc96c831d18"], "memsize":242, "flags":{"wb_protected":true, "old":true, "marked":true}}
{"address":"0x7fc96c831d40", "type":"STRING", "class":"0x7fc96c801668", "frozen":true, "bytesize":73, "value":"/usr/local/Cellar/ruby/2.1.1/lib/ruby/vendor_ruby/2.1.0/x86_64-darwin13.0", "references":["0x7fc96c831d40"], "memsize":266, "flags":{"wb_protected":true, "old":true, "marked":true}}
{"address":"0x7fc96c831d68", "type":"STRING", "class":"0x7fc96c801668", "frozen":true, "bytesize":55, "value":"/usr/local/Cellar/ruby/2.1.1/lib/ruby/vendor_ruby/2.1.0", "references":["0x7fc96c831d68"], "memsize":248, "flags":{"wb_protected":true, "old":true, "marked":true}}
{"address":"0x7fc96c831d90", "type":"STRING", "class":"0x7fc96c801668", "frozen":true, "bytesize":47, "value":"/usr/local/Cellar/ruby/2.1.1/lib/ruby/site_ruby", "references":["0x7fc96c831d90"], "memsize":240, "flags":{"wb_protected":true, "old":true, "marked":true}}
{"address":"0x7fc96c831db8", "type":"STRING", "class":"0x7fc96c801668", "frozen":true, "bytesize":71, "value":"/usr/local/Cellar/ruby/2.1.1/lib/ruby/site_ruby/2.1.0/x86_64-darwin13.0", "references":["0x7fc96c831db8"], "memsize":264, "flags":{"wb_protected":true, "old":true, "marked":true}}
{"address":"0x7fc96c831de0", "type":"STRING", "class":"0x7fc96c801668", "frozen":true, "bytesize":53, "value":"/usr/local/Cellar/ruby/2.1.1/lib/ruby/site_ruby/2.1.0", "references":["0x7fc96c831de0"], "memsize":246, "flags":{"wb_protected":true, "old":true, "marked":true}}
{"address":"0x7fc96c831e08", "type":"STRING", "class":"0x7fc96c801668", "frozen":true, "embedded":true, "fstring":true, "bytesize":18, "value":"@gem_prelude_index", "encoding":"US-ASCII", "flags":{"wb_protected":true, "old":true, "marked":true}}
{"address":"0x7fc96c831e30", "type":"STRING", "class":"0x7fc96c801668", "frozen":true, "embedded":true, "fstring":true, "bytesize":18, "value":"/usr/local/bin/irb", "encoding":"UTF-8", "flags":{"wb_protected":true, "old":true, "marked":true}}
{"address":"0x7fc96c831e58", "type":"STRING", "class":"0x7fc96c801668", "frozen":true, "bytesize":37, "value":"/usr/local/Cellar/ruby/2.1.1/bin/ruby", "memsize":38, "flags":{"wb_protected":true, "old":true, "marked":true}}
{"address":"0x7fc96c831e80", "type":"STRING", "class":"0x7fc96c801668", "frozen":true, "shared":true, "encoding":"UTF-8", "references":["0x7fc96c831e58"], "flags":{"wb_protected":true, "old":true, "marked":true}}
{"address":"0x7fc96c831ea8", "type":"STRING", "class":"0x7fc96c801668", "frozen":true, "embedded":true, "fstring":true, "bytesize":4, "value":"ARGV", "encoding":"US-ASCII", "flags":{"wb_protected":true, "old":true, "marked":true}}
{"address":"0x7fc96c831ed0", "type":"STRING", "class":"0x7fc96c801668", "frozen":true, "embedded":true, "fstring":true, "bytesize":12, "value":"setproctitle", "encoding":"US-ASCII", "flags":{"wb_protected":true, "old":true, "marked":true}}
{"address":"0x7fc96c831ef8", "type":"STRING", "class":"0x7fc96c801668", "frozen":true, "embedded":true, "fstring":true, "bytesize":5, "value":"argv0", "encoding":"US-ASCII", "flags":{"wb_protected":true, "old":true, "marked":true}}
{"address":"0x7fc96c831f20", "type":"STRING", "class":"0x7fc96c801668", "frozen":true, "embedded":true, "fstring":true, "bytesize":13, "value":"$PROGRAM_NAME", "encoding":"US-ASCII", "flags":{"wb_protected":true, "old":true, "marked":true}}
{"address":"0x7fc96c831f48", "type":"STRING", "class":"0x7fc96c801668", "frozen":true, "embedded":true, "fstring":true, "bytesize":2, "value":"$0", "encoding":"US-ASCII", "flags":{"wb_protected":true, "old":true, "marked":true}}
{"address":"0x7fc96c831f70", "type":"STRING", "class":"0x7fc96c801668", "frozen":true, "embedded":true, "fstring":true, "bytesize":3, "value":"$-d", "encoding":"US-ASCII", "flags":{"wb_protected":true, "old":true, "marked":true}}
{"address":"0x7fc96c831f98", "type":"STRING", "class":"0x7fc96c801668", "frozen":true, "embedded":true, "fstring":true, "bytesize":6, "value":"$DEBUG", "encoding":"US-ASCII", "flags":{"wb_protected":true, "old":true, "marked":true}}
{"address":"0x7fc96c831fc0", "type":"STRING", "class":"0x7fc96c801668", "frozen":true, "embedded":true, "fstring":true, "bytesize":3, "value":"$-W", "encoding":"US-ASCII", "flags":{"wb_protected":true, "old":true, "marked":true}}
{"address":"0x7fc96c831fe8", "type":"STRING", "class":"0x7fc96c801668", "frozen":true, "embedded":true, "fstring":true, "bytesize":3, "value":"$-w", "encoding":"US-ASCII", "flags":{"wb_protected":true, "old":true, "marked":true}}
{"address":"0x7fc96c832010", "type":"STRING", "class":"0x7fc96c801668", "frozen":true, "embedded":true, "fstring":true, "bytesize":3, "value":"$-v", "encoding":"US-ASCII", "flags":{"wb_protected":true, "old":true, "marked":true}}
{"address":"0x7fc96c832038", "type":"STRING", "class":"0x7fc96c801668", "frozen":true, "embedded":true, "fstring":true, "bytesize":8, "value":"$VERBOSE", "encoding":"US-ASCII", "flags":{"wb_protected":true, "old":true, "marked":true}}
{"address":"0x7fc96c832060", "type":"STRING", "class":"0x7fc96c801668", "frozen":true, "embedded":true, "fstring":true, "bytesize":16, "value":"raised_exception", "encoding":"US-ASCII", "flags":{"wb_protected":true, "old":true, "marked":true}}
{"address":"0x7fc96c832088", "type":"STRING", "class":"0x7fc96c801668", "frozen":true, "embedded":true, "fstring":true, "bytesize":12, "value":"return_value", "encoding":"US-ASCII", "flags":{"wb_protected":true, "old":true, "marked":true}}
{"address":"0x7fc96c8320b0", "type":"STRING", "class":"0x7fc96c801668", "frozen":true, "embedded":true, "fstring":true, "bytesize":4, "value":"self", "encoding":"US-ASCII", "flags":{"wb_protected":true, "old":true, "marked":true}}
{"address":"0x7fc96c8320d8", "type":"STRING", "class":"0x7fc96c801668", "frozen":true, "embedded":true, "fstring":true, "bytesize":13, "value":"defined_class", "encoding":"US-ASCII", "flags":{"wb_protected":true, "old":true, "marked":true}}
{"address":"0x7fc96c832100", "type":"STRING", "class":"0x7fc96c801668", "frozen":true, "embedded":true, "fstring":true, "bytesize":9, "value":"method_id", "encoding":"US-ASCII", "flags":{"wb_protected":true, "old":true, "marked":true}}
{"address":"0x7fc96c832128", "type":"STRING", "class":"0x7fc96c801668", "frozen":true, "embedded":true, "fstring":true, "bytesize":5, "value":"event", "encoding":"US-ASCII", "flags":{"wb_protected":true, "old":true, "marked":true}}
{"address":"0x7fc96c832150", "type":"STRING", "class":"0x7fc96c801668", "frozen":true, "embedded":true, "fstring":true, "bytesize":5, "value":"trace", "encoding":"US-ASCII", "flags":{"wb_protected":true, "old":true, "marked":true}}
{"address":"0x7fc96c832178", "type":"CLASS", "class":"0x7fc96c802e28", "name":"Class", "references":["0x7fc96c832178", "0x7fc96c832178", "0x7fc96c8321a0", "0x7fc96c802dd8"], "memsize":672, "flags":{"wb_protected":true, "old":true, "marked":true}}
{"address":"0x7fc96c8321a0", "type":"CLASS", "class":"0x7fc96c832178", "name":"TracePoint", "references":["0x7fc96c8321a0", "0x7fc96c8321a0", "0x7fc96c8321a0", "0x7fc96c8321a0", "0x7fc96c8321a0", "0x7fc96c8321a0", "0x7fc96c8321a0", "0x7fc96c8321a0", "0x7fc96c8321a0", "0x7fc96c8321a0", "0x7fc96c8321a0", "0x7fc96c8321a0", "0x7fc96c8321a0", "0x7fc96c8321c8", "0x7fc96c803788"], "memsize":1240, "flags":{"wb_protected":true, "old":true, "marked":true}}
{"address":"0x7fc96c8321c8", "type":"STRING", "class":"0x7fc96c801668", "frozen":true, "embedded":true, "fstring":true, "bytesize":10, "value":"TracePoint", "encoding":"US-ASCII", "flags":{"wb_protected":true, "old":true, "marked":true}}
{"address":"0x7fc96c8321f0", "type":"STRING", "class":"0x7fc96c801668", "frozen":true, "embedded":true, "fstring":true, "bytesize":14, "value":"add_trace_func", "encoding":"US-ASCII", "flags":{"wb_protected":true, "old":true, "marked":true}}
{"address":"0x7fc96c832218", "type":"STRING", "class":"0x7fc96c801668", "frozen":true, "embedded":true, "fstring":true, "bytesize":14, "value":"set_trace_func", "encoding":"US-ASCII", "flags":{"wb_protected":true, "old":true, "marked":true}}
{"address":"0x7fc96c832240", "type":"STRING", "class":"0x7fc96c801668", "frozen":true, "embedded":true, "fstring":true, "bytesize":11, "value":"RUBY_ENGINE", "encoding":"US-ASCII", "flags":{"wb_protected":true, "old":true, "marked":true}}
{"address":"0x7fc96c832268", "type":"STRING", "class":"0x7fc96c801668", "frozen":true, "embedded":true, "bytesize":4, "value":"ruby", "encoding":"US-ASCII", "flags":{"wb_protected":true, "old":true, "marked":true}}
{"address":"0x7fc96c832290", "type":"STRING", "class":"0x7fc96c801668", "frozen":true, "embedded":true, "fstring":true, "bytesize":14, "value":"RUBY_COPYRIGHT", "encoding":"US-ASCII", "flags":{"wb_protected":true, "old":true, "marked":true}}
{"address":"0x7fc96c8322b8", "type":"STRING", "class":"0x7fc96c801668", "frozen":true, "bytesize":49, "value":"ruby - Copyright (C) 1993-2014 Yukihiro Matsumoto", "encoding":"US-ASCII", "memsize":50, "flags":{"wb_protected":true, "old":true, "marked":true}}
{"address":"0x7fc96c8322e0", "type":"STRING", "class":"0x7fc96c801668", "frozen":true, "embedded":true, "fstring":true, "bytesize":16, "value":"RUBY_DESCRIPTION", "encoding":"US-ASCII", "flags":{"wb_protected":true, "old":true, "marked":true}}
{"address":"0x7fc96c832308", "type":"STRING", "class":"0x7fc96c801668", "frozen":true, "bytesize":61, "value":"ruby 2.1.1p76 (2014-02-24 revision 45161) [x86_64-darwin13.0]", "encoding":"US-ASCII", "memsize":62, "flags":{"wb_protected":true, "old":true, "marked":true}}
{"address":"0x7fc96c832330", "type":"STRING", "class":"0x7fc96c801668", "frozen":true, "embedded":true, "fstring":true, "bytesize":13, "value":"RUBY_REVISION", "encoding":"US-ASCII", "flags":{"wb_protected":true, "old":true, "marked":true}}
{"address":"0x7fc96c832358", "type":"STRING", "class":"0x7fc96c801668", "frozen":true, "embedded":true, "fstring":true, "bytesize":15, "value":"RUBY_PATCHLEVEL", "encoding":"US-ASCII", "flags":{"wb_protected":true, "old":true, "marked":true}}
{"address":"0x7fc96c832380", "type":"STRING", "class":"0x7fc96c801668", "frozen":true, "embedded":true, "fstring":true, "bytesize":13, "value":"RUBY_PLATFORM", "encoding":"US-ASCII", "flags":{"wb_protected":true, "old":true, "marked":true}}
{"address":"0x7fc96c8323a8", "type":"STRING", "class":"0x7fc96c801668", "frozen":true, "embedded":true, "bytesize":17, "value":"x86_64-darwin13.0", "encoding":"US-ASCII", "flags":{"wb_protected":true, "old":true, "marked":true}}
{"address":"0x7fc96c8323d0", "type":"STRING", "class":"0x7fc96c801668", "frozen":true, "embedded":true, "fstring":true, "bytesize":17, "value":"RUBY_RELEASE_DATE", "encoding":"US-ASCII", "flags":{"wb_protected":true, "old":true, "marked":true}}
{"address":"0x7fc96c8323f8", "type":"STRING", "class":"0x7fc96c801668", "frozen":true, "embedded":true, "bytesize":10, "value":"2014-02-24", "encoding":"US-ASCII", "flags":{"wb_protected":true, "old":true, "marked":true}}
{"address":"0x7fc96c832420", "type":"STRING", "class":"0x7fc96c801668", "frozen":true, "embedded":true, "fstring":true, "bytesize":12, "value":"RUBY_VERSION", "encoding":"US-ASCII", "flags":{"wb_protected":true, "old":true, "marked":true}}
{"address":"0x7fc96c832448", "type":"STRING", "class":"0x7fc96c801668", "frozen":true, "embedded":true, "bytesize":5, "value":"2.1.1", "encoding":"US-ASCII", "flags":{"wb_protected":true, "old":true, "marked":true}}
{"address":"0x7fc96c832470", "type":"STRING", "class":"0x7fc96c801668", "frozen":true, "embedded":true, "fstring":true, "bytesize":1, "value":"I", "encoding":"US-ASCII", "flags":{"wb_protected":true, "old":true, "marked":true}}
{"address":"0x7fc96c832498", "type":"COMPLEX", "class":"0x7fc96c8326a0", "flags":{"wb_protected":true, "old":true, "marked":true}}
{"address":"0x7fc96c8324c0", "type":"STRING", "class":"0x7fc96c801668", "frozen":true, "embedded":true, "fstring":true, "bytesize":4, "value":"to_c", "encoding":"US-ASCII", "flags":{"wb_protected":true, "old":true, "marked":true}}
{"address":"0x7fc96c8324e8", "type":"STRING", "class":"0x7fc96c801668", "frozen":true, "embedded":true, "bytesize":19, "value":"Complex::compatible", "encoding":"US-ASCII", "flags":{"wb_protected":true, "old":true, "marked":true}}
{"address":"0x7fc96c832510", "type":"CLASS", "class":"0x7fc96c802e28", "name":"Class", "references":["0x7fc96c832538", "0x7fc96c802dd8"], "memsize":672, "flags":{"wb_protected":true, "old":true, "marked":true}}
{"address":"0x7fc96c832538", "type":"CLASS", "class":"0x7fc96c832510", "name":"Complex::compatible", "references":["0x7fc96c832538", "0x7fc96c8324e8", "0x7fc96c803788"], "memsize":672, "flags":{"wb_protected":true, "old":true, "marked":true}}
{"address":"0x7fc96c832560", "type":"STRING", "class":"0x7fc96c801668", "frozen":true, "embedded":true, "fstring":true, "bytesize":9, "value":"conjugate", "encoding":"US-ASCII", "flags":{"wb_protected":true, "old":true, "marked":true}}
{"address":"0x7fc96c832588", "type":"STRING", "class":"0x7fc96c801668", "frozen":true, "embedded":true, "fstring":true, "bytesize":5, "value":"phase", "encoding":"US-ASCII", "flags":{"wb_protected":true, "old":true, "marked":true}}
{"address":"0x7fc96c8325b0", "type":"STRING", "class":"0x7fc96c801668", "frozen":true, "embedded":true, "fstring":true, "bytesize":5, "value":"angle", "encoding":"US-ASCII", "flags":{"wb_protected":true, "old":true, "marked":true}}
{"address":"0x7fc96c8325d8", "type":"STRING", "class":"0x7fc96c801668", "frozen":true, "embedded":true, "fstring":true, "bytesize":9, "value":"imaginary", "encoding":"US-ASCII", "flags":{"wb_protected":true, "old":true, "marked":true}}
{"address":"0x7fc96c832600", "type":"STRING", "class":"0x7fc96c801668", "frozen":true, "embedded":true, "fstring":true, "bytesize":5, "value":"polar", "encoding":"US-ASCII", "flags":{"wb_protected":true, "old":true, "marked":true}}
{"address":"0x7fc96c832628", "type":"STRING", "class":"0x7fc96c801668", "frozen":true, "embedded":true, "fstring":true, "bytesize":4, "value":"rect", "encoding":"US-ASCII", "flags":{"wb_protected":true, "old":true, "marked":true}}
{"address":"0x7fc96c832650", "type":"STRING", "class":"0x7fc96c801668", "frozen":true, "embedded":true, "fstring":true, "bytesize":11, "value":"rectangular", "encoding":"US-ASCII", "flags":{"wb_protected":true, "old":true, "marked":true}}
{"address":"0x7fc96c832678", "type":"CLASS", "class":"0x7fc96c802e28", "name":"Class", "references":["0x7fc96c832678", "0x7fc96c832678", "0x7fc96c832678", "0x7fc96c832678", "0x7fc96c832678", "0x7fc96c832678", "0x7fc96c8326a0", "0x7fc96c853008"], "memsize":672, "flags":{"wb_protected":true, "old":true, "marked":true}}
{"address":"0x7fc96c8326a0", "type":"CLASS", "class":"0x7fc96c832678", "name":"Complex", "references":["0x7fc96c8326a0", "0x7fc96c8326a0", "0x7fc96c8326a0", "0x7fc96c8326a0", "0x7fc96c8326a0", "0x7fc96c8326a0", "0x7fc96c8326a0", "0x7fc96c8326a0", "0x7fc96c8326a0", "0x7fc96c8326a0", "0x7fc96c8326a0", "0x7fc96c8326a0", "0x7fc96c8326a0", "0x7fc96c8326a0", "0x7fc96c8326a0", "0x7fc96c8326a0", "0x7fc96c8326a0", "0x7fc96c8326a0", "0x7fc96c8326a0", "0x7fc96c8326a0", "0x7fc96c8326a0", "0x7fc96c8326a0", "0x7fc96c8326a0", "0x7fc96c8326a0", "0x7fc96c8326a0", "0x7fc96c8326a0", "0x7fc96c8326a0", "0x7fc96c8326a0", "0x7fc96c8326a0", "0x7fc96c8326a0", "0x7fc96c8326a0", "0x7fc96c8326a0", "0x7fc96c8326a0", "0x7fc96c8326a0", "0x7fc96c8326a0", "0x7fc96c8326a0", "0x7fc96c8326a0", "0x7fc96c8326a0", "0x7fc96c8326a0", "0x7fc96c8326a0", "0x7fc96c8326a0", "0x7fc96c8326a0", "0x7fc96c8326a0", "0x7fc96c8326a0", "0x7fc96c8326a0", "0x7fc96c8326a0", "0x7fc96c8326a0", "0x7fc96c8326a0", "0x7fc96c8326a0", "0x7fc96c8326a0", "0x7fc96c8326a0", "0x7fc96c8326a0", "0x7fc96c8326a0", "0x7fc96c8326a0", "0x7fc96c8326c8", "0x7fc96c832538", "0x7fc96c833820", "0x7fc96c832498", "0x7fc96c833820", "0x7fc96c853030"], "memsize":3400, "flags":{"wb_protected":true, "old":true, "marked":true}}
{"address":"0x7fc96c8326c8", "type":"STRING", "class":"0x7fc96c801668", "frozen":true, "embedded":true, "fstring":true, "bytesize":7, "value":"Complex", "encoding":"US-ASCII", "flags":{"wb_protected":true, "old":true, "marked":true}}
{"address":"0x7fc96c8326f0", "type":"STRING", "class":"0x7fc96c801668", "frozen":true, "embedded":true, "fstring":true, "bytesize":6, "value":"@image", "encoding":"US-ASCII", "flags":{"wb_protected":true, "old":true, "marked":true}}
{"address":"0x7fc96c832718", "type":"STRING", "class":"0x7fc96c801668", "frozen":true, "embedded":true, "fstring":true, "bytesize":5, "value":"@real", "encoding":"US-ASCII", "flags":{"wb_protected":true, "old":true, "marked":true}}
{"address":"0x7fc96c832740", "type":"STRING", "class":"0x7fc96c801668", "frozen":true, "embedded":true, "fstring":true, "bytesize":4, "value":"real", "encoding":"US-ASCII", "flags":{"wb_protected":true, "old":true, "marked":true}}
{"address":"0x7fc96c832768", "type":"STRING", "class":"0x7fc96c801668", "frozen":true, "embedded":true, "fstring":true, "bytesize":4, "value":"imag", "encoding":"US-ASCII", "flags":{"wb_protected":true, "old":true, "marked":true}}
{"address":"0x7fc96c832790", "type":"STRING", "class":"0x7fc96c801668", "frozen":true, "embedded":true, "fstring":true, "bytesize":4, "value":"conj", "encoding":"US-ASCII", "flags":{"wb_protected":true, "old":true, "marked":true}}
{"address":"0x7fc96c8327b8", "type":"STRING", "class":"0x7fc96c801668", "frozen":true, "embedded":true, "fstring":true, "bytesize":3, "value":"arg", "encoding":"US-ASCII", "flags":{"wb_protected":true, "old":true, "marked":true}}
{"address":"0x7fc96c8327e0", "type":"STRING", "class":"0x7fc96c801668", "frozen":true, "embedded":true, "fstring":true, "bytesize":4, "value":"abs2", "encoding":"US-ASCII", "flags":{"wb_protected":true, "old":true, "marked":true}}
{"address":"0x7fc96c832808", "type":"STRING", "class":"0x7fc96c801668", "frozen":true, "embedded":true, "fstring":true, "bytesize":6, "value":"gcdlcm", "encoding":"US-ASCII", "flags":{"wb_protected":true, "old":true, "marked":true}}
{"address":"0x7fc96c832830", "type":"STRING", "class":"0x7fc96c801668", "frozen":true, "embedded":true, "fstring":true, "bytesize":3, "value":"lcm", "encoding":"US-ASCII", "flags":{"wb_protected":true, "old":true, "marked":true}}
{"address":"0x7fc96c832858", "type":"STRING", "class":"0x7fc96c801668", "frozen":true, "embedded":true, "fstring":true, "bytesize":3, "value":"gcd", "encoding":"US-ASCII", "flags":{"wb_protected":true, "old":true, "marked":true}}
{"address":"0x7fc96c832880", "type":"STRING", "class":"0x7fc96c801668", "frozen":true, "embedded":true, "bytesize":20, "value":"Rational::compatible", "encoding":"US-ASCII", "flags":{"wb_protected":true, "old":true, "marked":true}}
{"address":"0x7fc96c8328a8", "type":"CLASS", "class":"0x7fc96c802e28", "name":"Class", "references":["0x7fc96c8328d0", "0x7fc96c802dd8"], "memsize":672, "flags":{"wb_protected":true, "old":true, "marked":true}}
{"address":"0x7fc96c8328d0", "type":"CLASS", "class":"0x7fc96c8328a8", "name":"Rational::compatible", "references":["0x7fc96c8328d0", "0x7fc96c832880", "0x7fc96c803788"], "memsize":672, "flags":{"wb_protected":true, "old":true, "marked":true}}
{"address":"0x7fc96c8328f8", "type":"STRING", "class":"0x7fc96c801668", "frozen":true, "embedded":true, "fstring":true, "bytesize":10, "value":"compatible", "encoding":"US-ASCII", "flags":{"wb_protected":true, "old":true, "marked":true}}
{"address":"0x7fc96c832920", "type":"STRING", "class":"0x7fc96c801668", "frozen":true, "embedded":true, "fstring":true, "bytesize":11, "value":"rationalize", "encoding":"US-ASCII", "flags":{"wb_protected":true, "old":true, "marked":true}}
{"address":"0x7fc96c832948", "type":"STRING", "class":"0x7fc96c801668", "frozen":true, "embedded":true, "fstring":true, "bytesize":11, "value":"denominator", "encoding":"US-ASCII", "flags":{"wb_protected":true, "old":true, "marked":true}}
{"address":"0x7fc96c832970", "type":"STRING", "class":"0x7fc96c801668", "frozen":true, "embedded":true, "fstring":true, "bytesize":9, "value":"numerator", "encoding":"US-ASCII", "flags":{"wb_protected":true, "old":true, "marked":true}}
{"address":"0x7fc96c832998", "type":"CLASS", "class":"0x7fc96c802e28", "name":"Class", "references":["0x7fc96c832998", "0x7fc96c832998", "0x7fc96c832998", "0x7fc96c8329c0", "0x7fc96c853008"], "memsize":672, "flags":{"wb_protected":true, "old":true, "marked":true}}
{"address":"0x7fc96c8329c0", "type":"CLASS", "class":"0x7fc96c832998", "name":"Rational", "references":["0x7fc96c8329c0", "0x7fc96c8329c0", "0x7fc96c8329c0", "0x7fc96c8329c0", "0x7fc96c8329c0", "0x7fc96c8329c0", "0x7fc96c8329c0", "0x7fc96c8329c0", "0x7fc96c8329c0", "0x7fc96c8329c0", "0x7fc96c8329c0", "0x7fc96c8329c0", "0x7fc96c8329c0", "0x7fc96c8329c0", "0x7fc96c8329c0", "0x7fc96c8329c0", "0x7fc96c8329c0", "0x7fc96c8329c0", "0x7fc96c8329c0", "0x7fc96c8329c0", "0x7fc96c8329c0", "0x7fc96c8329c0", "0x7fc96c8329c0", "0x7fc96c8329c0", "0x7fc96c8329e8", "0x7fc96c8328d0", "0x7fc96c833820", "0x7fc96c853030"], "memsize":1960, "flags":{"wb_protected":true, "old":true, "marked":true}}
{"address":"0x7fc96c8329e8", "type":"STRING", "class":"0x7fc96c801668", "frozen":true, "embedded":true, "fstring":true, "bytesize":8, "value":"Rational", "encoding":"US-ASCII", "flags":{"wb_protected":true, "old":true, "marked":true}}
{"address":"0x7fc96c832a10", "type":"STRING", "class":"0x7fc96c801668", "frozen":true, "embedded":true, "fstring":true, "bytesize":12, "value":"@denominator", "encoding":"US-ASCII", "flags":{"wb_protected":true, "old":true, "marked":true}}
{"address":"0x7fc96c832a38", "type":"STRING", "class":"0x7fc96c801668", "frozen":true, "embedded":true, "fstring":true, "bytesize":10, "value":"@numerator", "encoding":"US-ASCII", "flags":{"wb_protected":true, "old":true, "marked":true}}
{"address":"0x7fc96c832a60", "type":"STRING", "class":"0x7fc96c801668", "frozen":true, "embedded":true, "fstring":true, "bytesize":6, "value":"resume", "encoding":"US-ASCII", "flags":{"wb_protected":true, "old":true, "marked":true}}
{"address":"0x7fc96c832a88", "type":"CLASS", "class":"0x7fc96c802e28", "name":"Class", "references":["0x7fc96c832ab0", "0x7fc96c800330"], "memsize":672, "flags":{"wb_protected":true, "old":true, "marked":true}}
{"address":"0x7fc96c832ab0", "type":"CLASS", "class":"0x7fc96c832a88", "name":"FiberError", "references":["0x7fc96c832ad8", "0x7fc96c800358"], "memsize":672, "flags":{"wb_protected":true, "old":true, "marked":true}}
{"address":"0x7fc96c832ad8", "type":"STRING", "class":"0x7fc96c801668", "frozen":true, "embedded":true, "fstring":true, "bytesize":10, "value":"FiberError", "encoding":"US-ASCII", "flags":{"wb_protected":true, "old":true, "marked":true}}
{"address":"0x7fc96c832b00", "type":"CLASS", "class":"0x7fc96c802e28", "name":"Class", "references":["0x7fc96c832b00", "0x7fc96c832b28", "0x7fc96c802dd8"], "memsize":672, "flags":{"wb_protected":true, "old":true, "marked":true}}
{"address":"0x7fc96c832b28", "type":"CLASS", "class":"0x7fc96c832b00", "name":"Fiber", "references":["0x7fc96c832b28", "0x7fc96c832b28", "0x7fc96c832b50", "0x7fc96c803788"], "memsize":672, "flags":{"wb_protected":true, "old":true, "marked":true}}
{"address":"0x7fc96c832b50", "type":"STRING", "class":"0x7fc96c801668", "frozen":true, "embedded":true, "fstring":true, "bytesize":5, "value":"Fiber", "encoding":"US-ASCII", "flags":{"wb_protected":true, "old":true, "marked":true}}
{"address":"0x7fc96c832b78", "type":"ARRAY", "length":0, "flags":{"wb_protected":true, "old":true, "marked":true}}
{"address":"0x7fc96c832ba0", "type":"ARRAY", "length":0, "flags":{"wb_protected":true, "old":true, "marked":true}}
{"address":"0x7fc96c832bc8", "type":"CLASS", "class":"0x7fc96c802e28", "name":"Class", "references":["0x7fc96c832bf0", "0x7fc96c800330"], "memsize":672, "flags":{"wb_protected":true, "old":true, "marked":true}}
{"address":"0x7fc96c832bf0", "type":"CLASS", "class":"0x7fc96c832bc8", "name":"ThreadError", "references":["0x7fc96c832c18", "0x7fc96c800358"], "memsize":672, "flags":{"wb_protected":true, "old":true, "marked":true}}
{"address":"0x7fc96c832c18", "type":"STRING", "class":"0x7fc96c801668", "frozen":true, "embedded":true, "fstring":true, "bytesize":11, "value":"ThreadError", "encoding":"US-ASCII", "flags":{"wb_protected":true, "old":true, "marked":true}}
{"address":"0x7fc96c832c40", "type":"STRING", "class":"0x7fc96c801668", "frozen":true, "embedded":true, "fstring":true, "bytesize":17, "value":"__recursive_key__", "encoding":"US-ASCII", "flags":{"wb_protected":true, "old":true, "marked":true}}
{"address":"0x7fc96c832c68", "type":"STRING", "class":"0x7fc96c801668", "frozen":true, "embedded":true, "fstring":true, "bytesize":11, "value":"synchronize", "encoding":"US-ASCII", "flags":{"wb_protected":true, "old":true, "marked":true}}
{"address":"0x7fc96c832c90", "type":"STRING", "class":"0x7fc96c801668", "frozen":true, "embedded":true, "fstring":true, "bytesize":6, "value":"unlock", "encoding":"US-ASCII", "flags":{"wb_protected":true, "old":true, "marked":true}}
{"address":"0x7fc96c832cb8", "type":"STRING", "class":"0x7fc96c801668", "frozen":true, "embedded":true, "fstring":true, "bytesize":4, "value":"lock", "encoding":"US-ASCII", "flags":{"wb_protected":true, "old":true, "marked":true}}
{"address":"0x7fc96c832ce0", "type":"STRING", "class":"0x7fc96c801668", "frozen":true, "embedded":true, "fstring":true, "bytesize":8, "value":"try_lock", "encoding":"US-ASCII", "flags":{"wb_protected":true, "old":true, "marked":true}}
{"address":"0x7fc96c832d08", "type":"STRING", "class":"0x7fc96c801668", "frozen":true, "embedded":true, "fstring":true, "bytesize":7, "value":"locked?", "encoding":"US-ASCII", "flags":{"wb_protected":true, "old":true, "marked":true}}
{"address":"0x7fc96c832d30", "type":"CLASS", "class":"0x7fc96c802e28", "name":"Class", "references":["0x7fc96c832d58", "0x7fc96c802dd8"], "memsize":672, "flags":{"wb_protected":true, "old":true, "marked":true}}
{"address":"0x7fc96c832d58", "type":"CLASS", "class":"0x7fc96c832d30", "name":"Mutex", "references":["0x7fc96c832d58", "0x7fc96c832d58", "0x7fc96c832d58", "0x7fc96c832d58", "0x7fc96c832d58", "0x7fc96c832d58", "0x7fc96c832d58", "0x7fc96c832d58", "0x7fc96c832d80", "0x7fc96c803788"], "memsize":1000, "flags":{"wb_protected":true, "old":true, "marked":true}}
{"address":"0x7fc96c832d80", "type":"STRING", "class":"0x7fc96c801668", "frozen":true, "embedded":true, "fstring":true, "bytesize":5, "value":"Mutex", "encoding":"US-ASCII", "flags":{"wb_protected":true, "old":true, "marked":true}}
{"address":"0x7fc96c832da8", "type":"STRING", "class":"0x7fc96c801668", "frozen":true, "embedded":true, "fstring":true, "bytesize":7, "value":"Default", "encoding":"US-ASCII", "flags":{"wb_protected":true, "old":true, "marked":true}}
{"address":"0x7fc96c832dd0", "type":"DATA", "class":"0x7fc96c832e98", "struct":"thgroup", "memsize":16, "flags":{"remembered":true}}
{"address":"0x7fc96c832df8", "type":"STRING", "class":"0x7fc96c801668", "frozen":true, "embedded":true, "fstring":true, "bytesize":3, "value":"add", "encoding":"US-ASCII", "flags":{"wb_protected":true, "old":true, "marked":true}}
{"address":"0x7fc96c832e20", "type":"STRING", "class":"0x7fc96c801668", "frozen":true, "embedded":true, "fstring":true, "bytesize":9, "value":"enclosed?", "encoding":"US-ASCII", "flags":{"wb_protected":true, "old":true, "marked":true}}
{"address":"0x7fc96c832e48", "type":"STRING", "class":"0x7fc96c801668", "frozen":true, "embedded":true, "fstring":true, "bytesize":7, "value":"enclose", "encoding":"US-ASCII", "flags":{"wb_protected":true, "old":true, "marked":true}}
{"address":"0x7fc96c832e70", "type":"CLASS", "class":"0x7fc96c802e28", "name":"Class", "references":["0x7fc96c832e98", "0x7fc96c802dd8"], "memsize":672, "flags":{"wb_protected":true, "old":true, "marked":true}}
{"address":"0x7fc96c832e98", "type":"CLASS", "class":"0x7fc96c832e70", "name":"ThreadGroup", "references":["0x7fc96c832e98", "0x7fc96c832e98", "0x7fc96c832e98", "0x7fc96c832e98", "0x7fc96c832ec0", "0x7fc96c832dd0", "0x7fc96c833820", "0x7fc96c803788"], "memsize":864, "flags":{"wb_protected":true, "old":true, "marked":true}}
{"address":"0x7fc96c832ec0", "type":"STRING", "class":"0x7fc96c801668", "frozen":true, "embedded":true, "fstring":true, "bytesize":11, "value":"ThreadGroup", "encoding":"US-ASCII", "flags":{"wb_protected":true, "old":true, "marked":true}}
{"address":"0x7fc96c832ee8", "type":"OBJECT", "class":"0x7fc96c843db0", "frozen":true, "ivars":3, "references":["0x7fc96c832f10"], "flags":{"wb_protected":true, "old":true, "marked":true}}
{"address":"0x7fc96c832f10", "type":"STRING", "class":"0x7fc96c801668", "embedded":true, "bytesize":13, "value":"stream closed", "flags":{"wb_protected":true, "old":true, "marked":true}}
{"address":"0x7fc96c832f38", "type":"STRING", "class":"0x7fc96c801668", "frozen":true, "embedded":true, "fstring":true, "bytesize":5, "value":"group", "encoding":"US-ASCII", "flags":{"wb_protected":true, "old":true, "marked":true}}
{"address":"0x7fc96c832f60", "type":"STRING", "class":"0x7fc96c801668", "frozen":true, "embedded":true, "fstring":true, "bytesize":10, "value":"safe_level", "encoding":"US-ASCII", "flags":{"wb_protected":true, "old":true, "marked":true}}
{"address":"0x7fc96c832f88", "type":"STRING", "class":"0x7fc96c801668", "frozen":true, "embedded":true, "fstring":true, "bytesize":5, "value":"stop?", "encoding":"US-ASCII", "flags":{"wb_protected":true, "old":true, "marked":true}}
{"address":"0x7fc96c832fb0", "type":"STRING", "class":"0x7fc96c801668", "frozen":true, "embedded":true, "fstring":true, "bytesize":6, "value":"alive?", "encoding":"US-ASCII", "flags":{"wb_protected":true, "old":true, "marked":true}}
{"address":"0x7fc96c832fd8", "type":"STRING", "class":"0x7fc96c801668", "frozen":true, "embedded":true, "fstring":true, "bytesize":16, "value":"thread_variable?", "encoding":"US-ASCII", "flags":{"wb_protected":true, "old":true, "marked":true}}
{"address":"0x7fc96c833000", "type":"STRING", "class":"0x7fc96c801668", "frozen":true, "embedded":true, "fstring":true, "bytesize":16, "value":"thread_variables", "encoding":"US-ASCII", "flags":{"wb_protected":true, "old":true, "marked":true}}
{"address":"0x7fc96c833028", "type":"STRING", "class":"0x7fc96c801668", "frozen":true, "embedded":true, "fstring":true, "bytesize":19, "value":"thread_variable_set", "encoding":"US-ASCII", "flags":{"wb_protected":true, "old":true, "marked":true}}
{"address":"0x7fc96c833050", "type":"STRING", "class":"0x7fc96c801668", "frozen":true, "embedded":true, "fstring":true, "bytesize":19, "value":"thread_variable_get", "encoding":"US-ASCII", "flags":{"wb_protected":true, "old":true, "marked":true}}
{"address":"0x7fc96c833078", "type":"STRING", "class":"0x7fc96c801668", "frozen":true, "embedded":true, "fstring":true, "bytesize":9, "value":"priority=", "encoding":"US-ASCII", "flags":{"wb_protected":true, "old":true, "marked":true}}
{"address":"0x7fc96c8330a0", "type":"STRING", "class":"0x7fc96c801668", "frozen":true, "embedded":true, "fstring":true, "bytesize":8, "value":"priority", "encoding":"US-ASCII", "flags":{"wb_protected":true, "old":true, "marked":true}}
{"address":"0x7fc96c8330c8", "type":"STRING", "class":"0x7fc96c801668", "frozen":true, "embedded":true, "fstring":true, "bytesize":6, "value":"wakeup", "encoding":"US-ASCII", "flags":{"wb_protected":true, "old":true, "marked":true}}
{"address":"0x7fc96c8330f0", "type":"STRING", "class":"0x7fc96c801668", "frozen":true, "embedded":true, "fstring":true, "bytesize":3, "value":"run", "encoding":"US-ASCII", "flags":{"wb_protected":true, "old":true, "marked":true}}
{"address":"0x7fc96c833118", "type":"STRING", "class":"0x7fc96c801668", "frozen":true, "embedded":true, "fstring":true, "bytesize":9, "value":"terminate", "encoding":"US-ASCII", "flags":{"wb_protected":true, "old":true, "marked":true}}
{"address":"0x7fc96c833140", "type":"STRING", "class":"0x7fc96c801668", "frozen":true, "embedded":true, "fstring":true, "bytesize":5, "value":"value", "encoding":"US-ASCII", "flags":{"wb_protected":true, "old":true, "marked":true}}
{"address":"0x7fc96c833168", "type":"STRING", "class":"0x7fc96c801668", "frozen":true, "embedded":true, "fstring":true, "bytesize":18, "value":"pending_interrupt?", "encoding":"US-ASCII", "flags":{"wb_protected":true, "old":true, "marked":true}}
{"address":"0x7fc96c833190", "type":"STRING", "class":"0x7fc96c801668", "frozen":true, "embedded":true, "fstring":true, "bytesize":16, "value":"handle_interrupt", "encoding":"US-ASCII", "flags":{"wb_protected":true, "old":true, "marked":true}}
{"address":"0x7fc96c8331b8", "type":"STRING", "class":"0x7fc96c801668", "frozen":true, "embedded":true, "fstring":true, "bytesize":19, "value":"abort_on_exception=", "encoding":"US-ASCII", "flags":{"wb_protected":true, "old":true, "marked":true}}
{"address":"0x7fc96c8331e0", "type":"STRING", "class":"0x7fc96c801668", "frozen":true, "embedded":true, "fstring":true, "bytesize":18, "value":"abort_on_exception", "encoding":"US-ASCII", "flags":{"wb_protected":true, "old":true, "marked":true}}
{"address":"0x7fc96c833208", "type":"STRING", "class":"0x7fc96c801668", "frozen":true, "embedded":true, "fstring":true, "bytesize":4, "value":"pass", "encoding":"US-ASCII", "flags":{"wb_protected":true, "old":true, "marked":true}}
{"address":"0x7fc96c833230", "type":"STRING", "class":"0x7fc96c801668", "frozen":true, "embedded":true, "fstring":true, "bytesize":4, "value":"stop", "encoding":"US-ASCII", "flags":{"wb_protected":true, "old":true, "marked":true}}
{"address":"0x7fc96c833258", "type":"STRING", "class":"0x7fc96c801668", "frozen":true, "embedded":true, "fstring":true, "bytesize":7, "value":"current", "encoding":"US-ASCII", "flags":{"wb_protected":true, "old":true, "marked":true}}
{"address":"0x7fc96c833280", "type":"STRING", "class":"0x7fc96c801668", "frozen":true, "embedded":true, "fstring":true, "bytesize":4, "value":"main", "encoding":"US-ASCII", "flags":{"wb_protected":true, "old":true, "marked":true}}
{"address":"0x7fc96c8332a8", "type":"STRING", "class":"0x7fc96c801668", "frozen":true, "embedded":true, "fstring":true, "bytesize":11, "value":"on_blocking", "encoding":"US-ASCII", "flags":{"wb_protected":true, "old":true, "marked":true}}
{"address":"0x7fc96c8332d0", "type":"STRING", "class":"0x7fc96c801668", "frozen":true, "embedded":true, "fstring":true, "bytesize":9, "value":"immediate", "encoding":"US-ASCII", "flags":{"wb_protected":true, "old":true, "marked":true}}
{"address":"0x7fc96c8332f8", "type":"STRING", "class":"0x7fc96c801668", "frozen":true, "embedded":true, "fstring":true, "bytesize":5, "value":"never", "encoding":"US-ASCII", "flags":{"wb_protected":true, "old":true, "marked":true}}
{"address":"0x7fc96c833320", "type":"STRING", "class":"0x7fc96c801668", "frozen":true, "embedded":true, "fstring":true, "bytesize":2, "value":"of", "encoding":"US-ASCII", "flags":{"wb_protected":true, "old":true, "marked":true}}
{"address":"0x7fc96c833348", "type":"STRING", "class":"0x7fc96c801668", "frozen":true, "embedded":true, "fstring":true, "bytesize":15, "value":"compile_option=", "encoding":"US-ASCII", "flags":{"wb_protected":true, "old":true, "marked":true}}
{"address":"0x7fc96c833370", "type":"STRING", "class":"0x7fc96c801668", "frozen":true, "embedded":true, "fstring":true, "bytesize":14, "value":"compile_option", "encoding":"US-ASCII", "flags":{"wb_protected":true, "old":true, "marked":true}}
{"address":"0x7fc96c833398", "type":"STRING", "class":"0x7fc96c801668", "frozen":true, "embedded":true, "fstring":true, "bytesize":12, "value":"compile_file", "encoding":"US-ASCII", "flags":{"wb_protected":true, "old":true, "marked":true}}
{"address":"0x7fc96c8333c0", "type":"STRING", "class":"0x7fc96c801668", "frozen":true, "embedded":true, "fstring":true, "bytesize":12, "value":"first_lineno", "encoding":"US-ASCII", "flags":{"wb_protected":true, "old":true, "marked":true}}
{"address":"0x7fc96c8333e8", "type":"STRING", "class":"0x7fc96c801668", "frozen":true, "embedded":true, "fstring":true, "bytesize":11, "value":"disassemble", "encoding":"US-ASCII", "flags":{"wb_protected":true, "old":true, "marked":true}}
{"address":"0x7fc96c833410", "type":"STRING", "class":"0x7fc96c801668", "frozen":true, "embedded":true, "fstring":true, "bytesize":6, "value":"disasm", "encoding":"US-ASCII", "flags":{"wb_protected":true, "old":true, "marked":true}}
{"address":"0x7fc96c833438", "type":"STRING", "class":"0x7fc96c801668", "frozen":true, "bytesize":27, "capacity":48, "value":"RubyVM::InstructionSequence", "encoding":"US-ASCII", "memsize":49, "flags":{"wb_protected":true, "old":true, "marked":true}}
{"address":"0x7fc96c833460", "type":"CLASS", "class":"0x7fc96c802e28", "name":"Class", "references":["0x7fc96c833460", "0x7fc96c833460", "0x7fc96c833460", "0x7fc96c833460", "0x7fc96c833460", "0x7fc96c833460", "0x7fc96c833460", "0x7fc96c833460", "0x7fc96c833488", "0x7fc96c802dd8"], "memsize":1000, "flags":{"wb_protected":true, "old":true, "marked":true}}
{"address":"0x7fc96c833488", "type":"CLASS", "class":"0x7fc96c833460", "name":"RubyVM::InstructionSequence", "references":["0x7fc96c833488", "0x7fc96c833488", "0x7fc96c833488", "0x7fc96c833488", "0x7fc96c833488", "0x7fc96c833488", "0x7fc96c833488", "0x7fc96c833488", "0x7fc96c833488", "0x7fc96c833488", "0x7fc96c833438", "0x7fc96c803788"], "memsize":1096, "flags":{"wb_protected":true, "old":true, "marked":true}}
{"address":"0x7fc96c8334b0", "type":"STRING", "class":"0x7fc96c801668", "frozen":true, "embedded":true, "fstring":true, "bytesize":19, "value":"InstructionSequence", "encoding":"US-ASCII", "flags":{"wb_protected":true, "old":true, "marked":true}}
{"address":"0x7fc96c8334d8", "type":"STRING", "class":"0x7fc96c801668", "frozen":true, "embedded":true, "fstring":true, "bytesize":16, "value":"caller_locations", "encoding":"US-ASCII", "flags":{"wb_protected":true, "old":true, "marked":true}}
{"address":"0x7fc96c833500", "type":"STRING", "class":"0x7fc96c801668", "frozen":true, "embedded":true, "fstring":true, "bytesize":6, "value":"caller", "encoding":"US-ASCII", "flags":{"wb_protected":true, "old":true, "marked":true}}
{"address":"0x7fc96c833528", "type":"STRING", "class":"0x7fc96c801668", "frozen":true, "embedded":true, "fstring":true, "bytesize":10, "value":"base_label", "encoding":"US-ASCII", "flags":{"wb_protected":true, "old":true, "marked":true}}
{"address":"0x7fc96c833550", "type":"STRING", "class":"0x7fc96c801668", "frozen":true, "embedded":true, "fstring":true, "bytesize":5, "value":"label", "encoding":"US-ASCII", "flags":{"wb_protected":true, "old":true, "marked":true}}
{"address":"0x7fc96c833578", "type":"STRING", "class":"0x7fc96c801668", "frozen":true, "bytesize":27, "capacity":48, "value":"Thread::Backtrace::Location", "encoding":"US-ASCII", "memsize":49, "flags":{"wb_protected":true, "old":true, "marked":true}}
{"address":"0x7fc96c8335a0", "type":"CLASS", "class":"0x7fc96c802e28", "name":"Class", "references":["0x7fc96c8335a0", "0x7fc96c8335c8", "0x7fc96c802dd8"], "memsize":672, "flags":{"wb_protected":true, "old":true, "marked":true}}
{"address":"0x7fc96c8335c8", "type":"CLASS", "class":"0x7fc96c8335a0", "name":"Thread::Backtrace::Location", "references":["0x7fc96c8335c8", "0x7fc96c8335c8", "0x7fc96c8335c8", "0x7fc96c8335c8", "0x7fc96c8335c8", "0x7fc96c8335c8", "0x7fc96c8335c8", "0x7fc96c833578", "0x7fc96c803788"], "memsize":952, "flags":{"wb_protected":true, "old":true, "marked":true}}
{"address":"0x7fc96c8335f0", "type":"STRING", "class":"0x7fc96c801668", "frozen":true, "embedded":true, "fstring":true, "bytesize":8, "value":"Location", "encoding":"US-ASCII", "flags":{"wb_protected":true, "old":true, "marked":true}}
{"address":"0x7fc96c833618", "type":"STRING", "class":"0x7fc96c801668", "frozen":true, "embedded":true, "bytesize":17, "value":"Thread::Backtrace", "encoding":"US-ASCII", "flags":{"wb_protected":true, "old":true, "marked":true}}
{"address":"0x7fc96c833640", "type":"CLASS", "class":"0x7fc96c802e28", "name":"Class", "references":["0x7fc96c833640", "0x7fc96c833668", "0x7fc96c802dd8"], "memsize":672, "flags":{"wb_protected":true, "old":true, "marked":true}}
{"address":"0x7fc96c833668", "type":"CLASS", "class":"0x7fc96c833640", "name":"Thread::Backtrace", "references":["0x7fc96c833618", "0x7fc96c8335c8", "0x7fc96c833820", "0x7fc96c803788"], "memsize":864, "flags":{"wb_protected":true, "old":true, "marked":true}}
{"address":"0x7fc96c833690", "type":"STRING", "class":"0x7fc96c801668", "frozen":true, "embedded":true, "fstring":true, "bytesize":9, "value":"Backtrace", "encoding":"US-ASCII", "flags":{"wb_protected":true, "old":true, "marked":true}}
{"address":"0x7fc96c8336b8", "type":"STRING", "class":"0x7fc96c801668", "frozen":true, "embedded":true, "fstring":true, "bytesize":16, "value":"TOPLEVEL_BINDING", "encoding":"US-ASCII", "flags":{"wb_protected":true, "old":true, "marked":true}}
{"address":"0x7fc96c8336e0", "type":"DATA", "class":"0x7fc96c83aa58", "struct":"binding", "references":["0x7fc96c8c2408", "0x7fc96c833820"], "memsize":24, "flags":{"remembered":true}}
{"address":"0x7fc96c833708", "type":"DATA", "class":"0x7fc96c839658", "struct":"VM/env", "references":["0x7fc96c833708", "0x7fc96c802400", "0x7fc96c833870"], "memsize":88, "flags":{"remembered":true}}
{"address":"0x7fc96c833730", "type":"STRING", "class":"0x7fc96c801668", "frozen":true, "embedded":true, "fstring":true, "bytesize":6, "value":"locals", "encoding":"US-ASCII", "flags":{"wb_protected":true, "old":true, "marked":true}}
{"address":"0x7fc96c833758", "type":"HASH", "class":"0x7fc96c849918", "size":0, "flags":{"wb_protected":true, "old":true, "marked":true}}
{"address":"0x7fc96c833780", "type":"DATA", "class":"0x7fc96c8395b8", "struct":"VM/thread", "references":["0x7fc96c833758", "0x7fc96c833708", "0x7fc96c8c2408", "0x7fc96c8698a8", "0x7fc96c03f678", "0x7fc96c838910", "0x7fc96c8f2180", "0x7fc96c8698a8", "0x7fc96c838910", "0x7fc96c8f2108", "0x7fc96c821df0", "0x7fc96c821df0", "0x7fc96c821df0", "0x7fc96d04a130", "0x7fc96c8d5d00", "0x7fc96c838910", "0x7fc96c838870", "0x7fc96c8d5d00", "0x7fc96c838870", "0x7fc96c838820", "0x7fc96c838870", "0x7fc96c8d5d00", "0x7fc96c82a838", "0x7fc96c838820", "0x7fc96c8d5d00", "0x7fc96c833b90", "0x7fc96c82a838", "0x7fc96d049b18", "0x7fc96c83a008", "0x7fc96d049a00", "0x7fc96c83a008", "0x7fc96c839fb8", "0x7fc96c839fb8", "0x7fc96c802400", "0x7fc96c8035a8", "0x7fc96d049be0", "0x7fc96c838820", "0x7fc96c8035a8", "0x7fc96c8035d0", "0x7fc96c838820", "0x7fc96d07f7e0", "0x7fc96d07fbf0", "0x7fc96d07f7e0", "0x7fc96d07fbf0", "0x7fc96c838870", "0x7fc96d04c048", "0x7fc96c8f0ab0", "0x7fc96d04c048", "0x7fc96c8f0ab0", "0x7fc96c838910", "0x7fc96c03fda8", "0x7fc96c064e50", "0x7fc96c838910", "0x7fc96c03fda8", "0x7fc96d867a20", "0x7fc96c03fda8", "0x7fc96d867a20", "0x7fc96c838910", "0x7fc96c03fda8", "0x7fc96c064f18", "0x7fc96c821df0", "0x7fc96c88a7d8", "0x7fc96c051058", "0x7fc96c821df0", "0x7fc96c8035a8", "0x7fc96c8035d0", "0x7fc96c821df0", "0x7fc96c88a7d8", "0x7fc96c051148", "0x7fc96c821df0", "0x7fc96c8035a8", "0x7fc96c8035d0", "0x7fc96c821df0", "0x7fc96c88a7d8", "0x7fc96c0512b0", "0x7fc96c88a7d8", "0x7fc96c0512b0", "0x7fc96c838910", "0x7fc96c03fda8", "0x7fc96c065648", "0x7fc96c03fda8", "0x7fc96c065648", "0x7fc96c8698a8", "0x7fc96c869628", "0x7fc96c065d00", "0x7fc96c8698a8", "0x7fc96c8035a8", "0x7fc96c8035d0", "0x7fc96c8698a8", "0x7fc96c869628", "0x7fc96c066048", "0x7fc96c869628", "0x7fc96c066048", "0x7fc96c802400", "0x7fc96c8c2750", "0x7fc96c802400", "0x7fc96c833870", "0x7fc96c832dd0", "0x7fc96c832ba0", "0x7fc96c832b78", "0x7fc96c802400", "0x7fc96d07fd08"], "memsize":1049864, "flags":{"remembered":true}}
{"address":"0x7fc96c8337a8", "type":"DATA", "class":"0x7fc96c839720", "struct":"VM", "references":["0x7fc96c833780", "0x7fc96c832dd0", "0x7fc96c8023b0", "0x7fc96c83b228", "0x7fc96c83b1d8", "0x7fc96c831bb0", "0x7fc96c83b160", "0x7fc96c83b138", "0x7fc96c802400", "0x7fc96c803fa8", "0x7fc96c853238", "0x7fc96c839ef0", "0x7fc96c83ad78", "0x7fc96c832ee8", "0x7fc96c8f2158", "0x7fc96d028198", "0x7fc96c8237e0", "0x7fc96d0749f8"], "memsize":1472, "flags":{"remembered":true}}
{"address":"0x7fc96c8337d0", "type":"OBJECT", "class":"0x7fc96d077a68", "ivars":14, "references":["0x7fc96c022e88", "0x7fc96d055170", "0x7fc96d055300", "0x7fc96d0553a0", "0x7fc96d0489e8", "0x7fc96c831bd8", "0x7fc96d0489e8", "0x7fc96c8c82e0", "0x7fc96d047ed0", "0x7fc96d047e58", "0x7fc96d0480b0"], "memsize":112, "flags":{"wb_protected":true, "old":true, "marked":true}}
{"address":"0x7fc96c833820", "type":"STRING", "class":"0x7fc96c801668", "frozen":true, "embedded":true, "fstring":true, "bytesize":6, "value":"<main>", "flags":{"wb_protected":true, "old":true, "marked":true}}
{"address":"0x7fc96c833848", "type":"NODE", "node_type":"NODE_CREF", "references":["0x7fc96c803788"], "flags":{"wb_protected":true, "old":true, "marked":true}}
{"address":"0x7fc96c833870", "type":"DATA", "struct":"iseq", "references":["0x7fc96c833820", "0x7fc96c833820", "0x7fc96c8c2d90", "0x7fc96c833848"], "memsize":344, "flags":{"wb_protected":true, "old":true, "marked":true}}
{"address":"0x7fc96c8338c0", "type":"STRING", "class":"0x7fc96c801668", "frozen":true, "embedded":true, "fstring":true, "bytesize":14, "value":"DEFAULT_PARAMS", "encoding":"US-ASCII", "flags":{"wb_protected":true, "old":true, "marked":true}}
{"address":"0x7fc96c8338e8", "type":"STRING", "class":"0x7fc96c801668", "frozen":true, "fstring":true, "bytesize":24, "value":"fiber_machine_stack_size", "encoding":"US-ASCII", "memsize":25, "flags":{"wb_protected":true, "old":true, "marked":true}}
{"address":"0x7fc96c833910", "type":"STRING", "class":"0x7fc96c801668", "frozen":true, "embedded":true, "fstring":true, "bytesize":19, "value":"fiber_vm_stack_size", "encoding":"US-ASCII", "flags":{"wb_protected":true, "old":true, "marked":true}}
{"address":"0x7fc96c833938", "type":"STRING", "class":"0x7fc96c801668", "frozen":true, "fstring":true, "bytesize":25, "value":"thread_machine_stack_size", "encoding":"US-ASCII", "memsize":26, "flags":{"wb_protected":true, "old":true, "marked":true}}
{"address":"0x7fc96c833960", "type":"STRING", "class":"0x7fc96c801668", "frozen":true, "embedded":true, "fstring":true, "bytesize":20, "value":"thread_vm_stack_size", "encoding":"US-ASCII", "flags":{"wb_protected":true, "old":true, "marked":true}}
{"address":"0x7fc96c833988", "type":"HASH", "class":"0x7fc96c849918", "frozen":true, "size":4, "memsize":192, "flags":{"wb_protected":true, "old":true, "marked":true}}
{"address":"0x7fc96c8339b0", "type":"STRING", "class":"0x7fc96c801668", "frozen":true, "embedded":true, "fstring":true, "bytesize":17, "value":"INSTRUCTION_NAMES", "encoding":"US-ASCII", "flags":{"wb_protected":true, "old":true, "marked":true}}
{"address":"0x7fc96c8339d8", "type":"STRING", "class":"0x7fc96c801668", "frozen":true, "fstring":true, "bytesize":27, "value":"putobject_OP_INT2FIX_O_1_C_", "memsize":28, "flags":{"wb_protected":true, "old":true, "marked":true}}
{"address":"0x7fc96c833a28", "type":"STRING", "class":"0x7fc96c801668", "frozen":true, "fstring":true, "bytesize":27, "value":"putobject_OP_INT2FIX_O_0_C_", "memsize":28, "flags":{"wb_protected":true, "old":true, "marked":true}}
{"address":"0x7fc96c833a50", "type":"ARRAY", "class":"0x7fc96c84a048", "length":0, "flags":{"wb_protected":true, "old":true, "marked":true}}
{"address":"0x7fc96c833a78", "type":"STRING", "class":"0x7fc96c801668", "frozen":true, "embedded":true, "fstring":true, "bytesize":18, "value":"setlocal_OP__WC__1", "flags":{"wb_protected":true, "old":true, "marked":true}}
{"address":"0x7fc96c833ac8", "type":"STRING", "class":"0x7fc96c801668", "frozen":true, "embedded":true, "fstring":true, "bytesize":18, "value":"setlocal_OP__WC__0", "flags":{"wb_protected":true, "old":true, "marked":true}}
{"address":"0x7fc96c833b18", "type":"STRING", "class":"0x7fc96c801668", "frozen":true, "embedded":true, "fstring":true, "bytesize":18, "value":"getlocal_OP__WC__1", "flags":{"wb_protected":true, "old":true, "marked":true}}
{"address":"0x7fc96c833b40", "type":"STRING", "class":"0x7fc96c801668", "embedded":true, "bytesize":3, "value":"bin", "encoding":"UTF-8", "flags":{"wb_protected":true, "old":true, "marked":true}}
{"address":"0x7fc96c833b68", "type":"STRING", "class":"0x7fc96c801668", "frozen":true, "embedded":true, "fstring":true, "bytesize":18, "value":"getlocal_OP__WC__0", "flags":{"wb_protected":true, "old":true, "marked":true}}
{"address":"0x7fc96c833b90", "type":"DATA", "class":"0x7fc96c83aa58", "struct":"binding", "references":["0x7fc96c82a928", "0x7fc96c8f04e8"], "memsize":24, "flags":{"remembered":true}}
{"address":"0x7fc96c833bb8", "type":"STRING", "class":"0x7fc96c801668", "frozen":true, "embedded":true, "fstring":true, "bytesize":6, "value":"answer", "flags":{"wb_protected":true, "old":true, "marked":true}}
{"address":"0x7fc96c833be0", "type":"DATA", "class":"0x7fc96c839658", "struct":"VM/env", "references":["0x7fc96c833be0", "0x7fc96c802400", "0x7fc96c833e60"], "memsize":88}
{"address":"0x7fc96c833c08", "type":"STRING", "class":"0x7fc96c801668", "frozen":true, "embedded":true, "fstring":true, "bytesize":6, "value":"bitblt", "flags":{"wb_protected":true, "old":true, "marked":true}}
{"address":"0x7fc96c833c58", "type":"STRING", "class":"0x7fc96c801668", "frozen":true, "embedded":true, "fstring":true, "bytesize":19, "value":"opt_call_c_function", "flags":{"wb_protected":true, "old":true, "marked":true}}
{"address":"0x7fc96c833c80", "type":"ARRAY", "class":"0x7fc96c84a048", "length":0, "flags":{"wb_protected":true, "old":true, "marked":true}}
{"address":"0x7fc96c833ca8", "type":"STRING", "class":"0x7fc96c801668", "frozen":true, "embedded":true, "fstring":true, "bytesize":16, "value":"opt_regexpmatch2", "flags":{"wb_protected":true, "old":true, "marked":true}}
{"address":"0x7fc96c833cf8", "type":"STRING", "class":"0x7fc96c801668", "frozen":true, "embedded":true, "fstring":true, "bytesize":16, "value":"opt_regexpmatch1", "flags":{"wb_protected":true, "old":true, "marked":true}}
{"address":"0x7fc96c833d20", "type":"STRING", "class":"0x7fc96c801668", "frozen":true, "embedded":true, "bytesize":17, "value":"test-unit-2.1.0.0", "encoding":"UTF-8", "flags":{"wb_protected":true, "old":true, "marked":true}}
{"address":"0x7fc96c833d48", "type":"STRING", "class":"0x7fc96c801668", "frozen":true, "embedded":true, "fstring":true, "bytesize":7, "value":"opt_not", "flags":{"wb_protected":true, "old":true, "marked":true}}
{"address":"0x7fc96c833d98", "type":"STRING", "class":"0x7fc96c801668", "frozen":true, "embedded":true, "fstring":true, "bytesize":8, "value":"opt_succ", "flags":{"wb_protected":true, "old":true, "marked":true}}
{"address":"0x7fc96c833de8", "type":"STRING", "class":"0x7fc96c801668", "frozen":true, "embedded":true, "fstring":true, "bytesize":11, "value":"opt_empty_p", "flags":{"wb_protected":true, "old":true, "marked":true}}
{"address":"0x7fc96c833e10", "type":"NODE", "node_type":"NODE_CREF", "references":["0x7fc96c803788"], "flags":{"wb_protected":true, "old":true, "marked":true}}
{"address":"0x7fc96c833e38", "type":"STRING", "class":"0x7fc96c801668", "frozen":true, "embedded":true, "fstring":true, "bytesize":8, "value":"opt_size", "flags":{"wb_protected":true, "old":true, "marked":true}}
{"address":"0x7fc96c833e60", "type":"DATA", "class":"0x7fc96c833488", "struct":"iseq", "references":["0x7fc96c838500", "0x7fc96c838500", "0x7fc96c8f04e8", "0x7fc96c8f04e8", "0x7fc96c833e10", "0x7fc96c803788"], "memsize":800, "flags":{"wb_protected":true, "old":true, "marked":true}}
{"address":"0x7fc96c833e88", "type":"STRING", "class":"0x7fc96c801668", "frozen":true, "embedded":true, "fstring":true, "bytesize":10, "value":"opt_length", "flags":{"wb_protected":true, "old":true, "marked":true}}
{"address":"0x7fc96c833ed8", "type":"STRING", "class":"0x7fc96c801668", "frozen":true, "embedded":true, "fstring":true, "bytesize":8, "value":"opt_aset", "flags":{"wb_protected":true, "old":true, "marked":true}}
{"address":"0x7fc96c833f28", "type":"STRING", "class":"0x7fc96c801668", "frozen":true, "embedded":true, "fstring":true, "bytesize":8, "value":"opt_aref", "flags":{"wb_protected":true, "old":true, "marked":true}}
{"address":"0x7fc96c833f78", "type":"STRING", "class":"0x7fc96c801668", "frozen":true, "embedded":true, "fstring":true, "bytesize":8, "value":"opt_ltlt", "flags":{"wb_protected":true, "old":true, "marked":true}}
{"address":"0x7fc96c838028", "type":"STRING", "class":"0x7fc96c801668", "frozen":true, "embedded":true, "fstring":true, "bytesize":6, "value":"opt_ge", "flags":{"wb_protected":true, "old":true, "marked":true}}
{"address":"0x7fc96c838078", "type":"STRING", "class":"0x7fc96c801668", "frozen":true, "embedded":true, "fstring":true, "bytesize":6, "value":"opt_gt", "flags":{"wb_protected":true, "old":true, "marked":true}}
{"address":"0x7fc96c8380c8", "type":"STRING", "class":"0x7fc96c801668", "frozen":true, "embedded":true, "fstring":true, "bytesize":6, "value":"opt_le", "flags":{"wb_protected":true, "old":true, "marked":true}}
{"address":"0x7fc96c8380f0", "type":"STRING", "class":"0x7fc96c801668", "frozen":true, "fstring":true, "bytesize":28, "value":"/usr/local/Cellar/ruby/2.1.1", "encoding":"UTF-8", "memsize":29, "flags":{"wb_protected":true, "old":true, "marked":true}}
{"address":"0x7fc96c838118", "type":"STRING", "class":"0x7fc96c801668", "frozen":true, "embedded":true, "fstring":true, "bytesize":6, "value":"opt_lt", "flags":{"wb_protected":true, "old":true, "marked":true}}
{"address":"0x7fc96c838168", "type":"STRING", "class":"0x7fc96c801668", "frozen":true, "embedded":true, "fstring":true, "bytesize":7, "value":"opt_neq", "flags":{"wb_protected":true, "old":true, "marked":true}}
{"address":"0x7fc96c8381b8", "type":"STRING", "class":"0x7fc96c801668", "frozen":true, "embedded":true, "fstring":true, "bytesize":6, "value":"opt_eq", "flags":{"wb_protected":true, "old":true, "marked":true}}
{"address":"0x7fc96c838208", "type":"STRING", "class":"0x7fc96c801668", "frozen":true, "embedded":true, "fstring":true, "bytesize":7, "value":"opt_mod", "flags":{"wb_protected":true, "old":true, "marked":true}}
{"address":"0x7fc96c838230", "type":"STRING", "class":"0x7fc96c801668", "frozen":true, "embedded":true, "fstring":true, "bytesize":4, "value":"ruby", "encoding":"UTF-8", "flags":{"wb_protected":true, "old":true, "marked":true}}
{"address":"0x7fc96c838258", "type":"STRING", "class":"0x7fc96c801668", "frozen":true, "embedded":true, "fstring":true, "bytesize":7, "value":"opt_div", "flags":{"wb_protected":true, "old":true, "marked":true}}
{"address":"0x7fc96c838280", "type":"STRING", "class":"0x7fc96c801668", "frozen":true, "bytesize":97, "value":"/usr/local/Cellar/ruby/2.1.1/lib/ruby/gems/2.1.0/specifications/default/test-unit-2.1.0.0.gemspec", "encoding":"UTF-8", "memsize":98, "flags":{"wb_protected":true, "old":true, "marked":true}}
{"address":"0x7fc96c8382a8", "type":"STRING", "class":"0x7fc96c801668", "frozen":true, "embedded":true, "fstring":true, "bytesize":8, "value":"opt_mult", "flags":{"wb_protected":true, "old":true, "marked":true}}
{"address":"0x7fc96c8382d0", "type":"OBJECT", "class":"0x7fc96d074e30", "ivars":50, "references":["0x7fc96c822048", "0x7fc96c8aba00", "0x7fc96c8abaf0", "0x7fc96c8abb68", "0x7fc96c828b00", "0x7fc96c8290a0", "0x7fc96c828f88", "0x7fc96c828f60", "0x7fc96c82a0b8", "0x7fc96c828b78", "0x7fc96c82a018", "0x7fc96c829528", "0x7fc96c833b40", "0x7fc96c833a50", "0x7fc96c829140", "0x7fc96c831c50", "0x7fc96c8319a8", "0x7fc96c831c00", "0x7fc96c833c80", "0x7fc96c82aab8", "0x7fc96c828e98", "0x7fc96c82a978", "0x7fc96c82a8d8", "0x7fc96c82a860", "0x7fc96c8296b8", "0x7fc96c82a770", "0x7fc96c829be0", "0x7fc96c82a450", "0x7fc96c828e48", "0x7fc96c82a1a8", "0x7fc96c8c82e0", "0x7fc96c8abaa0"], "memsize":400, "flags":{"wb_protected":true, "old":true, "marked":true}}
{"address":"0x7fc96c8382f8", "type":"STRING", "class":"0x7fc96c801668", "frozen":true, "embedded":true, "fstring":true, "bytesize":9, "value":"opt_minus", "flags":{"wb_protected":true, "old":true, "marked":true}}
{"address":"0x7fc96c838320", "type":"ARRAY", "class":"0x7fc96c84a048", "length":0, "flags":{"wb_protected":true, "old":true, "marked":true}}
{"address":"0x7fc96c838348", "type":"STRING", "class":"0x7fc96c801668", "frozen":true, "embedded":true, "fstring":true, "bytesize":8, "value":"opt_plus", "flags":{"wb_protected":true, "old":true, "marked":true}}
{"address":"0x7fc96c838398", "type":"STRING", "class":"0x7fc96c801668", "frozen":true, "embedded":true, "fstring":true, "bytesize":17, "value":"opt_case_dispatch", "flags":{"wb_protected":true, "old":true, "marked":true}}
{"address":"0x7fc96c8383e8", "type":"STRING", "class":"0x7fc96c801668", "frozen":true, "embedded":true, "fstring":true, "bytesize":4, "value":"once", "flags":{"wb_protected":true, "old":true, "marked":true}}
{"address":"0x7fc96c838438", "type":"STRING", "class":"0x7fc96c801668", "frozen":true, "embedded":true, "fstring":true, "bytesize":14, "value":"setinlinecache", "flags":{"wb_protected":true, "old":true, "marked":true}}
{"address":"0x7fc96c838488", "type":"STRING", "class":"0x7fc96c801668", "frozen":true, "embedded":true, "fstring":true, "bytesize":14, "value":"getinlinecache", "flags":{"wb_protected":true, "old":true, "marked":true}}
{"address":"0x7fc96c8384d8", "type":"STRING", "class":"0x7fc96c801668", "frozen":true, "embedded":true, "fstring":true, "bytesize":12, "value":"branchunless", "flags":{"wb_protected":true, "old":true, "marked":true}}
{"address":"0x7fc96c838500", "type":"STRING", "class":"0x7fc96c801668", "frozen":true, "embedded":true, "fstring":true, "bytesize":11, "value":"irb_binding", "encoding":"US-ASCII", "flags":{"wb_protected":true, "old":true, "marked":true}}
{"address":"0x7fc96c838528", "type":"STRING", "class":"0x7fc96c801668", "frozen":true, "embedded":true, "fstring":true, "bytesize":8, "value":"branchif", "flags":{"wb_protected":true, "old":true, "marked":true}}
{"address":"0x7fc96c838550", "type":"OBJECT", "class":"0x7fc96d077a68", "ivars":14, "references":["0x7fc96c022ed8", "0x7fc96d054478", "0x7fc96d054590", "0x7fc96d054630", "0x7fc96d04c430", "0x7fc96c838320", "0x7fc96d04c430", "0x7fc96c8c82e0", "0x7fc96d04ae28", "0x7fc96d04ad88", "0x7fc96d04b468"], "memsize":112, "flags":{"wb_protected":true, "old":true, "marked":true}}
{"address":"0x7fc96c838578", "type":"STRING", "class":"0x7fc96c801668", "frozen":true, "embedded":true, "fstring":true, "bytesize":4, "value":"jump", "flags":{"wb_protected":true, "old":true, "marked":true}}
{"address":"0x7fc96c8385c8", "type":"STRING", "class":"0x7fc96c801668", "frozen":true, "embedded":true, "fstring":true, "bytesize":5, "value":"throw", "flags":{"wb_protected":true, "old":true, "marked":true}}
{"address":"0x7fc96c838618", "type":"STRING", "class":"0x7fc96c801668", "frozen":true, "embedded":true, "fstring":true, "bytesize":5, "value":"leave", "flags":{"wb_protected":true, "old":true, "marked":true}}
{"address":"0x7fc96c838668", "type":"STRING", "class":"0x7fc96c801668", "frozen":true, "embedded":true, "fstring":true, "bytesize":11, "value":"invokeblock", "flags":{"wb_protected":true, "old":true, "marked":true}}
{"address":"0x7fc96c838690", "type":"STRING", "class":"0x7fc96c801668", "frozen":true, "embedded":true, "fstring":true, "bytesize":5, "value":"TEENY", "encoding":"UTF-8", "flags":{"wb_protected":true, "old":true, "marked":true}}
{"address":"0x7fc96c8386b8", "type":"STRING", "class":"0x7fc96c801668", "frozen":true, "embedded":true, "fstring":true, "bytesize":11, "value":"invokesuper", "flags":{"wb_protected":true, "old":true, "marked":true}}
{"address":"0x7fc96c8386e0", "type":"STRING", "class":"0x7fc96c801668", "frozen":true, "embedded":true, "fstring":true, "bytesize":12, "value":"RUBY_SO_NAME", "encoding":"UTF-8", "flags":{"wb_protected":true, "old":true, "marked":true}}
{"address":"0x7fc96c838708", "type":"STRING", "class":"0x7fc96c801668", "frozen":true, "embedded":true, "fstring":true, "bytesize":15, "value":"opt_send_simple", "flags":{"wb_protected":true, "old":true, "marked":true}}
{"address":"0x7fc96c838758", "type":"STRING", "class":"0x7fc96c801668", "frozen":true, "embedded":true, "fstring":true, "bytesize":14, "value":"opt_str_freeze", "flags":{"wb_protected":true, "old":true, "marked":true}}
{"address":"0x7fc96c8387a8", "type":"STRING", "class":"0x7fc96c801668", "frozen":true, "embedded":true, "fstring":true, "bytesize":4, "value":"send", "flags":{"wb_protected":true, "old":true, "marked":true}}
{"address":"0x7fc96c8387d0", "type":"STRING", "class":"0x7fc96c801668", "frozen":true, "fstring":true, "bytesize":34, "value":"https://github.com/intridea/hashie", "encoding":"UTF-8", "memsize":35, "flags":{"wb_protected":true, "old":true, "marked":true}}
{"address":"0x7fc96c8387f8", "type":"STRING", "class":"0x7fc96c801668", "frozen":true, "embedded":true, "fstring":true, "bytesize":11, "value":"defineclass", "flags":{"wb_protected":true, "old":true, "marked":true}}
{"address":"0x7fc96c838820", "type":"OBJECT", "class":"0x7fc96d07f7e0", "ivars":3, "references":["0x7fc96c833b90", "0x7fc96c802400"], "flags":{"wb_protected":true, "old":true, "marked":true}}
{"address":"0x7fc96c838848", "type":"STRING", "class":"0x7fc96c801668", "frozen":true, "embedded":true, "fstring":true, "bytesize":5, "value":"trace", "flags":{"wb_protected":true, "old":true, "marked":true}}
{"address":"0x7fc96c838870", "type":"OBJECT", "class":"0x7fc96d04c048", "ivars":28, "references":["0x7fc96c838910", "0x7fc96c838820", "0x7fc96c833780", "0x7fc96c03f308", "0x7fc96c03f218", "0x7fc96c82a810", "0x7fc96d04ce80", "0x7fc96c839220", "0x7fc96c8391d0", "0x7fc96c839180", "0x7fc96c839130", "0x7fc96c8390e0", "0x7fc96c03f2e0", "0x7fc96c82a838", "0x7fc96c82a388"], "memsize":224, "flags":{"wb_protected":true, "old":true, "marked":true}}
{"address":"0x7fc96c838898", "type":"STRING", "class":"0x7fc96c801668", "frozen":true, "embedded":true, "fstring":true, "bytesize":10, "value":"checkmatch", "flags":{"wb_protected":true, "old":true, "marked":true}}
{"address":"0x7fc96c8388c0", "type":"STRING", "class":"0x7fc96c801668", "frozen":true, "embedded":true, "bytesize":10, "value":"rdoc-4.1.0", "encoding":"UTF-8", "flags":{"wb_protected":true, "old":true, "marked":true}}
{"address":"0x7fc96c8388e8", "type":"STRING", "class":"0x7fc96c801668", "frozen":true, "embedded":true, "fstring":true, "bytesize":7, "value":"defined", "flags":{"wb_protected":true, "old":true, "marked":true}}
{"address":"0x7fc96c838910", "type":"OBJECT", "class":"0x7fc96c03fda8", "ivars":3, "references":["0x7fc96c838870", "0x7fc96c821df0"], "flags":{"wb_protected":true, "old":true, "marked":true}}
{"address":"0x7fc96c838938", "type":"STRING", "class":"0x7fc96c801668", "frozen":true, "embedded":true, "fstring":true, "bytesize":11, "value":"adjuststack", "flags":{"wb_protected":true, "old":true, "marked":true}}
{"address":"0x7fc96c838960", "type":"STRING", "class":"0x7fc96c801668", "frozen":true, "embedded":true, "fstring":true, "bytesize":7, "value":"windows", "encoding":"US-ASCII", "flags":{"wb_protected":true, "old":true, "marked":true}}
{"address":"0x7fc96c838988", "type":"STRING", "class":"0x7fc96c801668", "frozen":true, "embedded":true, "fstring":true, "bytesize":4, "value":"setn", "flags":{"wb_protected":true, "old":true, "marked":true}}
{"address":"0x7fc96c8389b0", "type":"STRING", "class":"0x7fc96c801668", "frozen":true, "fstring":true, "bytesize":134, "value":"Hashie is a small collection of tools that make hashes more powerful. Currently includes Mash (Mocking Hash) and Dash (Discrete Hash).", "encoding":"UTF-8", "memsize":135, "flags":{"wb_protected":true, "old":true, "marked":true}}
{"address":"0x7fc96c8389d8", "type":"STRING", "class":"0x7fc96c801668", "frozen":true, "embedded":true, "fstring":true, "bytesize":4, "value":"topn", "flags":{"wb_protected":true, "old":true, "marked":true}}
{"address":"0x7fc96c838a00", "type":"STRING", "class":"0x7fc96c801668", "frozen":true, "embedded":true, "fstring":true, "bytesize":5, "value":"MINOR", "encoding":"UTF-8", "flags":{"wb_protected":true, "old":true, "marked":true}}
{"address":"0x7fc96c838a28", "type":"STRING", "class":"0x7fc96c801668", "frozen":true, "embedded":true, "fstring":true, "bytesize":5, "value":"reput", "flags":{"wb_protected":true, "old":true, "marked":true}}
{"address":"0x7fc96c838a50", "type":"STRING", "class":"0x7fc96c801668", "frozen":true, "embedded":true, "fstring":true, "bytesize":9, "value":"find_home", "encoding":"US-ASCII", "flags":{"wb_protected":true, "old":true, "marked":true}}
{"address":"0x7fc96c838a78", "type":"STRING", "class":"0x7fc96c801668", "frozen":true, "embedded":true, "fstring":true, "bytesize":4, "value":"swap", "flags":{"wb_protected":true, "old":true, "marked":true}}
{"address":"0x7fc96c838ac8", "type":"STRING", "class":"0x7fc96c801668", "frozen":true, "embedded":true, "fstring":true, "bytesize":4, "value":"dupn", "flags":{"wb_protected":true, "old":true, "marked":true}}
{"address":"0x7fc96c838b18", "type":"STRING", "class":"0x7fc96c801668", "frozen":true, "embedded":true, "fstring":true, "bytesize":3, "value":"dup", "flags":{"wb_protected":true, "old":true, "marked":true}}
{"address":"0x7fc96c838b40", "type":"STRING", "class":"0x7fc96c801668", "frozen":true, "embedded":true, "fstring":true, "bytesize":5, "value":"MAJOR", "encoding":"UTF-8", "flags":{"wb_protected":true, "old":true, "marked":true}}
{"address":"0x7fc96c838b68", "type":"STRING", "class":"0x7fc96c801668", "frozen":true, "embedded":true, "fstring":true, "bytesize":3, "value":"pop", "flags":{"wb_protected":true, "old":true, "marked":true}}
{"address":"0x7fc96c838bb8", "type":"STRING", "class":"0x7fc96c801668", "frozen":true, "embedded":true, "fstring":true, "bytesize":8, "value":"newrange", "flags":{"wb_protected":true, "old":true, "marked":true}}
{"address":"0x7fc96c838c08", "type":"STRING", "class":"0x7fc96c801668", "frozen":true, "embedded":true, "fstring":true, "bytesize":7, "value":"newhash", "flags":{"wb_protected":true, "old":true, "marked":true}}
{"address":"0x7fc96c838c58", "type":"STRING", "class":"0x7fc96c801668", "frozen":true, "embedded":true, "fstring":true, "bytesize":10, "value":"splatarray", "flags":{"wb_protected":true, "old":true, "marked":true}}
{"address":"0x7fc96c838ca8", "type":"STRING", "class":"0x7fc96c801668", "frozen":true, "embedded":true, "fstring":true, "bytesize":11, "value":"concatarray", "flags":{"wb_protected":true, "old":true, "marked":true}}
{"address":"0x7fc96c838cf8", "type":"STRING", "class":"0x7fc96c801668", "frozen":true, "embedded":true, "fstring":true, "bytesize":11, "value":"expandarray", "flags":{"wb_protected":true, "old":true, "marked":true}}
{"address":"0x7fc96c838d48", "type":"STRING", "class":"0x7fc96c801668", "frozen":true, "embedded":true, "fstring":true, "bytesize":8, "value":"duparray", "flags":{"wb_protected":true, "old":true, "marked":true}}
{"address":"0x7fc96c838d98", "type":"STRING", "class":"0x7fc96c801668", "frozen":true, "embedded":true, "fstring":true, "bytesize":8, "value":"newarray", "flags":{"wb_protected":true, "old":true, "marked":true}}
{"address":"0x7fc96c838de8", "type":"STRING", "class":"0x7fc96c801668", "frozen":true, "embedded":true, "fstring":true, "bytesize":8, "value":"toregexp", "flags":{"wb_protected":true, "old":true, "marked":true}}
{"address":"0x7fc96c838e38", "type":"STRING", "class":"0x7fc96c801668", "frozen":true, "embedded":true, "fstring":true, "bytesize":8, "value":"tostring", "flags":{"wb_protected":true, "old":true, "marked":true}}
{"address":"0x7fc96c838e88", "type":"STRING", "class":"0x7fc96c801668", "frozen":true, "embedded":true, "fstring":true, "bytesize":13, "value":"concatstrings", "flags":{"wb_protected":true, "old":true, "marked":true}}
{"address":"0x7fc96c838ed8", "type":"STRING", "class":"0x7fc96c801668", "frozen":true, "embedded":true, "fstring":true, "bytesize":9, "value":"putstring", "flags":{"wb_protected":true, "old":true, "marked":true}}
{"address":"0x7fc96c838f00", "type":"STRING", "class":"0x7fc96c801668", "embedded":true, "bytesize":21, "value":"/Users/antoine/.irbrc", "encoding":"UTF-8", "flags":{"wb_protected":true, "old":true, "marked":true}}
{"address":"0x7fc96c838f28", "type":"STRING", "class":"0x7fc96c801668", "frozen":true, "embedded":true, "fstring":true, "bytesize":7, "value":"putiseq", "flags":{"wb_protected":true, "old":true, "marked":true}}
{"address":"0x7fc96c838f50", "type":"NODE", "node_type":"NODE_CREF", "references":["0x7fc96c803788"], "flags":{"wb_protected":true, "old":true, "marked":true}}
{"address":"0x7fc96c838f78", "type":"STRING", "class":"0x7fc96c801668", "frozen":true, "embedded":true, "fstring":true, "bytesize":16, "value":"putspecialobject", "flags":{"wb_protected":true, "old":true, "marked":true}}
{"address":"0x7fc96c838fa0", "type":"STRING", "class":"0x7fc96c801668", "frozen":true, "embedded":true, "bytesize":14, "value":"/Users/antoine", "encoding":"UTF-8", "flags":{"wb_protected":true, "old":true, "marked":true}}
{"address":"0x7fc96c838fc8", "type":"STRING", "class":"0x7fc96c801668", "frozen":true, "embedded":true, "fstring":true, "bytesize":9, "value":"putobject", "flags":{"wb_protected":true, "old":true, "marked":true}}
{"address":"0x7fc96c839018", "type":"STRING", "class":"0x7fc96c801668", "frozen":true, "embedded":true, "fstring":true, "bytesize":7, "value":"putself", "flags":{"wb_protected":true, "old":true, "marked":true}}
{"address":"0x7fc96c839068", "type":"STRING", "class":"0x7fc96c801668", "frozen":true, "embedded":true, "fstring":true, "bytesize":6, "value":"putnil", "flags":{"wb_protected":true, "old":true, "marked":true}}
{"address":"0x7fc96c839090", "type":"HASH", "class":"0x7fc96c849918", "size":6, "references":["0x7fc96c839220", "0x7fc96c8391d0", "0x7fc96c839180", "0x7fc96c839130", "0x7fc96c8390e0"], "memsize":192, "flags":{"wb_protected":true, "old":true, "marked":true}}
{"address":"0x7fc96c8390b8", "type":"STRING", "class":"0x7fc96c801668", "frozen":true, "embedded":true, "fstring":true, "bytesize":9, "value":"setglobal", "flags":{"wb_protected":true, "old":true, "marked":true}}
{"address":"0x7fc96c8390e0", "type":"STRING", "class":"0x7fc96c801668", "embedded":true, "bytesize":8, "value":" => %s \n", "encoding":"UTF-8", "flags":{"wb_protected":true, "old":true, "marked":true}}
{"address":"0x7fc96c839108", "type":"STRING", "class":"0x7fc96c801668", "frozen":true, "embedded":true, "fstring":true, "bytesize":9, "value":"getglobal", "flags":{"wb_protected":true, "old":true, "marked":true}}
{"address":"0x7fc96c839130", "type":"STRING", "class":"0x7fc96c801668", "embedded":true, "bytesize":19, "value":"2.0.0-p247 :%03n?> ", "encoding":"UTF-8", "flags":{"wb_protected":true, "old":true, "marked":true}}
{"address":"0x7fc96c839158", "type":"STRING", "class":"0x7fc96c801668", "frozen":true, "embedded":true, "fstring":true, "bytesize":11, "value":"setconstant", "flags":{"wb_protected":true, "old":true, "marked":true}}
{"address":"0x7fc96c839180", "type":"STRING", "class":"0x7fc96c801668", "embedded":true, "bytesize":19, "value":"2.0.0-p247 :%03n > ", "encoding":"UTF-8", "flags":{"wb_protected":true, "old":true, "marked":true}}
{"address":"0x7fc96c8391a8", "type":"STRING", "class":"0x7fc96c801668", "frozen":true, "embedded":true, "fstring":true, "bytesize":11, "value":"getconstant", "flags":{"wb_protected":true, "old":true, "marked":true}}
{"address":"0x7fc96c8391d0", "type":"STRING", "class":"0x7fc96c801668", "embedded":true, "bytesize":20, "value":"2.0.0-p247 :%03n%l> ", "encoding":"UTF-8", "flags":{"wb_protected":true, "old":true, "marked":true}}
{"address":"0x7fc96c8391f8", "type":"STRING", "class":"0x7fc96c801668", "frozen":true, "embedded":true, "fstring":true, "bytesize":16, "value":"setclassvariable", "flags":{"wb_protected":true, "old":true, "marked":true}}
{"address":"0x7fc96c839220", "type":"STRING", "class":"0x7fc96c801668", "embedded":true, "bytesize":19, "value":"2.0.0-p247 :%03n > ", "encoding":"UTF-8", "flags":{"wb_protected":true, "old":true, "marked":true}}
{"address":"0x7fc96c839248", "type":"STRING", "class":"0x7fc96c801668", "frozen":true, "embedded":true, "fstring":true, "bytesize":16, "value":"getclassvariable", "flags":{"wb_protected":true, "old":true, "marked":true}}
{"address":"0x7fc96c839270", "type":"STRING", "class":"0x7fc96c801668", "embedded":true, "bytesize":10, "value":"2.0.0-p247", "encoding":"UTF-8", "flags":{"wb_protected":true, "old":true, "marked":true}}
{"address":"0x7fc96c839298", "type":"STRING", "class":"0x7fc96c801668", "frozen":true, "embedded":true, "fstring":true, "bytesize":19, "value":"setinstancevariable", "flags":{"wb_protected":true, "old":true, "marked":true}}
{"address":"0x7fc96c8392c0", "type":"STRING", "class":"0x7fc96c801668", "frozen":true, "embedded":true, "bytesize":15, "value":"ruby-2.0.0-p247", "encoding":"UTF-8", "flags":{"wb_protected":true, "old":true, "marked":true}}
{"address":"0x7fc96c8392e8", "type":"STRING", "class":"0x7fc96c801668", "frozen":true, "embedded":true, "fstring":true, "bytesize":19, "value":"getinstancevariable", "flags":{"wb_protected":true, "old":true, "marked":true}}
{"address":"0x7fc96c839310", "type":"MATCH", "class":"0x7fc96c848f18", "references":["0x7fc96d037648", "0x7fc96c8392c0"], "memsize":240}
{"address":"0x7fc96c839338", "type":"STRING", "class":"0x7fc96c801668", "frozen":true, "embedded":true, "fstring":true, "bytesize":10, "value":"setspecial", "flags":{"wb_protected":true, "old":true, "marked":true}}
{"address":"0x7fc96c839360", "type":"STRING", "class":"0x7fc96c801668", "frozen":true, "bytesize":90, "value":"/usr/local/Cellar/ruby/2.1.1/lib/ruby/gems/2.1.0/specifications/default/rdoc-4.1.0.gemspec", "encoding":"UTF-8", "memsize":91, "flags":{"wb_protected":true, "old":true, "marked":true}}
{"address":"0x7fc96c839388", "type":"STRING", "class":"0x7fc96c801668", "frozen":true, "embedded":true, "fstring":true, "bytesize":10, "value":"getspecial", "flags":{"wb_protected":true, "old":true, "marked":true}}
{"address":"0x7fc96c8393d8", "type":"STRING", "class":"0x7fc96c801668", "frozen":true, "embedded":true, "fstring":true, "bytesize":8, "value":"setlocal", "flags":{"wb_protected":true, "old":true, "marked":true}}
{"address":"0x7fc96c839428", "type":"STRING", "class":"0x7fc96c801668", "frozen":true, "embedded":true, "fstring":true, "bytesize":8, "value":"getlocal", "flags":{"wb_protected":true, "old":true, "marked":true}}
{"address":"0x7fc96c839478", "type":"STRING", "class":"0x7fc96c801668", "frozen":true, "embedded":true, "fstring":true, "bytesize":3, "value":"nop", "flags":{"wb_protected":true, "old":true, "marked":true}}
{"address":"0x7fc96c8394c8", "type":"ARRAY", "class":"0x7fc96c84a048", "frozen":true, "length":85, "references":["0x7fc96c839478", "0x7fc96c839428", "0x7fc96c8393d8", "0x7fc96c839388", "0x7fc96c839338", "0x7fc96c8392e8", "0x7fc96c839298", "0x7fc96c839248", "0x7fc96c8391f8", "0x7fc96c8391a8", "0x7fc96c839158", "0x7fc96c839108", "0x7fc96c8390b8", "0x7fc96c839068", "0x7fc96c839018", "0x7fc96c838fc8", "0x7fc96c838f78", "0x7fc96c838f28", "0x7fc96c838ed8", "0x7fc96c838e88", "0x7fc96c838e38", "0x7fc96c838de8", "0x7fc96c838d98", "0x7fc96c838d48", "0x7fc96c838cf8", "0x7fc96c838ca8", "0x7fc96c838c58", "0x7fc96c838c08", "0x7fc96c838bb8", "0x7fc96c838b68", "0x7fc96c838b18", "0x7fc96c838ac8", "0x7fc96c838a78", "0x7fc96c838a28", "0x7fc96c8389d8", "0x7fc96c838988", "0x7fc96c838938", "0x7fc96c8388e8", "0x7fc96c838898", "0x7fc96c838848", "0x7fc96c8387f8", "0x7fc96c8387a8", "0x7fc96c838758", "0x7fc96c838708", "0x7fc96c8386b8", "0x7fc96c838668", "0x7fc96c838618", "0x7fc96c8385c8", "0x7fc96c838578", "0x7fc96c838528", "0x7fc96c8384d8", "0x7fc96c838488", "0x7fc96c838438", "0x7fc96c8383e8", "0x7fc96c838398", "0x7fc96c838348", "0x7fc96c8382f8", "0x7fc96c8382a8", "0x7fc96c838258", "0x7fc96c838208", "0x7fc96c8381b8", "0x7fc96c838168", "0x7fc96c838118", "0x7fc96c8380c8", "0x7fc96c838078", "0x7fc96c838028", "0x7fc96c833f78", "0x7fc96c833f28", "0x7fc96c833ed8", "0x7fc96c833e88", "0x7fc96c833e38", "0x7fc96c833de8", "0x7fc96c833d98", "0x7fc96c833d48", "0x7fc96c833cf8", "0x7fc96c833ca8", "0x7fc96c833c58", "0x7fc96c833c08", "0x7fc96c833bb8", "0x7fc96c833b68", "0x7fc96c833b18", "0x7fc96c833ac8", "0x7fc96c833a78", "0x7fc96c833a28", "0x7fc96c8339d8"], "memsize":680, "flags":{"wb_protected":true, "old":true, "marked":true}}
{"address":"0x7fc96c8394f0", "type":"STRING", "class":"0x7fc96c801668", "embedded":true, "bytesize":19, "value":"inline method cache", "flags":{"wb_protected":true, "old":true, "marked":true}}
{"address":"0x7fc96c839518", "type":"STRING", "class":"0x7fc96c801668", "embedded":true, "bytesize":21, "value":"operands unification]", "flags":{"wb_protected":true, "old":true, "marked":true}}
{"address":"0x7fc96c839540", "type":"STRING", "class":"0x7fc96c801668", "embedded":true, "bytesize":20, "value":"direct threaded code", "flags":{"wb_protected":true, "old":true, "marked":true}}
{"address":"0x7fc96c839568", "type":"ARRAY", "class":"0x7fc96c84a048", "length":3, "embedded":true, "references":["0x7fc96c839540", "0x7fc96c839518", "0x7fc96c8394f0"], "flags":{"wb_protected":true, "old":true, "marked":true}}
{"address":"0x7fc96c839590", "type":"CLASS", "class":"0x7fc96c829a78", "name":"Class", "references":["0x7fc96c839590", "0x7fc96c839590", "0x7fc96c839590", "0x7fc96c839590", "0x7fc96c839590", "0x7fc96c839590", "0x7fc96c839590", "0x7fc96c839590", "0x7fc96c839590", "0x7fc96c839590", "0x7fc96c839590", "0x7fc96c839590", "0x7fc96c839590", "0x7fc96c839590", "0x7fc96c839590", "0x7fc96c829d20", "0x7fc96c8395b8", "0x7fc96c802dd8"], "memsize":1336, "flags":{"wb_protected":true, "old":true, "marked":true}}
{"address":"0x7fc96c8395b8", "type":"CLASS", "class":"0x7fc96c839590", "name":"Thread", "references":["0x7fc96c8395b8", "0x7fc96c8395b8", "0x7fc96c8395b8", "0x7fc96c8395b8", "0x7fc96c8395b8", "0x7fc96c8395b8", "0x7fc96c8395b8", "0x7fc96c8395b8", "0x7fc96c8395b8", "0x7fc96c8395b8", "0x7fc96c8395b8", "0x7fc96c8395b8", "0x7fc96c8395b8", "0x7fc96c8395b8", "0x7fc96c8395b8", "0x7fc96c8395b8", "0x7fc96c8395b8", "0x7fc96c8395b8", "0x7fc96c8395b8", "0x7fc96c8395b8", "0x7fc96c8395b8", "0x7fc96c8395b8", "0x7fc96c8395b8", "0x7fc96c8395b8", "0x7fc96c8395b8", "0x7fc96c8395b8", "0x7fc96c8395b8", "0x7fc96c8395b8", "0x7fc96c8395b8", "0x7fc96c8395b8", "0x7fc96c8395b8", "0x7fc96c8395b8", "0x7fc96c8395e0", "0x7fc96c833668", "0x7fc96c833820", "0x7fc96c829aa0", "0x7fc96c829e88", "0x7fc96c8c4cf8", "0x7fc96c8c4ed8", "0x7fc96c8c4bb8", "0x7fc96c8c4ed8", "0x7fc96c8c4a78", "0x7fc96c8c4ed8", "0x7fc96c803788"], "memsize":2344, "flags":{"wb_protected":true, "old":true, "marked":true}}
{"address":"0x7fc96c8395e0", "type":"STRING", "class":"0x7fc96c801668", "frozen":true, "embedded":true, "fstring":true, "bytesize":6, "value":"Thread", "encoding":"US-ASCII", "flags":{"wb_protected":true, "old":true, "marked":true}}
{"address":"0x7fc96c839608", "type":"STRING", "class":"0x7fc96c801668", "frozen":true, "embedded":true, "bytesize":11, "value":"RubyVM::Env", "encoding":"US-ASCII", "flags":{"wb_protected":true, "old":true, "marked":true}}
{"address":"0x7fc96c839630", "type":"CLASS", "class":"0x7fc96c802e28", "name":"Class", "references":["0x7fc96c839630", "0x7fc96c839658", "0x7fc96c802dd8"], "memsize":672, "flags":{"wb_protected":true, "old":true, "marked":true}}
{"address":"0x7fc96c839658", "type":"CLASS", "class":"0x7fc96c839630", "name":"RubyVM::Env", "references":["0x7fc96c839608", "0x7fc96c803788"], "memsize":672, "flags":{"wb_protected":true, "old":true, "marked":true}}
{"address":"0x7fc96c839680", "type":"STRING", "class":"0x7fc96c801668", "frozen":true, "embedded":true, "fstring":true, "bytesize":3, "value":"Env", "encoding":"US-ASCII", "flags":{"wb_protected":true, "old":true, "marked":true}}
{"address":"0x7fc96c8396a8", "type":"CLASS", "frozen":true, "references":["0x7fc96c8396a8", "0x7fc96c8396a8", "0x7fc96c8396a8", "0x7fc96c8396a8", "0x7fc96c8396a8", "0x7fc96c8396a8", "0x7fc96c8396a8", "0x7fc96c8396a8", "0x7fc96c8396a8", "0x7fc96c8396a8", "0x7fc96c8396a8", "0x7fc96c8396a8", "0x7fc96c8396d0"], "memsize":1192, "flags":{"wb_protected":true, "old":true, "marked":true}}
{"address":"0x7fc96c8396d0", "type":"ICLASS", "class":"0x7fc96c8396a8", "frozen":true, "references":["0x7fc96c8037d8"], "flags":{"remembered":true}}
{"address":"0x7fc96c8396f8", "type":"CLASS", "class":"0x7fc96c802e28", "name":"Class", "references":["0x7fc96c8396f8", "0x7fc96c8396f8", "0x7fc96c839720", "0x7fc96c802dd8"], "memsize":672, "flags":{"wb_protected":true, "old":true, "marked":true}}
{"address":"0x7fc96c839720", "type":"CLASS", "class":"0x7fc96c8396f8", "name":"RubyVM", "references":["0x7fc96c839748", "0x7fc96c839658", "0x7fc96c839568", "0x7fc96c8394c8", "0x7fc96c833988", "0x7fc96c833488", "0x7fc96c833820", "0x7fc96c803788"], "memsize":864, "flags":{"wb_protected":true, "old":true, "marked":true}}
{"address":"0x7fc96c839748", "type":"STRING", "class":"0x7fc96c801668", "frozen":true, "embedded":true, "fstring":true, "bytesize":6, "value":"RubyVM", "encoding":"US-ASCII", "flags":{"wb_protected":true, "old":true, "marked":true}}
{"address":"0x7fc96c839798", "type":"STRING", "class":"0x7fc96c801668", "frozen":true, "embedded":true, "bytesize":13, "value":"enumerator.so", "encoding":"US-ASCII", "flags":{"wb_protected":true, "old":true, "marked":true}}
{"address":"0x7fc96c8397c0", "type":"STRING", "class":"0x7fc96c801668", "frozen":true, "embedded":true, "bytesize":19, "value":"Enumerator::Yielder", "encoding":"US-ASCII", "flags":{"wb_protected":true, "old":true, "marked":true}}
{"address":"0x7fc96c8397e8", "type":"CLASS", "class":"0x7fc96c802e28", "name":"Class", "references":["0x7fc96c839810", "0x7fc96c802dd8"], "memsize":672, "flags":{"wb_protected":true, "old":true, "marked":true}}
{"address":"0x7fc96c839810", "type":"CLASS", "class":"0x7fc96c8397e8", "name":"Enumerator::Yielder", "references":["0x7fc96c839810", "0x7fc96c839810", "0x7fc96c839810", "0x7fc96c8397c0", "0x7fc96c803788"], "memsize":672, "flags":{"wb_protected":true, "old":true, "marked":true}}
{"address":"0x7fc96c839838", "type":"STRING", "class":"0x7fc96c801668", "frozen":true, "embedded":true, "fstring":true, "bytesize":7, "value":"Yielder", "encoding":"US-ASCII", "flags":{"wb_protected":true, "old":true, "marked":true}}
{"address":"0x7fc96c839860", "type":"ICLASS", "class":"0x7fc96c801de8", "references":["0x7fc96c801e10", "0x7fc96c803788"], "flags":{"remembered":true}}
{"address":"0x7fc96c839888", "type":"STRING", "class":"0x7fc96c801668", "frozen":true, "embedded":true, "bytesize":21, "value":"Enumerator::Generator", "encoding":"US-ASCII", "flags":{"wb_protected":true, "old":true, "marked":true}}
{"address":"0x7fc96c8398b0", "type":"CLASS", "class":"0x7fc96c802e28", "name":"Class", "references":["0x7fc96c8398d8", "0x7fc96c802dd8"], "memsize":672, "flags":{"wb_protected":true, "old":true, "marked":true}}
{"address":"0x7fc96c8398d8", "type":"CLASS", "class":"0x7fc96c8398b0", "name":"Enumerator::Generator", "references":["0x7fc96c8398d8", "0x7fc96c8398d8", "0x7fc96c8398d8", "0x7fc96c839888", "0x7fc96c839860"], "memsize":672, "flags":{"wb_protected":true, "old":true, "marked":true}}
{"address":"0x7fc96c839900", "type":"STRING", "class":"0x7fc96c801668", "frozen":true, "embedded":true, "fstring":true, "bytesize":9, "value":"Generator", "encoding":"US-ASCII", "flags":{"wb_protected":true, "old":true, "marked":true}}
{"address":"0x7fc96c839928", "type":"CLASS", "class":"0x7fc96c802e28", "name":"Class", "references":["0x7fc96c839950", "0x7fc96c8001c8"], "memsize":672, "flags":{"wb_protected":true, "old":true, "marked":true}}
{"address":"0x7fc96c839950", "type":"CLASS", "class":"0x7fc96c839928", "name":"StopIteration", "references":["0x7fc96c839950", "0x7fc96c839978", "0x7fc96c8001f0"], "memsize":672, "flags":{"wb_protected":true, "old":true, "marked":true}}
{"address":"0x7fc96c839978", "type":"STRING", "class":"0x7fc96c801668", "frozen":true, "embedded":true, "fstring":true, "bytesize":13, "value":"StopIteration", "encoding":"US-ASCII", "flags":{"wb_protected":true, "old":true, "marked":true}}
{"address":"0x7fc96c8399a0", "type":"STRING", "class":"0x7fc96c801668", "frozen":true, "embedded":true, "bytesize":16, "value":"Enumerator::Lazy", "encoding":"US-ASCII", "flags":{"wb_protected":true, "old":true, "marked":true}}
{"address":"0x7fc96c8399c8", "type":"CLASS", "class":"0x7fc96c802e28", "name":"Class", "references":["0x7fc96c8399f0", "0x7fc96c839b58"], "memsize":672, "flags":{"wb_protected":true, "old":true, "marked":true}}
{"address":"0x7fc96c8399f0", "type":"CLASS", "class":"0x7fc96c8399c8", "name":"Enumerator::Lazy", "references":["0x7fc96c8399f0", "0x7fc96c8399f0", "0x7fc96c8399f0", "0x7fc96c8399f0", "0x7fc96c8399f0", "0x7fc96c8399f0", "0x7fc96c8399f0", "0x7fc96c8399f0", "0x7fc96c8399f0", "0x7fc96c8399f0", "0x7fc96c8399f0", "0x7fc96c8399f0", "0x7fc96c8399f0", "0x7fc96c8399f0", "0x7fc96c8399f0", "0x7fc96c8399f0", "0x7fc96c8399f0", "0x7fc96c8399f0", "0x7fc96c8399f0", "0x7fc96c839b30", "0x7fc96c8399a0", "0x7fc96c839b80"], "memsize":1576, "flags":{"wb_protected":true, "old":true, "marked":true}}
{"address":"0x7fc96c839a18", "type":"STRING", "class":"0x7fc96c801668", "frozen":true, "embedded":true, "fstring":true, "bytesize":4, "value":"Lazy", "encoding":"US-ASCII", "flags":{"wb_protected":true, "old":true, "marked":true}}
{"address":"0x7fc96c839a40", "type":"STRING", "class":"0x7fc96c801668", "frozen":true, "embedded":true, "fstring":true, "bytesize":4, "value":"feed", "encoding":"US-ASCII", "flags":{"wb_protected":true, "old":true, "marked":true}}
{"address":"0x7fc96c839a68", "type":"STRING", "class":"0x7fc96c801668", "frozen":true, "embedded":true, "fstring":true, "bytesize":4, "value":"peek", "encoding":"US-ASCII", "flags":{"wb_protected":true, "old":true, "marked":true}}
{"address":"0x7fc96c839a90", "type":"STRING", "class":"0x7fc96c801668", "frozen":true, "embedded":true, "fstring":true, "bytesize":11, "value":"peek_values", "encoding":"US-ASCII", "flags":{"wb_protected":true, "old":true, "marked":true}}
{"address":"0x7fc96c839ab8", "type":"STRING", "class":"0x7fc96c801668", "frozen":true, "embedded":true, "fstring":true, "bytesize":11, "value":"next_values", "encoding":"US-ASCII", "flags":{"wb_protected":true, "old":true, "marked":true}}
{"address":"0x7fc96c839ae0", "type":"STRING", "class":"0x7fc96c801668", "frozen":true, "embedded":true, "fstring":true, "bytesize":11, "value":"with_object", "encoding":"US-ASCII", "flags":{"wb_protected":true, "old":true, "marked":true}}
{"address":"0x7fc96c839b08", "type":"STRING", "class":"0x7fc96c801668", "frozen":true, "embedded":true, "fstring":true, "bytesize":10, "value":"with_index", "encoding":"US-ASCII", "flags":{"wb_protected":true, "old":true, "marked":true}}
{"address":"0x7fc96c839b30", "type":"ICLASS", "class":"0x7fc96c801de8", "references":["0x7fc96c801e10", "0x7fc96c803788"], "flags":{"remembered":true}}
{"address":"0x7fc96c839b58", "type":"CLASS", "class":"0x7fc96c802e28", "name":"Class", "references":["0x7fc96c839b80", "0x7fc96c802dd8"], "memsize":672, "flags":{"wb_protected":true, "old":true, "marked":true}}
{"address":"0x7fc96c839b80", "type":"CLASS", "class":"0x7fc96c839b58", "name":"Enumerator", "references":["0x7fc96c839b80", "0x7fc96c839b80", "0x7fc96c839b80", "0x7fc96c839b80", "0x7fc96c839b80", "0x7fc96c839b80", "0x7fc96c839b80", "0x7fc96c839b80", "0x7fc96c839b80", "0x7fc96c839b80", "0x7fc96c839b80", "0x7fc96c839b80", "0x7fc96c839b80", "0x7fc96c839b80", "0x7fc96c839b80", "0x7fc96c839ba8", "0x7fc96c8399f0", "0x7fc96c8398d8", "0x7fc96c839810", "0x7fc96c839b30"], "memsize":1528, "flags":{"wb_protected":true, "old":true, "marked":true}}
{"address":"0x7fc96c839ba8", "type":"STRING", "class":"0x7fc96c801668", "frozen":true, "embedded":true, "fstring":true, "bytesize":10, "value":"Enumerator", "encoding":"US-ASCII", "flags":{"wb_protected":true, "old":true, "marked":true}}
{"address":"0x7fc96c839bd0", "type":"STRING", "class":"0x7fc96c801668", "frozen":true, "embedded":true, "fstring":true, "bytesize":8, "value":"enum_for", "encoding":"US-ASCII", "flags":{"wb_protected":true, "old":true, "marked":true}}
{"address":"0x7fc96c839bf8", "type":"STRING", "class":"0x7fc96c801668", "frozen":true, "embedded":true, "fstring":true, "bytesize":7, "value":"to_enum", "encoding":"US-ASCII", "flags":{"wb_protected":true, "old":true, "marked":true}}
{"address":"0x7fc96c839c20", "type":"STRING", "class":"0x7fc96c801668", "frozen":true, "embedded":true, "fstring":true, "bytesize":5, "value":"force", "encoding":"US-ASCII", "flags":{"wb_protected":true, "old":true, "marked":true}}
{"address":"0x7fc96c839c48", "type":"STRING", "class":"0x7fc96c801668", "frozen":true, "embedded":true, "fstring":true, "bytesize":4, "value":"memo", "encoding":"US-ASCII", "flags":{"wb_protected":true, "old":true, "marked":true}}
{"address":"0x7fc96c839c70", "type":"STRING", "class":"0x7fc96c801668", "frozen":true, "embedded":true, "fstring":true, "bytesize":9, "value":"arguments", "encoding":"US-ASCII", "flags":{"wb_protected":true, "old":true, "marked":true}}
{"address":"0x7fc96c839c98", "type":"STRING", "class":"0x7fc96c801668", "frozen":true, "embedded":true, "fstring":true, "bytesize":4, "value":"lazy", "encoding":"US-ASCII", "flags":{"wb_protected":true, "old":true, "marked":true}}
{"address":"0x7fc96c839cc0", "type":"STRING", "class":"0x7fc96c801668", "embedded":true, "bytesize":20, "value":"GC_ENABLE_LAZY_SWEEP", "flags":{"wb_protected":true, "old":true, "marked":true}}
{"address":"0x7fc96c839ce8", "type":"STRING", "class":"0x7fc96c801668", "bytesize":25, "value":"RGENGC_ESTIMATE_OLDMALLOC", "memsize":26, "flags":{"wb_protected":true, "old":true, "marked":true}}
{"address":"0x7fc96c839d10", "type":"STRING", "class":"0x7fc96c801668", "embedded":true, "bytesize":10, "value":"USE_RGENGC", "flags":{"wb_protected":true, "old":true, "marked":true}}
{"address":"0x7fc96c839d38", "type":"STRING", "class":"0x7fc96c801668", "frozen":true, "embedded":true, "fstring":true, "bytesize":4, "value":"OPTS", "encoding":"US-ASCII", "flags":{"wb_protected":true, "old":true, "marked":true}}
{"address":"0x7fc96c839d60", "type":"ARRAY", "class":"0x7fc96c84a048", "length":3, "embedded":true, "references":["0x7fc96c839d10", "0x7fc96c839ce8", "0x7fc96c839cc0"], "flags":{"wb_protected":true, "old":true, "marked":true}}
{"address":"0x7fc96c839d88", "type":"STRING", "class":"0x7fc96c801668", "frozen":true, "fstring":true, "bytesize":27, "value":"verify_internal_consistency", "encoding":"US-ASCII", "memsize":28, "flags":{"wb_protected":true, "old":true, "marked":true}}
{"address":"0x7fc96c839db0", "type":"ICLASS", "class":"0x7fc96c801de8", "references":["0x7fc96c801e10", "0x7fc96c803788"], "flags":{"remembered":true}}
{"address":"0x7fc96c839dd8", "type":"STRING", "class":"0x7fc96c801668", "frozen":true, "embedded":true, "fstring":true, "bytesize":8, "value":"finalize", "encoding":"US-ASCII", "flags":{"wb_protected":true, "old":true, "marked":true}}
{"address":"0x7fc96c839e00", "type":"STRING", "class":"0x7fc96c801668", "frozen":true, "embedded":true, "bytesize":20, "value":"ObjectSpace::WeakMap", "encoding":"US-ASCII", "flags":{"wb_protected":true, "old":true, "marked":true}}
{"address":"0x7fc96c839e28", "type":"CLASS", "class":"0x7fc96c802e28", "name":"Class", "references":["0x7fc96c839e50", "0x7fc96c802dd8"], "memsize":672, "flags":{"wb_protected":true, "old":true, "marked":true}}
{"address":"0x7fc96c839e50", "type":"CLASS", "class":"0x7fc96c839e28", "name":"ObjectSpace::WeakMap", "references":["0x7fc96c839e50", "0x7fc96c839e50", "0x7fc96c839e50", "0x7fc96c839e50", "0x7fc96c839e50", "0x7fc96c839e50", "0x7fc96c839e50", "0x7fc96c839e50", "0x7fc96c839e50", "0x7fc96c839e50", "0x7fc96c839e50", "0x7fc96c839e50", "0x7fc96c839e50", "0x7fc96c839e50", "0x7fc96c839e50", "0x7fc96c839e00", "0x7fc96c839db0"], "memsize":1336, "flags":{"wb_protected":true, "old":true, "marked":true}}
{"address":"0x7fc96c839e78", "type":"STRING", "class":"0x7fc96c801668", "frozen":true, "embedded":true, "fstring":true, "bytesize":7, "value":"WeakMap", "encoding":"US-ASCII", "flags":{"wb_protected":true, "old":true, "marked":true}}
{"address":"0x7fc96c839ea0", "type":"STRING", "class":"0x7fc96c801668", "frozen":true, "embedded":true, "fstring":true, "bytesize":13, "value":"count_objects", "encoding":"US-ASCII", "flags":{"wb_protected":true, "old":true, "marked":true}}
{"address":"0x7fc96c839ec8", "type":"STRING", "class":"0x7fc96c801668", "frozen":true, "embedded":true, "fstring":true, "bytesize":6, "value":"__id__", "encoding":"US-ASCII", "flags":{"wb_protected":true, "old":true, "marked":true}}
{"address":"0x7fc96c839ef0", "type":"OBJECT", "class":"0x7fc96c853b70", "frozen":true, "ivars":3, "references":["0x7fc96c839f18"], "flags":{"wb_protected":true, "old":true, "marked":true}}
{"address":"0x7fc96c839f18", "type":"STRING", "class":"0x7fc96c801668", "frozen":true, "bytesize":25, "value":"failed to allocate memory", "memsize":26, "flags":{"wb_protected":true, "old":true, "marked":true}}
{"address":"0x7fc96c839f40", "type":"STRING", "class":"0x7fc96c801668", "frozen":true, "embedded":true, "fstring":true, "bytesize":7, "value":"_id2ref", "encoding":"US-ASCII", "flags":{"wb_protected":true, "old":true, "marked":true}}
{"address":"0x7fc96c839f68", "type":"STRING", "class":"0x7fc96c801668", "frozen":true, "embedded":true, "fstring":true, "bytesize":18, "value":"undefine_finalizer", "encoding":"US-ASCII", "flags":{"wb_protected":true, "old":true, "marked":true}}
{"address":"0x7fc96c839f90", "type":"STRING", "class":"0x7fc96c801668", "frozen":true, "embedded":true, "fstring":true, "bytesize":16, "value":"define_finalizer", "encoding":"US-ASCII", "flags":{"wb_protected":true, "old":true, "marked":true}}
{"address":"0x7fc96c839fb8", "type":"CLASS", "class":"0x7fc96c802e00", "name":"Module", "references":["0x7fc96c839fb8", "0x7fc96c839fb8", "0x7fc96c839fb8", "0x7fc96c839fb8", "0x7fc96c839fb8", "0x7fc96c839fb8", "0x7fc96c839fb8", "0x7fc96c839fb8", "0x7fc96c839fb8", "0x7fc96c839fb8", "0x7fc96c839fb8", "0x7fc96c839fb8", "0x7fc96c839fb8", "0x7fc96c839fb8", "0x7fc96c839fb8", "0x7fc96c839fb8", "0x7fc96c839fb8", "0x7fc96c839fb8", "0x7fc96c839fb8", "0x7fc96c839fb8", "0x7fc96c839fb8", "0x7fc96c839fb8", "0x7fc96c839fb8", "0x7fc96c839fb8", "0x7fc96c839fb8", "0x7fc96c83a008", "0x7fc96c803738"], "memsize":1816, "flags":{"wb_protected":true, "old":true, "marked":true}}
{"address":"0x7fc96c839fe0", "type":"STRING", "class":"0x7fc96c801668", "frozen":true, "embedded":true, "fstring":true, "bytesize":11, "value":"each_object", "encoding":"US-ASCII", "flags":{"wb_protected":true, "old":true, "marked":true}}
{"address":"0x7fc96c83a008", "type":"MODULE", "class":"0x7fc96c839fb8", "name":"ObjectSpace", "references":["0x7fc96c83a008", "0x7fc96c83a008", "0x7fc96c83a008", "0x7fc96c83a008", "0x7fc96c83a008", "0x7fc96c83a008", "0x7fc96c83a008", "0x7fc96c83a008", "0x7fc96c83a008", "0x7fc96c83a008", "0x7fc96c83a008", "0x7fc96c83a008", "0x7fc96c83a008", "0x7fc96c83a008", "0x7fc96c83a008", "0x7fc96c83a008", "0x7fc96c83a008", "0x7fc96c83a008", "0x7fc96c83a008", "0x7fc96c83a008", "0x7fc96c83a008", "0x7fc96c83a008", "0x7fc96c83a008", "0x7fc96c83a008", "0x7fc96c83a008", "0x7fc96c83a030", "0x7fc96c839e50", "0x7fc96c8d74e8", "0x7fc96c8d77e0"], "memsize":2008, "flags":{"wb_protected":true, "old":true, "remembered":true, "marked":true}}
{"address":"0x7fc96c83a030", "type":"STRING", "class":"0x7fc96c801668", "frozen":true, "embedded":true, "fstring":true, "bytesize":11, "value":"ObjectSpace", "encoding":"US-ASCII", "flags":{"wb_protected":true, "old":true, "marked":true}}
{"address":"0x7fc96c83a058", "type":"STRING", "class":"0x7fc96c801668", "frozen":true, "embedded":true, "fstring":true, "bytesize":10, "value":"total_time", "encoding":"US-ASCII", "flags":{"wb_protected":true, "old":true, "marked":true}}
{"address":"0x7fc96c83a080", "type":"STRING", "class":"0x7fc96c801668", "frozen":true, "embedded":true, "fstring":true, "bytesize":6, "value":"report", "encoding":"US-ASCII", "flags":{"wb_protected":true, "old":true, "marked":true}}
{"address":"0x7fc96c83a0a8", "type":"STRING", "class":"0x7fc96c801668", "frozen":true, "embedded":true, "fstring":true, "bytesize":6, "value":"result", "encoding":"US-ASCII", "flags":{"wb_protected":true, "old":true, "marked":true}}
{"address":"0x7fc96c83a0d0", "type":"STRING", "class":"0x7fc96c801668", "frozen":true, "embedded":true, "fstring":true, "bytesize":8, "value":"raw_data", "encoding":"US-ASCII", "flags":{"wb_protected":true, "old":true, "marked":true}}
{"address":"0x7fc96c83a0f8", "type":"STRING", "class":"0x7fc96c801668", "frozen":true, "embedded":true, "fstring":true, "bytesize":8, "value":"enabled?", "encoding":"US-ASCII", "flags":{"wb_protected":true, "old":true, "marked":true}}
{"address":"0x7fc96c83a120", "type":"CLASS", "class":"0x7fc96c802e00", "name":"Module", "references":["0x7fc96c83a120", "0x7fc96c83a120", "0x7fc96c83a120", "0x7fc96c83a120", "0x7fc96c83a120", "0x7fc96c83a120", "0x7fc96c83a120", "0x7fc96c83a120", "0x7fc96c83a170", "0x7fc96c803738"], "memsize":1000, "flags":{"wb_protected":true, "old":true, "marked":true}}
{"address":"0x7fc96c83a148", "type":"STRING", "class":"0x7fc96c801668", "frozen":true, "embedded":true, "bytesize":12, "value":"GC::Profiler", "encoding":"US-ASCII", "flags":{"wb_protected":true, "old":true, "marked":true}}
{"address":"0x7fc96c83a170", "type":"MODULE", "class":"0x7fc96c83a120", "name":"GC::Profiler", "references":["0x7fc96c83a148"], "memsize":672, "flags":{"wb_protected":true, "old":true, "marked":true}}
{"address":"0x7fc96c83a198", "type":"STRING", "class":"0x7fc96c801668", "frozen":true, "embedded":true, "fstring":true, "bytesize":8, "value":"Profiler", "encoding":"US-ASCII", "flags":{"wb_protected":true, "old":true, "marked":true}}
{"address":"0x7fc96c83a1c0", "type":"STRING", "class":"0x7fc96c801668", "frozen":true, "embedded":true, "fstring":true, "bytesize":18, "value":"INTERNAL_CONSTANTS", "encoding":"US-ASCII", "flags":{"wb_protected":true, "old":true, "marked":true}}
{"address":"0x7fc96c83a1e8", "type":"STRING", "class":"0x7fc96c801668", "frozen":true, "embedded":true, "fstring":true, "bytesize":18, "value":"HEAP_BITMAP_PLANES", "encoding":"US-ASCII", "flags":{"wb_protected":true, "old":true, "marked":true}}
{"address":"0x7fc96c83a210", "type":"STRING", "class":"0x7fc96c801668", "frozen":true, "embedded":true, "fstring":true, "bytesize":16, "value":"HEAP_BITMAP_SIZE", "encoding":"US-ASCII", "flags":{"wb_protected":true, "old":true, "marked":true}}
{"address":"0x7fc96c83a238", "type":"STRING", "class":"0x7fc96c801668", "frozen":true, "embedded":true, "fstring":true, "bytesize":14, "value":"HEAP_OBJ_LIMIT", "encoding":"US-ASCII", "flags":{"wb_protected":true, "old":true, "marked":true}}
{"address":"0x7fc96c83a260", "type":"STRING", "class":"0x7fc96c801668", "frozen":true, "embedded":true, "fstring":true, "bytesize":11, "value":"RVALUE_SIZE", "encoding":"US-ASCII", "flags":{"wb_protected":true, "old":true, "marked":true}}
{"address":"0x7fc96c83a288", "type":"HASH", "class":"0x7fc96c849918", "frozen":true, "size":4, "memsize":192, "flags":{"wb_protected":true, "old":true, "marked":true}}
{"address":"0x7fc96c83a2b0", "type":"STRING", "class":"0x7fc96c801668", "frozen":true, "embedded":true, "fstring":true, "bytesize":15, "value":"garbage_collect", "encoding":"US-ASCII", "flags":{"wb_protected":true, "old":true, "marked":true}}
{"address":"0x7fc96c83a2d8", "type":"STRING", "class":"0x7fc96c801668", "frozen":true, "embedded":true, "fstring":true, "bytesize":14, "value":"latest_gc_info", "encoding":"US-ASCII", "flags":{"wb_protected":true, "old":true, "marked":true}}
{"address":"0x7fc96c83a300", "type":"STRING", "class":"0x7fc96c801668", "frozen":true, "embedded":true, "fstring":true, "bytesize":7, "value":"stress=", "encoding":"US-ASCII", "flags":{"wb_protected":true, "old":true, "marked":true}}
{"address":"0x7fc96c83a328", "type":"STRING", "class":"0x7fc96c801668", "frozen":true, "embedded":true, "fstring":true, "bytesize":6, "value":"stress", "encoding":"US-ASCII", "flags":{"wb_protected":true, "old":true, "marked":true}}
{"address":"0x7fc96c83a350", "type":"STRING", "class":"0x7fc96c801668", "frozen":true, "embedded":true, "fstring":true, "bytesize":7, "value":"disable", "encoding":"US-ASCII", "flags":{"wb_protected":true, "old":true, "marked":true}}
{"address":"0x7fc96c83a378", "type":"STRING", "class":"0x7fc96c801668", "frozen":true, "embedded":true, "fstring":true, "bytesize":6, "value":"enable", "encoding":"US-ASCII", "flags":{"wb_protected":true, "old":true, "marked":true}}
{"address":"0x7fc96c83a3a0", "type":"STRING", "class":"0x7fc96c801668", "frozen":true, "embedded":true, "fstring":true, "bytesize":5, "value":"start", "encoding":"US-ASCII", "flags":{"wb_protected":true, "old":true, "marked":true}}
{"address":"0x7fc96c83a3c8", "type":"CLASS", "class":"0x7fc96c802e00", "name":"Module", "references":["0x7fc96c83a3c8", "0x7fc96c83a3c8", "0x7fc96c83a3c8", "0x7fc96c83a3c8", "0x7fc96c83a3c8", "0x7fc96c83a3c8", "0x7fc96c83a3c8", "0x7fc96c83a3c8", "0x7fc96c83a3c8", "0x7fc96c83a3f0", "0x7fc96c803738"], "memsize":1048, "flags":{"wb_protected":true, "old":true, "marked":true}}
{"address":"0x7fc96c83a3f0", "type":"MODULE", "class":"0x7fc96c83a3c8", "name":"GC", "references":["0x7fc96c83a3f0", "0x7fc96c83a418", "0x7fc96c83a288", "0x7fc96c83a170", "0x7fc96c839d60"], "memsize":864, "flags":{"wb_protected":true, "old":true, "marked":true}}
{"address":"0x7fc96c83a418", "type":"STRING", "class":"0x7fc96c801668", "frozen":true, "embedded":true, "fstring":true, "bytesize":2, "value":"GC", "encoding":"US-ASCII", "flags":{"wb_protected":true, "old":true, "marked":true}}
{"address":"0x7fc96c83a440", "type":"STRING", "class":"0x7fc96c801668", "frozen":true, "embedded":true, "fstring":true, "bytesize":6, "value":"lgamma", "encoding":"US-ASCII", "flags":{"wb_protected":true, "old":true, "marked":true}}
{"address":"0x7fc96c83a468", "type":"STRING", "class":"0x7fc96c801668", "frozen":true, "embedded":true, "fstring":true, "bytesize":5, "value":"gamma", "encoding":"US-ASCII", "flags":{"wb_protected":true, "old":true, "marked":true}}
{"address":"0x7fc96c83a490", "type":"STRING", "class":"0x7fc96c801668", "frozen":true, "embedded":true, "fstring":true, "bytesize":4, "value":"erfc", "encoding":"US-ASCII", "flags":{"wb_protected":true, "old":true, "marked":true}}
{"address":"0x7fc96c83a4b8", "type":"STRING", "class":"0x7fc96c801668", "frozen":true, "embedded":true, "fstring":true, "bytesize":3, "value":"erf", "encoding":"US-ASCII", "flags":{"wb_protected":true, "old":true, "marked":true}}
{"address":"0x7fc96c83a4e0", "type":"STRING", "class":"0x7fc96c801668", "frozen":true, "embedded":true, "fstring":true, "bytesize":5, "value":"hypot", "encoding":"US-ASCII", "flags":{"wb_protected":true, "old":true, "marked":true}}
{"address":"0x7fc96c83a508", "type":"STRING", "class":"0x7fc96c801668", "frozen":true, "embedded":true, "fstring":true, "bytesize":5, "value":"ldexp", "encoding":"US-ASCII", "flags":{"wb_protected":true, "old":true, "marked":true}}
{"address":"0x7fc96c83a530", "type":"STRING", "class":"0x7fc96c801668", "frozen":true, "embedded":true, "fstring":true, "bytesize":5, "value":"frexp", "encoding":"US-ASCII", "flags":{"wb_protected":true, "old":true, "marked":true}}
{"address":"0x7fc96c83a558", "type":"STRING", "class":"0x7fc96c801668", "frozen":true, "embedded":true, "fstring":true, "bytesize":4, "value":"cbrt", "encoding":"US-ASCII", "flags":{"wb_protected":true, "old":true, "marked":true}}
{"address":"0x7fc96c83a580", "type":"STRING", "class":"0x7fc96c801668", "frozen":true, "embedded":true, "fstring":true, "bytesize":4, "value":"sqrt", "encoding":"US-ASCII", "flags":{"wb_protected":true, "old":true, "marked":true}}
{"address":"0x7fc96c83a5a8", "type":"STRING", "class":"0x7fc96c801668", "frozen":true, "embedded":true, "fstring":true, "bytesize":5, "value":"log10", "encoding":"US-ASCII", "flags":{"wb_protected":true, "old":true, "marked":true}}
{"address":"0x7fc96c83a5d0", "type":"STRING", "class":"0x7fc96c801668", "frozen":true, "embedded":true, "fstring":true, "bytesize":4, "value":"log2", "encoding":"US-ASCII", "flags":{"wb_protected":true, "old":true, "marked":true}}
{"address":"0x7fc96c83a5f8", "type":"STRING", "class":"0x7fc96c801668", "frozen":true, "embedded":true, "fstring":true, "bytesize":3, "value":"log", "encoding":"US-ASCII", "flags":{"wb_protected":true, "old":true, "marked":true}}
{"address":"0x7fc96c83a620", "type":"STRING", "class":"0x7fc96c801668", "frozen":true, "embedded":true, "fstring":true, "bytesize":3, "value":"exp", "encoding":"US-ASCII", "flags":{"wb_protected":true, "old":true, "marked":true}}
{"address":"0x7fc96c83a648", "type":"STRING", "class":"0x7fc96c801668", "frozen":true, "embedded":true, "fstring":true, "bytesize":5, "value":"atanh", "encoding":"US-ASCII", "flags":{"wb_protected":true, "old":true, "marked":true}}
{"address":"0x7fc96c83a670", "type":"STRING", "class":"0x7fc96c801668", "frozen":true, "embedded":true, "fstring":true, "bytesize":5, "value":"asinh", "encoding":"US-ASCII", "flags":{"wb_protected":true, "old":true, "marked":true}}
{"address":"0x7fc96c83a698", "type":"STRING", "class":"0x7fc96c801668", "frozen":true, "embedded":true, "fstring":true, "bytesize":5, "value":"acosh", "encoding":"US-ASCII", "flags":{"wb_protected":true, "old":true, "marked":true}}
{"address":"0x7fc96c83a6c0", "type":"STRING", "class":"0x7fc96c801668", "frozen":true, "embedded":true, "fstring":true, "bytesize":4, "value":"tanh", "encoding":"US-ASCII", "flags":{"wb_protected":true, "old":true, "marked":true}}
{"address":"0x7fc96c83a6e8", "type":"STRING", "class":"0x7fc96c801668", "frozen":true, "embedded":true, "fstring":true, "bytesize":4, "value":"sinh", "encoding":"US-ASCII", "flags":{"wb_protected":true, "old":true, "marked":true}}
{"address":"0x7fc96c83a710", "type":"STRING", "class":"0x7fc96c801668", "frozen":true, "embedded":true, "fstring":true, "bytesize":4, "value":"cosh", "encoding":"US-ASCII", "flags":{"wb_protected":true, "old":true, "marked":true}}
{"address":"0x7fc96c83a738", "type":"STRING", "class":"0x7fc96c801668", "frozen":true, "embedded":true, "fstring":true, "bytesize":4, "value":"atan", "encoding":"US-ASCII", "flags":{"wb_protected":true, "old":true, "marked":true}}
{"address":"0x7fc96c83a760", "type":"STRING", "class":"0x7fc96c801668", "frozen":true, "embedded":true, "fstring":true, "bytesize":4, "value":"asin", "encoding":"US-ASCII", "flags":{"wb_protected":true, "old":true, "marked":true}}
{"address":"0x7fc96c83a788", "type":"STRING", "class":"0x7fc96c801668", "frozen":true, "embedded":true, "fstring":true, "bytesize":4, "value":"acos", "encoding":"US-ASCII", "flags":{"wb_protected":true, "old":true, "marked":true}}
{"address":"0x7fc96c83a7b0", "type":"STRING", "class":"0x7fc96c801668", "frozen":true, "embedded":true, "fstring":true, "bytesize":3, "value":"tan", "encoding":"US-ASCII", "flags":{"wb_protected":true, "old":true, "marked":true}}
{"address":"0x7fc96c83a7d8", "type":"STRING", "class":"0x7fc96c801668", "frozen":true, "embedded":true, "fstring":true, "bytesize":3, "value":"sin", "encoding":"US-ASCII", "flags":{"wb_protected":true, "old":true, "marked":true}}
{"address":"0x7fc96c83a800", "type":"STRING", "class":"0x7fc96c801668", "frozen":true, "embedded":true, "fstring":true, "bytesize":3, "value":"cos", "encoding":"US-ASCII", "flags":{"wb_protected":true, "old":true, "marked":true}}
{"address":"0x7fc96c83a828", "type":"CLASS", "class":"0x7fc96c802e00", "name":"Module", "references":["0x7fc96c83a828", "0x7fc96c83a828", "0x7fc96c83a828", "0x7fc96c83a828", "0x7fc96c83a828", "0x7fc96c83a828", "0x7fc96c83a828", "0x7fc96c83a828", "0x7fc96c83a828", "0x7fc96c83a828", "0x7fc96c83a828", "0x7fc96c83a828", "0x7fc96c83a828", "0x7fc96c83a828", "0x7fc96c83a828", "0x7fc96c83a828", "0x7fc96c83a828", "0x7fc96c83a828", "0x7fc96c83a828", "0x7fc96c83a828", "0x7fc96c83a828", "0x7fc96c83a828", "0x7fc96c83a828", "0x7fc96c83a828", "0x7fc96c83a828", "0x7fc96c83a828", "0x7fc96c83a968", "0x7fc96c803738"], "memsize":1864, "flags":{"wb_protected":true, "old":true, "marked":true}}
{"address":"0x7fc96c83a850", "type":"STRING", "class":"0x7fc96c801668", "frozen":true, "embedded":true, "fstring":true, "bytesize":5, "value":"atan2", "encoding":"US-ASCII", "flags":{"wb_protected":true, "old":true, "marked":true}}
{"address":"0x7fc96c83a878", "type":"STRING", "class":"0x7fc96c801668", "frozen":true, "embedded":true, "fstring":true, "bytesize":1, "value":"E", "encoding":"US-ASCII", "flags":{"wb_protected":true, "old":true, "marked":true}}
{"address":"0x7fc96c83a8a0", "type":"STRING", "class":"0x7fc96c801668", "frozen":true, "embedded":true, "fstring":true, "bytesize":2, "value":"PI", "encoding":"US-ASCII", "flags":{"wb_protected":true, "old":true, "marked":true}}
{"address":"0x7fc96c83a8c8", "type":"STRING", "class":"0x7fc96c801668", "frozen":true, "embedded":true, "bytesize":17, "value":"Math::DomainError", "encoding":"US-ASCII", "flags":{"wb_protected":true, "old":true, "marked":true}}
{"address":"0x7fc96c83a8f0", "type":"CLASS", "class":"0x7fc96c802e28", "name":"Class", "references":["0x7fc96c83a918", "0x7fc96c800330"], "memsize":672, "flags":{"wb_protected":true, "old":true, "marked":true}}
{"address":"0x7fc96c83a918", "type":"CLASS", "class":"0x7fc96c83a8f0", "name":"Math::DomainError", "references":["0x7fc96c83a8c8", "0x7fc96c800358"], "memsize":672, "flags":{"wb_protected":true, "old":true, "marked":true}}
{"address":"0x7fc96c83a940", "type":"STRING", "class":"0x7fc96c801668", "frozen":true, "embedded":true, "fstring":true, "bytesize":11, "value":"DomainError", "encoding":"US-ASCII", "flags":{"wb_protected":true, "old":true, "marked":true}}
{"address":"0x7fc96c83a968", "type":"MODULE", "class":"0x7fc96c83a828", "name":"Math", "references":["0x7fc96c83a968", "0x7fc96c83a968", "0x7fc96c83a968", "0x7fc96c83a968", "0x7fc96c83a968", "0x7fc96c83a968", "0x7fc96c83a968", "0x7fc96c83a968", "0x7fc96c83a968", "0x7fc96c83a968", "0x7fc96c83a968", "0x7fc96c83a968", "0x7fc96c83a968", "0x7fc96c83a968", "0x7fc96c83a968", "0x7fc96c83a968", "0x7fc96c83a968", "0x7fc96c83a968", "0x7fc96c83a968", "0x7fc96c83a968", "0x7fc96c83a968", "0x7fc96c83a968", "0x7fc96c83a968", "0x7fc96c83a968", "0x7fc96c83a968", "0x7fc96c83a968", "0x7fc96c83a990", "0x7fc96c83a918"], "memsize":2056, "flags":{"wb_protected":true, "old":true, "marked":true}}
{"address":"0x7fc96c83a990", "type":"STRING", "class":"0x7fc96c801668", "frozen":true, "embedded":true, "fstring":true, "bytesize":4, "value":"Math", "encoding":"US-ASCII", "flags":{"wb_protected":true, "old":true, "marked":true}}
{"address":"0x7fc96c83a9b8", "type":"STRING", "class":"0x7fc96c801668", "frozen":true, "embedded":true, "fstring":true, "bytesize":23, "value":"local_variable_defined?", "encoding":"US-ASCII", "flags":{"wb_protected":true, "old":true, "marked":true}}
{"address":"0x7fc96c83a9e0", "type":"STRING", "class":"0x7fc96c801668", "frozen":true, "embedded":true, "fstring":true, "bytesize":18, "value":"local_variable_set", "encoding":"US-ASCII", "flags":{"wb_protected":true, "old":true, "marked":true}}
{"address":"0x7fc96c83aa08", "type":"STRING", "class":"0x7fc96c801668", "frozen":true, "embedded":true, "fstring":true, "bytesize":18, "value":"local_variable_get", "encoding":"US-ASCII", "flags":{"wb_protected":true, "old":true, "marked":true}}
{"address":"0x7fc96c83aa30", "type":"CLASS", "class":"0x7fc96c802e28", "name":"Class", "references":["0x7fc96c83aa30", "0x7fc96c83aa58", "0x7fc96c802dd8"], "memsize":672, "flags":{"wb_protected":true, "old":true, "marked":true}}
{"address":"0x7fc96c83aa58", "type":"CLASS", "class":"0x7fc96c83aa30", "name":"Binding", "references":["0x7fc96c83aa58", "0x7fc96c83aa58", "0x7fc96c83aa58", "0x7fc96c83aa58", "0x7fc96c83aa58", "0x7fc96c83aa58", "0x7fc96c83aa80", "0x7fc96c803788"], "memsize":672, "flags":{"wb_protected":true, "old":true, "marked":true}}
{"address":"0x7fc96c83aa80", "type":"STRING", "class":"0x7fc96c801668", "frozen":true, "embedded":true, "fstring":true, "bytesize":7, "value":"Binding", "encoding":"US-ASCII", "flags":{"wb_protected":true, "old":true, "marked":true}}
{"address":"0x7fc96c83aaa8", "type":"STRING", "class":"0x7fc96c801668", "frozen":true, "embedded":true, "fstring":true, "bytesize":23, "value":"define_singleton_method", "encoding":"US-ASCII", "flags":{"wb_protected":true, "old":true, "marked":true}}
{"address":"0x7fc96c83aad0", "type":"STRING", "class":"0x7fc96c801668", "frozen":true, "embedded":true, "fstring":true, "bytesize":13, "value":"define_method", "encoding":"US-ASCII", "flags":{"wb_protected":true, "old":true, "marked":true}}
{"address":"0x7fc96c83aaf8", "type":"STRING", "class":"0x7fc96c801668", "frozen":true, "embedded":true, "fstring":true, "bytesize":22, "value":"public_instance_method", "encoding":"US-ASCII", "flags":{"wb_protected":true, "old":true, "marked":true}}
{"address":"0x7fc96c83ab20", "type":"STRING", "class":"0x7fc96c801668", "frozen":true, "embedded":true, "fstring":true, "bytesize":15, "value":"instance_method", "encoding":"US-ASCII", "flags":{"wb_protected":true, "old":true, "marked":true}}
{"address":"0x7fc96c83ab48", "type":"STRING", "class":"0x7fc96c801668", "frozen":true, "embedded":true, "fstring":true, "bytesize":4, "value":"bind", "encoding":"US-ASCII", "flags":{"wb_protected":true, "old":true, "marked":true}}
{"address":"0x7fc96c83ab70", "type":"CLASS", "class":"0x7fc96c802e28", "name":"Class", "references":["0x7fc96c83ab70", "0x7fc96c83ab98", "0x7fc96c802dd8"], "memsize":672, "flags":{"wb_protected":true, "old":true, "marked":true}}
{"address":"0x7fc96c83ab98", "type":"CLASS", "class":"0x7fc96c83ab70", "name":"UnboundMethod", "references":["0x7fc96c83ab98", "0x7fc96c83ab98", "0x7fc96c83ab98", "0x7fc96c83ab98", "0x7fc96c83ab98", "0x7fc96c83ab98", "0x7fc96c83ab98", "0x7fc96c83ab98", "0x7fc96c83ab98", "0x7fc96c83ab98", "0x7fc96c83ab98", "0x7fc96c83ab98", "0x7fc96c83ab98", "0x7fc96c83abc0", "0x7fc96c803788"], "memsize":1240, "flags":{"wb_protected":true, "old":true, "marked":true}}
{"address":"0x7fc96c83abc0", "type":"STRING", "class":"0x7fc96c801668", "frozen":true, "embedded":true, "fstring":true, "bytesize":13, "value":"UnboundMethod", "encoding":"US-ASCII", "flags":{"wb_protected":true, "old":true, "marked":true}}
{"address":"0x7fc96c83abe8", "type":"STRING", "class":"0x7fc96c801668", "frozen":true, "embedded":true, "fstring":true, "bytesize":16, "value":"singleton_method", "encoding":"US-ASCII", "flags":{"wb_protected":true, "old":true, "marked":true}}
{"address":"0x7fc96c83ac10", "type":"STRING", "class":"0x7fc96c801668", "frozen":true, "embedded":true, "fstring":true, "bytesize":13, "value":"public_method", "encoding":"US-ASCII", "flags":{"wb_protected":true, "old":true, "marked":true}}
{"address":"0x7fc96c83ac38", "type":"STRING", "class":"0x7fc96c801668", "frozen":true, "embedded":true, "fstring":true, "bytesize":6, "value":"method", "encoding":"US-ASCII", "flags":{"wb_protected":true, "old":true, "marked":true}}
{"address":"0x7fc96c83ac60", "type":"STRING", "class":"0x7fc96c801668", "frozen":true, "embedded":true, "fstring":true, "bytesize":6, "value":"unbind", "encoding":"US-ASCII", "flags":{"wb_protected":true, "old":true, "marked":true}}
{"address":"0x7fc96c83ac88", "type":"STRING", "class":"0x7fc96c801668", "frozen":true, "embedded":true, "fstring":true, "bytesize":5, "value":"owner", "encoding":"US-ASCII", "flags":{"wb_protected":true, "old":true, "marked":true}}
{"address":"0x7fc96c83acb0", "type":"STRING", "class":"0x7fc96c801668", "frozen":true, "embedded":true, "fstring":true, "bytesize":13, "value":"original_name", "encoding":"US-ASCII", "flags":{"wb_protected":true, "old":true, "marked":true}}
{"address":"0x7fc96c83acd8", "type":"STRING", "class":"0x7fc96c801668", "frozen":true, "embedded":true, "fstring":true, "bytesize":8, "value":"receiver", "encoding":"US-ASCII", "flags":{"wb_protected":true, "old":true, "marked":true}}
{"address":"0x7fc96c83ad00", "type":"CLASS", "class":"0x7fc96c802e28", "name":"Class", "references":["0x7fc96c83ad00", "0x7fc96c83ad28", "0x7fc96c802dd8"], "memsize":672, "flags":{"wb_protected":true, "old":true, "marked":true}}
{"address":"0x7fc96c83ad28", "type":"CLASS", "class":"0x7fc96c83ad00", "name":"Method", "references":["0x7fc96c83ad28", "0x7fc96c83ad28", "0x7fc96c83ad28", "0x7fc96c83ad28", "0x7fc96c83ad28", "0x7fc96c83ad28", "0x7fc96c83ad28", "0x7fc96c83ad28", "0x7fc96c83ad28", "0x7fc96c83ad28", "0x7fc96c83ad28", "0x7fc96c83ad28", "0x7fc96c83ad28", "0x7fc96c83ad28", "0x7fc96c83ad28", "0x7fc96c83ad28", "0x7fc96c83ad28", "0x7fc96c83ad50", "0x7fc96c803788"], "memsize":1432, "flags":{"wb_protected":true, "old":true, "marked":true}}
{"address":"0x7fc96c83ad50", "type":"STRING", "class":"0x7fc96c801668", "frozen":true, "embedded":true, "fstring":true, "bytesize":6, "value":"Method", "encoding":"US-ASCII", "flags":{"wb_protected":true, "old":true, "marked":true}}
{"address":"0x7fc96c83ad78", "type":"OBJECT", "class":"0x7fc96c83adf0", "ivars":3, "references":["0x7fc96c83ada0"], "flags":{"wb_protected":true, "old":true, "marked":true}}
{"address":"0x7fc96c83ada0", "type":"STRING", "class":"0x7fc96c801668", "frozen":true, "embedded":true, "bytesize":20, "value":"stack level too deep", "flags":{"wb_protected":true, "old":true, "marked":true}}
{"address":"0x7fc96c83adc8", "type":"CLASS", "class":"0x7fc96c802e28", "name":"Class", "references":["0x7fc96c83adf0", "0x7fc96c8006c8"], "memsize":672, "flags":{"wb_protected":true, "old":true, "marked":true}}
{"address":"0x7fc96c83adf0", "type":"CLASS", "class":"0x7fc96c83adc8", "name":"SystemStackError", "references":["0x7fc96c83ae18", "0x7fc96c8006f0"], "memsize":864, "flags":{"wb_protected":true, "old":true, "marked":true}}
{"address":"0x7fc96c83ae18", "type":"STRING", "class":"0x7fc96c801668", "frozen":true, "embedded":true, "fstring":true, "bytesize":16, "value":"SystemStackError", "encoding":"US-ASCII", "flags":{"wb_protected":true, "old":true, "marked":true}}
{"address":"0x7fc96c83ae40", "type":"STRING", "class":"0x7fc96c801668", "frozen":true, "embedded":true, "fstring":true, "bytesize":6, "value":"reason", "encoding":"US-ASCII", "flags":{"wb_protected":true, "old":true, "marked":true}}
{"address":"0x7fc96c83ae68", "type":"STRING", "class":"0x7fc96c801668", "frozen":true, "embedded":true, "fstring":true, "bytesize":10, "value":"exit_value", "encoding":"US-ASCII", "flags":{"wb_protected":true, "old":true, "marked":true}}
{"address":"0x7fc96c83ae90", "type":"CLASS", "class":"0x7fc96c802e28", "name":"Class", "references":["0x7fc96c83aeb8", "0x7fc96c800330"], "memsize":672, "flags":{"wb_protected":true, "old":true, "marked":true}}
{"address":"0x7fc96c83aeb8", "type":"CLASS", "class":"0x7fc96c83ae90", "name":"LocalJumpError", "references":["0x7fc96c83aeb8", "0x7fc96c83aeb8", "0x7fc96c83aee0", "0x7fc96c800358"], "memsize":672, "flags":{"wb_protected":true, "old":true, "marked":true}}
{"address":"0x7fc96c83aee0", "type":"STRING", "class":"0x7fc96c801668", "frozen":true, "embedded":true, "fstring":true, "bytesize":14, "value":"LocalJumpError", "encoding":"US-ASCII", "flags":{"wb_protected":true, "old":true, "marked":true}}
{"address":"0x7fc96c83af08", "type":"STRING", "class":"0x7fc96c801668", "frozen":true, "embedded":true, "fstring":true, "bytesize":10, "value":"parameters", "encoding":"US-ASCII", "flags":{"wb_protected":true, "old":true, "marked":true}}
{"address":"0x7fc96c83af30", "type":"STRING", "class":"0x7fc96c801668", "frozen":true, "embedded":true, "fstring":true, "bytesize":15, "value":"source_location", "encoding":"US-ASCII", "flags":{"wb_protected":true, "old":true, "marked":true}}
{"address":"0x7fc96c83af58", "type":"STRING", "class":"0x7fc96c801668", "frozen":true, "embedded":true, "fstring":true, "bytesize":5, "value":"curry", "encoding":"US-ASCII", "flags":{"wb_protected":true, "old":true, "marked":true}}
{"address":"0x7fc96c83af80", "type":"STRING", "class":"0x7fc96c801668", "frozen":true, "embedded":true, "fstring":true, "bytesize":7, "value":"binding", "encoding":"US-ASCII", "flags":{"wb_protected":true, "old":true, "marked":true}}
{"address":"0x7fc96c83afa8", "type":"STRING", "class":"0x7fc96c801668", "frozen":true, "embedded":true, "fstring":true, "bytesize":7, "value":"lambda?", "encoding":"US-ASCII", "flags":{"wb_protected":true, "old":true, "marked":true}}
{"address":"0x7fc96c83afd0", "type":"STRING", "class":"0x7fc96c801668", "frozen":true, "embedded":true, "fstring":true, "bytesize":5, "value":"arity", "encoding":"US-ASCII", "flags":{"wb_protected":true, "old":true, "marked":true}}
{"address":"0x7fc96c83aff8", "type":"CLASS", "class":"0x7fc96c802e28", "name":"Class", "references":["0x7fc96c83aff8", "0x7fc96c83b020", "0x7fc96c802dd8"], "memsize":672, "flags":{"wb_protected":true, "old":true, "marked":true}}
{"address":"0x7fc96c83b020", "type":"CLASS", "class":"0x7fc96c83aff8", "name":"Proc", "references":["0x7fc96c83b020", "0x7fc96c83b020", "0x7fc96c83b020", "0x7fc96c83b020", "0x7fc96c83b020", "0x7fc96c83b020", "0x7fc96c83b020", "0x7fc96c83b020", "0x7fc96c83b020", "0x7fc96c83b020", "0x7fc96c83b020", "0x7fc96c83b020", "0x7fc96c83b020", "0x7fc96c83b020", "0x7fc96c83b020", "0x7fc96c83b020", "0x7fc96c83b048", "0x7fc96c803788"], "memsize":1384, "flags":{"wb_protected":true, "old":true, "marked":true}}
{"address":"0x7fc96c83b048", "type":"STRING", "class":"0x7fc96c801668", "frozen":true, "embedded":true, "fstring":true, "bytesize":4, "value":"Proc", "encoding":"US-ASCII", "flags":{"wb_protected":true, "old":true, "marked":true}}
{"address":"0x7fc96c83b070", "type":"ARRAY", "length":5, "memsize":160, "flags":{"wb_protected":true, "old":true, "marked":true}}
{"address":"0x7fc96c83b098", "type":"STRING", "class":"0x7fc96c801668", "frozen":true, "embedded":true, "fstring":true, "bytesize":9, "value":"autoload?", "encoding":"US-ASCII", "flags":{"wb_protected":true, "old":true, "marked":true}}
{"address":"0x7fc96c83b0c0", "type":"STRING", "class":"0x7fc96c801668", "frozen":true, "embedded":true, "fstring":true, "bytesize":8, "value":"autoload", "encoding":"US-ASCII", "flags":{"wb_protected":true, "old":true, "marked":true}}
{"address":"0x7fc96c83b0e8", "type":"STRING", "class":"0x7fc96c801668", "frozen":true, "embedded":true, "fstring":true, "bytesize":16, "value":"require_relative", "encoding":"US-ASCII", "flags":{"wb_protected":true, "old":true, "marked":true}}
{"address":"0x7fc96c83b110", "type":"STRING", "class":"0x7fc96c801668", "frozen":true, "embedded":true, "fstring":true, "bytesize":7, "value":"require", "encoding":"US-ASCII", "flags":{"wb_protected":true, "old":true, "marked":true}}
{"address":"0x7fc96c83b138", "type":"ARRAY", "length":44, "shared":true, "references":["0x7fc96c8d6a70"], "flags":{"wb_protected":true, "old":true, "remembered":true, "marked":true}}
{"address":"0x7fc96c83b160", "type":"ARRAY", "class":"0x7fc96c84a048", "length":44, "shared":true, "references":["0x7fc96c8d6a70"], "flags":{"wb_protected":true, "old":true, "remembered":true, "marked":true}}
{"address":"0x7fc96c83b188", "type":"STRING", "class":"0x7fc96c801668", "frozen":true, "embedded":true, "fstring":true, "bytesize":16, "value":"$LOADED_FEATURES", "encoding":"US-ASCII", "flags":{"wb_protected":true, "old":true, "marked":true}}
{"address":"0x7fc96c83b1b0", "type":"STRING", "class":"0x7fc96c801668", "frozen":true, "embedded":true, "fstring":true, "bytesize":2, "value":"$\"", "encoding":"US-ASCII", "flags":{"wb_protected":true, "old":true, "marked":true}}
{"address":"0x7fc96c83b1d8", "type":"ARRAY", "length":8, "shared":true, "references":["0x7fc96c831a48"], "flags":{"wb_protected":true, "old":true, "marked":true}}
{"address":"0x7fc96c83b228", "type":"ARRAY", "class":"0x7fc96c84a048", "length":8, "shared":true, "references":["0x7fc96c831a48"], "flags":{"wb_protected":true, "old":true, "marked":true}}
{"address":"0x7fc96c83b250", "type":"STRING", "class":"0x7fc96c801668", "frozen":true, "embedded":true, "fstring":true, "bytesize":10, "value":"$LOAD_PATH", "encoding":"US-ASCII", "flags":{"wb_protected":true, "old":true, "marked":true}}
{"address":"0x7fc96c83b278", "type":"STRING", "class":"0x7fc96c801668", "frozen":true, "embedded":true, "fstring":true, "bytesize":3, "value":"$-I", "encoding":"US-ASCII", "flags":{"wb_protected":true, "old":true, "marked":true}}
{"address":"0x7fc96c83b2a0", "type":"STRING", "class":"0x7fc96c801668", "frozen":true, "embedded":true, "fstring":true, "bytesize":2, "value":"$:", "encoding":"US-ASCII", "flags":{"wb_protected":true, "old":true, "marked":true}}
{"address":"0x7fc96c83b2c8", "type":"STRING", "class":"0x7fc96c801668", "frozen":true, "embedded":true, "fstring":true, "bytesize":9, "value":"issetugid", "encoding":"US-ASCII", "flags":{"wb_protected":true, "old":true, "marked":true}}
{"address":"0x7fc96c83b2f0", "type":"STRING", "class":"0x7fc96c801668", "frozen":true, "embedded":true, "fstring":true, "bytesize":9, "value":"setresgid", "encoding":"US-ASCII", "flags":{"wb_protected":true, "old":true, "marked":true}}
{"address":"0x7fc96c83b318", "type":"STRING", "class":"0x7fc96c801668", "frozen":true, "embedded":true, "fstring":true, "bytesize":9, "value":"setresuid", "encoding":"US-ASCII", "flags":{"wb_protected":true, "old":true, "marked":true}}
{"address":"0x7fc96c83b340", "type":"STRING", "class":"0x7fc96c801668", "frozen":true, "embedded":true, "fstring":true, "bytesize":8, "value":"setregid", "encoding":"US-ASCII", "flags":{"wb_protected":true, "old":true, "marked":true}}
{"address":"0x7fc96c83b368", "type":"STRING", "class":"0x7fc96c801668", "frozen":true, "embedded":true, "fstring":true, "bytesize":8, "value":"setreuid", "encoding":"US-ASCII", "flags":{"wb_protected":true, "old":true, "marked":true}}
{"address":"0x7fc96c83b390", "type":"STRING", "class":"0x7fc96c801668", "frozen":true, "embedded":true, "fstring":true, "bytesize":7, "value":"setegid", "encoding":"US-ASCII", "flags":{"wb_protected":true, "old":true, "marked":true}}
{"address":"0x7fc96c83b3b8", "type":"STRING", "class":"0x7fc96c801668", "frozen":true, "embedded":true, "fstring":true, "bytesize":7, "value":"seteuid", "encoding":"US-ASCII", "flags":{"wb_protected":true, "old":true, "marked":true}}
{"address":"0x7fc96c83b3e0", "type":"STRING", "class":"0x7fc96c801668", "frozen":true, "embedded":true, "fstring":true, "bytesize":7, "value":"setrgid", "encoding":"US-ASCII", "flags":{"wb_protected":true, "old":true, "marked":true}}
{"address":"0x7fc96c83b408", "type":"STRING", "class":"0x7fc96c801668", "frozen":true, "embedded":true, "fstring":true, "bytesize":7, "value":"setruid", "encoding":"US-ASCII", "flags":{"wb_protected":true, "old":true, "marked":true}}
{"address":"0x7fc96c83b430", "type":"STRING", "class":"0x7fc96c801668", "frozen":true, "embedded":true, "fstring":true, "bytesize":6, "value":"setgid", "encoding":"US-ASCII", "flags":{"wb_protected":true, "old":true, "marked":true}}
{"address":"0x7fc96c83b458", "type":"STRING", "class":"0x7fc96c801668", "frozen":true, "embedded":true, "fstring":true, "bytesize":6, "value":"setuid", "encoding":"US-ASCII", "flags":{"wb_protected":true, "old":true, "marked":true}}
{"address":"0x7fc96c83b480", "type":"STRING", "class":"0x7fc96c801668", "frozen":true, "embedded":true, "fstring":true, "bytesize":7, "value":"getegid", "encoding":"US-ASCII", "flags":{"wb_protected":true, "old":true, "marked":true}}
{"address":"0x7fc96c83b4a8", "type":"STRING", "class":"0x7fc96c801668", "frozen":true, "embedded":true, "fstring":true, "bytesize":6, "value":"getgid", "encoding":"US-ASCII", "flags":{"wb_protected":true, "old":true, "marked":true}}
{"address":"0x7fc96c83b4d0", "type":"STRING", "class":"0x7fc96c801668", "frozen":true, "embedded":true, "fstring":true, "bytesize":7, "value":"geteuid", "encoding":"US-ASCII", "flags":{"wb_protected":true, "old":true, "marked":true}}
{"address":"0x7fc96c83b4f8", "type":"CLASS", "class":"0x7fc96c802e00", "name":"Module", "references":["0x7fc96c83b4f8", "0x7fc96c83b4f8", "0x7fc96c83b4f8", "0x7fc96c83b4f8", "0x7fc96c83b4f8", "0x7fc96c83b4f8", "0x7fc96c83b4f8", "0x7fc96c83b4f8", "0x7fc96c83b4f8", "0x7fc96c83b4f8", "0x7fc96c83b4f8", "0x7fc96c83b4f8", "0x7fc96c83b4f8", "0x7fc96c83b4f8", "0x7fc96c83b4f8", "0x7fc96c83b570", "0x7fc96c803738"], "memsize":1336, "flags":{"wb_protected":true, "old":true, "marked":true}}
{"address":"0x7fc96c83b520", "type":"STRING", "class":"0x7fc96c801668", "frozen":true, "embedded":true, "fstring":true, "bytesize":6, "value":"getuid", "encoding":"US-ASCII", "flags":{"wb_protected":true, "old":true, "marked":true}}
{"address":"0x7fc96c83b548", "type":"STRING", "class":"0x7fc96c801668", "frozen":true, "embedded":true, "bytesize":12, "value":"Process::Sys", "encoding":"US-ASCII", "flags":{"wb_protected":true, "old":true, "marked":true}}
{"address":"0x7fc96c83b570", "type":"MODULE", "class":"0x7fc96c83b4f8", "name":"Process::Sys", "references":["0x7fc96c83b570", "0x7fc96c83b570", "0x7fc96c83b570", "0x7fc96c83b570", "0x7fc96c83b570", "0x7fc96c83b570", "0x7fc96c83b570", "0x7fc96c83b570", "0x7fc96c83b570", "0x7fc96c83b570", "0x7fc96c83b570", "0x7fc96c83b570", "0x7fc96c83b570", "0x7fc96c83b570", "0x7fc96c83b570", "0x7fc96c83b548"], "memsize":1336, "flags":{"wb_protected":true, "old":true, "marked":true}}
{"address":"0x7fc96c83b598", "type":"STRING", "class":"0x7fc96c801668", "frozen":true, "embedded":true, "fstring":true, "bytesize":3, "value":"Sys", "encoding":"US-ASCII", "flags":{"wb_protected":true, "old":true, "marked":true}}
{"address":"0x7fc96c83b5c0", "type":"STRING", "class":"0x7fc96c801668", "frozen":true, "embedded":true, "fstring":true, "bytesize":9, "value":"from_name", "encoding":"US-ASCII", "flags":{"wb_protected":true, "old":true, "marked":true}}
{"address":"0x7fc96c83b5e8", "type":"STRING", "class":"0x7fc96c801668", "frozen":true, "embedded":true, "fstring":true, "bytesize":6, "value":"switch", "encoding":"US-ASCII", "flags":{"wb_protected":true, "old":true, "marked":true}}
{"address":"0x7fc96c83b610", "type":"STRING", "class":"0x7fc96c801668", "frozen":true, "embedded":true, "fstring":true, "bytesize":14, "value":"sid_available?", "encoding":"US-ASCII", "flags":{"wb_protected":true, "old":true, "marked":true}}
{"address":"0x7fc96c83b638", "type":"STRING", "class":"0x7fc96c801668", "frozen":true, "embedded":true, "fstring":true, "bytesize":16, "value":"re_exchangeable?", "encoding":"US-ASCII", "flags":{"wb_protected":true, "old":true, "marked":true}}
{"address":"0x7fc96c83b660", "type":"STRING", "class":"0x7fc96c801668", "frozen":true, "embedded":true, "fstring":true, "bytesize":11, "value":"re_exchange", "encoding":"US-ASCII", "flags":{"wb_protected":true, "old":true, "marked":true}}
{"address":"0x7fc96c83b688", "type":"STRING", "class":"0x7fc96c801668", "frozen":true, "embedded":true, "fstring":true, "bytesize":4, "value":"eid=", "encoding":"US-ASCII", "flags":{"wb_protected":true, "old":true, "marked":true}}
{"address":"0x7fc96c83b6b0", "type":"STRING", "class":"0x7fc96c801668", "frozen":true, "embedded":true, "fstring":true, "bytesize":15, "value":"grant_privilege", "encoding":"US-ASCII", "flags":{"wb_protected":true, "old":true, "marked":true}}
{"address":"0x7fc96c83b6d8", "type":"STRING", "class":"0x7fc96c801668", "frozen":true, "embedded":true, "fstring":true, "bytesize":16, "value":"change_privilege", "encoding":"US-ASCII", "flags":{"wb_protected":true, "old":true, "marked":true}}
{"address":"0x7fc96c83b700", "type":"STRING", "class":"0x7fc96c801668", "frozen":true, "embedded":true, "fstring":true, "bytesize":3, "value":"eid", "encoding":"US-ASCII", "flags":{"wb_protected":true, "old":true, "marked":true}}
{"address":"0x7fc96c83b728", "type":"CLASS", "class":"0x7fc96c802e00", "name":"Module", "references":["0x7fc96c83b728", "0x7fc96c83b728", "0x7fc96c83b728", "0x7fc96c83b728", "0x7fc96c83b728", "0x7fc96c83b728", "0x7fc96c83b728", "0x7fc96c83b728", "0x7fc96c83b728", "0x7fc96c83b728", "0x7fc96c83b7c8", "0x7fc96c803738"], "memsize":1096, "flags":{"wb_protected":true, "old":true, "marked":true}}
{"address":"0x7fc96c83b750", "type":"CLASS", "class":"0x7fc96c802e00", "name":"Module", "references":["0x7fc96c83b750", "0x7fc96c83b750", "0x7fc96c83b750", "0x7fc96c83b750", "0x7fc96c83b750", "0x7fc96c83b750", "0x7fc96c83b750", "0x7fc96c83b750", "0x7fc96c83b750", "0x7fc96c83b750", "0x7fc96c83b840", "0x7fc96c803738"], "memsize":1096, "flags":{"wb_protected":true, "old":true, "marked":true}}
{"address":"0x7fc96c83b778", "type":"STRING", "class":"0x7fc96c801668", "frozen":true, "embedded":true, "fstring":true, "bytesize":3, "value":"rid", "encoding":"US-ASCII", "flags":{"wb_protected":true, "old":true, "marked":true}}
{"address":"0x7fc96c83b7a0", "type":"STRING", "class":"0x7fc96c801668", "frozen":true, "embedded":true, "bytesize":12, "value":"Process::GID", "encoding":"US-ASCII", "flags":{"wb_protected":true, "old":true, "marked":true}}
{"address":"0x7fc96c83b7c8", "type":"MODULE", "class":"0x7fc96c83b728", "name":"Process::GID", "references":["0x7fc96c83b7c8", "0x7fc96c83b7c8", "0x7fc96c83b7c8", "0x7fc96c83b7c8", "0x7fc96c83b7c8", "0x7fc96c83b7c8", "0x7fc96c83b7c8", "0x7fc96c83b7c8", "0x7fc96c83b7c8", "0x7fc96c83b7a0"], "memsize":1048, "flags":{"wb_protected":true, "old":true, "marked":true}}
{"address":"0x7fc96c83b7f0", "type":"STRING", "class":"0x7fc96c801668", "frozen":true, "embedded":true, "fstring":true, "bytesize":3, "value":"GID", "encoding":"US-ASCII", "flags":{"wb_protected":true, "old":true, "marked":true}}
{"address":"0x7fc96c83b818", "type":"STRING", "class":"0x7fc96c801668", "frozen":true, "embedded":true, "bytesize":12, "value":"Process::UID", "encoding":"US-ASCII", "flags":{"wb_protected":true, "old":true, "marked":true}}
{"address":"0x7fc96c83b840", "type":"MODULE", "class":"0x7fc96c83b750", "name":"Process::UID", "references":["0x7fc96c83b840", "0x7fc96c83b840", "0x7fc96c83b840", "0x7fc96c83b840", "0x7fc96c83b840", "0x7fc96c83b840", "0x7fc96c83b840", "0x7fc96c83b840", "0x7fc96c83b840", "0x7fc96c83b818"], "memsize":1048, "flags":{"wb_protected":true, "old":true, "marked":true}}
{"address":"0x7fc96c83b868", "type":"STRING", "class":"0x7fc96c801668", "frozen":true, "embedded":true, "fstring":true, "bytesize":3, "value":"UID", "encoding":"US-ASCII", "flags":{"wb_protected":true, "old":true, "marked":true}}
{"address":"0x7fc96c83b890", "type":"STRING", "class":"0x7fc96c801668", "frozen":true, "embedded":true, "bytesize":12, "value":"Process::Tms", "encoding":"US-ASCII", "flags":{"wb_protected":true, "old":true, "marked":true}}
{"address":"0x7fc96c83b8b8", "type":"CLASS", "class":"0x7fc96c802e28", "name":"Class", "references":["0x7fc96c83b8b8", "0x7fc96c83b8b8", "0x7fc96c83b8b8", "0x7fc96c83b8e0", "0x7fc96c849468"], "memsize":672, "flags":{"wb_protected":true, "old":true, "marked":true}}
{"address":"0x7fc96c83b8e0", "type":"CLASS", "class":"0x7fc96c83b8b8", "name":"Process::Tms", "references":["0x7fc96c83b8e0", "0x7fc96c83b8e0", "0x7fc96c83b8e0", "0x7fc96c83b8e0", "0x7fc96c83b8e0", "0x7fc96c83b8e0", "0x7fc96c83b8e0", "0x7fc96c83b8e0", "0x7fc96c83b890", "0x7fc96c83b9a8", "0x7fc96c849490"], "memsize":1000, "flags":{"wb_protected":true, "old":true, "marked":true}}
{"address":"0x7fc96c83b908", "type":"STRING", "class":"0x7fc96c801668", "frozen":true, "embedded":true, "fstring":true, "bytesize":3, "value":"Tms", "encoding":"US-ASCII", "flags":{"wb_protected":true, "old":true, "marked":true}}
{"address":"0x7fc96c83b930", "type":"STRING", "class":"0x7fc96c801668", "frozen":true, "embedded":true, "fstring":true, "bytesize":6, "value":"cstime", "encoding":"US-ASCII", "flags":{"wb_protected":true, "old":true, "marked":true}}
{"address":"0x7fc96c83b958", "type":"STRING", "class":"0x7fc96c801668", "frozen":true, "embedded":true, "fstring":true, "bytesize":6, "value":"cutime", "encoding":"US-ASCII", "flags":{"wb_protected":true, "old":true, "marked":true}}
{"address":"0x7fc96c83b980", "type":"STRING", "class":"0x7fc96c801668", "frozen":true, "embedded":true, "fstring":true, "bytesize":5, "value":"stime", "encoding":"US-ASCII", "flags":{"wb_protected":true, "old":true, "marked":true}}
{"address":"0x7fc96c83b9a8", "type":"ARRAY", "frozen":true, "length":4, "memsize":160, "flags":{"wb_protected":true, "old":true, "marked":true}}
{"address":"0x7fc96c83b9d0", "type":"STRING", "class":"0x7fc96c801668", "frozen":true, "embedded":true, "fstring":true, "bytesize":12, "value":"clock_getres", "encoding":"US-ASCII", "flags":{"wb_protected":true, "old":true, "marked":true}}
{"address":"0x7fc96c83b9f8", "type":"STRING", "class":"0x7fc96c801668", "frozen":true, "embedded":true, "fstring":true, "bytesize":13, "value":"clock_gettime", "encoding":"US-ASCII", "flags":{"wb_protected":true, "old":true, "marked":true}}
{"address":"0x7fc96c83ba20", "type":"STRING", "class":"0x7fc96c801668", "frozen":true, "fstring":true, "bytesize":24, "value":"CLOCK_PROCESS_CPUTIME_ID", "encoding":"US-ASCII", "memsize":25, "flags":{"wb_protected":true, "old":true, "marked":true}}
{"address":"0x7fc96c83ba48", "type":"STRING", "class":"0x7fc96c801668", "frozen":true, "fstring":true, "bytesize":40, "value":"GETRUSAGE_BASED_CLOCK_PROCESS_CPUTIME_ID", "encoding":"US-ASCII", "memsize":41, "flags":{"wb_protected":true, "old":true, "marked":true}}
{"address":"0x7fc96c83ba70", "type":"STRING", "class":"0x7fc96c801668", "frozen":true, "embedded":true, "fstring":true, "bytesize":15, "value":"CLOCK_MONOTONIC", "encoding":"US-ASCII", "flags":{"wb_protected":true, "old":true, "marked":true}}
{"address":"0x7fc96c83ba98", "type":"STRING", "class":"0x7fc96c801668", "frozen":true, "fstring":true, "bytesize":40, "value":"MACH_ABSOLUTE_TIME_BASED_CLOCK_MONOTONIC", "encoding":"US-ASCII", "memsize":41, "flags":{"wb_protected":true, "old":true, "marked":true}}
{"address":"0x7fc96c83bac0", "type":"STRING", "class":"0x7fc96c801668", "frozen":true, "embedded":true, "fstring":true, "bytesize":14, "value":"CLOCK_REALTIME", "encoding":"US-ASCII", "flags":{"wb_protected":true, "old":true, "marked":true}}
{"address":"0x7fc96c83bae8", "type":"STRING", "class":"0x7fc96c801668", "frozen":true, "fstring":true, "bytesize":33, "value":"GETTIMEOFDAY_BASED_CLOCK_REALTIME", "encoding":"US-ASCII", "memsize":34, "flags":{"wb_protected":true, "old":true, "marked":true}}
{"address":"0x7fc96c83bb10", "type":"STRING", "class":"0x7fc96c801668", "frozen":true, "embedded":true, "fstring":true, "bytesize":6, "value":"daemon", "encoding":"US-ASCII", "flags":{"wb_protected":true, "old":true, "marked":true}}
{"address":"0x7fc96c83bb38", "type":"STRING", "class":"0x7fc96c801668", "frozen":true, "embedded":true, "fstring":true, "bytesize":10, "value":"maxgroups=", "encoding":"US-ASCII", "flags":{"wb_protected":true, "old":true, "marked":true}}
{"address":"0x7fc96c83bb60", "type":"STRING", "class":"0x7fc96c801668", "frozen":true, "embedded":true, "fstring":true, "bytesize":9, "value":"maxgroups", "encoding":"US-ASCII", "flags":{"wb_protected":true, "old":true, "marked":true}}
{"address":"0x7fc96c83bb88", "type":"STRING", "class":"0x7fc96c801668", "frozen":true, "embedded":true, "fstring":true, "bytesize":7, "value":"groups=", "encoding":"US-ASCII", "flags":{"wb_protected":true, "old":true, "marked":true}}
{"address":"0x7fc96c83bbb0", "type":"STRING", "class":"0x7fc96c801668", "frozen":true, "embedded":true, "fstring":true, "bytesize":6, "value":"groups", "encoding":"US-ASCII", "flags":{"wb_protected":true, "old":true, "marked":true}}
{"address":"0x7fc96c83bbd8", "type":"STRING", "class":"0x7fc96c801668", "frozen":true, "embedded":true, "fstring":true, "bytesize":10, "value":"initgroups", "encoding":"US-ASCII", "flags":{"wb_protected":true, "old":true, "marked":true}}
{"address":"0x7fc96c83bc00", "type":"STRING", "class":"0x7fc96c801668", "frozen":true, "embedded":true, "fstring":true, "bytesize":5, "value":"egid=", "encoding":"US-ASCII", "flags":{"wb_protected":true, "old":true, "marked":true}}
{"address":"0x7fc96c83bc28", "type":"STRING", "class":"0x7fc96c801668", "frozen":true, "embedded":true, "fstring":true, "bytesize":4, "value":"egid", "encoding":"US-ASCII", "flags":{"wb_protected":true, "old":true, "marked":true}}
{"address":"0x7fc96c83bc50", "type":"STRING", "class":"0x7fc96c801668", "frozen":true, "embedded":true, "fstring":true, "bytesize":5, "value":"euid=", "encoding":"US-ASCII", "flags":{"wb_protected":true, "old":true, "marked":true}}
{"address":"0x7fc96c83bc78", "type":"STRING", "class":"0x7fc96c801668", "frozen":true, "embedded":true, "fstring":true, "bytesize":4, "value":"euid", "encoding":"US-ASCII", "flags":{"wb_protected":true, "old":true, "marked":true}}
{"address":"0x7fc96c83bca0", "type":"STRING", "class":"0x7fc96c801668", "frozen":true, "embedded":true, "fstring":true, "bytesize":4, "value":"gid=", "encoding":"US-ASCII", "flags":{"wb_protected":true, "old":true, "marked":true}}
{"address":"0x7fc96c83bcc8", "type":"STRING", "class":"0x7fc96c801668", "frozen":true, "embedded":true, "fstring":true, "bytesize":4, "value":"uid=", "encoding":"US-ASCII", "flags":{"wb_protected":true, "old":true, "marked":true}}
{"address":"0x7fc96c83bcf0", "type":"STRING", "class":"0x7fc96c801668", "frozen":true, "embedded":true, "fstring":true, "bytesize":12, "value":"RLIMIT_STACK", "encoding":"US-ASCII", "flags":{"wb_protected":true, "old":true, "marked":true}}
{"address":"0x7fc96c83bd18", "type":"STRING", "class":"0x7fc96c801668", "frozen":true, "embedded":true, "fstring":true, "bytesize":10, "value":"RLIMIT_RSS", "encoding":"US-ASCII", "flags":{"wb_protected":true, "old":true, "marked":true}}
{"address":"0x7fc96c83bd40", "type":"STRING", "class":"0x7fc96c801668", "frozen":true, "embedded":true, "fstring":true, "bytesize":12, "value":"RLIMIT_NPROC", "encoding":"US-ASCII", "flags":{"wb_protected":true, "old":true, "marked":true}}
{"address":"0x7fc96c83bd68", "type":"STRING", "class":"0x7fc96c801668", "frozen":true, "embedded":true, "fstring":true, "bytesize":13, "value":"RLIMIT_NOFILE", "encoding":"US-ASCII", "flags":{"wb_protected":true, "old":true, "marked":true}}
{"address":"0x7fc96c83bd90", "type":"STRING", "class":"0x7fc96c801668", "frozen":true, "embedded":true, "fstring":true, "bytesize":14, "value":"RLIMIT_MEMLOCK", "encoding":"US-ASCII", "flags":{"wb_protected":true, "old":true, "marked":true}}
{"address":"0x7fc96c83bdb8", "type":"STRING", "class":"0x7fc96c801668", "frozen":true, "embedded":true, "fstring":true, "bytesize":12, "value":"RLIMIT_FSIZE", "encoding":"US-ASCII", "flags":{"wb_protected":true, "old":true, "marked":true}}
{"address":"0x7fc96c83bde0", "type":"STRING", "class":"0x7fc96c801668", "frozen":true, "embedded":true, "fstring":true, "bytesize":11, "value":"RLIMIT_DATA", "encoding":"US-ASCII", "flags":{"wb_protected":true, "old":true, "marked":true}}
{"address":"0x7fc96c83be08", "type":"STRING", "class":"0x7fc96c801668", "frozen":true, "embedded":true, "fstring":true, "bytesize":10, "value":"RLIMIT_CPU", "encoding":"US-ASCII", "flags":{"wb_protected":true, "old":true, "marked":true}}
{"address":"0x7fc96c83be30", "type":"STRING", "class":"0x7fc96c801668", "frozen":true, "embedded":true, "fstring":true, "bytesize":11, "value":"RLIMIT_CORE", "encoding":"US-ASCII", "flags":{"wb_protected":true, "old":true, "marked":true}}
{"address":"0x7fc96c83be58", "type":"STRING", "class":"0x7fc96c801668", "frozen":true, "embedded":true, "fstring":true, "bytesize":9, "value":"RLIMIT_AS", "encoding":"US-ASCII", "flags":{"wb_protected":true, "old":true, "marked":true}}
{"address":"0x7fc96c83be80", "type":"STRING", "class":"0x7fc96c801668", "frozen":true, "embedded":true, "fstring":true, "bytesize":14, "value":"RLIM_SAVED_CUR", "encoding":"US-ASCII", "flags":{"wb_protected":true, "old":true, "marked":true}}
{"address":"0x7fc96c83bea8", "type":"STRING", "class":"0x7fc96c801668", "frozen":true, "embedded":true, "fstring":true, "bytesize":13, "value":"RLIM_INFINITY", "encoding":"US-ASCII", "flags":{"wb_protected":true, "old":true, "marked":true}}
{"address":"0x7fc96c83bed0", "type":"STRING", "class":"0x7fc96c801668", "frozen":true, "embedded":true, "fstring":true, "bytesize":14, "value":"RLIM_SAVED_MAX", "encoding":"US-ASCII", "flags":{"wb_protected":true, "old":true, "marked":true}}
{"address":"0x7fc96c83bef8", "type":"BIGNUM", "class":"0x7fc96c852658", "frozen":true, "flags":{"wb_protected":true, "old":true, "marked":true}}
{"address":"0x7fc96c83bf20", "type":"STRING", "class":"0x7fc96c801668", "frozen":true, "embedded":true, "fstring":true, "bytesize":9, "value":"setrlimit", "encoding":"US-ASCII", "flags":{"wb_protected":true, "old":true, "marked":true}}
{"address":"0x7fc96c83bf48", "type":"STRING", "class":"0x7fc96c801668", "frozen":true, "embedded":true, "fstring":true, "bytesize":9, "value":"getrlimit", "encoding":"US-ASCII", "flags":{"wb_protected":true, "old":true, "marked":true}}
{"address":"0x7fc96c83bf70", "type":"STRING", "class":"0x7fc96c801668", "frozen":true, "embedded":true, "fstring":true, "bytesize":9, "value":"PRIO_USER", "encoding":"US-ASCII", "flags":{"wb_protected":true, "old":true, "marked":true}}
{"address":"0x7fc96c83bf98", "type":"STRING", "class":"0x7fc96c801668", "frozen":true, "embedded":true, "fstring":true, "bytesize":9, "value":"PRIO_PGRP", "encoding":"US-ASCII", "flags":{"wb_protected":true, "old":true, "marked":true}}
{"address":"0x7fc96c840020", "type":"STRING", "class":"0x7fc96c801668", "frozen":true, "embedded":true, "fstring":true, "bytesize":12, "value":"PRIO_PROCESS", "encoding":"US-ASCII", "flags":{"wb_protected":true, "old":true, "marked":true}}
{"address":"0x7fc96c840048", "type":"STRING", "class":"0x7fc96c801668", "frozen":true, "embedded":true, "fstring":true, "bytesize":11, "value":"setpriority", "encoding":"US-ASCII", "flags":{"wb_protected":true, "old":true, "marked":true}}
{"address":"0x7fc96c840070", "type":"STRING", "class":"0x7fc96c801668", "frozen":true, "embedded":true, "fstring":true, "bytesize":11, "value":"getpriority", "encoding":"US-ASCII", "flags":{"wb_protected":true, "old":true, "marked":true}}
{"address":"0x7fc96c840098", "type":"STRING", "class":"0x7fc96c801668", "frozen":true, "embedded":true, "fstring":true, "bytesize":6, "value":"setsid", "encoding":"US-ASCII", "flags":{"wb_protected":true, "old":true, "marked":true}}
{"address":"0x7fc96c8400c0", "type":"STRING", "class":"0x7fc96c801668", "frozen":true, "embedded":true, "fstring":true, "bytesize":6, "value":"getsid", "encoding":"US-ASCII", "flags":{"wb_protected":true, "old":true, "marked":true}}
{"address":"0x7fc96c8400e8", "type":"STRING", "class":"0x7fc96c801668", "frozen":true, "embedded":true, "fstring":true, "bytesize":7, "value":"setpgid", "encoding":"US-ASCII", "flags":{"wb_protected":true, "old":true, "marked":true}}
{"address":"0x7fc96c840110", "type":"STRING", "class":"0x7fc96c801668", "frozen":true, "embedded":true, "fstring":true, "bytesize":7, "value":"getpgid", "encoding":"US-ASCII", "flags":{"wb_protected":true, "old":true, "marked":true}}
{"address":"0x7fc96c840138", "type":"STRING", "class":"0x7fc96c801668", "frozen":true, "embedded":true, "fstring":true, "bytesize":7, "value":"setpgrp", "encoding":"US-ASCII", "flags":{"wb_protected":true, "old":true, "marked":true}}
{"address":"0x7fc96c840160", "type":"STRING", "class":"0x7fc96c801668", "frozen":true, "embedded":true, "fstring":true, "bytesize":7, "value":"getpgrp", "encoding":"US-ASCII", "flags":{"wb_protected":true, "old":true, "marked":true}}
{"address":"0x7fc96c840188", "type":"STRING", "class":"0x7fc96c801668", "frozen":true, "embedded":true, "fstring":true, "bytesize":4, "value":"ppid", "encoding":"US-ASCII", "flags":{"wb_protected":true, "old":true, "marked":true}}
{"address":"0x7fc96c8401b0", "type":"STRING", "class":"0x7fc96c801668", "frozen":true, "embedded":true, "fstring":true, "bytesize":9, "value":"coredump?", "encoding":"US-ASCII", "flags":{"wb_protected":true, "old":true, "marked":true}}
{"address":"0x7fc96c8401d8", "type":"STRING", "class":"0x7fc96c801668", "frozen":true, "embedded":true, "fstring":true, "bytesize":10, "value":"exitstatus", "encoding":"US-ASCII", "flags":{"wb_protected":true, "old":true, "marked":true}}
{"address":"0x7fc96c840200", "type":"STRING", "class":"0x7fc96c801668", "frozen":true, "embedded":true, "fstring":true, "bytesize":7, "value":"exited?", "encoding":"US-ASCII", "flags":{"wb_protected":true, "old":true, "marked":true}}
{"address":"0x7fc96c840228", "type":"STRING", "class":"0x7fc96c801668", "frozen":true, "embedded":true, "fstring":true, "bytesize":7, "value":"termsig", "encoding":"US-ASCII", "flags":{"wb_protected":true, "old":true, "marked":true}}
{"address":"0x7fc96c840250", "type":"STRING", "class":"0x7fc96c801668", "frozen":true, "embedded":true, "fstring":true, "bytesize":9, "value":"signaled?", "encoding":"US-ASCII", "flags":{"wb_protected":true, "old":true, "marked":true}}
{"address":"0x7fc96c840278", "type":"STRING", "class":"0x7fc96c801668", "frozen":true, "embedded":true, "fstring":true, "bytesize":7, "value":"stopsig", "encoding":"US-ASCII", "flags":{"wb_protected":true, "old":true, "marked":true}}
{"address":"0x7fc96c8402a0", "type":"STRING", "class":"0x7fc96c801668", "frozen":true, "embedded":true, "fstring":true, "bytesize":8, "value":"stopped?", "encoding":"US-ASCII", "flags":{"wb_protected":true, "old":true, "marked":true}}
{"address":"0x7fc96c8402c8", "type":"STRING", "class":"0x7fc96c801668", "frozen":true, "embedded":true, "bytesize":15, "value":"Process::Status", "encoding":"US-ASCII", "flags":{"wb_protected":true, "old":true, "marked":true}}
{"address":"0x7fc96c8402f0", "type":"CLASS", "class":"0x7fc96c802e28", "name":"Class", "references":["0x7fc96c8402f0", "0x7fc96c840318", "0x7fc96c802dd8"], "memsize":672, "flags":{"wb_protected":true, "old":true, "marked":true}}
{"address":"0x7fc96c840318", "type":"CLASS", "class":"0x7fc96c8402f0", "name":"Process::Status", "references":["0x7fc96c840318", "0x7fc96c840318", "0x7fc96c840318", "0x7fc96c840318", "0x7fc96c840318", "0x7fc96c840318", "0x7fc96c840318", "0x7fc96c840318", "0x7fc96c840318", "0x7fc96c840318", "0x7fc96c840318", "0x7fc96c840318", "0x7fc96c840318", "0x7fc96c840318", "0x7fc96c840318", "0x7fc96c8402c8", "0x7fc96c803788"], "memsize":1336, "flags":{"wb_protected":true, "old":true, "marked":true}}
{"address":"0x7fc96c840340", "type":"STRING", "class":"0x7fc96c801668", "frozen":true, "embedded":true, "fstring":true, "bytesize":6, "value":"Status", "encoding":"US-ASCII", "flags":{"wb_protected":true, "old":true, "marked":true}}
{"address":"0x7fc96c840368", "type":"STRING", "class":"0x7fc96c801668", "frozen":true, "embedded":true, "fstring":true, "bytesize":6, "value":"detach", "encoding":"US-ASCII", "flags":{"wb_protected":true, "old":true, "marked":true}}
{"address":"0x7fc96c840390", "type":"STRING", "class":"0x7fc96c801668", "frozen":true, "embedded":true, "fstring":true, "bytesize":7, "value":"waitall", "encoding":"US-ASCII", "flags":{"wb_protected":true, "old":true, "marked":true}}
{"address":"0x7fc96c8403b8", "type":"STRING", "class":"0x7fc96c801668", "frozen":true, "embedded":true, "fstring":true, "bytesize":8, "value":"waitpid2", "encoding":"US-ASCII", "flags":{"wb_protected":true, "old":true, "marked":true}}
{"address":"0x7fc96c8403e0", "type":"STRING", "class":"0x7fc96c801668", "frozen":true, "embedded":true, "fstring":true, "bytesize":7, "value":"waitpid", "encoding":"US-ASCII", "flags":{"wb_protected":true, "old":true, "marked":true}}
{"address":"0x7fc96c840408", "type":"STRING", "class":"0x7fc96c801668", "frozen":true, "embedded":true, "fstring":true, "bytesize":5, "value":"wait2", "encoding":"US-ASCII", "flags":{"wb_protected":true, "old":true, "marked":true}}
{"address":"0x7fc96c840430", "type":"STRING", "class":"0x7fc96c801668", "frozen":true, "embedded":true, "fstring":true, "bytesize":4, "value":"wait", "encoding":"US-ASCII", "flags":{"wb_protected":true, "old":true, "marked":true}}
{"address":"0x7fc96c840458", "type":"STRING", "class":"0x7fc96c801668", "frozen":true, "embedded":true, "fstring":true, "bytesize":4, "value":"kill", "encoding":"US-ASCII", "flags":{"wb_protected":true, "old":true, "marked":true}}
{"address":"0x7fc96c840480", "type":"CLASS", "class":"0x7fc96c802e00", "name":"Module", "references":["0x7fc96c840480", "0x7fc96c840480", "0x7fc96c840480", "0x7fc96c840480", "0x7fc96c840480", "0x7fc96c840480", "0x7fc96c840480", "0x7fc96c840480", "0x7fc96c840480", "0x7fc96c840480", "0x7fc96c840480", "0x7fc96c840480", "0x7fc96c840480", "0x7fc96c840480", "0x7fc96c840480", "0x7fc96c840480", "0x7fc96c840480", "0x7fc96c840480", "0x7fc96c840480", "0x7fc96c840480", "0x7fc96c840480", "0x7fc96c840480", "0x7fc96c840480", "0x7fc96c840480", "0x7fc96c840480", "0x7fc96c840480", "0x7fc96c840480", "0x7fc96c840480", "0x7fc96c840480", "0x7fc96c840480", "0x7fc96c840480", "0x7fc96c840480", "0x7fc96c840480", "0x7fc96c840480", "0x7fc96c840480", "0x7fc96c840480", "0x7fc96c840480", "0x7fc96c840480", "0x7fc96c840480", "0x7fc96c840480", "0x7fc96c840480", "0x7fc96c840480", "0x7fc96c840480", "0x7fc96c840480", "0x7fc96c8404f8", "0x7fc96c803738"], "memsize":2728, "flags":{"wb_protected":true, "old":true, "marked":true}}
{"address":"0x7fc96c8404a8", "type":"STRING", "class":"0x7fc96c801668", "frozen":true, "embedded":true, "fstring":true, "bytesize":9, "value":"WUNTRACED", "encoding":"US-ASCII", "flags":{"wb_protected":true, "old":true, "marked":true}}
{"address":"0x7fc96c8404d0", "type":"STRING", "class":"0x7fc96c801668", "frozen":true, "embedded":true, "fstring":true, "bytesize":7, "value":"WNOHANG", "encoding":"US-ASCII", "flags":{"wb_protected":true, "old":true, "marked":true}}
{"address":"0x7fc96c8404f8", "type":"MODULE", "class":"0x7fc96c840480", "name":"Process", "references":["0x7fc96c8404f8", "0x7fc96c8404f8", "0x7fc96c8404f8", "0x7fc96c8404f8", "0x7fc96c8404f8", "0x7fc96c8404f8", "0x7fc96c8404f8", "0x7fc96c8404f8", "0x7fc96c8404f8", "0x7fc96c8404f8", "0x7fc96c8404f8", "0x7fc96c8404f8", "0x7fc96c8404f8", "0x7fc96c8404f8", "0x7fc96c8404f8", "0x7fc96c8404f8", "0x7fc96c8404f8", "0x7fc96c8404f8", "0x7fc96c8404f8", "0x7fc96c8404f8", "0x7fc96c8404f8", "0x7fc96c8404f8", "0x7fc96c8404f8", "0x7fc96c8404f8", "0x7fc96c8404f8", "0x7fc96c8404f8", "0x7fc96c8404f8", "0x7fc96c8404f8", "0x7fc96c8404f8", "0x7fc96c8404f8", "0x7fc96c8404f8", "0x7fc96c8404f8", "0x7fc96c8404f8", "0x7fc96c8404f8", "0x7fc96c8404f8", "0x7fc96c8404f8", "0x7fc96c8404f8", "0x7fc96c8404f8", "0x7fc96c840520", "0x7fc96c840318", "0x7fc96c83bef8", "0x7fc96c83bef8", "0x7fc96c83bef8", "0x7fc96c83b8e0", "0x7fc96c83b840", "0x7fc96c83b7c8", "0x7fc96c83b570"], "memsize":3824, "flags":{"wb_protected":true, "old":true, "marked":true}}
{"address":"0x7fc96c840520", "type":"STRING", "class":"0x7fc96c801668", "frozen":true, "embedded":true, "fstring":true, "bytesize":7, "value":"Process", "encoding":"US-ASCII", "flags":{"wb_protected":true, "old":true, "marked":true}}
{"address":"0x7fc96c840548", "type":"STRING", "class":"0x7fc96c801668", "frozen":true, "embedded":true, "fstring":true, "bytesize":5, "value":"abort", "encoding":"US-ASCII", "flags":{"wb_protected":true, "old":true, "marked":true}}
{"address":"0x7fc96c840570", "type":"STRING", "class":"0x7fc96c801668", "frozen":true, "embedded":true, "fstring":true, "bytesize":4, "value":"exit", "encoding":"US-ASCII", "flags":{"wb_protected":true, "old":true, "marked":true}}
{"address":"0x7fc96c840598", "type":"STRING", "class":"0x7fc96c801668", "frozen":true, "embedded":true, "fstring":true, "bytesize":5, "value":"sleep", "encoding":"US-ASCII", "flags":{"wb_protected":true, "old":true, "marked":true}}
{"address":"0x7fc96c8405c0", "type":"STRING", "class":"0x7fc96c801668", "frozen":true, "embedded":true, "fstring":true, "bytesize":5, "value":"spawn", "encoding":"US-ASCII", "flags":{"wb_protected":true, "old":true, "marked":true}}
{"address":"0x7fc96c8405e8", "type":"STRING", "class":"0x7fc96c801668", "frozen":true, "embedded":true, "fstring":true, "bytesize":6, "value":"system", "encoding":"US-ASCII", "flags":{"wb_protected":true, "old":true, "marked":true}}
{"address":"0x7fc96c840610", "type":"STRING", "class":"0x7fc96c801668", "frozen":true, "embedded":true, "fstring":true, "bytesize":5, "value":"exit!", "encoding":"US-ASCII", "flags":{"wb_protected":true, "old":true, "marked":true}}
{"address":"0x7fc96c840638", "type":"STRING", "class":"0x7fc96c801668", "frozen":true, "embedded":true, "fstring":true, "bytesize":4, "value":"fork", "encoding":"US-ASCII", "flags":{"wb_protected":true, "old":true, "marked":true}}
{"address":"0x7fc96c840660", "type":"STRING", "class":"0x7fc96c801668", "frozen":true, "embedded":true, "fstring":true, "bytesize":4, "value":"exec", "encoding":"US-ASCII", "flags":{"wb_protected":true, "old":true, "marked":true}}
{"address":"0x7fc96c840688", "type":"STRING", "class":"0x7fc96c801668", "frozen":true, "embedded":true, "fstring":true, "bytesize":2, "value":"$$", "encoding":"US-ASCII", "flags":{"wb_protected":true, "old":true, "marked":true}}
{"address":"0x7fc96c8406b0", "type":"STRING", "class":"0x7fc96c801668", "frozen":true, "embedded":true, "fstring":true, "bytesize":2, "value":"$?", "encoding":"US-ASCII", "flags":{"wb_protected":true, "old":true, "marked":true}}
{"address":"0x7fc96c8406d8", "type":"STRING", "class":"0x7fc96c801668", "frozen":true, "embedded":true, "fstring":true, "bytesize":5, "value":"signm", "encoding":"US-ASCII", "flags":{"wb_protected":true, "old":true, "marked":true}}
{"address":"0x7fc96c840700", "type":"STRING", "class":"0x7fc96c801668", "frozen":true, "embedded":true, "fstring":true, "bytesize":5, "value":"signo", "encoding":"US-ASCII", "flags":{"wb_protected":true, "old":true, "marked":true}}
{"address":"0x7fc96c840728", "type":"STRING", "class":"0x7fc96c801668", "frozen":true, "embedded":true, "fstring":true, "bytesize":7, "value":"signame", "encoding":"US-ASCII", "flags":{"wb_protected":true, "old":true, "marked":true}}
{"address":"0x7fc96c840750", "type":"CLASS", "class":"0x7fc96c802e00", "name":"Module", "references":["0x7fc96c840750", "0x7fc96c840750", "0x7fc96c840750", "0x7fc96c8407a0", "0x7fc96c803738"], "memsize":672, "flags":{"wb_protected":true, "old":true, "marked":true}}
{"address":"0x7fc96c840778", "type":"STRING", "class":"0x7fc96c801668", "frozen":true, "embedded":true, "fstring":true, "bytesize":4, "value":"trap", "encoding":"US-ASCII", "flags":{"wb_protected":true, "old":true, "marked":true}}
{"address":"0x7fc96c8407a0", "type":"MODULE", "class":"0x7fc96c840750", "name":"Signal", "references":["0x7fc96c8407a0", "0x7fc96c8407a0", "0x7fc96c8407a0", "0x7fc96c8407c8"], "memsize":672, "flags":{"wb_protected":true, "old":true, "marked":true}}
{"address":"0x7fc96c8407c8", "type":"STRING", "class":"0x7fc96c801668", "frozen":true, "embedded":true, "fstring":true, "bytesize":6, "value":"Signal", "encoding":"US-ASCII", "flags":{"wb_protected":true, "old":true, "marked":true}}
{"address":"0x7fc96c8407f0", "type":"STRING", "class":"0x7fc96c801668", "frozen":true, "embedded":true, "fstring":true, "bytesize":8, "value":"new_seed", "encoding":"US-ASCII", "flags":{"wb_protected":true, "old":true, "marked":true}}
{"address":"0x7fc96c840818", "type":"STRING", "class":"0x7fc96c801668", "frozen":true, "embedded":true, "fstring":true, "bytesize":7, "value":"DEFAULT", "encoding":"US-ASCII", "flags":{"wb_protected":true, "old":true, "marked":true}}
{"address":"0x7fc96c840840", "type":"DATA", "class":"0x7fc96c840908", "struct":"random", "references":["0x7fc96c803f80"], "memsize":2520, "flags":{"remembered":true}}
{"address":"0x7fc96c840868", "type":"STRING", "class":"0x7fc96c801668", "frozen":true, "embedded":true, "fstring":true, "bytesize":4, "value":"left", "encoding":"US-ASCII", "flags":{"wb_protected":true, "old":true, "marked":true}}
{"address":"0x7fc96c840890", "type":"STRING", "class":"0x7fc96c801668", "frozen":true, "embedded":true, "fstring":true, "bytesize":5, "value":"state", "encoding":"US-ASCII", "flags":{"wb_protected":true, "old":true, "marked":true}}
{"address":"0x7fc96c8408b8", "type":"STRING", "class":"0x7fc96c801668", "frozen":true, "embedded":true, "fstring":true, "bytesize":4, "value":"seed", "encoding":"US-ASCII", "flags":{"wb_protected":true, "old":true, "marked":true}}
{"address":"0x7fc96c8408e0", "type":"CLASS", "class":"0x7fc96c802e28", "name":"Class", "references":["0x7fc96c8408e0", "0x7fc96c8408e0", "0x7fc96c8408e0", "0x7fc96c8408e0", "0x7fc96c8408e0", "0x7fc96c840908", "0x7fc96c802dd8"], "memsize":672, "flags":{"wb_protected":true, "old":true, "marked":true}}
{"address":"0x7fc96c840908", "type":"CLASS", "class":"0x7fc96c8408e0", "name":"Random", "references":["0x7fc96c840908", "0x7fc96c840908", "0x7fc96c840908", "0x7fc96c840908", "0x7fc96c840908", "0x7fc96c840908", "0x7fc96c840908", "0x7fc96c840908", "0x7fc96c840908", "0x7fc96c840908", "0x7fc96c840930", "0x7fc96c840840", "0x7fc96c803788"], "memsize":1288, "flags":{"wb_protected":true, "old":true, "marked":true}}
{"address":"0x7fc96c840930", "type":"STRING", "class":"0x7fc96c801668", "frozen":true, "embedded":true, "fstring":true, "bytesize":6, "value":"Random", "encoding":"US-ASCII", "flags":{"wb_protected":true, "old":true, "marked":true}}
{"address":"0x7fc96c840958", "type":"STRING", "class":"0x7fc96c801668", "frozen":true, "embedded":true, "fstring":true, "bytesize":4, "value":"rand", "encoding":"US-ASCII", "flags":{"wb_protected":true, "old":true, "marked":true}}
{"address":"0x7fc96c840980", "type":"STRING", "class":"0x7fc96c801668", "frozen":true, "embedded":true, "fstring":true, "bytesize":5, "value":"srand", "encoding":"US-ASCII", "flags":{"wb_protected":true, "old":true, "marked":true}}
{"address":"0x7fc96c8409a8", "type":"CLASS", "class":"0x7fc96c829eb0", "name":"Class", "references":["0x7fc96c802db0", "0x7fc96c802e28"], "memsize":672, "flags":{"wb_protected":true, "old":true, "marked":true}}
{"address":"0x7fc96c8409d0", "type":"CLASS", "class":"0x7fc96c829f78", "name":"Class", "references":["0x7fc96c802dd8", "0x7fc96c8409a8"], "memsize":672, "flags":{"wb_protected":true, "old":true, "marked":true}}
{"address":"0x7fc96c8409f8", "type":"CLASS", "class":"0x7fc96c829f00", "name":"Class", "references":["0x7fc96c802e00", "0x7fc96c8409d0"], "memsize":672, "flags":{"wb_protected":true, "old":true, "marked":true}}
{"address":"0x7fc96c840a20", "type":"CLASS", "class":"0x7fc96c829f28", "name":"Class", "references":["0x7fc96c802e28", "0x7fc96c8409f8"], "memsize":672, "flags":{"wb_protected":true, "old":true, "marked":true}}
{"address":"0x7fc96c840a48", "type":"CLASS", "class":"0x7fc96c840a20", "name":"Class", "references":["0x7fc96c841128", "0x7fc96c8409d0"], "memsize":672, "flags":{"wb_protected":true, "old":true, "marked":true}}
{"address":"0x7fc96c840a70", "type":"STRING", "class":"0x7fc96c801668", "frozen":true, "embedded":true, "fstring":true, "bytesize":8, "value":"strftime", "encoding":"US-ASCII", "flags":{"wb_protected":true, "old":true, "marked":true}}
{"address":"0x7fc96c840a98", "type":"STRING", "class":"0x7fc96c801668", "frozen":true, "embedded":true, "fstring":true, "bytesize":6, "value":"subsec", "encoding":"US-ASCII", "flags":{"wb_protected":true, "old":true, "marked":true}}
{"address":"0x7fc96c840ac0", "type":"STRING", "class":"0x7fc96c801668", "frozen":true, "embedded":true, "fstring":true, "bytesize":4, "value":"nsec", "encoding":"US-ASCII", "flags":{"wb_protected":true, "old":true, "marked":true}}
{"address":"0x7fc96c840ae8", "type":"STRING", "class":"0x7fc96c801668", "frozen":true, "embedded":true, "fstring":true, "bytesize":7, "value":"tv_nsec", "encoding":"US-ASCII", "flags":{"wb_protected":true, "old":true, "marked":true}}
{"address":"0x7fc96c840b10", "type":"STRING", "class":"0x7fc96c801668", "frozen":true, "embedded":true, "fstring":true, "bytesize":4, "value":"usec", "encoding":"US-ASCII", "flags":{"wb_protected":true, "old":true, "marked":true}}
{"address":"0x7fc96c840b38", "type":"STRING", "class":"0x7fc96c801668", "frozen":true, "embedded":true, "fstring":true, "bytesize":7, "value":"tv_usec", "encoding":"US-ASCII", "flags":{"wb_protected":true, "old":true, "marked":true}}
{"address":"0x7fc96c840b60", "type":"STRING", "class":"0x7fc96c801668", "frozen":true, "embedded":true, "fstring":true, "bytesize":6, "value":"tv_sec", "encoding":"US-ASCII", "flags":{"wb_protected":true, "old":true, "marked":true}}
{"address":"0x7fc96c840b88", "type":"STRING", "class":"0x7fc96c801668", "frozen":true, "embedded":true, "fstring":true, "bytesize":9, "value":"saturday?", "encoding":"US-ASCII", "flags":{"wb_protected":true, "old":true, "marked":true}}
{"address":"0x7fc96c840bb0", "type":"STRING", "class":"0x7fc96c801668", "frozen":true, "embedded":true, "fstring":true, "bytesize":7, "value":"friday?", "encoding":"US-ASCII", "flags":{"wb_protected":true, "old":true, "marked":true}}
{"address":"0x7fc96c840bd8", "type":"STRING", "class":"0x7fc96c801668", "frozen":true, "embedded":true, "fstring":true, "bytesize":9, "value":"thursday?", "encoding":"US-ASCII", "flags":{"wb_protected":true, "old":true, "marked":true}}
{"address":"0x7fc96c840c00", "type":"STRING", "class":"0x7fc96c801668", "frozen":true, "embedded":true, "fstring":true, "bytesize":10, "value":"wednesday?", "encoding":"US-ASCII", "flags":{"wb_protected":true, "old":true, "marked":true}}
{"address":"0x7fc96c840c28", "type":"STRING", "class":"0x7fc96c801668", "frozen":true, "embedded":true, "fstring":true, "bytesize":8, "value":"tuesday?", "encoding":"US-ASCII", "flags":{"wb_protected":true, "old":true, "marked":true}}
{"address":"0x7fc96c840c50", "type":"STRING", "class":"0x7fc96c801668", "frozen":true, "embedded":true, "fstring":true, "bytesize":7, "value":"monday?", "encoding":"US-ASCII", "flags":{"wb_protected":true, "old":true, "marked":true}}
{"address":"0x7fc96c840c78", "type":"STRING", "class":"0x7fc96c801668", "frozen":true, "embedded":true, "fstring":true, "bytesize":7, "value":"sunday?", "encoding":"US-ASCII", "flags":{"wb_protected":true, "old":true, "marked":true}}
{"address":"0x7fc96c840ca0", "type":"STRING", "class":"0x7fc96c801668", "frozen":true, "embedded":true, "fstring":true, "bytesize":4, "value":"gmt?", "encoding":"US-ASCII", "flags":{"wb_protected":true, "old":true, "marked":true}}
{"address":"0x7fc96c840cc8", "type":"STRING", "class":"0x7fc96c801668", "frozen":true, "embedded":true, "fstring":true, "bytesize":4, "value":"utc?", "encoding":"US-ASCII", "flags":{"wb_protected":true, "old":true, "marked":true}}
{"address":"0x7fc96c840cf0", "type":"STRING", "class":"0x7fc96c801668", "frozen":true, "embedded":true, "fstring":true, "bytesize":10, "value":"utc_offset", "encoding":"US-ASCII", "flags":{"wb_protected":true, "old":true, "marked":true}}
{"address":"0x7fc96c840d18", "type":"STRING", "class":"0x7fc96c801668", "frozen":true, "embedded":true, "fstring":true, "bytesize":10, "value":"gmt_offset", "encoding":"US-ASCII", "flags":{"wb_protected":true, "old":true, "marked":true}}
{"address":"0x7fc96c840d40", "type":"STRING", "class":"0x7fc96c801668", "frozen":true, "embedded":true, "fstring":true, "bytesize":6, "value":"gmtoff", "encoding":"US-ASCII", "flags":{"wb_protected":true, "old":true, "marked":true}}
{"address":"0x7fc96c840d68", "type":"STRING", "class":"0x7fc96c801668", "frozen":true, "embedded":true, "fstring":true, "bytesize":4, "value":"dst?", "encoding":"US-ASCII", "flags":{"wb_protected":true, "old":true, "marked":true}}
{"address":"0x7fc96c840d90", "type":"STRING", "class":"0x7fc96c801668", "frozen":true, "embedded":true, "fstring":true, "bytesize":5, "value":"isdst", "encoding":"US-ASCII", "flags":{"wb_protected":true, "old":true, "marked":true}}
{"address":"0x7fc96c840db8", "type":"STRING", "class":"0x7fc96c801668", "frozen":true, "embedded":true, "fstring":true, "bytesize":4, "value":"yday", "encoding":"US-ASCII", "flags":{"wb_protected":true, "old":true, "marked":true}}
{"address":"0x7fc96c840de0", "type":"STRING", "class":"0x7fc96c801668", "frozen":true, "embedded":true, "fstring":true, "bytesize":4, "value":"wday", "encoding":"US-ASCII", "flags":{"wb_protected":true, "old":true, "marked":true}}
{"address":"0x7fc96c840e08", "type":"STRING", "class":"0x7fc96c801668", "frozen":true, "embedded":true, "fstring":true, "bytesize":4, "value":"year", "encoding":"US-ASCII", "flags":{"wb_protected":true, "old":true, "marked":true}}
{"address":"0x7fc96c840e30", "type":"STRING", "class":"0x7fc96c801668", "frozen":true, "embedded":true, "fstring":true, "bytesize":5, "value":"month", "encoding":"US-ASCII", "flags":{"wb_protected":true, "old":true, "marked":true}}
{"address":"0x7fc96c840e58", "type":"STRING", "class":"0x7fc96c801668", "frozen":true, "embedded":true, "fstring":true, "bytesize":3, "value":"mon", "encoding":"US-ASCII", "flags":{"wb_protected":true, "old":true, "marked":true}}
{"address":"0x7fc96c840e80", "type":"STRING", "class":"0x7fc96c801668", "frozen":true, "embedded":true, "fstring":true, "bytesize":3, "value":"day", "encoding":"US-ASCII", "flags":{"wb_protected":true, "old":true, "marked":true}}
{"address":"0x7fc96c840ea8", "type":"STRING", "class":"0x7fc96c801668", "frozen":true, "embedded":true, "fstring":true, "bytesize":4, "value":"mday", "encoding":"US-ASCII", "flags":{"wb_protected":true, "old":true, "marked":true}}
{"address":"0x7fc96c840ed0", "type":"STRING", "class":"0x7fc96c801668", "frozen":true, "embedded":true, "fstring":true, "bytesize":4, "value":"hour", "encoding":"US-ASCII", "flags":{"wb_protected":true, "old":true, "marked":true}}
{"address":"0x7fc96c840ef8", "type":"STRING", "class":"0x7fc96c801668", "frozen":true, "embedded":true, "fstring":true, "bytesize":3, "value":"sec", "encoding":"US-ASCII", "flags":{"wb_protected":true, "old":true, "marked":true}}
{"address":"0x7fc96c840f20", "type":"STRING", "class":"0x7fc96c801668", "frozen":true, "embedded":true, "fstring":true, "bytesize":7, "value":"asctime", "encoding":"US-ASCII", "flags":{"wb_protected":true, "old":true, "marked":true}}
{"address":"0x7fc96c840f48", "type":"STRING", "class":"0x7fc96c801668", "frozen":true, "embedded":true, "fstring":true, "bytesize":6, "value":"getutc", "encoding":"US-ASCII", "flags":{"wb_protected":true, "old":true, "marked":true}}
{"address":"0x7fc96c840f70", "type":"STRING", "class":"0x7fc96c801668", "frozen":true, "embedded":true, "fstring":true, "bytesize":5, "value":"getgm", "encoding":"US-ASCII", "flags":{"wb_protected":true, "old":true, "marked":true}}
{"address":"0x7fc96c840f98", "type":"STRING", "class":"0x7fc96c801668", "frozen":true, "embedded":true, "fstring":true, "bytesize":8, "value":"getlocal", "encoding":"US-ASCII", "flags":{"wb_protected":true, "old":true, "marked":true}}
{"address":"0x7fc96c840fc0", "type":"STRING", "class":"0x7fc96c801668", "frozen":true, "embedded":true, "fstring":true, "bytesize":6, "value":"gmtime", "encoding":"US-ASCII", "flags":{"wb_protected":true, "old":true, "marked":true}}
{"address":"0x7fc96c840fe8", "type":"STRING", "class":"0x7fc96c801668", "frozen":true, "embedded":true, "fstring":true, "bytesize":9, "value":"localtime", "encoding":"US-ASCII", "flags":{"wb_protected":true, "old":true, "marked":true}}
{"address":"0x7fc96c841010", "type":"STRING", "class":"0x7fc96c801668", "frozen":true, "embedded":true, "fstring":true, "bytesize":4, "value":"to_r", "encoding":"US-ASCII", "flags":{"wb_protected":true, "old":true, "marked":true}}
{"address":"0x7fc96c841038", "type":"STRING", "class":"0x7fc96c801668", "frozen":true, "embedded":true, "fstring":true, "bytesize":6, "value":"mktime", "encoding":"US-ASCII", "flags":{"wb_protected":true, "old":true, "marked":true}}
{"address":"0x7fc96c841060", "type":"STRING", "class":"0x7fc96c801668", "frozen":true, "embedded":true, "fstring":true, "bytesize":5, "value":"local", "encoding":"US-ASCII", "flags":{"wb_protected":true, "old":true, "marked":true}}
{"address":"0x7fc96c841088", "type":"STRING", "class":"0x7fc96c801668", "frozen":true, "embedded":true, "fstring":true, "bytesize":2, "value":"gm", "encoding":"US-ASCII", "flags":{"wb_protected":true, "old":true, "marked":true}}
{"address":"0x7fc96c8410b0", "type":"STRING", "class":"0x7fc96c801668", "frozen":true, "embedded":true, "fstring":true, "bytesize":3, "value":"utc", "encoding":"US-ASCII", "flags":{"wb_protected":true, "old":true, "marked":true}}
{"address":"0x7fc96c8410d8", "type":"STRING", "class":"0x7fc96c801668", "frozen":true, "embedded":true, "fstring":true, "bytesize":3, "value":"now", "encoding":"US-ASCII", "flags":{"wb_protected":true, "old":true, "marked":true}}
{"address":"0x7fc96c841100", "type":"ICLASS", "class":"0x7fc96c801e60", "references":["0x7fc96c801e88", "0x7fc96c803788"], "flags":{"remembered":true}}
{"address":"0x7fc96c841128", "type":"CLASS", "class":"0x7fc96c840a48", "name":"Class", "references":["0x7fc96c841128", "0x7fc96c841128", "0x7fc96c841128", "0x7fc96c841128", "0x7fc96c841128", "0x7fc96c841128", "0x7fc96c841128", "0x7fc96c841150", "0x7fc96c802dd8"], "memsize":952, "flags":{"wb_protected":true, "old":true, "marked":true}}
{"address":"0x7fc96c841150", "type":"CLASS", "class":"0x7fc96c841128", "name":"Time", "references":["0x7fc96c841150", "0x7fc96c841150", "0x7fc96c841150", "0x7fc96c841150", "0x7fc96c841150", "0x7fc96c841150", "0x7fc96c841150", "0x7fc96c841150", "0x7fc96c841150", "0x7fc96c841150", "0x7fc96c841150", "0x7fc96c841150", "0x7fc96c841150", "0x7fc96c841150", "0x7fc96c841150", "0x7fc96c841150", "0x7fc96c841150", "0x7fc96c841150", "0x7fc96c841150", "0x7fc96c841150", "0x7fc96c841150", "0x7fc96c841150", "0x7fc96c841150", "0x7fc96c841150", "0x7fc96c841150", "0x7fc96c841150", "0x7fc96c841150", "0x7fc96c841150", "0x7fc96c841150", "0x7fc96c841150", "0x7fc96c841150", "0x7fc96c841150", "0x7fc96c841150", "0x7fc96c841150", "0x7fc96c841150", "0x7fc96c841150", "0x7fc96c841150", "0x7fc96c841150", "0x7fc96c841150", "0x7fc96c841150", "0x7fc96c841150", "0x7fc96c841150", "0x7fc96c841150", "0x7fc96c841150", "0x7fc96c841150", "0x7fc96c841150", "0x7fc96c841150", "0x7fc96c841150", "0x7fc96c841150", "0x7fc96c841150", "0x7fc96c841150", "0x7fc96c841150", "0x7fc96c841150", "0x7fc96c841150", "0x7fc96c841150", "0x7fc96c841150", "0x7fc96c841178", "0x7fc96c841100"], "memsize":3304, "flags":{"wb_protected":true, "old":true, "marked":true}}
{"address":"0x7fc96c841178", "type":"STRING", "class":"0x7fc96c801668", "frozen":true, "embedded":true, "fstring":true, "bytesize":4, "value":"Time", "encoding":"US-ASCII", "flags":{"wb_protected":true, "old":true, "marked":true}}
{"address":"0x7fc96c8411a0", "type":"STRING", "class":"0x7fc96c801668", "frozen":true, "embedded":true, "fstring":true, "bytesize":4, "value":"zone", "encoding":"US-ASCII", "flags":{"wb_protected":true, "old":true, "marked":true}}
{"address":"0x7fc96c8411c8", "type":"STRING", "class":"0x7fc96c801668", "frozen":true, "embedded":true, "fstring":true, "bytesize":8, "value":"nano_den", "encoding":"US-ASCII", "flags":{"wb_protected":true, "old":true, "marked":true}}
{"address":"0x7fc96c8411f0", "type":"STRING", "class":"0x7fc96c801668", "frozen":true, "embedded":true, "fstring":true, "bytesize":8, "value":"nano_num", "encoding":"US-ASCII", "flags":{"wb_protected":true, "old":true, "marked":true}}
{"address":"0x7fc96c841218", "type":"STRING", "class":"0x7fc96c801668", "frozen":true, "embedded":true, "fstring":true, "bytesize":8, "value":"submicro", "encoding":"US-ASCII", "flags":{"wb_protected":true, "old":true, "marked":true}}
{"address":"0x7fc96c841240", "type":"STRING", "class":"0x7fc96c801668", "frozen":true, "embedded":true, "fstring":true, "bytesize":11, "value":"FNM_SYSCASE", "encoding":"US-ASCII", "flags":{"wb_protected":true, "old":true, "marked":true}}
{"address":"0x7fc96c841268", "type":"STRING", "class":"0x7fc96c801668", "frozen":true, "embedded":true, "fstring":true, "bytesize":11, "value":"FNM_EXTGLOB", "encoding":"US-ASCII", "flags":{"wb_protected":true, "old":true, "marked":true}}
{"address":"0x7fc96c841290", "type":"STRING", "class":"0x7fc96c801668", "frozen":true, "embedded":true, "fstring":true, "bytesize":12, "value":"FNM_CASEFOLD", "encoding":"US-ASCII", "flags":{"wb_protected":true, "old":true, "marked":true}}
{"address":"0x7fc96c8412b8", "type":"STRING", "class":"0x7fc96c801668", "frozen":true, "embedded":true, "fstring":true, "bytesize":12, "value":"FNM_DOTMATCH", "encoding":"US-ASCII", "flags":{"wb_protected":true, "old":true, "marked":true}}
{"address":"0x7fc96c8412e0", "type":"STRING", "class":"0x7fc96c801668", "frozen":true, "embedded":true, "fstring":true, "bytesize":12, "value":"FNM_PATHNAME", "encoding":"US-ASCII", "flags":{"wb_protected":true, "old":true, "marked":true}}
{"address":"0x7fc96c841308", "type":"STRING", "class":"0x7fc96c801668", "frozen":true, "embedded":true, "fstring":true, "bytesize":12, "value":"FNM_NOESCAPE", "encoding":"US-ASCII", "flags":{"wb_protected":true, "old":true, "marked":true}}
{"address":"0x7fc96c841330", "type":"STRING", "class":"0x7fc96c801668", "frozen":true, "embedded":true, "fstring":true, "bytesize":8, "value":"fnmatch?", "encoding":"US-ASCII", "flags":{"wb_protected":true, "old":true, "marked":true}}
{"address":"0x7fc96c841358", "type":"STRING", "class":"0x7fc96c801668", "frozen":true, "embedded":true, "fstring":true, "bytesize":7, "value":"fnmatch", "encoding":"US-ASCII", "flags":{"wb_protected":true, "old":true, "marked":true}}
{"address":"0x7fc96c841380", "type":"STRING", "class":"0x7fc96c801668", "frozen":true, "embedded":true, "fstring":true, "bytesize":4, "value":"glob", "encoding":"US-ASCII", "flags":{"wb_protected":true, "old":true, "marked":true}}
{"address":"0x7fc96c8413a8", "type":"STRING", "class":"0x7fc96c801668", "frozen":true, "embedded":true, "fstring":true, "bytesize":4, "value":"home", "encoding":"US-ASCII", "flags":{"wb_protected":true, "old":true, "marked":true}}
{"address":"0x7fc96c8413d0", "type":"STRING", "class":"0x7fc96c801668", "frozen":true, "embedded":true, "fstring":true, "bytesize":5, "value":"rmdir", "encoding":"US-ASCII", "flags":{"wb_protected":true, "old":true, "marked":true}}
{"address":"0x7fc96c8413f8", "type":"STRING", "class":"0x7fc96c801668", "frozen":true, "embedded":true, "fstring":true, "bytesize":5, "value":"mkdir", "encoding":"US-ASCII", "flags":{"wb_protected":true, "old":true, "marked":true}}
{"address":"0x7fc96c841420", "type":"STRING", "class":"0x7fc96c801668", "frozen":true, "embedded":true, "fstring":true, "bytesize":6, "value":"chroot", "encoding":"US-ASCII", "flags":{"wb_protected":true, "old":true, "marked":true}}
{"address":"0x7fc96c841448", "type":"STRING", "class":"0x7fc96c801668", "frozen":true, "embedded":true, "fstring":true, "bytesize":3, "value":"pwd", "encoding":"US-ASCII", "flags":{"wb_protected":true, "old":true, "marked":true}}
{"address":"0x7fc96c841470", "type":"STRING", "class":"0x7fc96c801668", "frozen":true, "embedded":true, "fstring":true, "bytesize":5, "value":"getwd", "encoding":"US-ASCII", "flags":{"wb_protected":true, "old":true, "marked":true}}
{"address":"0x7fc96c841498", "type":"STRING", "class":"0x7fc96c801668", "frozen":true, "embedded":true, "fstring":true, "bytesize":5, "value":"chdir", "encoding":"US-ASCII", "flags":{"wb_protected":true, "old":true, "marked":true}}
{"address":"0x7fc96c8414c0", "type":"ICLASS", "class":"0x7fc96c801de8", "references":["0x7fc96c801e10", "0x7fc96c803788"], "flags":{"remembered":true}}
{"address":"0x7fc96c8414e8", "type":"CLASS", "class":"0x7fc96c802e28", "name":"Class", "references":["0x7fc96c8414e8", "0x7fc96c8414e8", "0x7fc96c8414e8", "0x7fc96c8414e8", "0x7fc96c8414e8", "0x7fc96c8414e8", "0x7fc96c8414e8", "0x7fc96c8414e8", "0x7fc96c8414e8", "0x7fc96c8414e8", "0x7fc96c8414e8", "0x7fc96c8414e8", "0x7fc96c8414e8", "0x7fc96c8414e8", "0x7fc96c8414e8", "0x7fc96c8414e8", "0x7fc96c841510", "0x7fc96c802dd8"], "memsize":1384, "flags":{"wb_protected":true, "old":true, "marked":true}}
{"address":"0x7fc96c841510", "type":"CLASS", "class":"0x7fc96c8414e8", "name":"Dir", "references":["0x7fc96c841510", "0x7fc96c841510", "0x7fc96c841510", "0x7fc96c841510", "0x7fc96c841510", "0x7fc96c841510", "0x7fc96c841510", "0x7fc96c841510", "0x7fc96c841510", "0x7fc96c841510", "0x7fc96c841510", "0x7fc96c841510", "0x7fc96c841538", "0x7fc96c8414c0"], "memsize":1192, "flags":{"wb_protected":true, "old":true, "marked":true}}
{"address":"0x7fc96c841538", "type":"STRING", "class":"0x7fc96c801668", "frozen":true, "embedded":true, "fstring":true, "bytesize":3, "value":"Dir", "encoding":"US-ASCII", "flags":{"wb_protected":true, "old":true, "marked":true}}
{"address":"0x7fc96c841560", "type":"STRING", "class":"0x7fc96c801668", "frozen":true, "embedded":true, "fstring":true, "bytesize":3, "value":"END", "encoding":"US-ASCII", "flags":{"wb_protected":true, "old":true, "marked":true}}
{"address":"0x7fc96c841588", "type":"STRING", "class":"0x7fc96c801668", "frozen":true, "embedded":true, "fstring":true, "bytesize":3, "value":"CUR", "encoding":"US-ASCII", "flags":{"wb_protected":true, "old":true, "marked":true}}
{"address":"0x7fc96c8415b0", "type":"STRING", "class":"0x7fc96c801668", "frozen":true, "embedded":true, "fstring":true, "bytesize":3, "value":"SET", "encoding":"US-ASCII", "flags":{"wb_protected":true, "old":true, "marked":true}}
{"address":"0x7fc96c8415d8", "type":"STRING", "class":"0x7fc96c801668", "frozen":true, "embedded":true, "fstring":true, "bytesize":7, "value":"noreuse", "encoding":"US-ASCII", "flags":{"wb_protected":true, "old":true, "marked":true}}
{"address":"0x7fc96c841600", "type":"STRING", "class":"0x7fc96c801668", "frozen":true, "embedded":true, "fstring":true, "bytesize":8, "value":"dontneed", "encoding":"US-ASCII", "flags":{"wb_protected":true, "old":true, "marked":true}}
{"address":"0x7fc96c841628", "type":"STRING", "class":"0x7fc96c801668", "frozen":true, "embedded":true, "fstring":true, "bytesize":8, "value":"willneed", "encoding":"US-ASCII", "flags":{"wb_protected":true, "old":true, "marked":true}}
{"address":"0x7fc96c841650", "type":"STRING", "class":"0x7fc96c801668", "frozen":true, "embedded":true, "fstring":true, "bytesize":10, "value":"sequential", "encoding":"US-ASCII", "flags":{"wb_protected":true, "old":true, "marked":true}}
{"address":"0x7fc96c841678", "type":"STRING", "class":"0x7fc96c801668", "frozen":true, "embedded":true, "fstring":true, "bytesize":6, "value":"normal", "encoding":"US-ASCII", "flags":{"wb_protected":true, "old":true, "marked":true}}
{"address":"0x7fc96c8416a0", "type":"STRING", "class":"0x7fc96c801668", "frozen":true, "embedded":true, "fstring":true, "bytesize":8, "value":"textmode", "encoding":"US-ASCII", "flags":{"wb_protected":true, "old":true, "marked":true}}
{"address":"0x7fc96c8416c8", "type":"STRING", "class":"0x7fc96c801668", "frozen":true, "embedded":true, "fstring":true, "bytesize":9, "value":"open_args", "encoding":"US-ASCII", "flags":{"wb_protected":true, "old":true, "marked":true}}
{"address":"0x7fc96c8416f0", "type":"STRING", "class":"0x7fc96c801668", "frozen":true, "embedded":true, "fstring":true, "bytesize":4, "value":"perm", "encoding":"US-ASCII", "flags":{"wb_protected":true, "old":true, "marked":true}}
{"address":"0x7fc96c841718", "type":"STRING", "class":"0x7fc96c801668", "frozen":true, "embedded":true, "fstring":true, "bytesize":6, "value":"blocks", "encoding":"US-ASCII", "flags":{"wb_protected":true, "old":true, "marked":true}}
{"address":"0x7fc96c841740", "type":"STRING", "class":"0x7fc96c801668", "frozen":true, "embedded":true, "fstring":true, "bytesize":7, "value":"blksize", "encoding":"US-ASCII", "flags":{"wb_protected":true, "old":true, "marked":true}}
{"address":"0x7fc96c841768", "type":"STRING", "class":"0x7fc96c801668", "frozen":true, "embedded":true, "fstring":true, "bytesize":10, "value":"rdev_minor", "encoding":"US-ASCII", "flags":{"wb_protected":true, "old":true, "marked":true}}
{"address":"0x7fc96c841790", "type":"STRING", "class":"0x7fc96c801668", "frozen":true, "embedded":true, "fstring":true, "bytesize":10, "value":"rdev_major", "encoding":"US-ASCII", "flags":{"wb_protected":true, "old":true, "marked":true}}
{"address":"0x7fc96c8417b8", "type":"STRING", "class":"0x7fc96c801668", "frozen":true, "embedded":true, "fstring":true, "bytesize":4, "value":"rdev", "encoding":"US-ASCII", "flags":{"wb_protected":true, "old":true, "marked":true}}
{"address":"0x7fc96c8417e0", "type":"STRING", "class":"0x7fc96c801668", "frozen":true, "embedded":true, "fstring":true, "bytesize":3, "value":"gid", "encoding":"US-ASCII", "flags":{"wb_protected":true, "old":true, "marked":true}}
{"address":"0x7fc96c841808", "type":"STRING", "class":"0x7fc96c801668", "frozen":true, "embedded":true, "fstring":true, "bytesize":3, "value":"uid", "encoding":"US-ASCII", "flags":{"wb_protected":true, "old":true, "marked":true}}
{"address":"0x7fc96c841830", "type":"STRING", "class":"0x7fc96c801668", "frozen":true, "embedded":true, "fstring":true, "bytesize":5, "value":"nlink", "encoding":"US-ASCII", "flags":{"wb_protected":true, "old":true, "marked":true}}
{"address":"0x7fc96c841858", "type":"STRING", "class":"0x7fc96c801668", "frozen":true, "embedded":true, "fstring":true, "bytesize":4, "value":"mode", "encoding":"US-ASCII", "flags":{"wb_protected":true, "old":true, "marked":true}}
{"address":"0x7fc96c841880", "type":"STRING", "class":"0x7fc96c801668", "frozen":true, "embedded":true, "fstring":true, "bytesize":3, "value":"ino", "encoding":"US-ASCII", "flags":{"wb_protected":true, "old":true, "marked":true}}
{"address":"0x7fc96c8418a8", "type":"STRING", "class":"0x7fc96c801668", "frozen":true, "embedded":true, "fstring":true, "bytesize":9, "value":"dev_minor", "encoding":"US-ASCII", "flags":{"wb_protected":true, "old":true, "marked":true}}
{"address":"0x7fc96c8418d0", "type":"STRING", "class":"0x7fc96c801668", "frozen":true, "embedded":true, "fstring":true, "bytesize":9, "value":"dev_major", "encoding":"US-ASCII", "flags":{"wb_protected":true, "old":true, "marked":true}}
{"address":"0x7fc96c8418f8", "type":"STRING", "class":"0x7fc96c801668", "frozen":true, "embedded":true, "fstring":true, "bytesize":3, "value":"dev", "encoding":"US-ASCII", "flags":{"wb_protected":true, "old":true, "marked":true}}
{"address":"0x7fc96c841920", "type":"ICLASS", "class":"0x7fc96c801e60", "references":["0x7fc96c801e88", "0x7fc96c803788"], "flags":{"remembered":true}}
{"address":"0x7fc96c841948", "type":"STRING", "class":"0x7fc96c801668", "frozen":true, "embedded":true, "bytesize":10, "value":"File::Stat", "encoding":"US-ASCII", "flags":{"wb_protected":true, "old":true, "marked":true}}
{"address":"0x7fc96c841970", "type":"CLASS", "class":"0x7fc96c802e28", "name":"Class", "references":["0x7fc96c841998", "0x7fc96c802dd8"], "memsize":672, "flags":{"wb_protected":true, "old":true, "marked":true}}
{"address":"0x7fc96c841998", "type":"CLASS", "class":"0x7fc96c841970", "name":"File::Stat", "references":["0x7fc96c841998", "0x7fc96c841998", "0x7fc96c841998", "0x7fc96c841998", "0x7fc96c841998", "0x7fc96c841998", "0x7fc96c841998", "0x7fc96c841998", "0x7fc96c841998", "0x7fc96c841998", "0x7fc96c841998", "0x7fc96c841998", "0x7fc96c841998", "0x7fc96c841998", "0x7fc96c841998", "0x7fc96c841998", "0x7fc96c841998", "0x7fc96c841998", "0x7fc96c841998", "0x7fc96c841998", "0x7fc96c841998", "0x7fc96c841998", "0x7fc96c841998", "0x7fc96c841998", "0x7fc96c841998", "0x7fc96c841998", "0x7fc96c841998", "0x7fc96c841998", "0x7fc96c841998", "0x7fc96c841998", "0x7fc96c841998", "0x7fc96c841998", "0x7fc96c841998", "0x7fc96c841998", "0x7fc96c841998", "0x7fc96c841998", "0x7fc96c841998", "0x7fc96c841998", "0x7fc96c841998", "0x7fc96c841998", "0x7fc96c841998", "0x7fc96c841998", "0x7fc96c841998", "0x7fc96c841998", "0x7fc96c841948", "0x7fc96c841920"], "memsize":2728, "flags":{"wb_protected":true, "old":true, "marked":true}}
{"address":"0x7fc96c8419c0", "type":"STRING", "class":"0x7fc96c801668", "frozen":true, "embedded":true, "fstring":true, "bytesize":4, "value":"Stat", "encoding":"US-ASCII", "flags":{"wb_protected":true, "old":true, "marked":true}}
{"address":"0x7fc96c8419e8", "type":"STRING", "class":"0x7fc96c801668", "frozen":true, "embedded":true, "fstring":true, "bytesize":4, "value":"test", "encoding":"US-ASCII", "flags":{"wb_protected":true, "old":true, "marked":true}}
{"address":"0x7fc96c841a10", "type":"STRING", "class":"0x7fc96c801668", "frozen":true, "embedded":true, "fstring":true, "bytesize":7, "value":"to_path", "encoding":"US-ASCII", "flags":{"wb_protected":true, "old":true, "marked":true}}
{"address":"0x7fc96c841a38", "type":"STRING", "class":"0x7fc96c801668", "frozen":true, "embedded":true, "fstring":true, "bytesize":4, "value":"NULL", "encoding":"US-ASCII", "flags":{"wb_protected":true, "old":true, "marked":true}}
{"address":"0x7fc96c841a60", "type":"STRING", "class":"0x7fc96c801668", "frozen":true, "embedded":true, "bytesize":9, "value":"/dev/null", "encoding":"US-ASCII", "flags":{"wb_protected":true, "old":true, "marked":true}}
{"address":"0x7fc96c841a88", "type":"STRING", "class":"0x7fc96c801668", "frozen":true, "embedded":true, "fstring":true, "bytesize":7, "value":"LOCK_NB", "encoding":"US-ASCII", "flags":{"wb_protected":true, "old":true, "marked":true}}
{"address":"0x7fc96c841ab0", "type":"STRING", "class":"0x7fc96c801668", "frozen":true, "embedded":true, "fstring":true, "bytesize":7, "value":"LOCK_UN", "encoding":"US-ASCII", "flags":{"wb_protected":true, "old":true, "marked":true}}
{"address":"0x7fc96c841ad8", "type":"STRING", "class":"0x7fc96c801668", "frozen":true, "embedded":true, "fstring":true, "bytesize":7, "value":"LOCK_EX", "encoding":"US-ASCII", "flags":{"wb_protected":true, "old":true, "marked":true}}
{"address":"0x7fc96c841b00", "type":"STRING", "class":"0x7fc96c801668", "frozen":true, "embedded":true, "fstring":true, "bytesize":7, "value":"LOCK_SH", "encoding":"US-ASCII", "flags":{"wb_protected":true, "old":true, "marked":true}}
{"address":"0x7fc96c841b28", "type":"STRING", "class":"0x7fc96c801668", "frozen":true, "embedded":true, "fstring":true, "bytesize":8, "value":"NOFOLLOW", "encoding":"US-ASCII", "flags":{"wb_protected":true, "old":true, "marked":true}}
{"address":"0x7fc96c841b50", "type":"STRING", "class":"0x7fc96c801668", "frozen":true, "embedded":true, "fstring":true, "bytesize":5, "value":"DSYNC", "encoding":"US-ASCII", "flags":{"wb_protected":true, "old":true, "marked":true}}
{"address":"0x7fc96c841b78", "type":"STRING", "class":"0x7fc96c801668", "frozen":true, "embedded":true, "fstring":true, "bytesize":4, "value":"SYNC", "encoding":"US-ASCII", "flags":{"wb_protected":true, "old":true, "marked":true}}
{"address":"0x7fc96c841ba0", "type":"STRING", "class":"0x7fc96c801668", "frozen":true, "embedded":true, "fstring":true, "bytesize":6, "value":"BINARY", "encoding":"US-ASCII", "flags":{"wb_protected":true, "old":true, "marked":true}}
{"address":"0x7fc96c841bc8", "type":"STRING", "class":"0x7fc96c801668", "frozen":true, "embedded":true, "fstring":true, "bytesize":6, "value":"NOCTTY", "encoding":"US-ASCII", "flags":{"wb_protected":true, "old":true, "marked":true}}
{"address":"0x7fc96c841bf0", "type":"STRING", "class":"0x7fc96c801668", "frozen":true, "embedded":true, "fstring":true, "bytesize":5, "value":"TRUNC", "encoding":"US-ASCII", "flags":{"wb_protected":true, "old":true, "marked":true}}
{"address":"0x7fc96c841c18", "type":"STRING", "class":"0x7fc96c801668", "frozen":true, "embedded":true, "fstring":true, "bytesize":8, "value":"NONBLOCK", "encoding":"US-ASCII", "flags":{"wb_protected":true, "old":true, "marked":true}}
{"address":"0x7fc96c841c40", "type":"STRING", "class":"0x7fc96c801668", "frozen":true, "embedded":true, "fstring":true, "bytesize":4, "value":"EXCL", "encoding":"US-ASCII", "flags":{"wb_protected":true, "old":true, "marked":true}}
{"address":"0x7fc96c841c68", "type":"STRING", "class":"0x7fc96c801668", "frozen":true, "embedded":true, "fstring":true, "bytesize":5, "value":"CREAT", "encoding":"US-ASCII", "flags":{"wb_protected":true, "old":true, "marked":true}}
{"address":"0x7fc96c841c90", "type":"STRING", "class":"0x7fc96c801668", "frozen":true, "embedded":true, "fstring":true, "bytesize":6, "value":"APPEND", "encoding":"US-ASCII", "flags":{"wb_protected":true, "old":true, "marked":true}}
{"address":"0x7fc96c841cb8", "type":"STRING", "class":"0x7fc96c801668", "frozen":true, "embedded":true, "fstring":true, "bytesize":4, "value":"RDWR", "encoding":"US-ASCII", "flags":{"wb_protected":true, "old":true, "marked":true}}
{"address":"0x7fc96c841ce0", "type":"STRING", "class":"0x7fc96c801668", "frozen":true, "embedded":true, "fstring":true, "bytesize":6, "value":"WRONLY", "encoding":"US-ASCII", "flags":{"wb_protected":true, "old":true, "marked":true}}
{"address":"0x7fc96c841d08", "type":"STRING", "class":"0x7fc96c801668", "frozen":true, "embedded":true, "fstring":true, "bytesize":6, "value":"RDONLY", "encoding":"US-ASCII", "flags":{"wb_protected":true, "old":true, "marked":true}}
{"address":"0x7fc96c841d30", "type":"ICLASS", "class":"0x7fc96c841d80", "references":["0x7fc96c841d58", "0x7fc96c841a60", "0x7fc96c843a18"], "flags":{"remembered":true}}
{"address":"0x7fc96c841d58", "type":"STRING", "class":"0x7fc96c801668", "frozen":true, "embedded":true, "bytesize":15, "value":"File::Constants", "encoding":"US-ASCII", "flags":{"wb_protected":true, "old":true, "marked":true}}
{"address":"0x7fc96c841d80", "type":"MODULE", "class":"0x7fc96c803738", "name":"File::Constants", "references":["0x7fc96c841d58", "0x7fc96c841a60"], "memsize":1960, "flags":{"remembered":true}}
{"address":"0x7fc96c841da8", "type":"STRING", "class":"0x7fc96c801668", "frozen":true, "embedded":true, "fstring":true, "bytesize":9, "value":"Constants", "encoding":"US-ASCII", "flags":{"wb_protected":true, "old":true, "marked":true}}
{"address":"0x7fc96c841dd0", "type":"STRING", "class":"0x7fc96c801668", "frozen":true, "embedded":true, "fstring":true, "bytesize":5, "value":"flock", "encoding":"US-ASCII", "flags":{"wb_protected":true, "old":true, "marked":true}}
{"address":"0x7fc96c841df8", "type":"STRING", "class":"0x7fc96c801668", "frozen":true, "embedded":true, "fstring":true, "bytesize":14, "value":"PATH_SEPARATOR", "encoding":"US-ASCII", "flags":{"wb_protected":true, "old":true, "marked":true}}
{"address":"0x7fc96c841e20", "type":"STRING", "class":"0x7fc96c801668", "frozen":true, "embedded":true, "bytesize":1, "value":":", "flags":{"wb_protected":true, "old":true, "marked":true}}
{"address":"0x7fc96c841e48", "type":"STRING", "class":"0x7fc96c801668", "frozen":true, "embedded":true, "fstring":true, "bytesize":13, "value":"ALT_SEPARATOR", "encoding":"US-ASCII", "flags":{"wb_protected":true, "old":true, "marked":true}}
{"address":"0x7fc96c841e70", "type":"STRING", "class":"0x7fc96c801668", "frozen":true, "embedded":true, "fstring":true, "bytesize":9, "value":"SEPARATOR", "encoding":"US-ASCII", "flags":{"wb_protected":true, "old":true, "marked":true}}
{"address":"0x7fc96c841e98", "type":"STRING", "class":"0x7fc96c801668", "frozen":true, "embedded":true, "fstring":true, "bytesize":9, "value":"Separator", "encoding":"US-ASCII", "flags":{"wb_protected":true, "old":true, "marked":true}}
{"address":"0x7fc96c841ec0", "type":"STRING", "class":"0x7fc96c801668", "frozen":true, "embedded":true, "bytesize":1, "value":"/", "encoding":"US-ASCII", "flags":{"wb_protected":true, "old":true, "marked":true}}
{"address":"0x7fc96c841ee8", "type":"STRING", "class":"0x7fc96c801668", "frozen":true, "embedded":true, "fstring":true, "bytesize":7, "value":"extname", "encoding":"US-ASCII", "flags":{"wb_protected":true, "old":true, "marked":true}}
{"address":"0x7fc96c841f10", "type":"STRING", "class":"0x7fc96c801668", "frozen":true, "embedded":true, "fstring":true, "bytesize":7, "value":"dirname", "encoding":"US-ASCII", "flags":{"wb_protected":true, "old":true, "marked":true}}
{"address":"0x7fc96c841f38", "type":"STRING", "class":"0x7fc96c801668", "frozen":true, "embedded":true, "fstring":true, "bytesize":8, "value":"basename", "encoding":"US-ASCII", "flags":{"wb_protected":true, "old":true, "marked":true}}
{"address":"0x7fc96c841f60", "type":"STRING", "class":"0x7fc96c801668", "frozen":true, "embedded":true, "fstring":true, "bytesize":11, "value":"realdirpath", "encoding":"US-ASCII", "flags":{"wb_protected":true, "old":true, "marked":true}}
{"address":"0x7fc96c841f88", "type":"STRING", "class":"0x7fc96c801668", "frozen":true, "embedded":true, "fstring":true, "bytesize":8, "value":"realpath", "encoding":"US-ASCII", "flags":{"wb_protected":true, "old":true, "marked":true}}
{"address":"0x7fc96c841fb0", "type":"STRING", "class":"0x7fc96c801668", "frozen":true, "embedded":true, "fstring":true, "bytesize":13, "value":"absolute_path", "encoding":"US-ASCII", "flags":{"wb_protected":true, "old":true, "marked":true}}
{"address":"0x7fc96c841fd8", "type":"STRING", "class":"0x7fc96c801668", "frozen":true, "embedded":true, "fstring":true, "bytesize":11, "value":"expand_path", "encoding":"US-ASCII", "flags":{"wb_protected":true, "old":true, "marked":true}}
{"address":"0x7fc96c842000", "type":"STRING", "class":"0x7fc96c801668", "frozen":true, "embedded":true, "fstring":true, "bytesize":5, "value":"umask", "encoding":"US-ASCII", "flags":{"wb_protected":true, "old":true, "marked":true}}
{"address":"0x7fc96c842028", "type":"STRING", "class":"0x7fc96c801668", "frozen":true, "embedded":true, "fstring":true, "bytesize":6, "value":"rename", "encoding":"US-ASCII", "flags":{"wb_protected":true, "old":true, "marked":true}}
{"address":"0x7fc96c842050", "type":"STRING", "class":"0x7fc96c801668", "frozen":true, "embedded":true, "fstring":true, "bytesize":6, "value":"unlink", "encoding":"US-ASCII", "flags":{"wb_protected":true, "old":true, "marked":true}}
{"address":"0x7fc96c842078", "type":"STRING", "class":"0x7fc96c801668", "frozen":true, "embedded":true, "fstring":true, "bytesize":8, "value":"readlink", "encoding":"US-ASCII", "flags":{"wb_protected":true, "old":true, "marked":true}}
{"address":"0x7fc96c8420a0", "type":"STRING", "class":"0x7fc96c801668", "frozen":true, "embedded":true, "fstring":true, "bytesize":7, "value":"symlink", "encoding":"US-ASCII", "flags":{"wb_protected":true, "old":true, "marked":true}}
{"address":"0x7fc96c8420c8", "type":"STRING", "class":"0x7fc96c801668", "frozen":true, "embedded":true, "fstring":true, "bytesize":4, "value":"link", "encoding":"US-ASCII", "flags":{"wb_protected":true, "old":true, "marked":true}}
{"address":"0x7fc96c8420f0", "type":"STRING", "class":"0x7fc96c801668", "frozen":true, "embedded":true, "fstring":true, "bytesize":6, "value":"lchown", "encoding":"US-ASCII", "flags":{"wb_protected":true, "old":true, "marked":true}}
{"address":"0x7fc96c842118", "type":"STRING", "class":"0x7fc96c801668", "frozen":true, "embedded":true, "fstring":true, "bytesize":6, "value":"lchmod", "encoding":"US-ASCII", "flags":{"wb_protected":true, "old":true, "marked":true}}
{"address":"0x7fc96c842140", "type":"STRING", "class":"0x7fc96c801668", "frozen":true, "embedded":true, "fstring":true, "bytesize":5, "value":"chown", "encoding":"US-ASCII", "flags":{"wb_protected":true, "old":true, "marked":true}}
{"address":"0x7fc96c842168", "type":"STRING", "class":"0x7fc96c801668", "frozen":true, "embedded":true, "fstring":true, "bytesize":5, "value":"chmod", "encoding":"US-ASCII", "flags":{"wb_protected":true, "old":true, "marked":true}}
{"address":"0x7fc96c842190", "type":"STRING", "class":"0x7fc96c801668", "frozen":true, "embedded":true, "fstring":true, "bytesize":5, "value":"utime", "encoding":"US-ASCII", "flags":{"wb_protected":true, "old":true, "marked":true}}
{"address":"0x7fc96c8421b8", "type":"STRING", "class":"0x7fc96c801668", "frozen":true, "embedded":true, "fstring":true, "bytesize":5, "value":"ctime", "encoding":"US-ASCII", "flags":{"wb_protected":true, "old":true, "marked":true}}
{"address":"0x7fc96c8421e0", "type":"STRING", "class":"0x7fc96c801668", "frozen":true, "embedded":true, "fstring":true, "bytesize":5, "value":"mtime", "encoding":"US-ASCII", "flags":{"wb_protected":true, "old":true, "marked":true}}
{"address":"0x7fc96c842208", "type":"STRING", "class":"0x7fc96c801668", "frozen":true, "embedded":true, "fstring":true, "bytesize":5, "value":"atime", "encoding":"US-ASCII", "flags":{"wb_protected":true, "old":true, "marked":true}}
{"address":"0x7fc96c842230", "type":"STRING", "class":"0x7fc96c801668", "frozen":true, "embedded":true, "fstring":true, "bytesize":5, "value":"ftype", "encoding":"US-ASCII", "flags":{"wb_protected":true, "old":true, "marked":true}}
{"address":"0x7fc96c842258", "type":"STRING", "class":"0x7fc96c801668", "frozen":true, "embedded":true, "fstring":true, "bytesize":5, "value":"lstat", "encoding":"US-ASCII", "flags":{"wb_protected":true, "old":true, "marked":true}}
{"address":"0x7fc96c842280", "type":"STRING", "class":"0x7fc96c801668", "frozen":true, "embedded":true, "fstring":true, "bytesize":4, "value":"stat", "encoding":"US-ASCII", "flags":{"wb_protected":true, "old":true, "marked":true}}
{"address":"0x7fc96c8422a8", "type":"STRING", "class":"0x7fc96c801668", "frozen":true, "embedded":true, "fstring":true, "bytesize":10, "value":"identical?", "encoding":"US-ASCII", "flags":{"wb_protected":true, "old":true, "marked":true}}
{"address":"0x7fc96c8422d0", "type":"STRING", "class":"0x7fc96c801668", "frozen":true, "embedded":true, "fstring":true, "bytesize":7, "value":"sticky?", "encoding":"US-ASCII", "flags":{"wb_protected":true, "old":true, "marked":true}}
{"address":"0x7fc96c8422f8", "type":"STRING", "class":"0x7fc96c801668", "frozen":true, "embedded":true, "fstring":true, "bytesize":7, "value":"setgid?", "encoding":"US-ASCII", "flags":{"wb_protected":true, "old":true, "marked":true}}
{"address":"0x7fc96c842320", "type":"STRING", "class":"0x7fc96c801668", "frozen":true, "embedded":true, "fstring":true, "bytesize":7, "value":"setuid?", "encoding":"US-ASCII", "flags":{"wb_protected":true, "old":true, "marked":true}}
{"address":"0x7fc96c842348", "type":"STRING", "class":"0x7fc96c801668", "frozen":true, "embedded":true, "fstring":true, "bytesize":8, "value":"chardev?", "encoding":"US-ASCII", "flags":{"wb_protected":true, "old":true, "marked":true}}
{"address":"0x7fc96c842370", "type":"STRING", "class":"0x7fc96c801668", "frozen":true, "embedded":true, "fstring":true, "bytesize":9, "value":"blockdev?", "encoding":"US-ASCII", "flags":{"wb_protected":true, "old":true, "marked":true}}
{"address":"0x7fc96c842398", "type":"STRING", "class":"0x7fc96c801668", "frozen":true, "embedded":true, "fstring":true, "bytesize":7, "value":"socket?", "encoding":"US-ASCII", "flags":{"wb_protected":true, "old":true, "marked":true}}
{"address":"0x7fc96c8423c0", "type":"STRING", "class":"0x7fc96c801668", "frozen":true, "embedded":true, "fstring":true, "bytesize":8, "value":"symlink?", "encoding":"US-ASCII", "flags":{"wb_protected":true, "old":true, "marked":true}}
{"address":"0x7fc96c8423e8", "type":"STRING", "class":"0x7fc96c801668", "frozen":true, "embedded":true, "fstring":true, "bytesize":5, "value":"pipe?", "encoding":"US-ASCII", "flags":{"wb_protected":true, "old":true, "marked":true}}
{"address":"0x7fc96c842410", "type":"STRING", "class":"0x7fc96c801668", "frozen":true, "embedded":true, "fstring":true, "bytesize":9, "value":"grpowned?", "encoding":"US-ASCII", "flags":{"wb_protected":true, "old":true, "marked":true}}
{"address":"0x7fc96c842438", "type":"STRING", "class":"0x7fc96c801668", "frozen":true, "embedded":true, "fstring":true, "bytesize":6, "value":"owned?", "encoding":"US-ASCII", "flags":{"wb_protected":true, "old":true, "marked":true}}
{"address":"0x7fc96c842460", "type":"STRING", "class":"0x7fc96c801668", "frozen":true, "embedded":true, "fstring":true, "bytesize":5, "value":"size?", "encoding":"US-ASCII", "flags":{"wb_protected":true, "old":true, "marked":true}}
{"address":"0x7fc96c842488", "type":"STRING", "class":"0x7fc96c801668", "frozen":true, "embedded":true, "fstring":true, "bytesize":5, "value":"file?", "encoding":"US-ASCII", "flags":{"wb_protected":true, "old":true, "marked":true}}
{"address":"0x7fc96c8424b0", "type":"STRING", "class":"0x7fc96c801668", "frozen":true, "embedded":true, "fstring":true, "bytesize":16, "value":"executable_real?", "encoding":"US-ASCII", "flags":{"wb_protected":true, "old":true, "marked":true}}
{"address":"0x7fc96c8424d8", "type":"STRING", "class":"0x7fc96c801668", "frozen":true, "embedded":true, "fstring":true, "bytesize":11, "value":"executable?", "encoding":"US-ASCII", "flags":{"wb_protected":true, "old":true, "marked":true}}
{"address":"0x7fc96c842500", "type":"STRING", "class":"0x7fc96c801668", "frozen":true, "embedded":true, "fstring":true, "bytesize":15, "value":"world_writable?", "encoding":"US-ASCII", "flags":{"wb_protected":true, "old":true, "marked":true}}
{"address":"0x7fc96c842528", "type":"STRING", "class":"0x7fc96c801668", "frozen":true, "embedded":true, "fstring":true, "bytesize":14, "value":"writable_real?", "encoding":"US-ASCII", "flags":{"wb_protected":true, "old":true, "marked":true}}
{"address":"0x7fc96c842550", "type":"STRING", "class":"0x7fc96c801668", "frozen":true, "embedded":true, "fstring":true, "bytesize":9, "value":"writable?", "encoding":"US-ASCII", "flags":{"wb_protected":true, "old":true, "marked":true}}
{"address":"0x7fc96c842578", "type":"STRING", "class":"0x7fc96c801668", "frozen":true, "embedded":true, "fstring":true, "bytesize":15, "value":"world_readable?", "encoding":"US-ASCII", "flags":{"wb_protected":true, "old":true, "marked":true}}
{"address":"0x7fc96c8425a0", "type":"STRING", "class":"0x7fc96c801668", "frozen":true, "embedded":true, "fstring":true, "bytesize":14, "value":"readable_real?", "encoding":"US-ASCII", "flags":{"wb_protected":true, "old":true, "marked":true}}
{"address":"0x7fc96c8425c8", "type":"STRING", "class":"0x7fc96c801668", "frozen":true, "embedded":true, "fstring":true, "bytesize":9, "value":"readable?", "encoding":"US-ASCII", "flags":{"wb_protected":true, "old":true, "marked":true}}
{"address":"0x7fc96c8425f0", "type":"STRING", "class":"0x7fc96c801668", "frozen":true, "embedded":true, "fstring":true, "bytesize":7, "value":"exists?", "encoding":"US-ASCII", "flags":{"wb_protected":true, "old":true, "marked":true}}
{"address":"0x7fc96c842618", "type":"STRING", "class":"0x7fc96c801668", "frozen":true, "embedded":true, "fstring":true, "bytesize":6, "value":"exist?", "encoding":"US-ASCII", "flags":{"wb_protected":true, "old":true, "marked":true}}
{"address":"0x7fc96c842640", "type":"CLASS", "class":"0x7fc96c802e00", "name":"Module", "references":["0x7fc96c842640", "0x7fc96c842640", "0x7fc96c842640", "0x7fc96c842640", "0x7fc96c842640", "0x7fc96c842640", "0x7fc96c842640", "0x7fc96c842640", "0x7fc96c842640", "0x7fc96c842640", "0x7fc96c842640", "0x7fc96c842640", "0x7fc96c842640", "0x7fc96c842640", "0x7fc96c842640", "0x7fc96c842640", "0x7fc96c842640", "0x7fc96c842640", "0x7fc96c842640", "0x7fc96c842640", "0x7fc96c842640", "0x7fc96c842640", "0x7fc96c842640", "0x7fc96c842640", "0x7fc96c842640", "0x7fc96c842640", "0x7fc96c842708", "0x7fc96c803738"], "memsize":1864, "flags":{"wb_protected":true, "old":true, "marked":true}}
{"address":"0x7fc96c842668", "type":"STRING", "class":"0x7fc96c801668", "frozen":true, "embedded":true, "fstring":true, "bytesize":10, "value":"directory?", "encoding":"US-ASCII", "flags":{"wb_protected":true, "old":true, "marked":true}}
{"address":"0x7fc96c842690", "type":"CLASS", "class":"0x7fc96c802e28", "name":"Class", "references":["0x7fc96c842690", "0x7fc96c842690", "0x7fc96c842690", "0x7fc96c842690", "0x7fc96c842690", "0x7fc96c842690", "0x7fc96c842690", "0x7fc96c842690", "0x7fc96c842690", "0x7fc96c842690", "0x7fc96c842690", "0x7fc96c842690", "0x7fc96c842690", "0x7fc96c842690", "0x7fc96c842690", "0x7fc96c842690", "0x7fc96c842690", "0x7fc96c842690", "0x7fc96c842690", "0x7fc96c842690", "0x7fc96c842690", "0x7fc96c842690", "0x7fc96c842690", "0x7fc96c842690", "0x7fc96c842690", "0x7fc96c842690", "0x7fc96c842690", "0x7fc96c842690", "0x7fc96c842690", "0x7fc96c842690", "0x7fc96c842690", "0x7fc96c842690", "0x7fc96c842690", "0x7fc96c842690", "0x7fc96c842690", "0x7fc96c842690", "0x7fc96c842690", "0x7fc96c842690", "0x7fc96c842690", "0x7fc96c842690", "0x7fc96c842690", "0x7fc96c842690", "0x7fc96c842690", "0x7fc96c842690", "0x7fc96c842690", "0x7fc96c842690", "0x7fc96c842690", "0x7fc96c842690", "0x7fc96c842690", "0x7fc96c842690", "0x7fc96c842690", "0x7fc96c842690", "0x7fc96c842690", "0x7fc96c842690", "0x7fc96c842690", "0x7fc96c842690", "0x7fc96c842690", "0x7fc96c8426b8", "0x7fc96c843a40"], "memsize":3416, "flags":{"wb_protected":true, "old":true, "marked":true}}
{"address":"0x7fc96c8426b8", "type":"CLASS", "class":"0x7fc96c842690", "name":"File", "references":["0x7fc96c8426b8", "0x7fc96c8426b8", "0x7fc96c8426b8", "0x7fc96c8426b8", "0x7fc96c8426b8", "0x7fc96c8426b8", "0x7fc96c8426b8", "0x7fc96c8426b8", "0x7fc96c8426b8", "0x7fc96c8426b8", "0x7fc96c8426b8", "0x7fc96c8426b8", "0x7fc96c8426e0", "0x7fc96c841ec0", "0x7fc96c841ec0", "0x7fc96c841e20", "0x7fc96c841d80", "0x7fc96c841998", "0x7fc96c843a68"], "memsize":1384, "flags":{"wb_protected":true, "old":true, "marked":true}}
{"address":"0x7fc96c8426e0", "type":"STRING", "class":"0x7fc96c801668", "frozen":true, "embedded":true, "fstring":true, "bytesize":4, "value":"File", "encoding":"US-ASCII", "flags":{"wb_protected":true, "old":true, "marked":true}}
{"address":"0x7fc96c842708", "type":"MODULE", "class":"0x7fc96c842640", "name":"FileTest", "references":["0x7fc96c842708", "0x7fc96c842708", "0x7fc96c842708", "0x7fc96c842708", "0x7fc96c842708", "0x7fc96c842708", "0x7fc96c842708", "0x7fc96c842708", "0x7fc96c842708", "0x7fc96c842708", "0x7fc96c842708", "0x7fc96c842708", "0x7fc96c842708", "0x7fc96c842708", "0x7fc96c842708", "0x7fc96c842708", "0x7fc96c842708", "0x7fc96c842708", "0x7fc96c842708", "0x7fc96c842708", "0x7fc96c842708", "0x7fc96c842708", "0x7fc96c842708", "0x7fc96c842708", "0x7fc96c842708", "0x7fc96c842708", "0x7fc96c842730"], "memsize":1864, "flags":{"wb_protected":true, "old":true, "marked":true}}
{"address":"0x7fc96c842730", "type":"STRING", "class":"0x7fc96c801668", "frozen":true, "embedded":true, "fstring":true, "bytesize":8, "value":"FileTest", "encoding":"US-ASCII", "flags":{"wb_protected":true, "old":true, "marked":true}}
{"address":"0x7fc96c842758", "type":"STRING", "class":"0x7fc96c801668", "frozen":true, "embedded":true, "fstring":true, "bytesize":2, "value":"$*", "encoding":"US-ASCII", "flags":{"wb_protected":true, "old":true, "marked":true}}
{"address":"0x7fc96c842780", "type":"STRING", "class":"0x7fc96c801668", "frozen":true, "embedded":true, "fstring":true, "bytesize":3, "value":"$-i", "encoding":"US-ASCII", "flags":{"wb_protected":true, "old":true, "marked":true}}
{"address":"0x7fc96c8427a8", "type":"STRING", "class":"0x7fc96c801668", "embedded":true, "bytesize":1, "value":"-", "flags":{"wb_protected":true, "old":true, "marked":true}}
{"address":"0x7fc96c8427d0", "type":"STRING", "class":"0x7fc96c801668", "frozen":true, "embedded":true, "fstring":true, "bytesize":9, "value":"$FILENAME", "encoding":"US-ASCII", "flags":{"wb_protected":true, "old":true, "marked":true}}
{"address":"0x7fc96c8427f8", "type":"STRING", "class":"0x7fc96c801668", "frozen":true, "embedded":true, "fstring":true, "bytesize":2, "value":"$.", "encoding":"US-ASCII", "flags":{"wb_protected":true, "old":true, "marked":true}}
{"address":"0x7fc96c842820", "type":"STRING", "class":"0x7fc96c801668", "frozen":true, "embedded":true, "fstring":true, "bytesize":4, "value":"ARGF", "encoding":"US-ASCII", "flags":{"wb_protected":true, "old":true, "marked":true}}
{"address":"0x7fc96c842848", "type":"STRING", "class":"0x7fc96c801668", "frozen":true, "embedded":true, "fstring":true, "bytesize":2, "value":"$<", "encoding":"US-ASCII", "flags":{"wb_protected":true, "old":true, "marked":true}}
{"address":"0x7fc96c842870", "type":"ARRAY", "class":"0x7fc96c84a048", "length":0, "flags":{"wb_protected":true, "old":true, "marked":true}}
{"address":"0x7fc96c842898", "type":"DATA", "class":"0x7fc96c842a28", "struct":"ARGF", "references":["0x7fc96c8427a8", "0x7fc96c842870"], "memsize":88, "flags":{"remembered":true}}
{"address":"0x7fc96c8428c0", "type":"STRING", "class":"0x7fc96c801668", "frozen":true, "embedded":true, "fstring":true, "bytesize":13, "value":"inplace_mode=", "encoding":"US-ASCII", "flags":{"wb_protected":true, "old":true, "marked":true}}
{"address":"0x7fc96c8428e8", "type":"STRING", "class":"0x7fc96c801668", "frozen":true, "embedded":true, "fstring":true, "bytesize":12, "value":"inplace_mode", "encoding":"US-ASCII", "flags":{"wb_protected":true, "old":true, "marked":true}}
{"address":"0x7fc96c842910", "type":"STRING", "class":"0x7fc96c801668", "frozen":true, "embedded":true, "fstring":true, "bytesize":4, "value":"skip", "encoding":"US-ASCII", "flags":{"wb_protected":true, "old":true, "marked":true}}
{"address":"0x7fc96c842938", "type":"STRING", "class":"0x7fc96c801668", "frozen":true, "embedded":true, "fstring":true, "bytesize":4, "value":"file", "encoding":"US-ASCII", "flags":{"wb_protected":true, "old":true, "marked":true}}
{"address":"0x7fc96c842960", "type":"STRING", "class":"0x7fc96c801668", "frozen":true, "embedded":true, "fstring":true, "bytesize":8, "value":"filename", "encoding":"US-ASCII", "flags":{"wb_protected":true, "old":true, "marked":true}}
{"address":"0x7fc96c842988", "type":"STRING", "class":"0x7fc96c801668", "frozen":true, "embedded":true, "fstring":true, "bytesize":11, "value":"to_write_io", "encoding":"US-ASCII", "flags":{"wb_protected":true, "old":true, "marked":true}}
{"address":"0x7fc96c8429b0", "type":"STRING", "class":"0x7fc96c801668", "frozen":true, "embedded":true, "fstring":true, "bytesize":4, "value":"argv", "encoding":"US-ASCII", "flags":{"wb_protected":true, "old":true, "marked":true}}
{"address":"0x7fc96c8429d8", "type":"ICLASS", "class":"0x7fc96c801de8", "references":["0x7fc96c801e10", "0x7fc96c803788"], "flags":{"remembered":true}}
{"address":"0x7fc96c842a00", "type":"STRING", "class":"0x7fc96c801668", "frozen":true, "embedded":true, "bytesize":10, "value":"ARGF.class", "flags":{"wb_protected":true, "old":true, "marked":true}}
{"address":"0x7fc96c842a28", "type":"CLASS", "class":"0x7fc96c8036e8", "name":"ARGF.class", "references":["0x7fc96c842a28", "0x7fc96c842a28", "0x7fc96c842a28", "0x7fc96c842a28", "0x7fc96c842a28", "0x7fc96c842a28", "0x7fc96c842a28", "0x7fc96c842a28", "0x7fc96c842a28", "0x7fc96c842a28", "0x7fc96c842a28", "0x7fc96c842a28", "0x7fc96c842a28", "0x7fc96c842a28", "0x7fc96c842a28", "0x7fc96c842a28", "0x7fc96c842a28", "0x7fc96c842a28", "0x7fc96c842a28", "0x7fc96c842a28", "0x7fc96c842a28", "0x7fc96c842a28", "0x7fc96c842a28", "0x7fc96c842a28", "0x7fc96c842a28", "0x7fc96c842a28", "0x7fc96c842a28", "0x7fc96c842a28", "0x7fc96c842a28", "0x7fc96c842a28", "0x7fc96c842a28", "0x7fc96c842a28", "0x7fc96c842a28", "0x7fc96c842a28", "0x7fc96c842a28", "0x7fc96c842a28", "0x7fc96c842a28", "0x7fc96c842a28", "0x7fc96c842a28", "0x7fc96c842a28", "0x7fc96c842a28", "0x7fc96c842a28", "0x7fc96c842a28", "0x7fc96c842a28", "0x7fc96c842a28", "0x7fc96c842a28", "0x7fc96c842a28", "0x7fc96c842a28", "0x7fc96c842a28", "0x7fc96c842a28", "0x7fc96c842a28", "0x7fc96c842a28", "0x7fc96c842a28", "0x7fc96c842a28", "0x7fc96c842a28", "0x7fc96c842a28", "0x7fc96c842a00", "0x7fc96c8429d8"], "memsize":3304, "flags":{"wb_protected":true, "old":true, "marked":true}}
{"address":"0x7fc96c842a50", "type":"STRING", "class":"0x7fc96c801668", "frozen":true, "embedded":true, "fstring":true, "bytesize":6, "value":"STDERR", "encoding":"US-ASCII", "flags":{"wb_protected":true, "old":true, "marked":true}}
{"address":"0x7fc96c842a78", "type":"STRING", "class":"0x7fc96c801668", "frozen":true, "embedded":true, "fstring":true, "bytesize":6, "value":"STDOUT", "encoding":"US-ASCII", "flags":{"wb_protected":true, "old":true, "marked":true}}
{"address":"0x7fc96c842aa0", "type":"STRING", "class":"0x7fc96c801668", "frozen":true, "embedded":true, "fstring":true, "bytesize":5, "value":"STDIN", "encoding":"US-ASCII", "flags":{"wb_protected":true, "old":true, "marked":true}}
{"address":"0x7fc96c842ac8", "type":"STRING", "class":"0x7fc96c801668", "frozen":true, "embedded":true, "fstring":true, "bytesize":2, "value":"$>", "encoding":"US-ASCII", "flags":{"wb_protected":true, "old":true, "marked":true}}
{"address":"0x7fc96c842af0", "type":"STRING", "class":"0x7fc96c801668", "frozen":true, "embedded":true, "bytesize":8, "value":"<STDERR>", "flags":{"wb_protected":true, "old":true, "marked":true}}
{"address":"0x7fc96c842b18", "type":"FILE", "class":"0x7fc96c843a68", "fd":2, "references":["0x7fc96c842af0"], "memsize":216, "flags":{"remembered":true}}
{"address":"0x7fc96c842b40", "type":"STRING", "class":"0x7fc96c801668", "frozen":true, "embedded":true, "fstring":true, "bytesize":7, "value":"$stderr", "encoding":"US-ASCII", "flags":{"wb_protected":true, "old":true, "marked":true}}
{"address":"0x7fc96c842b68", "type":"STRING", "class":"0x7fc96c801668", "frozen":true, "embedded":true, "bytesize":8, "value":"<STDOUT>", "flags":{"wb_protected":true, "old":true, "marked":true}}
{"address":"0x7fc96c842b90", "type":"FILE", "class":"0x7fc96c843a68", "fd":1, "references":["0x7fc96c842b68"], "memsize":216, "flags":{"remembered":true}}
{"address":"0x7fc96c842bb8", "type":"STRING", "class":"0x7fc96c801668", "frozen":true, "embedded":true, "fstring":true, "bytesize":7, "value":"$stdout", "encoding":"US-ASCII", "flags":{"wb_protected":true, "old":true, "marked":true}}
{"address":"0x7fc96c842be0", "type":"STRING", "class":"0x7fc96c801668", "frozen":true, "embedded":true, "bytesize":7, "value":"<STDIN>", "flags":{"wb_protected":true, "old":true, "marked":true}}
{"address":"0x7fc96c842c08", "type":"FILE", "class":"0x7fc96c843a68", "fd":0, "references":["0x7fc96c842be0"], "memsize":216, "flags":{"remembered":true}}
{"address":"0x7fc96c842c30", "type":"STRING", "class":"0x7fc96c801668", "frozen":true, "embedded":true, "fstring":true, "bytesize":6, "value":"$stdin", "encoding":"US-ASCII", "flags":{"wb_protected":true, "old":true, "marked":true}}
{"address":"0x7fc96c842c58", "type":"STRING", "class":"0x7fc96c801668", "frozen":true, "embedded":true, "fstring":true, "bytesize":9, "value":"autoclose", "encoding":"US-ASCII", "flags":{"wb_protected":true, "old":true, "marked":true}}
{"address":"0x7fc96c842c80", "type":"STRING", "class":"0x7fc96c801668", "frozen":true, "embedded":true, "fstring":true, "bytesize":10, "value":"autoclose=", "encoding":"US-ASCII", "flags":{"wb_protected":true, "old":true, "marked":true}}
{"address":"0x7fc96c842ca8", "type":"STRING", "class":"0x7fc96c801668", "frozen":true, "embedded":true, "fstring":true, "bytesize":10, "value":"autoclose?", "encoding":"US-ASCII", "flags":{"wb_protected":true, "old":true, "marked":true}}
{"address":"0x7fc96c842cd0", "type":"STRING", "class":"0x7fc96c801668", "frozen":true, "embedded":true, "fstring":true, "bytesize":17, "value":"internal_encoding", "encoding":"US-ASCII", "flags":{"wb_protected":true, "old":true, "marked":true}}
{"address":"0x7fc96c842cf8", "type":"STRING", "class":"0x7fc96c801668", "frozen":true, "embedded":true, "fstring":true, "bytesize":17, "value":"external_encoding", "encoding":"US-ASCII", "flags":{"wb_protected":true, "old":true, "marked":true}}
{"address":"0x7fc96c842d20", "type":"STRING", "class":"0x7fc96c801668", "frozen":true, "embedded":true, "fstring":true, "bytesize":3, "value":"pid", "encoding":"US-ASCII", "flags":{"wb_protected":true, "old":true, "marked":true}}
{"address":"0x7fc96c842d48", "type":"STRING", "class":"0x7fc96c801668", "frozen":true, "embedded":true, "fstring":true, "bytesize":5, "value":"fcntl", "encoding":"US-ASCII", "flags":{"wb_protected":true, "old":true, "marked":true}}
{"address":"0x7fc96c842d70", "type":"STRING", "class":"0x7fc96c801668", "frozen":true, "embedded":true, "fstring":true, "bytesize":5, "value":"ioctl", "encoding":"US-ASCII", "flags":{"wb_protected":true, "old":true, "marked":true}}
{"address":"0x7fc96c842d98", "type":"STRING", "class":"0x7fc96c801668", "frozen":true, "embedded":true, "fstring":true, "bytesize":6, "value":"advise", "encoding":"US-ASCII", "flags":{"wb_protected":true, "old":true, "marked":true}}
{"address":"0x7fc96c842dc0", "type":"STRING", "class":"0x7fc96c801668", "frozen":true, "embedded":true, "fstring":true, "bytesize":7, "value":"sysseek", "encoding":"US-ASCII", "flags":{"wb_protected":true, "old":true, "marked":true}}
{"address":"0x7fc96c842de8", "type":"STRING", "class":"0x7fc96c801668", "frozen":true, "embedded":true, "fstring":true, "bytesize":8, "value":"binmode?", "encoding":"US-ASCII", "flags":{"wb_protected":true, "old":true, "marked":true}}
{"address":"0x7fc96c842e10", "type":"STRING", "class":"0x7fc96c801668", "frozen":true, "embedded":true, "fstring":true, "bytesize":4, "value":"tty?", "encoding":"US-ASCII", "flags":{"wb_protected":true, "old":true, "marked":true}}
{"address":"0x7fc96c842e38", "type":"STRING", "class":"0x7fc96c801668", "frozen":true, "embedded":true, "fstring":true, "bytesize":6, "value":"isatty", "encoding":"US-ASCII", "flags":{"wb_protected":true, "old":true, "marked":true}}
{"address":"0x7fc96c842e60", "type":"STRING", "class":"0x7fc96c801668", "frozen":true, "embedded":true, "fstring":true, "bytesize":11, "value":"close_write", "encoding":"US-ASCII", "flags":{"wb_protected":true, "old":true, "marked":true}}
{"address":"0x7fc96c842e88", "type":"STRING", "class":"0x7fc96c801668", "frozen":true, "embedded":true, "fstring":true, "bytesize":10, "value":"close_read", "encoding":"US-ASCII", "flags":{"wb_protected":true, "old":true, "marked":true}}
{"address":"0x7fc96c842eb0", "type":"STRING", "class":"0x7fc96c801668", "frozen":true, "embedded":true, "fstring":true, "bytesize":7, "value":"closed?", "encoding":"US-ASCII", "flags":{"wb_protected":true, "old":true, "marked":true}}
{"address":"0x7fc96c842ed8", "type":"STRING", "class":"0x7fc96c801668", "frozen":true, "embedded":true, "fstring":true, "bytesize":5, "value":"close", "encoding":"US-ASCII", "flags":{"wb_protected":true, "old":true, "marked":true}}
{"address":"0x7fc96c842f00", "type":"STRING", "class":"0x7fc96c801668", "frozen":true, "embedded":true, "fstring":true, "bytesize":13, "value":"close_on_exec", "encoding":"US-ASCII", "flags":{"wb_protected":true, "old":true, "marked":true}}
{"address":"0x7fc96c842f28", "type":"STRING", "class":"0x7fc96c801668", "frozen":true, "embedded":true, "fstring":true, "bytesize":14, "value":"close_on_exec=", "encoding":"US-ASCII", "flags":{"wb_protected":true, "old":true, "marked":true}}
{"address":"0x7fc96c842f50", "type":"STRING", "class":"0x7fc96c801668", "frozen":true, "embedded":true, "fstring":true, "bytesize":14, "value":"close_on_exec?", "encoding":"US-ASCII", "flags":{"wb_protected":true, "old":true, "marked":true}}
{"address":"0x7fc96c842f78", "type":"STRING", "class":"0x7fc96c801668", "frozen":true, "embedded":true, "fstring":true, "bytesize":4, "value":"eof?", "encoding":"US-ASCII", "flags":{"wb_protected":true, "old":true, "marked":true}}
{"address":"0x7fc96c842fa0", "type":"STRING", "class":"0x7fc96c801668", "frozen":true, "embedded":true, "fstring":true, "bytesize":3, "value":"eof", "encoding":"US-ASCII", "flags":{"wb_protected":true, "old":true, "marked":true}}
{"address":"0x7fc96c842fc8", "type":"STRING", "class":"0x7fc96c801668", "frozen":true, "embedded":true, "fstring":true, "bytesize":4, "value":"pos=", "encoding":"US-ASCII", "flags":{"wb_protected":true, "old":true, "marked":true}}
{"address":"0x7fc96c842ff0", "type":"STRING", "class":"0x7fc96c801668", "frozen":true, "embedded":true, "fstring":true, "bytesize":3, "value":"pos", "encoding":"US-ASCII", "flags":{"wb_protected":true, "old":true, "marked":true}}
{"address":"0x7fc96c843018", "type":"STRING", "class":"0x7fc96c801668", "frozen":true, "embedded":true, "fstring":true, "bytesize":6, "value":"rewind", "encoding":"US-ASCII", "flags":{"wb_protected":true, "old":true, "marked":true}}
{"address":"0x7fc96c843040", "type":"STRING", "class":"0x7fc96c801668", "frozen":true, "embedded":true, "fstring":true, "bytesize":8, "value":"SEEK_END", "encoding":"US-ASCII", "flags":{"wb_protected":true, "old":true, "marked":true}}
{"address":"0x7fc96c843068", "type":"STRING", "class":"0x7fc96c801668", "frozen":true, "embedded":true, "fstring":true, "bytesize":8, "value":"SEEK_CUR", "encoding":"US-ASCII", "flags":{"wb_protected":true, "old":true, "marked":true}}
{"address":"0x7fc96c843090", "type":"STRING", "class":"0x7fc96c801668", "frozen":true, "embedded":true, "fstring":true, "bytesize":8, "value":"SEEK_SET", "encoding":"US-ASCII", "flags":{"wb_protected":true, "old":true, "marked":true}}
{"address":"0x7fc96c8430b8", "type":"STRING", "class":"0x7fc96c801668", "frozen":true, "embedded":true, "fstring":true, "bytesize":4, "value":"seek", "encoding":"US-ASCII", "flags":{"wb_protected":true, "old":true, "marked":true}}
{"address":"0x7fc96c8430e0", "type":"STRING", "class":"0x7fc96c801668", "frozen":true, "embedded":true, "fstring":true, "bytesize":4, "value":"tell", "encoding":"US-ASCII", "flags":{"wb_protected":true, "old":true, "marked":true}}
{"address":"0x7fc96c843108", "type":"STRING", "class":"0x7fc96c801668", "frozen":true, "embedded":true, "fstring":true, "bytesize":6, "value":"ungetc", "encoding":"US-ASCII", "flags":{"wb_protected":true, "old":true, "marked":true}}
{"address":"0x7fc96c843130", "type":"STRING", "class":"0x7fc96c801668", "frozen":true, "embedded":true, "fstring":true, "bytesize":9, "value":"ungetbyte", "encoding":"US-ASCII", "flags":{"wb_protected":true, "old":true, "marked":true}}
{"address":"0x7fc96c843158", "type":"STRING", "class":"0x7fc96c801668", "frozen":true, "embedded":true, "fstring":true, "bytesize":8, "value":"readbyte", "encoding":"US-ASCII", "flags":{"wb_protected":true, "old":true, "marked":true}}
{"address":"0x7fc96c843180", "type":"STRING", "class":"0x7fc96c801668", "frozen":true, "embedded":true, "fstring":true, "bytesize":8, "value":"readchar", "encoding":"US-ASCII", "flags":{"wb_protected":true, "old":true, "marked":true}}
{"address":"0x7fc96c8431a8", "type":"STRING", "class":"0x7fc96c801668", "frozen":true, "embedded":true, "fstring":true, "bytesize":14, "value":"write_nonblock", "encoding":"US-ASCII", "flags":{"wb_protected":true, "old":true, "marked":true}}
{"address":"0x7fc96c8431d0", "type":"STRING", "class":"0x7fc96c801668", "frozen":true, "embedded":true, "fstring":true, "bytesize":13, "value":"read_nonblock", "encoding":"US-ASCII", "flags":{"wb_protected":true, "old":true, "marked":true}}
{"address":"0x7fc96c8431f8", "type":"STRING", "class":"0x7fc96c801668", "frozen":true, "embedded":true, "fstring":true, "bytesize":7, "value":"lineno=", "encoding":"US-ASCII", "flags":{"wb_protected":true, "old":true, "marked":true}}
{"address":"0x7fc96c843220", "type":"STRING", "class":"0x7fc96c801668", "frozen":true, "embedded":true, "fstring":true, "bytesize":6, "value":"lineno", "encoding":"US-ASCII", "flags":{"wb_protected":true, "old":true, "marked":true}}
{"address":"0x7fc96c843248", "type":"STRING", "class":"0x7fc96c801668", "frozen":true, "embedded":true, "fstring":true, "bytesize":5, "value":"sync=", "encoding":"US-ASCII", "flags":{"wb_protected":true, "old":true, "marked":true}}
{"address":"0x7fc96c843270", "type":"STRING", "class":"0x7fc96c801668", "frozen":true, "embedded":true, "fstring":true, "bytesize":4, "value":"sync", "encoding":"US-ASCII", "flags":{"wb_protected":true, "old":true, "marked":true}}
{"address":"0x7fc96c843298", "type":"STRING", "class":"0x7fc96c801668", "frozen":true, "embedded":true, "fstring":true, "bytesize":9, "value":"fdatasync", "encoding":"US-ASCII", "flags":{"wb_protected":true, "old":true, "marked":true}}
{"address":"0x7fc96c8432c0", "type":"STRING", "class":"0x7fc96c801668", "frozen":true, "embedded":true, "fstring":true, "bytesize":5, "value":"fsync", "encoding":"US-ASCII", "flags":{"wb_protected":true, "old":true, "marked":true}}
{"address":"0x7fc96c8432e8", "type":"STRING", "class":"0x7fc96c801668", "frozen":true, "embedded":true, "fstring":true, "bytesize":6, "value":"fileno", "encoding":"US-ASCII", "flags":{"wb_protected":true, "old":true, "marked":true}}
{"address":"0x7fc96c843310", "type":"STRING", "class":"0x7fc96c801668", "frozen":true, "embedded":true, "fstring":true, "bytesize":7, "value":"sysread", "encoding":"US-ASCII", "flags":{"wb_protected":true, "old":true, "marked":true}}
{"address":"0x7fc96c843338", "type":"STRING", "class":"0x7fc96c801668", "frozen":true, "embedded":true, "fstring":true, "bytesize":8, "value":"syswrite", "encoding":"US-ASCII", "flags":{"wb_protected":true, "old":true, "marked":true}}
{"address":"0x7fc96c843360", "type":"STRING", "class":"0x7fc96c801668", "frozen":true, "embedded":true, "fstring":true, "bytesize":6, "value":"reopen", "encoding":"US-ASCII", "flags":{"wb_protected":true, "old":true, "marked":true}}
{"address":"0x7fc96c843388", "type":"STRING", "class":"0x7fc96c801668", "frozen":true, "embedded":true, "fstring":true, "bytesize":2, "value":"$_", "encoding":"US-ASCII", "flags":{"wb_protected":true, "old":true, "marked":true}}
{"address":"0x7fc96c8433b0", "type":"STRING", "class":"0x7fc96c801668", "frozen":true, "embedded":true, "fstring":true, "bytesize":2, "value":"$\\", "encoding":"US-ASCII", "flags":{"wb_protected":true, "old":true, "marked":true}}
{"address":"0x7fc96c8433d8", "type":"STRING", "class":"0x7fc96c801668", "frozen":true, "embedded":true, "fstring":true, "bytesize":3, "value":"$-0", "encoding":"US-ASCII", "flags":{"wb_protected":true, "old":true, "marked":true}}
{"address":"0x7fc96c843400", "type":"STRING", "class":"0x7fc96c801668", "frozen":true, "embedded":true, "fstring":true, "bytesize":2, "value":"$/", "encoding":"US-ASCII", "flags":{"wb_protected":true, "old":true, "marked":true}}
{"address":"0x7fc96c843428", "type":"STRING", "class":"0x7fc96c801668", "frozen":true, "embedded":true, "bytesize":1, "value":"\n", "encoding":"US-ASCII", "flags":{"wb_protected":true, "old":true, "marked":true}}
{"address":"0x7fc96c843450", "type":"STRING", "class":"0x7fc96c801668", "frozen":true, "embedded":true, "fstring":true, "bytesize":2, "value":"$,", "encoding":"US-ASCII", "flags":{"wb_protected":true, "old":true, "marked":true}}
{"address":"0x7fc96c843478", "type":"STRING", "class":"0x7fc96c801668", "frozen":true, "embedded":true, "fstring":true, "bytesize":11, "value":"copy_stream", "encoding":"US-ASCII", "flags":{"wb_protected":true, "old":true, "marked":true}}
{"address":"0x7fc96c8434a0", "type":"STRING", "class":"0x7fc96c801668", "frozen":true, "embedded":true, "fstring":true, "bytesize":4, "value":"pipe", "encoding":"US-ASCII", "flags":{"wb_protected":true, "old":true, "marked":true}}
{"address":"0x7fc96c8434c8", "type":"STRING", "class":"0x7fc96c801668", "frozen":true, "embedded":true, "fstring":true, "bytesize":8, "value":"binwrite", "encoding":"US-ASCII", "flags":{"wb_protected":true, "old":true, "marked":true}}
{"address":"0x7fc96c8434f0", "type":"STRING", "class":"0x7fc96c801668", "frozen":true, "embedded":true, "fstring":true, "bytesize":7, "value":"binread", "encoding":"US-ASCII", "flags":{"wb_protected":true, "old":true, "marked":true}}
{"address":"0x7fc96c843518", "type":"STRING", "class":"0x7fc96c801668", "frozen":true, "embedded":true, "fstring":true, "bytesize":7, "value":"foreach", "encoding":"US-ASCII", "flags":{"wb_protected":true, "old":true, "marked":true}}
{"address":"0x7fc96c843540", "type":"STRING", "class":"0x7fc96c801668", "frozen":true, "embedded":true, "fstring":true, "bytesize":5, "value":"popen", "encoding":"US-ASCII", "flags":{"wb_protected":true, "old":true, "marked":true}}
{"address":"0x7fc96c843568", "type":"STRING", "class":"0x7fc96c801668", "frozen":true, "embedded":true, "fstring":true, "bytesize":6, "value":"for_fd", "encoding":"US-ASCII", "flags":{"wb_protected":true, "old":true, "marked":true}}
{"address":"0x7fc96c843590", "type":"STRING", "class":"0x7fc96c801668", "frozen":true, "embedded":true, "fstring":true, "bytesize":7, "value":"sysopen", "encoding":"US-ASCII", "flags":{"wb_protected":true, "old":true, "marked":true}}
{"address":"0x7fc96c8435b8", "type":"ICLASS", "class":"0x7fc96c843950", "references":["0x7fc96c843928", "0x7fc96c84acf0"], "flags":{"remembered":true}}
{"address":"0x7fc96c8435e0", "type":"STRING", "class":"0x7fc96c801668", "frozen":true, "bytesize":27, "capacity":48, "value":"IO::EINPROGRESSWaitWritable", "encoding":"US-ASCII", "memsize":49, "flags":{"wb_protected":true, "old":true, "marked":true}}
{"address":"0x7fc96c843608", "type":"CLASS", "class":"0x7fc96c802e28", "name":"Class", "references":["0x7fc96c843630", "0x7fc96c84acc8"], "memsize":672, "flags":{"wb_protected":true, "old":true, "marked":true}}
{"address":"0x7fc96c843630", "type":"CLASS", "class":"0x7fc96c843608", "name":"IO::EINPROGRESSWaitWritable", "references":["0x7fc96c8435e0", "0x7fc96c8435b8"], "memsize":672, "flags":{"wb_protected":true, "old":true, "marked":true}}
{"address":"0x7fc96c843658", "type":"STRING", "class":"0x7fc96c801668", "frozen":true, "embedded":true, "fstring":true, "bytesize":23, "value":"EINPROGRESSWaitWritable", "encoding":"US-ASCII", "flags":{"wb_protected":true, "old":true, "marked":true}}
{"address":"0x7fc96c843680", "type":"ICLASS", "class":"0x7fc96c8439c8", "references":["0x7fc96c8439a0", "0x7fc96c84acf0"], "flags":{"remembered":true}}
{"address":"0x7fc96c8436a8", "type":"STRING", "class":"0x7fc96c801668", "frozen":true, "bytesize":27, "capacity":48, "value":"IO::EINPROGRESSWaitReadable", "encoding":"US-ASCII", "memsize":49, "flags":{"wb_protected":true, "old":true, "marked":true}}
{"address":"0x7fc96c8436d0", "type":"CLASS", "class":"0x7fc96c802e28", "name":"Class", "references":["0x7fc96c8436f8", "0x7fc96c84acc8"], "memsize":672, "flags":{"wb_protected":true, "old":true, "marked":true}}
{"address":"0x7fc96c8436f8", "type":"CLASS", "class":"0x7fc96c8436d0", "name":"IO::EINPROGRESSWaitReadable", "references":["0x7fc96c8436a8", "0x7fc96c843680"], "memsize":672, "flags":{"wb_protected":true, "old":true, "marked":true}}
{"address":"0x7fc96c843720", "type":"STRING", "class":"0x7fc96c801668", "frozen":true, "embedded":true, "fstring":true, "bytesize":23, "value":"EINPROGRESSWaitReadable", "encoding":"US-ASCII", "flags":{"wb_protected":true, "old":true, "marked":true}}
{"address":"0x7fc96c843748", "type":"STRING", "class":"0x7fc96c801668", "frozen":true, "embedded":true, "fstring":true, "bytesize":23, "value":"EWOULDBLOCKWaitWritable", "encoding":"US-ASCII", "flags":{"wb_protected":true, "old":true, "marked":true}}
{"address":"0x7fc96c843770", "type":"STRING", "class":"0x7fc96c801668", "frozen":true, "embedded":true, "fstring":true, "bytesize":23, "value":"EWOULDBLOCKWaitReadable", "encoding":"US-ASCII", "flags":{"wb_protected":true, "old":true, "marked":true}}
{"address":"0x7fc96c843798", "type":"ICLASS", "class":"0x7fc96c843950", "references":["0x7fc96c843928", "0x7fc96c851eb0"], "flags":{"remembered":true}}
{"address":"0x7fc96c8437c0", "type":"STRING", "class":"0x7fc96c801668", "frozen":true, "embedded":true, "bytesize":22, "value":"IO::EAGAINWaitWritable", "encoding":"US-ASCII", "flags":{"wb_protected":true, "old":true, "marked":true}}
{"address":"0x7fc96c8437e8", "type":"CLASS", "class":"0x7fc96c802e28", "name":"Class", "references":["0x7fc96c843810", "0x7fc96c851e88"], "memsize":672, "flags":{"wb_protected":true, "old":true, "marked":true}}
{"address":"0x7fc96c843810", "type":"CLASS", "class":"0x7fc96c8437e8", "name":"IO::EAGAINWaitWritable", "references":["0x7fc96c8437c0", "0x7fc96c843798"], "memsize":672, "flags":{"wb_protected":true, "old":true, "marked":true}}
{"address":"0x7fc96c843838", "type":"STRING", "class":"0x7fc96c801668", "frozen":true, "embedded":true, "fstring":true, "bytesize":18, "value":"EAGAINWaitWritable", "encoding":"US-ASCII", "flags":{"wb_protected":true, "old":true, "marked":true}}
{"address":"0x7fc96c843860", "type":"ICLASS", "class":"0x7fc96c8439c8", "references":["0x7fc96c8439a0", "0x7fc96c851eb0"], "flags":{"remembered":true}}
{"address":"0x7fc96c843888", "type":"STRING", "class":"0x7fc96c801668", "frozen":true, "embedded":true, "bytesize":22, "value":"IO::EAGAINWaitReadable", "encoding":"US-ASCII", "flags":{"wb_protected":true, "old":true, "marked":true}}
{"address":"0x7fc96c8438b0", "type":"CLASS", "class":"0x7fc96c802e28", "name":"Class", "references":["0x7fc96c8438d8", "0x7fc96c851e88"], "memsize":672, "flags":{"wb_protected":true, "old":true, "marked":true}}
{"address":"0x7fc96c8438d8", "type":"CLASS", "class":"0x7fc96c8438b0", "name":"IO::EAGAINWaitReadable", "references":["0x7fc96c843888", "0x7fc96c843860"], "memsize":672, "flags":{"wb_protected":true, "old":true, "marked":true}}
{"address":"0x7fc96c843900", "type":"STRING", "class":"0x7fc96c801668", "frozen":true, "embedded":true, "fstring":true, "bytesize":18, "value":"EAGAINWaitReadable", "encoding":"US-ASCII", "flags":{"wb_protected":true, "old":true, "marked":true}}
{"address":"0x7fc96c843928", "type":"STRING", "class":"0x7fc96c801668", "frozen":true, "embedded":true, "bytesize":16, "value":"IO::WaitWritable", "encoding":"US-ASCII", "flags":{"wb_protected":true, "old":true, "marked":true}}
{"address":"0x7fc96c843950", "type":"MODULE", "class":"0x7fc96c803738", "name":"IO::WaitWritable", "references":["0x7fc96c843928"], "memsize":864, "flags":{"remembered":true}}
{"address":"0x7fc96c843978", "type":"STRING", "class":"0x7fc96c801668", "frozen":true, "embedded":true, "fstring":true, "bytesize":12, "value":"WaitWritable", "encoding":"US-ASCII", "flags":{"wb_protected":true, "old":true, "marked":true}}
{"address":"0x7fc96c8439a0", "type":"STRING", "class":"0x7fc96c801668", "frozen":true, "embedded":true, "bytesize":16, "value":"IO::WaitReadable", "encoding":"US-ASCII", "flags":{"wb_protected":true, "old":true, "marked":true}}
{"address":"0x7fc96c8439c8", "type":"MODULE", "class":"0x7fc96c803738", "name":"IO::WaitReadable", "references":["0x7fc96c8439a0"], "memsize":864, "flags":{"remembered":true}}
{"address":"0x7fc96c8439f0", "type":"STRING", "class":"0x7fc96c801668", "frozen":true, "embedded":true, "fstring":true, "bytesize":12, "value":"WaitReadable", "encoding":"US-ASCII", "flags":{"wb_protected":true, "old":true, "marked":true}}
{"address":"0x7fc96c843a18", "type":"ICLASS", "class":"0x7fc96c801de8", "references":["0x7fc96c801e10", "0x7fc96c803788"]}
{"address":"0x7fc96c843a40", "type":"CLASS", "class":"0x7fc96c802e28", "name":"Class", "references":["0x7fc96c843a40", "0x7fc96c843a40", "0x7fc96c843a40", "0x7fc96c843a40", "0x7fc96c843a40", "0x7fc96c843a40", "0x7fc96c843a40", "0x7fc96c843a40", "0x7fc96c843a40", "0x7fc96c843a40", "0x7fc96c843a40", "0x7fc96c843a40", "0x7fc96c843a40", "0x7fc96c843a40", "0x7fc96c843a40", "0x7fc96c843a68", "0x7fc96c802dd8"], "memsize":1336, "flags":{"wb_protected":true, "old":true, "marked":true}}
{"address":"0x7fc96c843a68", "type":"CLASS", "class":"0x7fc96c843a40", "name":"IO", "references":["0x7fc96c843a68", "0x7fc96c843a68", "0x7fc96c843a68", "0x7fc96c843a68", "0x7fc96c843a68", "0x7fc96c843a68", "0x7fc96c843a68", "0x7fc96c843a68", "0x7fc96c843a68", "0x7fc96c843a68", "0x7fc96c843a68", "0x7fc96c843a68", "0x7fc96c843a68", "0x7fc96c843a68", "0x7fc96c843a68", "0x7fc96c843a68", "0x7fc96c843a68", "0x7fc96c843a68", "0x7fc96c843a68", "0x7fc96c843a68", "0x7fc96c843a68", "0x7fc96c843a68", "0x7fc96c843a68", "0x7fc96c843a68", "0x7fc96c843a68", "0x7fc96c843a68", "0x7fc96c843a68", "0x7fc96c843a68", "0x7fc96c843a68", "0x7fc96c843a68", "0x7fc96c843a68", "0x7fc96c843a68", "0x7fc96c843a68", "0x7fc96c843a68", "0x7fc96c843a68", "0x7fc96c843a68", "0x7fc96c843a68", "0x7fc96c843a68", "0x7fc96c843a68", "0x7fc96c843a68", "0x7fc96c843a68", "0x7fc96c843a68", "0x7fc96c843a68", "0x7fc96c843a68", "0x7fc96c843a68", "0x7fc96c843a68", "0x7fc96c843a68", "0x7fc96c843a68", "0x7fc96c843a68", "0x7fc96c843a68", "0x7fc96c843a68", "0x7fc96c843a68", "0x7fc96c843a68", "0x7fc96c843a68", "0x7fc96c843a68", "0x7fc96c843a68", "0x7fc96c843a68", "0x7fc96c843a68", "0x7fc96c843a68", "0x7fc96c843a68", "0x7fc96c843a68", "0x7fc96c843a68", "0x7fc96c843a68", "0x7fc96c843a68", "0x7fc96c843a68", "0x7fc96c843a68", "0x7fc96c843a68", "0x7fc96c843a68", "0x7fc96c843a68", "0x7fc96c843a68", "0x7fc96c843a68", "0x7fc96c843a68", "0x7fc96c843a90", "0x7fc96c8439c8", "0x7fc96c843950", "0x7fc96c8438d8", "0x7fc96c843810", "0x7fc96c8438d8", "0x7fc96c843810", "0x7fc96c8436f8", "0x7fc96c843630", "0x7fc96c841d30"], "memsize":4800, "flags":{"wb_protected":true, "old":true, "marked":true}}
{"address":"0x7fc96c843a90", "type":"STRING", "class":"0x7fc96c801668", "frozen":true, "embedded":true, "fstring":true, "bytesize":2, "value":"IO", "encoding":"US-ASCII", "flags":{"wb_protected":true, "old":true, "marked":true}}
{"address":"0x7fc96c843ab8", "type":"STRING", "class":"0x7fc96c801668", "frozen":true, "embedded":true, "fstring":true, "bytesize":7, "value":"display", "encoding":"US-ASCII", "flags":{"wb_protected":true, "old":true, "marked":true}}
{"address":"0x7fc96c843ae0", "type":"STRING", "class":"0x7fc96c801668", "frozen":true, "embedded":true, "fstring":true, "bytesize":1, "value":"p", "encoding":"US-ASCII", "flags":{"wb_protected":true, "old":true, "marked":true}}
{"address":"0x7fc96c843b08", "type":"STRING", "class":"0x7fc96c801668", "frozen":true, "embedded":true, "fstring":true, "bytesize":1, "value":"`", "encoding":"US-ASCII", "flags":{"wb_protected":true, "old":true, "marked":true}}
{"address":"0x7fc96c843b30", "type":"STRING", "class":"0x7fc96c801668", "frozen":true, "embedded":true, "fstring":true, "bytesize":9, "value":"readlines", "encoding":"US-ASCII", "flags":{"wb_protected":true, "old":true, "marked":true}}
{"address":"0x7fc96c843b58", "type":"STRING", "class":"0x7fc96c801668", "frozen":true, "embedded":true, "fstring":true, "bytesize":8, "value":"readline", "encoding":"US-ASCII", "flags":{"wb_protected":true, "old":true, "marked":true}}
{"address":"0x7fc96c843b80", "type":"STRING", "class":"0x7fc96c801668", "frozen":true, "embedded":true, "fstring":true, "bytesize":4, "value":"puts", "encoding":"US-ASCII", "flags":{"wb_protected":true, "old":true, "marked":true}}
{"address":"0x7fc96c843ba8", "type":"STRING", "class":"0x7fc96c801668", "frozen":true, "embedded":true, "fstring":true, "bytesize":4, "value":"putc", "encoding":"US-ASCII", "flags":{"wb_protected":true, "old":true, "marked":true}}
{"address":"0x7fc96c843bd0", "type":"STRING", "class":"0x7fc96c801668", "frozen":true, "embedded":true, "fstring":true, "bytesize":5, "value":"print", "encoding":"US-ASCII", "flags":{"wb_protected":true, "old":true, "marked":true}}
{"address":"0x7fc96c843bf8", "type":"STRING", "class":"0x7fc96c801668", "frozen":true, "embedded":true, "fstring":true, "bytesize":6, "value":"printf", "encoding":"US-ASCII", "flags":{"wb_protected":true, "old":true, "marked":true}}
{"address":"0x7fc96c843c20", "type":"STRING", "class":"0x7fc96c801668", "frozen":true, "embedded":true, "fstring":true, "bytesize":4, "value":"open", "encoding":"US-ASCII", "flags":{"wb_protected":true, "old":true, "marked":true}}
{"address":"0x7fc96c843c48", "type":"STRING", "class":"0x7fc96c801668", "frozen":true, "embedded":true, "fstring":true, "bytesize":7, "value":"syscall", "encoding":"US-ASCII", "flags":{"wb_protected":true, "old":true, "marked":true}}
{"address":"0x7fc96c843c70", "type":"STRING", "class":"0x7fc96c801668", "frozen":true, "embedded":true, "fstring":true, "bytesize":12, "value":"set_encoding", "encoding":"US-ASCII", "flags":{"wb_protected":true, "old":true, "marked":true}}
{"address":"0x7fc96c843c98", "type":"STRING", "class":"0x7fc96c801668", "frozen":true, "embedded":true, "fstring":true, "bytesize":11, "value":"readpartial", "encoding":"US-ASCII", "flags":{"wb_protected":true, "old":true, "marked":true}}
{"address":"0x7fc96c843cc0", "type":"STRING", "class":"0x7fc96c801668", "frozen":true, "embedded":true, "fstring":true, "bytesize":5, "value":"flush", "encoding":"US-ASCII", "flags":{"wb_protected":true, "old":true, "marked":true}}
{"address":"0x7fc96c843ce8", "type":"STRING", "class":"0x7fc96c801668", "frozen":true, "embedded":true, "fstring":true, "bytesize":4, "value":"getc", "encoding":"US-ASCII", "flags":{"wb_protected":true, "old":true, "marked":true}}
{"address":"0x7fc96c843d10", "type":"CLASS", "class":"0x7fc96c802e28", "name":"Class", "references":["0x7fc96c843d38", "0x7fc96c843d88"], "memsize":672, "flags":{"wb_protected":true, "old":true, "marked":true}}
{"address":"0x7fc96c843d38", "type":"CLASS", "class":"0x7fc96c843d10", "name":"EOFError", "references":["0x7fc96c843d60", "0x7fc96c843db0"], "memsize":672, "flags":{"wb_protected":true, "old":true, "marked":true}}
{"address":"0x7fc96c843d60", "type":"STRING", "class":"0x7fc96c801668", "frozen":true, "embedded":true, "fstring":true, "bytesize":8, "value":"EOFError", "encoding":"US-ASCII", "flags":{"wb_protected":true, "old":true, "marked":true}}
{"address":"0x7fc96c843d88", "type":"CLASS", "class":"0x7fc96c802e28", "name":"Class", "references":["0x7fc96c843db0", "0x7fc96c800330"], "memsize":672, "flags":{"wb_protected":true, "old":true, "marked":true}}
{"address":"0x7fc96c843db0", "type":"CLASS", "class":"0x7fc96c843d88", "name":"IOError", "references":["0x7fc96c843dd8", "0x7fc96c800358"], "memsize":864, "flags":{"wb_protected":true, "old":true, "marked":true}}
{"address":"0x7fc96c843dd8", "type":"STRING", "class":"0x7fc96c801668", "frozen":true, "embedded":true, "fstring":true, "bytesize":7, "value":"IOError", "encoding":"US-ASCII", "flags":{"wb_protected":true, "old":true, "marked":true}}
{"address":"0x7fc96c843e00", "type":"STRING", "class":"0x7fc96c801668", "frozen":true, "embedded":true, "fstring":true, "bytesize":6, "value":"cover?", "encoding":"US-ASCII", "flags":{"wb_protected":true, "old":true, "marked":true}}
{"address":"0x7fc96c843e28", "type":"STRING", "class":"0x7fc96c801668", "frozen":true, "embedded":true, "fstring":true, "bytesize":12, "value":"exclude_end?", "encoding":"US-ASCII", "flags":{"wb_protected":true, "old":true, "marked":true}}
{"address":"0x7fc96c843e50", "type":"ICLASS", "class":"0x7fc96c801de8", "references":["0x7fc96c801e10", "0x7fc96c803788"], "flags":{"remembered":true}}
{"address":"0x7fc96c843e78", "type":"CLASS", "class":"0x7fc96c802e28", "name":"Class", "references":["0x7fc96c843ea0", "0x7fc96c802dd8"], "memsize":672, "flags":{"wb_protected":true, "old":true, "marked":true}}
{"address":"0x7fc96c843ea0", "type":"CLASS", "class":"0x7fc96c843e78", "name":"Range", "references":["0x7fc96c843ea0", "0x7fc96c843ea0", "0x7fc96c843ea0", "0x7fc96c843ea0", "0x7fc96c843ea0", "0x7fc96c843ea0", "0x7fc96c843ea0", "0x7fc96c843ea0", "0x7fc96c843ea0", "0x7fc96c843ea0", "0x7fc96c843ea0", "0x7fc96c843ea0", "0x7fc96c843ea0", "0x7fc96c843ea0", "0x7fc96c843ea0", "0x7fc96c843ea0", "0x7fc96c843ea0", "0x7fc96c843ea0", "0x7fc96c843ea0", "0x7fc96c843ea0", "0x7fc96c843ea0", "0x7fc96c843ea0", "0x7fc96c843ef0", "0x7fc96c843ec8", "0x7fc96c843e50"], "memsize":1672, "flags":{"wb_protected":true, "old":true, "marked":true}}
{"address":"0x7fc96c843ec8", "type":"STRING", "class":"0x7fc96c801668", "frozen":true, "embedded":true, "fstring":true, "bytesize":5, "value":"Range", "encoding":"US-ASCII", "flags":{"wb_protected":true, "old":true, "marked":true}}
{"address":"0x7fc96c843ef0", "type":"ARRAY", "frozen":true, "length":3, "embedded":true, "flags":{"wb_protected":true, "old":true, "marked":true}}
{"address":"0x7fc96c843f18", "type":"STRING", "class":"0x7fc96c801668", "frozen":true, "embedded":true, "fstring":true, "bytesize":4, "value":"excl", "encoding":"US-ASCII", "flags":{"wb_protected":true, "old":true, "marked":true}}
{"address":"0x7fc96c843f40", "type":"DATA", "class":"0x7fc96c8026a8", "references":["0x7fc96c843ea0", "0x7fc96c803788", "0x7fc96c833668", "0x7fc96c84a048", "0x7fc96c8329c0", "0x7fc96c8328d0", "0x7fc96c8326a0", "0x7fc96c832538"], "flags":{"remembered":true}}
{"address":"0x7fc96c843f68", "type":"STRING", "class":"0x7fc96c801668", "frozen":true, "embedded":true, "fstring":true, "bytesize":13, "value":"MINOR_VERSION", "encoding":"US-ASCII", "flags":{"wb_protected":true, "old":true, "marked":true}}
{"address":"0x7fc96c843f90", "type":"STRING", "class":"0x7fc96c801668", "frozen":true, "embedded":true, "fstring":true, "bytesize":13, "value":"MAJOR_VERSION", "encoding":"US-ASCII", "flags":{"wb_protected":true, "old":true, "marked":true}}
{"address":"0x7fc96c848018", "type":"STRING", "class":"0x7fc96c801668", "frozen":true, "embedded":true, "fstring":true, "bytesize":7, "value":"restore", "encoding":"US-ASCII", "flags":{"wb_protected":true, "old":true, "marked":true}}
{"address":"0x7fc96c848040", "type":"STRING", "class":"0x7fc96c801668", "frozen":true, "embedded":true, "fstring":true, "bytesize":4, "value":"load", "encoding":"US-ASCII", "flags":{"wb_protected":true, "old":true, "marked":true}}
{"address":"0x7fc96c848068", "type":"CLASS", "class":"0x7fc96c802e00", "name":"Module", "references":["0x7fc96c848068", "0x7fc96c848068", "0x7fc96c848068", "0x7fc96c8481d0", "0x7fc96c803738"], "memsize":672, "flags":{"wb_protected":true, "old":true, "marked":true}}
{"address":"0x7fc96c848090", "type":"STRING", "class":"0x7fc96c801668", "frozen":true, "embedded":true, "fstring":true, "bytesize":7, "value":"binmode", "encoding":"US-ASCII", "flags":{"wb_protected":true, "old":true, "marked":true}}
{"address":"0x7fc96c8480b8", "type":"STRING", "class":"0x7fc96c801668", "frozen":true, "embedded":true, "fstring":true, "bytesize":5, "value":"write", "encoding":"US-ASCII", "flags":{"wb_protected":true, "old":true, "marked":true}}
{"address":"0x7fc96c8480e0", "type":"STRING", "class":"0x7fc96c801668", "frozen":true, "embedded":true, "fstring":true, "bytesize":4, "value":"read", "encoding":"US-ASCII", "flags":{"wb_protected":true, "old":true, "marked":true}}
{"address":"0x7fc96c848108", "type":"STRING", "class":"0x7fc96c801668", "frozen":true, "embedded":true, "fstring":true, "bytesize":6, "value":"_alloc", "encoding":"US-ASCII", "flags":{"wb_protected":true, "old":true, "marked":true}}
{"address":"0x7fc96c848130", "type":"STRING", "class":"0x7fc96c801668", "frozen":true, "embedded":true, "fstring":true, "bytesize":10, "value":"_load_data", "encoding":"US-ASCII", "flags":{"wb_protected":true, "old":true, "marked":true}}
{"address":"0x7fc96c848158", "type":"STRING", "class":"0x7fc96c801668", "frozen":true, "embedded":true, "fstring":true, "bytesize":10, "value":"_dump_data", "encoding":"US-ASCII", "flags":{"wb_protected":true, "old":true, "marked":true}}
{"address":"0x7fc96c848180", "type":"STRING", "class":"0x7fc96c801668", "frozen":true, "embedded":true, "fstring":true, "bytesize":12, "value":"marshal_load", "encoding":"US-ASCII", "flags":{"wb_protected":true, "old":true, "marked":true}}
{"address":"0x7fc96c8481a8", "type":"STRING", "class":"0x7fc96c801668", "frozen":true, "embedded":true, "fstring":true, "bytesize":12, "value":"marshal_dump", "encoding":"US-ASCII", "flags":{"wb_protected":true, "old":true, "marked":true}}
{"address":"0x7fc96c8481d0", "type":"MODULE", "class":"0x7fc96c848068", "name":"Marshal", "references":["0x7fc96c8481d0", "0x7fc96c8481d0", "0x7fc96c8481d0", "0x7fc96c8481f8"], "memsize":864, "flags":{"wb_protected":true, "old":true, "marked":true}}
{"address":"0x7fc96c8481f8", "type":"STRING", "class":"0x7fc96c801668", "frozen":true, "embedded":true, "fstring":true, "bytesize":7, "value":"Marshal", "encoding":"US-ASCII", "flags":{"wb_protected":true, "old":true, "marked":true}}
{"address":"0x7fc96c848220", "type":"STRING", "class":"0x7fc96c801668", "frozen":true, "embedded":true, "fstring":true, "bytesize":17, "value":"incomplete_input?", "encoding":"US-ASCII", "flags":{"wb_protected":true, "old":true, "marked":true}}
{"address":"0x7fc96c848248", "type":"STRING", "class":"0x7fc96c801668", "frozen":true, "embedded":true, "fstring":true, "bytesize":15, "value":"readagain_bytes", "encoding":"US-ASCII", "flags":{"wb_protected":true, "old":true, "marked":true}}
{"address":"0x7fc96c848270", "type":"STRING", "class":"0x7fc96c801668", "frozen":true, "embedded":true, "fstring":true, "bytesize":11, "value":"error_bytes", "encoding":"US-ASCII", "flags":{"wb_protected":true, "old":true, "marked":true}}
{"address":"0x7fc96c848298", "type":"STRING", "class":"0x7fc96c801668", "frozen":true, "embedded":true, "fstring":true, "bytesize":10, "value":"error_char", "encoding":"US-ASCII", "flags":{"wb_protected":true, "old":true, "marked":true}}
{"address":"0x7fc96c8482c0", "type":"STRING", "class":"0x7fc96c801668", "frozen":true, "fstring":true, "bytesize":25, "value":"destination_encoding_name", "encoding":"US-ASCII", "memsize":26, "flags":{"wb_protected":true, "old":true, "marked":true}}
{"address":"0x7fc96c8482e8", "type":"STRING", "class":"0x7fc96c801668", "frozen":true, "embedded":true, "fstring":true, "bytesize":20, "value":"source_encoding_name", "encoding":"US-ASCII", "flags":{"wb_protected":true, "old":true, "marked":true}}
{"address":"0x7fc96c848310", "type":"STRING", "class":"0x7fc96c801668", "frozen":true, "fstring":true, "bytesize":24, "value":"XML_ATTR_QUOTE_DECORATOR", "encoding":"US-ASCII", "memsize":25, "flags":{"wb_protected":true, "old":true, "marked":true}}
{"address":"0x7fc96c848338", "type":"STRING", "class":"0x7fc96c801668", "frozen":true, "fstring":true, "bytesize":26, "value":"XML_ATTR_CONTENT_DECORATOR", "encoding":"US-ASCII", "memsize":27, "flags":{"wb_protected":true, "old":true, "marked":true}}
{"address":"0x7fc96c848360", "type":"STRING", "class":"0x7fc96c801668", "frozen":true, "embedded":true, "fstring":true, "bytesize":18, "value":"XML_TEXT_DECORATOR", "encoding":"US-ASCII", "flags":{"wb_protected":true, "old":true, "marked":true}}
{"address":"0x7fc96c848388", "type":"STRING", "class":"0x7fc96c801668", "frozen":true, "embedded":true, "fstring":true, "bytesize":20, "value":"CR_NEWLINE_DECORATOR", "encoding":"US-ASCII", "flags":{"wb_protected":true, "old":true, "marked":true}}
{"address":"0x7fc96c8483b0", "type":"STRING", "class":"0x7fc96c801668", "frozen":true, "embedded":true, "fstring":true, "bytesize":22, "value":"CRLF_NEWLINE_DECORATOR", "encoding":"US-ASCII", "flags":{"wb_protected":true, "old":true, "marked":true}}
{"address":"0x7fc96c8483d8", "type":"STRING", "class":"0x7fc96c801668", "frozen":true, "fstring":true, "bytesize":27, "value":"UNIVERSAL_NEWLINE_DECORATOR", "encoding":"US-ASCII", "memsize":28, "flags":{"wb_protected":true, "old":true, "marked":true}}
{"address":"0x7fc96c848400", "type":"STRING", "class":"0x7fc96c801668", "frozen":true, "embedded":true, "fstring":true, "bytesize":12, "value":"AFTER_OUTPUT", "encoding":"US-ASCII", "flags":{"wb_protected":true, "old":true, "marked":true}}
{"address":"0x7fc96c848428", "type":"STRING", "class":"0x7fc96c801668", "frozen":true, "embedded":true, "fstring":true, "bytesize":13, "value":"PARTIAL_INPUT", "encoding":"US-ASCII", "flags":{"wb_protected":true, "old":true, "marked":true}}
{"address":"0x7fc96c848450", "type":"STRING", "class":"0x7fc96c801668", "frozen":true, "embedded":true, "fstring":true, "bytesize":17, "value":"UNDEF_HEX_CHARREF", "encoding":"US-ASCII", "flags":{"wb_protected":true, "old":true, "marked":true}}
{"address":"0x7fc96c848478", "type":"STRING", "class":"0x7fc96c801668", "frozen":true, "embedded":true, "fstring":true, "bytesize":13, "value":"UNDEF_REPLACE", "encoding":"US-ASCII", "flags":{"wb_protected":true, "old":true, "marked":true}}
{"address":"0x7fc96c8484a0", "type":"STRING", "class":"0x7fc96c801668", "frozen":true, "embedded":true, "fstring":true, "bytesize":10, "value":"UNDEF_MASK", "encoding":"US-ASCII", "flags":{"wb_protected":true, "old":true, "marked":true}}
{"address":"0x7fc96c8484c8", "type":"STRING", "class":"0x7fc96c801668", "frozen":true, "embedded":true, "fstring":true, "bytesize":15, "value":"INVALID_REPLACE", "encoding":"US-ASCII", "flags":{"wb_protected":true, "old":true, "marked":true}}
{"address":"0x7fc96c8484f0", "type":"STRING", "class":"0x7fc96c801668", "frozen":true, "embedded":true, "fstring":true, "bytesize":12, "value":"INVALID_MASK", "encoding":"US-ASCII", "flags":{"wb_protected":true, "old":true, "marked":true}}
{"address":"0x7fc96c848518", "type":"STRING", "class":"0x7fc96c801668", "frozen":true, "embedded":true, "fstring":true, "bytesize":12, "value":"replacement=", "encoding":"US-ASCII", "flags":{"wb_protected":true, "old":true, "marked":true}}
{"address":"0x7fc96c848540", "type":"STRING", "class":"0x7fc96c801668", "frozen":true, "embedded":true, "fstring":true, "bytesize":11, "value":"replacement", "encoding":"US-ASCII", "flags":{"wb_protected":true, "old":true, "marked":true}}
{"address":"0x7fc96c848568", "type":"STRING", "class":"0x7fc96c801668", "frozen":true, "embedded":true, "fstring":true, "bytesize":10, "value":"last_error", "encoding":"US-ASCII", "flags":{"wb_protected":true, "old":true, "marked":true}}
{"address":"0x7fc96c848590", "type":"STRING", "class":"0x7fc96c801668", "frozen":true, "embedded":true, "fstring":true, "bytesize":7, "value":"putback", "encoding":"US-ASCII", "flags":{"wb_protected":true, "old":true, "marked":true}}
{"address":"0x7fc96c8485b8", "type":"STRING", "class":"0x7fc96c801668", "frozen":true, "embedded":true, "fstring":true, "bytesize":13, "value":"insert_output", "encoding":"US-ASCII", "flags":{"wb_protected":true, "old":true, "marked":true}}
{"address":"0x7fc96c8485e0", "type":"STRING", "class":"0x7fc96c801668", "frozen":true, "embedded":true, "fstring":true, "bytesize":17, "value":"primitive_errinfo", "encoding":"US-ASCII", "flags":{"wb_protected":true, "old":true, "marked":true}}
{"address":"0x7fc96c848608", "type":"STRING", "class":"0x7fc96c801668", "frozen":true, "embedded":true, "fstring":true, "bytesize":6, "value":"finish", "encoding":"US-ASCII", "flags":{"wb_protected":true, "old":true, "marked":true}}
{"address":"0x7fc96c848630", "type":"STRING", "class":"0x7fc96c801668", "frozen":true, "embedded":true, "fstring":true, "bytesize":7, "value":"convert", "encoding":"US-ASCII", "flags":{"wb_protected":true, "old":true, "marked":true}}
{"address":"0x7fc96c848658", "type":"STRING", "class":"0x7fc96c801668", "frozen":true, "embedded":true, "fstring":true, "bytesize":17, "value":"primitive_convert", "encoding":"US-ASCII", "flags":{"wb_protected":true, "old":true, "marked":true}}
{"address":"0x7fc96c848680", "type":"STRING", "class":"0x7fc96c801668", "frozen":true, "embedded":true, "fstring":true, "bytesize":20, "value":"destination_encoding", "encoding":"US-ASCII", "flags":{"wb_protected":true, "old":true, "marked":true}}
{"address":"0x7fc96c8486a8", "type":"STRING", "class":"0x7fc96c801668", "frozen":true, "embedded":true, "fstring":true, "bytesize":15, "value":"source_encoding", "encoding":"US-ASCII", "flags":{"wb_protected":true, "old":true, "marked":true}}
{"address":"0x7fc96c8486d0", "type":"STRING", "class":"0x7fc96c801668", "frozen":true, "embedded":true, "fstring":true, "bytesize":8, "value":"convpath", "encoding":"US-ASCII", "flags":{"wb_protected":true, "old":true, "marked":true}}
{"address":"0x7fc96c8486f8", "type":"STRING", "class":"0x7fc96c801668", "frozen":true, "embedded":true, "fstring":true, "bytesize":15, "value":"search_convpath", "encoding":"US-ASCII", "flags":{"wb_protected":true, "old":true, "marked":true}}
{"address":"0x7fc96c848720", "type":"STRING", "class":"0x7fc96c801668", "frozen":true, "embedded":true, "fstring":true, "bytesize":20, "value":"asciicompat_encoding", "encoding":"US-ASCII", "flags":{"wb_protected":true, "old":true, "marked":true}}
{"address":"0x7fc96c848748", "type":"STRING", "class":"0x7fc96c801668", "frozen":true, "embedded":true, "bytesize":19, "value":"Encoding::Converter", "encoding":"US-ASCII", "flags":{"wb_protected":true, "old":true, "marked":true}}
{"address":"0x7fc96c848770", "type":"CLASS", "class":"0x7fc96c802e28", "name":"Class", "references":["0x7fc96c848770", "0x7fc96c848770", "0x7fc96c848798", "0x7fc96c802680"], "memsize":672, "flags":{"wb_protected":true, "old":true, "marked":true}}
{"address":"0x7fc96c848798", "type":"CLASS", "class":"0x7fc96c848770", "name":"Encoding::Converter", "references":["0x7fc96c848798", "0x7fc96c848798", "0x7fc96c848798", "0x7fc96c848798", "0x7fc96c848798", "0x7fc96c848798", "0x7fc96c848798", "0x7fc96c848798", "0x7fc96c848798", "0x7fc96c848798", "0x7fc96c848798", "0x7fc96c848798", "0x7fc96c848798", "0x7fc96c848798", "0x7fc96c848798", "0x7fc96c848748", "0x7fc96c8026a8"], "memsize":2096, "flags":{"wb_protected":true, "old":true, "marked":true}}
{"address":"0x7fc96c8487c0", "type":"STRING", "class":"0x7fc96c801668", "frozen":true, "embedded":true, "fstring":true, "bytesize":9, "value":"Converter", "encoding":"US-ASCII", "flags":{"wb_protected":true, "old":true, "marked":true}}
{"address":"0x7fc96c8487e8", "type":"STRING", "class":"0x7fc96c801668", "frozen":true, "embedded":true, "fstring":true, "bytesize":7, "value":"encode!", "encoding":"US-ASCII", "flags":{"wb_protected":true, "old":true, "marked":true}}
{"address":"0x7fc96c848810", "type":"STRING", "class":"0x7fc96c801668", "frozen":true, "embedded":true, "fstring":true, "bytesize":6, "value":"encode", "encoding":"US-ASCII", "flags":{"wb_protected":true, "old":true, "marked":true}}
{"address":"0x7fc96c848838", "type":"STRING", "class":"0x7fc96c801668", "frozen":true, "embedded":true, "fstring":true, "bytesize":2, "value":"lf", "encoding":"US-ASCII", "flags":{"wb_protected":true, "old":true, "marked":true}}
{"address":"0x7fc96c848860", "type":"STRING", "class":"0x7fc96c801668", "frozen":true, "embedded":true, "fstring":true, "bytesize":2, "value":"cr", "encoding":"US-ASCII", "flags":{"wb_protected":true, "old":true, "marked":true}}
{"address":"0x7fc96c848888", "type":"STRING", "class":"0x7fc96c801668", "frozen":true, "embedded":true, "fstring":true, "bytesize":4, "value":"crlf", "encoding":"US-ASCII", "flags":{"wb_protected":true, "old":true, "marked":true}}
{"address":"0x7fc96c8488b0", "type":"STRING", "class":"0x7fc96c801668", "frozen":true, "embedded":true, "fstring":true, "bytesize":9, "value":"universal", "encoding":"US-ASCII", "flags":{"wb_protected":true, "old":true, "marked":true}}
{"address":"0x7fc96c8488d8", "type":"STRING", "class":"0x7fc96c801668", "frozen":true, "embedded":true, "fstring":true, "bytesize":7, "value":"newline", "encoding":"US-ASCII", "flags":{"wb_protected":true, "old":true, "marked":true}}
{"address":"0x7fc96c848900", "type":"STRING", "class":"0x7fc96c801668", "frozen":true, "embedded":true, "fstring":true, "bytesize":13, "value":"partial_input", "encoding":"US-ASCII", "flags":{"wb_protected":true, "old":true, "marked":true}}
{"address":"0x7fc96c848928", "type":"STRING", "class":"0x7fc96c801668", "frozen":true, "embedded":true, "fstring":true, "bytesize":10, "value":"cr_newline", "encoding":"US-ASCII", "flags":{"wb_protected":true, "old":true, "marked":true}}
{"address":"0x7fc96c848950", "type":"STRING", "class":"0x7fc96c801668", "frozen":true, "embedded":true, "fstring":true, "bytesize":12, "value":"crlf_newline", "encoding":"US-ASCII", "flags":{"wb_protected":true, "old":true, "marked":true}}
{"address":"0x7fc96c848978", "type":"STRING", "class":"0x7fc96c801668", "frozen":true, "embedded":true, "fstring":true, "bytesize":17, "value":"universal_newline", "encoding":"US-ASCII", "flags":{"wb_protected":true, "old":true, "marked":true}}
{"address":"0x7fc96c8489a0", "type":"STRING", "class":"0x7fc96c801668", "frozen":true, "embedded":true, "fstring":true, "bytesize":16, "value":"incomplete_input", "encoding":"US-ASCII", "flags":{"wb_protected":true, "old":true, "marked":true}}
{"address":"0x7fc96c8489c8", "type":"STRING", "class":"0x7fc96c801668", "frozen":true, "embedded":true, "fstring":true, "bytesize":12, "value":"after_output", "encoding":"US-ASCII", "flags":{"wb_protected":true, "old":true, "marked":true}}
{"address":"0x7fc96c8489f0", "type":"STRING", "class":"0x7fc96c801668", "frozen":true, "embedded":true, "fstring":true, "bytesize":8, "value":"finished", "encoding":"US-ASCII", "flags":{"wb_protected":true, "old":true, "marked":true}}
{"address":"0x7fc96c848a18", "type":"STRING", "class":"0x7fc96c801668", "frozen":true, "embedded":true, "fstring":true, "bytesize":19, "value":"source_buffer_empty", "encoding":"US-ASCII", "flags":{"wb_protected":true, "old":true, "marked":true}}
{"address":"0x7fc96c848a40", "type":"STRING", "class":"0x7fc96c801668", "frozen":true, "embedded":true, "fstring":true, "bytesize":23, "value":"destination_buffer_full", "encoding":"US-ASCII", "flags":{"wb_protected":true, "old":true, "marked":true}}
{"address":"0x7fc96c848a68", "type":"STRING", "class":"0x7fc96c801668", "frozen":true, "embedded":true, "fstring":true, "bytesize":20, "value":"undefined_conversion", "encoding":"US-ASCII", "flags":{"wb_protected":true, "old":true, "marked":true}}
{"address":"0x7fc96c848a90", "type":"STRING", "class":"0x7fc96c801668", "frozen":true, "embedded":true, "fstring":true, "bytesize":21, "value":"invalid_byte_sequence", "encoding":"US-ASCII", "flags":{"wb_protected":true, "old":true, "marked":true}}
{"address":"0x7fc96c848ab8", "type":"STRING", "class":"0x7fc96c801668", "frozen":true, "embedded":true, "fstring":true, "bytesize":4, "value":"text", "encoding":"US-ASCII", "flags":{"wb_protected":true, "old":true, "marked":true}}
{"address":"0x7fc96c848ae0", "type":"STRING", "class":"0x7fc96c801668", "frozen":true, "embedded":true, "fstring":true, "bytesize":3, "value":"xml", "encoding":"US-ASCII", "flags":{"wb_protected":true, "old":true, "marked":true}}
{"address":"0x7fc96c848b08", "type":"STRING", "class":"0x7fc96c801668", "frozen":true, "embedded":true, "fstring":true, "bytesize":8, "value":"fallback", "encoding":"US-ASCII", "flags":{"wb_protected":true, "old":true, "marked":true}}
{"address":"0x7fc96c848b30", "type":"STRING", "class":"0x7fc96c801668", "frozen":true, "embedded":true, "fstring":true, "bytesize":5, "value":"undef", "encoding":"US-ASCII", "flags":{"wb_protected":true, "old":true, "marked":true}}
{"address":"0x7fc96c848b58", "type":"STRING", "class":"0x7fc96c801668", "frozen":true, "embedded":true, "fstring":true, "bytesize":7, "value":"invalid", "encoding":"US-ASCII", "flags":{"wb_protected":true, "old":true, "marked":true}}
{"address":"0x7fc96c848b80", "type":"STRING", "class":"0x7fc96c801668", "frozen":true, "bytesize":32, "capacity":48, "value":"Encoding::ConverterNotFoundError", "encoding":"US-ASCII", "memsize":49, "flags":{"wb_protected":true, "old":true, "marked":true}}
{"address":"0x7fc96c848ba8", "type":"CLASS", "class":"0x7fc96c802e28", "name":"Class", "references":["0x7fc96c848bd0", "0x7fc96c853ad0"], "memsize":672, "flags":{"wb_protected":true, "old":true, "marked":true}}
{"address":"0x7fc96c848bd0", "type":"CLASS", "class":"0x7fc96c848ba8", "name":"Encoding::ConverterNotFoundError", "references":["0x7fc96c848b80", "0x7fc96c853af8"], "memsize":672, "flags":{"wb_protected":true, "old":true, "marked":true}}
{"address":"0x7fc96c848bf8", "type":"STRING", "class":"0x7fc96c801668", "frozen":true, "embedded":true, "fstring":true, "bytesize":22, "value":"ConverterNotFoundError", "encoding":"US-ASCII", "flags":{"wb_protected":true, "old":true, "marked":true}}
{"address":"0x7fc96c848c20", "type":"STRING", "class":"0x7fc96c801668", "frozen":true, "bytesize":34, "capacity":48, "value":"Encoding::InvalidByteSequenceError", "encoding":"US-ASCII", "memsize":49, "flags":{"wb_protected":true, "old":true, "marked":true}}
{"address":"0x7fc96c848c48", "type":"CLASS", "class":"0x7fc96c802e28", "name":"Class", "references":["0x7fc96c848c70", "0x7fc96c853ad0"], "memsize":672, "flags":{"wb_protected":true, "old":true, "marked":true}}
{"address":"0x7fc96c848c70", "type":"CLASS", "class":"0x7fc96c848c48", "name":"Encoding::InvalidByteSequenceError", "references":["0x7fc96c848c70", "0x7fc96c848c70", "0x7fc96c848c70", "0x7fc96c848c70", "0x7fc96c848c70", "0x7fc96c848c70", "0x7fc96c848c70", "0x7fc96c848c20", "0x7fc96c853af8"], "memsize":952, "flags":{"wb_protected":true, "old":true, "marked":true}}
{"address":"0x7fc96c848c98", "type":"STRING", "class":"0x7fc96c801668", "frozen":true, "fstring":true, "bytesize":24, "value":"InvalidByteSequenceError", "encoding":"US-ASCII", "memsize":25, "flags":{"wb_protected":true, "old":true, "marked":true}}
{"address":"0x7fc96c848cc0", "type":"STRING", "class":"0x7fc96c801668", "frozen":true, "bytesize":34, "capacity":48, "value":"Encoding::UndefinedConversionError", "encoding":"US-ASCII", "memsize":49, "flags":{"wb_protected":true, "old":true, "marked":true}}
{"address":"0x7fc96c848ce8", "type":"CLASS", "class":"0x7fc96c802e28", "name":"Class", "references":["0x7fc96c848d10", "0x7fc96c853ad0"], "memsize":672, "flags":{"wb_protected":true, "old":true, "marked":true}}
{"address":"0x7fc96c848d10", "type":"CLASS", "class":"0x7fc96c848ce8", "name":"Encoding::UndefinedConversionError", "references":["0x7fc96c848d10", "0x7fc96c848d10", "0x7fc96c848d10", "0x7fc96c848d10", "0x7fc96c848d10", "0x7fc96c848cc0", "0x7fc96c853af8"], "memsize":672, "flags":{"wb_protected":true, "old":true, "marked":true}}
{"address":"0x7fc96c848d38", "type":"STRING", "class":"0x7fc96c801668", "frozen":true, "fstring":true, "bytesize":24, "value":"UndefinedConversionError", "encoding":"US-ASCII", "memsize":25, "flags":{"wb_protected":true, "old":true, "marked":true}}
{"address":"0x7fc96c848d60", "type":"STRING", "class":"0x7fc96c801668", "frozen":true, "embedded":true, "fstring":true, "bytesize":6, "value":"unpack", "encoding":"US-ASCII", "flags":{"wb_protected":true, "old":true, "marked":true}}
{"address":"0x7fc96c848d88", "type":"STRING", "class":"0x7fc96c801668", "frozen":true, "embedded":true, "fstring":true, "bytesize":4, "value":"pack", "encoding":"US-ASCII", "flags":{"wb_protected":true, "old":true, "marked":true}}
{"address":"0x7fc96c848db0", "type":"STRING", "class":"0x7fc96c801668", "frozen":true, "embedded":true, "fstring":true, "bytesize":6, "value":"string", "encoding":"US-ASCII", "flags":{"wb_protected":true, "old":true, "marked":true}}
{"address":"0x7fc96c848dd8", "type":"STRING", "class":"0x7fc96c801668", "frozen":true, "embedded":true, "fstring":true, "bytesize":10, "value":"post_match", "encoding":"US-ASCII", "flags":{"wb_protected":true, "old":true, "marked":true}}
{"address":"0x7fc96c848e00", "type":"STRING", "class":"0x7fc96c801668", "frozen":true, "embedded":true, "fstring":true, "bytesize":9, "value":"pre_match", "encoding":"US-ASCII", "flags":{"wb_protected":true, "old":true, "marked":true}}
{"address":"0x7fc96c848e28", "type":"STRING", "class":"0x7fc96c801668", "frozen":true, "embedded":true, "fstring":true, "bytesize":8, "value":"captures", "encoding":"US-ASCII", "flags":{"wb_protected":true, "old":true, "marked":true}}
{"address":"0x7fc96c848e50", "type":"STRING", "class":"0x7fc96c801668", "frozen":true, "embedded":true, "fstring":true, "bytesize":3, "value":"end", "encoding":"US-ASCII", "flags":{"wb_protected":true, "old":true, "marked":true}}
{"address":"0x7fc96c848e78", "type":"STRING", "class":"0x7fc96c801668", "frozen":true, "embedded":true, "fstring":true, "bytesize":5, "value":"begin", "encoding":"US-ASCII", "flags":{"wb_protected":true, "old":true, "marked":true}}
{"address":"0x7fc96c848ea0", "type":"STRING", "class":"0x7fc96c801668", "frozen":true, "embedded":true, "fstring":true, "bytesize":6, "value":"offset", "encoding":"US-ASCII", "flags":{"wb_protected":true, "old":true, "marked":true}}
{"address":"0x7fc96c848ec8", "type":"STRING", "class":"0x7fc96c801668", "frozen":true, "embedded":true, "fstring":true, "bytesize":6, "value":"regexp", "encoding":"US-ASCII", "flags":{"wb_protected":true, "old":true, "marked":true}}
{"address":"0x7fc96c848ef0", "type":"CLASS", "class":"0x7fc96c802e28", "name":"Class", "references":["0x7fc96c848ef0", "0x7fc96c848f18", "0x7fc96c802dd8"], "memsize":672, "flags":{"wb_protected":true, "old":true, "marked":true}}
{"address":"0x7fc96c848f18", "type":"CLASS", "class":"0x7fc96c848ef0", "name":"MatchData", "references":["0x7fc96c848f18", "0x7fc96c848f18", "0x7fc96c848f18", "0x7fc96c848f18", "0x7fc96c848f18", "0x7fc96c848f18", "0x7fc96c848f18", "0x7fc96c848f18", "0x7fc96c848f18", "0x7fc96c848f18", "0x7fc96c848f18", "0x7fc96c848f18", "0x7fc96c848f18", "0x7fc96c848f18", "0x7fc96c848f18", "0x7fc96c848f18", "0x7fc96c848f18", "0x7fc96c848f18", "0x7fc96c848f18", "0x7fc96c848f18", "0x7fc96c848f40", "0x7fc96c803788"], "memsize":1576, "flags":{"wb_protected":true, "old":true, "marked":true}}
{"address":"0x7fc96c848f40", "type":"STRING", "class":"0x7fc96c801668", "frozen":true, "embedded":true, "fstring":true, "bytesize":9, "value":"MatchData", "encoding":"US-ASCII", "flags":{"wb_protected":true, "old":true, "marked":true}}
{"address":"0x7fc96c848f68", "type":"STRING", "class":"0x7fc96c801668", "frozen":true, "embedded":true, "fstring":true, "bytesize":10, "value":"NOENCODING", "encoding":"US-ASCII", "flags":{"wb_protected":true, "old":true, "marked":true}}
{"address":"0x7fc96c848f90", "type":"STRING", "class":"0x7fc96c801668", "frozen":true, "embedded":true, "fstring":true, "bytesize":13, "value":"FIXEDENCODING", "encoding":"US-ASCII", "flags":{"wb_protected":true, "old":true, "marked":true}}
{"address":"0x7fc96c848fb8", "type":"STRING", "class":"0x7fc96c801668", "frozen":true, "embedded":true, "fstring":true, "bytesize":9, "value":"MULTILINE", "encoding":"US-ASCII", "flags":{"wb_protected":true, "old":true, "marked":true}}
{"address":"0x7fc96c848fe0", "type":"STRING", "class":"0x7fc96c801668", "frozen":true, "embedded":true, "fstring":true, "bytesize":8, "value":"EXTENDED", "encoding":"US-ASCII", "flags":{"wb_protected":true, "old":true, "marked":true}}
{"address":"0x7fc96c849008", "type":"STRING", "class":"0x7fc96c801668", "frozen":true, "embedded":true, "fstring":true, "bytesize":10, "value":"IGNORECASE", "encoding":"US-ASCII", "flags":{"wb_protected":true, "old":true, "marked":true}}
{"address":"0x7fc96c849030", "type":"STRING", "class":"0x7fc96c801668", "frozen":true, "embedded":true, "fstring":true, "bytesize":14, "value":"named_captures", "encoding":"US-ASCII", "flags":{"wb_protected":true, "old":true, "marked":true}}
{"address":"0x7fc96c849058", "type":"STRING", "class":"0x7fc96c801668", "frozen":true, "embedded":true, "fstring":true, "bytesize":15, "value":"fixed_encoding?", "encoding":"US-ASCII", "flags":{"wb_protected":true, "old":true, "marked":true}}
{"address":"0x7fc96c849080", "type":"STRING", "class":"0x7fc96c801668", "frozen":true, "embedded":true, "fstring":true, "bytesize":7, "value":"options", "encoding":"US-ASCII", "flags":{"wb_protected":true, "old":true, "marked":true}}
{"address":"0x7fc96c8490a8", "type":"STRING", "class":"0x7fc96c801668", "frozen":true, "embedded":true, "fstring":true, "bytesize":9, "value":"casefold?", "encoding":"US-ASCII", "flags":{"wb_protected":true, "old":true, "marked":true}}
{"address":"0x7fc96c8490d0", "type":"STRING", "class":"0x7fc96c801668", "frozen":true, "embedded":true, "fstring":true, "bytesize":6, "value":"source", "encoding":"US-ASCII", "flags":{"wb_protected":true, "old":true, "marked":true}}
{"address":"0x7fc96c8490f8", "type":"STRING", "class":"0x7fc96c801668", "frozen":true, "embedded":true, "fstring":true, "bytesize":10, "value":"last_match", "encoding":"US-ASCII", "flags":{"wb_protected":true, "old":true, "marked":true}}
{"address":"0x7fc96c849120", "type":"STRING", "class":"0x7fc96c801668", "frozen":true, "embedded":true, "fstring":true, "bytesize":5, "value":"union", "encoding":"US-ASCII", "flags":{"wb_protected":true, "old":true, "marked":true}}
{"address":"0x7fc96c849148", "type":"STRING", "class":"0x7fc96c801668", "frozen":true, "embedded":true, "fstring":true, "bytesize":6, "value":"escape", "encoding":"US-ASCII", "flags":{"wb_protected":true, "old":true, "marked":true}}
{"address":"0x7fc96c849170", "type":"STRING", "class":"0x7fc96c801668", "frozen":true, "embedded":true, "fstring":true, "bytesize":5, "value":"quote", "encoding":"US-ASCII", "flags":{"wb_protected":true, "old":true, "marked":true}}
{"address":"0x7fc96c849198", "type":"STRING", "class":"0x7fc96c801668", "frozen":true, "embedded":true, "fstring":true, "bytesize":7, "value":"compile", "encoding":"US-ASCII", "flags":{"wb_protected":true, "old":true, "marked":true}}
{"address":"0x7fc96c8491c0", "type":"CLASS", "class":"0x7fc96c802e28", "name":"Class", "references":["0x7fc96c8491c0", "0x7fc96c8491c0", "0x7fc96c8491c0", "0x7fc96c8491c0", "0x7fc96c8491c0", "0x7fc96c8491c0", "0x7fc96c8491e8", "0x7fc96c802dd8"], "memsize":672, "flags":{"wb_protected":true, "old":true, "marked":true}}
{"address":"0x7fc96c8491e8", "type":"CLASS", "class":"0x7fc96c8491c0", "name":"Regexp", "references":["0x7fc96c8491e8", "0x7fc96c8491e8", "0x7fc96c8491e8", "0x7fc96c8491e8", "0x7fc96c8491e8", "0x7fc96c8491e8", "0x7fc96c8491e8", "0x7fc96c8491e8", "0x7fc96c8491e8", "0x7fc96c8491e8", "0x7fc96c8491e8", "0x7fc96c8491e8", "0x7fc96c8491e8", "0x7fc96c8491e8", "0x7fc96c8491e8", "0x7fc96c8491e8", "0x7fc96c8491e8", "0x7fc96c8491e8", "0x7fc96c849210", "0x7fc96c803788"], "memsize":1672, "flags":{"wb_protected":true, "old":true, "marked":true}}
{"address":"0x7fc96c849210", "type":"STRING", "class":"0x7fc96c801668", "frozen":true, "embedded":true, "fstring":true, "bytesize":6, "value":"Regexp", "encoding":"US-ASCII", "flags":{"wb_protected":true, "old":true, "marked":true}}
{"address":"0x7fc96c849238", "type":"STRING", "class":"0x7fc96c801668", "frozen":true, "embedded":true, "fstring":true, "bytesize":3, "value":"$-K", "encoding":"US-ASCII", "flags":{"wb_protected":true, "old":true, "marked":true}}
{"address":"0x7fc96c849260", "type":"STRING", "class":"0x7fc96c801668", "frozen":true, "embedded":true, "fstring":true, "bytesize":6, "value":"$KCODE", "encoding":"US-ASCII", "flags":{"wb_protected":true, "old":true, "marked":true}}
{"address":"0x7fc96c849288", "type":"STRING", "class":"0x7fc96c801668", "frozen":true, "embedded":true, "fstring":true, "bytesize":2, "value":"$=", "encoding":"US-ASCII", "flags":{"wb_protected":true, "old":true, "marked":true}}
{"address":"0x7fc96c8492b0", "type":"STRING", "class":"0x7fc96c801668", "frozen":true, "embedded":true, "fstring":true, "bytesize":2, "value":"$+", "encoding":"US-ASCII", "flags":{"wb_protected":true, "old":true, "marked":true}}
{"address":"0x7fc96c8492d8", "type":"STRING", "class":"0x7fc96c801668", "frozen":true, "embedded":true, "fstring":true, "bytesize":2, "value":"$'", "encoding":"US-ASCII", "flags":{"wb_protected":true, "old":true, "marked":true}}
{"address":"0x7fc96c849300", "type":"STRING", "class":"0x7fc96c801668", "frozen":true, "embedded":true, "fstring":true, "bytesize":2, "value":"$`", "encoding":"US-ASCII", "flags":{"wb_protected":true, "old":true, "marked":true}}
{"address":"0x7fc96c849328", "type":"STRING", "class":"0x7fc96c801668", "frozen":true, "embedded":true, "fstring":true, "bytesize":2, "value":"$&", "encoding":"US-ASCII", "flags":{"wb_protected":true, "old":true, "marked":true}}
{"address":"0x7fc96c849350", "type":"STRING", "class":"0x7fc96c801668", "frozen":true, "embedded":true, "fstring":true, "bytesize":2, "value":"$~", "encoding":"US-ASCII", "flags":{"wb_protected":true, "old":true, "marked":true}}
{"address":"0x7fc96c849378", "type":"CLASS", "class":"0x7fc96c802e28", "name":"Class", "references":["0x7fc96c8493a0", "0x7fc96c800330"], "memsize":672, "flags":{"wb_protected":true, "old":true, "marked":true}}
{"address":"0x7fc96c8493a0", "type":"CLASS", "class":"0x7fc96c849378", "name":"RegexpError", "references":["0x7fc96c8493c8", "0x7fc96c800358"], "memsize":672, "flags":{"wb_protected":true, "old":true, "marked":true}}
{"address":"0x7fc96c8493c8", "type":"STRING", "class":"0x7fc96c801668", "frozen":true, "embedded":true, "fstring":true, "bytesize":11, "value":"RegexpError", "encoding":"US-ASCII", "flags":{"wb_protected":true, "old":true, "marked":true}}
{"address":"0x7fc96c8493f0", "type":"STRING", "class":"0x7fc96c801668", "frozen":true, "embedded":true, "fstring":true, "bytesize":11, "value":"__members__", "encoding":"US-ASCII", "flags":{"wb_protected":true, "old":true, "marked":true}}
{"address":"0x7fc96c849418", "type":"STRING", "class":"0x7fc96c801668", "frozen":true, "embedded":true, "fstring":true, "bytesize":7, "value":"members", "encoding":"US-ASCII", "flags":{"wb_protected":true, "old":true, "marked":true}}
{"address":"0x7fc96c849440", "type":"ICLASS", "class":"0x7fc96c801de8", "references":["0x7fc96c801e10", "0x7fc96c803788"], "flags":{"remembered":true}}
{"address":"0x7fc96c849468", "type":"CLASS", "class":"0x7fc96c802e28", "name":"Class", "references":["0x7fc96c849468", "0x7fc96c849490", "0x7fc96c802dd8"], "memsize":672, "flags":{"wb_protected":true, "old":true, "marked":true}}
{"address":"0x7fc96c849490", "type":"CLASS", "class":"0x7fc96c849468", "name":"Struct", "references":["0x7fc96c849490", "0x7fc96c849490", "0x7fc96c849490", "0x7fc96c849490", "0x7fc96c849490", "0x7fc96c849490", "0x7fc96c849490", "0x7fc96c849490", "0x7fc96c849490", "0x7fc96c849490", "0x7fc96c849490", "0x7fc96c849490", "0x7fc96c849490", "0x7fc96c849490", "0x7fc96c849490", "0x7fc96c849490", "0x7fc96c849490", "0x7fc96c849490", "0x7fc96c849490", "0x7fc96c8494b8", "0x7fc96c83b8e0", "0x7fc96c849440"], "memsize":1720, "flags":{"wb_protected":true, "old":true, "marked":true}}
{"address":"0x7fc96c8494b8", "type":"STRING", "class":"0x7fc96c801668", "frozen":true, "embedded":true, "fstring":true, "bytesize":6, "value":"Struct", "encoding":"US-ASCII", "flags":{"wb_protected":true, "old":true, "marked":true}}
{"address":"0x7fc96c8494e0", "type":"STRING", "class":"0x7fc96c801668", "frozen":true, "embedded":true, "fstring":true, "bytesize":3, "value":"ENV", "encoding":"US-ASCII", "flags":{"wb_protected":true, "old":true, "marked":true}}
{"address":"0x7fc96c849508", "type":"ICLASS", "class":"0x7fc96c801de8", "references":["0x7fc96c801e10", "0x7fc96c803788"], "flags":{"remembered":true}}
{"address":"0x7fc96c849530", "type":"CLASS", "class":"0x7fc96c802dd8", "name":"Object", "references":["0x7fc96c849530", "0x7fc96c849530", "0x7fc96c849530", "0x7fc96c849530", "0x7fc96c849530", "0x7fc96c849530", "0x7fc96c849530", "0x7fc96c849530", "0x7fc96c849530", "0x7fc96c849530", "0x7fc96c849530", "0x7fc96c849530", "0x7fc96c849530", "0x7fc96c849530", "0x7fc96c849530", "0x7fc96c849530", "0x7fc96c849530", "0x7fc96c849530", "0x7fc96c849530", "0x7fc96c849530", "0x7fc96c849530", "0x7fc96c849530", "0x7fc96c849530", "0x7fc96c849530", "0x7fc96c849530", "0x7fc96c849530", "0x7fc96c849530", "0x7fc96c849530", "0x7fc96c849530", "0x7fc96c849530", "0x7fc96c849530", "0x7fc96c849530", "0x7fc96c849530", "0x7fc96c849530", "0x7fc96c849530", "0x7fc96c849530", "0x7fc96c849530", "0x7fc96c849530", "0x7fc96c849530", "0x7fc96c849530", "0x7fc96c849530", "0x7fc96c849530", "0x7fc96c849558", "0x7fc96c849508"], "memsize":2632, "flags":{"wb_protected":true, "old":true, "marked":true}}
{"address":"0x7fc96c849558", "type":"OBJECT", "class":"0x7fc96c849530", "ivars":0, "flags":{"wb_protected":true, "old":true, "marked":true}}
{"address":"0x7fc96c849580", "type":"STRING", "class":"0x7fc96c801668", "frozen":true, "embedded":true, "fstring":true, "bytesize":20, "value":"compare_by_identity?", "encoding":"US-ASCII", "flags":{"wb_protected":true, "old":true, "marked":true}}
{"address":"0x7fc96c8495a8", "type":"STRING", "class":"0x7fc96c801668", "frozen":true, "embedded":true, "fstring":true, "bytesize":19, "value":"compare_by_identity", "encoding":"US-ASCII", "flags":{"wb_protected":true, "old":true, "marked":true}}
{"address":"0x7fc96c8495d0", "type":"STRING", "class":"0x7fc96c801668", "frozen":true, "embedded":true, "fstring":true, "bytesize":6, "value":"value?", "encoding":"US-ASCII", "flags":{"wb_protected":true, "old":true, "marked":true}}
{"address":"0x7fc96c8495f8", "type":"STRING", "class":"0x7fc96c801668", "frozen":true, "embedded":true, "fstring":true, "bytesize":4, "value":"key?", "encoding":"US-ASCII", "flags":{"wb_protected":true, "old":true, "marked":true}}
{"address":"0x7fc96c849620", "type":"STRING", "class":"0x7fc96c801668", "frozen":true, "embedded":true, "fstring":true, "bytesize":10, "value":"has_value?", "encoding":"US-ASCII", "flags":{"wb_protected":true, "old":true, "marked":true}}
{"address":"0x7fc96c849648", "type":"STRING", "class":"0x7fc96c801668", "frozen":true, "embedded":true, "fstring":true, "bytesize":8, "value":"has_key?", "encoding":"US-ASCII", "flags":{"wb_protected":true, "old":true, "marked":true}}
{"address":"0x7fc96c849670", "type":"STRING", "class":"0x7fc96c801668", "frozen":true, "embedded":true, "fstring":true, "bytesize":5, "value":"merge", "encoding":"US-ASCII", "flags":{"wb_protected":true, "old":true, "marked":true}}
{"address":"0x7fc96c849698", "type":"STRING", "class":"0x7fc96c801668", "frozen":true, "embedded":true, "fstring":true, "bytesize":6, "value":"merge!", "encoding":"US-ASCII", "flags":{"wb_protected":true, "old":true, "marked":true}}
{"address":"0x7fc96c8496c0", "type":"STRING", "class":"0x7fc96c801668", "frozen":true, "embedded":true, "fstring":true, "bytesize":6, "value":"update", "encoding":"US-ASCII", "flags":{"wb_protected":true, "old":true, "marked":true}}
{"address":"0x7fc96c8496e8", "type":"STRING", "class":"0x7fc96c801668", "frozen":true, "embedded":true, "fstring":true, "bytesize":6, "value":"invert", "encoding":"US-ASCII", "flags":{"wb_protected":true, "old":true, "marked":true}}
{"address":"0x7fc96c849710", "type":"STRING", "class":"0x7fc96c801668", "frozen":true, "embedded":true, "fstring":true, "bytesize":6, "value":"values", "encoding":"US-ASCII", "flags":{"wb_protected":true, "old":true, "marked":true}}
{"address":"0x7fc96c849738", "type":"STRING", "class":"0x7fc96c801668", "frozen":true, "embedded":true, "fstring":true, "bytesize":4, "value":"keys", "encoding":"US-ASCII", "flags":{"wb_protected":true, "old":true, "marked":true}}
{"address":"0x7fc96c849760", "type":"STRING", "class":"0x7fc96c801668", "frozen":true, "embedded":true, "fstring":true, "bytesize":9, "value":"each_pair", "encoding":"US-ASCII", "flags":{"wb_protected":true, "old":true, "marked":true}}
{"address":"0x7fc96c849788", "type":"STRING", "class":"0x7fc96c801668", "frozen":true, "embedded":true, "fstring":true, "bytesize":8, "value":"each_key", "encoding":"US-ASCII", "flags":{"wb_protected":true, "old":true, "marked":true}}
{"address":"0x7fc96c8497b0", "type":"STRING", "class":"0x7fc96c801668", "frozen":true, "embedded":true, "fstring":true, "bytesize":10, "value":"each_value", "encoding":"US-ASCII", "flags":{"wb_protected":true, "old":true, "marked":true}}
{"address":"0x7fc96c8497d8", "type":"STRING", "class":"0x7fc96c801668", "frozen":true, "embedded":true, "fstring":true, "bytesize":3, "value":"key", "encoding":"US-ASCII", "flags":{"wb_protected":true, "old":true, "marked":true}}
{"address":"0x7fc96c849800", "type":"STRING", "class":"0x7fc96c801668", "frozen":true, "embedded":true, "fstring":true, "bytesize":13, "value":"default_proc=", "encoding":"US-ASCII", "flags":{"wb_protected":true, "old":true, "marked":true}}
{"address":"0x7fc96c849828", "type":"STRING", "class":"0x7fc96c801668", "frozen":true, "embedded":true, "fstring":true, "bytesize":12, "value":"default_proc", "encoding":"US-ASCII", "flags":{"wb_protected":true, "old":true, "marked":true}}
{"address":"0x7fc96c849850", "type":"STRING", "class":"0x7fc96c801668", "frozen":true, "embedded":true, "fstring":true, "bytesize":8, "value":"default=", "encoding":"US-ASCII", "flags":{"wb_protected":true, "old":true, "marked":true}}
{"address":"0x7fc96c849878", "type":"STRING", "class":"0x7fc96c801668", "frozen":true, "embedded":true, "fstring":true, "bytesize":5, "value":"store", "encoding":"US-ASCII", "flags":{"wb_protected":true, "old":true, "marked":true}}
{"address":"0x7fc96c8498a0", "type":"STRING", "class":"0x7fc96c801668", "frozen":true, "embedded":true, "fstring":true, "bytesize":6, "value":"rehash", "encoding":"US-ASCII", "flags":{"wb_protected":true, "old":true, "marked":true}}
{"address":"0x7fc96c8498c8", "type":"ICLASS", "class":"0x7fc96c801de8", "references":["0x7fc96c801e10", "0x7fc96c803788"], "flags":{"remembered":true}}
{"address":"0x7fc96c8498f0", "type":"CLASS", "class":"0x7fc96c802e28", "name":"Class", "references":["0x7fc96c8498f0", "0x7fc96c8498f0", "0x7fc96c849918", "0x7fc96c802dd8"], "memsize":672, "flags":{"wb_protected":true, "old":true, "marked":true}}
{"address":"0x7fc96c849918", "type":"CLASS", "class":"0x7fc96c8498f0", "name":"Hash", "references":["0x7fc96c849918", "0x7fc96c849918", "0x7fc96c849918", "0x7fc96c849918", "0x7fc96c849918", "0x7fc96c849918", "0x7fc96c849918", "0x7fc96c849918", "0x7fc96c849918", "0x7fc96c849918", "0x7fc96c849918", "0x7fc96c849918", "0x7fc96c849918", "0x7fc96c849918", "0x7fc96c849918", "0x7fc96c849918", "0x7fc96c849918", "0x7fc96c849918", "0x7fc96c849918", "0x7fc96c849918", "0x7fc96c849918", "0x7fc96c849918", "0x7fc96c849918", "0x7fc96c849918", "0x7fc96c849918", "0x7fc96c849918", "0x7fc96c849918", "0x7fc96c849918", "0x7fc96c849918", "0x7fc96c849918", "0x7fc96c849918", "0x7fc96c849918", "0x7fc96c849918", "0x7fc96c849918", "0x7fc96c849918", "0x7fc96c849918", "0x7fc96c849918", "0x7fc96c849918", "0x7fc96c849918", "0x7fc96c849918", "0x7fc96c849918", "0x7fc96c849918", "0x7fc96c849918", "0x7fc96c849918", "0x7fc96c849918", "0x7fc96c849918", "0x7fc96c849918", "0x7fc96c849918", "0x7fc96c849918", "0x7fc96c849918", "0x7fc96c849918", "0x7fc96c849918", "0x7fc96c849918", "0x7fc96c849918", "0x7fc96c849918", "0x7fc96c849918", "0x7fc96c802ec8", "0x7fc96c8498c8"], "memsize":3304, "flags":{"wb_protected":true, "old":true, "marked":true}}
{"address":"0x7fc96c849940", "type":"STRING", "class":"0x7fc96c801668", "frozen":true, "embedded":true, "fstring":true, "bytesize":7, "value":"default", "encoding":"US-ASCII", "flags":{"wb_protected":true, "old":true, "marked":true}}
{"address":"0x7fc96c849968", "type":"STRING", "class":"0x7fc96c801668", "frozen":true, "embedded":true, "fstring":true, "bytesize":5, "value":"yield", "encoding":"US-ASCII", "flags":{"wb_protected":true, "old":true, "marked":true}}
{"address":"0x7fc96c849990", "type":"STRING", "class":"0x7fc96c801668", "frozen":true, "embedded":true, "fstring":true, "bytesize":6, "value":"random", "encoding":"US-ASCII", "flags":{"wb_protected":true, "old":true, "marked":true}}
{"address":"0x7fc96c8499b8", "type":"STRING", "class":"0x7fc96c801668", "frozen":true, "embedded":true, "fstring":true, "bytesize":7, "value":"bsearch", "encoding":"US-ASCII", "flags":{"wb_protected":true, "old":true, "marked":true}}
{"address":"0x7fc96c8499e0", "type":"STRING", "class":"0x7fc96c801668", "frozen":true, "embedded":true, "fstring":true, "bytesize":7, "value":"product", "encoding":"US-ASCII", "flags":{"wb_protected":true, "old":true, "marked":true}}
{"address":"0x7fc96c849a08", "type":"STRING", "class":"0x7fc96c801668", "frozen":true, "embedded":true, "fstring":true, "bytesize":20, "value":"repeated_combination", "encoding":"US-ASCII", "flags":{"wb_protected":true, "old":true, "marked":true}}
{"address":"0x7fc96c849a30", "type":"STRING", "class":"0x7fc96c801668", "frozen":true, "embedded":true, "fstring":true, "bytesize":20, "value":"repeated_permutation", "encoding":"US-ASCII", "flags":{"wb_protected":true, "old":true, "marked":true}}
{"address":"0x7fc96c849a58", "type":"STRING", "class":"0x7fc96c801668", "frozen":true, "embedded":true, "fstring":true, "bytesize":11, "value":"combination", "encoding":"US-ASCII", "flags":{"wb_protected":true, "old":true, "marked":true}}
{"address":"0x7fc96c849a80", "type":"STRING", "class":"0x7fc96c801668", "frozen":true, "embedded":true, "fstring":true, "bytesize":11, "value":"permutation", "encoding":"US-ASCII", "flags":{"wb_protected":true, "old":true, "marked":true}}
{"address":"0x7fc96c849aa8", "type":"STRING", "class":"0x7fc96c801668", "frozen":true, "embedded":true, "fstring":true, "bytesize":6, "value":"sample", "encoding":"US-ASCII", "flags":{"wb_protected":true, "old":true, "marked":true}}
{"address":"0x7fc96c849ad0", "type":"STRING", "class":"0x7fc96c801668", "frozen":true, "embedded":true, "fstring":true, "bytesize":7, "value":"shuffle", "encoding":"US-ASCII", "flags":{"wb_protected":true, "old":true, "marked":true}}
{"address":"0x7fc96c849af8", "type":"STRING", "class":"0x7fc96c801668", "frozen":true, "embedded":true, "fstring":true, "bytesize":8, "value":"shuffle!", "encoding":"US-ASCII", "flags":{"wb_protected":true, "old":true, "marked":true}}
{"address":"0x7fc96c849b20", "type":"STRING", "class":"0x7fc96c801668", "frozen":true, "embedded":true, "fstring":true, "bytesize":8, "value":"flatten!", "encoding":"US-ASCII", "flags":{"wb_protected":true, "old":true, "marked":true}}
{"address":"0x7fc96c849b48", "type":"STRING", "class":"0x7fc96c801668", "frozen":true, "embedded":true, "fstring":true, "bytesize":7, "value":"flatten", "encoding":"US-ASCII", "flags":{"wb_protected":true, "old":true, "marked":true}}
{"address":"0x7fc96c849b70", "type":"STRING", "class":"0x7fc96c801668", "frozen":true, "embedded":true, "fstring":true, "bytesize":8, "value":"compact!", "encoding":"US-ASCII", "flags":{"wb_protected":true, "old":true, "marked":true}}
{"address":"0x7fc96c849b98", "type":"STRING", "class":"0x7fc96c801668", "frozen":true, "embedded":true, "fstring":true, "bytesize":7, "value":"compact", "encoding":"US-ASCII", "flags":{"wb_protected":true, "old":true, "marked":true}}
{"address":"0x7fc96c849bc0", "type":"STRING", "class":"0x7fc96c801668", "frozen":true, "embedded":true, "fstring":true, "bytesize":5, "value":"uniq!", "encoding":"US-ASCII", "flags":{"wb_protected":true, "old":true, "marked":true}}
{"address":"0x7fc96c849be8", "type":"STRING", "class":"0x7fc96c801668", "frozen":true, "embedded":true, "fstring":true, "bytesize":4, "value":"uniq", "encoding":"US-ASCII", "flags":{"wb_protected":true, "old":true, "marked":true}}
{"address":"0x7fc96c849c10", "type":"STRING", "class":"0x7fc96c801668", "frozen":true, "embedded":true, "fstring":true, "bytesize":6, "value":"rassoc", "encoding":"US-ASCII", "flags":{"wb_protected":true, "old":true, "marked":true}}
{"address":"0x7fc96c849c38", "type":"STRING", "class":"0x7fc96c801668", "frozen":true, "embedded":true, "fstring":true, "bytesize":5, "value":"assoc", "encoding":"US-ASCII", "flags":{"wb_protected":true, "old":true, "marked":true}}
{"address":"0x7fc96c849c60", "type":"STRING", "class":"0x7fc96c801668", "frozen":true, "embedded":true, "fstring":true, "bytesize":4, "value":"fill", "encoding":"US-ASCII", "flags":{"wb_protected":true, "old":true, "marked":true}}
{"address":"0x7fc96c849c88", "type":"STRING", "class":"0x7fc96c801668", "frozen":true, "embedded":true, "fstring":true, "bytesize":9, "value":"transpose", "encoding":"US-ASCII", "flags":{"wb_protected":true, "old":true, "marked":true}}
{"address":"0x7fc96c849cb0", "type":"STRING", "class":"0x7fc96c801668", "frozen":true, "embedded":true, "fstring":true, "bytesize":7, "value":"reject!", "encoding":"US-ASCII", "flags":{"wb_protected":true, "old":true, "marked":true}}
{"address":"0x7fc96c849cd8", "type":"STRING", "class":"0x7fc96c801668", "frozen":true, "embedded":true, "fstring":true, "bytesize":9, "value":"delete_if", "encoding":"US-ASCII", "flags":{"wb_protected":true, "old":true, "marked":true}}
{"address":"0x7fc96c849d00", "type":"STRING", "class":"0x7fc96c801668", "frozen":true, "embedded":true, "fstring":true, "bytesize":9, "value":"delete_at", "encoding":"US-ASCII", "flags":{"wb_protected":true, "old":true, "marked":true}}
{"address":"0x7fc96c849d28", "type":"STRING", "class":"0x7fc96c801668", "frozen":true, "embedded":true, "fstring":true, "bytesize":9, "value":"values_at", "encoding":"US-ASCII", "flags":{"wb_protected":true, "old":true, "marked":true}}
{"address":"0x7fc96c849d50", "type":"STRING", "class":"0x7fc96c801668", "frozen":true, "embedded":true, "fstring":true, "bytesize":7, "value":"keep_if", "encoding":"US-ASCII", "flags":{"wb_protected":true, "old":true, "marked":true}}
{"address":"0x7fc96c849d78", "type":"STRING", "class":"0x7fc96c801668", "frozen":true, "embedded":true, "fstring":true, "bytesize":7, "value":"select!", "encoding":"US-ASCII", "flags":{"wb_protected":true, "old":true, "marked":true}}
{"address":"0x7fc96c849da0", "type":"STRING", "class":"0x7fc96c801668", "frozen":true, "embedded":true, "fstring":true, "bytesize":4, "value":"map!", "encoding":"US-ASCII", "flags":{"wb_protected":true, "old":true, "marked":true}}
{"address":"0x7fc96c849dc8", "type":"STRING", "class":"0x7fc96c801668", "frozen":true, "embedded":true, "fstring":true, "bytesize":8, "value":"collect!", "encoding":"US-ASCII", "flags":{"wb_protected":true, "old":true, "marked":true}}
{"address":"0x7fc96c849df0", "type":"STRING", "class":"0x7fc96c801668", "frozen":true, "embedded":true, "fstring":true, "bytesize":8, "value":"sort_by!", "encoding":"US-ASCII", "flags":{"wb_protected":true, "old":true, "marked":true}}
{"address":"0x7fc96c849e18", "type":"STRING", "class":"0x7fc96c801668", "frozen":true, "embedded":true, "fstring":true, "bytesize":5, "value":"sort!", "encoding":"US-ASCII", "flags":{"wb_protected":true, "old":true, "marked":true}}
{"address":"0x7fc96c849e40", "type":"STRING", "class":"0x7fc96c801668", "frozen":true, "embedded":true, "fstring":true, "bytesize":7, "value":"rotate!", "encoding":"US-ASCII", "flags":{"wb_protected":true, "old":true, "marked":true}}
{"address":"0x7fc96c849e68", "type":"STRING", "class":"0x7fc96c801668", "frozen":true, "embedded":true, "fstring":true, "bytesize":6, "value":"rotate", "encoding":"US-ASCII", "flags":{"wb_protected":true, "old":true, "marked":true}}
{"address":"0x7fc96c849e90", "type":"STRING", "class":"0x7fc96c801668", "frozen":true, "embedded":true, "fstring":true, "bytesize":4, "value":"join", "encoding":"US-ASCII", "flags":{"wb_protected":true, "old":true, "marked":true}}
{"address":"0x7fc96c849eb8", "type":"STRING", "class":"0x7fc96c801668", "frozen":true, "embedded":true, "fstring":true, "bytesize":10, "value":"each_index", "encoding":"US-ASCII", "flags":{"wb_protected":true, "old":true, "marked":true}}
{"address":"0x7fc96c849ee0", "type":"STRING", "class":"0x7fc96c801668", "frozen":true, "embedded":true, "fstring":true, "bytesize":7, "value":"unshift", "encoding":"US-ASCII", "flags":{"wb_protected":true, "old":true, "marked":true}}
{"address":"0x7fc96c849f08", "type":"STRING", "class":"0x7fc96c801668", "frozen":true, "embedded":true, "fstring":true, "bytesize":5, "value":"shift", "encoding":"US-ASCII", "flags":{"wb_protected":true, "old":true, "marked":true}}
{"address":"0x7fc96c849f30", "type":"STRING", "class":"0x7fc96c801668", "frozen":true, "embedded":true, "fstring":true, "bytesize":3, "value":"pop", "encoding":"US-ASCII", "flags":{"wb_protected":true, "old":true, "marked":true}}
{"address":"0x7fc96c849f58", "type":"STRING", "class":"0x7fc96c801668", "frozen":true, "embedded":true, "fstring":true, "bytesize":4, "value":"push", "encoding":"US-ASCII", "flags":{"wb_protected":true, "old":true, "marked":true}}
{"address":"0x7fc96c849f80", "type":"STRING", "class":"0x7fc96c801668", "frozen":true, "embedded":true, "fstring":true, "bytesize":4, "value":"last", "encoding":"US-ASCII", "flags":{"wb_protected":true, "old":true, "marked":true}}
{"address":"0x7fc96c849fa8", "type":"STRING", "class":"0x7fc96c801668", "frozen":true, "embedded":true, "fstring":true, "bytesize":5, "value":"fetch", "encoding":"US-ASCII", "flags":{"wb_protected":true, "old":true, "marked":true}}
{"address":"0x7fc96c849fd0", "type":"STRING", "class":"0x7fc96c801668", "frozen":true, "embedded":true, "fstring":true, "bytesize":2, "value":"at", "encoding":"US-ASCII", "flags":{"wb_protected":true, "old":true, "marked":true}}
{"address":"0x7fc96c849ff8", "type":"ICLASS", "class":"0x7fc96c801de8", "references":["0x7fc96c801e10", "0x7fc96c803788"], "flags":{"remembered":true}}
{"address":"0x7fc96c84a020", "type":"CLASS", "class":"0x7fc96c802e28", "name":"Class", "references":["0x7fc96c84a020", "0x7fc96c84a020", "0x7fc96c84a048", "0x7fc96c802dd8"], "memsize":672, "flags":{"wb_protected":true, "old":true, "marked":true}}
{"address":"0x7fc96c84a048", "type":"CLASS", "class":"0x7fc96c84a020", "name":"Array", "references":["0x7fc96c84a048", "0x7fc96c84a048", "0x7fc96c84a048", "0x7fc96c84a048", "0x7fc96c84a048", "0x7fc96c84a048", "0x7fc96c84a048", "0x7fc96c84a048", "0x7fc96c84a048", "0x7fc96c84a048", "0x7fc96c84a048", "0x7fc96c84a048", "0x7fc96c84a048", "0x7fc96c84a048", "0x7fc96c84a048", "0x7fc96c84a048", "0x7fc96c84a048", "0x7fc96c84a048", "0x7fc96c84a048", "0x7fc96c84a048", "0x7fc96c84a048", "0x7fc96c84a048", "0x7fc96c84a048", "0x7fc96c84a048", "0x7fc96c84a048", "0x7fc96c84a048", "0x7fc96c84a048", "0x7fc96c84a048", "0x7fc96c84a048", "0x7fc96c84a048", "0x7fc96c84a048", "0x7fc96c84a048", "0x7fc96c84a048", "0x7fc96c84a048", "0x7fc96c84a048", "0x7fc96c84a048", "0x7fc96c84a048", "0x7fc96c84a048", "0x7fc96c84a048", "0x7fc96c84a048", "0x7fc96c84a048", "0x7fc96c84a048", "0x7fc96c84a048", "0x7fc96c84a048", "0x7fc96c84a048", "0x7fc96c84a048", "0x7fc96c84a048", "0x7fc96c84a048", "0x7fc96c84a048", "0x7fc96c84a048", "0x7fc96c84a048", "0x7fc96c84a048", "0x7fc96c84a048", "0x7fc96c84a048", "0x7fc96c84a048", "0x7fc96c84a048", "0x7fc96c84a048", "0x7fc96c84a048", "0x7fc96c84a048", "0x7fc96c84a048", "0x7fc96c84a048", "0x7fc96c84a048", "0x7fc96c84a048", "0x7fc96c84a048", "0x7fc96c84a048", "0x7fc96c84a048", "0x7fc96c84a048", "0x7fc96c84a048", "0x7fc96c84a048", "0x7fc96c84a048", "0x7fc96c84a048", "0x7fc96c84a048", "0x7fc96c84a048", "0x7fc96c84a048", "0x7fc96c84a048", "0x7fc96c84a048", "0x7fc96c84a048", "0x7fc96c84a048", "0x7fc96c84a048", "0x7fc96c84a048", "0x7fc96c84a048", "0x7fc96c84a048", "0x7fc96c84a048", "0x7fc96c84a048", "0x7fc96c84a048", "0x7fc96c84a048", "0x7fc96c84a048", "0x7fc96c84a048", "0x7fc96c84a048", "0x7fc96c84a048", "0x7fc96c84a048", "0x7fc96c84a048", "0x7fc96c802ef0", "0x7fc96c849ff8"], "memsize":5096, "flags":{"wb_protected":true, "old":true, "marked":true}}
{"address":"0x7fc96c84a070", "type":"STRING", "class":"0x7fc96c801668", "frozen":true, "embedded":true, "fstring":true, "bytesize":6, "value":"EIPSEC", "encoding":"US-ASCII", "flags":{"wb_protected":true, "old":true, "marked":true}}
{"address":"0x7fc96c84a098", "type":"STRING", "class":"0x7fc96c801668", "frozen":true, "embedded":true, "bytesize":19, "value":"Errno::ERPCMISMATCH", "encoding":"US-ASCII", "flags":{"wb_protected":true, "old":true, "marked":true}}
{"address":"0x7fc96c84a0c0", "type":"CLASS", "class":"0x7fc96c802e28", "name":"Class", "references":["0x7fc96c84a0e8", "0x7fc96c8539b8"], "memsize":672, "flags":{"wb_protected":true, "old":true, "marked":true}}
{"address":"0x7fc96c84a0e8", "type":"CLASS", "class":"0x7fc96c84a0c0", "name":"Errno::ERPCMISMATCH", "references":["0x7fc96c84a098", "0x7fc96c8539e0"], "memsize":864, "flags":{"wb_protected":true, "old":true, "marked":true}}
{"address":"0x7fc96c84a110", "type":"STRING", "class":"0x7fc96c801668", "frozen":true, "embedded":true, "fstring":true, "bytesize":12, "value":"ERPCMISMATCH", "encoding":"US-ASCII", "flags":{"wb_protected":true, "old":true, "marked":true}}
{"address":"0x7fc96c84a138", "type":"STRING", "class":"0x7fc96c801668", "frozen":true, "embedded":true, "bytesize":19, "value":"Errno::EPROGUNAVAIL", "encoding":"US-ASCII", "flags":{"wb_protected":true, "old":true, "marked":true}}
{"address":"0x7fc96c84a160", "type":"CLASS", "class":"0x7fc96c802e28", "name":"Class", "references":["0x7fc96c84a188", "0x7fc96c8539b8"], "memsize":672, "flags":{"wb_protected":true, "old":true, "marked":true}}
{"address":"0x7fc96c84a188", "type":"CLASS", "class":"0x7fc96c84a160", "name":"Errno::EPROGUNAVAIL", "references":["0x7fc96c84a138", "0x7fc96c8539e0"], "memsize":864, "flags":{"wb_protected":true, "old":true, "marked":true}}
{"address":"0x7fc96c84a1b0", "type":"STRING", "class":"0x7fc96c801668", "frozen":true, "embedded":true, "fstring":true, "bytesize":12, "value":"EPROGUNAVAIL", "encoding":"US-ASCII", "flags":{"wb_protected":true, "old":true, "marked":true}}
{"address":"0x7fc96c84a1d8", "type":"STRING", "class":"0x7fc96c801668", "frozen":true, "embedded":true, "bytesize":20, "value":"Errno::EPROGMISMATCH", "encoding":"US-ASCII", "flags":{"wb_protected":true, "old":true, "marked":true}}
{"address":"0x7fc96c84a200", "type":"CLASS", "class":"0x7fc96c802e28", "name":"Class", "references":["0x7fc96c84a228", "0x7fc96c8539b8"], "memsize":672, "flags":{"wb_protected":true, "old":true, "marked":true}}
{"address":"0x7fc96c84a228", "type":"CLASS", "class":"0x7fc96c84a200", "name":"Errno::EPROGMISMATCH", "references":["0x7fc96c84a1d8", "0x7fc96c8539e0"], "memsize":864, "flags":{"wb_protected":true, "old":true, "marked":true}}
{"address":"0x7fc96c84a250", "type":"STRING", "class":"0x7fc96c801668", "frozen":true, "embedded":true, "fstring":true, "bytesize":13, "value":"EPROGMISMATCH", "encoding":"US-ASCII", "flags":{"wb_protected":true, "old":true, "marked":true}}
{"address":"0x7fc96c84a278", "type":"STRING", "class":"0x7fc96c801668", "frozen":true, "embedded":true, "bytesize":19, "value":"Errno::EPROCUNAVAIL", "encoding":"US-ASCII", "flags":{"wb_protected":true, "old":true, "marked":true}}
{"address":"0x7fc96c84a2a0", "type":"CLASS", "class":"0x7fc96c802e28", "name":"Class", "references":["0x7fc96c84a2c8", "0x7fc96c8539b8"], "memsize":672, "flags":{"wb_protected":true, "old":true, "marked":true}}
{"address":"0x7fc96c84a2c8", "type":"CLASS", "class":"0x7fc96c84a2a0", "name":"Errno::EPROCUNAVAIL", "references":["0x7fc96c84a278", "0x7fc96c8539e0"], "memsize":864, "flags":{"wb_protected":true, "old":true, "marked":true}}
{"address":"0x7fc96c84a2f0", "type":"STRING", "class":"0x7fc96c801668", "frozen":true, "embedded":true, "fstring":true, "bytesize":12, "value":"EPROCUNAVAIL", "encoding":"US-ASCII", "flags":{"wb_protected":true, "old":true, "marked":true}}
{"address":"0x7fc96c84a318", "type":"STRING", "class":"0x7fc96c801668", "frozen":true, "embedded":true, "bytesize":15, "value":"Errno::EPROCLIM", "encoding":"US-ASCII", "flags":{"wb_protected":true, "old":true, "marked":true}}
{"address":"0x7fc96c84a340", "type":"CLASS", "class":"0x7fc96c802e28", "name":"Class", "references":["0x7fc96c84a368", "0x7fc96c8539b8"], "memsize":672, "flags":{"wb_protected":true, "old":true, "marked":true}}
{"address":"0x7fc96c84a368", "type":"CLASS", "class":"0x7fc96c84a340", "name":"Errno::EPROCLIM", "references":["0x7fc96c84a318", "0x7fc96c8539e0"], "memsize":864, "flags":{"wb_protected":true, "old":true, "marked":true}}
{"address":"0x7fc96c84a390", "type":"STRING", "class":"0x7fc96c801668", "frozen":true, "embedded":true, "fstring":true, "bytesize":8, "value":"EPROCLIM", "encoding":"US-ASCII", "flags":{"wb_protected":true, "old":true, "marked":true}}
{"address":"0x7fc96c84a3b8", "type":"STRING", "class":"0x7fc96c801668", "frozen":true, "embedded":true, "bytesize":14, "value":"Errno::ENOTSUP", "encoding":"US-ASCII", "flags":{"wb_protected":true, "old":true, "marked":true}}
{"address":"0x7fc96c84a3e0", "type":"CLASS", "class":"0x7fc96c802e28", "name":"Class", "references":["0x7fc96c84a408", "0x7fc96c8539b8"], "memsize":672, "flags":{"wb_protected":true, "old":true, "marked":true}}
{"address":"0x7fc96c84a408", "type":"CLASS", "class":"0x7fc96c84a3e0", "name":"Errno::ENOTSUP", "references":["0x7fc96c84a3b8", "0x7fc96c8539e0"], "memsize":864, "flags":{"wb_protected":true, "old":true, "marked":true}}
{"address":"0x7fc96c84a430", "type":"STRING", "class":"0x7fc96c801668", "frozen":true, "embedded":true, "fstring":true, "bytesize":7, "value":"ENOTSUP", "encoding":"US-ASCII", "flags":{"wb_protected":true, "old":true, "marked":true}}
{"address":"0x7fc96c84a458", "type":"STRING", "class":"0x7fc96c801668", "frozen":true, "embedded":true, "bytesize":14, "value":"Errno::ENOATTR", "encoding":"US-ASCII", "flags":{"wb_protected":true, "old":true, "marked":true}}
{"address":"0x7fc96c84a480", "type":"CLASS", "class":"0x7fc96c802e28", "name":"Class", "references":["0x7fc96c84a4a8", "0x7fc96c8539b8"], "memsize":672, "flags":{"wb_protected":true, "old":true, "marked":true}}
{"address":"0x7fc96c84a4a8", "type":"CLASS", "class":"0x7fc96c84a480", "name":"Errno::ENOATTR", "references":["0x7fc96c84a458", "0x7fc96c8539e0"], "memsize":864, "flags":{"wb_protected":true, "old":true, "marked":true}}
{"address":"0x7fc96c84a4d0", "type":"STRING", "class":"0x7fc96c801668", "frozen":true, "embedded":true, "fstring":true, "bytesize":7, "value":"ENOATTR", "encoding":"US-ASCII", "flags":{"wb_protected":true, "old":true, "marked":true}}
{"address":"0x7fc96c84a4f8", "type":"STRING", "class":"0x7fc96c801668", "frozen":true, "embedded":true, "bytesize":16, "value":"Errno::ENEEDAUTH", "encoding":"US-ASCII", "flags":{"wb_protected":true, "old":true, "marked":true}}
{"address":"0x7fc96c84a520", "type":"CLASS", "class":"0x7fc96c802e28", "name":"Class", "references":["0x7fc96c84a548", "0x7fc96c8539b8"], "memsize":672, "flags":{"wb_protected":true, "old":true, "marked":true}}
{"address":"0x7fc96c84a548", "type":"CLASS", "class":"0x7fc96c84a520", "name":"Errno::ENEEDAUTH", "references":["0x7fc96c84a4f8", "0x7fc96c8539e0"], "memsize":864, "flags":{"wb_protected":true, "old":true, "marked":true}}
{"address":"0x7fc96c84a570", "type":"STRING", "class":"0x7fc96c801668", "frozen":true, "embedded":true, "fstring":true, "bytesize":9, "value":"ENEEDAUTH", "encoding":"US-ASCII", "flags":{"wb_protected":true, "old":true, "marked":true}}
{"address":"0x7fc96c84a598", "type":"STRING", "class":"0x7fc96c801668", "frozen":true, "embedded":true, "bytesize":13, "value":"Errno::EFTYPE", "encoding":"US-ASCII", "flags":{"wb_protected":true, "old":true, "marked":true}}
{"address":"0x7fc96c84a5c0", "type":"CLASS", "class":"0x7fc96c802e28", "name":"Class", "references":["0x7fc96c84a5e8", "0x7fc96c8539b8"], "memsize":672, "flags":{"wb_protected":true, "old":true, "marked":true}}
{"address":"0x7fc96c84a5e8", "type":"CLASS", "class":"0x7fc96c84a5c0", "name":"Errno::EFTYPE", "references":["0x7fc96c84a598", "0x7fc96c8539e0"], "memsize":864, "flags":{"wb_protected":true, "old":true, "marked":true}}
{"address":"0x7fc96c84a610", "type":"STRING", "class":"0x7fc96c801668", "frozen":true, "embedded":true, "fstring":true, "bytesize":6, "value":"EFTYPE", "encoding":"US-ASCII", "flags":{"wb_protected":true, "old":true, "marked":true}}
{"address":"0x7fc96c84a638", "type":"STRING", "class":"0x7fc96c801668", "frozen":true, "embedded":true, "fstring":true, "bytesize":7, "value":"EDOOFUS", "encoding":"US-ASCII", "flags":{"wb_protected":true, "old":true, "marked":true}}
{"address":"0x7fc96c84a660", "type":"STRING", "class":"0x7fc96c801668", "frozen":true, "embedded":true, "bytesize":14, "value":"Errno::EBADRPC", "encoding":"US-ASCII", "flags":{"wb_protected":true, "old":true, "marked":true}}
{"address":"0x7fc96c84a688", "type":"CLASS", "class":"0x7fc96c802e28", "name":"Class", "references":["0x7fc96c84a6b0", "0x7fc96c8539b8"], "memsize":672, "flags":{"wb_protected":true, "old":true, "marked":true}}
{"address":"0x7fc96c84a6b0", "type":"CLASS", "class":"0x7fc96c84a688", "name":"Errno::EBADRPC", "references":["0x7fc96c84a660", "0x7fc96c8539e0"], "memsize":864, "flags":{"wb_protected":true, "old":true, "marked":true}}
{"address":"0x7fc96c84a6d8", "type":"STRING", "class":"0x7fc96c801668", "frozen":true, "embedded":true, "fstring":true, "bytesize":7, "value":"EBADRPC", "encoding":"US-ASCII", "flags":{"wb_protected":true, "old":true, "marked":true}}
{"address":"0x7fc96c84a700", "type":"STRING", "class":"0x7fc96c801668", "frozen":true, "embedded":true, "bytesize":12, "value":"Errno::EAUTH", "encoding":"US-ASCII", "flags":{"wb_protected":true, "old":true, "marked":true}}
{"address":"0x7fc96c84a728", "type":"CLASS", "class":"0x7fc96c802e28", "name":"Class", "references":["0x7fc96c84a750", "0x7fc96c8539b8"], "memsize":672, "flags":{"wb_protected":true, "old":true, "marked":true}}
{"address":"0x7fc96c84a750", "type":"CLASS", "class":"0x7fc96c84a728", "name":"Errno::EAUTH", "references":["0x7fc96c84a700", "0x7fc96c8539e0"], "memsize":864, "flags":{"wb_protected":true, "old":true, "marked":true}}
{"address":"0x7fc96c84a778", "type":"STRING", "class":"0x7fc96c801668", "frozen":true, "embedded":true, "fstring":true, "bytesize":5, "value":"EAUTH", "encoding":"US-ASCII", "flags":{"wb_protected":true, "old":true, "marked":true}}
{"address":"0x7fc96c84a7a0", "type":"STRING", "class":"0x7fc96c801668", "frozen":true, "embedded":true, "fstring":true, "bytesize":7, "value":"ERFKILL", "encoding":"US-ASCII", "flags":{"wb_protected":true, "old":true, "marked":true}}
{"address":"0x7fc96c84a7c8", "type":"STRING", "class":"0x7fc96c801668", "frozen":true, "embedded":true, "bytesize":17, "value":"Errno::EOWNERDEAD", "encoding":"US-ASCII", "flags":{"wb_protected":true, "old":true, "marked":true}}
{"address":"0x7fc96c84a7f0", "type":"CLASS", "class":"0x7fc96c802e28", "name":"Class", "references":["0x7fc96c84a818", "0x7fc96c8539b8"], "memsize":672, "flags":{"wb_protected":true, "old":true, "marked":true}}
{"address":"0x7fc96c84a818", "type":"CLASS", "class":"0x7fc96c84a7f0", "name":"Errno::EOWNERDEAD", "references":["0x7fc96c84a7c8", "0x7fc96c8539e0"], "memsize":864, "flags":{"wb_protected":true, "old":true, "marked":true}}
{"address":"0x7fc96c84a840", "type":"STRING", "class":"0x7fc96c801668", "frozen":true, "embedded":true, "fstring":true, "bytesize":10, "value":"EOWNERDEAD", "encoding":"US-ASCII", "flags":{"wb_protected":true, "old":true, "marked":true}}
{"address":"0x7fc96c84a868", "type":"STRING", "class":"0x7fc96c801668", "frozen":true, "embedded":true, "bytesize":22, "value":"Errno::ENOTRECOVERABLE", "encoding":"US-ASCII", "flags":{"wb_protected":true, "old":true, "marked":true}}
{"address":"0x7fc96c84a890", "type":"CLASS", "class":"0x7fc96c802e28", "name":"Class", "references":["0x7fc96c84a8b8", "0x7fc96c8539b8"], "memsize":672, "flags":{"wb_protected":true, "old":true, "marked":true}}
{"address":"0x7fc96c84a8b8", "type":"CLASS", "class":"0x7fc96c84a890", "name":"Errno::ENOTRECOVERABLE", "references":["0x7fc96c84a868", "0x7fc96c8539e0"], "memsize":864, "flags":{"wb_protected":true, "old":true, "marked":true}}
{"address":"0x7fc96c84a8e0", "type":"STRING", "class":"0x7fc96c801668", "frozen":true, "embedded":true, "fstring":true, "bytesize":15, "value":"ENOTRECOVERABLE", "encoding":"US-ASCII", "flags":{"wb_protected":true, "old":true, "marked":true}}
{"address":"0x7fc96c84a908", "type":"STRING", "class":"0x7fc96c801668", "frozen":true, "embedded":true, "fstring":true, "bytesize":9, "value":"ENOMEDIUM", "encoding":"US-ASCII", "flags":{"wb_protected":true, "old":true, "marked":true}}
{"address":"0x7fc96c84a930", "type":"STRING", "class":"0x7fc96c801668", "frozen":true, "embedded":true, "fstring":true, "bytesize":6, "value":"ENOKEY", "encoding":"US-ASCII", "flags":{"wb_protected":true, "old":true, "marked":true}}
{"address":"0x7fc96c84a958", "type":"STRING", "class":"0x7fc96c801668", "frozen":true, "embedded":true, "fstring":true, "bytesize":11, "value":"EMEDIUMTYPE", "encoding":"US-ASCII", "flags":{"wb_protected":true, "old":true, "marked":true}}
{"address":"0x7fc96c84a980", "type":"STRING", "class":"0x7fc96c801668", "frozen":true, "embedded":true, "fstring":true, "bytesize":11, "value":"EKEYREVOKED", "encoding":"US-ASCII", "flags":{"wb_protected":true, "old":true, "marked":true}}
{"address":"0x7fc96c84a9a8", "type":"STRING", "class":"0x7fc96c801668", "frozen":true, "embedded":true, "fstring":true, "bytesize":12, "value":"EKEYREJECTED", "encoding":"US-ASCII", "flags":{"wb_protected":true, "old":true, "marked":true}}
{"address":"0x7fc96c84a9d0", "type":"STRING", "class":"0x7fc96c801668", "frozen":true, "embedded":true, "fstring":true, "bytesize":11, "value":"EKEYEXPIRED", "encoding":"US-ASCII", "flags":{"wb_protected":true, "old":true, "marked":true}}
{"address":"0x7fc96c84a9f8", "type":"STRING", "class":"0x7fc96c801668", "frozen":true, "embedded":true, "bytesize":16, "value":"Errno::ECANCELED", "encoding":"US-ASCII", "flags":{"wb_protected":true, "old":true, "marked":true}}
{"address":"0x7fc96c84aa20", "type":"CLASS", "class":"0x7fc96c802e28", "name":"Class", "references":["0x7fc96c84aa48", "0x7fc96c8539b8"], "memsize":672, "flags":{"wb_protected":true, "old":true, "marked":true}}
{"address":"0x7fc96c84aa48", "type":"CLASS", "class":"0x7fc96c84aa20", "name":"Errno::ECANCELED", "references":["0x7fc96c84a9f8", "0x7fc96c8539e0"], "memsize":864, "flags":{"wb_protected":true, "old":true, "marked":true}}
{"address":"0x7fc96c84aa70", "type":"STRING", "class":"0x7fc96c801668", "frozen":true, "embedded":true, "fstring":true, "bytesize":9, "value":"ECANCELED", "encoding":"US-ASCII", "flags":{"wb_protected":true, "old":true, "marked":true}}
{"address":"0x7fc96c84aa98", "type":"STRING", "class":"0x7fc96c801668", "frozen":true, "embedded":true, "bytesize":13, "value":"Errno::EDQUOT", "encoding":"US-ASCII", "flags":{"wb_protected":true, "old":true, "marked":true}}
{"address":"0x7fc96c84aac0", "type":"CLASS", "class":"0x7fc96c802e28", "name":"Class", "references":["0x7fc96c84aae8", "0x7fc96c8539b8"], "memsize":672, "flags":{"wb_protected":true, "old":true, "marked":true}}
{"address":"0x7fc96c84aae8", "type":"CLASS", "class":"0x7fc96c84aac0", "name":"Errno::EDQUOT", "references":["0x7fc96c84aa98", "0x7fc96c8539e0"], "memsize":864, "flags":{"wb_protected":true, "old":true, "marked":true}}
{"address":"0x7fc96c84ab10", "type":"STRING", "class":"0x7fc96c801668", "frozen":true, "embedded":true, "fstring":true, "bytesize":6, "value":"EDQUOT", "encoding":"US-ASCII", "flags":{"wb_protected":true, "old":true, "marked":true}}
{"address":"0x7fc96c84ab38", "type":"STRING", "class":"0x7fc96c801668", "frozen":true, "embedded":true, "fstring":true, "bytesize":9, "value":"EREMOTEIO", "encoding":"US-ASCII", "flags":{"wb_protected":true, "old":true, "marked":true}}
{"address":"0x7fc96c84ab60", "type":"STRING", "class":"0x7fc96c801668", "frozen":true, "embedded":true, "fstring":true, "bytesize":6, "value":"EISNAM", "encoding":"US-ASCII", "flags":{"wb_protected":true, "old":true, "marked":true}}
{"address":"0x7fc96c84ab88", "type":"STRING", "class":"0x7fc96c801668", "frozen":true, "embedded":true, "fstring":true, "bytesize":7, "value":"ENAVAIL", "encoding":"US-ASCII", "flags":{"wb_protected":true, "old":true, "marked":true}}
{"address":"0x7fc96c84abb0", "type":"STRING", "class":"0x7fc96c801668", "frozen":true, "embedded":true, "fstring":true, "bytesize":7, "value":"ENOTNAM", "encoding":"US-ASCII", "flags":{"wb_protected":true, "old":true, "marked":true}}
{"address":"0x7fc96c84abd8", "type":"STRING", "class":"0x7fc96c801668", "frozen":true, "embedded":true, "fstring":true, "bytesize":7, "value":"EUCLEAN", "encoding":"US-ASCII", "flags":{"wb_protected":true, "old":true, "marked":true}}
{"address":"0x7fc96c84ac00", "type":"STRING", "class":"0x7fc96c801668", "frozen":true, "embedded":true, "bytesize":13, "value":"Errno::ESTALE", "encoding":"US-ASCII", "flags":{"wb_protected":true, "old":true, "marked":true}}
{"address":"0x7fc96c84ac28", "type":"CLASS", "class":"0x7fc96c802e28", "name":"Class", "references":["0x7fc96c84ac50", "0x7fc96c8539b8"], "memsize":672, "flags":{"wb_protected":true, "old":true, "marked":true}}
{"address":"0x7fc96c84ac50", "type":"CLASS", "class":"0x7fc96c84ac28", "name":"Errno::ESTALE", "references":["0x7fc96c84ac00", "0x7fc96c8539e0"], "memsize":864, "flags":{"wb_protected":true, "old":true, "marked":true}}
{"address":"0x7fc96c84ac78", "type":"STRING", "class":"0x7fc96c801668", "frozen":true, "embedded":true, "fstring":true, "bytesize":6, "value":"ESTALE", "encoding":"US-ASCII", "flags":{"wb_protected":true, "old":true, "marked":true}}
{"address":"0x7fc96c84aca0", "type":"STRING", "class":"0x7fc96c801668", "frozen":true, "embedded":true, "bytesize":18, "value":"Errno::EINPROGRESS", "encoding":"US-ASCII", "flags":{"wb_protected":true, "old":true, "marked":true}}
{"address":"0x7fc96c84acc8", "type":"CLASS", "class":"0x7fc96c802e28", "name":"Class", "references":["0x7fc96c84acf0", "0x7fc96c8539b8"], "memsize":672, "flags":{"wb_protected":true, "old":true, "marked":true}}
{"address":"0x7fc96c84acf0", "type":"CLASS", "class":"0x7fc96c84acc8", "name":"Errno::EINPROGRESS", "references":["0x7fc96c84aca0", "0x7fc96c8539e0"], "memsize":864, "flags":{"wb_protected":true, "old":true, "marked":true}}
{"address":"0x7fc96c84ad18", "type":"STRING", "class":"0x7fc96c801668", "frozen":true, "embedded":true, "fstring":true, "bytesize":11, "value":"EINPROGRESS", "encoding":"US-ASCII", "flags":{"wb_protected":true, "old":true, "marked":true}}
{"address":"0x7fc96c84ad40", "type":"STRING", "class":"0x7fc96c801668", "frozen":true, "embedded":true, "bytesize":15, "value":"Errno::EALREADY", "encoding":"US-ASCII", "flags":{"wb_protected":true, "old":true, "marked":true}}
{"address":"0x7fc96c84ad68", "type":"CLASS", "class":"0x7fc96c802e28", "name":"Class", "references":["0x7fc96c84ad90", "0x7fc96c8539b8"], "memsize":672, "flags":{"wb_protected":true, "old":true, "marked":true}}
{"address":"0x7fc96c84ad90", "type":"CLASS", "class":"0x7fc96c84ad68", "name":"Errno::EALREADY", "references":["0x7fc96c84ad40", "0x7fc96c8539e0"], "memsize":864, "flags":{"wb_protected":true, "old":true, "marked":true}}
{"address":"0x7fc96c84adb8", "type":"STRING", "class":"0x7fc96c801668", "frozen":true, "embedded":true, "fstring":true, "bytesize":8, "value":"EALREADY", "encoding":"US-ASCII", "flags":{"wb_protected":true, "old":true, "marked":true}}
{"address":"0x7fc96c84ade0", "type":"STRING", "class":"0x7fc96c801668", "frozen":true, "embedded":true, "bytesize":19, "value":"Errno::EHOSTUNREACH", "encoding":"US-ASCII", "flags":{"wb_protected":true, "old":true, "marked":true}}
{"address":"0x7fc96c84ae08", "type":"CLASS", "class":"0x7fc96c802e28", "name":"Class", "references":["0x7fc96c84ae30", "0x7fc96c8539b8"], "memsize":672, "flags":{"wb_protected":true, "old":true, "marked":true}}
{"address":"0x7fc96c84ae30", "type":"CLASS", "class":"0x7fc96c84ae08", "name":"Errno::EHOSTUNREACH", "references":["0x7fc96c84ade0", "0x7fc96c8539e0"], "memsize":864, "flags":{"wb_protected":true, "old":true, "marked":true}}
{"address":"0x7fc96c84ae58", "type":"STRING", "class":"0x7fc96c801668", "frozen":true, "embedded":true, "fstring":true, "bytesize":12, "value":"EHOSTUNREACH", "encoding":"US-ASCII", "flags":{"wb_protected":true, "old":true, "marked":true}}
{"address":"0x7fc96c84ae80", "type":"STRING", "class":"0x7fc96c801668", "frozen":true, "embedded":true, "bytesize":16, "value":"Errno::EHOSTDOWN", "encoding":"US-ASCII", "flags":{"wb_protected":true, "old":true, "marked":true}}
{"address":"0x7fc96c84aea8", "type":"CLASS", "class":"0x7fc96c802e28", "name":"Class", "references":["0x7fc96c84aed0", "0x7fc96c8539b8"], "memsize":672, "flags":{"wb_protected":true, "old":true, "marked":true}}
{"address":"0x7fc96c84aed0", "type":"CLASS", "class":"0x7fc96c84aea8", "name":"Errno::EHOSTDOWN", "references":["0x7fc96c84ae80", "0x7fc96c8539e0"], "memsize":864, "flags":{"wb_protected":true, "old":true, "marked":true}}
{"address":"0x7fc96c84aef8", "type":"STRING", "class":"0x7fc96c801668", "frozen":true, "embedded":true, "fstring":true, "bytesize":9, "value":"EHOSTDOWN", "encoding":"US-ASCII", "flags":{"wb_protected":true, "old":true, "marked":true}}
{"address":"0x7fc96c84af20", "type":"STRING", "class":"0x7fc96c801668", "frozen":true, "embedded":true, "bytesize":19, "value":"Errno::ECONNREFUSED", "encoding":"US-ASCII", "flags":{"wb_protected":true, "old":true, "marked":true}}
{"address":"0x7fc96c84af48", "type":"CLASS", "class":"0x7fc96c802e28", "name":"Class", "references":["0x7fc96c84af70", "0x7fc96c8539b8"], "memsize":672, "flags":{"wb_protected":true, "old":true, "marked":true}}
{"address":"0x7fc96c84af70", "type":"CLASS", "class":"0x7fc96c84af48", "name":"Errno::ECONNREFUSED", "references":["0x7fc96c84af20", "0x7fc96c8539e0"], "memsize":864, "flags":{"wb_protected":true, "old":true, "marked":true}}
{"address":"0x7fc96c84af98", "type":"STRING", "class":"0x7fc96c801668", "frozen":true, "embedded":true, "fstring":true, "bytesize":12, "value":"ECONNREFUSED", "encoding":"US-ASCII", "flags":{"wb_protected":true, "old":true, "marked":true}}
{"address":"0x7fc96c84afc0", "type":"STRING", "class":"0x7fc96c801668", "frozen":true, "embedded":true, "bytesize":16, "value":"Errno::ETIMEDOUT", "encoding":"US-ASCII", "flags":{"wb_protected":true, "old":true, "marked":true}}
{"address":"0x7fc96c84afe8", "type":"CLASS", "class":"0x7fc96c802e28", "name":"Class", "references":["0x7fc96c84b010", "0x7fc96c8539b8"], "memsize":672, "flags":{"wb_protected":true, "old":true, "marked":true}}
{"address":"0x7fc96c84b010", "type":"CLASS", "class":"0x7fc96c84afe8", "name":"Errno::ETIMEDOUT", "references":["0x7fc96c84afc0", "0x7fc96c8539e0"], "memsize":864, "flags":{"wb_protected":true, "old":true, "marked":true}}
{"address":"0x7fc96c84b038", "type":"STRING", "class":"0x7fc96c801668", "frozen":true, "embedded":true, "fstring":true, "bytesize":9, "value":"ETIMEDOUT", "encoding":"US-ASCII", "flags":{"wb_protected":true, "old":true, "marked":true}}
{"address":"0x7fc96c84b060", "type":"STRING", "class":"0x7fc96c801668", "frozen":true, "embedded":true, "bytesize":19, "value":"Errno::ETOOMANYREFS", "encoding":"US-ASCII", "flags":{"wb_protected":true, "old":true, "marked":true}}
{"address":"0x7fc96c84b088", "type":"CLASS", "class":"0x7fc96c802e28", "name":"Class", "references":["0x7fc96c84b0b0", "0x7fc96c8539b8"], "memsize":672, "flags":{"wb_protected":true, "old":true, "marked":true}}
{"address":"0x7fc96c84b0b0", "type":"CLASS", "class":"0x7fc96c84b088", "name":"Errno::ETOOMANYREFS", "references":["0x7fc96c84b060", "0x7fc96c8539e0"], "memsize":864, "flags":{"wb_protected":true, "old":true, "marked":true}}
{"address":"0x7fc96c84b0d8", "type":"STRING", "class":"0x7fc96c801668", "frozen":true, "embedded":true, "fstring":true, "bytesize":12, "value":"ETOOMANYREFS", "encoding":"US-ASCII", "flags":{"wb_protected":true, "old":true, "marked":true}}
{"address":"0x7fc96c84b100", "type":"STRING", "class":"0x7fc96c801668", "frozen":true, "embedded":true, "bytesize":16, "value":"Errno::ESHUTDOWN", "encoding":"US-ASCII", "flags":{"wb_protected":true, "old":true, "marked":true}}
{"address":"0x7fc96c84b128", "type":"CLASS", "class":"0x7fc96c802e28", "name":"Class", "references":["0x7fc96c84b150", "0x7fc96c8539b8"], "memsize":672, "flags":{"wb_protected":true, "old":true, "marked":true}}
{"address":"0x7fc96c84b150", "type":"CLASS", "class":"0x7fc96c84b128", "name":"Errno::ESHUTDOWN", "references":["0x7fc96c84b100", "0x7fc96c8539e0"], "memsize":864, "flags":{"wb_protected":true, "old":true, "marked":true}}
{"address":"0x7fc96c84b178", "type":"STRING", "class":"0x7fc96c801668", "frozen":true, "embedded":true, "fstring":true, "bytesize":9, "value":"ESHUTDOWN", "encoding":"US-ASCII", "flags":{"wb_protected":true, "old":true, "marked":true}}
{"address":"0x7fc96c84b1a0", "type":"STRING", "class":"0x7fc96c801668", "frozen":true, "embedded":true, "bytesize":15, "value":"Errno::ENOTCONN", "encoding":"US-ASCII", "flags":{"wb_protected":true, "old":true, "marked":true}}
{"address":"0x7fc96c84b1c8", "type":"CLASS", "class":"0x7fc96c802e28", "name":"Class", "references":["0x7fc96c84b1f0", "0x7fc96c8539b8"], "memsize":672, "flags":{"wb_protected":true, "old":true, "marked":true}}
{"address":"0x7fc96c84b1f0", "type":"CLASS", "class":"0x7fc96c84b1c8", "name":"Errno::ENOTCONN", "references":["0x7fc96c84b1a0", "0x7fc96c8539e0"], "memsize":864, "flags":{"wb_protected":true, "old":true, "marked":true}}
{"address":"0x7fc96c84b218", "type":"STRING", "class":"0x7fc96c801668", "frozen":true, "embedded":true, "fstring":true, "bytesize":8, "value":"ENOTCONN", "encoding":"US-ASCII", "flags":{"wb_protected":true, "old":true, "marked":true}}
{"address":"0x7fc96c84b240", "type":"STRING", "class":"0x7fc96c801668", "frozen":true, "embedded":true, "bytesize":14, "value":"Errno::EISCONN", "encoding":"US-ASCII", "flags":{"wb_protected":true, "old":true, "marked":true}}
{"address":"0x7fc96c84b268", "type":"CLASS", "class":"0x7fc96c802e28", "name":"Class", "references":["0x7fc96c84b290", "0x7fc96c8539b8"], "memsize":672, "flags":{"wb_protected":true, "old":true, "marked":true}}
{"address":"0x7fc96c84b290", "type":"CLASS", "class":"0x7fc96c84b268", "name":"Errno::EISCONN", "references":["0x7fc96c84b240", "0x7fc96c8539e0"], "memsize":864, "flags":{"wb_protected":true, "old":true, "marked":true}}
{"address":"0x7fc96c84b2b8", "type":"STRING", "class":"0x7fc96c801668", "frozen":true, "embedded":true, "fstring":true, "bytesize":7, "value":"EISCONN", "encoding":"US-ASCII", "flags":{"wb_protected":true, "old":true, "marked":true}}
{"address":"0x7fc96c84b2e0", "type":"STRING", "class":"0x7fc96c801668", "frozen":true, "embedded":true, "bytesize":14, "value":"Errno::ENOBUFS", "encoding":"US-ASCII", "flags":{"wb_protected":true, "old":true, "marked":true}}
{"address":"0x7fc96c84b308", "type":"CLASS", "class":"0x7fc96c802e28", "name":"Class", "references":["0x7fc96c84b330", "0x7fc96c8539b8"], "memsize":672, "flags":{"wb_protected":true, "old":true, "marked":true}}
{"address":"0x7fc96c84b330", "type":"CLASS", "class":"0x7fc96c84b308", "name":"Errno::ENOBUFS", "references":["0x7fc96c84b2e0", "0x7fc96c8539e0"], "memsize":864, "flags":{"wb_protected":true, "old":true, "marked":true}}
{"address":"0x7fc96c84b358", "type":"STRING", "class":"0x7fc96c801668", "frozen":true, "embedded":true, "fstring":true, "bytesize":7, "value":"ENOBUFS", "encoding":"US-ASCII", "flags":{"wb_protected":true, "old":true, "marked":true}}
{"address":"0x7fc96c84b380", "type":"STRING", "class":"0x7fc96c801668", "frozen":true, "embedded":true, "bytesize":17, "value":"Errno::ECONNRESET", "encoding":"US-ASCII", "flags":{"wb_protected":true, "old":true, "marked":true}}
{"address":"0x7fc96c84b3a8", "type":"CLASS", "class":"0x7fc96c802e28", "name":"Class", "references":["0x7fc96c84b3d0", "0x7fc96c8539b8"], "memsize":672, "flags":{"wb_protected":true, "old":true, "marked":true}}
{"address":"0x7fc96c84b3d0", "type":"CLASS", "class":"0x7fc96c84b3a8", "name":"Errno::ECONNRESET", "references":["0x7fc96c84b380", "0x7fc96c8539e0"], "memsize":864, "flags":{"wb_protected":true, "old":true, "marked":true}}
{"address":"0x7fc96c84b3f8", "type":"STRING", "class":"0x7fc96c801668", "frozen":true, "embedded":true, "fstring":true, "bytesize":10, "value":"ECONNRESET", "encoding":"US-ASCII", "flags":{"wb_protected":true, "old":true, "marked":true}}
{"address":"0x7fc96c84b420", "type":"STRING", "class":"0x7fc96c801668", "frozen":true, "embedded":true, "bytesize":19, "value":"Errno::ECONNABORTED", "encoding":"US-ASCII", "flags":{"wb_protected":true, "old":true, "marked":true}}
{"address":"0x7fc96c84b448", "type":"CLASS", "class":"0x7fc96c802e28", "name":"Class", "references":["0x7fc96c84b470", "0x7fc96c8539b8"], "memsize":672, "flags":{"wb_protected":true, "old":true, "marked":true}}
{"address":"0x7fc96c84b470", "type":"CLASS", "class":"0x7fc96c84b448", "name":"Errno::ECONNABORTED", "references":["0x7fc96c84b420", "0x7fc96c8539e0"], "memsize":864, "flags":{"wb_protected":true, "old":true, "marked":true}}
{"address":"0x7fc96c84b498", "type":"STRING", "class":"0x7fc96c801668", "frozen":true, "embedded":true, "fstring":true, "bytesize":12, "value":"ECONNABORTED", "encoding":"US-ASCII", "flags":{"wb_protected":true, "old":true, "marked":true}}
{"address":"0x7fc96c84b4c0", "type":"STRING", "class":"0x7fc96c801668", "frozen":true, "embedded":true, "bytesize":16, "value":"Errno::ENETRESET", "encoding":"US-ASCII", "flags":{"wb_protected":true, "old":true, "marked":true}}
{"address":"0x7fc96c84b4e8", "type":"CLASS", "class":"0x7fc96c802e28", "name":"Class", "references":["0x7fc96c84b510", "0x7fc96c8539b8"], "memsize":672, "flags":{"wb_protected":true, "old":true, "marked":true}}
{"address":"0x7fc96c84b510", "type":"CLASS", "class":"0x7fc96c84b4e8", "name":"Errno::ENETRESET", "references":["0x7fc96c84b4c0", "0x7fc96c8539e0"], "memsize":864, "flags":{"wb_protected":true, "old":true, "marked":true}}
{"address":"0x7fc96c84b538", "type":"STRING", "class":"0x7fc96c801668", "frozen":true, "embedded":true, "fstring":true, "bytesize":9, "value":"ENETRESET", "encoding":"US-ASCII", "flags":{"wb_protected":true, "old":true, "marked":true}}
{"address":"0x7fc96c84b560", "type":"STRING", "class":"0x7fc96c801668", "frozen":true, "embedded":true, "bytesize":18, "value":"Errno::ENETUNREACH", "encoding":"US-ASCII", "flags":{"wb_protected":true, "old":true, "marked":true}}
{"address":"0x7fc96c84b588", "type":"CLASS", "class":"0x7fc96c802e28", "name":"Class", "references":["0x7fc96c84b5b0", "0x7fc96c8539b8"], "memsize":672, "flags":{"wb_protected":true, "old":true, "marked":true}}
{"address":"0x7fc96c84b5b0", "type":"CLASS", "class":"0x7fc96c84b588", "name":"Errno::ENETUNREACH", "references":["0x7fc96c84b560", "0x7fc96c8539e0"], "memsize":864, "flags":{"wb_protected":true, "old":true, "marked":true}}
{"address":"0x7fc96c84b5d8", "type":"STRING", "class":"0x7fc96c801668", "frozen":true, "embedded":true, "fstring":true, "bytesize":11, "value":"ENETUNREACH", "encoding":"US-ASCII", "flags":{"wb_protected":true, "old":true, "marked":true}}
{"address":"0x7fc96c84b600", "type":"STRING", "class":"0x7fc96c801668", "frozen":true, "embedded":true, "bytesize":15, "value":"Errno::ENETDOWN", "encoding":"US-ASCII", "flags":{"wb_protected":true, "old":true, "marked":true}}
{"address":"0x7fc96c84b628", "type":"CLASS", "class":"0x7fc96c802e28", "name":"Class", "references":["0x7fc96c84b650", "0x7fc96c8539b8"], "memsize":672, "flags":{"wb_protected":true, "old":true, "marked":true}}
{"address":"0x7fc96c84b650", "type":"CLASS", "class":"0x7fc96c84b628", "name":"Errno::ENETDOWN", "references":["0x7fc96c84b600", "0x7fc96c8539e0"], "memsize":864, "flags":{"wb_protected":true, "old":true, "marked":true}}
{"address":"0x7fc96c84b678", "type":"STRING", "class":"0x7fc96c801668", "frozen":true, "embedded":true, "fstring":true, "bytesize":8, "value":"ENETDOWN", "encoding":"US-ASCII", "flags":{"wb_protected":true, "old":true, "marked":true}}
{"address":"0x7fc96c84b6a0", "type":"STRING", "class":"0x7fc96c801668", "frozen":true, "embedded":true, "bytesize":20, "value":"Errno::EADDRNOTAVAIL", "encoding":"US-ASCII", "flags":{"wb_protected":true, "old":true, "marked":true}}
{"address":"0x7fc96c84b6c8", "type":"CLASS", "class":"0x7fc96c802e28", "name":"Class", "references":["0x7fc96c84b6f0", "0x7fc96c8539b8"], "memsize":672, "flags":{"wb_protected":true, "old":true, "marked":true}}
{"address":"0x7fc96c84b6f0", "type":"CLASS", "class":"0x7fc96c84b6c8", "name":"Errno::EADDRNOTAVAIL", "references":["0x7fc96c84b6a0", "0x7fc96c8539e0"], "memsize":864, "flags":{"wb_protected":true, "old":true, "marked":true}}
{"address":"0x7fc96c84b718", "type":"STRING", "class":"0x7fc96c801668", "frozen":true, "embedded":true, "fstring":true, "bytesize":13, "value":"EADDRNOTAVAIL", "encoding":"US-ASCII", "flags":{"wb_protected":true, "old":true, "marked":true}}
{"address":"0x7fc96c84b740", "type":"STRING", "class":"0x7fc96c801668", "frozen":true, "embedded":true, "bytesize":17, "value":"Errno::EADDRINUSE", "encoding":"US-ASCII", "flags":{"wb_protected":true, "old":true, "marked":true}}
{"address":"0x7fc96c84b768", "type":"CLASS", "class":"0x7fc96c802e28", "name":"Class", "references":["0x7fc96c84b790", "0x7fc96c8539b8"], "memsize":672, "flags":{"wb_protected":true, "old":true, "marked":true}}
{"address":"0x7fc96c84b790", "type":"CLASS", "class":"0x7fc96c84b768", "name":"Errno::EADDRINUSE", "references":["0x7fc96c84b740", "0x7fc96c8539e0"], "memsize":864, "flags":{"wb_protected":true, "old":true, "marked":true}}
{"address":"0x7fc96c84b7b8", "type":"STRING", "class":"0x7fc96c801668", "frozen":true, "embedded":true, "fstring":true, "bytesize":10, "value":"EADDRINUSE", "encoding":"US-ASCII", "flags":{"wb_protected":true, "old":true, "marked":true}}
{"address":"0x7fc96c84b7e0", "type":"STRING", "class":"0x7fc96c801668", "frozen":true, "embedded":true, "bytesize":19, "value":"Errno::EAFNOSUPPORT", "encoding":"US-ASCII", "flags":{"wb_protected":true, "old":true, "marked":true}}
{"address":"0x7fc96c84b808", "type":"CLASS", "class":"0x7fc96c802e28", "name":"Class", "references":["0x7fc96c84b830", "0x7fc96c8539b8"], "memsize":672, "flags":{"wb_protected":true, "old":true, "marked":true}}
{"address":"0x7fc96c84b830", "type":"CLASS", "class":"0x7fc96c84b808", "name":"Errno::EAFNOSUPPORT", "references":["0x7fc96c84b7e0", "0x7fc96c8539e0"], "memsize":864, "flags":{"wb_protected":true, "old":true, "marked":true}}
{"address":"0x7fc96c84b858", "type":"STRING", "class":"0x7fc96c801668", "frozen":true, "embedded":true, "fstring":true, "bytesize":12, "value":"EAFNOSUPPORT", "encoding":"US-ASCII", "flags":{"wb_protected":true, "old":true, "marked":true}}
{"address":"0x7fc96c84b880", "type":"STRING", "class":"0x7fc96c801668", "frozen":true, "embedded":true, "bytesize":19, "value":"Errno::EPFNOSUPPORT", "encoding":"US-ASCII", "flags":{"wb_protected":true, "old":true, "marked":true}}
{"address":"0x7fc96c84b8a8", "type":"CLASS", "class":"0x7fc96c802e28", "name":"Class", "references":["0x7fc96c84b8d0", "0x7fc96c8539b8"], "memsize":672, "flags":{"wb_protected":true, "old":true, "marked":true}}
{"address":"0x7fc96c84b8d0", "type":"CLASS", "class":"0x7fc96c84b8a8", "name":"Errno::EPFNOSUPPORT", "references":["0x7fc96c84b880", "0x7fc96c8539e0"], "memsize":864, "flags":{"wb_protected":true, "old":true, "marked":true}}
{"address":"0x7fc96c84b8f8", "type":"STRING", "class":"0x7fc96c801668", "frozen":true, "embedded":true, "fstring":true, "bytesize":12, "value":"EPFNOSUPPORT", "encoding":"US-ASCII", "flags":{"wb_protected":true, "old":true, "marked":true}}
{"address":"0x7fc96c84b920", "type":"STRING", "class":"0x7fc96c801668", "frozen":true, "embedded":true, "bytesize":17, "value":"Errno::EOPNOTSUPP", "encoding":"US-ASCII", "flags":{"wb_protected":true, "old":true, "marked":true}}
{"address":"0x7fc96c84b948", "type":"CLASS", "class":"0x7fc96c802e28", "name":"Class", "references":["0x7fc96c84b970", "0x7fc96c8539b8"], "memsize":672, "flags":{"wb_protected":true, "old":true, "marked":true}}
{"address":"0x7fc96c84b970", "type":"CLASS", "class":"0x7fc96c84b948", "name":"Errno::EOPNOTSUPP", "references":["0x7fc96c84b920", "0x7fc96c8539e0"], "memsize":864, "flags":{"wb_protected":true, "old":true, "marked":true}}
{"address":"0x7fc96c84b998", "type":"STRING", "class":"0x7fc96c801668", "frozen":true, "embedded":true, "fstring":true, "bytesize":10, "value":"EOPNOTSUPP", "encoding":"US-ASCII", "flags":{"wb_protected":true, "old":true, "marked":true}}
{"address":"0x7fc96c84b9c0", "type":"STRING", "class":"0x7fc96c801668", "frozen":true, "embedded":true, "bytesize":22, "value":"Errno::ESOCKTNOSUPPORT", "encoding":"US-ASCII", "flags":{"wb_protected":true, "old":true, "marked":true}}
{"address":"0x7fc96c84b9e8", "type":"CLASS", "class":"0x7fc96c802e28", "name":"Class", "references":["0x7fc96c84ba10", "0x7fc96c8539b8"], "memsize":672, "flags":{"wb_protected":true, "old":true, "marked":true}}
{"address":"0x7fc96c84ba10", "type":"CLASS", "class":"0x7fc96c84b9e8", "name":"Errno::ESOCKTNOSUPPORT", "references":["0x7fc96c84b9c0", "0x7fc96c8539e0"], "memsize":864, "flags":{"wb_protected":true, "old":true, "marked":true}}
{"address":"0x7fc96c84ba38", "type":"STRING", "class":"0x7fc96c801668", "frozen":true, "embedded":true, "fstring":true, "bytesize":15, "value":"ESOCKTNOSUPPORT", "encoding":"US-ASCII", "flags":{"wb_protected":true, "old":true, "marked":true}}
{"address":"0x7fc96c84ba60", "type":"STRING", "class":"0x7fc96c801668", "frozen":true, "embedded":true, "bytesize":22, "value":"Errno::EPROTONOSUPPORT", "encoding":"US-ASCII", "flags":{"wb_protected":true, "old":true, "marked":true}}
{"address":"0x7fc96c84ba88", "type":"CLASS", "class":"0x7fc96c802e28", "name":"Class", "references":["0x7fc96c84bab0", "0x7fc96c8539b8"], "memsize":672, "flags":{"wb_protected":true, "old":true, "marked":true}}
{"address":"0x7fc96c84bab0", "type":"CLASS", "class":"0x7fc96c84ba88", "name":"Errno::EPROTONOSUPPORT", "references":["0x7fc96c84ba60", "0x7fc96c8539e0"], "memsize":864, "flags":{"wb_protected":true, "old":true, "marked":true}}
{"address":"0x7fc96c84bad8", "type":"STRING", "class":"0x7fc96c801668", "frozen":true, "embedded":true, "fstring":true, "bytesize":15, "value":"EPROTONOSUPPORT", "encoding":"US-ASCII", "flags":{"wb_protected":true, "old":true, "marked":true}}
{"address":"0x7fc96c84bb00", "type":"STRING", "class":"0x7fc96c801668", "frozen":true, "embedded":true, "bytesize":18, "value":"Errno::ENOPROTOOPT", "encoding":"US-ASCII", "flags":{"wb_protected":true, "old":true, "marked":true}}
{"address":"0x7fc96c84bb28", "type":"CLASS", "class":"0x7fc96c802e28", "name":"Class", "references":["0x7fc96c84bb50", "0x7fc96c8539b8"], "memsize":672, "flags":{"wb_protected":true, "old":true, "marked":true}}
{"address":"0x7fc96c84bb50", "type":"CLASS", "class":"0x7fc96c84bb28", "name":"Errno::ENOPROTOOPT", "references":["0x7fc96c84bb00", "0x7fc96c8539e0"], "memsize":864, "flags":{"wb_protected":true, "old":true, "marked":true}}
{"address":"0x7fc96c84bb78", "type":"STRING", "class":"0x7fc96c801668", "frozen":true, "embedded":true, "fstring":true, "bytesize":11, "value":"ENOPROTOOPT", "encoding":"US-ASCII", "flags":{"wb_protected":true, "old":true, "marked":true}}
{"address":"0x7fc96c84bba0", "type":"STRING", "class":"0x7fc96c801668", "frozen":true, "embedded":true, "bytesize":17, "value":"Errno::EPROTOTYPE", "encoding":"US-ASCII", "flags":{"wb_protected":true, "old":true, "marked":true}}
{"address":"0x7fc96c84bbc8", "type":"CLASS", "class":"0x7fc96c802e28", "name":"Class", "references":["0x7fc96c84bbf0", "0x7fc96c8539b8"], "memsize":672, "flags":{"wb_protected":true, "old":true, "marked":true}}
{"address":"0x7fc96c84bbf0", "type":"CLASS", "class":"0x7fc96c84bbc8", "name":"Errno::EPROTOTYPE", "references":["0x7fc96c84bba0", "0x7fc96c8539e0"], "memsize":864, "flags":{"wb_protected":true, "old":true, "marked":true}}
{"address":"0x7fc96c84bc18", "type":"STRING", "class":"0x7fc96c801668", "frozen":true, "embedded":true, "fstring":true, "bytesize":10, "value":"EPROTOTYPE", "encoding":"US-ASCII", "flags":{"wb_protected":true, "old":true, "marked":true}}
{"address":"0x7fc96c84bc40", "type":"STRING", "class":"0x7fc96c801668", "frozen":true, "embedded":true, "bytesize":15, "value":"Errno::EMSGSIZE", "encoding":"US-ASCII", "flags":{"wb_protected":true, "old":true, "marked":true}}
{"address":"0x7fc96c84bc68", "type":"CLASS", "class":"0x7fc96c802e28", "name":"Class", "references":["0x7fc96c84bc90", "0x7fc96c8539b8"], "memsize":672, "flags":{"wb_protected":true, "old":true, "marked":true}}
{"address":"0x7fc96c84bc90", "type":"CLASS", "class":"0x7fc96c84bc68", "name":"Errno::EMSGSIZE", "references":["0x7fc96c84bc40", "0x7fc96c8539e0"], "memsize":864, "flags":{"wb_protected":true, "old":true, "marked":true}}
{"address":"0x7fc96c84bcb8", "type":"STRING", "class":"0x7fc96c801668", "frozen":true, "embedded":true, "fstring":true, "bytesize":8, "value":"EMSGSIZE", "encoding":"US-ASCII", "flags":{"wb_protected":true, "old":true, "marked":true}}
{"address":"0x7fc96c84bce0", "type":"STRING", "class":"0x7fc96c801668", "frozen":true, "embedded":true, "bytesize":19, "value":"Errno::EDESTADDRREQ", "encoding":"US-ASCII", "flags":{"wb_protected":true, "old":true, "marked":true}}
{"address":"0x7fc96c84bd08", "type":"CLASS", "class":"0x7fc96c802e28", "name":"Class", "references":["0x7fc96c84bd30", "0x7fc96c8539b8"], "memsize":672, "flags":{"wb_protected":true, "old":true, "marked":true}}
{"address":"0x7fc96c84bd30", "type":"CLASS", "class":"0x7fc96c84bd08", "name":"Errno::EDESTADDRREQ", "references":["0x7fc96c84bce0", "0x7fc96c8539e0"], "memsize":864, "flags":{"wb_protected":true, "old":true, "marked":true}}
{"address":"0x7fc96c84bd58", "type":"STRING", "class":"0x7fc96c801668", "frozen":true, "embedded":true, "fstring":true, "bytesize":12, "value":"EDESTADDRREQ", "encoding":"US-ASCII", "flags":{"wb_protected":true, "old":true, "marked":true}}
{"address":"0x7fc96c84bd80", "type":"STRING", "class":"0x7fc96c801668", "frozen":true, "embedded":true, "bytesize":15, "value":"Errno::ENOTSOCK", "encoding":"US-ASCII", "flags":{"wb_protected":true, "old":true, "marked":true}}
{"address":"0x7fc96c84bda8", "type":"CLASS", "class":"0x7fc96c802e28", "name":"Class", "references":["0x7fc96c84bdd0", "0x7fc96c8539b8"], "memsize":672, "flags":{"wb_protected":true, "old":true, "marked":true}}
{"address":"0x7fc96c84bdd0", "type":"CLASS", "class":"0x7fc96c84bda8", "name":"Errno::ENOTSOCK", "references":["0x7fc96c84bd80", "0x7fc96c8539e0"], "memsize":864, "flags":{"wb_protected":true, "old":true, "marked":true}}
{"address":"0x7fc96c84bdf8", "type":"STRING", "class":"0x7fc96c801668", "frozen":true, "embedded":true, "fstring":true, "bytesize":8, "value":"ENOTSOCK", "encoding":"US-ASCII", "flags":{"wb_protected":true, "old":true, "marked":true}}
{"address":"0x7fc96c84be20", "type":"STRING", "class":"0x7fc96c801668", "frozen":true, "embedded":true, "bytesize":13, "value":"Errno::EUSERS", "encoding":"US-ASCII", "flags":{"wb_protected":true, "old":true, "marked":true}}
{"address":"0x7fc96c84be48", "type":"CLASS", "class":"0x7fc96c802e28", "name":"Class", "references":["0x7fc96c84be70", "0x7fc96c8539b8"], "memsize":672, "flags":{"wb_protected":true, "old":true, "marked":true}}
{"address":"0x7fc96c84be70", "type":"CLASS", "class":"0x7fc96c84be48", "name":"Errno::EUSERS", "references":["0x7fc96c84be20", "0x7fc96c8539e0"], "memsize":864, "flags":{"wb_protected":true, "old":true, "marked":true}}
{"address":"0x7fc96c84be98", "type":"STRING", "class":"0x7fc96c801668", "frozen":true, "embedded":true, "fstring":true, "bytesize":6, "value":"EUSERS", "encoding":"US-ASCII", "flags":{"wb_protected":true, "old":true, "marked":true}}
{"address":"0x7fc96c84bec0", "type":"STRING", "class":"0x7fc96c801668", "frozen":true, "embedded":true, "fstring":true, "bytesize":8, "value":"ESTRPIPE", "encoding":"US-ASCII", "flags":{"wb_protected":true, "old":true, "marked":true}}
{"address":"0x7fc96c84bee8", "type":"STRING", "class":"0x7fc96c801668", "frozen":true, "embedded":true, "fstring":true, "bytesize":8, "value":"ERESTART", "encoding":"US-ASCII", "flags":{"wb_protected":true, "old":true, "marked":true}}
{"address":"0x7fc96c84bf10", "type":"STRING", "class":"0x7fc96c801668", "frozen":true, "embedded":true, "bytesize":13, "value":"Errno::EILSEQ", "encoding":"US-ASCII", "flags":{"wb_protected":true, "old":true, "marked":true}}
{"address":"0x7fc96c84bf38", "type":"CLASS", "class":"0x7fc96c802e28", "name":"Class", "references":["0x7fc96c84bf60", "0x7fc96c8539b8"], "memsize":672, "flags":{"wb_protected":true, "old":true, "marked":true}}
{"address":"0x7fc96c84bf60", "type":"CLASS", "class":"0x7fc96c84bf38", "name":"Errno::EILSEQ", "references":["0x7fc96c84bf10", "0x7fc96c8539e0"], "memsize":864, "flags":{"wb_protected":true, "old":true, "marked":true}}
{"address":"0x7fc96c84bf88", "type":"STRING", "class":"0x7fc96c801668", "frozen":true, "embedded":true, "fstring":true, "bytesize":6, "value":"EILSEQ", "encoding":"US-ASCII", "flags":{"wb_protected":true, "old":true, "marked":true}}
{"address":"0x7fc96c84bfb0", "type":"STRING", "class":"0x7fc96c801668", "frozen":true, "embedded":true, "fstring":true, "bytesize":8, "value":"ELIBEXEC", "encoding":"US-ASCII", "flags":{"wb_protected":true, "old":true, "marked":true}}
{"address":"0x7fc96c850010", "type":"STRING", "class":"0x7fc96c801668", "frozen":true, "embedded":true, "fstring":true, "bytesize":7, "value":"ELIBMAX", "encoding":"US-ASCII", "flags":{"wb_protected":true, "old":true, "marked":true}}
{"address":"0x7fc96c850038", "type":"STRING", "class":"0x7fc96c801668", "frozen":true, "embedded":true, "fstring":true, "bytesize":7, "value":"ELIBSCN", "encoding":"US-ASCII", "flags":{"wb_protected":true, "old":true, "marked":true}}
{"address":"0x7fc96c850060", "type":"STRING", "class":"0x7fc96c801668", "frozen":true, "embedded":true, "fstring":true, "bytesize":7, "value":"ELIBBAD", "encoding":"US-ASCII", "flags":{"wb_protected":true, "old":true, "marked":true}}
{"address":"0x7fc96c850088", "type":"STRING", "class":"0x7fc96c801668", "frozen":true, "embedded":true, "fstring":true, "bytesize":7, "value":"ELIBACC", "encoding":"US-ASCII", "flags":{"wb_protected":true, "old":true, "marked":true}}
{"address":"0x7fc96c8500b0", "type":"STRING", "class":"0x7fc96c801668", "frozen":true, "embedded":true, "fstring":true, "bytesize":7, "value":"EREMCHG", "encoding":"US-ASCII", "flags":{"wb_protected":true, "old":true, "marked":true}}
{"address":"0x7fc96c8500d8", "type":"STRING", "class":"0x7fc96c801668", "frozen":true, "embedded":true, "fstring":true, "bytesize":6, "value":"EBADFD", "encoding":"US-ASCII", "flags":{"wb_protected":true, "old":true, "marked":true}}
{"address":"0x7fc96c850100", "type":"STRING", "class":"0x7fc96c801668", "frozen":true, "embedded":true, "fstring":true, "bytesize":8, "value":"ENOTUNIQ", "encoding":"US-ASCII", "flags":{"wb_protected":true, "old":true, "marked":true}}
{"address":"0x7fc96c850128", "type":"STRING", "class":"0x7fc96c801668", "frozen":true, "embedded":true, "bytesize":16, "value":"Errno::EOVERFLOW", "encoding":"US-ASCII", "flags":{"wb_protected":true, "old":true, "marked":true}}
{"address":"0x7fc96c850150", "type":"CLASS", "class":"0x7fc96c802e28", "name":"Class", "references":["0x7fc96c850178", "0x7fc96c8539b8"], "memsize":672, "flags":{"wb_protected":true, "old":true, "marked":true}}
{"address":"0x7fc96c850178", "type":"CLASS", "class":"0x7fc96c850150", "name":"Errno::EOVERFLOW", "references":["0x7fc96c850128", "0x7fc96c8539e0"], "memsize":864, "flags":{"wb_protected":true, "old":true, "marked":true}}
{"address":"0x7fc96c8501a0", "type":"STRING", "class":"0x7fc96c801668", "frozen":true, "embedded":true, "fstring":true, "bytesize":9, "value":"EOVERFLOW", "encoding":"US-ASCII", "flags":{"wb_protected":true, "old":true, "marked":true}}
{"address":"0x7fc96c8501c8", "type":"STRING", "class":"0x7fc96c801668", "frozen":true, "embedded":true, "bytesize":14, "value":"Errno::EBADMSG", "encoding":"US-ASCII", "flags":{"wb_protected":true, "old":true, "marked":true}}
{"address":"0x7fc96c8501f0", "type":"CLASS", "class":"0x7fc96c802e28", "name":"Class", "references":["0x7fc96c850218", "0x7fc96c8539b8"], "memsize":672, "flags":{"wb_protected":true, "old":true, "marked":true}}
{"address":"0x7fc96c850218", "type":"CLASS", "class":"0x7fc96c8501f0", "name":"Errno::EBADMSG", "references":["0x7fc96c8501c8", "0x7fc96c8539e0"], "memsize":864, "flags":{"wb_protected":true, "old":true, "marked":true}}
{"address":"0x7fc96c850240", "type":"STRING", "class":"0x7fc96c801668", "frozen":true, "embedded":true, "fstring":true, "bytesize":7, "value":"EBADMSG", "encoding":"US-ASCII", "flags":{"wb_protected":true, "old":true, "marked":true}}
{"address":"0x7fc96c850268", "type":"STRING", "class":"0x7fc96c801668", "frozen":true, "embedded":true, "fstring":true, "bytesize":7, "value":"EDOTDOT", "encoding":"US-ASCII", "flags":{"wb_protected":true, "old":true, "marked":true}}
{"address":"0x7fc96c850290", "type":"STRING", "class":"0x7fc96c801668", "frozen":true, "embedded":true, "bytesize":16, "value":"Errno::EMULTIHOP", "encoding":"US-ASCII", "flags":{"wb_protected":true, "old":true, "marked":true}}
{"address":"0x7fc96c8502b8", "type":"CLASS", "class":"0x7fc96c802e28", "name":"Class", "references":["0x7fc96c8502e0", "0x7fc96c8539b8"], "memsize":672, "flags":{"wb_protected":true, "old":true, "marked":true}}
{"address":"0x7fc96c8502e0", "type":"CLASS", "class":"0x7fc96c8502b8", "name":"Errno::EMULTIHOP", "references":["0x7fc96c850290", "0x7fc96c8539e0"], "memsize":864, "flags":{"wb_protected":true, "old":true, "marked":true}}
{"address":"0x7fc96c850308", "type":"STRING", "class":"0x7fc96c801668", "frozen":true, "embedded":true, "fstring":true, "bytesize":9, "value":"EMULTIHOP", "encoding":"US-ASCII", "flags":{"wb_protected":true, "old":true, "marked":true}}
{"address":"0x7fc96c850330", "type":"STRING", "class":"0x7fc96c801668", "frozen":true, "embedded":true, "bytesize":13, "value":"Errno::EPROTO", "encoding":"US-ASCII", "flags":{"wb_protected":true, "old":true, "marked":true}}
{"address":"0x7fc96c850358", "type":"CLASS", "class":"0x7fc96c802e28", "name":"Class", "references":["0x7fc96c850380", "0x7fc96c8539b8"], "memsize":672, "flags":{"wb_protected":true, "old":true, "marked":true}}
{"address":"0x7fc96c850380", "type":"CLASS", "class":"0x7fc96c850358", "name":"Errno::EPROTO", "references":["0x7fc96c850330", "0x7fc96c8539e0"], "memsize":864, "flags":{"wb_protected":true, "old":true, "marked":true}}
{"address":"0x7fc96c8503a8", "type":"STRING", "class":"0x7fc96c801668", "frozen":true, "embedded":true, "fstring":true, "bytesize":6, "value":"EPROTO", "encoding":"US-ASCII", "flags":{"wb_protected":true, "old":true, "marked":true}}
{"address":"0x7fc96c8503d0", "type":"STRING", "class":"0x7fc96c801668", "frozen":true, "embedded":true, "fstring":true, "bytesize":5, "value":"ECOMM", "encoding":"US-ASCII", "flags":{"wb_protected":true, "old":true, "marked":true}}
{"address":"0x7fc96c8503f8", "type":"STRING", "class":"0x7fc96c801668", "frozen":true, "embedded":true, "fstring":true, "bytesize":6, "value":"ESRMNT", "encoding":"US-ASCII", "flags":{"wb_protected":true, "old":true, "marked":true}}
{"address":"0x7fc96c850420", "type":"STRING", "class":"0x7fc96c801668", "frozen":true, "embedded":true, "fstring":true, "bytesize":4, "value":"EADV", "encoding":"US-ASCII", "flags":{"wb_protected":true, "old":true, "marked":true}}
{"address":"0x7fc96c850448", "type":"STRING", "class":"0x7fc96c801668", "frozen":true, "embedded":true, "bytesize":14, "value":"Errno::ENOLINK", "encoding":"US-ASCII", "flags":{"wb_protected":true, "old":true, "marked":true}}
{"address":"0x7fc96c850470", "type":"CLASS", "class":"0x7fc96c802e28", "name":"Class", "references":["0x7fc96c850498", "0x7fc96c8539b8"], "memsize":672, "flags":{"wb_protected":true, "old":true, "marked":true}}
{"address":"0x7fc96c850498", "type":"CLASS", "class":"0x7fc96c850470", "name":"Errno::ENOLINK", "references":["0x7fc96c850448", "0x7fc96c8539e0"], "memsize":864, "flags":{"wb_protected":true, "old":true, "marked":true}}
{"address":"0x7fc96c8504c0", "type":"STRING", "class":"0x7fc96c801668", "frozen":true, "embedded":true, "fstring":true, "bytesize":7, "value":"ENOLINK", "encoding":"US-ASCII", "flags":{"wb_protected":true, "old":true, "marked":true}}
{"address":"0x7fc96c8504e8", "type":"STRING", "class":"0x7fc96c801668", "frozen":true, "embedded":true, "bytesize":14, "value":"Errno::EREMOTE", "encoding":"US-ASCII", "flags":{"wb_protected":true, "old":true, "marked":true}}
{"address":"0x7fc96c850510", "type":"CLASS", "class":"0x7fc96c802e28", "name":"Class", "references":["0x7fc96c850538", "0x7fc96c8539b8"], "memsize":672, "flags":{"wb_protected":true, "old":true, "marked":true}}
{"address":"0x7fc96c850538", "type":"CLASS", "class":"0x7fc96c850510", "name":"Errno::EREMOTE", "references":["0x7fc96c8504e8", "0x7fc96c8539e0"], "memsize":864, "flags":{"wb_protected":true, "old":true, "marked":true}}
{"address":"0x7fc96c850560", "type":"STRING", "class":"0x7fc96c801668", "frozen":true, "embedded":true, "fstring":true, "bytesize":7, "value":"EREMOTE", "encoding":"US-ASCII", "flags":{"wb_protected":true, "old":true, "marked":true}}
{"address":"0x7fc96c850588", "type":"STRING", "class":"0x7fc96c801668", "frozen":true, "embedded":true, "fstring":true, "bytesize":6, "value":"ENOPKG", "encoding":"US-ASCII", "flags":{"wb_protected":true, "old":true, "marked":true}}
{"address":"0x7fc96c8505b0", "type":"STRING", "class":"0x7fc96c801668", "frozen":true, "embedded":true, "fstring":true, "bytesize":6, "value":"ENONET", "encoding":"US-ASCII", "flags":{"wb_protected":true, "old":true, "marked":true}}
{"address":"0x7fc96c8505d8", "type":"STRING", "class":"0x7fc96c801668", "frozen":true, "embedded":true, "bytesize":12, "value":"Errno::ENOSR", "encoding":"US-ASCII", "flags":{"wb_protected":true, "old":true, "marked":true}}
{"address":"0x7fc96c850600", "type":"CLASS", "class":"0x7fc96c802e28", "name":"Class", "references":["0x7fc96c850628", "0x7fc96c8539b8"], "memsize":672, "flags":{"wb_protected":true, "old":true, "marked":true}}
{"address":"0x7fc96c850628", "type":"CLASS", "class":"0x7fc96c850600", "name":"Errno::ENOSR", "references":["0x7fc96c8505d8", "0x7fc96c8539e0"], "memsize":864, "flags":{"wb_protected":true, "old":true, "marked":true}}
{"address":"0x7fc96c850650", "type":"STRING", "class":"0x7fc96c801668", "frozen":true, "embedded":true, "fstring":true, "bytesize":5, "value":"ENOSR", "encoding":"US-ASCII", "flags":{"wb_protected":true, "old":true, "marked":true}}
{"address":"0x7fc96c850678", "type":"STRING", "class":"0x7fc96c801668", "frozen":true, "embedded":true, "bytesize":12, "value":"Errno::ETIME", "encoding":"US-ASCII", "flags":{"wb_protected":true, "old":true, "marked":true}}
{"address":"0x7fc96c8506a0", "type":"CLASS", "class":"0x7fc96c802e28", "name":"Class", "references":["0x7fc96c8506c8", "0x7fc96c8539b8"], "memsize":672, "flags":{"wb_protected":true, "old":true, "marked":true}}
{"address":"0x7fc96c8506c8", "type":"CLASS", "class":"0x7fc96c8506a0", "name":"Errno::ETIME", "references":["0x7fc96c850678", "0x7fc96c8539e0"], "memsize":864, "flags":{"wb_protected":true, "old":true, "marked":true}}
{"address":"0x7fc96c8506f0", "type":"STRING", "class":"0x7fc96c801668", "frozen":true, "embedded":true, "fstring":true, "bytesize":5, "value":"ETIME", "encoding":"US-ASCII", "flags":{"wb_protected":true, "old":true, "marked":true}}
{"address":"0x7fc96c850718", "type":"STRING", "class":"0x7fc96c801668", "frozen":true, "embedded":true, "bytesize":14, "value":"Errno::ENODATA", "encoding":"US-ASCII", "flags":{"wb_protected":true, "old":true, "marked":true}}
{"address":"0x7fc96c850740", "type":"CLASS", "class":"0x7fc96c802e28", "name":"Class", "references":["0x7fc96c850768", "0x7fc96c8539b8"], "memsize":672, "flags":{"wb_protected":true, "old":true, "marked":true}}
{"address":"0x7fc96c850768", "type":"CLASS", "class":"0x7fc96c850740", "name":"Errno::ENODATA", "references":["0x7fc96c850718", "0x7fc96c8539e0"], "memsize":864, "flags":{"wb_protected":true, "old":true, "marked":true}}
{"address":"0x7fc96c850790", "type":"STRING", "class":"0x7fc96c801668", "frozen":true, "embedded":true, "fstring":true, "bytesize":7, "value":"ENODATA", "encoding":"US-ASCII", "flags":{"wb_protected":true, "old":true, "marked":true}}
{"address":"0x7fc96c8507b8", "type":"STRING", "class":"0x7fc96c801668", "frozen":true, "embedded":true, "bytesize":13, "value":"Errno::ENOSTR", "encoding":"US-ASCII", "flags":{"wb_protected":true, "old":true, "marked":true}}
{"address":"0x7fc96c8507e0", "type":"CLASS", "class":"0x7fc96c802e28", "name":"Class", "references":["0x7fc96c850808", "0x7fc96c8539b8"], "memsize":672, "flags":{"wb_protected":true, "old":true, "marked":true}}
{"address":"0x7fc96c850808", "type":"CLASS", "class":"0x7fc96c8507e0", "name":"Errno::ENOSTR", "references":["0x7fc96c8507b8", "0x7fc96c8539e0"], "memsize":864, "flags":{"wb_protected":true, "old":true, "marked":true}}
{"address":"0x7fc96c850830", "type":"STRING", "class":"0x7fc96c801668", "frozen":true, "embedded":true, "fstring":true, "bytesize":6, "value":"ENOSTR", "encoding":"US-ASCII", "flags":{"wb_protected":true, "old":true, "marked":true}}
{"address":"0x7fc96c850858", "type":"STRING", "class":"0x7fc96c801668", "frozen":true, "embedded":true, "fstring":true, "bytesize":6, "value":"EBFONT", "encoding":"US-ASCII", "flags":{"wb_protected":true, "old":true, "marked":true}}
{"address":"0x7fc96c850880", "type":"STRING", "class":"0x7fc96c801668", "frozen":true, "embedded":true, "fstring":true, "bytesize":9, "value":"EDEADLOCK", "encoding":"US-ASCII", "flags":{"wb_protected":true, "old":true, "marked":true}}
{"address":"0x7fc96c8508a8", "type":"STRING", "class":"0x7fc96c801668", "frozen":true, "embedded":true, "fstring":true, "bytesize":7, "value":"EBADSLT", "encoding":"US-ASCII", "flags":{"wb_protected":true, "old":true, "marked":true}}
{"address":"0x7fc96c8508d0", "type":"STRING", "class":"0x7fc96c801668", "frozen":true, "embedded":true, "fstring":true, "bytesize":7, "value":"EBADRQC", "encoding":"US-ASCII", "flags":{"wb_protected":true, "old":true, "marked":true}}
{"address":"0x7fc96c8508f8", "type":"STRING", "class":"0x7fc96c801668", "frozen":true, "embedded":true, "fstring":true, "bytesize":6, "value":"ENOANO", "encoding":"US-ASCII", "flags":{"wb_protected":true, "old":true, "marked":true}}
{"address":"0x7fc96c850920", "type":"STRING", "class":"0x7fc96c801668", "frozen":true, "embedded":true, "fstring":true, "bytesize":6, "value":"EXFULL", "encoding":"US-ASCII", "flags":{"wb_protected":true, "old":true, "marked":true}}
{"address":"0x7fc96c850948", "type":"STRING", "class":"0x7fc96c801668", "frozen":true, "embedded":true, "fstring":true, "bytesize":5, "value":"EBADR", "encoding":"US-ASCII", "flags":{"wb_protected":true, "old":true, "marked":true}}
{"address":"0x7fc96c850970", "type":"STRING", "class":"0x7fc96c801668", "frozen":true, "embedded":true, "fstring":true, "bytesize":5, "value":"EBADE", "encoding":"US-ASCII", "flags":{"wb_protected":true, "old":true, "marked":true}}
{"address":"0x7fc96c850998", "type":"STRING", "class":"0x7fc96c801668", "frozen":true, "embedded":true, "fstring":true, "bytesize":6, "value":"EL2HLT", "encoding":"US-ASCII", "flags":{"wb_protected":true, "old":true, "marked":true}}
{"address":"0x7fc96c8509c0", "type":"STRING", "class":"0x7fc96c801668", "frozen":true, "embedded":true, "fstring":true, "bytesize":6, "value":"ENOCSI", "encoding":"US-ASCII", "flags":{"wb_protected":true, "old":true, "marked":true}}
{"address":"0x7fc96c8509e8", "type":"STRING", "class":"0x7fc96c801668", "frozen":true, "embedded":true, "fstring":true, "bytesize":7, "value":"EUNATCH", "encoding":"US-ASCII", "flags":{"wb_protected":true, "old":true, "marked":true}}
{"address":"0x7fc96c850a10", "type":"STRING", "class":"0x7fc96c801668", "frozen":true, "embedded":true, "fstring":true, "bytesize":6, "value":"ELNRNG", "encoding":"US-ASCII", "flags":{"wb_protected":true, "old":true, "marked":true}}
{"address":"0x7fc96c850a38", "type":"STRING", "class":"0x7fc96c801668", "frozen":true, "embedded":true, "fstring":true, "bytesize":6, "value":"EL3RST", "encoding":"US-ASCII", "flags":{"wb_protected":true, "old":true, "marked":true}}
{"address":"0x7fc96c850a60", "type":"STRING", "class":"0x7fc96c801668", "frozen":true, "embedded":true, "fstring":true, "bytesize":6, "value":"EL3HLT", "encoding":"US-ASCII", "flags":{"wb_protected":true, "old":true, "marked":true}}
{"address":"0x7fc96c850a88", "type":"STRING", "class":"0x7fc96c801668", "frozen":true, "embedded":true, "fstring":true, "bytesize":8, "value":"EL2NSYNC", "encoding":"US-ASCII", "flags":{"wb_protected":true, "old":true, "marked":true}}
{"address":"0x7fc96c850ab0", "type":"STRING", "class":"0x7fc96c801668", "frozen":true, "embedded":true, "fstring":true, "bytesize":6, "value":"ECHRNG", "encoding":"US-ASCII", "flags":{"wb_protected":true, "old":true, "marked":true}}
{"address":"0x7fc96c850ad8", "type":"STRING", "class":"0x7fc96c801668", "frozen":true, "embedded":true, "bytesize":12, "value":"Errno::EIDRM", "encoding":"US-ASCII", "flags":{"wb_protected":true, "old":true, "marked":true}}
{"address":"0x7fc96c850b00", "type":"CLASS", "class":"0x7fc96c802e28", "name":"Class", "references":["0x7fc96c850b28", "0x7fc96c8539b8"], "memsize":672, "flags":{"wb_protected":true, "old":true, "marked":true}}
{"address":"0x7fc96c850b28", "type":"CLASS", "class":"0x7fc96c850b00", "name":"Errno::EIDRM", "references":["0x7fc96c850ad8", "0x7fc96c8539e0"], "memsize":864, "flags":{"wb_protected":true, "old":true, "marked":true}}
{"address":"0x7fc96c850b50", "type":"STRING", "class":"0x7fc96c801668", "frozen":true, "embedded":true, "fstring":true, "bytesize":5, "value":"EIDRM", "encoding":"US-ASCII", "flags":{"wb_protected":true, "old":true, "marked":true}}
{"address":"0x7fc96c850b78", "type":"STRING", "class":"0x7fc96c801668", "frozen":true, "embedded":true, "bytesize":13, "value":"Errno::ENOMSG", "encoding":"US-ASCII", "flags":{"wb_protected":true, "old":true, "marked":true}}
{"address":"0x7fc96c850ba0", "type":"CLASS", "class":"0x7fc96c802e28", "name":"Class", "references":["0x7fc96c850bc8", "0x7fc96c8539b8"], "memsize":672, "flags":{"wb_protected":true, "old":true, "marked":true}}
{"address":"0x7fc96c850bc8", "type":"CLASS", "class":"0x7fc96c850ba0", "name":"Errno::ENOMSG", "references":["0x7fc96c850b78", "0x7fc96c8539e0"], "memsize":864, "flags":{"wb_protected":true, "old":true, "marked":true}}
{"address":"0x7fc96c850bf0", "type":"STRING", "class":"0x7fc96c801668", "frozen":true, "embedded":true, "fstring":true, "bytesize":6, "value":"ENOMSG", "encoding":"US-ASCII", "flags":{"wb_protected":true, "old":true, "marked":true}}
{"address":"0x7fc96c850c18", "type":"STRING", "class":"0x7fc96c801668", "frozen":true, "embedded":true, "fstring":true, "bytesize":11, "value":"EWOULDBLOCK", "encoding":"US-ASCII", "flags":{"wb_protected":true, "old":true, "marked":true}}
{"address":"0x7fc96c850c40", "type":"STRING", "class":"0x7fc96c801668", "frozen":true, "embedded":true, "bytesize":12, "value":"Errno::ELOOP", "encoding":"US-ASCII", "flags":{"wb_protected":true, "old":true, "marked":true}}
{"address":"0x7fc96c850c68", "type":"CLASS", "class":"0x7fc96c802e28", "name":"Class", "references":["0x7fc96c850c90", "0x7fc96c8539b8"], "memsize":672, "flags":{"wb_protected":true, "old":true, "marked":true}}
{"address":"0x7fc96c850c90", "type":"CLASS", "class":"0x7fc96c850c68", "name":"Errno::ELOOP", "references":["0x7fc96c850c40", "0x7fc96c8539e0"], "memsize":864, "flags":{"wb_protected":true, "old":true, "marked":true}}
{"address":"0x7fc96c850cb8", "type":"STRING", "class":"0x7fc96c801668", "frozen":true, "embedded":true, "fstring":true, "bytesize":5, "value":"ELOOP", "encoding":"US-ASCII", "flags":{"wb_protected":true, "old":true, "marked":true}}
{"address":"0x7fc96c850ce0", "type":"STRING", "class":"0x7fc96c801668", "frozen":true, "embedded":true, "bytesize":16, "value":"Errno::ENOTEMPTY", "encoding":"US-ASCII", "flags":{"wb_protected":true, "old":true, "marked":true}}
{"address":"0x7fc96c850d08", "type":"CLASS", "class":"0x7fc96c802e28", "name":"Class", "references":["0x7fc96c850d30", "0x7fc96c8539b8"], "memsize":672, "flags":{"wb_protected":true, "old":true, "marked":true}}
{"address":"0x7fc96c850d30", "type":"CLASS", "class":"0x7fc96c850d08", "name":"Errno::ENOTEMPTY", "references":["0x7fc96c850ce0", "0x7fc96c8539e0"], "memsize":864, "flags":{"wb_protected":true, "old":true, "marked":true}}
{"address":"0x7fc96c850d58", "type":"STRING", "class":"0x7fc96c801668", "frozen":true, "embedded":true, "fstring":true, "bytesize":9, "value":"ENOTEMPTY", "encoding":"US-ASCII", "flags":{"wb_protected":true, "old":true, "marked":true}}
{"address":"0x7fc96c850d80", "type":"STRING", "class":"0x7fc96c801668", "frozen":true, "embedded":true, "bytesize":13, "value":"Errno::ENOSYS", "encoding":"US-ASCII", "flags":{"wb_protected":true, "old":true, "marked":true}}
{"address":"0x7fc96c850da8", "type":"CLASS", "class":"0x7fc96c802e28", "name":"Class", "references":["0x7fc96c850dd0", "0x7fc96c8539b8"], "memsize":672, "flags":{"wb_protected":true, "old":true, "marked":true}}
{"address":"0x7fc96c850dd0", "type":"CLASS", "class":"0x7fc96c850da8", "name":"Errno::ENOSYS", "references":["0x7fc96c850d80", "0x7fc96c8539e0"], "memsize":864, "flags":{"wb_protected":true, "old":true, "marked":true}}
{"address":"0x7fc96c850df8", "type":"STRING", "class":"0x7fc96c801668", "frozen":true, "embedded":true, "fstring":true, "bytesize":6, "value":"ENOSYS", "encoding":"US-ASCII", "flags":{"wb_protected":true, "old":true, "marked":true}}
{"address":"0x7fc96c850e20", "type":"STRING", "class":"0x7fc96c801668", "frozen":true, "embedded":true, "bytesize":13, "value":"Errno::ENOLCK", "encoding":"US-ASCII", "flags":{"wb_protected":true, "old":true, "marked":true}}
{"address":"0x7fc96c850e48", "type":"CLASS", "class":"0x7fc96c802e28", "name":"Class", "references":["0x7fc96c850e70", "0x7fc96c8539b8"], "memsize":672, "flags":{"wb_protected":true, "old":true, "marked":true}}
{"address":"0x7fc96c850e70", "type":"CLASS", "class":"0x7fc96c850e48", "name":"Errno::ENOLCK", "references":["0x7fc96c850e20", "0x7fc96c8539e0"], "memsize":864, "flags":{"wb_protected":true, "old":true, "marked":true}}
{"address":"0x7fc96c850e98", "type":"STRING", "class":"0x7fc96c801668", "frozen":true, "embedded":true, "fstring":true, "bytesize":6, "value":"ENOLCK", "encoding":"US-ASCII", "flags":{"wb_protected":true, "old":true, "marked":true}}
{"address":"0x7fc96c850ec0", "type":"STRING", "class":"0x7fc96c801668", "frozen":true, "embedded":true, "bytesize":19, "value":"Errno::ENAMETOOLONG", "encoding":"US-ASCII", "flags":{"wb_protected":true, "old":true, "marked":true}}
{"address":"0x7fc96c850ee8", "type":"CLASS", "class":"0x7fc96c802e28", "name":"Class", "references":["0x7fc96c850f10", "0x7fc96c8539b8"], "memsize":672, "flags":{"wb_protected":true, "old":true, "marked":true}}
{"address":"0x7fc96c850f10", "type":"CLASS", "class":"0x7fc96c850ee8", "name":"Errno::ENAMETOOLONG", "references":["0x7fc96c850ec0", "0x7fc96c8539e0"], "memsize":864, "flags":{"wb_protected":true, "old":true, "marked":true}}
{"address":"0x7fc96c850f38", "type":"STRING", "class":"0x7fc96c801668", "frozen":true, "embedded":true, "fstring":true, "bytesize":12, "value":"ENAMETOOLONG", "encoding":"US-ASCII", "flags":{"wb_protected":true, "old":true, "marked":true}}
{"address":"0x7fc96c850f60", "type":"STRING", "class":"0x7fc96c801668", "frozen":true, "embedded":true, "bytesize":14, "value":"Errno::EDEADLK", "encoding":"US-ASCII", "flags":{"wb_protected":true, "old":true, "marked":true}}
{"address":"0x7fc96c850f88", "type":"CLASS", "class":"0x7fc96c802e28", "name":"Class", "references":["0x7fc96c850fb0", "0x7fc96c8539b8"], "memsize":672, "flags":{"wb_protected":true, "old":true, "marked":true}}
{"address":"0x7fc96c850fb0", "type":"CLASS", "class":"0x7fc96c850f88", "name":"Errno::EDEADLK", "references":["0x7fc96c850f60", "0x7fc96c8539e0"], "memsize":864, "flags":{"wb_protected":true, "old":true, "marked":true}}
{"address":"0x7fc96c850fd8", "type":"STRING", "class":"0x7fc96c801668", "frozen":true, "embedded":true, "fstring":true, "bytesize":7, "value":"EDEADLK", "encoding":"US-ASCII", "flags":{"wb_protected":true, "old":true, "marked":true}}
{"address":"0x7fc96c851000", "type":"STRING", "class":"0x7fc96c801668", "frozen":true, "embedded":true, "bytesize":13, "value":"Errno::ERANGE", "encoding":"US-ASCII", "flags":{"wb_protected":true, "old":true, "marked":true}}
{"address":"0x7fc96c851028", "type":"CLASS", "class":"0x7fc96c802e28", "name":"Class", "references":["0x7fc96c851050", "0x7fc96c8539b8"], "memsize":672, "flags":{"wb_protected":true, "old":true, "marked":true}}
{"address":"0x7fc96c851050", "type":"CLASS", "class":"0x7fc96c851028", "name":"Errno::ERANGE", "references":["0x7fc96c851000", "0x7fc96c8539e0"], "memsize":864, "flags":{"wb_protected":true, "old":true, "marked":true}}
{"address":"0x7fc96c851078", "type":"STRING", "class":"0x7fc96c801668", "frozen":true, "embedded":true, "fstring":true, "bytesize":6, "value":"ERANGE", "encoding":"US-ASCII", "flags":{"wb_protected":true, "old":true, "marked":true}}
{"address":"0x7fc96c8510a0", "type":"STRING", "class":"0x7fc96c801668", "frozen":true, "embedded":true, "bytesize":11, "value":"Errno::EDOM", "encoding":"US-ASCII", "flags":{"wb_protected":true, "old":true, "marked":true}}
{"address":"0x7fc96c8510c8", "type":"CLASS", "class":"0x7fc96c802e28", "name":"Class", "references":["0x7fc96c8510f0", "0x7fc96c8539b8"], "memsize":672, "flags":{"wb_protected":true, "old":true, "marked":true}}
{"address":"0x7fc96c8510f0", "type":"CLASS", "class":"0x7fc96c8510c8", "name":"Errno::EDOM", "references":["0x7fc96c8510a0", "0x7fc96c8539e0"], "memsize":864, "flags":{"wb_protected":true, "old":true, "marked":true}}
{"address":"0x7fc96c851118", "type":"STRING", "class":"0x7fc96c801668", "frozen":true, "embedded":true, "fstring":true, "bytesize":4, "value":"EDOM", "encoding":"US-ASCII", "flags":{"wb_protected":true, "old":true, "marked":true}}
{"address":"0x7fc96c851140", "type":"STRING", "class":"0x7fc96c801668", "frozen":true, "embedded":true, "bytesize":12, "value":"Errno::EPIPE", "encoding":"US-ASCII", "flags":{"wb_protected":true, "old":true, "marked":true}}
{"address":"0x7fc96c851168", "type":"CLASS", "class":"0x7fc96c802e28", "name":"Class", "references":["0x7fc96c851190", "0x7fc96c8539b8"], "memsize":672, "flags":{"wb_protected":true, "old":true, "marked":true}}
{"address":"0x7fc96c851190", "type":"CLASS", "class":"0x7fc96c851168", "name":"Errno::EPIPE", "references":["0x7fc96c851140", "0x7fc96c8539e0"], "memsize":864, "flags":{"wb_protected":true, "old":true, "marked":true}}
{"address":"0x7fc96c8511b8", "type":"STRING", "class":"0x7fc96c801668", "frozen":true, "embedded":true, "fstring":true, "bytesize":5, "value":"EPIPE", "encoding":"US-ASCII", "flags":{"wb_protected":true, "old":true, "marked":true}}
{"address":"0x7fc96c8511e0", "type":"STRING", "class":"0x7fc96c801668", "frozen":true, "embedded":true, "bytesize":13, "value":"Errno::EMLINK", "encoding":"US-ASCII", "flags":{"wb_protected":true, "old":true, "marked":true}}
{"address":"0x7fc96c851208", "type":"CLASS", "class":"0x7fc96c802e28", "name":"Class", "references":["0x7fc96c851230", "0x7fc96c8539b8"], "memsize":672, "flags":{"wb_protected":true, "old":true, "marked":true}}
{"address":"0x7fc96c851230", "type":"CLASS", "class":"0x7fc96c851208", "name":"Errno::EMLINK", "references":["0x7fc96c8511e0", "0x7fc96c8539e0"], "memsize":864, "flags":{"wb_protected":true, "old":true, "marked":true}}
{"address":"0x7fc96c851258", "type":"STRING", "class":"0x7fc96c801668", "frozen":true, "embedded":true, "fstring":true, "bytesize":6, "value":"EMLINK", "encoding":"US-ASCII", "flags":{"wb_protected":true, "old":true, "marked":true}}
{"address":"0x7fc96c851280", "type":"STRING", "class":"0x7fc96c801668", "frozen":true, "embedded":true, "bytesize":12, "value":"Errno::EROFS", "encoding":"US-ASCII", "flags":{"wb_protected":true, "old":true, "marked":true}}
{"address":"0x7fc96c8512a8", "type":"CLASS", "class":"0x7fc96c802e28", "name":"Class", "references":["0x7fc96c8512d0", "0x7fc96c8539b8"], "memsize":672, "flags":{"wb_protected":true, "old":true, "marked":true}}
{"address":"0x7fc96c8512d0", "type":"CLASS", "class":"0x7fc96c8512a8", "name":"Errno::EROFS", "references":["0x7fc96c851280", "0x7fc96c8539e0"], "memsize":864, "flags":{"wb_protected":true, "old":true, "marked":true}}
{"address":"0x7fc96c8512f8", "type":"STRING", "class":"0x7fc96c801668", "frozen":true, "embedded":true, "fstring":true, "bytesize":5, "value":"EROFS", "encoding":"US-ASCII", "flags":{"wb_protected":true, "old":true, "marked":true}}
{"address":"0x7fc96c851320", "type":"STRING", "class":"0x7fc96c801668", "frozen":true, "embedded":true, "bytesize":13, "value":"Errno::ESPIPE", "encoding":"US-ASCII", "flags":{"wb_protected":true, "old":true, "marked":true}}
{"address":"0x7fc96c851348", "type":"CLASS", "class":"0x7fc96c802e28", "name":"Class", "references":["0x7fc96c851370", "0x7fc96c8539b8"], "memsize":672, "flags":{"wb_protected":true, "old":true, "marked":true}}
{"address":"0x7fc96c851370", "type":"CLASS", "class":"0x7fc96c851348", "name":"Errno::ESPIPE", "references":["0x7fc96c851320", "0x7fc96c8539e0"], "memsize":864, "flags":{"wb_protected":true, "old":true, "marked":true}}
{"address":"0x7fc96c851398", "type":"STRING", "class":"0x7fc96c801668", "frozen":true, "embedded":true, "fstring":true, "bytesize":6, "value":"ESPIPE", "encoding":"US-ASCII", "flags":{"wb_protected":true, "old":true, "marked":true}}
{"address":"0x7fc96c8513c0", "type":"STRING", "class":"0x7fc96c801668", "frozen":true, "embedded":true, "bytesize":13, "value":"Errno::ENOSPC", "encoding":"US-ASCII", "flags":{"wb_protected":true, "old":true, "marked":true}}
{"address":"0x7fc96c8513e8", "type":"CLASS", "class":"0x7fc96c802e28", "name":"Class", "references":["0x7fc96c851410", "0x7fc96c8539b8"], "memsize":672, "flags":{"wb_protected":true, "old":true, "marked":true}}
{"address":"0x7fc96c851410", "type":"CLASS", "class":"0x7fc96c8513e8", "name":"Errno::ENOSPC", "references":["0x7fc96c8513c0", "0x7fc96c8539e0"], "memsize":864, "flags":{"wb_protected":true, "old":true, "marked":true}}
{"address":"0x7fc96c851438", "type":"STRING", "class":"0x7fc96c801668", "frozen":true, "embedded":true, "fstring":true, "bytesize":6, "value":"ENOSPC", "encoding":"US-ASCII", "flags":{"wb_protected":true, "old":true, "marked":true}}
{"address":"0x7fc96c851460", "type":"STRING", "class":"0x7fc96c801668", "frozen":true, "embedded":true, "bytesize":12, "value":"Errno::EFBIG", "encoding":"US-ASCII", "flags":{"wb_protected":true, "old":true, "marked":true}}
{"address":"0x7fc96c851488", "type":"CLASS", "class":"0x7fc96c802e28", "name":"Class", "references":["0x7fc96c8514b0", "0x7fc96c8539b8"], "memsize":672, "flags":{"wb_protected":true, "old":true, "marked":true}}
{"address":"0x7fc96c8514b0", "type":"CLASS", "class":"0x7fc96c851488", "name":"Errno::EFBIG", "references":["0x7fc96c851460", "0x7fc96c8539e0"], "memsize":864, "flags":{"wb_protected":true, "old":true, "marked":true}}
{"address":"0x7fc96c8514d8", "type":"STRING", "class":"0x7fc96c801668", "frozen":true, "embedded":true, "fstring":true, "bytesize":5, "value":"EFBIG", "encoding":"US-ASCII", "flags":{"wb_protected":true, "old":true, "marked":true}}
{"address":"0x7fc96c851500", "type":"STRING", "class":"0x7fc96c801668", "frozen":true, "embedded":true, "bytesize":14, "value":"Errno::ETXTBSY", "encoding":"US-ASCII", "flags":{"wb_protected":true, "old":true, "marked":true}}
{"address":"0x7fc96c851528", "type":"CLASS", "class":"0x7fc96c802e28", "name":"Class", "references":["0x7fc96c851550", "0x7fc96c8539b8"], "memsize":672, "flags":{"wb_protected":true, "old":true, "marked":true}}
{"address":"0x7fc96c851550", "type":"CLASS", "class":"0x7fc96c851528", "name":"Errno::ETXTBSY", "references":["0x7fc96c851500", "0x7fc96c8539e0"], "memsize":864, "flags":{"wb_protected":true, "old":true, "marked":true}}
{"address":"0x7fc96c851578", "type":"STRING", "class":"0x7fc96c801668", "frozen":true, "embedded":true, "fstring":true, "bytesize":7, "value":"ETXTBSY", "encoding":"US-ASCII", "flags":{"wb_protected":true, "old":true, "marked":true}}
{"address":"0x7fc96c8515a0", "type":"STRING", "class":"0x7fc96c801668", "frozen":true, "embedded":true, "bytesize":13, "value":"Errno::ENOTTY", "encoding":"US-ASCII", "flags":{"wb_protected":true, "old":true, "marked":true}}
{"address":"0x7fc96c8515c8", "type":"CLASS", "class":"0x7fc96c802e28", "name":"Class", "references":["0x7fc96c8515f0", "0x7fc96c8539b8"], "memsize":672, "flags":{"wb_protected":true, "old":true, "marked":true}}
{"address":"0x7fc96c8515f0", "type":"CLASS", "class":"0x7fc96c8515c8", "name":"Errno::ENOTTY", "references":["0x7fc96c8515a0", "0x7fc96c8539e0"], "memsize":864, "flags":{"wb_protected":true, "old":true, "marked":true}}
{"address":"0x7fc96c851618", "type":"STRING", "class":"0x7fc96c801668", "frozen":true, "embedded":true, "fstring":true, "bytesize":6, "value":"ENOTTY", "encoding":"US-ASCII", "flags":{"wb_protected":true, "old":true, "marked":true}}
{"address":"0x7fc96c851640", "type":"STRING", "class":"0x7fc96c801668", "frozen":true, "embedded":true, "bytesize":13, "value":"Errno::EMFILE", "encoding":"US-ASCII", "flags":{"wb_protected":true, "old":true, "marked":true}}
{"address":"0x7fc96c851668", "type":"CLASS", "class":"0x7fc96c802e28", "name":"Class", "references":["0x7fc96c851690", "0x7fc96c8539b8"], "memsize":672, "flags":{"wb_protected":true, "old":true, "marked":true}}
{"address":"0x7fc96c851690", "type":"CLASS", "class":"0x7fc96c851668", "name":"Errno::EMFILE", "references":["0x7fc96c851640", "0x7fc96c8539e0"], "memsize":864, "flags":{"wb_protected":true, "old":true, "marked":true}}
{"address":"0x7fc96c8516b8", "type":"STRING", "class":"0x7fc96c801668", "frozen":true, "embedded":true, "fstring":true, "bytesize":6, "value":"EMFILE", "encoding":"US-ASCII", "flags":{"wb_protected":true, "old":true, "marked":true}}
{"address":"0x7fc96c8516e0", "type":"STRING", "class":"0x7fc96c801668", "frozen":true, "embedded":true, "bytesize":13, "value":"Errno::ENFILE", "encoding":"US-ASCII", "flags":{"wb_protected":true, "old":true, "marked":true}}
{"address":"0x7fc96c851708", "type":"CLASS", "class":"0x7fc96c802e28", "name":"Class", "references":["0x7fc96c851730", "0x7fc96c8539b8"], "memsize":672, "flags":{"wb_protected":true, "old":true, "marked":true}}
{"address":"0x7fc96c851730", "type":"CLASS", "class":"0x7fc96c851708", "name":"Errno::ENFILE", "references":["0x7fc96c8516e0", "0x7fc96c8539e0"], "memsize":864, "flags":{"wb_protected":true, "old":true, "marked":true}}
{"address":"0x7fc96c851758", "type":"STRING", "class":"0x7fc96c801668", "frozen":true, "embedded":true, "fstring":true, "bytesize":6, "value":"ENFILE", "encoding":"US-ASCII", "flags":{"wb_protected":true, "old":true, "marked":true}}
{"address":"0x7fc96c851780", "type":"STRING", "class":"0x7fc96c801668", "frozen":true, "embedded":true, "bytesize":13, "value":"Errno::EINVAL", "encoding":"US-ASCII", "flags":{"wb_protected":true, "old":true, "marked":true}}
{"address":"0x7fc96c8517a8", "type":"CLASS", "class":"0x7fc96c802e28", "name":"Class", "references":["0x7fc96c8517d0", "0x7fc96c8539b8"], "memsize":672, "flags":{"wb_protected":true, "old":true, "marked":true}}
{"address":"0x7fc96c8517d0", "type":"CLASS", "class":"0x7fc96c8517a8", "name":"Errno::EINVAL", "references":["0x7fc96c851780", "0x7fc96c8539e0"], "memsize":864, "flags":{"wb_protected":true, "old":true, "marked":true}}
{"address":"0x7fc96c8517f8", "type":"STRING", "class":"0x7fc96c801668", "frozen":true, "embedded":true, "fstring":true, "bytesize":6, "value":"EINVAL", "encoding":"US-ASCII", "flags":{"wb_protected":true, "old":true, "marked":true}}
{"address":"0x7fc96c851820", "type":"STRING", "class":"0x7fc96c801668", "frozen":true, "embedded":true, "bytesize":13, "value":"Errno::EISDIR", "encoding":"US-ASCII", "flags":{"wb_protected":true, "old":true, "marked":true}}
{"address":"0x7fc96c851848", "type":"CLASS", "class":"0x7fc96c802e28", "name":"Class", "references":["0x7fc96c851870", "0x7fc96c8539b8"], "memsize":672, "flags":{"wb_protected":true, "old":true, "marked":true}}
{"address":"0x7fc96c851870", "type":"CLASS", "class":"0x7fc96c851848", "name":"Errno::EISDIR", "references":["0x7fc96c851820", "0x7fc96c8539e0"], "memsize":864, "flags":{"wb_protected":true, "old":true, "marked":true}}
{"address":"0x7fc96c851898", "type":"STRING", "class":"0x7fc96c801668", "frozen":true, "embedded":true, "fstring":true, "bytesize":6, "value":"EISDIR", "encoding":"US-ASCII", "flags":{"wb_protected":true, "old":true, "marked":true}}
{"address":"0x7fc96c8518c0", "type":"STRING", "class":"0x7fc96c801668", "frozen":true, "embedded":true, "bytesize":14, "value":"Errno::ENOTDIR", "encoding":"US-ASCII", "flags":{"wb_protected":true, "old":true, "marked":true}}
{"address":"0x7fc96c8518e8", "type":"CLASS", "class":"0x7fc96c802e28", "name":"Class", "references":["0x7fc96c851910", "0x7fc96c8539b8"], "memsize":672, "flags":{"wb_protected":true, "old":true, "marked":true}}
{"address":"0x7fc96c851910", "type":"CLASS", "class":"0x7fc96c8518e8", "name":"Errno::ENOTDIR", "references":["0x7fc96c8518c0", "0x7fc96c8539e0"], "memsize":864, "flags":{"wb_protected":true, "old":true, "marked":true}}
{"address":"0x7fc96c851938", "type":"STRING", "class":"0x7fc96c801668", "frozen":true, "embedded":true, "fstring":true, "bytesize":7, "value":"ENOTDIR", "encoding":"US-ASCII", "flags":{"wb_protected":true, "old":true, "marked":true}}
{"address":"0x7fc96c851960", "type":"STRING", "class":"0x7fc96c801668", "frozen":true, "embedded":true, "bytesize":13, "value":"Errno::ENODEV", "encoding":"US-ASCII", "flags":{"wb_protected":true, "old":true, "marked":true}}
{"address":"0x7fc96c851988", "type":"CLASS", "class":"0x7fc96c802e28", "name":"Class", "references":["0x7fc96c8519b0", "0x7fc96c8539b8"], "memsize":672, "flags":{"wb_protected":true, "old":true, "marked":true}}
{"address":"0x7fc96c8519b0", "type":"CLASS", "class":"0x7fc96c851988", "name":"Errno::ENODEV", "references":["0x7fc96c851960", "0x7fc96c8539e0"], "memsize":864, "flags":{"wb_protected":true, "old":true, "marked":true}}
{"address":"0x7fc96c8519d8", "type":"STRING", "class":"0x7fc96c801668", "frozen":true, "embedded":true, "fstring":true, "bytesize":6, "value":"ENODEV", "encoding":"US-ASCII", "flags":{"wb_protected":true, "old":true, "marked":true}}
{"address":"0x7fc96c851a00", "type":"STRING", "class":"0x7fc96c801668", "frozen":true, "embedded":true, "bytesize":12, "value":"Errno::EXDEV", "encoding":"US-ASCII", "flags":{"wb_protected":true, "old":true, "marked":true}}
{"address":"0x7fc96c851a28", "type":"CLASS", "class":"0x7fc96c802e28", "name":"Class", "references":["0x7fc96c851a50", "0x7fc96c8539b8"], "memsize":672, "flags":{"wb_protected":true, "old":true, "marked":true}}
{"address":"0x7fc96c851a50", "type":"CLASS", "class":"0x7fc96c851a28", "name":"Errno::EXDEV", "references":["0x7fc96c851a00", "0x7fc96c8539e0"], "memsize":864, "flags":{"wb_protected":true, "old":true, "marked":true}}
{"address":"0x7fc96c851a78", "type":"STRING", "class":"0x7fc96c801668", "frozen":true, "embedded":true, "fstring":true, "bytesize":5, "value":"EXDEV", "encoding":"US-ASCII", "flags":{"wb_protected":true, "old":true, "marked":true}}
{"address":"0x7fc96c851aa0", "type":"STRING", "class":"0x7fc96c801668", "frozen":true, "embedded":true, "bytesize":13, "value":"Errno::EEXIST", "encoding":"US-ASCII", "flags":{"wb_protected":true, "old":true, "marked":true}}
{"address":"0x7fc96c851ac8", "type":"CLASS", "class":"0x7fc96c802e28", "name":"Class", "references":["0x7fc96c851af0", "0x7fc96c8539b8"], "memsize":672, "flags":{"wb_protected":true, "old":true, "marked":true}}
{"address":"0x7fc96c851af0", "type":"CLASS", "class":"0x7fc96c851ac8", "name":"Errno::EEXIST", "references":["0x7fc96c851aa0", "0x7fc96c8539e0"], "memsize":864, "flags":{"wb_protected":true, "old":true, "marked":true}}
{"address":"0x7fc96c851b18", "type":"STRING", "class":"0x7fc96c801668", "frozen":true, "embedded":true, "fstring":true, "bytesize":6, "value":"EEXIST", "encoding":"US-ASCII", "flags":{"wb_protected":true, "old":true, "marked":true}}
{"address":"0x7fc96c851b40", "type":"STRING", "class":"0x7fc96c801668", "frozen":true, "embedded":true, "bytesize":12, "value":"Errno::EBUSY", "encoding":"US-ASCII", "flags":{"wb_protected":true, "old":true, "marked":true}}
{"address":"0x7fc96c851b68", "type":"CLASS", "class":"0x7fc96c802e28", "name":"Class", "references":["0x7fc96c851b90", "0x7fc96c8539b8"], "memsize":672, "flags":{"wb_protected":true, "old":true, "marked":true}}
{"address":"0x7fc96c851b90", "type":"CLASS", "class":"0x7fc96c851b68", "name":"Errno::EBUSY", "references":["0x7fc96c851b40", "0x7fc96c8539e0"], "memsize":864, "flags":{"wb_protected":true, "old":true, "marked":true}}
{"address":"0x7fc96c851bb8", "type":"STRING", "class":"0x7fc96c801668", "frozen":true, "embedded":true, "fstring":true, "bytesize":5, "value":"EBUSY", "encoding":"US-ASCII", "flags":{"wb_protected":true, "old":true, "marked":true}}
{"address":"0x7fc96c851be0", "type":"STRING", "class":"0x7fc96c801668", "frozen":true, "embedded":true, "bytesize":14, "value":"Errno::ENOTBLK", "encoding":"US-ASCII", "flags":{"wb_protected":true, "old":true, "marked":true}}
{"address":"0x7fc96c851c08", "type":"CLASS", "class":"0x7fc96c802e28", "name":"Class", "references":["0x7fc96c851c30", "0x7fc96c8539b8"], "memsize":672, "flags":{"wb_protected":true, "old":true, "marked":true}}
{"address":"0x7fc96c851c30", "type":"CLASS", "class":"0x7fc96c851c08", "name":"Errno::ENOTBLK", "references":["0x7fc96c851be0", "0x7fc96c8539e0"], "memsize":864, "flags":{"wb_protected":true, "old":true, "marked":true}}
{"address":"0x7fc96c851c58", "type":"STRING", "class":"0x7fc96c801668", "frozen":true, "embedded":true, "fstring":true, "bytesize":7, "value":"ENOTBLK", "encoding":"US-ASCII", "flags":{"wb_protected":true, "old":true, "marked":true}}
{"address":"0x7fc96c851c80", "type":"STRING", "class":"0x7fc96c801668", "frozen":true, "embedded":true, "bytesize":13, "value":"Errno::EFAULT", "encoding":"US-ASCII", "flags":{"wb_protected":true, "old":true, "marked":true}}
{"address":"0x7fc96c851ca8", "type":"CLASS", "class":"0x7fc96c802e28", "name":"Class", "references":["0x7fc96c851cd0", "0x7fc96c8539b8"], "memsize":672, "flags":{"wb_protected":true, "old":true, "marked":true}}
{"address":"0x7fc96c851cd0", "type":"CLASS", "class":"0x7fc96c851ca8", "name":"Errno::EFAULT", "references":["0x7fc96c851c80", "0x7fc96c8539e0"], "memsize":864, "flags":{"wb_protected":true, "old":true, "marked":true}}
{"address":"0x7fc96c851cf8", "type":"STRING", "class":"0x7fc96c801668", "frozen":true, "embedded":true, "fstring":true, "bytesize":6, "value":"EFAULT", "encoding":"US-ASCII", "flags":{"wb_protected":true, "old":true, "marked":true}}
{"address":"0x7fc96c851d20", "type":"STRING", "class":"0x7fc96c801668", "frozen":true, "embedded":true, "bytesize":13, "value":"Errno::EACCES", "encoding":"US-ASCII", "flags":{"wb_protected":true, "old":true, "marked":true}}
{"address":"0x7fc96c851d48", "type":"CLASS", "class":"0x7fc96c802e28", "name":"Class", "references":["0x7fc96c851d70", "0x7fc96c8539b8"], "memsize":672, "flags":{"wb_protected":true, "old":true, "marked":true}}
{"address":"0x7fc96c851d70", "type":"CLASS", "class":"0x7fc96c851d48", "name":"Errno::EACCES", "references":["0x7fc96c851d20", "0x7fc96c8539e0"], "memsize":864, "flags":{"wb_protected":true, "old":true, "marked":true}}
{"address":"0x7fc96c851d98", "type":"STRING", "class":"0x7fc96c801668", "frozen":true, "embedded":true, "fstring":true, "bytesize":6, "value":"EACCES", "encoding":"US-ASCII", "flags":{"wb_protected":true, "old":true, "marked":true}}
{"address":"0x7fc96c851dc0", "type":"STRING", "class":"0x7fc96c801668", "frozen":true, "embedded":true, "bytesize":13, "value":"Errno::ENOMEM", "encoding":"US-ASCII", "flags":{"wb_protected":true, "old":true, "marked":true}}
{"address":"0x7fc96c851de8", "type":"CLASS", "class":"0x7fc96c802e28", "name":"Class", "references":["0x7fc96c851e10", "0x7fc96c8539b8"], "memsize":672, "flags":{"wb_protected":true, "old":true, "marked":true}}
{"address":"0x7fc96c851e10", "type":"CLASS", "class":"0x7fc96c851de8", "name":"Errno::ENOMEM", "references":["0x7fc96c851dc0", "0x7fc96c8539e0"], "memsize":864, "flags":{"wb_protected":true, "old":true, "marked":true}}
{"address":"0x7fc96c851e38", "type":"STRING", "class":"0x7fc96c801668", "frozen":true, "embedded":true, "fstring":true, "bytesize":6, "value":"ENOMEM", "encoding":"US-ASCII", "flags":{"wb_protected":true, "old":true, "marked":true}}
{"address":"0x7fc96c851e60", "type":"STRING", "class":"0x7fc96c801668", "frozen":true, "embedded":true, "bytesize":13, "value":"Errno::EAGAIN", "encoding":"US-ASCII", "flags":{"wb_protected":true, "old":true, "marked":true}}
{"address":"0x7fc96c851e88", "type":"CLASS", "class":"0x7fc96c802e28", "name":"Class", "references":["0x7fc96c851eb0", "0x7fc96c8539b8"], "memsize":672, "flags":{"wb_protected":true, "old":true, "marked":true}}
{"address":"0x7fc96c851eb0", "type":"CLASS", "class":"0x7fc96c851e88", "name":"Errno::EAGAIN", "references":["0x7fc96c851e60", "0x7fc96c8539e0"], "memsize":864, "flags":{"wb_protected":true, "old":true, "marked":true}}
{"address":"0x7fc96c851ed8", "type":"STRING", "class":"0x7fc96c801668", "frozen":true, "embedded":true, "fstring":true, "bytesize":6, "value":"EAGAIN", "encoding":"US-ASCII", "flags":{"wb_protected":true, "old":true, "marked":true}}
{"address":"0x7fc96c851f00", "type":"STRING", "class":"0x7fc96c801668", "frozen":true, "embedded":true, "bytesize":13, "value":"Errno::ECHILD", "encoding":"US-ASCII", "flags":{"wb_protected":true, "old":true, "marked":true}}
{"address":"0x7fc96c851f28", "type":"CLASS", "class":"0x7fc96c802e28", "name":"Class", "references":["0x7fc96c851f50", "0x7fc96c8539b8"], "memsize":672, "flags":{"wb_protected":true, "old":true, "marked":true}}
{"address":"0x7fc96c851f50", "type":"CLASS", "class":"0x7fc96c851f28", "name":"Errno::ECHILD", "references":["0x7fc96c851f00", "0x7fc96c8539e0"], "memsize":864, "flags":{"wb_protected":true, "old":true, "marked":true}}
{"address":"0x7fc96c851f78", "type":"STRING", "class":"0x7fc96c801668", "frozen":true, "embedded":true, "fstring":true, "bytesize":6, "value":"ECHILD", "encoding":"US-ASCII", "flags":{"wb_protected":true, "old":true, "marked":true}}
{"address":"0x7fc96c851fa0", "type":"STRING", "class":"0x7fc96c801668", "frozen":true, "embedded":true, "bytesize":12, "value":"Errno::EBADF", "encoding":"US-ASCII", "flags":{"wb_protected":true, "old":true, "marked":true}}
{"address":"0x7fc96c851fc8", "type":"CLASS", "class":"0x7fc96c802e28", "name":"Class", "references":["0x7fc96c851ff0", "0x7fc96c8539b8"], "memsize":672, "flags":{"wb_protected":true, "old":true, "marked":true}}
{"address":"0x7fc96c851ff0", "type":"CLASS", "class":"0x7fc96c851fc8", "name":"Errno::EBADF", "references":["0x7fc96c851fa0", "0x7fc96c8539e0"], "memsize":864, "flags":{"wb_protected":true, "old":true, "marked":true}}
{"address":"0x7fc96c852018", "type":"STRING", "class":"0x7fc96c801668", "frozen":true, "embedded":true, "fstring":true, "bytesize":5, "value":"EBADF", "encoding":"US-ASCII", "flags":{"wb_protected":true, "old":true, "marked":true}}
{"address":"0x7fc96c852040", "type":"STRING", "class":"0x7fc96c801668", "frozen":true, "embedded":true, "bytesize":14, "value":"Errno::ENOEXEC", "encoding":"US-ASCII", "flags":{"wb_protected":true, "old":true, "marked":true}}
{"address":"0x7fc96c852068", "type":"CLASS", "class":"0x7fc96c802e28", "name":"Class", "references":["0x7fc96c852090", "0x7fc96c8539b8"], "memsize":672, "flags":{"wb_protected":true, "old":true, "marked":true}}
{"address":"0x7fc96c852090", "type":"CLASS", "class":"0x7fc96c852068", "name":"Errno::ENOEXEC", "references":["0x7fc96c852040", "0x7fc96c8539e0"], "memsize":864, "flags":{"wb_protected":true, "old":true, "marked":true}}
{"address":"0x7fc96c8520b8", "type":"STRING", "class":"0x7fc96c801668", "frozen":true, "embedded":true, "fstring":true, "bytesize":7, "value":"ENOEXEC", "encoding":"US-ASCII", "flags":{"wb_protected":true, "old":true, "marked":true}}
{"address":"0x7fc96c8520e0", "type":"STRING", "class":"0x7fc96c801668", "frozen":true, "embedded":true, "bytesize":12, "value":"Errno::E2BIG", "encoding":"US-ASCII", "flags":{"wb_protected":true, "old":true, "marked":true}}
{"address":"0x7fc96c852108", "type":"CLASS", "class":"0x7fc96c802e28", "name":"Class", "references":["0x7fc96c852130", "0x7fc96c8539b8"], "memsize":672, "flags":{"wb_protected":true, "old":true, "marked":true}}
{"address":"0x7fc96c852130", "type":"CLASS", "class":"0x7fc96c852108", "name":"Errno::E2BIG", "references":["0x7fc96c8520e0", "0x7fc96c8539e0"], "memsize":864, "flags":{"wb_protected":true, "old":true, "marked":true}}
{"address":"0x7fc96c852158", "type":"STRING", "class":"0x7fc96c801668", "frozen":true, "embedded":true, "fstring":true, "bytesize":5, "value":"E2BIG", "encoding":"US-ASCII", "flags":{"wb_protected":true, "old":true, "marked":true}}
{"address":"0x7fc96c852180", "type":"STRING", "class":"0x7fc96c801668", "frozen":true, "embedded":true, "bytesize":12, "value":"Errno::ENXIO", "encoding":"US-ASCII", "flags":{"wb_protected":true, "old":true, "marked":true}}
{"address":"0x7fc96c8521a8", "type":"CLASS", "class":"0x7fc96c802e28", "name":"Class", "references":["0x7fc96c8521d0", "0x7fc96c8539b8"], "memsize":672, "flags":{"wb_protected":true, "old":true, "marked":true}}
{"address":"0x7fc96c8521d0", "type":"CLASS", "class":"0x7fc96c8521a8", "name":"Errno::ENXIO", "references":["0x7fc96c852180", "0x7fc96c8539e0"], "memsize":864, "flags":{"wb_protected":true, "old":true, "marked":true}}
{"address":"0x7fc96c8521f8", "type":"STRING", "class":"0x7fc96c801668", "frozen":true, "embedded":true, "fstring":true, "bytesize":5, "value":"ENXIO", "encoding":"US-ASCII", "flags":{"wb_protected":true, "old":true, "marked":true}}
{"address":"0x7fc96c852220", "type":"STRING", "class":"0x7fc96c801668", "frozen":true, "embedded":true, "bytesize":10, "value":"Errno::EIO", "encoding":"US-ASCII", "flags":{"wb_protected":true, "old":true, "marked":true}}
{"address":"0x7fc96c852248", "type":"CLASS", "class":"0x7fc96c802e28", "name":"Class", "references":["0x7fc96c852270", "0x7fc96c8539b8"], "memsize":672, "flags":{"wb_protected":true, "old":true, "marked":true}}
{"address":"0x7fc96c852270", "type":"CLASS", "class":"0x7fc96c852248", "name":"Errno::EIO", "references":["0x7fc96c852220", "0x7fc96c8539e0"], "memsize":864, "flags":{"wb_protected":true, "old":true, "marked":true}}
{"address":"0x7fc96c852298", "type":"STRING", "class":"0x7fc96c801668", "frozen":true, "embedded":true, "fstring":true, "bytesize":3, "value":"EIO", "encoding":"US-ASCII", "flags":{"wb_protected":true, "old":true, "marked":true}}
{"address":"0x7fc96c8522c0", "type":"STRING", "class":"0x7fc96c801668", "frozen":true, "embedded":true, "bytesize":12, "value":"Errno::EINTR", "encoding":"US-ASCII", "flags":{"wb_protected":true, "old":true, "marked":true}}
{"address":"0x7fc96c8522e8", "type":"CLASS", "class":"0x7fc96c802e28", "name":"Class", "references":["0x7fc96c852310", "0x7fc96c8539b8"], "memsize":672, "flags":{"wb_protected":true, "old":true, "marked":true}}
{"address":"0x7fc96c852310", "type":"CLASS", "class":"0x7fc96c8522e8", "name":"Errno::EINTR", "references":["0x7fc96c8522c0", "0x7fc96c8539e0"], "memsize":864, "flags":{"wb_protected":true, "old":true, "marked":true}}
{"address":"0x7fc96c852338", "type":"STRING", "class":"0x7fc96c801668", "frozen":true, "embedded":true, "fstring":true, "bytesize":5, "value":"EINTR", "encoding":"US-ASCII", "flags":{"wb_protected":true, "old":true, "marked":true}}
{"address":"0x7fc96c852360", "type":"STRING", "class":"0x7fc96c801668", "frozen":true, "embedded":true, "bytesize":12, "value":"Errno::ESRCH", "encoding":"US-ASCII", "flags":{"wb_protected":true, "old":true, "marked":true}}
{"address":"0x7fc96c852388", "type":"CLASS", "class":"0x7fc96c802e28", "name":"Class", "references":["0x7fc96c8523b0", "0x7fc96c8539b8"], "memsize":672, "flags":{"wb_protected":true, "old":true, "marked":true}}
{"address":"0x7fc96c8523b0", "type":"CLASS", "class":"0x7fc96c852388", "name":"Errno::ESRCH", "references":["0x7fc96c852360", "0x7fc96c8539e0"], "memsize":864, "flags":{"wb_protected":true, "old":true, "marked":true}}
{"address":"0x7fc96c8523d8", "type":"STRING", "class":"0x7fc96c801668", "frozen":true, "embedded":true, "fstring":true, "bytesize":5, "value":"ESRCH", "encoding":"US-ASCII", "flags":{"wb_protected":true, "old":true, "marked":true}}
{"address":"0x7fc96c852400", "type":"STRING", "class":"0x7fc96c801668", "frozen":true, "embedded":true, "bytesize":13, "value":"Errno::ENOENT", "encoding":"US-ASCII", "flags":{"wb_protected":true, "old":true, "marked":true}}
{"address":"0x7fc96c852428", "type":"CLASS", "class":"0x7fc96c802e28", "name":"Class", "references":["0x7fc96c852450", "0x7fc96c8539b8"], "memsize":672, "flags":{"wb_protected":true, "old":true, "marked":true}}
{"address":"0x7fc96c852450", "type":"CLASS", "class":"0x7fc96c852428", "name":"Errno::ENOENT", "references":["0x7fc96c852400", "0x7fc96c8539e0"], "memsize":864, "flags":{"wb_protected":true, "old":true, "marked":true}}
{"address":"0x7fc96c852478", "type":"STRING", "class":"0x7fc96c801668", "frozen":true, "embedded":true, "fstring":true, "bytesize":6, "value":"ENOENT", "encoding":"US-ASCII", "flags":{"wb_protected":true, "old":true, "marked":true}}
{"address":"0x7fc96c8524a0", "type":"STRING", "class":"0x7fc96c801668", "frozen":true, "embedded":true, "bytesize":12, "value":"Errno::EPERM", "encoding":"US-ASCII", "flags":{"wb_protected":true, "old":true, "marked":true}}
{"address":"0x7fc96c8524c8", "type":"CLASS", "class":"0x7fc96c802e28", "name":"Class", "references":["0x7fc96c8524f0", "0x7fc96c8539b8"], "memsize":672, "flags":{"wb_protected":true, "old":true, "marked":true}}
{"address":"0x7fc96c8524f0", "type":"CLASS", "class":"0x7fc96c8524c8", "name":"Errno::EPERM", "references":["0x7fc96c8524a0", "0x7fc96c8539e0"], "memsize":864, "flags":{"wb_protected":true, "old":true, "marked":true}}
{"address":"0x7fc96c852518", "type":"STRING", "class":"0x7fc96c801668", "frozen":true, "embedded":true, "fstring":true, "bytesize":5, "value":"EPERM", "encoding":"US-ASCII", "flags":{"wb_protected":true, "old":true, "marked":true}}
{"address":"0x7fc96c852540", "type":"STRING", "class":"0x7fc96c801668", "frozen":true, "embedded":true, "bytesize":14, "value":"Errno::NOERROR", "encoding":"US-ASCII", "flags":{"wb_protected":true, "old":true, "marked":true}}
{"address":"0x7fc96c852568", "type":"CLASS", "class":"0x7fc96c802e28", "name":"Class", "references":["0x7fc96c852590", "0x7fc96c8539b8"], "memsize":672, "flags":{"wb_protected":true, "old":true, "marked":true}}
{"address":"0x7fc96c852590", "type":"CLASS", "class":"0x7fc96c852568", "name":"Errno::NOERROR", "references":["0x7fc96c852540", "0x7fc96c8539e0"], "memsize":864, "flags":{"wb_protected":true, "old":true, "marked":true}}
{"address":"0x7fc96c8525b8", "type":"STRING", "class":"0x7fc96c801668", "frozen":true, "embedded":true, "fstring":true, "bytesize":7, "value":"NOERROR", "encoding":"US-ASCII", "flags":{"wb_protected":true, "old":true, "marked":true}}
{"address":"0x7fc96c8525e0", "type":"STRING", "class":"0x7fc96c801668", "frozen":true, "embedded":true, "fstring":true, "bytesize":11, "value":"GMP_VERSION", "encoding":"US-ASCII", "flags":{"wb_protected":true, "old":true, "marked":true}}
{"address":"0x7fc96c852608", "type":"STRING", "class":"0x7fc96c801668", "bytesize":9, "capacity":120, "value":"GMP 5.1.3", "memsize":121, "flags":{"wb_protected":true, "old":true, "marked":true}}
{"address":"0x7fc96c852630", "type":"CLASS", "class":"0x7fc96c802e28", "name":"Class", "references":["0x7fc96c852658", "0x7fc96c852cc0"], "memsize":672, "flags":{"wb_protected":true, "old":true, "marked":true}}
{"address":"0x7fc96c852658", "type":"CLASS", "class":"0x7fc96c852630", "name":"Bignum", "references":["0x7fc96c852658", "0x7fc96c852658", "0x7fc96c852658", "0x7fc96c852658", "0x7fc96c852658", "0x7fc96c852658", "0x7fc96c852658", "0x7fc96c852658", "0x7fc96c852658", "0x7fc96c852658", "0x7fc96c852658", "0x7fc96c852658", "0x7fc96c852658", "0x7fc96c852658", "0x7fc96c852658", "0x7fc96c852658", "0x7fc96c852658", "0x7fc96c852658", "0x7fc96c852658", "0x7fc96c852658", "0x7fc96c852658", "0x7fc96c852658", "0x7fc96c852658", "0x7fc96c852658", "0x7fc96c852658", "0x7fc96c852658", "0x7fc96c852658", "0x7fc96c852658", "0x7fc96c852658", "0x7fc96c852658", "0x7fc96c852658", "0x7fc96c852658", "0x7fc96c852658", "0x7fc96c852658", "0x7fc96c852658", "0x7fc96c852658", "0x7fc96c852658", "0x7fc96c852658", "0x7fc96c852680", "0x7fc96c852608", "0x7fc96c852ce8"], "memsize":2632, "flags":{"wb_protected":true, "old":true, "marked":true}}
{"address":"0x7fc96c852680", "type":"STRING", "class":"0x7fc96c801668", "frozen":true, "embedded":true, "fstring":true, "bytesize":6, "value":"Bignum", "encoding":"US-ASCII", "flags":{"wb_protected":true, "old":true, "marked":true}}
{"address":"0x7fc96c8526a8", "type":"STRING", "class":"0x7fc96c801668", "frozen":true, "embedded":true, "fstring":true, "bytesize":2, "value":"by", "encoding":"US-ASCII", "flags":{"wb_protected":true, "old":true, "marked":true}}
{"address":"0x7fc96c8526d0", "type":"STRING", "class":"0x7fc96c801668", "frozen":true, "embedded":true, "fstring":true, "bytesize":2, "value":"to", "encoding":"US-ASCII", "flags":{"wb_protected":true, "old":true, "marked":true}}
{"address":"0x7fc96c8526f8", "type":"STRING", "class":"0x7fc96c801668", "frozen":true, "embedded":true, "fstring":true, "bytesize":7, "value":"finite?", "encoding":"US-ASCII", "flags":{"wb_protected":true, "old":true, "marked":true}}
{"address":"0x7fc96c852720", "type":"STRING", "class":"0x7fc96c801668", "frozen":true, "embedded":true, "fstring":true, "bytesize":9, "value":"infinite?", "encoding":"US-ASCII", "flags":{"wb_protected":true, "old":true, "marked":true}}
{"address":"0x7fc96c852748", "type":"STRING", "class":"0x7fc96c801668", "frozen":true, "embedded":true, "fstring":true, "bytesize":4, "value":"nan?", "encoding":"US-ASCII", "flags":{"wb_protected":true, "old":true, "marked":true}}
{"address":"0x7fc96c852770", "type":"STRING", "class":"0x7fc96c801668", "frozen":true, "embedded":true, "fstring":true, "bytesize":3, "value":"quo", "encoding":"US-ASCII", "flags":{"wb_protected":true, "old":true, "marked":true}}
{"address":"0x7fc96c852798", "type":"STRING", "class":"0x7fc96c801668", "frozen":true, "embedded":true, "fstring":true, "bytesize":3, "value":"NAN", "encoding":"US-ASCII", "flags":{"wb_protected":true, "old":true, "marked":true}}
{"address":"0x7fc96c8527c0", "type":"FLOAT", "class":"0x7fc96c852a68", "frozen":true, "value":"nan", "flags":{"wb_protected":true, "old":true, "marked":true}}
{"address":"0x7fc96c8527e8", "type":"STRING", "class":"0x7fc96c801668", "frozen":true, "embedded":true, "fstring":true, "bytesize":8, "value":"INFINITY", "encoding":"US-ASCII", "flags":{"wb_protected":true, "old":true, "marked":true}}
{"address":"0x7fc96c852810", "type":"FLOAT", "class":"0x7fc96c852a68", "frozen":true, "value":"inf", "flags":{"wb_protected":true, "old":true, "marked":true}}
{"address":"0x7fc96c852838", "type":"STRING", "class":"0x7fc96c801668", "frozen":true, "embedded":true, "fstring":true, "bytesize":7, "value":"EPSILON", "encoding":"US-ASCII", "flags":{"wb_protected":true, "old":true, "marked":true}}
{"address":"0x7fc96c852860", "type":"STRING", "class":"0x7fc96c801668", "frozen":true, "embedded":true, "fstring":true, "bytesize":3, "value":"MAX", "encoding":"US-ASCII", "flags":{"wb_protected":true, "old":true, "marked":true}}
{"address":"0x7fc96c852888", "type":"FLOAT", "class":"0x7fc96c852a68", "frozen":true, "value":"1.79769e+308", "flags":{"wb_protected":true, "old":true, "marked":true}}
{"address":"0x7fc96c8528b0", "type":"STRING", "class":"0x7fc96c801668", "frozen":true, "embedded":true, "fstring":true, "bytesize":3, "value":"MIN", "encoding":"US-ASCII", "flags":{"wb_protected":true, "old":true, "marked":true}}
{"address":"0x7fc96c8528d8", "type":"FLOAT", "class":"0x7fc96c852a68", "frozen":true, "value":"2.22507e-308", "flags":{"wb_protected":true, "old":true, "marked":true}}
{"address":"0x7fc96c852900", "type":"STRING", "class":"0x7fc96c801668", "frozen":true, "embedded":true, "fstring":true, "bytesize":10, "value":"MAX_10_EXP", "encoding":"US-ASCII", "flags":{"wb_protected":true, "old":true, "marked":true}}
{"address":"0x7fc96c852928", "type":"STRING", "class":"0x7fc96c801668", "frozen":true, "embedded":true, "fstring":true, "bytesize":10, "value":"MIN_10_EXP", "encoding":"US-ASCII", "flags":{"wb_protected":true, "old":true, "marked":true}}
{"address":"0x7fc96c852950", "type":"STRING", "class":"0x7fc96c801668", "frozen":true, "embedded":true, "fstring":true, "bytesize":7, "value":"MAX_EXP", "encoding":"US-ASCII", "flags":{"wb_protected":true, "old":true, "marked":true}}
{"address":"0x7fc96c852978", "type":"STRING", "class":"0x7fc96c801668", "frozen":true, "embedded":true, "fstring":true, "bytesize":7, "value":"MIN_EXP", "encoding":"US-ASCII", "flags":{"wb_protected":true, "old":true, "marked":true}}
{"address":"0x7fc96c8529a0", "type":"STRING", "class":"0x7fc96c801668", "frozen":true, "embedded":true, "fstring":true, "bytesize":3, "value":"DIG", "encoding":"US-ASCII", "flags":{"wb_protected":true, "old":true, "marked":true}}
{"address":"0x7fc96c8529c8", "type":"STRING", "class":"0x7fc96c801668", "frozen":true, "embedded":true, "fstring":true, "bytesize":8, "value":"MANT_DIG", "encoding":"US-ASCII", "flags":{"wb_protected":true, "old":true, "marked":true}}
{"address":"0x7fc96c8529f0", "type":"STRING", "class":"0x7fc96c801668", "frozen":true, "embedded":true, "fstring":true, "bytesize":5, "value":"RADIX", "encoding":"US-ASCII", "flags":{"wb_protected":true, "old":true, "marked":true}}
{"address":"0x7fc96c852a18", "type":"STRING", "class":"0x7fc96c801668", "frozen":true, "embedded":true, "fstring":true, "bytesize":6, "value":"ROUNDS", "encoding":"US-ASCII", "flags":{"wb_protected":true, "old":true, "marked":true}}
{"address":"0x7fc96c852a40", "type":"CLASS", "class":"0x7fc96c802e28", "name":"Class", "references":["0x7fc96c852a40", "0x7fc96c852a68", "0x7fc96c853008"], "memsize":672, "flags":{"wb_protected":true, "old":true, "marked":true}}
{"address":"0x7fc96c852a68", "type":"CLASS", "class":"0x7fc96c852a40", "name":"Float", "references":["0x7fc96c852a68", "0x7fc96c852a68", "0x7fc96c852a68", "0x7fc96c852a68", "0x7fc96c852a68", "0x7fc96c852a68", "0x7fc96c852a68", "0x7fc96c852a68", "0x7fc96c852a68", "0x7fc96c852a68", "0x7fc96c852a68", "0x7fc96c852a68", "0x7fc96c852a68", "0x7fc96c852a68", "0x7fc96c852a68", "0x7fc96c852a68", "0x7fc96c852a68", "0x7fc96c852a68", "0x7fc96c852a68", "0x7fc96c852a68", "0x7fc96c852a68", "0x7fc96c852a68", "0x7fc96c852a68", "0x7fc96c852a68", "0x7fc96c852a68", "0x7fc96c852a68", "0x7fc96c852a68", "0x7fc96c852a68", "0x7fc96c852a68", "0x7fc96c852a68", "0x7fc96c852a68", "0x7fc96c852a68", "0x7fc96c852a68", "0x7fc96c852a68", "0x7fc96c852a68", "0x7fc96c852a68", "0x7fc96c852a68", "0x7fc96c852a68", "0x7fc96c852a68", "0x7fc96c852a68", "0x7fc96c852a68", "0x7fc96c852a68", "0x7fc96c852a68", "0x7fc96c802f40", "0x7fc96c8528d8", "0x7fc96c852888", "0x7fc96c852810", "0x7fc96c8527c0", "0x7fc96c853030"], "memsize":3440, "flags":{"wb_protected":true, "old":true, "marked":true}}
{"address":"0x7fc96c852a90", "type":"STRING", "class":"0x7fc96c801668", "frozen":true, "embedded":true, "fstring":true, "bytesize":10, "value":"bit_length", "encoding":"US-ASCII", "flags":{"wb_protected":true, "old":true, "marked":true}}
{"address":"0x7fc96c852ab8", "type":"STRING", "class":"0x7fc96c801668", "frozen":true, "embedded":true, "fstring":true, "bytesize":2, "value":">>", "encoding":"US-ASCII", "flags":{"wb_protected":true, "old":true, "marked":true}}
{"address":"0x7fc96c852ae0", "type":"STRING", "class":"0x7fc96c801668", "frozen":true, "embedded":true, "fstring":true, "bytesize":1, "value":"~", "encoding":"US-ASCII", "flags":{"wb_protected":true, "old":true, "marked":true}}
{"address":"0x7fc96c852b08", "type":"STRING", "class":"0x7fc96c801668", "frozen":true, "embedded":true, "fstring":true, "bytesize":2, "value":"**", "encoding":"US-ASCII", "flags":{"wb_protected":true, "old":true, "marked":true}}
{"address":"0x7fc96c852b30", "type":"STRING", "class":"0x7fc96c801668", "frozen":true, "embedded":true, "fstring":true, "bytesize":1, "value":"/", "encoding":"US-ASCII", "flags":{"wb_protected":true, "old":true, "marked":true}}
{"address":"0x7fc96c852b58", "type":"STRING", "class":"0x7fc96c801668", "frozen":true, "embedded":true, "fstring":true, "bytesize":1, "value":"-", "encoding":"US-ASCII", "flags":{"wb_protected":true, "old":true, "marked":true}}
{"address":"0x7fc96c852b80", "type":"CLASS", "class":"0x7fc96c802e28", "name":"Class", "references":["0x7fc96c852ba8", "0x7fc96c852cc0"], "memsize":672, "flags":{"wb_protected":true, "old":true, "marked":true}}
{"address":"0x7fc96c852ba8", "type":"CLASS", "class":"0x7fc96c852b80", "name":"Fixnum", "references":["0x7fc96c852ba8", "0x7fc96c852ba8", "0x7fc96c852ba8", "0x7fc96c852ba8", "0x7fc96c852ba8", "0x7fc96c852ba8", "0x7fc96c852ba8", "0x7fc96c852ba8", "0x7fc96c852ba8", "0x7fc96c852ba8", "0x7fc96c852ba8", "0x7fc96c852ba8", "0x7fc96c852ba8", "0x7fc96c852ba8", "0x7fc96c852ba8", "0x7fc96c852ba8", "0x7fc96c852ba8", "0x7fc96c852ba8", "0x7fc96c852ba8", "0x7fc96c852ba8", "0x7fc96c852ba8", "0x7fc96c852ba8", "0x7fc96c852ba8", "0x7fc96c852ba8", "0x7fc96c852ba8", "0x7fc96c852ba8", "0x7fc96c852ba8", "0x7fc96c852ba8", "0x7fc96c852ba8", "0x7fc96c852ba8", "0x7fc96c852ba8", "0x7fc96c852ba8", "0x7fc96c852ba8", "0x7fc96c852ba8", "0x7fc96c852ba8", "0x7fc96c852ba8", "0x7fc96c852bd0", "0x7fc96c852ce8"], "memsize":2344, "flags":{"wb_protected":true, "old":true, "marked":true}}
{"address":"0x7fc96c852bd0", "type":"STRING", "class":"0x7fc96c801668", "frozen":true, "embedded":true, "fstring":true, "bytesize":6, "value":"Fixnum", "encoding":"US-ASCII", "flags":{"wb_protected":true, "old":true, "marked":true}}
{"address":"0x7fc96c852bf8", "type":"STRING", "class":"0x7fc96c801668", "frozen":true, "embedded":true, "fstring":true, "bytesize":4, "value":"pred", "encoding":"US-ASCII", "flags":{"wb_protected":true, "old":true, "marked":true}}
{"address":"0x7fc96c852c20", "type":"STRING", "class":"0x7fc96c801668", "frozen":true, "embedded":true, "fstring":true, "bytesize":5, "value":"times", "encoding":"US-ASCII", "flags":{"wb_protected":true, "old":true, "marked":true}}
{"address":"0x7fc96c852c48", "type":"STRING", "class":"0x7fc96c801668", "frozen":true, "embedded":true, "fstring":true, "bytesize":6, "value":"downto", "encoding":"US-ASCII", "flags":{"wb_protected":true, "old":true, "marked":true}}
{"address":"0x7fc96c852c70", "type":"STRING", "class":"0x7fc96c801668", "frozen":true, "embedded":true, "fstring":true, "bytesize":5, "value":"even?", "encoding":"US-ASCII", "flags":{"wb_protected":true, "old":true, "marked":true}}
{"address":"0x7fc96c852c98", "type":"STRING", "class":"0x7fc96c801668", "frozen":true, "embedded":true, "fstring":true, "bytesize":4, "value":"odd?", "encoding":"US-ASCII", "flags":{"wb_protected":true, "old":true, "marked":true}}
{"address":"0x7fc96c852cc0", "type":"CLASS", "class":"0x7fc96c802e28", "name":"Class", "references":["0x7fc96c852cc0", "0x7fc96c852ce8", "0x7fc96c853008"], "memsize":672, "flags":{"wb_protected":true, "old":true, "marked":true}}
{"address":"0x7fc96c852ce8", "type":"CLASS", "class":"0x7fc96c852cc0", "name":"Integer", "references":["0x7fc96c852ce8", "0x7fc96c852ce8", "0x7fc96c852ce8", "0x7fc96c852ce8", "0x7fc96c852ce8", "0x7fc96c852ce8", "0x7fc96c852ce8", "0x7fc96c852ce8", "0x7fc96c852ce8", "0x7fc96c852ce8", "0x7fc96c852ce8", "0x7fc96c852ce8", "0x7fc96c852ce8", "0x7fc96c852ce8", "0x7fc96c852ce8", "0x7fc96c852ce8", "0x7fc96c852ce8", "0x7fc96c852ce8", "0x7fc96c852ce8", "0x7fc96c852ce8", "0x7fc96c852ce8", "0x7fc96c852ce8", "0x7fc96c852ce8", "0x7fc96c852ce8", "0x7fc96c802f68", "0x7fc96c853030"], "memsize":1768, "flags":{"wb_protected":true, "old":true, "marked":true}}
{"address":"0x7fc96c852d10", "type":"STRING", "class":"0x7fc96c801668", "frozen":true, "embedded":true, "fstring":true, "bytesize":4, "value":"step", "encoding":"US-ASCII", "flags":{"wb_protected":true, "old":true, "marked":true}}
{"address":"0x7fc96c852d38", "type":"STRING", "class":"0x7fc96c801668", "frozen":true, "embedded":true, "fstring":true, "bytesize":8, "value":"truncate", "encoding":"US-ASCII", "flags":{"wb_protected":true, "old":true, "marked":true}}
{"address":"0x7fc96c852d60", "type":"STRING", "class":"0x7fc96c801668", "frozen":true, "embedded":true, "fstring":true, "bytesize":5, "value":"round", "encoding":"US-ASCII", "flags":{"wb_protected":true, "old":true, "marked":true}}
{"address":"0x7fc96c852d88", "type":"STRING", "class":"0x7fc96c801668", "frozen":true, "embedded":true, "fstring":true, "bytesize":4, "value":"ceil", "encoding":"US-ASCII", "flags":{"wb_protected":true, "old":true, "marked":true}}
{"address":"0x7fc96c852db0", "type":"STRING", "class":"0x7fc96c801668", "frozen":true, "embedded":true, "fstring":true, "bytesize":5, "value":"floor", "encoding":"US-ASCII", "flags":{"wb_protected":true, "old":true, "marked":true}}
{"address":"0x7fc96c852dd8", "type":"STRING", "class":"0x7fc96c801668", "frozen":true, "embedded":true, "fstring":true, "bytesize":8, "value":"nonzero?", "encoding":"US-ASCII", "flags":{"wb_protected":true, "old":true, "marked":true}}
{"address":"0x7fc96c852e00", "type":"STRING", "class":"0x7fc96c801668", "frozen":true, "embedded":true, "fstring":true, "bytesize":5, "value":"zero?", "encoding":"US-ASCII", "flags":{"wb_protected":true, "old":true, "marked":true}}
{"address":"0x7fc96c852e28", "type":"STRING", "class":"0x7fc96c801668", "frozen":true, "embedded":true, "fstring":true, "bytesize":8, "value":"integer?", "encoding":"US-ASCII", "flags":{"wb_protected":true, "old":true, "marked":true}}
{"address":"0x7fc96c852e50", "type":"STRING", "class":"0x7fc96c801668", "frozen":true, "embedded":true, "fstring":true, "bytesize":5, "value":"real?", "encoding":"US-ASCII", "flags":{"wb_protected":true, "old":true, "marked":true}}
{"address":"0x7fc96c852e78", "type":"STRING", "class":"0x7fc96c801668", "frozen":true, "embedded":true, "fstring":true, "bytesize":9, "value":"magnitude", "encoding":"US-ASCII", "flags":{"wb_protected":true, "old":true, "marked":true}}
{"address":"0x7fc96c852ea0", "type":"STRING", "class":"0x7fc96c801668", "frozen":true, "embedded":true, "fstring":true, "bytesize":3, "value":"abs", "encoding":"US-ASCII", "flags":{"wb_protected":true, "old":true, "marked":true}}
{"address":"0x7fc96c852ec8", "type":"STRING", "class":"0x7fc96c801668", "frozen":true, "embedded":true, "fstring":true, "bytesize":9, "value":"remainder", "encoding":"US-ASCII", "flags":{"wb_protected":true, "old":true, "marked":true}}
{"address":"0x7fc96c852ef0", "type":"STRING", "class":"0x7fc96c801668", "frozen":true, "embedded":true, "fstring":true, "bytesize":6, "value":"modulo", "encoding":"US-ASCII", "flags":{"wb_protected":true, "old":true, "marked":true}}
{"address":"0x7fc96c852f18", "type":"STRING", "class":"0x7fc96c801668", "frozen":true, "embedded":true, "fstring":true, "bytesize":6, "value":"divmod", "encoding":"US-ASCII", "flags":{"wb_protected":true, "old":true, "marked":true}}
{"address":"0x7fc96c852f40", "type":"STRING", "class":"0x7fc96c801668", "frozen":true, "embedded":true, "fstring":true, "bytesize":4, "value":"fdiv", "encoding":"US-ASCII", "flags":{"wb_protected":true, "old":true, "marked":true}}
{"address":"0x7fc96c852f68", "type":"STRING", "class":"0x7fc96c801668", "frozen":true, "embedded":true, "fstring":true, "bytesize":2, "value":"-@", "encoding":"US-ASCII", "flags":{"wb_protected":true, "old":true, "marked":true}}
{"address":"0x7fc96c852f90", "type":"STRING", "class":"0x7fc96c801668", "frozen":true, "embedded":true, "fstring":true, "bytesize":2, "value":"+@", "encoding":"US-ASCII", "flags":{"wb_protected":true, "old":true, "marked":true}}
{"address":"0x7fc96c852fb8", "type":"STRING", "class":"0x7fc96c801668", "frozen":true, "embedded":true, "fstring":true, "bytesize":1, "value":"i", "encoding":"US-ASCII", "flags":{"wb_protected":true, "old":true, "marked":true}}
{"address":"0x7fc96c852fe0", "type":"ICLASS", "class":"0x7fc96c801e60", "references":["0x7fc96c801e88", "0x7fc96c803788"], "flags":{"remembered":true}}
{"address":"0x7fc96c853008", "type":"CLASS", "class":"0x7fc96c802e28", "name":"Class", "references":["0x7fc96c853030", "0x7fc96c802dd8"], "memsize":672, "flags":{"wb_protected":true, "old":true, "marked":true}}
{"address":"0x7fc96c853030", "type":"CLASS", "class":"0x7fc96c853008", "name":"Numeric", "references":["0x7fc96c853030", "0x7fc96c853030", "0x7fc96c853030", "0x7fc96c853030", "0x7fc96c853030", "0x7fc96c853030", "0x7fc96c853030", "0x7fc96c853030", "0x7fc96c853030", "0x7fc96c853030", "0x7fc96c853030", "0x7fc96c853030", "0x7fc96c853030", "0x7fc96c853030", "0x7fc96c853030", "0x7fc96c853030", "0x7fc96c853030", "0x7fc96c853030", "0x7fc96c853030", "0x7fc96c853030", "0x7fc96c853030", "0x7fc96c853030", "0x7fc96c853030", "0x7fc96c853030", "0x7fc96c853030", "0x7fc96c853030", "0x7fc96c853030", "0x7fc96c853030", "0x7fc96c853030", "0x7fc96c853030", "0x7fc96c853030", "0x7fc96c853030", "0x7fc96c853030", "0x7fc96c853030", "0x7fc96c853030", "0x7fc96c853030", "0x7fc96c853030", "0x7fc96c853030", "0x7fc96c853030", "0x7fc96c853030", "0x7fc96c853030", "0x7fc96c853030", "0x7fc96c853058", "0x7fc96c852fe0"], "memsize":2632, "flags":{"wb_protected":true, "old":true, "marked":true}}
{"address":"0x7fc96c853058", "type":"STRING", "class":"0x7fc96c801668", "frozen":true, "embedded":true, "fstring":true, "bytesize":7, "value":"Numeric", "encoding":"US-ASCII", "flags":{"wb_protected":true, "old":true, "marked":true}}
{"address":"0x7fc96c853080", "type":"CLASS", "class":"0x7fc96c802e28", "name":"Class", "references":["0x7fc96c8530a8", "0x7fc96c8000d8"], "memsize":672, "flags":{"wb_protected":true, "old":true, "marked":true}}
{"address":"0x7fc96c8530a8", "type":"CLASS", "class":"0x7fc96c853080", "name":"FloatDomainError", "references":["0x7fc96c8530d0", "0x7fc96c800100"], "memsize":672, "flags":{"wb_protected":true, "old":true, "marked":true}}
{"address":"0x7fc96c8530d0", "type":"STRING", "class":"0x7fc96c801668", "frozen":true, "embedded":true, "fstring":true, "bytesize":16, "value":"FloatDomainError", "encoding":"US-ASCII", "flags":{"wb_protected":true, "old":true, "marked":true}}
{"address":"0x7fc96c8530f8", "type":"CLASS", "class":"0x7fc96c802e28", "name":"Class", "references":["0x7fc96c853120", "0x7fc96c800330"], "memsize":672, "flags":{"wb_protected":true, "old":true, "marked":true}}
{"address":"0x7fc96c853120", "type":"CLASS", "class":"0x7fc96c8530f8", "name":"ZeroDivisionError", "references":["0x7fc96c853148", "0x7fc96c800358"], "memsize":672, "flags":{"wb_protected":true, "old":true, "marked":true}}
{"address":"0x7fc96c853148", "type":"STRING", "class":"0x7fc96c801668", "frozen":true, "embedded":true, "fstring":true, "bytesize":17, "value":"ZeroDivisionError", "encoding":"US-ASCII", "flags":{"wb_protected":true, "old":true, "marked":true}}
{"address":"0x7fc96c853170", "type":"STRING", "class":"0x7fc96c801668", "frozen":true, "embedded":true, "fstring":true, "bytesize":6, "value":"coerce", "encoding":"US-ASCII", "flags":{"wb_protected":true, "old":true, "marked":true}}
{"address":"0x7fc96c853198", "type":"STRING", "class":"0x7fc96c801668", "frozen":true, "embedded":true, "fstring":true, "bytesize":7, "value":"at_exit", "encoding":"US-ASCII", "flags":{"wb_protected":true, "old":true, "marked":true}}
{"address":"0x7fc96c8531c0", "type":"STRING", "class":"0x7fc96c801668", "frozen":true, "embedded":true, "fstring":true, "bytesize":5, "value":"$SAFE", "encoding":"US-ASCII", "flags":{"wb_protected":true, "old":true, "marked":true}}
{"address":"0x7fc96c8531e8", "type":"STRING", "class":"0x7fc96c801668", "frozen":true, "embedded":true, "fstring":true, "bytesize":2, "value":"bt", "encoding":"US-ASCII", "flags":{"wb_protected":true, "old":true, "marked":true}}
{"address":"0x7fc96c853210", "type":"STRING", "class":"0x7fc96c801668", "frozen":true, "embedded":true, "fstring":true, "bytesize":4, "value":"mesg", "encoding":"US-ASCII", "flags":{"wb_protected":true, "old":true, "marked":true}}
{"address":"0x7fc96c853238", "type":"OBJECT", "class":"0x7fc96c8004c0", "frozen":true, "ivars":3, "references":["0x7fc96c853260"], "flags":{"wb_protected":true, "old":true, "marked":true}}
{"address":"0x7fc96c853260", "type":"STRING", "class":"0x7fc96c801668", "frozen":true, "embedded":true, "bytesize":19, "value":"exception reentered", "flags":{"wb_protected":true, "old":true, "marked":true}}
{"address":"0x7fc96c853288", "type":"STRING", "class":"0x7fc96c801668", "frozen":true, "embedded":true, "fstring":true, "bytesize":11, "value":"untrace_var", "encoding":"US-ASCII", "flags":{"wb_protected":true, "old":true, "marked":true}}
{"address":"0x7fc96c8532b0", "type":"STRING", "class":"0x7fc96c801668", "frozen":true, "embedded":true, "fstring":true, "bytesize":9, "value":"trace_var", "encoding":"US-ASCII", "flags":{"wb_protected":true, "old":true, "marked":true}}
{"address":"0x7fc96c8532d8", "type":"STRING", "class":"0x7fc96c801668", "frozen":true, "embedded":true, "fstring":true, "bytesize":6, "value":"extend", "encoding":"US-ASCII", "flags":{"wb_protected":true, "old":true, "marked":true}}
{"address":"0x7fc96c853300", "type":"STRING", "class":"0x7fc96c801668", "frozen":true, "embedded":true, "fstring":true, "bytesize":7, "value":"nesting", "encoding":"US-ASCII", "flags":{"wb_protected":true, "old":true, "marked":true}}
{"address":"0x7fc96c853328", "type":"STRING", "class":"0x7fc96c801668", "frozen":true, "embedded":true, "fstring":true, "bytesize":20, "value":"private_class_method", "encoding":"US-ASCII", "flags":{"wb_protected":true, "old":true, "marked":true}}
{"address":"0x7fc96c853350", "type":"STRING", "class":"0x7fc96c801668", "frozen":true, "embedded":true, "fstring":true, "bytesize":19, "value":"public_class_method", "encoding":"US-ASCII", "flags":{"wb_protected":true, "old":true, "marked":true}}
{"address":"0x7fc96c853378", "type":"STRING", "class":"0x7fc96c801668", "frozen":true, "fstring":true, "bytesize":25, "value":"protected_method_defined?", "encoding":"US-ASCII", "memsize":26, "flags":{"wb_protected":true, "old":true, "marked":true}}
{"address":"0x7fc96c8533a0", "type":"STRING", "class":"0x7fc96c801668", "frozen":true, "embedded":true, "fstring":true, "bytesize":23, "value":"private_method_defined?", "encoding":"US-ASCII", "flags":{"wb_protected":true, "old":true, "marked":true}}
{"address":"0x7fc96c8533c8", "type":"STRING", "class":"0x7fc96c801668", "frozen":true, "embedded":true, "fstring":true, "bytesize":22, "value":"public_method_defined?", "encoding":"US-ASCII", "flags":{"wb_protected":true, "old":true, "marked":true}}
{"address":"0x7fc96c8533f0", "type":"STRING", "class":"0x7fc96c801668", "frozen":true, "embedded":true, "fstring":true, "bytesize":15, "value":"method_defined?", "encoding":"US-ASCII", "flags":{"wb_protected":true, "old":true, "marked":true}}
{"address":"0x7fc96c853418", "type":"STRING", "class":"0x7fc96c801668", "frozen":true, "embedded":true, "fstring":true, "bytesize":7, "value":"private", "encoding":"US-ASCII", "flags":{"wb_protected":true, "old":true, "marked":true}}
{"address":"0x7fc96c853440", "type":"STRING", "class":"0x7fc96c801668", "frozen":true, "embedded":true, "fstring":true, "bytesize":9, "value":"protected", "encoding":"US-ASCII", "flags":{"wb_protected":true, "old":true, "marked":true}}
{"address":"0x7fc96c853468", "type":"STRING", "class":"0x7fc96c801668", "frozen":true, "embedded":true, "fstring":true, "bytesize":6, "value":"public", "encoding":"US-ASCII", "flags":{"wb_protected":true, "old":true, "marked":true}}
{"address":"0x7fc96c853490", "type":"STRING", "class":"0x7fc96c801668", "frozen":true, "embedded":true, "fstring":true, "bytesize":12, "value":"alias_method", "encoding":"US-ASCII", "flags":{"wb_protected":true, "old":true, "marked":true}}
{"address":"0x7fc96c8534b8", "type":"STRING", "class":"0x7fc96c801668", "frozen":true, "embedded":true, "fstring":true, "bytesize":12, "value":"undef_method", "encoding":"US-ASCII", "flags":{"wb_protected":true, "old":true, "marked":true}}
{"address":"0x7fc96c8534e0", "type":"STRING", "class":"0x7fc96c801668", "frozen":true, "embedded":true, "fstring":true, "bytesize":13, "value":"remove_method", "encoding":"US-ASCII", "flags":{"wb_protected":true, "old":true, "marked":true}}
{"address":"0x7fc96c853508", "type":"STRING", "class":"0x7fc96c801668", "frozen":true, "embedded":true, "fstring":true, "bytesize":10, "value":"class_eval", "encoding":"US-ASCII", "flags":{"wb_protected":true, "old":true, "marked":true}}
{"address":"0x7fc96c853530", "type":"STRING", "class":"0x7fc96c801668", "frozen":true, "embedded":true, "fstring":true, "bytesize":11, "value":"module_eval", "encoding":"US-ASCII", "flags":{"wb_protected":true, "old":true, "marked":true}}
{"address":"0x7fc96c853558", "type":"STRING", "class":"0x7fc96c801668", "frozen":true, "embedded":true, "fstring":true, "bytesize":10, "value":"class_exec", "encoding":"US-ASCII", "flags":{"wb_protected":true, "old":true, "marked":true}}
{"address":"0x7fc96c853580", "type":"STRING", "class":"0x7fc96c801668", "frozen":true, "embedded":true, "fstring":true, "bytesize":11, "value":"module_exec", "encoding":"US-ASCII", "flags":{"wb_protected":true, "old":true, "marked":true}}
{"address":"0x7fc96c8535a8", "type":"STRING", "class":"0x7fc96c801668", "frozen":true, "embedded":true, "fstring":true, "bytesize":11, "value":"public_send", "encoding":"US-ASCII", "flags":{"wb_protected":true, "old":true, "marked":true}}
{"address":"0x7fc96c8535d0", "type":"STRING", "class":"0x7fc96c801668", "frozen":true, "embedded":true, "fstring":true, "bytesize":13, "value":"instance_exec", "encoding":"US-ASCII", "flags":{"wb_protected":true, "old":true, "marked":true}}
{"address":"0x7fc96c8535f8", "type":"STRING", "class":"0x7fc96c801668", "frozen":true, "embedded":true, "fstring":true, "bytesize":13, "value":"instance_eval", "encoding":"US-ASCII", "flags":{"wb_protected":true, "old":true, "marked":true}}
{"address":"0x7fc96c853620", "type":"STRING", "class":"0x7fc96c801668", "frozen":true, "embedded":true, "fstring":true, "bytesize":4, "value":"loop", "encoding":"US-ASCII", "flags":{"wb_protected":true, "old":true, "marked":true}}
{"address":"0x7fc96c853648", "type":"STRING", "class":"0x7fc96c801668", "frozen":true, "embedded":true, "fstring":true, "bytesize":5, "value":"throw", "encoding":"US-ASCII", "flags":{"wb_protected":true, "old":true, "marked":true}}
{"address":"0x7fc96c853670", "type":"STRING", "class":"0x7fc96c801668", "frozen":true, "embedded":true, "fstring":true, "bytesize":5, "value":"catch", "encoding":"US-ASCII", "flags":{"wb_protected":true, "old":true, "marked":true}}
{"address":"0x7fc96c853698", "type":"STRING", "class":"0x7fc96c801668", "frozen":true, "embedded":true, "fstring":true, "bytesize":12, "value":"block_given?", "encoding":"US-ASCII", "flags":{"wb_protected":true, "old":true, "marked":true}}
{"address":"0x7fc96c8536c0", "type":"STRING", "class":"0x7fc96c801668", "frozen":true, "embedded":true, "fstring":true, "bytesize":9, "value":"iterator?", "encoding":"US-ASCII", "flags":{"wb_protected":true, "old":true, "marked":true}}
{"address":"0x7fc96c8536e8", "type":"STRING", "class":"0x7fc96c801668", "frozen":true, "embedded":true, "fstring":true, "bytesize":15, "value":"local_variables", "encoding":"US-ASCII", "flags":{"wb_protected":true, "old":true, "marked":true}}
{"address":"0x7fc96c853710", "type":"STRING", "class":"0x7fc96c801668", "frozen":true, "embedded":true, "fstring":true, "bytesize":4, "value":"eval", "encoding":"US-ASCII", "flags":{"wb_protected":true, "old":true, "marked":true}}
{"address":"0x7fc96c853738", "type":"STRING", "class":"0x7fc96c801668", "frozen":true, "embedded":true, "fstring":true, "bytesize":15, "value":"module_function", "encoding":"US-ASCII", "flags":{"wb_protected":true, "old":true, "marked":true}}
{"address":"0x7fc96c853760", "type":"STRING", "class":"0x7fc96c801668", "frozen":true, "embedded":true, "fstring":true, "bytesize":5, "value":"using", "encoding":"US-ASCII", "flags":{"wb_protected":true, "old":true, "marked":true}}
{"address":"0x7fc96c853788", "type":"STRING", "class":"0x7fc96c801668", "frozen":true, "embedded":true, "fstring":true, "bytesize":6, "value":"refine", "encoding":"US-ASCII", "flags":{"wb_protected":true, "old":true, "marked":true}}
{"address":"0x7fc96c8537b0", "type":"STRING", "class":"0x7fc96c801668", "frozen":true, "embedded":true, "fstring":true, "bytesize":7, "value":"include", "encoding":"US-ASCII", "flags":{"wb_protected":true, "old":true, "marked":true}}
{"address":"0x7fc96c8537d8", "type":"STRING", "class":"0x7fc96c801668", "frozen":true, "embedded":true, "fstring":true, "bytesize":7, "value":"__dir__", "encoding":"US-ASCII", "flags":{"wb_protected":true, "old":true, "marked":true}}
{"address":"0x7fc96c853800", "type":"STRING", "class":"0x7fc96c801668", "frozen":true, "embedded":true, "fstring":true, "bytesize":10, "value":"__callee__", "encoding":"US-ASCII", "flags":{"wb_protected":true, "old":true, "marked":true}}
{"address":"0x7fc96c853828", "type":"STRING", "class":"0x7fc96c801668", "frozen":true, "embedded":true, "fstring":true, "bytesize":10, "value":"__method__", "encoding":"US-ASCII", "flags":{"wb_protected":true, "old":true, "marked":true}}
{"address":"0x7fc96c853850", "type":"STRING", "class":"0x7fc96c801668", "frozen":true, "embedded":true, "fstring":true, "bytesize":16, "value":"global_variables", "encoding":"US-ASCII", "flags":{"wb_protected":true, "old":true, "marked":true}}
{"address":"0x7fc96c853878", "type":"STRING", "class":"0x7fc96c801668", "frozen":true, "embedded":true, "fstring":true, "bytesize":4, "value":"fail", "encoding":"US-ASCII", "flags":{"wb_protected":true, "old":true, "marked":true}}
{"address":"0x7fc96c8538a0", "type":"STRING", "class":"0x7fc96c801668", "frozen":true, "embedded":true, "fstring":true, "bytesize":5, "value":"raise", "encoding":"US-ASCII", "flags":{"wb_protected":true, "old":true, "marked":true}}
{"address":"0x7fc96c8538c8", "type":"STRING", "class":"0x7fc96c801668", "frozen":true, "embedded":true, "fstring":true, "bytesize":2, "value":"$!", "encoding":"US-ASCII", "flags":{"wb_protected":true, "old":true, "marked":true}}
{"address":"0x7fc96c8538f0", "type":"STRING", "class":"0x7fc96c801668", "frozen":true, "embedded":true, "fstring":true, "bytesize":2, "value":"$@", "encoding":"US-ASCII", "flags":{"wb_protected":true, "old":true, "marked":true}}
{"address":"0x7fc96c853918", "type":"STRING", "class":"0x7fc96c801668", "frozen":true, "embedded":true, "fstring":true, "bytesize":4, "value":"warn", "encoding":"US-ASCII", "flags":{"wb_protected":true, "old":true, "marked":true}}
{"address":"0x7fc96c853940", "type":"MODULE", "class":"0x7fc96c803738", "name":"Errno", "references":["0x7fc96c853968", "0x7fc96c852590", "0x7fc96c8524f0", "0x7fc96c852450", "0x7fc96c8523b0", "0x7fc96c852310", "0x7fc96c852270", "0x7fc96c8521d0", "0x7fc96c852130", "0x7fc96c852090", "0x7fc96c851ff0", "0x7fc96c851f50", "0x7fc96c851eb0", "0x7fc96c851e10", "0x7fc96c851d70", "0x7fc96c851cd0", "0x7fc96c851c30", "0x7fc96c851b90", "0x7fc96c851af0", "0x7fc96c851a50", "0x7fc96c8519b0", "0x7fc96c851910", "0x7fc96c851870", "0x7fc96c8517d0", "0x7fc96c851730", "0x7fc96c851690", "0x7fc96c8515f0", "0x7fc96c851550", "0x7fc96c8514b0", "0x7fc96c851410", "0x7fc96c851370", "0x7fc96c8512d0", "0x7fc96c851230", "0x7fc96c851190", "0x7fc96c8510f0", "0x7fc96c851050", "0x7fc96c850fb0", "0x7fc96c850f10", "0x7fc96c850e70", "0x7fc96c850dd0", "0x7fc96c850d30", "0x7fc96c850c90", "0x7fc96c851eb0", "0x7fc96c850bc8", "0x7fc96c850b28", "0x7fc96c852590", "0x7fc96c852590", "0x7fc96c852590", "0x7fc96c852590", "0x7fc96c852590", "0x7fc96c852590", "0x7fc96c852590", "0x7fc96c852590", "0x7fc96c852590", "0x7fc96c852590", "0x7fc96c852590", "0x7fc96c852590", "0x7fc96c852590", "0x7fc96c852590", "0x7fc96c852590", "0x7fc96c852590", "0x7fc96c850808", "0x7fc96c850768", "0x7fc96c8506c8", "0x7fc96c850628", "0x7fc96c852590", "0x7fc96c852590", "0x7fc96c850538", "0x7fc96c850498", "0x7fc96c852590", "0x7fc96c852590", "0x7fc96c852590", "0x7fc96c850380", "0x7fc96c8502e0", "0x7fc96c852590", "0x7fc96c850218", "0x7fc96c850178", "0x7fc96c852590", "0x7fc96c852590", "0x7fc96c852590", "0x7fc96c852590", "0x7fc96c852590", "0x7fc96c852590", "0x7fc96c852590", "0x7fc96c852590", "0x7fc96c84bf60", "0x7fc96c852590", "0x7fc96c852590", "0x7fc96c84be70", "0x7fc96c84bdd0", "0x7fc96c84bd30", "0x7fc96c84bc90", "0x7fc96c84bbf0", "0x7fc96c84bb50", "0x7fc96c84bab0", "0x7fc96c84ba10", "0x7fc96c84b970", "0x7fc96c84b8d0", "0x7fc96c84b830", "0x7fc96c84b790", "0x7fc96c84b6f0", "0x7fc96c84b650", "0x7fc96c84b5b0", "0x7fc96c84b510", "0x7fc96c84b470", "0x7fc96c84b3d0", "0x7fc96c84b330", "0x7fc96c84b290", "0x7fc96c84b1f0", "0x7fc96c84b150", "0x7fc96c84b0b0", "0x7fc96c84b010", "0x7fc96c84af70", "0x7fc96c84aed0", "0x7fc96c84ae30", "0x7fc96c84ad90", "0x7fc96c84acf0", "0x7fc96c84ac50", "0x7fc96c852590", "0x7fc96c852590", "0x7fc96c852590", "0x7fc96c852590", "0x7fc96c852590", "0x7fc96c84aae8", "0x7fc96c84aa48", "0x7fc96c852590", "0x7fc96c852590", "0x7fc96c852590", "0x7fc96c852590", "0x7fc96c852590", "0x7fc96c852590", "0x7fc96c84a8b8", "0x7fc96c84a818", "0x7fc96c852590", "0x7fc96c84a750", "0x7fc96c84a6b0", "0x7fc96c852590", "0x7fc96c84a5e8", "0x7fc96c84a548", "0x7fc96c84a4a8", "0x7fc96c84a408", "0x7fc96c84a368", "0x7fc96c84a2c8", "0x7fc96c84a228", "0x7fc96c84a188", "0x7fc96c84a0e8", "0x7fc96c852590"], "memsize":8024, "flags":{"wb_protected":true, "old":true, "marked":true}}
{"address":"0x7fc96c853968", "type":"STRING", "class":"0x7fc96c801668", "frozen":true, "embedded":true, "fstring":true, "bytesize":5, "value":"Errno", "encoding":"US-ASCII", "flags":{"wb_protected":true, "old":true, "marked":true}}
{"address":"0x7fc96c853990", "type":"STRING", "class":"0x7fc96c801668", "frozen":true, "embedded":true, "fstring":true, "bytesize":5, "value":"errno", "encoding":"US-ASCII", "flags":{"wb_protected":true, "old":true, "marked":true}}
{"address":"0x7fc96c8539b8", "type":"CLASS", "class":"0x7fc96c802e28", "name":"Class", "references":["0x7fc96c8539b8", "0x7fc96c8539e0", "0x7fc96c800330"], "memsize":672, "flags":{"wb_protected":true, "old":true, "marked":true}}
{"address":"0x7fc96c8539e0", "type":"CLASS", "class":"0x7fc96c8539b8", "name":"SystemCallError", "references":["0x7fc96c8539e0", "0x7fc96c8539e0", "0x7fc96c853a08", "0x7fc96c800358"], "memsize":672, "flags":{"wb_protected":true, "old":true, "marked":true}}
{"address":"0x7fc96c853a08", "type":"STRING", "class":"0x7fc96c801668", "frozen":true, "embedded":true, "fstring":true, "bytesize":15, "value":"SystemCallError", "encoding":"US-ASCII", "flags":{"wb_protected":true, "old":true, "marked":true}}
{"address":"0x7fc96c853a30", "type":"STRING", "class":"0x7fc96c801668", "frozen":true, "bytesize":28, "capacity":48, "value":"Encoding::CompatibilityError", "encoding":"US-ASCII", "memsize":49, "flags":{"wb_protected":true, "old":true, "marked":true}}
{"address":"0x7fc96c853a58", "type":"CLASS", "class":"0x7fc96c802e28", "name":"Class", "references":["0x7fc96c853a80", "0x7fc96c853ad0"], "memsize":672, "flags":{"wb_protected":true, "old":true, "marked":true}}
{"address":"0x7fc96c853a80", "type":"CLASS", "class":"0x7fc96c853a58", "name":"Encoding::CompatibilityError", "references":["0x7fc96c853a30", "0x7fc96c853af8"], "memsize":672, "flags":{"wb_protected":true, "old":true, "marked":true}}
{"address":"0x7fc96c853aa8", "type":"STRING", "class":"0x7fc96c801668", "frozen":true, "embedded":true, "fstring":true, "bytesize":18, "value":"CompatibilityError", "encoding":"US-ASCII", "flags":{"wb_protected":true, "old":true, "marked":true}}
{"address":"0x7fc96c853ad0", "type":"CLASS", "class":"0x7fc96c802e28", "name":"Class", "references":["0x7fc96c853af8", "0x7fc96c800330"], "memsize":672, "flags":{"wb_protected":true, "old":true, "marked":true}}
{"address":"0x7fc96c853af8", "type":"CLASS", "class":"0x7fc96c853ad0", "name":"EncodingError", "references":["0x7fc96c853b20", "0x7fc96c800358"], "memsize":672, "flags":{"wb_protected":true, "old":true, "marked":true}}
{"address":"0x7fc96c853b20", "type":"STRING", "class":"0x7fc96c801668", "frozen":true, "embedded":true, "fstring":true, "bytesize":13, "value":"EncodingError", "encoding":"US-ASCII", "flags":{"wb_protected":true, "old":true, "marked":true}}
{"address":"0x7fc96c853b48", "type":"CLASS", "class":"0x7fc96c802e28", "name":"Class", "references":["0x7fc96c853b70", "0x7fc96c8006c8"], "memsize":672, "flags":{"wb_protected":true, "old":true, "marked":true}}
{"address":"0x7fc96c853b70", "type":"CLASS", "class":"0x7fc96c853b48", "name":"NoMemoryError", "references":["0x7fc96c853b98", "0x7fc96c8006f0"], "memsize":864, "flags":{"wb_protected":true, "old":true, "marked":true}}
{"address":"0x7fc96c853b98", "type":"STRING", "class":"0x7fc96c801668", "frozen":true, "embedded":true, "fstring":true, "bytesize":13, "value":"NoMemoryError", "encoding":"US-ASCII", "flags":{"wb_protected":true, "old":true, "marked":true}}
{"address":"0x7fc96c853bc0", "type":"CLASS", "class":"0x7fc96c802e28", "name":"Class", "references":["0x7fc96c853be8", "0x7fc96c8006c8"], "memsize":672, "flags":{"wb_protected":true, "old":true, "marked":true}}
{"address":"0x7fc96c853be8", "type":"CLASS", "class":"0x7fc96c853bc0", "name":"SecurityError", "references":["0x7fc96c853c10", "0x7fc96c8006f0"], "memsize":672, "flags":{"wb_protected":true, "old":true, "marked":true}}
{"address":"0x7fc96c853c10", "type":"STRING", "class":"0x7fc96c801668", "frozen":true, "embedded":true, "fstring":true, "bytesize":13, "value":"SecurityError", "encoding":"US-ASCII", "flags":{"wb_protected":true, "old":true, "marked":true}}
{"address":"0x7fc96c853c38", "type":"CLASS", "class":"0x7fc96c802e28", "name":"Class", "references":["0x7fc96c853c60", "0x7fc96c800330"], "memsize":672, "flags":{"wb_protected":true, "old":true, "marked":true}}
{"address":"0x7fc96c853c60", "type":"CLASS", "class":"0x7fc96c853c38", "name":"RuntimeError", "references":["0x7fc96c853c88", "0x7fc96c800358"], "memsize":672, "flags":{"wb_protected":true, "old":true, "marked":true}}
{"address":"0x7fc96c853c88", "type":"STRING", "class":"0x7fc96c801668", "frozen":true, "embedded":true, "fstring":true, "bytesize":12, "value":"RuntimeError", "encoding":"US-ASCII", "flags":{"wb_protected":true, "old":true, "marked":true}}
{"address":"0x7fc96c853cb0", "type":"STRING", "class":"0x7fc96c801668", "frozen":true, "embedded":true, "fstring":true, "bytesize":4, "value":"args", "encoding":"US-ASCII", "flags":{"wb_protected":true, "old":true, "marked":true}}
{"address":"0x7fc96c853cd8", "type":"CLASS", "class":"0x7fc96c802e28", "name":"Class", "references":["0x7fc96c853d00", "0x7fc96c853dc8"], "memsize":672, "flags":{"wb_protected":true, "old":true, "marked":true}}
{"address":"0x7fc96c853d00", "type":"CLASS", "class":"0x7fc96c853cd8", "name":"NoMethodError", "references":["0x7fc96c853d00", "0x7fc96c853d00", "0x7fc96c853d28", "0x7fc96c853df0"], "memsize":672, "flags":{"wb_protected":true, "old":true, "marked":true}}
{"address":"0x7fc96c853d28", "type":"STRING", "class":"0x7fc96c801668", "frozen":true, "embedded":true, "fstring":true, "bytesize":13, "value":"NoMethodError", "encoding":"US-ASCII", "flags":{"wb_protected":true, "old":true, "marked":true}}
{"address":"0x7fc96c853d50", "type":"STRING", "class":"0x7fc96c801668", "frozen":true, "embedded":true, "bytesize":18, "value":"NameError::message", "encoding":"US-ASCII", "flags":{"wb_protected":true, "old":true, "marked":true}}
{"address":"0x7fc96c853d78", "type":"CLASS", "class":"0x7fc96c802e28", "name":"Class", "references":["0x7fc96c853d78", "0x7fc96c853d78", "0x7fc96c853da0", "0x7fc96c802680"], "memsize":672, "flags":{"wb_protected":true, "old":true, "marked":true}}
{"address":"0x7fc96c853da0", "type":"CLASS", "class":"0x7fc96c853d78", "name":"NameError::message", "references":["0x7fc96c853da0", "0x7fc96c853da0", "0x7fc96c853da0", "0x7fc96c853d50", "0x7fc96c8026a8"], "memsize":672, "flags":{"wb_protected":true, "old":true, "marked":true}}
{"address":"0x7fc96c853dc8", "type":"CLASS", "class":"0x7fc96c802e28", "name":"Class", "references":["0x7fc96c853df0", "0x7fc96c800330"], "memsize":672, "flags":{"wb_protected":true, "old":true, "marked":true}}
{"address":"0x7fc96c853df0", "type":"CLASS", "class":"0x7fc96c853dc8", "name":"NameError", "references":["0x7fc96c853df0", "0x7fc96c853df0", "0x7fc96c853e18", "0x7fc96c853da0", "0x7fc96c800358"], "memsize":864, "flags":{"wb_protected":true, "old":true, "marked":true}}
{"address":"0x7fc96c853e18", "type":"STRING", "class":"0x7fc96c801668", "frozen":true, "embedded":true, "fstring":true, "bytesize":9, "value":"NameError", "encoding":"US-ASCII", "flags":{"wb_protected":true, "old":true, "marked":true}}
{"address":"0x7fc96c853e40", "type":"CLASS", "class":"0x7fc96c802e28", "name":"Class", "references":["0x7fc96c853e68", "0x7fc96c800060"], "memsize":672, "flags":{"wb_protected":true, "old":true, "marked":true}}
{"address":"0x7fc96c853e68", "type":"CLASS", "class":"0x7fc96c853e40", "name":"NotImplementedError", "references":["0x7fc96c853e90", "0x7fc96c800088"], "memsize":672, "flags":{"wb_protected":true, "old":true, "marked":true}}
{"address":"0x7fc96c853e90", "type":"STRING", "class":"0x7fc96c801668", "frozen":true, "embedded":true, "fstring":true, "bytesize":19, "value":"NotImplementedError", "encoding":"US-ASCII", "flags":{"wb_protected":true, "old":true, "marked":true}}
{"address":"0x7fc96c853eb8", "type":"STRING", "class":"0x7fc96c801668", "frozen":true, "embedded":true, "fstring":true, "bytesize":5, "value":"@path", "encoding":"US-ASCII", "flags":{"wb_protected":true, "old":true, "marked":true}}
{"address":"0x7fc96c853f08", "type":"STRING", "class":"0x7fc96c801668", "frozen":true, "embedded":true, "fstring":true, "bytesize":4, "value":"path", "encoding":"US-ASCII", "flags":{"wb_protected":true, "old":true, "marked":true}}
{"address":"0x7fc96c853f30", "type":"CLASS", "class":"0x7fc96c802e28", "name":"Class", "references":["0x7fc96c853f58", "0x7fc96c800060"], "memsize":672, "flags":{"wb_protected":true, "old":true, "marked":true}}
{"address":"0x7fc96c853f58", "type":"CLASS", "class":"0x7fc96c853f30", "name":"LoadError", "references":["0x7fc96c853f58", "0x7fc96c853f80", "0x7fc96c800088"], "memsize":864, "flags":{"wb_protected":true, "old":true, "marked":true}}
{"address":"0x7fc96c853f80", "type":"STRING", "class":"0x7fc96c801668", "frozen":true, "embedded":true, "fstring":true, "bytesize":9, "value":"LoadError", "encoding":"US-ASCII", "flags":{"wb_protected":true, "old":true, "marked":true}}
{"address":"0x7fc96c853fa8", "type":"CLASS", "class":"0x7fc96c802e28", "name":"Class", "references":["0x7fc96c800010", "0x7fc96c800060"], "memsize":672, "flags":{"wb_protected":true, "old":true, "marked":true}}
{"address":"0x7fc96c860078", "type":"ARRAY", "class":"0x7fc96c84a048", "length":0, "flags":{"wb_protected":true, "old":true, "marked":true}}
{"address":"0x7fc96c8600c8", "type":"STRING", "class":"0x7fc96c801668", "frozen":true, "embedded":true, "fstring":true, "bytesize":10, "value":"test_file=", "encoding":"UTF-8", "flags":{"wb_protected":true, "old":true, "marked":true}}
{"address":"0x7fc96c860140", "type":"STRING", "class":"0x7fc96c801668", "embedded":true, "bytesize":4, "value":"ruby", "encoding":"UTF-8", "flags":{"wb_protected":true, "old":true, "marked":true}}
{"address":"0x7fc96c8601b8", "type":"HASH", "class":"0x7fc96c849918", "size":0, "flags":{"wb_protected":true, "old":true, "marked":true}}
{"address":"0x7fc96c8601e0", "type":"STRING", "class":"0x7fc96c801668", "frozen":true, "embedded":true, "fstring":true, "bytesize":13, "value":"@load_modules", "encoding":"US-ASCII", "flags":{"wb_protected":true, "old":true, "marked":true}}
{"address":"0x7fc96c8602f8", "type":"ARRAY", "class":"0x7fc96c84a048", "length":0, "flags":{"wb_protected":true, "old":true, "marked":true}}
{"address":"0x7fc96c860370", "type":"ARRAY", "class":"0x7fc96c84a048", "length":0, "flags":{"wb_protected":true, "old":true, "marked":true}}
{"address":"0x7fc96c8603e8", "type":"ARRAY", "class":"0x7fc96c84a048", "length":0, "flags":{"wb_protected":true, "old":true, "marked":true}}
{"address":"0x7fc96c860438", "type":"STRING", "class":"0x7fc96c801668", "frozen":true, "embedded":true, "fstring":true, "bytesize":9, "value":"test_file", "encoding":"US-ASCII", "flags":{"wb_protected":true, "old":true, "marked":true}}
{"address":"0x7fc96c860488", "type":"ARRAY", "class":"0x7fc96c84a048", "length":0, "flags":{"wb_protected":true, "old":true, "marked":true}}
{"address":"0x7fc96c860500", "type":"OBJECT", "class":"0x7fc96c8c2688", "ivars":3, "references":["0x7fc96d074700"], "flags":{"wb_protected":true, "old":true, "marked":true}}
{"address":"0x7fc96c860528", "type":"ARRAY", "class":"0x7fc96c84a048", "length":3, "embedded":true, "references":["0x7fc96c05a220", "0x7fc96c059c58", "0x7fc96c059848"], "flags":{"wb_protected":true, "old":true, "marked":true}}
{"address":"0x7fc96c8605c8", "type":"STRING", "class":"0x7fc96c801668", "frozen":true, "embedded":true, "fstring":true, "bytesize":7, "value":"libpath", "encoding":"US-ASCII", "flags":{"wb_protected":true, "old":true, "marked":true}}
{"address":"0x7fc96c8605f0", "type":"STRING", "class":"0x7fc96c801668", "frozen":true, "embedded":true, "fstring":true, "bytesize":3, "value":"@rc", "encoding":"US-ASCII", "flags":{"wb_protected":true, "old":true, "marked":true}}
{"address":"0x7fc96c860640", "type":"ARRAY", "class":"0x7fc96c84a048", "length":0, "flags":{"wb_protected":true, "old":true, "marked":true}}
{"address":"0x7fc96c8606b8", "type":"STRING", "class":"0x7fc96c801668", "embedded":true, "bytesize":3, "value":"bin", "encoding":"UTF-8", "flags":{"wb_protected":true, "old":true, "marked":true}}
{"address":"0x7fc96c860758", "type":"STRING", "class":"0x7fc96c801668", "frozen":true, "embedded":true, "fstring":true, "bytesize":8, "value":"\\n[ \\t]*", "encoding":"US-ASCII", "flags":{"wb_protected":true, "old":true, "marked":true}}
{"address":"0x7fc96c8607a8", "type":"STRING", "class":"0x7fc96c801668", "frozen":true, "embedded":true, "fstring":true, "bytesize":7, "value":"lc_path", "encoding":"US-ASCII", "flags":{"wb_protected":true, "old":true, "marked":true}}
{"address":"0x7fc96c8607d0", "type":"STRING", "class":"0x7fc96c801668", "frozen":true, "embedded":true, "fstring":true, "bytesize":21, "value":"^([A-Z].*)::([^:.]*)$", "encoding":"US-ASCII", "flags":{"wb_protected":true, "old":true, "marked":true}}
{"address":"0x7fc96c860820", "type":"REGEXP", "class":"0x7fc96c8491e8", "references":["0x7fc96c860758"], "memsize":529, "flags":{"wb_protected":true, "old":true, "marked":true}}
{"address":"0x7fc96c860870", "type":"REGEXP", "class":"0x7fc96c8491e8", "references":["0x7fc96c8607d0"], "memsize":632, "flags":{"wb_protected":true, "old":true, "marked":true}}
{"address":"0x7fc96c860a00", "type":"STRING", "class":"0x7fc96c801668", "frozen":true, "embedded":true, "fstring":true, "bytesize":17, "value":"(\\w-)\\n[ \\t]*(\\w)", "encoding":"US-ASCII", "flags":{"wb_protected":true, "old":true, "marked":true}}
{"address":"0x7fc96c860a78", "type":"REGEXP", "class":"0x7fc96c8491e8", "references":["0x7fc96c860a00"], "memsize":534, "flags":{"wb_protected":true, "old":true, "marked":true}}
{"address":"0x7fc96c860ac8", "type":"STRING", "class":"0x7fc96c801668", "frozen":true, "embedded":true, "fstring":true, "bytesize":9, "value":"lib_paths", "encoding":"US-ASCII", "flags":{"wb_protected":true, "old":true, "marked":true}}
{"address":"0x7fc96c860af0", "type":"STRING", "class":"0x7fc96c801668", "frozen":true, "embedded":true, "fstring":true, "bytesize":8, "value":"@ap_name", "encoding":"US-ASCII", "flags":{"wb_protected":true, "old":true, "marked":true}}
{"address":"0x7fc96c860b18", "type":"STRING", "class":"0x7fc96c801668", "frozen":true, "embedded":true, "fstring":true, "bytesize":13, "value":"@use_readline", "encoding":"US-ASCII", "flags":{"wb_protected":true, "old":true, "marked":true}}
{"address":"0x7fc96c860c08", "type":"OBJECT", "class":"0x7fc96d074e30", "ivars":50, "references":["0x7fc96c0595c8", "0x7fc96c8bbea0", "0x7fc96c8c3d80", "0x7fc96c8c36c8", "0x7fc96c05af18", "0x7fc96c05b170", "0x7fc96c05b148", "0x7fc96c05bcb0", "0x7fc96c05af68", "0x7fc96c05bc38", "0x7fc96c05b3c8", "0x7fc96c8606b8", "0x7fc96c860640", "0x7fc96c05b1c0", "0x7fc96c860528", "0x7fc96c860488", "0x7fc96c8603e8", "0x7fc96c860370", "0x7fc96c8602f8", "0x7fc96c05b0f8", "0x7fc96c8601b8", "0x7fc96c860140", "0x7fc96c860078", "0x7fc96c05b4e0", "0x7fc96c860500", "0x7fc96c05ba08", "0x7fc96c05bf30", "0x7fc96c05b0d0", "0x7fc96c05bd50", "0x7fc96c8c82e0", "0x7fc96c8bbf68"], "memsize":400, "flags":{"wb_protected":true, "old":true, "marked":true}}
{"address":"0x7fc96c860cd0", "type":"STRING", "class":"0x7fc96c801668", "frozen":true, "embedded":true, "fstring":true, "bytesize":8, "value":"summary=", "encoding":"UTF-8", "flags":{"wb_protected":true, "old":true, "marked":true}}
{"address":"0x7fc96c860e10", "type":"STRING", "class":"0x7fc96c801668", "frozen":true, "fstring":true, "bytesize":37, "value":"https://github.com/lostisland/faraday", "encoding":"UTF-8", "memsize":38, "flags":{"wb_protected":true, "old":true, "marked":true}}
{"address":"0x7fc96c860e88", "type":"STRING", "class":"0x7fc96c801668", "frozen":true, "bytesize":91, "value":"/Users/antoine/.rvm/gems/ruby-2.0.0-p247/specifications/mixlib-authentication-1.3.0.gemspec", "encoding":"UTF-8", "memsize":92, "flags":{"wb_protected":true, "old":true, "marked":true}}
{"address":"0x7fc96c860eb0", "type":"ARRAY", "class":"0x7fc96c84a048", "length":0, "flags":{"wb_protected":true, "old":true, "marked":true}}
{"address":"0x7fc96c860ed8", "type":"OBJECT", "class":"0x7fc96d077a68", "ivars":14, "references":["0x7fc96c829190", "0x7fc96c882ee8", "0x7fc96c883000", "0x7fc96c8830a0", "0x7fc96c05a130", "0x7fc96c860eb0", "0x7fc96c05a130", "0x7fc96c8c82e0", "0x7fc96c059488", "0x7fc96c059438", "0x7fc96c058ba0"], "memsize":112, "flags":{"wb_protected":true, "old":true, "marked":true}}
{"address":"0x7fc96c860f00", "type":"STRING", "class":"0x7fc96c801668", "frozen":true, "embedded":true, "bytesize":15, "value":"mime-types-1.25", "encoding":"UTF-8", "flags":{"wb_protected":true, "old":true, "marked":true}}
{"address":"0x7fc96c860f78", "type":"STRING", "class":"0x7fc96c801668", "shared":true, "encoding":"US-ASCII", "references":["0x7fc96d039010"], "flags":{"wb_protected":true, "old":true, "marked":true}}
{"address":"0x7fc96c860fa0", "type":"ARRAY", "class":"0x7fc96c84a048", "length":2, "embedded":true, "references":["0x7fc96c8611d0", "0x7fc96c861180"], "flags":{"wb_protected":true, "old":true, "marked":true}}
{"address":"0x7fc96c860fc8", "type":"STRING", "class":"0x7fc96c801668", "embedded":true, "bytesize":3, "value":"3.7", "encoding":"UTF-8", "flags":{"wb_protected":true, "old":true, "marked":true}}
{"address":"0x7fc96c860ff0", "type":"STRING", "class":"0x7fc96c801668", "frozen":true, "embedded":true, "fstring":true, "bytesize":7, "value":"@thread", "encoding":"US-ASCII", "flags":{"wb_protected":true, "old":true, "marked":true}}
{"address":"0x7fc96c8610e0", "type":"STRING", "class":"0x7fc96c801668", "frozen":true, "embedded":true, "fstring":true, "bytesize":9, "value":"spec_name", "encoding":"US-ASCII", "flags":{"wb_protected":true, "old":true, "marked":true}}
{"address":"0x7fc96c861180", "type":"OBJECT", "class":"0x7fc96d040a68", "ivars":3, "references":["0x7fc96c860fc8"], "flags":{"wb_protected":true, "old":true, "marked":true}}
{"address":"0x7fc96c8611d0", "type":"STRING", "class":"0x7fc96c801668", "embedded":true, "bytesize":2, "value":"~>", "encoding":"UTF-8", "flags":{"wb_protected":true, "old":true, "marked":true}}
{"address":"0x7fc96c861270", "type":"STRING", "class":"0x7fc96c801668", "frozen":true, "embedded":true, "fstring":true, "bytesize":9, "value":"WorkSpace", "encoding":"US-ASCII", "flags":{"wb_protected":true, "old":true, "marked":true}}
{"address":"0x7fc96c8612e8", "type":"STRING", "class":"0x7fc96c801668", "frozen":true, "embedded":true, "fstring":true, "bytesize":8, "value":"TkRBRACE", "encoding":"US-ASCII", "flags":{"wb_protected":true, "old":true, "marked":true}}
{"address":"0x7fc96c861310", "type":"ARRAY", "class":"0x7fc96c84a048", "length":1, "embedded":true, "references":["0x7fc96c860fa0"], "flags":{"wb_protected":true, "old":true, "marked":true}}
{"address":"0x7fc96c861360", "type":"STRING", "class":"0x7fc96c801668", "frozen":true, "embedded":true, "fstring":true, "bytesize":20, "value":"^::([A-Z][^:\\.\\(]*)$", "encoding":"US-ASCII", "flags":{"wb_protected":true, "old":true, "marked":true}}
{"address":"0x7fc96c861388", "type":"OBJECT", "class":"0x7fc96c8c2688", "ivars":3, "references":["0x7fc96c861310"], "flags":{"wb_protected":true, "old":true, "marked":true}}
{"address":"0x7fc96c8613d8", "type":"OBJECT", "class":"0x7fc96d077ae0", "ivars":5, "references":["0x7fc96c8614f0", "0x7fc96c861388", "0x7fc96c861388"], "memsize":40, "flags":{"wb_protected":true, "old":true, "marked":true}}
{"address":"0x7fc96c861428", "type":"REGEXP", "class":"0x7fc96c8491e8", "references":["0x7fc96c861360"], "memsize":626, "flags":{"wb_protected":true, "old":true, "marked":true}}
{"address":"0x7fc96c8614f0", "type":"STRING", "class":"0x7fc96c801668", "embedded":true, "bytesize":3, "value":"hoe", "encoding":"UTF-8", "flags":{"wb_protected":true, "old":true, "marked":true}}
{"address":"0x7fc96c861518", "type":"ARRAY", "class":"0x7fc96c84a048", "length":2, "embedded":true, "references":["0x7fc96c861720", "0x7fc96c8616a8"], "flags":{"wb_protected":true, "old":true, "marked":true}}
{"address":"0x7fc96c861540", "type":"STRING", "class":"0x7fc96c801668", "embedded":true, "bytesize":4, "value":"10.0", "encoding":"UTF-8", "flags":{"wb_protected":true, "old":true, "marked":true}}
{"address":"0x7fc96c8616a8", "type":"OBJECT", "class":"0x7fc96d040a68", "ivars":3, "references":["0x7fc96c861540"], "flags":{"wb_protected":true, "old":true, "marked":true}}
{"address":"0x7fc96c8616d0", "type":"STRING", "class":"0x7fc96c801668", "frozen":true, "embedded":true, "fstring":true, "bytesize":9, "value":"spec_file", "encoding":"US-ASCII", "flags":{"wb_protected":true, "old":true, "marked":true}}
{"address":"0x7fc96c861720", "type":"STRING", "class":"0x7fc96c801668", "embedded":true, "bytesize":2, "value":"~>", "encoding":"UTF-8", "flags":{"wb_protected":true, "old":true, "marked":true}}
{"address":"0x7fc96c861748", "type":"STRING", "class":"0x7fc96c801668", "frozen":true, "embedded":true, "fstring":true, "bytesize":10, "value":"@workspace", "encoding":"US-ASCII", "flags":{"wb_protected":true, "old":true, "marked":true}}
{"address":"0x7fc96c861838", "type":"ARRAY", "class":"0x7fc96c84a048", "length":1, "embedded":true, "references":["0x7fc96c861518"], "flags":{"wb_protected":true, "old":true, "marked":true}}
{"address":"0x7fc96c8618b0", "type":"OBJECT", "class":"0x7fc96c8c2688", "ivars":3, "references":["0x7fc96c861838"], "flags":{"wb_protected":true, "old":true, "marked":true}}
{"address":"0x7fc96c861900", "type":"OBJECT", "class":"0x7fc96d077ae0", "ivars":5, "references":["0x7fc96c861a18", "0x7fc96c8618b0", "0x7fc96c8618b0"], "memsize":40, "flags":{"wb_protected":true, "old":true, "marked":true}}
{"address":"0x7fc96c861a18", "type":"STRING", "class":"0x7fc96c801668", "embedded":true, "bytesize":4, "value":"rake", "encoding":"UTF-8", "flags":{"wb_protected":true, "old":true, "marked":true}}
{"address":"0x7fc96c861a40", "type":"ARRAY", "class":"0x7fc96c84a048", "length":2, "embedded":true, "references":["0x7fc96c861c98", "0x7fc96c861c20"], "flags":{"wb_protected":true, "old":true, "marked":true}}
{"address":"0x7fc96c861a68", "type":"STRING", "class":"0x7fc96c801668", "embedded":true, "bytesize":3, "value":"1.2", "encoding":"UTF-8", "flags":{"wb_protected":true, "old":true, "marked":true}}
{"address":"0x7fc96c861b30", "type":"STRING", "class":"0x7fc96c801668", "frozen":true, "embedded":true, "fstring":true, "bytesize":4, "value":"@irb", "encoding":"US-ASCII", "flags":{"wb_protected":true, "old":true, "marked":true}}
{"address":"0x7fc96c861b58", "type":"STRING", "class":"0x7fc96c801668", "frozen":true, "embedded":true, "fstring":true, "bytesize":8, "value":"spec_dir", "encoding":"US-ASCII", "flags":{"wb_protected":true, "old":true, "marked":true}}
{"address":"0x7fc96c861c20", "type":"OBJECT", "class":"0x7fc96d040a68", "ivars":3, "references":["0x7fc96c861a68"], "flags":{"wb_protected":true, "old":true, "marked":true}}
{"address":"0x7fc96c861c98", "type":"STRING", "class":"0x7fc96c801668", "embedded":true, "bytesize":2, "value":"~>", "encoding":"UTF-8", "flags":{"wb_protected":true, "old":true, "marked":true}}
{"address":"0x7fc96c861d88", "type":"ARRAY", "class":"0x7fc96c84a048", "length":1, "embedded":true, "references":["0x7fc96c861a40"], "flags":{"wb_protected":true, "old":true, "marked":true}}
{"address":"0x7fc96c861e00", "type":"STRING", "class":"0x7fc96c801668", "frozen":true, "embedded":true, "fstring":true, "bytesize":9, "value":"Installed", "encoding":"US-ASCII", "flags":{"wb_protected":true, "old":true, "marked":true}}
{"address":"0x7fc96c861e28", "type":"OBJECT", "class":"0x7fc96c8c2688", "ivars":3, "references":["0x7fc96c861d88"], "flags":{"wb_protected":true, "old":true, "marked":true}}
{"address":"0x7fc96c861e78", "type":"OBJECT", "class":"0x7fc96d077ae0", "ivars":5, "references":["0x7fc96c861fb8", "0x7fc96c861e28", "0x7fc96c861e28"], "memsize":40, "flags":{"wb_protected":true, "old":true, "marked":true}}
{"address":"0x7fc96c861ec8", "type":"STRING", "class":"0x7fc96c801668", "frozen":true, "embedded":true, "fstring":true, "bytesize":14, "value":"reserve_quoted", "encoding":"US-ASCII", "flags":{"wb_protected":true, "old":true, "marked":true}}
{"address":"0x7fc96c861fb8", "type":"STRING", "class":"0x7fc96c801668", "embedded":true, "bytesize":10, "value":"hoe-travis", "encoding":"UTF-8", "flags":{"wb_protected":true, "old":true, "marked":true}}
{"address":"0x7fc96c861fe0", "type":"ARRAY", "class":"0x7fc96c84a048", "length":2, "embedded":true, "references":["0x7fc96c862238", "0x7fc96c8621e8"], "flags":{"wb_protected":true, "old":true, "marked":true}}
{"address":"0x7fc96c862008", "type":"STRING", "class":"0x7fc96c801668", "frozen":true, "embedded":true, "fstring":true, "bytesize":13, "value":"reserve_state", "encoding":"US-ASCII", "flags":{"wb_protected":true, "old":true, "marked":true}}
{"address":"0x7fc96c862030", "type":"STRING", "class":"0x7fc96c801668", "embedded":true, "bytesize":3, "value":"1.0", "encoding":"UTF-8", "flags":{"wb_protected":true, "old":true, "marked":true}}
{"address":"0x7fc96c8620a8", "type":"STRING", "class":"0x7fc96c801668", "frozen":true, "embedded":true, "fstring":true, "bytesize":11, "value":"^(:[^:.]*)$", "encoding":"US-ASCII", "flags":{"wb_protected":true, "old":true, "marked":true}}
{"address":"0x7fc96c8620d0", "type":"STRING", "class":"0x7fc96c801668", "frozen":true, "embedded":true, "fstring":true, "bytesize":20, "value":"reserve_indent_stack", "encoding":"US-ASCII", "flags":{"wb_protected":true, "old":true, "marked":true}}
{"address":"0x7fc96c862148", "type":"REGEXP", "class":"0x7fc96c8491e8", "references":["0x7fc96c8620a8"], "memsize":553, "flags":{"wb_protected":true, "old":true, "marked":true}}
{"address":"0x7fc96c862198", "type":"STRING", "class":"0x7fc96c801668", "frozen":true, "embedded":true, "fstring":true, "bytesize":14, "value":"reserve_indent", "encoding":"US-ASCII", "flags":{"wb_protected":true, "old":true, "marked":true}}
{"address":"0x7fc96c8621e8", "type":"OBJECT", "class":"0x7fc96d040a68", "ivars":3, "references":["0x7fc96c862030"], "flags":{"wb_protected":true, "old":true, "marked":true}}
{"address":"0x7fc96c862238", "type":"STRING", "class":"0x7fc96c801668", "embedded":true, "bytesize":2, "value":"~>", "encoding":"UTF-8", "flags":{"wb_protected":true, "old":true, "marked":true}}
{"address":"0x7fc96c862260", "type":"STRING", "class":"0x7fc96c801668", "frozen":true, "embedded":true, "fstring":true, "bytesize":13, "value":"reserve_ltype", "encoding":"US-ASCII", "flags":{"wb_protected":true, "old":true, "marked":true}}
{"address":"0x7fc96c862350", "type":"STRING", "class":"0x7fc96c801668", "frozen":true, "embedded":true, "fstring":true, "bytesize":16, "value":"reserve_continue", "encoding":"US-ASCII", "flags":{"wb_protected":true, "old":true, "marked":true}}
{"address":"0x7fc96c862378", "type":"STRING", "class":"0x7fc96c801668", "frozen":true, "embedded":true, "fstring":true, "bytesize":3, "value":"src", "encoding":"US-ASCII", "flags":{"wb_protected":true, "old":true, "marked":true}}
{"address":"0x7fc96c8623a0", "type":"ARRAY", "class":"0x7fc96c84a048", "length":1, "embedded":true, "references":["0x7fc96c861fe0"], "flags":{"wb_protected":true, "old":true, "marked":true}}
{"address":"0x7fc96c862418", "type":"OBJECT", "class":"0x7fc96c8c2688", "ivars":3, "references":["0x7fc96c8623a0"], "flags":{"wb_protected":true, "old":true, "marked":true}}
{"address":"0x7fc96c862490", "type":"OBJECT", "class":"0x7fc96d077ae0", "ivars":5, "references":["0x7fc96c8625a8", "0x7fc96c862418", "0x7fc96c862418"], "memsize":40, "flags":{"wb_protected":true, "old":true, "marked":true}}
{"address":"0x7fc96c8625a8", "type":"STRING", "class":"0x7fc96c801668", "embedded":true, "bytesize":12, "value":"hoe-rubygems", "encoding":"UTF-8", "flags":{"wb_protected":true, "old":true, "marked":true}}
{"address":"0x7fc96c8625d0", "type":"ARRAY", "class":"0x7fc96c84a048", "length":2, "embedded":true, "references":["0x7fc96c8627d8", "0x7fc96c862788"], "flags":{"wb_protected":true, "old":true, "marked":true}}
{"address":"0x7fc96c8625f8", "type":"STRING", "class":"0x7fc96c801668", "embedded":true, "bytesize":3, "value":"1.5", "encoding":"UTF-8", "flags":{"wb_protected":true, "old":true, "marked":true}}
{"address":"0x7fc96c862710", "type":"STRING", "class":"0x7fc96c801668", "frozen":true, "embedded":true, "fstring":true, "bytesize":13, "value":"satisfied_by?", "encoding":"US-ASCII", "flags":{"wb_protected":true, "old":true, "marked":true}}
{"address":"0x7fc96c862788", "type":"OBJECT", "class":"0x7fc96d040a68", "ivars":3, "references":["0x7fc96c8625f8"], "flags":{"wb_protected":true, "old":true, "marked":true}}
{"address":"0x7fc96c8627d8", "type":"STRING", "class":"0x7fc96c801668", "embedded":true, "bytesize":2, "value":"~>", "encoding":"UTF-8", "flags":{"wb_protected":true, "old":true, "marked":true}}
{"address":"0x7fc96c8628c8", "type":"ARRAY", "class":"0x7fc96c84a048", "length":1, "embedded":true, "references":["0x7fc96c8625d0"], "flags":{"wb_protected":true, "old":true, "marked":true}}
{"address":"0x7fc96c862940", "type":"OBJECT", "class":"0x7fc96c8c2688", "ivars":3, "references":["0x7fc96c8628c8"], "flags":{"wb_protected":true, "old":true, "marked":true}}
{"address":"0x7fc96c862990", "type":"OBJECT", "class":"0x7fc96d077ae0", "ivars":5, "references":["0x7fc96c862ad0", "0x7fc96c862940", "0x7fc96c862940"], "memsize":40, "flags":{"wb_protected":true, "old":true, "marked":true}}
{"address":"0x7fc96c862a08", "type":"STRING", "class":"0x7fc96c801668", "embedded":true, "bytesize":13, "value":"irb/inspector", "encoding":"UTF-8", "flags":{"wb_protected":true, "old":true, "marked":true}}
{"address":"0x7fc96c862ad0", "type":"STRING", "class":"0x7fc96c801668", "embedded":true, "bytesize":7, "value":"hoe-git", "encoding":"UTF-8", "flags":{"wb_protected":true, "old":true, "marked":true}}
{"address":"0x7fc96c862af8", "type":"ARRAY", "class":"0x7fc96c84a048", "length":2, "embedded":true, "references":["0x7fc96c862cd8", "0x7fc96c862c88"], "flags":{"wb_protected":true, "old":true, "marked":true}}
{"address":"0x7fc96c862b20", "type":"STRING", "class":"0x7fc96c801668", "embedded":true, "bytesize":3, "value":"1.1", "encoding":"UTF-8", "flags":{"wb_protected":true, "old":true, "marked":true}}
{"address":"0x7fc96c862c88", "type":"OBJECT", "class":"0x7fc96d040a68", "ivars":3, "references":["0x7fc96c862b20"], "flags":{"wb_protected":true, "old":true, "marked":true}}
{"address":"0x7fc96c862cd8", "type":"STRING", "class":"0x7fc96c801668", "embedded":true, "bytesize":2, "value":"~>", "encoding":"UTF-8", "flags":{"wb_protected":true, "old":true, "marked":true}}
{"address":"0x7fc96c862d00", "type":"STRING", "class":"0x7fc96c801668", "frozen":true, "embedded":true, "fstring":true, "bytesize":11, "value":"search_file", "encoding":"US-ASCII", "flags":{"wb_protected":true, "old":true, "marked":true}}
{"address":"0x7fc96c862df0", "type":"ARRAY", "class":"0x7fc96c84a048", "length":1, "embedded":true, "references":["0x7fc96c862af8"], "flags":{"wb_protected":true, "old":true, "marked":true}}
{"address":"0x7fc96c862e18", "type":"STRING", "class":"0x7fc96c801668", "frozen":true, "embedded":true, "fstring":true, "bytesize":21, "value":"^([^\\}]*\\})\\.([^.]*)$", "encoding":"US-ASCII", "flags":{"wb_protected":true, "old":true, "marked":true}}
{"address":"0x7fc96c862e68", "type":"OBJECT", "class":"0x7fc96c8c2688", "ivars":3, "references":["0x7fc96c862df0"], "flags":{"wb_protected":true, "old":true, "marked":true}}
{"address":"0x7fc96c862eb8", "type":"OBJECT", "class":"0x7fc96d077ae0", "ivars":5, "references":["0x7fc96c863048", "0x7fc96c862e68", "0x7fc96c862e68"], "memsize":40, "flags":{"wb_protected":true, "old":true, "marked":true}}
{"address":"0x7fc96c862ee0", "type":"REGEXP", "class":"0x7fc96c8491e8", "references":["0x7fc96c862e18"], "memsize":634, "flags":{"wb_protected":true, "old":true, "marked":true}}
{"address":"0x7fc96c862f08", "type":"STRING", "class":"0x7fc96c801668", "frozen":true, "embedded":true, "fstring":true, "bytesize":10, "value":"[imxoesun]", "encoding":"US-ASCII", "flags":{"wb_protected":true, "old":true, "marked":true}}
{"address":"0x7fc96c862f80", "type":"REGEXP", "class":"0x7fc96c8491e8", "references":["0x7fc96c862f08"], "memsize":504, "flags":{"wb_protected":true, "old":true, "marked":true}}
{"address":"0x7fc96c862fa8", "type":"STRING", "class":"0x7fc96c801668", "embedded":true, "bytesize":13, "value":"irb/workspace", "encoding":"UTF-8", "flags":{"wb_protected":true, "old":true, "marked":true}}
{"address":"0x7fc96c863048", "type":"STRING", "class":"0x7fc96c801668", "embedded":true, "bytesize":12, "value":"hoe-gemspec2", "encoding":"UTF-8", "flags":{"wb_protected":true, "old":true, "marked":true}}
{"address":"0x7fc96c863070", "type":"ARRAY", "class":"0x7fc96c84a048", "length":2, "embedded":true, "references":["0x7fc96c863250", "0x7fc96c863200"], "flags":{"wb_protected":true, "old":true, "marked":true}}
{"address":"0x7fc96c863098", "type":"STRING", "class":"0x7fc96c801668", "embedded":true, "bytesize":3, "value":"1.0", "encoding":"UTF-8", "flags":{"wb_protected":true, "old":true, "marked":true}}
{"address":"0x7fc96c863200", "type":"OBJECT", "class":"0x7fc96d040a68", "ivars":3, "references":["0x7fc96c863098"], "flags":{"wb_protected":true, "old":true, "marked":true}}
{"address":"0x7fc96c863250", "type":"STRING", "class":"0x7fc96c801668", "embedded":true, "bytesize":2, "value":"~>", "encoding":"UTF-8", "flags":{"wb_protected":true, "old":true, "marked":true}}
{"address":"0x7fc96c8632a0", "type":"STRING", "class":"0x7fc96c801668", "frozen":true, "embedded":true, "fstring":true, "bytesize":9, "value":"full_path", "encoding":"US-ASCII", "flags":{"wb_protected":true, "old":true, "marked":true}}
{"address":"0x7fc96c863368", "type":"ARRAY", "class":"0x7fc96c84a048", "length":1, "embedded":true, "references":["0x7fc96c863070"], "flags":{"wb_protected":true, "old":true, "marked":true}}
{"address":"0x7fc96c8633e0", "type":"OBJECT", "class":"0x7fc96c8c2688", "ivars":3, "references":["0x7fc96c863368"], "flags":{"wb_protected":true, "old":true, "marked":true}}
{"address":"0x7fc96c863430", "type":"OBJECT", "class":"0x7fc96d077ae0", "ivars":5, "references":["0x7fc96c863598", "0x7fc96c8633e0", "0x7fc96c8633e0"], "memsize":40, "flags":{"wb_protected":true, "old":true, "marked":true}}
{"address":"0x7fc96c863520", "type":"STRING", "class":"0x7fc96c801668", "embedded":true, "bytesize":2, "value":"#\n", "encoding":"UTF-8", "flags":{"wb_protected":true, "old":true, "marked":true}}
{"address":"0x7fc96c863548", "type":"STRING", "class":"0x7fc96c801668", "embedded":true, "bytesize":1, "value":"-", "flags":{"wb_protected":true, "old":true, "marked":true}}
{"address":"0x7fc96c863598", "type":"STRING", "class":"0x7fc96c801668", "embedded":true, "bytesize":10, "value":"hoe-doofus", "encoding":"UTF-8", "flags":{"wb_protected":true, "old":true, "marked":true}}
{"address":"0x7fc96c8635c0", "type":"ARRAY", "class":"0x7fc96c84a048", "length":2, "embedded":true, "references":["0x7fc96c863818", "0x7fc96c8637c8"], "flags":{"wb_protected":true, "old":true, "marked":true}}
{"address":"0x7fc96c8635e8", "type":"STRING", "class":"0x7fc96c801668", "frozen":true, "bytesize":58, "value":"/usr/local/Cellar/ruby/2.1.1/lib/ruby/2.1.0/irb/context.rb", "memsize":59, "flags":{"wb_protected":true, "old":true, "marked":true}}
{"address":"0x7fc96c863610", "type":"STRING", "class":"0x7fc96c801668", "embedded":true, "bytesize":3, "value":"1.2", "encoding":"UTF-8", "flags":{"wb_protected":true, "old":true, "marked":true}}
{"address":"0x7fc96c8636d8", "type":"STRING", "class":"0x7fc96c801668", "shared":true, "encoding":"UTF-8", "references":["0x7fc96c863b88"], "flags":{"wb_protected":true, "old":true, "marked":true}}
{"address":"0x7fc96c8637c8", "type":"OBJECT", "class":"0x7fc96d040a68", "ivars":3, "references":["0x7fc96c863610"], "flags":{"wb_protected":true, "old":true, "marked":true}}
{"address":"0x7fc96c863818", "type":"STRING", "class":"0x7fc96c801668", "embedded":true, "bytesize":2, "value":"~>", "encoding":"UTF-8", "flags":{"wb_protected":true, "old":true, "marked":true}}
{"address":"0x7fc96c863840", "type":"STRING", "class":"0x7fc96c801668", "frozen":true, "embedded":true, "fstring":true, "bytesize":19, "value":"each_localized_path", "encoding":"US-ASCII", "flags":{"wb_protected":true, "old":true, "marked":true}}
{"address":"0x7fc96c8638b8", "type":"STRING", "class":"0x7fc96c801668", "frozen":true, "embedded":true, "fstring":true, "bytesize":21, "value":"^([^\\]]*\\])\\.([^.]*)$", "encoding":"US-ASCII", "flags":{"wb_protected":true, "old":true, "marked":true}}
{"address":"0x7fc96c863930", "type":"ARRAY", "class":"0x7fc96c84a048", "length":1, "embedded":true, "references":["0x7fc96c8635c0"], "flags":{"wb_protected":true, "old":true, "marked":true}}
{"address":"0x7fc96c863958", "type":"REGEXP", "class":"0x7fc96c8491e8", "references":["0x7fc96c8638b8"], "memsize":634, "flags":{"wb_protected":true, "old":true, "marked":true}}
{"address":"0x7fc96c8639a8", "type":"OBJECT", "class":"0x7fc96c8c2688", "ivars":3, "references":["0x7fc96c863930"], "flags":{"wb_protected":true, "old":true, "marked":true}}
{"address":"0x7fc96c8639f8", "type":"OBJECT", "class":"0x7fc96d077ae0", "ivars":5, "references":["0x7fc96c863b10", "0x7fc96c8639a8", "0x7fc96c8639a8"], "memsize":40, "flags":{"wb_protected":true, "old":true, "marked":true}}
{"address":"0x7fc96c863b10", "type":"STRING", "class":"0x7fc96c801668", "embedded":true, "bytesize":11, "value":"hoe-bundler", "encoding":"UTF-8", "flags":{"wb_protected":true, "old":true, "marked":true}}
{"address":"0x7fc96c863b60", "type":"ARRAY", "class":"0x7fc96c84a048", "length":2, "embedded":true, "references":["0x7fc96c863d68", "0x7fc96c863d18"], "flags":{"wb_protected":true, "old":true, "marked":true}}
{"address":"0x7fc96c863b88", "type":"STRING", "class":"0x7fc96c801668", "frozen":true, "fstring":true, "bytesize":58, "capacity":86, "value":"/usr/local/Cellar/ruby/2.1.1/lib/ruby/2.1.0/irb/context.rb", "encoding":"US-ASCII", "memsize":87, "flags":{"wb_protected":true, "old":true, "marked":true}}
{"address":"0x7fc96c863bb0", "type":"STRING", "class":"0x7fc96c801668", "embedded":true, "bytesize":3, "value":"4.0", "encoding":"UTF-8", "flags":{"wb_protected":true, "old":true, "marked":true}}
{"address":"0x7fc96c863d18", "type":"OBJECT", "class":"0x7fc96d040a68", "ivars":3, "references":["0x7fc96c863bb0"], "flags":{"wb_protected":true, "old":true, "marked":true}}
{"address":"0x7fc96c863d68", "type":"STRING", "class":"0x7fc96c801668", "embedded":true, "bytesize":2, "value":"~>", "encoding":"UTF-8", "flags":{"wb_protected":true, "old":true, "marked":true}}
{"address":"0x7fc96c863e58", "type":"ARRAY", "class":"0x7fc96c84a048", "length":1, "embedded":true, "references":["0x7fc96c863b60"], "flags":{"wb_protected":true, "old":true, "marked":true}}
{"address":"0x7fc96c863ed0", "type":"OBJECT", "class":"0x7fc96c8c2688", "ivars":3, "references":["0x7fc96c863e58"], "flags":{"wb_protected":true, "old":true, "marked":true}}
{"address":"0x7fc96c863f20", "type":"OBJECT", "class":"0x7fc96d077ae0", "ivars":5, "references":["0x7fc96c86a280", "0x7fc96c863ed0", "0x7fc96c863ed0"], "memsize":40, "flags":{"wb_protected":true, "old":true, "marked":true}}
{"address":"0x7fc96c868020", "type":"ARRAY", "class":"0x7fc96c84a048", "length":2, "embedded":true, "references":["0x7fc96c868228", "0x7fc96c8681b0"], "flags":{"wb_protected":true, "old":true, "marked":true}}
{"address":"0x7fc96c868048", "type":"STRING", "class":"0x7fc96c801668", "embedded":true, "bytesize":3, "value":"5.0", "encoding":"UTF-8", "flags":{"wb_protected":true, "old":true, "marked":true}}
{"address":"0x7fc96c8681b0", "type":"OBJECT", "class":"0x7fc96d040a68", "ivars":3, "references":["0x7fc96c868048"], "flags":{"wb_protected":true, "old":true, "marked":true}}
{"address":"0x7fc96c868200", "type":"STRING", "class":"0x7fc96c801668", "frozen":true, "embedded":true, "fstring":true, "bytesize":7, "value":"as_list", "encoding":"US-ASCII", "flags":{"wb_protected":true, "old":true, "marked":true}}
{"address":"0x7fc96c868228", "type":"STRING", "class":"0x7fc96c801668", "embedded":true, "bytesize":2, "value":"~>", "encoding":"UTF-8", "flags":{"wb_protected":true, "old":true, "marked":true}}
{"address":"0x7fc96c8682a0", "type":"STRING", "class":"0x7fc96c801668", "frozen":true, "embedded":true, "fstring":true, "bytesize":20, "value":"^(/[^/]*/)\\.([^.]*)$", "encoding":"US-ASCII", "flags":{"wb_protected":true, "old":true, "marked":true}}
{"address":"0x7fc96c868318", "type":"ARRAY", "class":"0x7fc96c84a048", "length":1, "embedded":true, "references":["0x7fc96c868020"], "flags":{"wb_protected":true, "old":true, "marked":true}}
{"address":"0x7fc96c868340", "type":"REGEXP", "class":"0x7fc96c8491e8", "references":["0x7fc96c8682a0"], "memsize":625, "flags":{"wb_protected":true, "old":true, "marked":true}}
{"address":"0x7fc96c868390", "type":"OBJECT", "class":"0x7fc96c8c2688", "ivars":3, "references":["0x7fc96c868318"], "flags":{"wb_protected":true, "old":true, "marked":true}}
{"address":"0x7fc96c8683e0", "type":"OBJECT", "class":"0x7fc96d077ae0", "ivars":5, "references":["0x7fc96c8684f8", "0x7fc96c868390", "0x7fc96c868390"], "memsize":40, "flags":{"wb_protected":true, "old":true, "marked":true}}
{"address":"0x7fc96c8684f8", "type":"STRING", "class":"0x7fc96c801668", "embedded":true, "bytesize":8, "value":"minitest", "encoding":"UTF-8", "flags":{"wb_protected":true, "old":true, "marked":true}}
{"address":"0x7fc96c868520", "type":"ARRAY", "class":"0x7fc96c84a048", "length":2, "embedded":true, "references":["0x7fc96c868700", "0x7fc96c8686b0"], "flags":{"wb_protected":true, "old":true, "marked":true}}
{"address":"0x7fc96c868548", "type":"STRING", "class":"0x7fc96c801668", "embedded":true, "bytesize":5, "value":"2.0.4", "encoding":"UTF-8", "flags":{"wb_protected":true, "old":true, "marked":true}}
{"address":"0x7fc96c868638", "type":"STRING", "class":"0x7fc96c801668", "frozen":true, "embedded":true, "fstring":true, "bytesize":14, "value":"select_message", "encoding":"US-ASCII", "flags":{"wb_protected":true, "old":true, "marked":true}}
{"address":"0x7fc96c8686b0", "type":"OBJECT", "class":"0x7fc96d040a68", "ivars":3, "references":["0x7fc96c868548"], "flags":{"wb_protected":true, "old":true, "marked":true}}
{"address":"0x7fc96c868700", "type":"STRING", "class":"0x7fc96c801668", "embedded":true, "bytesize":2, "value":">=", "encoding":"UTF-8", "flags":{"wb_protected":true, "old":true, "marked":true}}
{"address":"0x7fc96c868840", "type":"ARRAY", "class":"0x7fc96c84a048", "length":1, "embedded":true, "references":["0x7fc96c868520"], "flags":{"wb_protected":true, "old":true, "marked":true}}
{"address":"0x7fc96c8688b8", "type":"OBJECT", "class":"0x7fc96c8c2688", "ivars":3, "references":["0x7fc96c868840"], "flags":{"wb_protected":true, "old":true, "marked":true}}
{"address":"0x7fc96c8688e0", "type":"STRING", "class":"0x7fc96c801668", "frozen":true, "embedded":true, "fstring":true, "bytesize":10, "value":"candidates", "encoding":"US-ASCII", "flags":{"wb_protected":true, "old":true, "marked":true}}
{"address":"0x7fc96c868908", "type":"OBJECT", "class":"0x7fc96d077ae0", "ivars":5, "references":["0x7fc96c868a48", "0x7fc96c8688b8", "0x7fc96c8688b8"], "memsize":40, "flags":{"wb_protected":true, "old":true, "marked":true}}
{"address":"0x7fc96c868a48", "type":"STRING", "class":"0x7fc96c801668", "embedded":true, "bytesize":9, "value":"rubyforge", "encoding":"UTF-8", "flags":{"wb_protected":true, "old":true, "marked":true}}
{"address":"0x7fc96c868bb0", "type":"STRING", "class":"0x7fc96c801668", "frozen":true, "fstring":true, "bytesize":24, "value":"^(([\"'`]).*\\2)\\.([^.]*)$", "encoding":"US-ASCII", "memsize":25, "flags":{"wb_protected":true, "old":true, "marked":true}}
{"address":"0x7fc96c868c28", "type":"REGEXP", "class":"0x7fc96c8491e8", "references":["0x7fc96c868bb0"], "memsize":656, "flags":{"wb_protected":true, "old":true, "marked":true}}
{"address":"0x7fc96c868de0", "type":"STRING", "class":"0x7fc96c801668", "frozen":true, "embedded":true, "fstring":true, "bytesize":4, "value":"nest", "encoding":"US-ASCII", "flags":{"wb_protected":true, "old":true, "marked":true}}
{"address":"0x7fc96c868ed0", "type":"STRING", "class":"0x7fc96c801668", "frozen":true, "embedded":true, "fstring":true, "bytesize":7, "value":"subtype", "encoding":"US-ASCII", "flags":{"wb_protected":true, "old":true, "marked":true}}
{"address":"0x7fc96c869010", "type":"STRING", "class":"0x7fc96c801668", "frozen":true, "embedded":true, "fstring":true, "bytesize":14, "value":"CompletionProc", "encoding":"US-ASCII", "flags":{"wb_protected":true, "old":true, "marked":true}}
{"address":"0x7fc96c8691a0", "type":"STRING", "class":"0x7fc96c801668", "shared":true, "encoding":"US-ASCII", "references":["0x7fc96c8c15f8"], "flags":{"wb_protected":true, "old":true, "marked":true}}
{"address":"0x7fc96c869218", "type":"CLASS", "class":"0x7fc96c802e28", "name":"Class", "references":["0x7fc96c869218", "0x7fc96c869218", "0x7fc96c869218", "0x7fc96c869358", "0x7fc96c849468"], "memsize":672, "flags":{"wb_protected":true, "old":true, "marked":true}}
{"address":"0x7fc96c869308", "type":"ARRAY", "class":"0x7fc96c84a048", "length":1, "embedded":true, "references":["0x7fc96c8c1e90"], "flags":{"wb_protected":true, "old":true, "marked":true}}
{"address":"0x7fc96c869330", "type":"STRING", "class":"0x7fc96c801668", "frozen":true, "embedded":true, "fstring":true, "bytesize":3, "value":"seg", "encoding":"US-ASCII", "flags":{"wb_protected":true, "old":true, "marked":true}}
{"address":"0x7fc96c869358", "type":"CLASS", "class":"0x7fc96c869218", "name":"IRB::DefaultEncodings", "references":["0x7fc96c869358", "0x7fc96c869358", "0x7fc96c869358", "0x7fc96c869358", "0x7fc96c8693f8", "0x7fc96d0499b0", "0x7fc96c849490"], "memsize":672, "flags":{"wb_protected":true, "old":true, "remembered":true, "marked":true}}
{"address":"0x7fc96c869380", "type":"STRING", "class":"0x7fc96c801668", "shared":true, "encoding":"UTF-8", "references":["0x7fc96c8693d0"], "flags":{"wb_protected":true, "old":true, "marked":true}}
{"address":"0x7fc96c8693d0", "type":"STRING", "class":"0x7fc96c801668", "frozen":true, "bytesize":79, "value":"This library allows for the identification of a file's likely MIME content type", "encoding":"UTF-8", "memsize":80, "flags":{"wb_protected":true, "old":true, "marked":true}}
{"address":"0x7fc96c8693f8", "type":"ARRAY", "frozen":true, "length":2, "embedded":true, "flags":{"wb_protected":true, "old":true, "marked":true}}
{"address":"0x7fc96c869448", "type":"OBJECT", "class":"0x7fc96c8c2688", "ivars":3, "references":["0x7fc96c869308"], "flags":{"wb_protected":true, "old":true, "marked":true}}
{"address":"0x7fc96c869470", "type":"STRING", "class":"0x7fc96c801668", "embedded":true, "bytesize":2, "value":"rc", "encoding":"UTF-8", "flags":{"wb_protected":true, "old":true, "marked":true}}
{"address":"0x7fc96c8694c0", "type":"OBJECT", "class":"0x7fc96d077ae0", "ivars":5, "references":["0x7fc96c869bf0", "0x7fc96c869448", "0x7fc96c869448"], "memsize":40, "flags":{"wb_protected":true, "old":true, "marked":true}}
{"address":"0x7fc96c8694e8", "type":"STRING", "class":"0x7fc96c801668", "embedded":true, "bytesize":5, "value":"1.9.0", "encoding":"UTF-8", "flags":{"wb_protected":true, "old":true, "marked":true}}
{"address":"0x7fc96c869538", "type":"STRING", "class":"0x7fc96c801668", "embedded":true, "bytesize":5, "value":"2.0.6", "encoding":"UTF-8", "flags":{"wb_protected":true, "old":true, "marked":true}}
{"address":"0x7fc96c869560", "type":"STRING", "class":"0x7fc96c801668", "embedded":true, "bytesize":10, "value":"mime-types", "encoding":"UTF-8", "flags":{"wb_protected":true, "old":true, "marked":true}}
{"address":"0x7fc96c869588", "type":"ARRAY", "class":"0x7fc96c84a048", "length":1, "embedded":true, "references":["0x7fc96c8695b0"], "flags":{"wb_protected":true, "old":true, "marked":true}}
{"address":"0x7fc96c8695b0", "type":"STRING", "class":"0x7fc96c801668", "embedded":true, "bytesize":3, "value":"lib", "encoding":"UTF-8", "flags":{"wb_protected":true, "old":true, "marked":true}}
{"address":"0x7fc96c8695d8", "type":"ARRAY", "class":"0x7fc96c84a048", "length":2, "embedded":true, "references":["0x7fc96c869678", "0x7fc96c869600"], "flags":{"wb_protected":true, "old":true, "marked":true}}
{"address":"0x7fc96c869600", "type":"STRING", "class":"0x7fc96c801668", "embedded":true, "bytesize":11, "value":"README.rdoc", "encoding":"UTF-8", "flags":{"wb_protected":true, "old":true, "marked":true}}
{"address":"0x7fc96c869628", "type":"CLASS", "class":"0x7fc96c802e00", "name":"Module", "references":["0x7fc96c869628", "0x7fc96d0379e0", "0x7fc96c869628", "0x7fc96d037468", "0x7fc96c869628", "0x7fc96d036310", "0x7fc96c869628", "0x7fc96d035140", "0x7fc96c869628", "0x7fc96c872980", "0x7fc96c869628", "0x7fc96c871508", "0x7fc96c869628", "0x7fc96c870bf8", "0x7fc96c869628", "0x7fc96c86af28", "0x7fc96c869628", "0x7fc96c86a460", "0x7fc96c869628", "0x7fc96d07f970", "0x7fc96c869628", "0x7fc96d04f478", "0x7fc96c869628", "0x7fc96c0662c8", "0x7fc96c869628", "0x7fc96c066228", "0x7fc96c869628", "0x7fc96c0660e8", "0x7fc96c869628", "0x7fc96c066048", "0x7fc96c869628", "0x7fc96c065be8", "0x7fc96c869628", "0x7fc96c0659e0", "0x7fc96c869628", "0x7fc96c065940", "0x7fc96c869628", "0x7fc96d021398", "0x7fc96c8698a8", "0x7fc96d021fa0"], "memsize":1528, "flags":{"wb_protected":true, "old":true, "marked":true}}
{"address":"0x7fc96c869650", "type":"STRING", "class":"0x7fc96c801668", "embedded":true, "bytesize":11, "value":"irb/context", "encoding":"UTF-8", "flags":{"wb_protected":true, "old":true, "marked":true}}
{"address":"0x7fc96c869678", "type":"STRING", "class":"0x7fc96c801668", "embedded":true, "bytesize":6, "value":"--main", "encoding":"UTF-8", "flags":{"wb_protected":true, "old":true, "marked":true}}
{"address":"0x7fc96c8696a0", "type":"ARRAY", "class":"0x7fc96c84a048", "length":3, "embedded":true, "references":["0x7fc96c869718", "0x7fc96c8696f0", "0x7fc96c8696c8"], "flags":{"wb_protected":true, "old":true, "marked":true}}
{"address":"0x7fc96c8696c8", "type":"STRING", "class":"0x7fc96c801668", "embedded":true, "bytesize":5, "value":"GPL-2", "encoding":"UTF-8", "flags":{"wb_protected":true, "old":true, "marked":true}}
{"address":"0x7fc96c8696f0", "type":"STRING", "class":"0x7fc96c801668", "embedded":true, "bytesize":12, "value":"Artistic 2.0", "encoding":"UTF-8", "flags":{"wb_protected":true, "old":true, "marked":true}}
{"address":"0x7fc96c869718", "type":"STRING", "class":"0x7fc96c801668", "embedded":true, "bytesize":3, "value":"MIT", "encoding":"UTF-8", "flags":{"wb_protected":true, "old":true, "marked":true}}
{"address":"0x7fc96c869740", "type":"STRING", "class":"0x7fc96c801668", "shared":true, "encoding":"UTF-8", "references":["0x7fc96c86b860"], "flags":{"wb_protected":true, "old":true, "marked":true}}
{"address":"0x7fc96c869768", "type":"ARRAY", "class":"0x7fc96c84a048", "length":7, "references":["0x7fc96c869880", "0x7fc96c869858", "0x7fc96c869830", "0x7fc96c869808", "0x7fc96c8697e0", "0x7fc96c8697b8", "0x7fc96c869790"], "memsize":56, "flags":{"wb_protected":true, "old":true, "marked":true}}
{"address":"0x7fc96c869790", "type":"STRING", "class":"0x7fc96c801668", "embedded":true, "bytesize":17, "value":"docs/artistic.txt", "encoding":"UTF-8", "flags":{"wb_protected":true, "old":true, "marked":true}}
{"address":"0x7fc96c8697b8", "type":"STRING", "class":"0x7fc96c801668", "embedded":true, "bytesize":16, "value":"docs/COPYING.txt", "encoding":"UTF-8", "flags":{"wb_protected":true, "old":true, "marked":true}}
{"address":"0x7fc96c8697e0", "type":"STRING", "class":"0x7fc96c801668", "embedded":true, "bytesize":11, "value":"README.rdoc", "encoding":"UTF-8", "flags":{"wb_protected":true, "old":true, "marked":true}}
{"address":"0x7fc96c869808", "type":"STRING", "class":"0x7fc96c801668", "embedded":true, "bytesize":12, "value":"Manifest.txt", "encoding":"UTF-8", "flags":{"wb_protected":true, "old":true, "marked":true}}
{"address":"0x7fc96c869830", "type":"STRING", "class":"0x7fc96c801668", "embedded":true, "bytesize":12, "value":"Licence.rdoc", "encoding":"UTF-8", "flags":{"wb_protected":true, "old":true, "marked":true}}
{"address":"0x7fc96c869858", "type":"STRING", "class":"0x7fc96c801668", "embedded":true, "bytesize":12, "value":"History.rdoc", "encoding":"UTF-8", "flags":{"wb_protected":true, "old":true, "marked":true}}
{"address":"0x7fc96c869880", "type":"STRING", "class":"0x7fc96c801668", "embedded":true, "bytesize":17, "value":"Contributing.rdoc", "encoding":"UTF-8", "flags":{"wb_protected":true, "old":true, "marked":true}}
{"address":"0x7fc96c8698a8", "type":"MODULE", "class":"0x7fc96c869628", "name":"IRB", "references":["0x7fc96c8698a8", "0x7fc96d021500", "0x7fc96c8698a8", "0x7fc96d021500", "0x7fc96c8c3010", "0x7fc96c03fec0", "0x7fc96c03fdf8", "0x7fc96c8694e8", "0x7fc96d831b00", "0x7fc96c869470", "0x7fc96d831b00", "0x7fc96c869358", "0x7fc96d831b00", "0x7fc96d07f7e0", "0x7fc96c8f04e8", "0x7fc96d04d150", "0x7fc96d07e908", "0x7fc96d04c048", "0x7fc96c863b88", "0x7fc96c8c75e8", "0x7fc96d04a090", "0x7fc96d8319e8", "0x7fc96d04a090", "0x7fc96d815220", "0x7fc96d04a090", "0x7fc96c901068", "0x7fc96c80a150", "0x7fc96c9000c8", "0x7fc96c80a150", "0x7fc96c8fbb90", "0x7fc96c81b6d0", "0x7fc96c8f9bd8", "0x7fc96c037798", "0x7fc96d02ae98", "0x7fc96d05c498", "0x7fc96d02a560", "0x7fc96d06e698", "0x7fc96d02a4e8", "0x7fc96d06e698", "0x7fc96d02a038", "0x7fc96d06e698", "0x7fc96d029d90", "0x7fc96d06e698", "0x7fc96d028260", "0x7fc96d06e698", "0x7fc96c0451e0", "0x7fc96d023aa8", "0x7fc96c03fe98", "0x7fc96c8c1f58", "0x7fc96c03fda8", "0x7fc96c8c1f58", "0x7fc96d021280", "0x7fc96d865c48", "0x7fc96d021168", "0x7fc96d865c48", "0x7fc96d0210a0", "0x7fc96d865c48", "0x7fc96d020f38", "0x7fc96d865c48", "0x7fc96d020e70", "0x7fc96d865c48", "0x7fc96d020d58", "0x7fc96d865c48", "0x7fc96d020c90", "0x7fc96d865c48", "0x7fc96d0208f8", "0x7fc96d865c48", "0x7fc96d0207e0", "0x7fc96d865c48", "0x7fc96d0206c8", "0x7fc96d865c48", "0x7fc96d0205d8", "0x7fc96d865c48", "0x7fc96c022f28", "0x7fc96c870720"], "memsize":2440, "flags":{"wb_protected":true, "old":true, "marked":true}}
{"address":"0x7fc96c8698d0", "type":"ARRAY", "class":"0x7fc96c84a048", "length":7, "references":["0x7fc96c869a10", "0x7fc96c8699e8", "0x7fc96c8699c0", "0x7fc96c869970", "0x7fc96c869948", "0x7fc96c869920", "0x7fc96c8698f8"], "memsize":56, "flags":{"wb_protected":true, "old":true, "marked":true}}
{"address":"0x7fc96c8698f8", "type":"STRING", "class":"0x7fc96c801668", "embedded":true, "bytesize":17, "value":"docs/artistic.txt", "encoding":"UTF-8", "flags":{"wb_protected":true, "old":true, "marked":true}}
{"address":"0x7fc96c869920", "type":"STRING", "class":"0x7fc96c801668", "embedded":true, "bytesize":16, "value":"docs/COPYING.txt", "encoding":"UTF-8", "flags":{"wb_protected":true, "old":true, "marked":true}}
{"address":"0x7fc96c869948", "type":"STRING", "class":"0x7fc96c801668", "embedded":true, "bytesize":11, "value":"README.rdoc", "encoding":"UTF-8", "flags":{"wb_protected":true, "old":true, "marked":true}}
{"address":"0x7fc96c869970", "type":"STRING", "class":"0x7fc96c801668", "embedded":true, "bytesize":12, "value":"Manifest.txt", "encoding":"UTF-8", "flags":{"wb_protected":true, "old":true, "marked":true}}
{"address":"0x7fc96c869998", "type":"STRING", "class":"0x7fc96c801668", "frozen":true, "embedded":true, "fstring":true, "bytesize":9, "value":"real_load", "encoding":"US-ASCII", "flags":{"wb_protected":true, "old":true, "marked":true}}
{"address":"0x7fc96c8699c0", "type":"STRING", "class":"0x7fc96c801668", "embedded":true, "bytesize":12, "value":"Licence.rdoc", "encoding":"UTF-8", "flags":{"wb_protected":true, "old":true, "marked":true}}
{"address":"0x7fc96c8699e8", "type":"STRING", "class":"0x7fc96c801668", "embedded":true, "bytesize":12, "value":"History.rdoc", "encoding":"UTF-8", "flags":{"wb_protected":true, "old":true, "marked":true}}
{"address":"0x7fc96c869a10", "type":"STRING", "class":"0x7fc96c801668", "embedded":true, "bytesize":17, "value":"Contributing.rdoc", "encoding":"UTF-8", "flags":{"wb_protected":true, "old":true, "marked":true}}
{"address":"0x7fc96c869a38", "type":"ARRAY", "class":"0x7fc96c84a048", "length":1, "embedded":true, "references":["0x7fc96c869a60"], "flags":{"wb_protected":true, "old":true, "marked":true}}
{"address":"0x7fc96c869a60", "type":"STRING", "class":"0x7fc96c801668", "embedded":true, "bytesize":20, "value":"austin@rubyforge.org", "encoding":"UTF-8", "flags":{"wb_protected":true, "old":true, "marked":true}}
{"address":"0x7fc96c869a88", "type":"STRING", "class":"0x7fc96c801668", "shared":true, "encoding":"UTF-8", "references":["0x7fc96c86b9f0"], "flags":{"wb_protected":true, "old":true, "marked":true}}
{"address":"0x7fc96c869ad8", "type":"DATA", "class":"0x7fc96c841150", "struct":"time", "memsize":88, "flags":{"remembered":true}}
{"address":"0x7fc96c869b78", "type":"STRING", "class":"0x7fc96c801668", "frozen":true, "embedded":true, "fstring":true, "bytesize":3, "value":"obj", "encoding":"US-ASCII", "flags":{"wb_protected":true, "old":true, "marked":true}}
{"address":"0x7fc96c869ba0", "type":"STRING", "class":"0x7fc96c801668", "frozen":true, "embedded":true, "fstring":true, "bytesize":9, "value":"ruby_code", "encoding":"US-ASCII", "flags":{"wb_protected":true, "old":true, "marked":true}}
{"address":"0x7fc96c869bf0", "type":"STRING", "class":"0x7fc96c801668", "embedded":true, "bytesize":9, "value":"coveralls", "encoding":"UTF-8", "flags":{"wb_protected":true, "old":true, "marked":true}}
{"address":"0x7fc96c869c90", "type":"DATA", "class":"0x7fc96c833488", "struct":"iseq", "references":["0x7fc96c869ce0", "0x7fc96c843c70", "0x7fc96d831b00", "0x7fc96d831b00", "0x7fc96c86a410"], "memsize":800, "flags":{"wb_protected":true, "old":true, "marked":true}}
{"address":"0x7fc96c869cb8", "type":"ARRAY", "class":"0x7fc96c84a048", "length":1, "embedded":true, "references":["0x7fc96c869d08"], "flags":{"wb_protected":true, "old":true, "marked":true}}
{"address":"0x7fc96c869ce0", "type":"STRING", "class":"0x7fc96c801668", "frozen":true, "fstring":true, "bytesize":21, "capacity":120, "value":"block in set_encoding", "memsize":121, "flags":{"wb_protected":true, "old":true, "marked":true}}
{"address":"0x7fc96c869d08", "type":"STRING", "class":"0x7fc96c801668", "shared":true, "encoding":"UTF-8", "references":["0x7fc96c86ba40"], "flags":{"wb_protected":true, "old":true, "marked":true}}
{"address":"0x7fc96c869d80", "type":"STRING", "class":"0x7fc96c801668", "frozen":true, "embedded":true, "fstring":true, "bytesize":4, "value":"[+-]", "encoding":"US-ASCII", "flags":{"wb_protected":true, "old":true, "marked":true}}
{"address":"0x7fc96c869da8", "type":"STRING", "class":"0x7fc96c801668", "frozen":true, "embedded":true, "fstring":true, "bytesize":5, "value":"found", "encoding":"US-ASCII", "flags":{"wb_protected":true, "old":true, "marked":true}}
{"address":"0x7fc96c869dd0", "type":"ARRAY", "class":"0x7fc96c84a048", "length":1, "embedded":true, "references":["0x7fc96c869e98"], "flags":{"wb_protected":true, "old":true, "marked":true}}
{"address":"0x7fc96c869df8", "type":"REGEXP", "class":"0x7fc96c8491e8", "references":["0x7fc96c869d80"], "memsize":528, "flags":{"wb_protected":true, "old":true, "marked":true}}
{"address":"0x7fc96c869e70", "type":"ARRAY", "class":"0x7fc96c84a048", "length":1, "embedded":true, "references":["0x7fc96c8c1e90"], "flags":{"wb_protected":true, "old":true, "marked":true}}
{"address":"0x7fc96c869e98", "type":"STRING", "class":"0x7fc96c801668", "embedded":true, "bytesize":14, "value":"Austin Ziegler", "encoding":"UTF-8", "flags":{"wb_protected":true, "old":true, "marked":true}}
{"address":"0x7fc96c869f10", "type":"ARRAY", "length":3, "embedded":true, "references":["0x7fc96c86a118", "0x7fc96c869c90", "0x7fc96c86a118"], "flags":{"wb_protected":true, "old":true, "marked":true}}
{"address":"0x7fc96c869f38", "type":"OBJECT", "class":"0x7fc96c8c2688", "ivars":3, "references":["0x7fc96c869e70"], "flags":{"wb_protected":true, "old":true, "marked":true}}
{"address":"0x7fc96c869f88", "type":"OBJECT", "class":"0x7fc96d077ae0", "ivars":5, "references":["0x7fc96c86a190", "0x7fc96c869f38", "0x7fc96c869f38"], "memsize":40, "flags":{"wb_protected":true, "old":true, "marked":true}}
{"address":"0x7fc96c86a000", "type":"ARRAY", "class":"0x7fc96c84a048", "length":1, "embedded":true, "references":["0x7fc96c8c1e90"], "flags":{"wb_protected":true, "old":true, "marked":true}}
{"address":"0x7fc96c86a078", "type":"OBJECT", "class":"0x7fc96c8c2688", "ivars":3, "references":["0x7fc96c86a000"], "flags":{"wb_protected":true, "old":true, "marked":true}}
{"address":"0x7fc96c86a0a0", "type":"STRING", "class":"0x7fc96c801668", "frozen":true, "embedded":true, "fstring":true, "bytesize":6, "value":"ri_dir", "encoding":"US-ASCII", "flags":{"wb_protected":true, "old":true, "marked":true}}
{"address":"0x7fc96c86a118", "type":"DATA", "class":"0x7fc96c833488", "struct":"iseq", "references":["0x7fc96c86a140", "0x7fc96c843c70", "0x7fc96d831b00", "0x7fc96d831b00", "0x7fc96c86a410"], "memsize":496, "flags":{"wb_protected":true, "old":true, "marked":true}}
{"address":"0x7fc96c86a140", "type":"STRING", "class":"0x7fc96c801668", "frozen":true, "embedded":true, "fstring":true, "bytesize":22, "value":"ensure in set_encoding", "flags":{"wb_protected":true, "old":true, "marked":true}}
{"address":"0x7fc96c86a168", "type":"STRING", "class":"0x7fc96c801668", "embedded":true, "bytesize":4, "value":"1.25", "encoding":"UTF-8", "flags":{"wb_protected":true, "old":true, "marked":true}}
{"address":"0x7fc96c86a190", "type":"STRING", "class":"0x7fc96c801668", "embedded":true, "bytesize":4, "value":"yard", "encoding":"UTF-8", "flags":{"wb_protected":true, "old":true, "marked":true}}
{"address":"0x7fc96c86a280", "type":"STRING", "class":"0x7fc96c801668", "embedded":true, "bytesize":4, "value":"rdoc", "encoding":"UTF-8", "flags":{"wb_protected":true, "old":true, "marked":true}}
{"address":"0x7fc96c86a2f8", "type":"OBJECT", "class":"0x7fc96d040a68", "ivars":3, "references":["0x7fc96c86a168"], "flags":{"wb_protected":true, "old":true, "marked":true}}
{"address":"0x7fc96c86a320", "type":"ARRAY", "class":"0x7fc96c84a048", "length":1, "embedded":true, "references":["0x7fc96c8c1e90"], "flags":{"wb_protected":true, "old":true, "marked":true}}
{"address":"0x7fc96c86a348", "type":"STRING", "class":"0x7fc96c801668", "embedded":true, "bytesize":10, "value":"mime-types", "encoding":"UTF-8", "flags":{"wb_protected":true, "old":true, "marked":true}}
{"address":"0x7fc96c86a3c0", "type":"ARRAY", "class":"0x7fc96c84a048", "length":0, "flags":{"wb_protected":true, "old":true, "marked":true}}
{"address":"0x7fc96c86a3e8", "type":"STRING", "class":"0x7fc96c801668", "frozen":true, "embedded":true, "fstring":true, "bytesize":15, "value":"include_private", "encoding":"US-ASCII", "flags":{"wb_protected":true, "old":true, "marked":true}}
{"address":"0x7fc96c86a410", "type":"NODE", "node_type":"NODE_CREF", "references":["0x7fc96c869628", "0x7fc96d037e68"], "flags":{"wb_protected":true, "old":true, "marked":true}}
{"address":"0x7fc96c86a438", "type":"STRING", "class":"0x7fc96c801668", "frozen":true, "embedded":true, "fstring":true, "bytesize":1, "value":"m", "encoding":"US-ASCII", "flags":{"wb_protected":true, "old":true, "marked":true}}
{"address":"0x7fc96c86a460", "type":"DATA", "class":"0x7fc96c833488", "struct":"iseq", "references":["0x7fc96c869f10", "0x7fc96c843c70", "0x7fc96c843c70", "0x7fc96d831b00", "0x7fc96d831b00", "0x7fc96c86a410", "0x7fc96c869628"], "memsize":4008, "flags":{"wb_protected":true, "old":true, "marked":true}}
{"address":"0x7fc96c86a488", "type":"OBJECT", "class":"0x7fc96c8c2688", "ivars":3, "references":["0x7fc96c86a320"], "flags":{"wb_protected":true, "old":true, "marked":true}}
{"address":"0x7fc96c86a4d8", "type":"OBJECT", "class":"0x7fc96d077ae0", "ivars":5, "references":["0x7fc96c86a618", "0x7fc96c86a488", "0x7fc96c86a488"], "memsize":40, "flags":{"wb_protected":true, "old":true, "marked":true}}
{"address":"0x7fc96c86a5a0", "type":"ARRAY", "class":"0x7fc96c84a048", "length":0, "flags":{"wb_protected":true, "old":true, "marked":true}}
{"address":"0x7fc96c86a618", "type":"STRING", "class":"0x7fc96c801668", "embedded":true, "bytesize":4, "value":"rake", "encoding":"UTF-8", "flags":{"wb_protected":true, "old":true, "marked":true}}
{"address":"0x7fc96c86a640", "type":"ARRAY", "class":"0x7fc96c84a048", "length":2, "embedded":true, "references":["0x7fc96c86a938", "0x7fc96c86a8c0"], "flags":{"wb_protected":true, "old":true, "marked":true}}
{"address":"0x7fc96c86a668", "type":"STRING", "class":"0x7fc96c801668", "embedded":true, "bytesize":5, "value":"1.3.0", "encoding":"UTF-8", "flags":{"wb_protected":true, "old":true, "marked":true}}
{"address":"0x7fc96c86a690", "type":"OBJECT", "class":"0x7fc96c8c2688", "ivars":3, "references":["0x7fc96d074700"], "flags":{"wb_protected":true, "old":true, "marked":true}}
{"address":"0x7fc96c86a6e0", "type":"STRING", "class":"0x7fc96c801668", "frozen":true, "embedded":true, "fstring":true, "bytesize":13, "value":"toplevel_load", "encoding":"US-ASCII", "flags":{"wb_protected":true, "old":true, "marked":true}}
{"address":"0x7fc96c86a708", "type":"STRING", "class":"0x7fc96c801668", "frozen":true, "embedded":true, "fstring":true, "bytesize":13, "value":"requirements=", "encoding":"UTF-8", "flags":{"wb_protected":true, "old":true, "marked":true}}
{"address":"0x7fc96c86a780", "type":"ARRAY", "length":1, "embedded":true, "references":["0x7fc96c86ac58"], "flags":{"wb_protected":true, "old":true, "marked":true}}
{"address":"0x7fc96c86a870", "type":"STRING", "class":"0x7fc96c801668", "embedded":true, "bytesize":4, "value":"ruby", "encoding":"UTF-8", "flags":{"wb_protected":true, "old":true, "marked":true}}
{"address":"0x7fc96c86a898", "type":"ARRAY", "length":2, "embedded":true, "references":["0x7fc96c86aaf0", "0x7fc96c86aaf0"], "flags":{"wb_protected":true, "old":true, "marked":true}}
{"address":"0x7fc96c86a8c0", "type":"OBJECT", "class":"0x7fc96d040a68", "ivars":3, "references":["0x7fc96c86a668"], "flags":{"wb_protected":true, "old":true, "marked":true}}
{"address":"0x7fc96c86a910", "type":"HASH", "class":"0x7fc96c849918", "size":0, "flags":{"wb_protected":true, "old":true, "marked":true}}
{"address":"0x7fc96c86a938", "type":"STRING", "class":"0x7fc96c801668", "embedded":true, "bytesize":2, "value":"~>", "encoding":"UTF-8", "flags":{"wb_protected":true, "old":true, "marked":true}}
{"address":"0x7fc96c86a9b0", "type":"ARRAY", "length":2, "embedded":true, "references":["0x7fc96c823880", "0x7fc96c051d78"], "flags":{"wb_protected":true, "old":true, "marked":true}}
{"address":"0x7fc96c86aa28", "type":"REGEXP", "class":"0x7fc96c8491e8", "references":["0x7fc96d802418"], "memsize":504, "flags":{"wb_protected":true, "old":true, "marked":true}}
{"address":"0x7fc96c86aa78", "type":"ARRAY", "class":"0x7fc96c84a048", "length":1, "embedded":true, "references":["0x7fc96c86a640"], "flags":{"wb_protected":true, "old":true, "marked":true}}
{"address":"0x7fc96c86aaf0", "type":"DATA", "class":"0x7fc96c833488", "struct":"iseq", "references":["0x7fc96c86a9b0", "0x7fc96c86ab68", "0x7fc96d830d18", "0x7fc96d831b00", "0x7fc96d831b00", "0x7fc96c86aeb0"], "memsize":1816, "flags":{"wb_protected":true, "old":true, "marked":true}}
{"address":"0x7fc96c86ab18", "type":"OBJECT", "class":"0x7fc96c8c2688", "ivars":3, "references":["0x7fc96c86aa78"], "flags":{"wb_protected":true, "old":true, "marked":true}}
{"address":"0x7fc96c86ab40", "type":"STRING", "class":"0x7fc96c801668", "frozen":true, "fstring":true, "bytesize":26, "value":"required_rubygems_version=", "encoding":"UTF-8", "memsize":27, "flags":{"wb_protected":true, "old":true, "marked":true}}
{"address":"0x7fc96c86ab68", "type":"STRING", "class":"0x7fc96c801668", "frozen":true, "fstring":true, "bytesize":31, "capacity":48, "value":"rescue in block in load_modules", "memsize":49, "flags":{"wb_protected":true, "old":true, "marked":true}}
{"address":"0x7fc96c86abb8", "type":"ARRAY", "class":"0x7fc96c84a048", "length":0, "flags":{"wb_protected":true, "old":true, "marked":true}}
{"address":"0x7fc96c86abe0", "type":"OBJECT", "class":"0x7fc96d077ae0", "ivars":5, "references":["0x7fc96c86adc0", "0x7fc96c86ab18", "0x7fc96c86ab18"], "memsize":40, "flags":{"wb_protected":true, "old":true, "marked":true}}
{"address":"0x7fc96c86ac30", "type":"ARRAY", "class":"0x7fc96c84a048", "length":0, "flags":{"wb_protected":true, "old":true, "marked":true}}
{"address":"0x7fc96c86ac58", "type":"DATA", "class":"0x7fc96c833488", "struct":"iseq", "references":["0x7fc96c86a898", "0x7fc96c86ad20", "0x7fc96d830d18", "0x7fc96d831b00", "0x7fc96d831b00", "0x7fc96c86aeb0"], "memsize":984, "flags":{"wb_protected":true, "old":true, "marked":true}}
{"address":"0x7fc96c86ac80", "type":"STRING", "class":"0x7fc96c801668", "frozen":true, "embedded":true, "fstring":true, "bytesize":7, "value":"TkFLOAT", "encoding":"US-ASCII", "flags":{"wb_protected":true, "old":true, "marked":true}}
{"address":"0x7fc96c86acf8", "type":"ARRAY", "class":"0x7fc96c84a048", "length":11, "references":["0x7fc96c868908", "0x7fc96c8683e0", "0x7fc96c863f20", "0x7fc96c8639f8", "0x7fc96c863430", "0x7fc96c862eb8", "0x7fc96c862990", "0x7fc96c862490", "0x7fc96c861e78", "0x7fc96c861900", "0x7fc96c8613d8"], "memsize":160, "flags":{"wb_protected":true, "old":true, "marked":true}}
{"address":"0x7fc96c86ad20", "type":"STRING", "class":"0x7fc96c801668", "frozen":true, "fstring":true, "bytesize":21, "capacity":120, "value":"block in load_modules", "memsize":121, "flags":{"wb_protected":true, "old":true, "marked":true}}
{"address":"0x7fc96c86adc0", "type":"STRING", "class":"0x7fc96c801668", "embedded":true, "bytesize":7, "value":"fakeweb", "encoding":"UTF-8", "flags":{"wb_protected":true, "old":true, "marked":true}}
{"address":"0x7fc96c86ade8", "type":"ARRAY", "class":"0x7fc96c84a048", "length":2, "embedded":true, "references":["0x7fc96c86b090", "0x7fc96c86b040"], "flags":{"wb_protected":true, "old":true, "marked":true}}
{"address":"0x7fc96c86ae10", "type":"STRING", "class":"0x7fc96c801668", "embedded":true, "bytesize":3, "value":"2.4", "encoding":"UTF-8", "flags":{"wb_protected":true, "old":true, "marked":true}}
{"address":"0x7fc96c86ae60", "type":"STRING", "class":"0x7fc96c801668", "embedded":true, "bytesize":3, "value":"bin", "encoding":"UTF-8", "flags":{"wb_protected":true, "old":true, "marked":true}}
{"address":"0x7fc96c86ae88", "type":"STRING", "class":"0x7fc96c801668", "frozen":true, "embedded":true, "fstring":true, "bytesize":13, "value":"require_path=", "encoding":"UTF-8", "flags":{"wb_protected":true, "old":true, "marked":true}}
{"address":"0x7fc96c86aeb0", "type":"NODE", "node_type":"NODE_CREF", "references":["0x7fc96c8698a8", "0x7fc96d0114e8"], "flags":{"wb_protected":true, "old":true, "marked":true}}
{"address":"0x7fc96c86af28", "type":"DATA", "class":"0x7fc96c833488", "struct":"iseq", "references":["0x7fc96c86a780", "0x7fc96d830d18", "0x7fc96d830d18", "0x7fc96d831b00", "0x7fc96d831b00", "0x7fc96c86aeb0", "0x7fc96c869628"], "memsize":912, "flags":{"wb_protected":true, "old":true, "marked":true}}
{"address":"0x7fc96c86af78", "type":"ARRAY", "length":1, "embedded":true, "references":["0x7fc96c86b1f8"], "flags":{"wb_protected":true, "old":true, "marked":true}}
{"address":"0x7fc96c86b040", "type":"OBJECT", "class":"0x7fc96d040a68", "ivars":3, "references":["0x7fc96c86ae10"], "flags":{"wb_protected":true, "old":true, "marked":true}}
{"address":"0x7fc96c86b090", "type":"STRING", "class":"0x7fc96c801668", "embedded":true, "bytesize":2, "value":"~>", "encoding":"UTF-8", "flags":{"wb_protected":true, "old":true, "marked":true}}
{"address":"0x7fc96c86b180", "type":"ARRAY", "class":"0x7fc96c84a048", "length":1, "embedded":true, "references":["0x7fc96c86ade8"], "flags":{"wb_protected":true, "old":true, "marked":true}}
{"address":"0x7fc96c86b1f8", "type":"STRING", "class":"0x7fc96c801668", "frozen":true, "embedded":true, "fstring":true, "bytesize":5, "value":"/$irb", "encoding":"UTF-8", "flags":{"wb_protected":true, "old":true, "marked":true}}
{"address":"0x7fc96c86b220", "type":"STRING", "class":"0x7fc96c801668", "frozen":true, "embedded":true, "fstring":true, "bytesize":12, "value":"require_path", "encoding":"US-ASCII", "flags":{"wb_protected":true, "old":true, "marked":true}}
{"address":"0x7fc96c86b248", "type":"OBJECT", "class":"0x7fc96c8c2688", "ivars":3, "references":["0x7fc96c86b180"], "flags":{"wb_protected":true, "old":true, "marked":true}}
{"address":"0x7fc96c86b298", "type":"STRING", "class":"0x7fc96c801668", "frozen":true, "embedded":true, "fstring":true, "bytesize":12, "value":"ruby_require", "encoding":"US-ASCII", "flags":{"wb_protected":true, "old":true, "marked":true}}
{"address":"0x7fc96c86b2c0", "type":"DATA", "class":"0x7fc96c833488", "struct":"iseq", "references":["0x7fc96c86af78", "0x7fc96c8707e8", "0x7fc96d054a40", "0x7fc96d831b00", "0x7fc96d831b00", "0x7fc96c870bd0"], "memsize":824, "flags":{"wb_protected":true, "old":true, "marked":true}}
{"address":"0x7fc96c86b2e8", "type":"OBJECT", "class":"0x7fc96d077ae0", "ivars":5, "references":["0x7fc96c86b450", "0x7fc96c86b248", "0x7fc96c86b248"], "memsize":40, "flags":{"wb_protected":true, "old":true, "marked":true}}
{"address":"0x7fc96c86b360", "type":"OBJECT", "class":"0x7fc96d074e30", "ivars":50, "references":["0x7fc96c860f78", "0x7fc96d038a20", "0x7fc96d038b38", "0x7fc96d038bb0", "0x7fc96c869a88", "0x7fc96c869a38", "0x7fc96c869740", "0x7fc96c86a348", "0x7fc96c869560", "0x7fc96c869380", "0x7fc96c86a2f8", "0x7fc96c869dd0", "0x7fc96c86ae60", "0x7fc96c869cb8", "0x7fc96c869ad8", "0x7fc96c86acf8", "0x7fc96c86ac30", "0x7fc96c86abb8", "0x7fc96c8698d0", "0x7fc96c869768", "0x7fc96c8696a0", "0x7fc96c86a910", "0x7fc96c86a870", "0x7fc96c8695d8", "0x7fc96c869588", "0x7fc96c86a690", "0x7fc96c86a078", "0x7fc96c86a5a0", "0x7fc96c869538", "0x7fc96c86a3c0", "0x7fc96c8c82e0", "0x7fc96d038ae8"], "memsize":400, "flags":{"wb_protected":true, "old":true, "marked":true}}
{"address":"0x7fc96c86b428", "type":"ARRAY", "length":1, "embedded":true, "references":["0x7fc96c86b540"], "flags":{"wb_protected":true, "old":true, "marked":true}}
{"address":"0x7fc96c86b450", "type":"STRING", "class":"0x7fc96c801668", "embedded":true, "bytesize":3, "value":"vcr", "encoding":"UTF-8", "flags":{"wb_protected":true, "old":true, "marked":true}}
{"address":"0x7fc96c86b4a0", "type":"REGEXP", "class":"0x7fc96c8491e8", "references":["0x7fc96d802418"], "memsize":504, "flags":{"wb_protected":true, "old":true, "marked":true}}
{"address":"0x7fc96c86b540", "type":"STRING", "class":"0x7fc96c801668", "frozen":true, "embedded":true, "fstring":true, "bytesize":5, "value":"/_irb", "encoding":"UTF-8", "flags":{"wb_protected":true, "old":true, "marked":true}}
{"address":"0x7fc96c86b590", "type":"STRING", "class":"0x7fc96c801668", "frozen":true, "embedded":true, "fstring":true, "bytesize":13, "value":"rdoc_options=", "encoding":"UTF-8", "flags":{"wb_protected":true, "old":true, "marked":true}}
{"address":"0x7fc96c86b608", "type":"ARRAY", "class":"0x7fc96c84a048", "length":1, "embedded":true, "references":["0x7fc96c8c1e90"], "flags":{"wb_protected":true, "old":true, "marked":true}}
{"address":"0x7fc96c86b630", "type":"DATA", "class":"0x7fc96c833488", "struct":"iseq", "references":["0x7fc96c86b428", "0x7fc96c8707e8", "0x7fc96d054a40", "0x7fc96d831b00", "0x7fc96d831b00", "0x7fc96c870bd0"], "memsize":824, "flags":{"wb_protected":true, "old":true, "marked":true}}
{"address":"0x7fc96c86b6d0", "type":"OBJECT", "class":"0x7fc96c8c2688", "ivars":3, "references":["0x7fc96c86b608"], "flags":{"wb_protected":true, "old":true, "marked":true}}
{"address":"0x7fc96c86b6f8", "type":"ARRAY", "length":3, "embedded":true, "references":["0x7fc96c86b9c8", "0x7fc96d028800", "0x7fc96c053df8"], "flags":{"wb_protected":true, "old":true, "marked":true}}
{"address":"0x7fc96c86b748", "type":"OBJECT", "class":"0x7fc96d077ae0", "ivars":5, "references":["0x7fc96c86b8d8", "0x7fc96c86b6d0", "0x7fc96c86b6d0"], "memsize":40, "flags":{"wb_protected":true, "old":true, "marked":true}}
{"address":"0x7fc96c86b7e8", "type":"STRING", "class":"0x7fc96c801668", "frozen":true, "embedded":true, "fstring":true, "bytesize":7, "value":"allow_e", "encoding":"US-ASCII", "flags":{"wb_protected":true, "old":true, "marked":true}}
{"address":"0x7fc96c86b860", "type":"STRING", "class":"0x7fc96c801668", "frozen":true, "fstring":true, "bytesize":32, "value":"http://mime-types.rubyforge.org/", "encoding":"UTF-8", "memsize":33, "flags":{"wb_protected":true, "old":true, "marked":true}}
{"address":"0x7fc96c86b8b0", "type":"STRING", "class":"0x7fc96c801668", "frozen":true, "embedded":true, "fstring":true, "bytesize":11, "value":"allow_point", "encoding":"US-ASCII", "flags":{"wb_protected":true, "old":true, "marked":true}}
{"address":"0x7fc96c86b8d8", "type":"STRING", "class":"0x7fc96c801668", "embedded":true, "bytesize":10, "value":"rb-fsevent", "encoding":"UTF-8", "flags":{"wb_protected":true, "old":true, "marked":true}}
{"address":"0x7fc96c86b9c8", "type":"STRING", "class":"0x7fc96c801668", "frozen":true, "embedded":true, "fstring":true, "bytesize":4, "value":"/irb", "encoding":"UTF-8", "flags":{"wb_protected":true, "old":true, "marked":true}}
{"address":"0x7fc96c86b9f0", "type":"STRING", "class":"0x7fc96c801668", "frozen":true, "fstring":true, "bytesize":2798, "encoding":"UTF-8", "memsize":2799, "flags":{"wb_protected":true, "old":true, "marked":true}}
{"address":"0x7fc96c86ba40", "type":"STRING", "class":"0x7fc96c801668", "frozen":true, "fstring":true, "bytesize":1176, "value":"-----BEGIN CERTIFICATE-----\nMIIDNjCCAh6gAwIBAgIBADANBgkqhkiG9w0BAQUFADBBMQ8wDQYDVQQDDAZhdXN0\naW4xGTAXBgoJkiaJk/IsZAEZFglydWJ5Zm9yZ2UxEzARBgoJkiaJk/IsZAEZFgNv\ncmcwHhcNMTMwMjA0MDMzMzI3WhcNMTQwMjA0MDMzMzI3WjBBMQ8wDQYDVQQDDAZh\ndXN0aW4xGTAXBgoJkiaJk/IsZAEZFglydWJ5Zm9yZ2UxEzARBgoJkiaJk/IsZAEZ\nFgNvcmcwggEiMA0GCSqGSIb3DQEBAQUAA4IBDwAwggEKAoIBAQC2mPNf4L37GhKI\nSPCYsvYWXA2/R9u5+pyUnbJ2R1o2CiRq2ZA/AIzY6N3hGnsgoWnh5RzvgTN1Lt08\nDNIrsIG2VDYk/JVt6f9J6zZ8EQHbznWa3cWYoCFaaICdk7jV1n/42hg70jEDYXl9\ngDOl0k6JmyF/rtfFu/OIkFGWeFYIuFHvRuLyUbw66+QDTOzKb3t8o55Ihgy1GVwT\ni6pkDs8LhZWXdOD+921l2Z1NZGZa9KNbJIg6vtgYKU98jQ5qr9iY3ikBAspHrFas\nK6USvGgAg8fCD5YiotBEvCBMYtfqmfrhpdU2p+gvTgeLW1Kaevwqd7ngQmFUrFG1\neUJSURv5AgMBAAGjOTA3MAkGA1UdEwQCMAAwHQYDVR0OBBYEFAtJKMp6YYNqlgR3\n9TiZLWqvLagSMAsGA1UdDwQEAwIEsDANBgkqhkiG9w0BAQUFAAOCAQEApTPkvDm8\n7gJlUT4FfumXPvtuqP67LxUtGE8syvR0A4As+0P/wylLJFUOsGTTdZYtThhxCSJG\n+7KG2FfIcH4Zz2d97arZGAzBoi8iPht2/UtSl1fCcUI5vmJa1MiXZT2oqdW7Wydq\nrAZcBPlrYYuiwtGI0yqIOgBfXSZCWWsJsuyTKELep6mCLgz0YZUfmvKr8W/Ab3ax\nDuLzH92LSRjZJyjyAUpw/Vc2rM4giiP5jtByrb1Y1dGnQhHTMHf1GfucWm7Nw/V9\ntwEPVw8+0f88JQucxOTmTF1NbLFpiRwQUZ1zoZbNg2e7mShc/eexnVLWKFKxRoP6\nKPj3WoD+spB8fA==\n-----END CERTIFICATE-----\n", "encoding":"UTF-8", "memsize":1177, "flags":{"wb_protected":true, "old":true, "marked":true}}
{"address":"0x7fc96c86ba90", "type":"ARRAY", "class":"0x7fc96c84a048", "length":1, "embedded":true, "references":["0x7fc96c8c1e90"], "flags":{"wb_protected":true, "old":true, "marked":true}}
{"address":"0x7fc96c86bb30", "type":"OBJECT", "class":"0x7fc96c8c2688", "ivars":3, "references":["0x7fc96c86ba90"], "flags":{"wb_protected":true, "old":true, "marked":true}}
{"address":"0x7fc96c86bb80", "type":"OBJECT", "class":"0x7fc96d077ae0", "ivars":5, "references":["0x7fc96c86bcc0", "0x7fc96c86bb30", "0x7fc96c86bb30"], "memsize":40, "flags":{"wb_protected":true, "old":true, "marked":true}}
{"address":"0x7fc96c86bc48", "type":"DATA", "class":"0x7fc96c833488", "struct":"iseq", "references":["0x7fc96c86b6f8", "0x7fc96c8707e8", "0x7fc96d054a40", "0x7fc96d831b00", "0x7fc96d831b00", "0x7fc96c870bd0"], "memsize":1032, "flags":{"wb_protected":true, "old":true, "marked":true}}
{"address":"0x7fc96c86bcc0", "type":"STRING", "class":"0x7fc96c801668", "embedded":true, "bytesize":11, "value":"guard-rspec", "encoding":"UTF-8", "flags":{"wb_protected":true, "old":true, "marked":true}}
{"address":"0x7fc96c86bce8", "type":"STRING", "class":"0x7fc96c801668", "frozen":true, "embedded":true, "fstring":true, "bytesize":13, "value":"ReservedWords", "encoding":"US-ASCII", "flags":{"wb_protected":true, "old":true, "marked":true}}
{"address":"0x7fc96c86bd38", "type":"ARRAY", "length":1, "embedded":true, "references":["0x7fc96c872958"], "flags":{"wb_protected":true, "old":true, "marked":true}}
{"address":"0x7fc96c86bdb0", "type":"STRING", "class":"0x7fc96c801668", "frozen":true, "embedded":true, "bytesize":11, "value":"irb/context", "encoding":"UTF-8", "flags":{"wb_protected":true, "old":true, "marked":true}}
{"address":"0x7fc96c86be50", "type":"ARRAY", "class":"0x7fc96c84a048", "length":1, "embedded":true, "references":["0x7fc96c8c1e90"], "flags":{"wb_protected":true, "old":true, "marked":true}}
{"address":"0x7fc96c86bef0", "type":"OBJECT", "class":"0x7fc96c8c2688", "ivars":3, "references":["0x7fc96c86be50"], "flags":{"wb_protected":true, "old":true, "marked":true}}
{"address":"0x7fc96c86bf68", "type":"OBJECT", "class":"0x7fc96d077ae0", "ivars":5, "references":["0x7fc96c873740", "0x7fc96c86bef0", "0x7fc96c86bef0"], "memsize":40, "flags":{"wb_protected":true, "old":true, "marked":true}}
{"address":"0x7fc96c870018", "type":"OBJECT", "class":"0x7fc96c8c2688", "ivars":3, "references":["0x7fc96c870388"], "flags":{"wb_protected":true, "old":true, "marked":true}}
{"address":"0x7fc96c870068", "type":"OBJECT", "class":"0x7fc96d077ae0", "ivars":5, "references":["0x7fc96c870220", "0x7fc96c870018", "0x7fc96c870018"], "memsize":40, "flags":{"wb_protected":true, "old":true, "marked":true}}
{"address":"0x7fc96c8700b8", "type":"STRING", "class":"0x7fc96c801668", "frozen":true, "embedded":true, "fstring":true, "bytesize":14, "value":"InputCompletor", "encoding":"US-ASCII", "flags":{"wb_protected":true, "old":true, "marked":true}}
{"address":"0x7fc96c8700e0", "type":"STRING", "class":"0x7fc96c801668", "frozen":true, "embedded":true, "fstring":true, "bytesize":1, "value":"y", "encoding":"US-ASCII", "flags":{"wb_protected":true, "old":true, "marked":true}}
{"address":"0x7fc96c870130", "type":"DATA", "class":"0x7fc96c833488", "struct":"iseq", "references":["0x7fc96c872188", "0x7fc96c8707e8", "0x7fc96d054a40", "0x7fc96d831b00", "0x7fc96d831b00", "0x7fc96c870bd0"], "memsize":824, "flags":{"wb_protected":true, "old":true, "marked":true}}
{"address":"0x7fc96c870220", "type":"STRING", "class":"0x7fc96c801668", "embedded":true, "bytesize":4, "value":"rash", "encoding":"UTF-8", "flags":{"wb_protected":true, "old":true, "marked":true}}
{"address":"0x7fc96c8702c0", "type":"STRING", "class":"0x7fc96c801668", "frozen":true, "embedded":true, "fstring":true, "bytesize":4, "value":"conf", "encoding":"US-ASCII", "flags":{"wb_protected":true, "old":true, "marked":true}}
{"address":"0x7fc96c870310", "type":"ARRAY", "length":8, "references":["0x7fc96c870608", "0x7fc96c870130", "0x7fc96c873ce0", "0x7fc96c86bc48", "0x7fc96c86b630", "0x7fc96c86b2c0", "0x7fc96c8708d8", "0x7fc96c044da8"], "memsize":160, "flags":{"wb_protected":true, "old":true, "marked":true}}
{"address":"0x7fc96c870338", "type":"ARRAY", "length":1, "embedded":true, "references":["0x7fc96c871580"], "flags":{"wb_protected":true, "old":true, "marked":true}}
{"address":"0x7fc96c870388", "type":"ARRAY", "class":"0x7fc96c84a048", "length":1, "embedded":true, "references":["0x7fc96c8c1e90"], "flags":{"wb_protected":true, "old":true, "marked":true}}
{"address":"0x7fc96c870400", "type":"ARRAY", "class":"0x7fc96c84a048", "length":1, "embedded":true, "references":["0x7fc96c8c1e90"], "flags":{"wb_protected":true, "old":true, "marked":true}}
{"address":"0x7fc96c8704a0", "type":"OBJECT", "class":"0x7fc96c8c2688", "ivars":3, "references":["0x7fc96c870400"], "flags":{"wb_protected":true, "old":true, "marked":true}}
{"address":"0x7fc96c8704f0", "type":"OBJECT", "class":"0x7fc96d077ae0", "ivars":5, "references":["0x7fc96c870680", "0x7fc96c8704a0", "0x7fc96c8704a0"], "memsize":40, "flags":{"wb_protected":true, "old":true, "marked":true}}
{"address":"0x7fc96c8705b8", "type":"ZOMBIE", "class":"0x7fc96d019a80"}
{"address":"0x7fc96c870608", "type":"DATA", "class":"0x7fc96c833488", "struct":"iseq", "references":["0x7fc96c870338", "0x7fc96c8707e8", "0x7fc96d054a40", "0x7fc96d831b00", "0x7fc96d831b00", "0x7fc96c870bd0"], "memsize":1048, "flags":{"wb_protected":true, "old":true, "marked":true}}
{"address":"0x7fc96c870680", "type":"STRING", "class":"0x7fc96c801668", "embedded":true, "bytesize":4, "value":"json", "encoding":"UTF-8", "flags":{"wb_protected":true, "old":true, "marked":true}}
{"address":"0x7fc96c8706a8", "type":"ARRAY", "class":"0x7fc96c84a048", "length":2, "embedded":true, "references":["0x7fc96c870950", "0x7fc96c8708b0"], "flags":{"wb_protected":true, "old":true, "marked":true}}
{"address":"0x7fc96c8706d0", "type":"STRING", "class":"0x7fc96c801668", "embedded":true, "bytesize":5, "value":"0.9.0", "encoding":"UTF-8", "flags":{"wb_protected":true, "old":true, "marked":true}}
{"address":"0x7fc96c870720", "type":"STRING", "class":"0x7fc96c801668", "frozen":true, "fstring":true, "bytesize":61, "capacity":86, "value":"/usr/local/Cellar/ruby/2.1.1/lib/ruby/2.1.0/irb/completion.rb", "encoding":"US-ASCII", "memsize":87, "flags":{"wb_protected":true, "old":true, "marked":true}}
{"address":"0x7fc96c8707e8", "type":"STRING", "class":"0x7fc96c801668", "frozen":true, "fstring":true, "bytesize":27, "capacity":120, "value":"block in rc_file_generators", "memsize":121, "flags":{"wb_protected":true, "old":true, "marked":true}}
{"address":"0x7fc96c8708b0", "type":"OBJECT", "class":"0x7fc96d040a68", "ivars":3, "references":["0x7fc96c8706d0"], "flags":{"wb_protected":true, "old":true, "marked":true}}
{"address":"0x7fc96c8708d8", "type":"STRING", "class":"0x7fc96c801668", "frozen":true, "embedded":true, "fstring":true, "bytesize":5, "value":"IRBRC", "encoding":"UTF-8", "flags":{"wb_protected":true, "old":true, "marked":true}}
{"address":"0x7fc96c870928", "type":"REGEXP", "class":"0x7fc96c8491e8", "references":["0x7fc96c871440"], "memsize":513, "flags":{"wb_protected":true, "old":true, "marked":true}}
{"address":"0x7fc96c870950", "type":"STRING", "class":"0x7fc96c801668", "embedded":true, "bytesize":2, "value":"~>", "encoding":"UTF-8", "flags":{"wb_protected":true, "old":true, "marked":true}}
{"address":"0x7fc96c870a68", "type":"ARRAY", "class":"0x7fc96c84a048", "length":1, "embedded":true, "references":["0x7fc96c8706a8"], "flags":{"wb_protected":true, "old":true, "marked":true}}
{"address":"0x7fc96c870ab8", "type":"STRING", "class":"0x7fc96c801668", "frozen":true, "embedded":true, "fstring":true, "bytesize":6, "value":".irbrc", "encoding":"UTF-8", "flags":{"wb_protected":true, "old":true, "marked":true}}
{"address":"0x7fc96c870ae0", "type":"STRING", "class":"0x7fc96c801668", "frozen":true, "embedded":true, "fstring":true, "bytesize":7, "value":"/.irbrc", "encoding":"UTF-8", "flags":{"wb_protected":true, "old":true, "marked":true}}
{"address":"0x7fc96c870b08", "type":"OBJECT", "class":"0x7fc96c8c2688", "ivars":3, "references":["0x7fc96c870a68"], "flags":{"wb_protected":true, "old":true, "marked":true}}
{"address":"0x7fc96c870b30", "type":"ARRAY", "length":4, "references":["0x7fc96c800358", "0x7fc96c870ba8", "0x7fc96c044da8", "0x7fc96c870b80"], "memsize":160, "flags":{"wb_protected":true, "old":true, "marked":true}}
{"address":"0x7fc96c870b58", "type":"OBJECT", "class":"0x7fc96d077ae0", "ivars":5, "references":["0x7fc96c870ce8", "0x7fc96c870b08", "0x7fc96c870b08"], "memsize":40, "flags":{"wb_protected":true, "old":true, "marked":true}}
{"address":"0x7fc96c870b80", "type":"STRING", "class":"0x7fc96c801668", "frozen":true, "embedded":true, "fstring":true, "bytesize":11, "value":"/.irbrc' : ", "encoding":"UTF-8", "flags":{"wb_protected":true, "old":true, "marked":true}}
{"address":"0x7fc96c870ba8", "type":"STRING", "class":"0x7fc96c801668", "frozen":true, "embedded":true, "fstring":true, "bytesize":14, "value":"Error : 'load ", "encoding":"UTF-8", "flags":{"wb_protected":true, "old":true, "marked":true}}
{"address":"0x7fc96c870bd0", "type":"NODE", "node_type":"NODE_CREF", "references":["0x7fc96c8698a8", "0x7fc96d0114e8"], "flags":{"wb_protected":true, "old":true, "marked":true}}
{"address":"0x7fc96c870bf8", "type":"DATA", "class":"0x7fc96c833488", "struct":"iseq", "references":["0x7fc96c870310", "0x7fc96d054a40", "0x7fc96d054a40", "0x7fc96d831b00", "0x7fc96d831b00", "0x7fc96c870bd0", "0x7fc96c869628"], "memsize":4080, "flags":{"wb_protected":true, "old":true, "marked":true}}
{"address":"0x7fc96c870c70", "type":"DATA", "class":"0x7fc96c833488", "struct":"iseq", "references":["0x7fc96c870b30", "0x7fc96c871a30", "0x7fc96c047850", "0x7fc96d019b48", "0x7fc96d019b48", "0x7fc96c871b20"], "memsize":2016, "flags":{"wb_protected":true, "old":true, "marked":true}}
{"address":"0x7fc96c870c98", "type":"STRING", "class":"0x7fc96c801668", "embedded":true, "bytesize":5, "value":"rspec", "encoding":"UTF-8", "flags":{"wb_protected":true, "old":true, "marked":true}}
{"address":"0x7fc96c870ce8", "type":"STRING", "class":"0x7fc96c801668", "embedded":true, "bytesize":18, "value":"faraday_middleware", "encoding":"UTF-8", "flags":{"wb_protected":true, "old":true, "marked":true}}
{"address":"0x7fc96c870d10", "type":"ARRAY", "class":"0x7fc96c84a048", "length":2, "embedded":true, "references":["0x7fc96c870fe0", "0x7fc96c870f68"], "flags":{"wb_protected":true, "old":true, "marked":true}}
{"address":"0x7fc96c870d38", "type":"STRING", "class":"0x7fc96c801668", "frozen":true, "embedded":true, "fstring":true, "bytesize":8, "value":" => %s \n", "encoding":"UTF-8", "flags":{"wb_protected":true, "old":true, "marked":true}}
{"address":"0x7fc96c870d60", "type":"STRING", "class":"0x7fc96c801668", "frozen":true, "embedded":true, "fstring":true, "bytesize":9, "value":"non_digit", "encoding":"US-ASCII", "flags":{"wb_protected":true, "old":true, "marked":true}}
{"address":"0x7fc96c870d88", "type":"STRING", "class":"0x7fc96c801668", "embedded":true, "bytesize":5, "value":"0.8.7", "encoding":"UTF-8", "flags":{"wb_protected":true, "old":true, "marked":true}}
{"address":"0x7fc96c870db0", "type":"STRING", "class":"0x7fc96c801668", "frozen":true, "embedded":true, "fstring":true, "bytesize":9, "value":" :%03n?> ", "encoding":"UTF-8", "flags":{"wb_protected":true, "old":true, "marked":true}}
{"address":"0x7fc96c870dd8", "type":"STRING", "class":"0x7fc96c801668", "frozen":true, "embedded":true, "fstring":true, "bytesize":10, "value":" :%03n%l> ", "encoding":"UTF-8", "flags":{"wb_protected":true, "old":true, "marked":true}}
{"address":"0x7fc96c870e00", "type":"STRING", "class":"0x7fc96c801668", "frozen":true, "embedded":true, "fstring":true, "bytesize":9, "value":" :%03n > ", "encoding":"UTF-8", "flags":{"wb_protected":true, "old":true, "marked":true}}
{"address":"0x7fc96c870e28", "type":"ARRAY", "length":1, "embedded":true, "references":["0x7fc96c8710a8"], "flags":{"wb_protected":true, "old":true, "marked":true}}
{"address":"0x7fc96c870e50", "type":"STRING", "class":"0x7fc96c801668", "frozen":true, "embedded":true, "fstring":true, "bytesize":4, "value":"len0", "encoding":"US-ASCII", "flags":{"wb_protected":true, "old":true, "marked":true}}
{"address":"0x7fc96c870e78", "type":"STRING", "class":"0x7fc96c801668", "frozen":true, "embedded":true, "fstring":true, "bytesize":7, "value":"ruby -v", "encoding":"UTF-8", "flags":{"wb_protected":true, "old":true, "marked":true}}
{"address":"0x7fc96c870ea0", "type":"STRING", "class":"0x7fc96c801668", "frozen":true, "embedded":true, "fstring":true, "bytesize":15, "value":"rvm_ruby_string", "encoding":"UTF-8", "flags":{"wb_protected":true, "old":true, "marked":true}}
{"address":"0x7fc96c870f68", "type":"OBJECT", "class":"0x7fc96d040a68", "ivars":3, "references":["0x7fc96c870d88"], "flags":{"wb_protected":true, "old":true, "marked":true}}
{"address":"0x7fc96c870fe0", "type":"STRING", "class":"0x7fc96c801668", "embedded":true, "bytesize":2, "value":"~>", "encoding":"UTF-8", "flags":{"wb_protected":true, "old":true, "marked":true}}
{"address":"0x7fc96c871008", "type":"STRING", "class":"0x7fc96c801668", "frozen":true, "embedded":true, "fstring":true, "bytesize":2, "value":"w+", "encoding":"UTF-8", "flags":{"wb_protected":true, "old":true, "marked":true}}
{"address":"0x7fc96c871030", "type":"ARRAY", "length":4, "references":["0x7fc96c871198", "0x7fc96c871698", "0x7fc96c044da8", "0x7fc96c871008"], "memsize":160, "flags":{"wb_protected":true, "old":true, "marked":true}}
{"address":"0x7fc96c871058", "type":"ARRAY", "length":1, "embedded":true, "references":["0x7fc96d801978"], "flags":{"wb_protected":true, "old":true, "marked":true}}
{"address":"0x7fc96c8710a8", "type":"DATA", "class":"0x7fc96c833488", "struct":"iseq", "references":["0x7fc96c8710f8", "0x7fc96d057a10", "0x7fc96d831b00", "0x7fc96d831b00", "0x7fc96c8714b8"], "memsize":2312, "flags":{"wb_protected":true, "old":true, "marked":true}}
{"address":"0x7fc96c8710f8", "type":"STRING", "class":"0x7fc96c801668", "frozen":true, "fstring":true, "bytesize":16, "capacity":120, "value":"block in rc_file", "memsize":121, "flags":{"wb_protected":true, "old":true, "marked":true}}
{"address":"0x7fc96c871120", "type":"ARRAY", "class":"0x7fc96c84a048", "length":1, "embedded":true, "references":["0x7fc96c870d10"], "flags":{"wb_protected":true, "old":true, "marked":true}}
{"address":"0x7fc96c871198", "type":"DATA", "class":"0x7fc96c833488", "struct":"iseq", "references":["0x7fc96c871058", "0x7fc96c8711e8", "0x7fc96c047850", "0x7fc96d019b48", "0x7fc96d019b48", "0x7fc96c871b20"], "memsize":936, "flags":{"wb_protected":true, "old":true, "marked":true}}
{"address":"0x7fc96c8711c0", "type":"OBJECT", "class":"0x7fc96c8c2688", "ivars":3, "references":["0x7fc96c871120"], "flags":{"wb_protected":true, "old":true, "marked":true}}
{"address":"0x7fc96c8711e8", "type":"STRING", "class":"0x7fc96c801668", "frozen":true, "fstring":true, "bytesize":36, "capacity":120, "value":"block (2 levels) in <top (required)>", "memsize":121, "flags":{"wb_protected":true, "old":true, "marked":true}}
{"address":"0x7fc96c871238", "type":"OBJECT", "class":"0x7fc96d077ae0", "ivars":5, "references":["0x7fc96c8713a0", "0x7fc96c8711c0", "0x7fc96c8711c0"], "memsize":40, "flags":{"wb_protected":true, "old":true, "marked":true}}
{"address":"0x7fc96c871328", "type":"STRING", "class":"0x7fc96c801668", "frozen":true, "embedded":true, "fstring":true, "bytesize":5, "value":"\\.rb$", "encoding":"US-ASCII", "flags":{"wb_protected":true, "old":true, "marked":true}}
{"address":"0x7fc96c871350", "type":"STRING", "class":"0x7fc96c801668", "frozen":true, "embedded":true, "fstring":true, "bytesize":4, "value":"[89]", "encoding":"US-ASCII", "flags":{"wb_protected":true, "old":true, "marked":true}}
{"address":"0x7fc96c8713a0", "type":"STRING", "class":"0x7fc96c801668", "embedded":true, "bytesize":7, "value":"faraday", "encoding":"UTF-8", "flags":{"wb_protected":true, "old":true, "marked":true}}
{"address":"0x7fc96c8713c8", "type":"REGEXP", "class":"0x7fc96c8491e8", "references":["0x7fc96c871350"], "memsize":528, "flags":{"wb_protected":true, "old":true, "marked":true}}
{"address":"0x7fc96c8713f0", "type":"DATA", "class":"0x7fc96c833488", "struct":"iseq", "references":["0x7fc96c871030", "0x7fc96c820180", "0x7fc96c047850", "0x7fc96d019b48", "0x7fc96d019b48", "0x7fc96c871b20"], "memsize":3552, "flags":{"wb_protected":true, "old":true, "marked":true}}
{"address":"0x7fc96c871418", "type":"REGEXP", "class":"0x7fc96c8491e8", "references":["0x7fc96c871328"], "memsize":477, "flags":{"wb_protected":true, "old":true, "marked":true}}
{"address":"0x7fc96c871440", "type":"STRING", "class":"0x7fc96c801668", "frozen":true, "embedded":true, "fstring":true, "bytesize":12, "value":"\\.(so|o|sl)$", "encoding":"US-ASCII", "flags":{"wb_protected":true, "old":true, "marked":true}}
{"address":"0x7fc96c8714b8", "type":"NODE", "node_type":"NODE_CREF", "references":["0x7fc96c8698a8", "0x7fc96d0114e8"], "flags":{"wb_protected":true, "old":true, "marked":true}}
{"address":"0x7fc96c871508", "type":"DATA", "class":"0x7fc96c833488", "struct":"iseq", "references":["0x7fc96c870e28", "0x7fc96d057a10", "0x7fc96d057a10", "0x7fc96d831b00", "0x7fc96d831b00", "0x7fc96c8714b8", "0x7fc96c869628"], "memsize":2680, "flags":{"wb_protected":true, "old":true, "marked":true}}
{"address":"0x7fc96c871530", "type":"REGEXP", "class":"0x7fc96c8491e8", "references":["0x7fc96c871c38"], "memsize":512, "flags":{"wb_protected":true, "old":true, "marked":true}}
{"address":"0x7fc96c871580", "type":"STRING", "class":"0x7fc96c801668", "frozen":true, "embedded":true, "fstring":true, "bytesize":2, "value":"rc", "encoding":"UTF-8", "flags":{"wb_protected":true, "old":true, "marked":true}}
{"address":"0x7fc96c8715d0", "type":"OBJECT", "class":"0x7fc96d077ae0", "ivars":5, "references":["0x7fc96c870c98", "0x7fc96c871878", "0x7fc96c871878"], "memsize":40, "flags":{"wb_protected":true, "old":true, "marked":true}}
{"address":"0x7fc96c871620", "type":"DATA", "class":"0x7fc96c833488", "struct":"iseq", "references":["0x7fc96c820180", "0x7fc96c047850", "0x7fc96d019b48", "0x7fc96d019b48", "0x7fc96c871b20"], "memsize":712, "flags":{"wb_protected":true, "old":true, "marked":true}}
{"address":"0x7fc96c871670", "type":"STRING", "class":"0x7fc96c801668", "frozen":true, "embedded":true, "fstring":true, "bytesize":5, "value":"[0-7]", "encoding":"US-ASCII", "flags":{"wb_protected":true, "old":true, "marked":true}}
{"address":"0x7fc96c871698", "type":"STRING", "class":"0x7fc96c801668", "frozen":true, "embedded":true, "fstring":true, "bytesize":12, "value":".irb-history", "encoding":"UTF-8", "flags":{"wb_protected":true, "old":true, "marked":true}}
{"address":"0x7fc96c8716c0", "type":"STRING", "class":"0x7fc96c801668", "frozen":true, "embedded":true, "fstring":true, "bytesize":2, "value":"pp", "encoding":"US-ASCII", "flags":{"wb_protected":true, "old":true, "marked":true}}
{"address":"0x7fc96c871710", "type":"REGEXP", "class":"0x7fc96c8491e8", "references":["0x7fc96c871670"], "memsize":504, "flags":{"wb_protected":true, "old":true, "marked":true}}
{"address":"0x7fc96c871760", "type":"STRING", "class":"0x7fc96c801668", "frozen":true, "embedded":true, "fstring":true, "bytesize":14, "value":"irb/completion", "encoding":"UTF-8", "flags":{"wb_protected":true, "old":true, "marked":true}}
{"address":"0x7fc96c871788", "type":"ARRAY", "length":1, "embedded":true, "references":["0x7fc96c800358"], "flags":{"wb_protected":true, "old":true, "marked":true}}
{"address":"0x7fc96c871800", "type":"ARRAY", "length":2, "embedded":true, "references":["0x7fc96c872368", "0x7fc96c872368"], "flags":{"wb_protected":true, "old":true, "marked":true}}
{"address":"0x7fc96c871828", "type":"DATA", "class":"0x7fc96c833488", "struct":"iseq", "references":["0x7fc96c871788", "0x7fc96c871a30", "0x7fc96c047850", "0x7fc96d019b48", "0x7fc96d019b48", "0x7fc96c871b20"], "memsize":560, "flags":{"wb_protected":true, "old":true, "marked":true}}
{"address":"0x7fc96c871850", "type":"STRING", "class":"0x7fc96c801668", "frozen":true, "embedded":true, "fstring":true, "bytesize":6, "value":"[0-9_]", "encoding":"US-ASCII", "flags":{"wb_protected":true, "old":true, "marked":true}}
{"address":"0x7fc96c871878", "type":"OBJECT", "class":"0x7fc96c8c2688", "ivars":3, "references":["0x7fc96c871df0"], "flags":{"wb_protected":true, "old":true, "marked":true}}
{"address":"0x7fc96c8718c8", "type":"REGEXP", "class":"0x7fc96c8491e8", "references":["0x7fc96c871850"], "memsize":512, "flags":{"wb_protected":true, "old":true, "marked":true}}
{"address":"0x7fc96c8718f0", "type":"STRING", "class":"0x7fc96c801668", "frozen":true, "embedded":true, "fstring":true, "bytesize":8, "value":"readline", "encoding":"UTF-8", "flags":{"wb_protected":true, "old":true, "marked":true}}
{"address":"0x7fc96c871918", "type":"ARRAY", "length":31, "references":["0x7fc96c8719e0", "0x7fc96c871828", "0x7fc96c871620", "0x7fc96c8713f0", "0x7fc96c870c70", "0x7fc96c8718f0", "0x7fc96c871760", "0x7fc96c871698", "0x7fc96c044da8", "0x7fc96c870ea0", "0x7fc96c02e620", "0x7fc96c870e78", "0x7fc96d0124d8", "0x7fc96d011f38", "0x7fc96c051648", "0x7fc96c02e620", "0x7fc96d0115d8", "0x7fc96d037e90", "0x7fc96d037648", "0x7fc96c870e00", "0x7fc96c870dd8", "0x7fc96c870e00", "0x7fc96c870db0", "0x7fc96c870d38", "0x7fc96c044da8", "0x7fc96c870ae0", "0x7fc96c044da8", "0x7fc96c870ab8", "0x7fc96c871828", "0x7fc96c8719e0", "0x7fc96c870c70"], "memsize":296, "flags":{"wb_protected":true, "old":true, "marked":true}}
{"address":"0x7fc96c871940", "type":"ARRAY", "length":1, "embedded":true, "references":["0x7fc96c871968"], "flags":{"wb_protected":true, "old":true, "marked":true}}
{"address":"0x7fc96c871968", "type":"STRING", "class":"0x7fc96c801668", "frozen":true, "fstring":true, "bytesize":346, "value":"Readline was unable to be required, if you need completion or history install readline then reinstall the ruby.\nYou may follow 'rvm notes' for dependencies and/or read the docs page https://rvm.io/packages/readline/ . Be sure you 'rvm remove X ; rvm install X' to re-compile your ruby with readline support after obtaining the readline libraries.", "encoding":"UTF-8", "memsize":347, "flags":{"wb_protected":true, "old":true, "marked":true}}
{"address":"0x7fc96c8719e0", "type":"DATA", "class":"0x7fc96c833488", "struct":"iseq", "references":["0x7fc96c871940", "0x7fc96c871a30", "0x7fc96c047850", "0x7fc96d019b48", "0x7fc96d019b48", "0x7fc96c871b20"], "memsize":888, "flags":{"wb_protected":true, "old":true, "marked":true}}
{"address":"0x7fc96c871a08", "type":"ARRAY", "length":6, "references":["0x7fc96c871f30", "0x7fc96c800358", "0x7fc96c872160", "0x7fc96d801978", "0x7fc96c051d78", "0x7fc96d801978"], "memsize":160, "flags":{"wb_protected":true, "old":true, "marked":true}}
{"address":"0x7fc96c871a30", "type":"STRING", "class":"0x7fc96c801668", "frozen":true, "fstring":true, "bytesize":26, "capacity":48, "value":"rescue in <top (required)>", "memsize":49, "flags":{"wb_protected":true, "old":true, "marked":true}}
{"address":"0x7fc96c871a80", "type":"STRING", "class":"0x7fc96c801668", "frozen":true, "embedded":true, "fstring":true, "bytesize":4, "value":"[dD]", "encoding":"US-ASCII", "flags":{"wb_protected":true, "old":true, "marked":true}}
{"address":"0x7fc96c871af8", "type":"REGEXP", "class":"0x7fc96c8491e8", "references":["0x7fc96c871a80"], "memsize":528, "flags":{"wb_protected":true, "old":true, "marked":true}}
{"address":"0x7fc96c871b20", "type":"NODE", "node_type":"NODE_CREF", "references":["0x7fc96c803788"], "flags":{"wb_protected":true, "old":true, "marked":true}}
{"address":"0x7fc96c871b48", "type":"DATA", "class":"0x7fc96c833488", "struct":"iseq", "references":["0x7fc96c871918", "0x7fc96c047850", "0x7fc96c047850", "0x7fc96d019b48", "0x7fc96d019b48", "0x7fc96c871b20"], "memsize":12048, "flags":{"wb_protected":true, "old":true, "marked":true}}
{"address":"0x7fc96c871b70", "type":"ARRAY", "length":2, "embedded":true, "references":["0x7fc96c871d78", "0x7fc96d801978"], "flags":{"wb_protected":true, "old":true, "marked":true}}
{"address":"0x7fc96c871c38", "type":"STRING", "class":"0x7fc96c801668", "frozen":true, "embedded":true, "fstring":true, "bytesize":6, "value":"[0-7_]", "encoding":"US-ASCII", "flags":{"wb_protected":true, "old":true, "marked":true}}
{"address":"0x7fc96c871cb0", "type":"REGEXP", "class":"0x7fc96c8491e8", "references":["0x7fc96c871c38"], "memsize":512, "flags":{"wb_protected":true, "old":true, "marked":true}}
{"address":"0x7fc96c871d78", "type":"STRING", "class":"0x7fc96c801668", "frozen":true, "embedded":true, "fstring":true, "bytesize":1, "value":"\t", "encoding":"UTF-8", "flags":{"wb_protected":true, "old":true, "marked":true}}
{"address":"0x7fc96c871df0", "type":"ARRAY", "class":"0x7fc96c84a048", "length":1, "embedded":true, "references":["0x7fc96c873678"], "flags":{"wb_protected":true, "old":true, "marked":true}}
{"address":"0x7fc96c871e68", "type":"STRING", "class":"0x7fc96c801668", "frozen":true, "embedded":true, "fstring":true, "bytesize":4, "value":"[oO]", "encoding":"US-ASCII", "flags":{"wb_protected":true, "old":true, "marked":true}}
{"address":"0x7fc96c871ee0", "type":"REGEXP", "class":"0x7fc96c8491e8", "references":["0x7fc96c871e68"], "memsize":528, "flags":{"wb_protected":true, "old":true, "marked":true}}
{"address":"0x7fc96c871f30", "type":"DATA", "class":"0x7fc96c833488", "struct":"iseq", "references":["0x7fc96c871b70", "0x7fc96c871fa8", "0x7fc96d830f20", "0x7fc96d831b00", "0x7fc96d831b00", "0x7fc96c872818"], "memsize":920, "flags":{"wb_protected":true, "old":true, "marked":true}}
{"address":"0x7fc96c871fa8", "type":"STRING", "class":"0x7fc96c801668", "frozen":true, "fstring":true, "bytesize":19, "capacity":120, "value":"block in run_config", "memsize":121, "flags":{"wb_protected":true, "old":true, "marked":true}}
{"address":"0x7fc96c872048", "type":"STRING", "class":"0x7fc96c801668", "frozen":true, "embedded":true, "fstring":true, "bytesize":5, "value":"[01_]", "encoding":"US-ASCII", "flags":{"wb_protected":true, "old":true, "marked":true}}
{"address":"0x7fc96c8720c0", "type":"REGEXP", "class":"0x7fc96c8491e8", "references":["0x7fc96c872048"], "memsize":504, "flags":{"wb_protected":true, "old":true, "marked":true}}
{"address":"0x7fc96c872160", "type":"STRING", "class":"0x7fc96c801668", "frozen":true, "embedded":true, "fstring":true, "bytesize":12, "value":"load error: ", "encoding":"UTF-8", "flags":{"wb_protected":true, "old":true, "marked":true}}
{"address":"0x7fc96c872188", "type":"ARRAY", "length":1, "embedded":true, "references":["0x7fc96c872958"], "flags":{"wb_protected":true, "old":true, "marked":true}}
{"address":"0x7fc96c8721b0", "type":"STRING", "class":"0x7fc96c801668", "embedded":true, "bytesize":5, "value":"2.2.0", "encoding":"UTF-8", "flags":{"wb_protected":true, "old":true, "marked":true}}
{"address":"0x7fc96c8722a0", "type":"STRING", "class":"0x7fc96c801668", "frozen":true, "embedded":true, "fstring":true, "bytesize":4, "value":"[bB]", "encoding":"US-ASCII", "flags":{"wb_protected":true, "old":true, "marked":true}}
{"address":"0x7fc96c872318", "type":"REGEXP", "class":"0x7fc96c8491e8", "references":["0x7fc96c8722a0"], "memsize":528, "flags":{"wb_protected":true, "old":true, "marked":true}}
{"address":"0x7fc96c872368", "type":"DATA", "class":"0x7fc96c833488", "struct":"iseq", "references":["0x7fc96c871a08", "0x7fc96c872598", "0x7fc96d830f20", "0x7fc96d831b00", "0x7fc96d831b00", "0x7fc96c872818"], "memsize":2880, "flags":{"wb_protected":true, "old":true, "marked":true}}
{"address":"0x7fc96c8723e0", "type":"OBJECT", "class":"0x7fc96d040a68", "ivars":3, "references":["0x7fc96c8721b0"], "flags":{"wb_protected":true, "old":true, "marked":true}}
{"address":"0x7fc96c872430", "type":"STRING", "class":"0x7fc96c801668", "shared":true, "encoding":"UTF-8", "references":["0x7fc96c8724f8"], "flags":{"wb_protected":true, "old":true, "marked":true}}
{"address":"0x7fc96c872458", "type":"STRING", "class":"0x7fc96c801668", "frozen":true, "embedded":true, "fstring":true, "bytesize":12, "value":"[0-9a-fA-F_]", "encoding":"US-ASCII", "flags":{"wb_protected":true, "old":true, "marked":true}}
{"address":"0x7fc96c8724d0", "type":"REGEXP", "class":"0x7fc96c8491e8", "references":["0x7fc96c872458"], "memsize":512, "flags":{"wb_protected":true, "old":true, "marked":true}}
{"address":"0x7fc96c8724f8", "type":"STRING", "class":"0x7fc96c801668", "frozen":true, "bytesize":79, "value":"This gem wraps the DigitalOcean API documented at https://api.digitalocean.com/", "encoding":"UTF-8", "memsize":80, "flags":{"wb_protected":true, "old":true, "marked":true}}
{"address":"0x7fc96c872598", "type":"STRING", "class":"0x7fc96c801668", "frozen":true, "embedded":true, "fstring":true, "bytesize":20, "value":"rescue in run_config", "flags":{"wb_protected":true, "old":true, "marked":true}}
{"address":"0x7fc96c872610", "type":"STRING", "class":"0x7fc96c801668", "frozen":true, "embedded":true, "fstring":true, "bytesize":13, "value":"current_value", "encoding":"US-ASCII", "flags":{"wb_protected":true, "old":true, "marked":true}}
{"address":"0x7fc96c872638", "type":"STRING", "class":"0x7fc96c801668", "embedded":true, "bytesize":5, "value":"2.2.0", "encoding":"UTF-8", "flags":{"wb_protected":true, "old":true, "marked":true}}
{"address":"0x7fc96c872660", "type":"ARRAY", "class":"0x7fc96c84a048", "length":1, "embedded":true, "references":["0x7fc96c872728"], "flags":{"wb_protected":true, "old":true, "marked":true}}
{"address":"0x7fc96c872688", "type":"STRING", "class":"0x7fc96c801668", "frozen":true, "embedded":true, "fstring":true, "bytesize":3, "value":"rex", "encoding":"US-ASCII", "flags":{"wb_protected":true, "old":true, "marked":true}}
{"address":"0x7fc96c8726b0", "type":"STRING", "class":"0x7fc96c801668", "frozen":true, "embedded":true, "fstring":true, "bytesize":4, "value":"[xX]", "encoding":"US-ASCII", "flags":{"wb_protected":true, "old":true, "marked":true}}
{"address":"0x7fc96c8726d8", "type":"STRING", "class":"0x7fc96c801668", "frozen":true, "embedded":true, "fstring":true, "bytesize":9, "value":"attr_name", "encoding":"US-ASCII", "flags":{"wb_protected":true, "old":true, "marked":true}}
{"address":"0x7fc96c872700", "type":"STRING", "class":"0x7fc96c801668", "embedded":true, "bytesize":2, "value":"~>", "encoding":"UTF-8", "flags":{"wb_protected":true, "old":true, "marked":true}}
{"address":"0x7fc96c872728", "type":"STRING", "class":"0x7fc96c801668", "embedded":true, "bytesize":3, "value":"MIT", "encoding":"UTF-8", "flags":{"wb_protected":true, "old":true, "marked":true}}
{"address":"0x7fc96c872750", "type":"REGEXP", "class":"0x7fc96c8491e8", "references":["0x7fc96c8726b0"], "memsize":528, "flags":{"wb_protected":true, "old":true, "marked":true}}
{"address":"0x7fc96c872778", "type":"STRING", "class":"0x7fc96c801668", "shared":true, "encoding":"UTF-8", "references":["0x7fc96d0359b0"], "flags":{"wb_protected":true, "old":true, "marked":true}}
{"address":"0x7fc96c8727a0", "type":"ARRAY", "class":"0x7fc96c84a048", "length":1, "embedded":true, "references":["0x7fc96c8727f0"], "flags":{"wb_protected":true, "old":true, "marked":true}}
{"address":"0x7fc96c8727f0", "type":"STRING", "class":"0x7fc96c801668", "embedded":true, "bytesize":15, "value":"roland@moriz.de", "encoding":"UTF-8", "flags":{"wb_protected":true, "old":true, "marked":true}}
{"address":"0x7fc96c872818", "type":"NODE", "node_type":"NODE_CREF", "references":["0x7fc96c8698a8", "0x7fc96d0114e8"], "flags":{"wb_protected":true, "old":true, "marked":true}}
{"address":"0x7fc96c872840", "type":"STRING", "class":"0x7fc96c801668", "shared":true, "encoding":"UTF-8", "references":["0x7fc96d035b90"], "flags":{"wb_protected":true, "old":true, "marked":true}}
{"address":"0x7fc96c872890", "type":"DATA", "class":"0x7fc96c841150", "struct":"time", "memsize":88, "flags":{"remembered":true}}
{"address":"0x7fc96c872958", "type":"STRING", "class":"0x7fc96c801668", "frozen":true, "embedded":true, "fstring":true, "bytesize":5, "value":"/.irb", "encoding":"UTF-8", "flags":{"wb_protected":true, "old":true, "marked":true}}
{"address":"0x7fc96c872980", "type":"DATA", "class":"0x7fc96c833488", "struct":"iseq", "references":["0x7fc96c871800", "0x7fc96d830f20", "0x7fc96d830f20", "0x7fc96d831b00", "0x7fc96d831b00", "0x7fc96c872818", "0x7fc96c869628"], "memsize":1328, "flags":{"wb_protected":true, "old":true, "marked":true}}
{"address":"0x7fc96c8729a8", "type":"OBJECT", "class":"0x7fc96d040a68", "ivars":3, "references":["0x7fc96c873420"], "flags":{"wb_protected":true, "old":true, "marked":true}}
{"address":"0x7fc96c8729d0", "type":"STRING", "class":"0x7fc96c801668", "frozen":true, "embedded":true, "fstring":true, "bytesize":4, "value":"priv", "encoding":"US-ASCII", "flags":{"wb_protected":true, "old":true, "marked":true}}
{"address":"0x7fc96c8729f8", "type":"STRING", "class":"0x7fc96c801668", "frozen":true, "embedded":true, "fstring":true, "bytesize":5, "value":"[.eE]", "encoding":"US-ASCII", "flags":{"wb_protected":true, "old":true, "marked":true}}
{"address":"0x7fc96c872a70", "type":"REGEXP", "class":"0x7fc96c8491e8", "references":["0x7fc96c8729f8"], "memsize":504, "flags":{"wb_protected":true, "old":true, "marked":true}}
{"address":"0x7fc96c872b60", "type":"ARRAY", "class":"0x7fc96c84a048", "length":1, "embedded":true, "references":["0x7fc96c872c28"], "flags":{"wb_protected":true, "old":true, "marked":true}}
{"address":"0x7fc96c872c00", "type":"ARRAY", "length":1, "embedded":true, "references":["0x7fc96d05c948"], "flags":{"wb_protected":true, "old":true, "marked":true}}
{"address":"0x7fc96c872c28", "type":"STRING", "class":"0x7fc96c801668", "embedded":true, "bytesize":12, "value":"Roland Moriz", "encoding":"UTF-8", "flags":{"wb_protected":true, "old":true, "marked":true}}
{"address":"0x7fc96c872c78", "type":"ARRAY", "class":"0x7fc96c84a048", "length":1, "embedded":true, "references":["0x7fc96c872ca0"], "flags":{"wb_protected":true, "old":true, "marked":true}}
{"address":"0x7fc96c872ca0", "type":"STRING", "class":"0x7fc96c801668", "embedded":true, "bytesize":3, "value":"lib", "encoding":"UTF-8", "flags":{"wb_protected":true, "old":true, "marked":true}}
{"address":"0x7fc96c872de0", "type":"STRING", "class":"0x7fc96c801668", "frozen":true, "embedded":true, "fstring":true, "bytesize":9, "value":"breakable", "encoding":"US-ASCII", "flags":{"wb_protected":true, "old":true, "marked":true}}
{"address":"0x7fc96c872e30", "type":"ARRAY", "class":"0x7fc96c84a048", "length":1, "embedded":true, "references":["0x7fc96c8c1e90"], "flags":{"wb_protected":true, "old":true, "marked":true}}
{"address":"0x7fc96c872ed0", "type":"OBJECT", "class":"0x7fc96c8c2688", "ivars":3, "references":["0x7fc96c872e30"], "flags":{"wb_protected":true, "old":true, "marked":true}}
{"address":"0x7fc96c872f70", "type":"STRING", "class":"0x7fc96c801668", "embedded":true, "bytesize":5, "value":"1.0.1", "encoding":"UTF-8", "flags":{"wb_protected":true, "old":true, "marked":true}}
{"address":"0x7fc96c872fc0", "type":"DATA", "class":"0x7fc96c833488", "struct":"iseq", "references":["0x7fc96c872c00", "0x7fc96c873100", "0x7fc96d831088", "0x7fc96d831b00", "0x7fc96d831b00", "0x7fc96d0350c8"], "memsize":1032, "flags":{"wb_protected":true, "old":true, "marked":true}}
{"address":"0x7fc96c873010", "type":"STRING", "class":"0x7fc96c801668", "frozen":true, "embedded":true, "fstring":true, "bytesize":3, "value":"con", "encoding":"US-ASCII", "flags":{"wb_protected":true, "old":true, "marked":true}}
{"address":"0x7fc96c873100", "type":"STRING", "class":"0x7fc96c801668", "frozen":true, "fstring":true, "bytesize":19, "capacity":120, "value":"block in parse_opts", "memsize":121, "flags":{"wb_protected":true, "old":true, "marked":true}}
{"address":"0x7fc96c873178", "type":"STRING", "class":"0x7fc96c801668", "frozen":true, "embedded":true, "fstring":true, "bytesize":1, "value":"q", "encoding":"US-ASCII", "flags":{"wb_protected":true, "old":true, "marked":true}}
{"address":"0x7fc96c8731a0", "type":"STRING", "class":"0x7fc96c801668", "frozen":true, "embedded":true, "fstring":true, "bytesize":12, "value":"pretty_print", "encoding":"US-ASCII", "flags":{"wb_protected":true, "old":true, "marked":true}}
{"address":"0x7fc96c8731c8", "type":"OBJECT", "class":"0x7fc96d040a68", "ivars":3, "references":["0x7fc96c872f70"], "flags":{"wb_protected":true, "old":true, "marked":true}}
{"address":"0x7fc96c873240", "type":"STRING", "class":"0x7fc96c801668", "embedded":true, "bytesize":13, "value":"digital_ocean", "encoding":"UTF-8", "flags":{"wb_protected":true, "old":true, "marked":true}}
{"address":"0x7fc96c8732b8", "type":"ARRAY", "class":"0x7fc96c84a048", "length":0, "flags":{"wb_protected":true, "old":true, "marked":true}}
{"address":"0x7fc96c873420", "type":"STRING", "class":"0x7fc96c801668", "embedded":true, "bytesize":3, "value":"2.0", "encoding":"UTF-8", "flags":{"wb_protected":true, "old":true, "marked":true}}
{"address":"0x7fc96c873448", "type":"STRING", "class":"0x7fc96c801668", "frozen":true, "embedded":true, "fstring":true, "bytesize":2, "value":"--", "encoding":"UTF-8", "flags":{"wb_protected":true, "old":true, "marked":true}}
{"address":"0x7fc96c873470", "type":"ARRAY", "class":"0x7fc96c84a048", "length":0, "flags":{"wb_protected":true, "old":true, "marked":true}}
{"address":"0x7fc96c873498", "type":"STRING", "class":"0x7fc96c801668", "frozen":true, "embedded":true, "fstring":true, "bytesize":6, "value":"--help", "encoding":"UTF-8", "flags":{"wb_protected":true, "old":true, "marked":true}}
{"address":"0x7fc96c8734c0", "type":"STRING", "class":"0x7fc96c801668", "frozen":true, "embedded":true, "fstring":true, "bytesize":2, "value":"-h", "encoding":"UTF-8", "flags":{"wb_protected":true, "old":true, "marked":true}}
{"address":"0x7fc96c8734e8", "type":"STRING", "class":"0x7fc96c801668", "frozen":true, "embedded":true, "fstring":true, "bytesize":8, "value":"irb/help", "encoding":"UTF-8", "flags":{"wb_protected":true, "old":true, "marked":true}}
{"address":"0x7fc96c873510", "type":"STRING", "class":"0x7fc96c801668", "frozen":true, "embedded":true, "fstring":true, "bytesize":9, "value":"--version", "encoding":"UTF-8", "flags":{"wb_protected":true, "old":true, "marked":true}}
{"address":"0x7fc96c873538", "type":"STRING", "class":"0x7fc96c801668", "frozen":true, "embedded":true, "fstring":true, "bytesize":2, "value":"-v", "encoding":"UTF-8", "flags":{"wb_protected":true, "old":true, "marked":true}}
{"address":"0x7fc96c8735b0", "type":"STRING", "class":"0x7fc96c801668", "frozen":true, "embedded":true, "fstring":true, "bytesize":12, "value":"--single-irb", "encoding":"UTF-8", "flags":{"wb_protected":true, "old":true, "marked":true}}
{"address":"0x7fc96c873650", "type":"OBJECT", "class":"0x7fc96c8c2688", "ivars":3, "references":["0x7fc96d074700"], "flags":{"wb_protected":true, "old":true, "marked":true}}
{"address":"0x7fc96c873678", "type":"ARRAY", "class":"0x7fc96c84a048", "length":2, "embedded":true, "references":["0x7fc96c872700", "0x7fc96c8729a8"], "flags":{"wb_protected":true, "old":true, "marked":true}}
{"address":"0x7fc96c8736c8", "type":"STRING", "class":"0x7fc96c801668", "frozen":true, "embedded":true, "fstring":true, "bytesize":8, "value":"--tracer", "encoding":"UTF-8", "flags":{"wb_protected":true, "old":true, "marked":true}}
{"address":"0x7fc96c873740", "type":"STRING", "class":"0x7fc96c801668", "embedded":true, "bytesize":5, "value":"guard", "encoding":"UTF-8", "flags":{"wb_protected":true, "old":true, "marked":true}}
{"address":"0x7fc96c873790", "type":"STRING", "class":"0x7fc96c801668", "frozen":true, "embedded":true, "fstring":true, "bytesize":15, "value":"--simple-prompt", "encoding":"UTF-8", "flags":{"wb_protected":true, "old":true, "marked":true}}
{"address":"0x7fc96c8737b8", "type":"STRING", "class":"0x7fc96c801668", "frozen":true, "embedded":true, "fstring":true, "bytesize":18, "value":"--sample-book-mode", "encoding":"UTF-8", "flags":{"wb_protected":true, "old":true, "marked":true}}
{"address":"0x7fc96c8737e0", "type":"STRING", "class":"0x7fc96c801668", "frozen":true, "embedded":true, "fstring":true, "bytesize":15, "value":"--inf-ruby-mode", "encoding":"UTF-8", "flags":{"wb_protected":true, "old":true, "marked":true}}
{"address":"0x7fc96c873808", "type":"STRING", "class":"0x7fc96c801668", "frozen":true, "embedded":true, "fstring":true, "bytesize":10, "value":"--noprompt", "encoding":"UTF-8", "flags":{"wb_protected":true, "old":true, "marked":true}}
{"address":"0x7fc96c873858", "type":"STRING", "class":"0x7fc96c801668", "frozen":true, "embedded":true, "fstring":true, "bytesize":1, "value":"_", "encoding":"UTF-8", "flags":{"wb_protected":true, "old":true, "marked":true}}
{"address":"0x7fc96c873880", "type":"STRING", "class":"0x7fc96c801668", "frozen":true, "embedded":true, "fstring":true, "bytesize":2, "value":"\\W", "encoding":"US-ASCII", "flags":{"wb_protected":true, "old":true, "marked":true}}
{"address":"0x7fc96c8738a8", "type":"STRING", "class":"0x7fc96c801668", "frozen":true, "embedded":true, "fstring":true, "bytesize":11, "value":"--noverbose", "encoding":"UTF-8", "flags":{"wb_protected":true, "old":true, "marked":true}}
{"address":"0x7fc96c8738d0", "type":"ARRAY", "class":"0x7fc96c84a048", "length":0, "flags":{"wb_protected":true, "old":true, "marked":true}}
{"address":"0x7fc96c873920", "type":"REGEXP", "class":"0x7fc96c8491e8", "references":["0x7fc96c873880"], "memsize":468, "flags":{"wb_protected":true, "old":true, "marked":true}}
{"address":"0x7fc96c873948", "type":"STRING", "class":"0x7fc96c801668", "frozen":true, "embedded":true, "fstring":true, "bytesize":9, "value":"--verbose", "encoding":"UTF-8", "flags":{"wb_protected":true, "old":true, "marked":true}}
{"address":"0x7fc96c873998", "type":"STRING", "class":"0x7fc96c801668", "frozen":true, "embedded":true, "fstring":true, "bytesize":8, "value":"--noecho", "encoding":"UTF-8", "flags":{"wb_protected":true, "old":true, "marked":true}}
{"address":"0x7fc96c8739c0", "type":"STRING", "class":"0x7fc96c801668", "embedded":true, "bytesize":4, "value":"ruby", "encoding":"UTF-8", "flags":{"wb_protected":true, "old":true, "marked":true}}
{"address":"0x7fc96c873a38", "type":"HASH", "class":"0x7fc96c849918", "size":0, "flags":{"wb_protected":true, "old":true, "marked":true}}
{"address":"0x7fc96c873ab0", "type":"STRING", "class":"0x7fc96c801668", "frozen":true, "embedded":true, "fstring":true, "bytesize":6, "value":"--echo", "encoding":"UTF-8", "flags":{"wb_protected":true, "old":true, "marked":true}}
{"address":"0x7fc96c873b50", "type":"STRING", "class":"0x7fc96c801668", "frozen":true, "embedded":true, "fstring":true, "bytesize":3, "value":"act", "encoding":"US-ASCII", "flags":{"wb_protected":true, "old":true, "marked":true}}
{"address":"0x7fc96c873bc8", "type":"ARRAY", "class":"0x7fc96c84a048", "length":0, "flags":{"wb_protected":true, "old":true, "marked":true}}
{"address":"0x7fc96c873c40", "type":"ARRAY", "class":"0x7fc96c84a048", "length":0, "flags":{"wb_protected":true, "old":true, "marked":true}}
{"address":"0x7fc96c873c68", "type":"STRING", "class":"0x7fc96c801668", "frozen":true, "embedded":true, "fstring":true, "bytesize":12, "value":"--noreadline", "encoding":"UTF-8", "flags":{"wb_protected":true, "old":true, "marked":true}}
{"address":"0x7fc96c873ce0", "type":"DATA", "class":"0x7fc96c833488", "struct":"iseq", "references":["0x7fc96c86bd38", "0x7fc96c8707e8", "0x7fc96d054a40", "0x7fc96d831b00", "0x7fc96d831b00", "0x7fc96c870bd0"], "memsize":824, "flags":{"wb_protected":true, "old":true, "marked":true}}
{"address":"0x7fc96c873d30", "type":"STRING", "class":"0x7fc96c801668", "frozen":true, "embedded":true, "fstring":true, "bytesize":10, "value":"--readline", "encoding":"UTF-8", "flags":{"wb_protected":true, "old":true, "marked":true}}
{"address":"0x7fc96c873d58", "type":"STRING", "class":"0x7fc96c801668", "frozen":true, "embedded":true, "fstring":true, "bytesize":11, "value":"--noinspect", "encoding":"UTF-8", "flags":{"wb_protected":true, "old":true, "marked":true}}
{"address":"0x7fc96c873d80", "type":"ARRAY", "class":"0x7fc96c84a048", "length":0, "flags":{"wb_protected":true, "old":true, "marked":true}}
{"address":"0x7fc96c873da8", "type":"STRING", "class":"0x7fc96c801668", "frozen":true, "embedded":true, "fstring":true, "bytesize":3, "value":"RVM", "encoding":"US-ASCII", "flags":{"wb_protected":true, "old":true, "marked":true}}
{"address":"0x7fc96c873e20", "type":"ARRAY", "class":"0x7fc96c84a048", "length":0, "flags":{"wb_protected":true, "old":true, "marked":true}}
{"address":"0x7fc96c873e98", "type":"ARRAY", "class":"0x7fc96c84a048", "length":13, "references":["0x7fc96c871238", "0x7fc96c870b58", "0x7fc96c8704f0", "0x7fc96c870068", "0x7fc96c8715d0", "0x7fc96c86bf68", "0x7fc96c86bb80", "0x7fc96c86b748", "0x7fc96c86b2e8", "0x7fc96c86abe0", "0x7fc96c86a4d8", "0x7fc96c869f88", "0x7fc96c8694c0"], "memsize":160, "flags":{"wb_protected":true, "old":true, "marked":true}}
{"address":"0x7fc96c873ee8", "type":"STRING", "class":"0x7fc96c801668", "frozen":true, "embedded":true, "fstring":true, "bytesize":9, "value":"--inspect", "encoding":"UTF-8", "flags":{"wb_protected":true, "old":true, "marked":true}}
{"address":"0x7fc96c873f88", "type":"STRING", "class":"0x7fc96c801668", "frozen":true, "embedded":true, "fstring":true, "bytesize":2, "value":"-U", "encoding":"UTF-8", "flags":{"wb_protected":true, "old":true, "marked":true}}
{"address":"0x7fc96c878010", "type":"ARRAY", "class":"0x7fc96c84a048", "length":1, "embedded":true, "references":["0x7fc96d05fbc0"], "flags":{"wb_protected":true, "old":true, "marked":true}}
{"address":"0x7fc96c878038", "type":"NODE", "node_type":"NODE_CREF", "references":["0x7fc96d02a038", "0x7fc96c8793e8"], "flags":{"wb_protected":true, "old":true, "marked":true}}
{"address":"0x7fc96c8780b0", "type":"OBJECT", "class":"0x7fc96c8c2688", "ivars":3, "references":["0x7fc96c878010"], "flags":{"wb_protected":true, "old":true, "marked":true}}
{"address":"0x7fc96c8780d8", "type":"DATA", "class":"0x7fc96c833488", "struct":"iseq", "references":["0x7fc96c8ab2d0", "0x7fc96c8ab2d0", "0x7fc96d06e698", "0x7fc96d06e698", "0x7fc96c878038", "0x7fc96d02a038"], "memsize":488, "flags":{"wb_protected":true, "old":true, "marked":true}}
{"address":"0x7fc96c878128", "type":"OBJECT", "class":"0x7fc96d077ae0", "ivars":5, "references":["0x7fc96c8782b8", "0x7fc96c8780b0", "0x7fc96c8780b0"], "memsize":40, "flags":{"wb_protected":true, "old":true, "marked":true}}
{"address":"0x7fc96c878178", "type":"STRING", "class":"0x7fc96c801668", "frozen":true, "embedded":true, "fstring":true, "bytesize":14, "value":"add_dependency", "encoding":"US-ASCII", "flags":{"wb_protected":true, "old":true, "marked":true}}
{"address":"0x7fc96c8781a0", "type":"STRING", "class":"0x7fc96c801668", "bytesize":63, "capacity":1026, "value":"/Users/antoine/.rvm/gems/ruby-2.0.0-p247/gems/net-ssh-multi-1.1", "encoding":"US-ASCII", "memsize":1027, "flags":{"wb_protected":true, "old":true, "marked":true}}
{"address":"0x7fc96c8781c8", "type":"NODE", "node_type":"NODE_CREF", "references":["0x7fc96d02a038", "0x7fc96c8793e8"], "flags":{"wb_protected":true, "old":true, "marked":true}}
{"address":"0x7fc96c878240", "type":"DATA", "class":"0x7fc96c833488", "struct":"iseq", "references":["0x7fc96c842f78", "0x7fc96c842f78", "0x7fc96d06e698", "0x7fc96d06e698", "0x7fc96c8781c8", "0x7fc96d02a038"], "memsize":672, "flags":{"wb_protected":true, "old":true, "marked":true}}
{"address":"0x7fc96c8782b8", "type":"STRING", "class":"0x7fc96c801668", "embedded":true, "bytesize":6, "value":"erubis", "encoding":"UTF-8", "flags":{"wb_protected":true, "old":true, "marked":true}}
{"address":"0x7fc96c8782e0", "type":"NODE", "node_type":"NODE_CREF", "references":["0x7fc96d02a038", "0x7fc96c8793e8"], "flags":{"wb_protected":true, "old":true, "marked":true}}
{"address":"0x7fc96c878308", "type":"DATA", "class":"0x7fc96c833488", "struct":"iseq", "references":["0x7fc96c803d28", "0x7fc96c803d28", "0x7fc96d06e698", "0x7fc96d06e698", "0x7fc96c8782e0", "0x7fc96d02a038"], "memsize":1672, "flags":{"wb_protected":true, "old":true, "marked":true}}
{"address":"0x7fc96c878330", "type":"ARRAY", "class":"0x7fc96c84a048", "length":2, "embedded":true, "references":["0x7fc96c8785b0", "0x7fc96c878510"], "flags":{"wb_protected":true, "old":true, "marked":true}}
{"address":"0x7fc96c878358", "type":"STRING", "class":"0x7fc96c801668", "embedded":true, "bytesize":5, "value":"2.2.2", "encoding":"UTF-8", "flags":{"wb_protected":true, "old":true, "marked":true}}
{"address":"0x7fc96c8783a8", "type":"STRING", "class":"0x7fc96c801668", "bytesize":45, "capacity":128, "value":"/Users/antoine/.rvm/gems/ruby-2.0.0-p247/gems", "encoding":"UTF-8", "memsize":129, "flags":{"wb_protected":true, "old":true, "marked":true}}
{"address":"0x7fc96c8783f8", "type":"ARRAY", "length":3, "embedded":true, "references":["0x7fc96c051648", "0x7fc96c890318", "0x7fc96c051648"], "flags":{"wb_protected":true, "old":true, "marked":true}}
{"address":"0x7fc96c878448", "type":"STRING", "class":"0x7fc96c801668", "bytesize":40, "value":"/Users/antoine/.rvm/gems/ruby-2.0.0-p247", "encoding":"UTF-8", "memsize":41, "flags":{"wb_protected":true, "old":true, "marked":true}}
{"address":"0x7fc96c878498", "type":"NODE", "node_type":"NODE_CREF", "references":["0x7fc96d02a038", "0x7fc96c8793e8"], "flags":{"wb_protected":true, "old":true, "marked":true}}
{"address":"0x7fc96c878510", "type":"OBJECT", "class":"0x7fc96d040a68", "ivars":3, "references":["0x7fc96c878358"], "flags":{"wb_protected":true, "old":true, "marked":true}}
{"address":"0x7fc96c878560", "type":"STRING", "class":"0x7fc96c801668", "frozen":true, "embedded":true, "fstring":true, "bytesize":11, "value":"print_usage", "encoding":"US-ASCII", "flags":{"wb_protected":true, "old":true, "marked":true}}
{"address":"0x7fc96c878588", "type":"DATA", "class":"0x7fc96c833488", "struct":"iseq", "references":["0x7fc96c8783f8", "0x7fc96c803be8", "0x7fc96c803be8", "0x7fc96d06e698", "0x7fc96d06e698", "0x7fc96c878498", "0x7fc96d02a038"], "memsize":3768, "flags":{"wb_protected":true, "old":true, "marked":true}}
{"address":"0x7fc96c8785b0", "type":"STRING", "class":"0x7fc96c801668", "embedded":true, "bytesize":2, "value":">=", "encoding":"UTF-8", "flags":{"wb_protected":true, "old":true, "marked":true}}
{"address":"0x7fc96c878628", "type":"DATA", "class":"0x7fc96c833488", "struct":"iseq", "references":["0x7fc96c8aa948", "0x7fc96c8aa948", "0x7fc96d06e698", "0x7fc96d06e698", "0x7fc96c878740", "0x7fc96d02a038"], "memsize":712, "flags":{"wb_protected":true, "old":true, "marked":true}}
{"address":"0x7fc96c878718", "type":"ARRAY", "class":"0x7fc96c84a048", "length":2, "embedded":true, "references":["0x7fc96c878948", "0x7fc96c8788f8"], "flags":{"wb_protected":true, "old":true, "marked":true}}
{"address":"0x7fc96c878740", "type":"NODE", "node_type":"NODE_CREF", "references":["0x7fc96d02a038", "0x7fc96c8793e8"], "flags":{"wb_protected":true, "old":true, "marked":true}}
{"address":"0x7fc96c878768", "type":"STRING", "class":"0x7fc96c801668", "embedded":true, "bytesize":3, "value":"3.0", "encoding":"UTF-8", "flags":{"wb_protected":true, "old":true, "marked":true}}
{"address":"0x7fc96c878808", "type":"STRING", "class":"0x7fc96c801668", "frozen":true, "embedded":true, "fstring":true, "bytesize":20, "value":"version_requirements", "encoding":"US-ASCII", "flags":{"wb_protected":true, "old":true, "marked":true}}
{"address":"0x7fc96c8788f8", "type":"OBJECT", "class":"0x7fc96d040a68", "ivars":3, "references":["0x7fc96c878768"], "flags":{"wb_protected":true, "old":true, "marked":true}}
{"address":"0x7fc96c878948", "type":"STRING", "class":"0x7fc96c801668", "embedded":true, "bytesize":1, "value":"<", "encoding":"UTF-8", "flags":{"wb_protected":true, "old":true, "marked":true}}
{"address":"0x7fc96c878a38", "type":"NODE", "node_type":"NODE_CREF", "references":["0x7fc96d02a4e8", "0x7fc96c8793e8"], "flags":{"wb_protected":true, "old":true, "marked":true}}
{"address":"0x7fc96c878a88", "type":"DATA", "class":"0x7fc96c833488", "struct":"iseq", "references":["0x7fc96c8ab2d0", "0x7fc96c8ab2d0", "0x7fc96d06e698", "0x7fc96d06e698", "0x7fc96c878a38", "0x7fc96d02a4e8"], "memsize":488, "flags":{"wb_protected":true, "old":true, "marked":true}}
{"address":"0x7fc96c878ab0", "type":"STRING", "class":"0x7fc96c801668", "frozen":true, "embedded":true, "fstring":true, "bytesize":2, "value":"%s", "encoding":"US-ASCII", "flags":{"wb_protected":true, "old":true, "marked":true}}
{"address":"0x7fc96c878b00", "type":"ARRAY", "length":1, "embedded":true, "references":["0x7fc96c878b50"], "flags":{"wb_protected":true, "old":true, "marked":true}}
{"address":"0x7fc96c878b28", "type":"REGEXP", "class":"0x7fc96c8491e8", "references":["0x7fc96c878ab0"], "memsize":470, "flags":{"wb_protected":true, "old":true, "marked":true}}
{"address":"0x7fc96c878b50", "type":"STRING", "class":"0x7fc96c801668", "frozen":true, "embedded":true, "fstring":true, "bytesize":4, "value":"gets", "encoding":"UTF-8", "flags":{"wb_protected":true, "old":true, "marked":true}}
{"address":"0x7fc96c878ba0", "type":"STRING", "class":"0x7fc96c801668", "frozen":true, "embedded":true, "fstring":true, "bytesize":12, "value":"default_gem?", "encoding":"US-ASCII", "flags":{"wb_protected":true, "old":true, "marked":true}}
{"address":"0x7fc96c878bc8", "type":"ARRAY", "class":"0x7fc96c84a048", "length":2, "embedded":true, "references":["0x7fc96c878718", "0x7fc96c878330"], "flags":{"wb_protected":true, "old":true, "marked":true}}
{"address":"0x7fc96c878c40", "type":"OBJECT", "class":"0x7fc96c8c2688", "ivars":3, "references":["0x7fc96c878bc8"], "flags":{"wb_protected":true, "old":true, "marked":true}}
{"address":"0x7fc96c878c68", "type":"NODE", "node_type":"NODE_CREF", "references":["0x7fc96d02a4e8", "0x7fc96c8793e8"], "flags":{"wb_protected":true, "old":true, "marked":true}}
{"address":"0x7fc96c878c90", "type":"STRING", "class":"0x7fc96c801668", "frozen":true, "embedded":true, "fstring":true, "bytesize":4, "value":"type", "encoding":"US-ASCII", "flags":{"wb_protected":true, "old":true, "marked":true}}
{"address":"0x7fc96c878cb8", "type":"DATA", "class":"0x7fc96c833488", "struct":"iseq", "references":["0x7fc96c878b00", "0x7fc96c803d28", "0x7fc96c803d28", "0x7fc96d06e698", "0x7fc96d06e698", "0x7fc96c878c68", "0x7fc96d02a4e8"], "memsize":904, "flags":{"wb_protected":true, "old":true, "marked":true}}
{"address":"0x7fc96c878d08", "type":"OBJECT", "class":"0x7fc96d077ae0", "ivars":5, "references":["0x7fc96c878e48", "0x7fc96c878c40", "0x7fc96c878c40"], "memsize":40, "flags":{"wb_protected":true, "old":true, "marked":true}}
{"address":"0x7fc96c878e48", "type":"STRING", "class":"0x7fc96c801668", "embedded":true, "bytesize":7, "value":"net-ssh", "encoding":"UTF-8", "flags":{"wb_protected":true, "old":true, "marked":true}}
{"address":"0x7fc96c878e70", "type":"NODE", "node_type":"NODE_CREF", "references":["0x7fc96d02a4e8", "0x7fc96c8793e8"], "flags":{"wb_protected":true, "old":true, "marked":true}}
{"address":"0x7fc96c878e98", "type":"ARRAY", "class":"0x7fc96c84a048", "length":2, "embedded":true, "references":["0x7fc96c879168", "0x7fc96c8790f0"], "flags":{"wb_protected":true, "old":true, "marked":true}}
{"address":"0x7fc96c878ec0", "type":"STRING", "class":"0x7fc96c801668", "embedded":true, "bytesize":5, "value":"10.12", "encoding":"UTF-8", "flags":{"wb_protected":true, "old":true, "marked":true}}
{"address":"0x7fc96c878ee8", "type":"DATA", "class":"0x7fc96c833488", "struct":"iseq", "references":["0x7fc96c803be8", "0x7fc96c803be8", "0x7fc96d06e698", "0x7fc96d06e698", "0x7fc96c878e70", "0x7fc96d02a4e8"], "memsize":768, "flags":{"wb_protected":true, "old":true, "marked":true}}
{"address":"0x7fc96c878f10", "type":"STRING", "class":"0x7fc96c801668", "frozen":true, "fstring":true, "bytesize":56, "value":"-$Id: input-method.rb 38544 2012-12-21 17:29:18Z zzak $-", "encoding":"UTF-8", "memsize":57, "flags":{"wb_protected":true, "old":true, "marked":true}}
{"address":"0x7fc96c878f38", "type":"DATA", "class":"0x7fc96c833488", "struct":"iseq", "references":["0x7fc96c800920", "0x7fc96c800920", "0x7fc96d06e698", "0x7fc96d06e698", "0x7fc96c879118", "0x7fc96d02a038"], "memsize":672, "flags":{"wb_protected":true, "old":true, "marked":true}}
{"address":"0x7fc96c878fb0", "type":"STRING", "class":"0x7fc96c801668", "frozen":true, "embedded":true, "fstring":true, "bytesize":11, "value":"exec_format", "encoding":"US-ASCII", "flags":{"wb_protected":true, "old":true, "marked":true}}
{"address":"0x7fc96c879000", "type":"STRING", "class":"0x7fc96c801668", "bytesize":67, "capacity":1026, "value":"/Users/antoine/.rvm/gems/ruby-2.0.0-p247/gems/net-ssh-gateway-1.2.0", "encoding":"US-ASCII", "memsize":1027, "flags":{"wb_protected":true, "old":true, "marked":true}}
{"address":"0x7fc96c879028", "type":"STRING", "class":"0x7fc96c801668", "frozen":true, "embedded":true, "fstring":true, "bytesize":19, "value":"default_exec_format", "encoding":"US-ASCII", "flags":{"wb_protected":true, "old":true, "marked":true}}
{"address":"0x7fc96c8790f0", "type":"OBJECT", "class":"0x7fc96d040a68", "ivars":3, "references":["0x7fc96c878ec0"], "flags":{"wb_protected":true, "old":true, "marked":true}}
{"address":"0x7fc96c879118", "type":"NODE", "node_type":"NODE_CREF", "references":["0x7fc96d02a038", "0x7fc96c8793e8"], "flags":{"wb_protected":true, "old":true, "marked":true}}
{"address":"0x7fc96c879168", "type":"STRING", "class":"0x7fc96c801668", "embedded":true, "bytesize":2, "value":">=", "encoding":"UTF-8", "flags":{"wb_protected":true, "old":true, "marked":true}}
{"address":"0x7fc96c879190", "type":"STRING", "class":"0x7fc96c801668", "bytesize":45, "capacity":128, "value":"/Users/antoine/.rvm/gems/ruby-2.0.0-p247/gems", "encoding":"UTF-8", "memsize":129, "flags":{"wb_protected":true, "old":true, "marked":true}}
{"address":"0x7fc96c879208", "type":"STRING", "class":"0x7fc96c801668", "bytesize":40, "value":"/Users/antoine/.rvm/gems/ruby-2.0.0-p247", "encoding":"UTF-8", "memsize":41, "flags":{"wb_protected":true, "old":true, "marked":true}}
{"address":"0x7fc96c8792a8", "type":"ARRAY", "class":"0x7fc96c84a048", "length":1, "embedded":true, "references":["0x7fc96c878e98"], "flags":{"wb_protected":true, "old":true, "marked":true}}
{"address":"0x7fc96c879320", "type":"OBJECT", "class":"0x7fc96c8c2688", "ivars":3, "references":["0x7fc96c8792a8"], "flags":{"wb_protected":true, "old":true, "marked":true}}
{"address":"0x7fc96c879370", "type":"OBJECT", "class":"0x7fc96d077ae0", "ivars":5, "references":["0x7fc96c8794d8", "0x7fc96c879320", "0x7fc96c879320"], "memsize":40, "flags":{"wb_protected":true, "old":true, "marked":true}}
{"address":"0x7fc96c8793e8", "type":"NODE", "node_type":"NODE_CREF", "references":["0x7fc96c8698a8", "0x7fc96c8795f0"], "flags":{"wb_protected":true, "old":true, "marked":true}}
{"address":"0x7fc96c879438", "type":"STRING", "class":"0x7fc96c801668", "frozen":true, "embedded":true, "fstring":true, "bytesize":7, "value":"@bindir", "encoding":"US-ASCII", "flags":{"wb_protected":true, "old":true, "marked":true}}
{"address":"0x7fc96c8794d8", "type":"STRING", "class":"0x7fc96c801668", "embedded":true, "bytesize":4, "value":"chef", "encoding":"UTF-8", "flags":{"wb_protected":true, "old":true, "marked":true}}
{"address":"0x7fc96c879500", "type":"ARRAY", "class":"0x7fc96c84a048", "length":2, "embedded":true, "references":["0x7fc96c879730", "0x7fc96c8796e0"], "flags":{"wb_protected":true, "old":true, "marked":true}}
{"address":"0x7fc96c879528", "type":"STRING", "class":"0x7fc96c801668", "frozen":true, "embedded":true, "fstring":true, "bytesize":12, "value":"default_path", "encoding":"US-ASCII", "flags":{"wb_protected":true, "old":true, "marked":true}}
{"address":"0x7fc96c879550", "type":"STRING", "class":"0x7fc96c801668", "embedded":true, "bytesize":4, "value":"3.12", "encoding":"UTF-8", "flags":{"wb_protected":true, "old":true, "marked":true}}
{"address":"0x7fc96c8795f0", "type":"NODE", "node_type":"NODE_CREF", "references":["0x7fc96c803788"], "flags":{"wb_protected":true, "old":true, "marked":true}}
{"address":"0x7fc96c8796e0", "type":"OBJECT", "class":"0x7fc96d040a68", "ivars":3, "references":["0x7fc96c879550"], "flags":{"wb_protected":true, "old":true, "marked":true}}
{"address":"0x7fc96c879730", "type":"STRING", "class":"0x7fc96c801668", "embedded":true, "bytesize":2, "value":"~>", "encoding":"UTF-8", "flags":{"wb_protected":true, "old":true, "marked":true}}
{"address":"0x7fc96c879780", "type":"STRING", "class":"0x7fc96c801668", "frozen":true, "embedded":true, "fstring":true, "bytesize":14, "value":"path_separator", "encoding":"US-ASCII", "flags":{"wb_protected":true, "old":true, "marked":true}}
{"address":"0x7fc96c879848", "type":"ARRAY", "class":"0x7fc96c84a048", "length":1, "embedded":true, "references":["0x7fc96c879500"], "flags":{"wb_protected":true, "old":true, "marked":true}}
{"address":"0x7fc96c8798c0", "type":"OBJECT", "class":"0x7fc96c8c2688", "ivars":3, "references":["0x7fc96c879848"], "flags":{"wb_protected":true, "old":true, "marked":true}}
{"address":"0x7fc96c879910", "type":"OBJECT", "class":"0x7fc96d077ae0", "ivars":5, "references":["0x7fc96c879a28", "0x7fc96c8798c0", "0x7fc96c8798c0"], "memsize":40, "flags":{"wb_protected":true, "old":true, "marked":true}}
{"address":"0x7fc96c879a28", "type":"STRING", "class":"0x7fc96c801668", "embedded":true, "bytesize":4, "value":"rdoc", "encoding":"UTF-8", "flags":{"wb_protected":true, "old":true, "marked":true}}
{"address":"0x7fc96c879b40", "type":"STRING", "class":"0x7fc96c801668", "bytesize":59, "capacity":1026, "value":"/Users/antoine/.rvm/gems/ruby-2.0.0-p247/gems/net-ssh-2.7.0", "encoding":"US-ASCII", "memsize":1027, "flags":{"wb_protected":true, "old":true, "marked":true}}
{"address":"0x7fc96c879b68", "type":"ARRAY", "class":"0x7fc96c84a048", "length":1, "embedded":true, "references":["0x7fc96c8c1e90"], "flags":{"wb_protected":true, "old":true, "marked":true}}
{"address":"0x7fc96c879be0", "type":"OBJECT", "class":"0x7fc96c8c2688", "ivars":3, "references":["0x7fc96c879b68"], "flags":{"wb_protected":true, "old":true, "marked":true}}
{"address":"0x7fc96c879c30", "type":"OBJECT", "class":"0x7fc96d077ae0", "ivars":5, "references":["0x7fc96c879d98", "0x7fc96c879be0", "0x7fc96c879be0"], "memsize":40, "flags":{"wb_protected":true, "old":true, "marked":true}}
{"address":"0x7fc96c879c58", "type":"STRING", "class":"0x7fc96c801668", "frozen":true, "embedded":true, "fstring":true, "bytesize":4, "value":"tk_c", "encoding":"US-ASCII", "flags":{"wb_protected":true, "old":true, "marked":true}}
{"address":"0x7fc96c879cd0", "type":"STRING", "class":"0x7fc96c801668", "frozen":true, "embedded":true, "fstring":true, "bytesize":18, "value":"full_require_paths", "encoding":"US-ASCII", "flags":{"wb_protected":true, "old":true, "marked":true}}
{"address":"0x7fc96c879cf8", "type":"STRING", "class":"0x7fc96c801668", "bytesize":45, "capacity":128, "value":"/Users/antoine/.rvm/gems/ruby-2.0.0-p247/gems", "encoding":"UTF-8", "memsize":129, "flags":{"wb_protected":true, "old":true, "marked":true}}
{"address":"0x7fc96c879d70", "type":"STRING", "class":"0x7fc96c801668", "bytesize":40, "value":"/Users/antoine/.rvm/gems/ruby-2.0.0-p247", "encoding":"UTF-8", "memsize":41, "flags":{"wb_protected":true, "old":true, "marked":true}}
{"address":"0x7fc96c879d98", "type":"STRING", "class":"0x7fc96c801668", "embedded":true, "bytesize":4, "value":"rake", "encoding":"UTF-8", "flags":{"wb_protected":true, "old":true, "marked":true}}
{"address":"0x7fc96c879ed8", "type":"ARRAY", "class":"0x7fc96c84a048", "length":1, "embedded":true, "references":["0x7fc96c8c1e90"], "flags":{"wb_protected":true, "old":true, "marked":true}}
{"address":"0x7fc96c879f28", "type":"STRING", "class":"0x7fc96c801668", "frozen":true, "embedded":true, "fstring":true, "bytesize":5, "value":"parts", "encoding":"US-ASCII", "flags":{"wb_protected":true, "old":true, "marked":true}}
{"address":"0x7fc96c879f78", "type":"OBJECT", "class":"0x7fc96c8c2688", "ivars":3, "references":["0x7fc96c879ed8"], "flags":{"wb_protected":true, "old":true, "marked":true}}
{"address":"0x7fc96c879fa0", "type":"STRING", "class":"0x7fc96c801668", "frozen":true, "embedded":true, "fstring":true, "bytesize":8, "value":"user_dir", "encoding":"US-ASCII", "flags":{"wb_protected":true, "old":true, "marked":true}}
{"address":"0x7fc96c879ff0", "type":"OBJECT", "class":"0x7fc96d077ae0", "ivars":5, "references":["0x7fc96c87a108", "0x7fc96c879f78", "0x7fc96c879f78"], "memsize":40, "flags":{"wb_protected":true, "old":true, "marked":true}}
{"address":"0x7fc96c87a108", "type":"STRING", "class":"0x7fc96c801668", "embedded":true, "bytesize":8, "value":"parallel", "encoding":"UTF-8", "flags":{"wb_protected":true, "old":true, "marked":true}}
{"address":"0x7fc96c87a1d0", "type":"STRING", "class":"0x7fc96c801668", "frozen":true, "embedded":true, "fstring":true, "bytesize":21, "value":"default_rubygems_dirs", "encoding":"US-ASCII", "flags":{"wb_protected":true, "old":true, "marked":true}}
{"address":"0x7fc96c87a1f8", "type":"STRING", "class":"0x7fc96c801668", "frozen":true, "embedded":true, "fstring":true, "bytesize":22, "value":"^--irb_debug(?:=(.+))?", "encoding":"US-ASCII", "flags":{"wb_protected":true, "old":true, "marked":true}}
{"address":"0x7fc96c87a298", "type":"ARRAY", "class":"0x7fc96c84a048", "length":1, "embedded":true, "references":["0x7fc96c8c1e90"], "flags":{"wb_protected":true, "old":true, "marked":true}}
{"address":"0x7fc96c87a310", "type":"OBJECT", "class":"0x7fc96c8c2688", "ivars":3, "references":["0x7fc96c87a298"], "flags":{"wb_protected":true, "old":true, "marked":true}}
{"address":"0x7fc96c87a360", "type":"OBJECT", "class":"0x7fc96d077ae0", "ivars":5, "references":["0x7fc96c87a4f0", "0x7fc96c87a310", "0x7fc96c87a310"], "memsize":40, "flags":{"wb_protected":true, "old":true, "marked":true}}
{"address":"0x7fc96c87a428", "type":"STRING", "class":"0x7fc96c801668", "frozen":true, "embedded":true, "fstring":true, "bytesize":8, "value":"base_dir", "encoding":"US-ASCII", "flags":{"wb_protected":true, "old":true, "marked":true}}
{"address":"0x7fc96c87a450", "type":"STRING", "class":"0x7fc96c801668", "frozen":true, "embedded":true, "fstring":true, "bytesize":19, "value":"default_ext_dir_for", "encoding":"US-ASCII", "flags":{"wb_protected":true, "old":true, "marked":true}}
{"address":"0x7fc96c87a478", "type":"REGEXP", "class":"0x7fc96c8491e8", "references":["0x7fc96c87a1f8"], "memsize":519, "flags":{"wb_protected":true, "old":true, "marked":true}}
{"address":"0x7fc96c87a4f0", "type":"STRING", "class":"0x7fc96c801668", "embedded":true, "bytesize":5, "value":"mocha", "encoding":"UTF-8", "flags":{"wb_protected":true, "old":true, "marked":true}}
{"address":"0x7fc96c87a518", "type":"ARRAY", "class":"0x7fc96c84a048", "length":2, "embedded":true, "references":["0x7fc96c87a6f8", "0x7fc96c87a6a8"], "flags":{"wb_protected":true, "old":true, "marked":true}}
{"address":"0x7fc96c87a540", "type":"STRING", "class":"0x7fc96c801668", "embedded":true, "bytesize":3, "value":"4.7", "encoding":"UTF-8", "flags":{"wb_protected":true, "old":true, "marked":true}}
{"address":"0x7fc96c87a6a8", "type":"OBJECT", "class":"0x7fc96d040a68", "ivars":3, "references":["0x7fc96c87a540"], "flags":{"wb_protected":true, "old":true, "marked":true}}
{"address":"0x7fc96c87a6f8", "type":"STRING", "class":"0x7fc96c801668", "embedded":true, "bytesize":2, "value":"~>", "encoding":"UTF-8", "flags":{"wb_protected":true, "old":true, "marked":true}}
{"address":"0x7fc96c87a720", "type":"STRING", "class":"0x7fc96c801668", "bytesize":59, "capacity":1026, "value":"/Users/antoine/.rvm/gems/ruby-2.0.0-p247/gems/net-scp-1.1.2", "encoding":"US-ASCII", "memsize":1027, "flags":{"wb_protected":true, "old":true, "marked":true}}
{"address":"0x7fc96c87a7e8", "type":"ARRAY", "class":"0x7fc96c84a048", "length":1, "embedded":true, "references":["0x7fc96c87a518"], "flags":{"wb_protected":true, "old":true, "marked":true}}
{"address":"0x7fc96c87a810", "type":"STRING", "class":"0x7fc96c801668", "frozen":true, "embedded":true, "fstring":true, "bytesize":12, "value":"@default_dir", "encoding":"US-ASCII", "flags":{"wb_protected":true, "old":true, "marked":true}}
{"address":"0x7fc96c87a860", "type":"STRING", "class":"0x7fc96c801668", "bytesize":45, "capacity":128, "value":"/Users/antoine/.rvm/gems/ruby-2.0.0-p247/gems", "encoding":"UTF-8", "memsize":129, "flags":{"wb_protected":true, "old":true, "marked":true}}
{"address":"0x7fc96c87a888", "type":"OBJECT", "class":"0x7fc96c8c2688", "ivars":3, "references":["0x7fc96c87a7e8"], "flags":{"wb_protected":true, "old":true, "marked":true}}
{"address":"0x7fc96c87a8d8", "type":"OBJECT", "class":"0x7fc96d077ae0", "ivars":5, "references":["0x7fc96c87aa18", "0x7fc96c87a888", "0x7fc96c87a888"], "memsize":40, "flags":{"wb_protected":true, "old":true, "marked":true}}
{"address":"0x7fc96c87a928", "type":"STRING", "class":"0x7fc96c801668", "bytesize":40, "value":"/Users/antoine/.rvm/gems/ruby-2.0.0-p247", "encoding":"UTF-8", "memsize":41, "flags":{"wb_protected":true, "old":true, "marked":true}}
{"address":"0x7fc96c87a950", "type":"STRING", "class":"0x7fc96c801668", "frozen":true, "embedded":true, "fstring":true, "bytesize":13, "value":"matches_spec?", "encoding":"US-ASCII", "flags":{"wb_protected":true, "old":true, "marked":true}}
{"address":"0x7fc96c87aa18", "type":"STRING", "class":"0x7fc96c801668", "embedded":true, "bytesize":8, "value":"minitest", "encoding":"UTF-8", "flags":{"wb_protected":true, "old":true, "marked":true}}
{"address":"0x7fc96c87ab58", "type":"STRING", "class":"0x7fc96c801668", "frozen":true, "embedded":true, "fstring":true, "bytesize":6, "value":"loaded", "encoding":"US-ASCII", "flags":{"wb_protected":true, "old":true, "marked":true}}
{"address":"0x7fc96c87ab80", "type":"ARRAY", "class":"0x7fc96c84a048", "length":1, "embedded":true, "references":["0x7fc96c8c1e90"], "flags":{"wb_protected":true, "old":true, "marked":true}}
{"address":"0x7fc96c87aba8", "type":"STRING", "class":"0x7fc96c801668", "frozen":true, "embedded":true, "fstring":true, "bytesize":11, "value":"ruby_engine", "encoding":"US-ASCII", "flags":{"wb_protected":true, "old":true, "marked":true}}
{"address":"0x7fc96c87ac20", "type":"STRING", "class":"0x7fc96c801668", "frozen":true, "embedded":true, "fstring":true, "bytesize":8, "value":"spec_dep", "encoding":"US-ASCII", "flags":{"wb_protected":true, "old":true, "marked":true}}
{"address":"0x7fc96c87ac48", "type":"OBJECT", "class":"0x7fc96c8c2688", "ivars":3, "references":["0x7fc96c87ab80"], "flags":{"wb_protected":true, "old":true, "marked":true}}
{"address":"0x7fc96c87ac98", "type":"STRING", "class":"0x7fc96c801668", "frozen":true, "embedded":true, "fstring":true, "bytesize":20, "value":"runtime_dependencies", "encoding":"US-ASCII", "flags":{"wb_protected":true, "old":true, "marked":true}}
{"address":"0x7fc96c87acc0", "type":"OBJECT", "class":"0x7fc96d077ae0", "ivars":5, "references":["0x7fc96c87ae00", "0x7fc96c87ac48", "0x7fc96c87ac48"], "memsize":40, "flags":{"wb_protected":true, "old":true, "marked":true}}
{"address":"0x7fc96c87add8", "type":"DATA", "class":"0x7fc96c833488", "struct":"iseq", "references":["0x7fc96c803be8", "0x7fc96c803be8", "0x7fc96d06e698", "0x7fc96d06e698", "0x7fc96c87b008", "0x7fc96d029d90"], "memsize":1160, "flags":{"wb_protected":true, "old":true, "marked":true}}
{"address":"0x7fc96c87ae00", "type":"STRING", "class":"0x7fc96c801668", "embedded":true, "bytesize":14, "value":"librarian-chef", "encoding":"UTF-8", "flags":{"wb_protected":true, "old":true, "marked":true}}
{"address":"0x7fc96c87af40", "type":"ARRAY", "class":"0x7fc96c84a048", "length":1, "embedded":true, "references":["0x7fc96c8c1e90"], "flags":{"wb_protected":true, "old":true, "marked":true}}
{"address":"0x7fc96c87afb8", "type":"OBJECT", "class":"0x7fc96c8c2688", "ivars":3, "references":["0x7fc96c87af40"], "flags":{"wb_protected":true, "old":true, "marked":true}}
{"address":"0x7fc96c87b008", "type":"NODE", "node_type":"NODE_CREF", "references":["0x7fc96d029d90", "0x7fc96c8793e8"], "flags":{"wb_protected":true, "old":true, "marked":true}}
{"address":"0x7fc96c87b030", "type":"OBJECT", "class":"0x7fc96d077ae0", "ivars":5, "references":["0x7fc96c87b170", "0x7fc96c87afb8", "0x7fc96c87afb8"], "memsize":40, "flags":{"wb_protected":true, "old":true, "marked":true}}
{"address":"0x7fc96c87b0d0", "type":"STRING", "class":"0x7fc96c801668", "frozen":true, "embedded":true, "fstring":true, "bytesize":12, "value":"insert_index", "encoding":"US-ASCII", "flags":{"wb_protected":true, "old":true, "marked":true}}
{"address":"0x7fc96c87b170", "type":"STRING", "class":"0x7fc96c801668", "embedded":true, "bytesize":3, "value":"fog", "encoding":"UTF-8", "flags":{"wb_protected":true, "old":true, "marked":true}}
{"address":"0x7fc96c87b260", "type":"STRING", "class":"0x7fc96c801668", "bytesize":66, "capacity":1026, "value":"/Users/antoine/.rvm/gems/ruby-2.0.0-p247/gems/multipart-post-1.2.0", "encoding":"US-ASCII", "memsize":1027, "flags":{"wb_protected":true, "old":true, "marked":true}}
{"address":"0x7fc96c87b2b0", "type":"ARRAY", "class":"0x7fc96c84a048", "length":1, "embedded":true, "references":["0x7fc96c8c1e90"], "flags":{"wb_protected":true, "old":true, "marked":true}}
{"address":"0x7fc96c87b328", "type":"OBJECT", "class":"0x7fc96c8c2688", "ivars":3, "references":["0x7fc96c87b2b0"], "flags":{"wb_protected":true, "old":true, "marked":true}}
{"address":"0x7fc96c87b378", "type":"OBJECT", "class":"0x7fc96d077ae0", "ivars":5, "references":["0x7fc96c87b4b8", "0x7fc96c87b328", "0x7fc96c87b328"], "memsize":40, "flags":{"wb_protected":true, "old":true, "marked":true}}
{"address":"0x7fc96c87b3c8", "type":"STRING", "class":"0x7fc96c801668", "bytesize":45, "capacity":128, "value":"/Users/antoine/.rvm/gems/ruby-2.0.0-p247/gems", "encoding":"UTF-8", "memsize":129, "flags":{"wb_protected":true, "old":true, "marked":true}}
{"address":"0x7fc96c87b440", "type":"STRING", "class":"0x7fc96c801668", "bytesize":40, "value":"/Users/antoine/.rvm/gems/ruby-2.0.0-p247", "encoding":"UTF-8", "memsize":41, "flags":{"wb_protected":true, "old":true, "marked":true}}
{"address":"0x7fc96c87b468", "type":"STRING", "class":"0x7fc96c801668", "frozen":true, "fstring":true, "bytesize":25, "value":"^--context-mode(?:=(.+))?", "encoding":"US-ASCII", "memsize":26, "flags":{"wb_protected":true, "old":true, "marked":true}}
{"address":"0x7fc96c87b4b8", "type":"STRING", "class":"0x7fc96c801668", "embedded":true, "bytesize":7, "value":"bundler", "encoding":"UTF-8", "flags":{"wb_protected":true, "old":true, "marked":true}}
{"address":"0x7fc96c87b530", "type":"STRING", "class":"0x7fc96c801668", "frozen":true, "embedded":true, "fstring":true, "bytesize":21, "value":"add_self_to_load_path", "encoding":"US-ASCII", "flags":{"wb_protected":true, "old":true, "marked":true}}
{"address":"0x7fc96c87b5a8", "type":"REGEXP", "class":"0x7fc96c8491e8", "references":["0x7fc96c87b468"], "memsize":528, "flags":{"wb_protected":true, "old":true, "marked":true}}
{"address":"0x7fc96c87b5d0", "type":"STRING", "class":"0x7fc96c801668", "frozen":true, "embedded":true, "fstring":true, "bytesize":21, "value":"activate_dependencies", "encoding":"US-ASCII", "flags":{"wb_protected":true, "old":true, "marked":true}}
{"address":"0x7fc96c87b670", "type":"ARRAY", "class":"0x7fc96c84a048", "length":1, "embedded":true, "references":["0x7fc96c8c1e90"], "flags":{"wb_protected":true, "old":true, "marked":true}}
{"address":"0x7fc96c87b6e8", "type":"OBJECT", "class":"0x7fc96c8c2688", "ivars":3, "references":["0x7fc96c87b670"], "flags":{"wb_protected":true, "old":true, "marked":true}}
{"address":"0x7fc96c87b738", "type":"OBJECT", "class":"0x7fc96d077ae0", "ivars":5, "references":["0x7fc96c87b878", "0x7fc96c87b6e8", "0x7fc96c87b6e8"], "memsize":40, "flags":{"wb_protected":true, "old":true, "marked":true}}
{"address":"0x7fc96c87b788", "type":"STRING", "class":"0x7fc96c801668", "frozen":true, "embedded":true, "fstring":true, "bytesize":22, "value":"RUBY_FRAMEWORK_VERSION", "encoding":"US-ASCII", "flags":{"wb_protected":true, "old":true, "marked":true}}
{"address":"0x7fc96c87b7d8", "type":"STRING", "class":"0x7fc96c801668", "embedded":true, "bytesize":3, "value":"lib", "encoding":"UTF-8", "flags":{"wb_protected":true, "old":true, "marked":true}}
{"address":"0x7fc96c87b800", "type":"ARRAY", "class":"0x7fc96c84a048", "length":1, "embedded":true, "references":["0x7fc96c87b7d8"], "flags":{"wb_protected":true, "old":true, "marked":true}}
{"address":"0x7fc96c87b878", "type":"STRING", "class":"0x7fc96c801668", "embedded":true, "bytesize":9, "value":"berkshelf", "encoding":"UTF-8", "flags":{"wb_protected":true, "old":true, "marked":true}}
{"address":"0x7fc96c87b8f0", "type":"STRING", "class":"0x7fc96c801668", "frozen":true, "embedded":true, "fstring":true, "bytesize":18, "value":"raise_if_conflicts", "encoding":"US-ASCII", "flags":{"wb_protected":true, "old":true, "marked":true}}
{"address":"0x7fc96c87bc38", "type":"STRING", "class":"0x7fc96c801668", "frozen":true, "embedded":true, "fstring":true, "bytesize":22, "value":"default_spec_cache_dir", "encoding":"US-ASCII", "flags":{"wb_protected":true, "old":true, "marked":true}}
{"address":"0x7fc96c87bc60", "type":"STRING", "class":"0x7fc96c801668", "frozen":true, "fstring":true, "bytesize":29, "value":"^--back-trace-limit(?:=(.+))?", "encoding":"US-ASCII", "memsize":30, "flags":{"wb_protected":true, "old":true, "marked":true}}
{"address":"0x7fc96c87bd78", "type":"REGEXP", "class":"0x7fc96c8491e8", "references":["0x7fc96c87bc60"], "memsize":540, "flags":{"wb_protected":true, "old":true, "marked":true}}
{"address":"0x7fc96c87bdf0", "type":"STRING", "class":"0x7fc96c801668", "bytesize":67, "capacity":1026, "value":"/Users/antoine/.rvm/gems/ruby-2.0.0-p247/gems/mixlib-shellout-1.2.0", "encoding":"US-ASCII", "memsize":1027, "flags":{"wb_protected":true, "old":true, "marked":true}}
{"address":"0x7fc96c87bee0", "type":"STRING", "class":"0x7fc96c801668", "bytesize":45, "capacity":128, "value":"/Users/antoine/.rvm/gems/ruby-2.0.0-p247/gems", "encoding":"UTF-8", "memsize":129, "flags":{"wb_protected":true, "old":true, "marked":true}}
{"address":"0x7fc96c87bf58", "type":"STRING", "class":"0x7fc96c801668", "bytesize":40, "value":"/Users/antoine/.rvm/gems/ruby-2.0.0-p247", "encoding":"UTF-8", "memsize":41, "flags":{"wb_protected":true, "old":true, "marked":true}}
{"address":"0x7fc96c8800f8", "type":"STRING", "class":"0x7fc96c801668", "shared":true, "encoding":"UTF-8", "references":["0x7fc96c880148"], "flags":{"wb_protected":true, "old":true, "marked":true}}
{"address":"0x7fc96c880148", "type":"STRING", "class":"0x7fc96c801668", "frozen":true, "bytesize":56, "value":"A collection of knife plugins for dealing with chef solo", "encoding":"UTF-8", "memsize":57, "flags":{"wb_protected":true, "old":true, "marked":true}}
{"address":"0x7fc96c880238", "type":"STRING", "class":"0x7fc96c801668", "embedded":true, "bytesize":5, "value":"2.0.6", "encoding":"UTF-8", "flags":{"wb_protected":true, "old":true, "marked":true}}
{"address":"0x7fc96c880260", "type":"ARRAY", "class":"0x7fc96c84a048", "length":1, "embedded":true, "references":["0x7fc96c880288"], "flags":{"wb_protected":true, "old":true, "marked":true}}
{"address":"0x7fc96c880288", "type":"STRING", "class":"0x7fc96c801668", "embedded":true, "bytesize":3, "value":"lib", "encoding":"UTF-8", "flags":{"wb_protected":true, "old":true, "marked":true}}
{"address":"0x7fc96c8802b0", "type":"STRING", "class":"0x7fc96c801668", "shared":true, "encoding":"UTF-8", "references":["0x7fc96c882128"], "flags":{"wb_protected":true, "old":true, "marked":true}}
{"address":"0x7fc96c8802d8", "type":"STRING", "class":"0x7fc96c801668", "frozen":true, "embedded":true, "fstring":true, "bytesize":3, "value":"old", "encoding":"US-ASCII", "flags":{"wb_protected":true, "old":true, "marked":true}}
{"address":"0x7fc96c880300", "type":"STRING", "class":"0x7fc96c801668", "shared":true, "encoding":"UTF-8", "references":["0x7fc96c882150"], "flags":{"wb_protected":true, "old":true, "marked":true}}
{"address":"0x7fc96c880328", "type":"STRING", "class":"0x7fc96c801668", "embedded":true, "bytesize":15, "value":"mat@schaffer.me", "encoding":"UTF-8", "flags":{"wb_protected":true, "old":true, "marked":true}}
{"address":"0x7fc96c880350", "type":"STRING", "class":"0x7fc96c801668", "shared":true, "encoding":"UTF-8", "references":["0x7fc96c8821f0"], "flags":{"wb_protected":true, "old":true, "marked":true}}
{"address":"0x7fc96c8803c8", "type":"DATA", "class":"0x7fc96c841150", "struct":"time", "memsize":88, "flags":{"remembered":true}}
{"address":"0x7fc96c880418", "type":"STRING", "class":"0x7fc96c801668", "frozen":true, "embedded":true, "fstring":true, "bytesize":4, "value":"repl", "encoding":"US-ASCII", "flags":{"wb_protected":true, "old":true, "marked":true}}
{"address":"0x7fc96c880468", "type":"STRING", "class":"0x7fc96c801668", "frozen":true, "embedded":true, "fstring":true, "bytesize":9, "value":"deprecate", "encoding":"US-ASCII", "flags":{"wb_protected":true, "old":true, "marked":true}}
{"address":"0x7fc96c880530", "type":"STRING", "class":"0x7fc96c801668", "bytesize":62, "capacity":1026, "value":"/Users/antoine/.rvm/gems/ruby-2.0.0-p247/gems/mixlib-log-1.6.0", "encoding":"US-ASCII", "memsize":1027, "flags":{"wb_protected":true, "old":true, "marked":true}}
{"address":"0x7fc96c880580", "type":"STRING", "class":"0x7fc96c801668", "frozen":true, "embedded":true, "fstring":true, "bytesize":5, "value":"limit", "encoding":"US-ASCII", "flags":{"wb_protected":true, "old":true, "marked":true}}
{"address":"0x7fc96c8805f8", "type":"ARRAY", "class":"0x7fc96c84a048", "length":1, "embedded":true, "references":["0x7fc96c880698"], "flags":{"wb_protected":true, "old":true, "marked":true}}
{"address":"0x7fc96c880670", "type":"STRING", "class":"0x7fc96c801668", "bytesize":45, "capacity":128, "value":"/Users/antoine/.rvm/gems/ruby-2.0.0-p247/gems", "encoding":"UTF-8", "memsize":129, "flags":{"wb_protected":true, "old":true, "marked":true}}
{"address":"0x7fc96c880698", "type":"STRING", "class":"0x7fc96c801668", "embedded":true, "bytesize":12, "value":"Mat Schaffer", "encoding":"UTF-8", "flags":{"wb_protected":true, "old":true, "marked":true}}
{"address":"0x7fc96c880710", "type":"STRING", "class":"0x7fc96c801668", "bytesize":40, "value":"/Users/antoine/.rvm/gems/ruby-2.0.0-p247", "encoding":"UTF-8", "memsize":41, "flags":{"wb_protected":true, "old":true, "marked":true}}
{"address":"0x7fc96c8807d8", "type":"ARRAY", "class":"0x7fc96c84a048", "length":1, "embedded":true, "references":["0x7fc96c8c1e90"], "flags":{"wb_protected":true, "old":true, "marked":true}}
{"address":"0x7fc96c880850", "type":"OBJECT", "class":"0x7fc96c8c2688", "ivars":3, "references":["0x7fc96c8807d8"], "flags":{"wb_protected":true, "old":true, "marked":true}}
{"address":"0x7fc96c8808c8", "type":"STRING", "class":"0x7fc96c801668", "embedded":true, "bytesize":5, "value":"0.3.0", "encoding":"UTF-8", "flags":{"wb_protected":true, "old":true, "marked":true}}
{"address":"0x7fc96c8809b8", "type":"STRING", "class":"0x7fc96c801668", "frozen":true, "embedded":true, "fstring":true, "bytesize":8, "value":"original", "encoding":"US-ASCII", "flags":{"wb_protected":true, "old":true, "marked":true}}
{"address":"0x7fc96c880a58", "type":"STRING", "class":"0x7fc96c801668", "frozen":true, "embedded":true, "fstring":true, "bytesize":7, "value":"HISTORY", "encoding":"US-ASCII", "flags":{"wb_protected":true, "old":true, "marked":true}}
{"address":"0x7fc96c880a80", "type":"OBJECT", "class":"0x7fc96d040a68", "ivars":3, "references":["0x7fc96c8808c8"], "flags":{"wb_protected":true, "old":true, "marked":true}}
{"address":"0x7fc96c880ad0", "type":"STRING", "class":"0x7fc96c801668", "frozen":true, "embedded":true, "fstring":true, "bytesize":11, "value":"skip_during", "encoding":"US-ASCII", "flags":{"wb_protected":true, "old":true, "marked":true}}
{"address":"0x7fc96c880af8", "type":"STRING", "class":"0x7fc96c801668", "embedded":true, "bytesize":10, "value":"knife-solo", "encoding":"UTF-8", "flags":{"wb_protected":true, "old":true, "marked":true}}
{"address":"0x7fc96c880b70", "type":"ARRAY", "class":"0x7fc96c84a048", "length":0, "flags":{"wb_protected":true, "old":true, "marked":true}}
{"address":"0x7fc96c880cb0", "type":"ARRAY", "class":"0x7fc96c84a048", "length":0, "flags":{"wb_protected":true, "old":true, "marked":true}}
{"address":"0x7fc96c880d28", "type":"STRING", "class":"0x7fc96c801668", "frozen":true, "embedded":true, "fstring":true, "bytesize":5, "value":"skip=", "encoding":"UTF-8", "flags":{"wb_protected":true, "old":true, "marked":true}}
{"address":"0x7fc96c880dc8", "type":"OBJECT", "class":"0x7fc96c8c2688", "ivars":3, "references":["0x7fc96d074700"], "flags":{"wb_protected":true, "old":true, "marked":true}}
{"address":"0x7fc96c880e40", "type":"STRING", "class":"0x7fc96c801668", "frozen":true, "embedded":true, "fstring":true, "bytesize":8, "value":"sort_obj", "encoding":"US-ASCII", "flags":{"wb_protected":true, "old":true, "marked":true}}
{"address":"0x7fc96c880ee0", "type":"STRING", "class":"0x7fc96c801668", "frozen":true, "embedded":true, "fstring":true, "bytesize":5, "value":"other", "encoding":"US-ASCII", "flags":{"wb_protected":true, "old":true, "marked":true}}
{"address":"0x7fc96c880f08", "type":"ARRAY", "class":"0x7fc96c84a048", "length":0, "flags":{"wb_protected":true, "old":true, "marked":true}}
{"address":"0x7fc96c880f30", "type":"STRING", "class":"0x7fc96c801668", "frozen":true, "embedded":true, "fstring":true, "bytesize":5, "value":"@skip", "encoding":"US-ASCII", "flags":{"wb_protected":true, "old":true, "marked":true}}
{"address":"0x7fc96c880fa8", "type":"STRING", "class":"0x7fc96c801668", "frozen":true, "embedded":true, "fstring":true, "bytesize":6, "value":"output", "encoding":"US-ASCII", "flags":{"wb_protected":true, "old":true, "marked":true}}
{"address":"0x7fc96c880fd0", "type":"STRING", "class":"0x7fc96c801668", "embedded":true, "bytesize":4, "value":"ruby", "encoding":"UTF-8", "flags":{"wb_protected":true, "old":true, "marked":true}}
{"address":"0x7fc96c881048", "type":"HASH", "class":"0x7fc96c849918", "size":0, "flags":{"wb_protected":true, "old":true, "marked":true}}
{"address":"0x7fc96c881070", "type":"STRING", "class":"0x7fc96c801668", "frozen":true, "embedded":true, "fstring":true, "bytesize":9, "value":"Deprecate", "encoding":"US-ASCII", "flags":{"wb_protected":true, "old":true, "marked":true}}
{"address":"0x7fc96c8810c0", "type":"STRING", "class":"0x7fc96c801668", "bytesize":65, "capacity":1026, "value":"/Users/antoine/.rvm/gems/ruby-2.0.0-p247/gems/mixlib-config-1.1.2", "encoding":"US-ASCII", "memsize":1027, "flags":{"wb_protected":true, "old":true, "marked":true}}
{"address":"0x7fc96c8810e8", "type":"ARRAY", "class":"0x7fc96c84a048", "length":0, "flags":{"wb_protected":true, "old":true, "marked":true}}
{"address":"0x7fc96c881160", "type":"ARRAY", "class":"0x7fc96c84a048", "length":0, "flags":{"wb_protected":true, "old":true, "marked":true}}
{"address":"0x7fc96c8811b0", "type":"REGEXP", "class":"0x7fc96c8491e8", "references":["0x7fc96c023a90"], "memsize":528, "flags":{"wb_protected":true, "old":true, "marked":true}}
{"address":"0x7fc96c881200", "type":"STRING", "class":"0x7fc96c801668", "frozen":true, "embedded":true, "fstring":true, "bytesize":10, "value":"@activated", "encoding":"US-ASCII", "flags":{"wb_protected":true, "old":true, "marked":true}}
{"address":"0x7fc96c881228", "type":"ARRAY", "class":"0x7fc96c84a048", "length":0, "flags":{"wb_protected":true, "old":true, "marked":true}}
{"address":"0x7fc96c881278", "type":"STRING", "class":"0x7fc96c801668", "bytesize":45, "capacity":128, "value":"/Users/antoine/.rvm/gems/ruby-2.0.0-p247/gems", "encoding":"UTF-8", "memsize":129, "flags":{"wb_protected":true, "old":true, "marked":true}}
{"address":"0x7fc96c8812a0", "type":"ARRAY", "class":"0x7fc96c84a048", "length":0, "flags":{"wb_protected":true, "old":true, "marked":true}}
{"address":"0x7fc96c881318", "type":"ARRAY", "class":"0x7fc96c84a048", "length":0, "flags":{"wb_protected":true, "old":true, "marked":true}}
{"address":"0x7fc96c881340", "type":"STRING", "class":"0x7fc96c801668", "bytesize":40, "value":"/Users/antoine/.rvm/gems/ruby-2.0.0-p247", "encoding":"UTF-8", "memsize":41, "flags":{"wb_protected":true, "old":true, "marked":true}}
{"address":"0x7fc96c881368", "type":"STRING", "class":"0x7fc96c801668", "frozen":true, "embedded":true, "fstring":true, "bytesize":7, "value":"@loaded", "encoding":"US-ASCII", "flags":{"wb_protected":true, "old":true, "marked":true}}
{"address":"0x7fc96c8813b8", "type":"ARRAY", "class":"0x7fc96c84a048", "length":12, "references":["0x7fc96c87b738", "0x7fc96c87b378", "0x7fc96c87b030", "0x7fc96c87acc0", "0x7fc96c87a8d8", "0x7fc96c87a360", "0x7fc96c879ff0", "0x7fc96c879c30", "0x7fc96c879910", "0x7fc96c879370", "0x7fc96c878d08", "0x7fc96c878128"], "memsize":160, "flags":{"wb_protected":true, "old":true, "marked":true}}
{"address":"0x7fc96c881480", "type":"ARRAY", "class":"0x7fc96c84a048", "length":0, "flags":{"wb_protected":true, "old":true, "marked":true}}
{"address":"0x7fc96c8814f8", "type":"STRING", "class":"0x7fc96c801668", "embedded":true, "bytesize":3, "value":"bin", "encoding":"UTF-8", "flags":{"wb_protected":true, "old":true, "marked":true}}
{"address":"0x7fc96c881570", "type":"STRING", "class":"0x7fc96c801668", "frozen":true, "fstring":true, "bytesize":65, "capacity":86, "value":"/usr/local/Cellar/ruby/2.1.1/lib/ruby/2.1.0/rubygems/deprecate.rb", "encoding":"US-ASCII", "memsize":87, "flags":{"wb_protected":true, "old":true, "marked":true}}
{"address":"0x7fc96c881598", "type":"STRING", "class":"0x7fc96c801668", "frozen":true, "embedded":true, "fstring":true, "bytesize":9, "value":"@metadata", "encoding":"US-ASCII", "flags":{"wb_protected":true, "old":true, "marked":true}}
{"address":"0x7fc96c8817a0", "type":"STRING", "class":"0x7fc96c801668", "frozen":true, "embedded":true, "fstring":true, "bytesize":8, "value":"@license", "encoding":"US-ASCII", "flags":{"wb_protected":true, "old":true, "marked":true}}
{"address":"0x7fc96c881930", "type":"OBJECT", "class":"0x7fc96d074e30", "ivars":50, "references":["0x7fc96d05fb70", "0x7fc96d040018", "0x7fc96d040158", "0x7fc96d0401f8", "0x7fc96c880350", "0x7fc96c880328", "0x7fc96c880300", "0x7fc96c880af8", "0x7fc96c8802b0", "0x7fc96c8800f8", "0x7fc96c880a80", "0x7fc96c8805f8", "0x7fc96c8814f8", "0x7fc96c881480", "0x7fc96c8803c8", "0x7fc96c8813b8", "0x7fc96c881318", "0x7fc96c8812a0", "0x7fc96c881228", "0x7fc96c881160", "0x7fc96c8810e8", "0x7fc96c881048", "0x7fc96c880fd0", "0x7fc96c880f08", "0x7fc96c880260", "0x7fc96c880dc8", "0x7fc96c880850", "0x7fc96c880cb0", "0x7fc96c880238", "0x7fc96c880b70", "0x7fc96c8c82e0", "0x7fc96d040108"], "memsize":400, "flags":{"wb_protected":true, "old":true, "marked":true}}
{"address":"0x7fc96c8819a8", "type":"CLASS", "class":"0x7fc96c802e00", "name":"Module", "references":["0x7fc96c8819a8", "0x7fc96c8828d0", "0x7fc96c8819a8", "0x7fc96c8827b8", "0x7fc96c8819a8", "0x7fc96c8826a0", "0x7fc96c8819a8", "0x7fc96c8825b0", "0x7fc96c8819a8", "0x7fc96c882510", "0x7fc96c8819a8", "0x7fc96c882470", "0x7fc96c8819a8", "0x7fc96c8823a8", "0x7fc96c8819a8", "0x7fc96c882308", "0x7fc96c8819a8", "0x7fc96c882268", "0x7fc96c8819a8", "0x7fc96c881fe8", "0x7fc96c8819a8", "0x7fc96c881ef8", "0x7fc96c8819a8", "0x7fc96c881e30", "0x7fc96c8819a8", "0x7fc96c881d40", "0x7fc96c8819a8", "0x7fc96c881c50", "0x7fc96c8819a8", "0x7fc96c881b88", "0x7fc96c8819a8", "0x7fc96c047328", "0x7fc96c8819a8", "0x7fc96c047120", "0x7fc96c8819a8", "0x7fc96c047080", "0x7fc96c8819a8", "0x7fc96c046e50", "0x7fc96c8819a8", "0x7fc96c046b58", "0x7fc96c8819a8", "0x7fc96c046a68", "0x7fc96c8819a8", "0x7fc96c046950", "0x7fc96c8819a8", "0x7fc96c046770", "0x7fc96c8819a8", "0x7fc96c046680", "0x7fc96c8819a8", "0x7fc96c0465e0", "0x7fc96c8819a8", "0x7fc96c046540", "0x7fc96c8819a8", "0x7fc96c046450", "0x7fc96c8819a8", "0x7fc96c046360", "0x7fc96c8819a8", "0x7fc96c0462c0", "0x7fc96c8819a8", "0x7fc96c046220", "0x7fc96c8819a8", "0x7fc96c046180", "0x7fc96c8819a8", "0x7fc96c0460e0", "0x7fc96c8819a8", "0x7fc96c046040", "0x7fc96c8819a8", "0x7fc96c045f78", "0x7fc96c8819a8", "0x7fc96c045eb0", "0x7fc96c8819a8", "0x7fc96c045a00", "0x7fc96c8819a8", "0x7fc96c0458c0", "0x7fc96c8819a8", "0x7fc96c045690", "0x7fc96c8819a8", "0x7fc96c045370", "0x7fc96c8819a8", "0x7fc96c045140", "0x7fc96c8819a8", "0x7fc96c044cb8", "0x7fc96c8819a8", "0x7fc96c044bc8", "0x7fc96c8819a8", "0x7fc96c044b00", "0x7fc96c8819a8", "0x7fc96c044a38", "0x7fc96c8819a8", "0x7fc96c044920", "0x7fc96c8819a8", "0x7fc96c044880", "0x7fc96c8819a8", "0x7fc96c0447e0", "0x7fc96c8819a8", "0x7fc96c0446f0", "0x7fc96c8819a8", "0x7fc96c053f60", "0x7fc96c8819a8", "0x7fc96c053e98", "0x7fc96c8819a8", "0x7fc96c053da8", "0x7fc96c8819a8", "0x7fc96c053d08", "0x7fc96c8819a8", "0x7fc96c053c68", "0x7fc96c8819a8", "0x7fc96c053bc8", "0x7fc96c8819a8", "0x7fc96c053b28", "0x7fc96c8819a8", "0x7fc96c053a88", "0x7fc96c8819a8", "0x7fc96c0539e8", "0x7fc96c8819a8", "0x7fc96c053948", "0x7fc96c8819a8", "0x7fc96c0538a8", "0x7fc96c8819a8", "0x7fc96c053808", "0x7fc96c8819a8", "0x7fc96c053768", "0x7fc96c8819a8", "0x7fc96c053650", "0x7fc96c8819a8", "0x7fc96c0535b0", "0x7fc96c8819a8", "0x7fc96c053128", "0x7fc96c8819a8", "0x7fc96c052fc0", "0x7fc96c8819a8", "0x7fc96c052ed0", "0x7fc96c8819a8", "0x7fc96c052e30", "0x7fc96c8819a8", "0x7fc96c052d18", "0x7fc96c8819a8", "0x7fc96c052c78", "0x7fc96c8819a8", "0x7fc96c052b88", "0x7fc96c8819a8", "0x7fc96c052ae8", "0x7fc96c8819a8", "0x7fc96c052a48", "0x7fc96c8819a8", "0x7fc96c0529a8", "0x7fc96c8819a8", "0x7fc96c052868", "0x7fc96c8819a8", "0x7fc96c052570", "0x7fc96c8819a8", "0x7fc96c052458", "0x7fc96c8819a8", "0x7fc96c052368", "0x7fc96c8819a8", "0x7fc96c0522a0", "0x7fc96c8819a8", "0x7fc96c052200", "0x7fc96c8819a8", "0x7fc96c051fd0", "0x7fc96c8819a8", "0x7fc96c051bc0", "0x7fc96c8819a8", "0x7fc96c051aa8", "0x7fc96c8819a8", "0x7fc96c051710", "0x7fc96c8819a8", "0x7fc96c051710", "0x7fc96c8819a8", "0x7fc96d064b48", "0x7fc96c8819a8", "0x7fc96c050fe0", "0x7fc96c8819a8", "0x7fc96c050950", "0x7fc96c8819a8", "0x7fc96c050720", "0x7fc96c8819a8", "0x7fc96c050518", "0x7fc96c8819a8", "0x7fc96d064af8", "0x7fc96c8819a8", "0x7fc96d064aa8", "0x7fc96c8819a8", "0x7fc96d064a58", "0x7fc96c8819a8", "0x7fc96d064a08", "0x7fc96c8819a8", "0x7fc96d0649b8", "0x7fc96c8819a8", "0x7fc96d064968", "0x7fc96c8819a8", "0x7fc96d064918", "0x7fc96c8819a8", "0x7fc96d0648c8", "0x7fc96c82a590", "0x7fc96c803738"], "memsize":5480, "flags":{"wb_protected":true, "old":true, "marked":true}}
{"address":"0x7fc96c8819d0", "type":"ARRAY", "class":"0x7fc96c84a048", "length":0, "flags":{"wb_protected":true, "old":true, "marked":true}}
{"address":"0x7fc96c8819f8", "type":"ARRAY", "class":"0x7fc96c84a048", "length":0, "flags":{"wb_protected":true, "old":true, "marked":true}}
{"address":"0x7fc96c881a20", "type":"ARRAY", "class":"0x7fc96c84a048", "length":0, "flags":{"wb_protected":true, "old":true, "marked":true}}
{"address":"0x7fc96c881a48", "type":"ARRAY", "class":"0x7fc96c84a048", "length":0, "flags":{"wb_protected":true, "old":true, "marked":true}}
{"address":"0x7fc96c881a70", "type":"ARRAY", "class":"0x7fc96c84a048", "length":0, "flags":{"wb_protected":true, "old":true, "marked":true}}
{"address":"0x7fc96c881a98", "type":"STRING", "class":"0x7fc96c801668", "embedded":true, "bytesize":20, "value":"https://rubygems.org", "encoding":"UTF-8", "flags":{"wb_protected":true, "old":true, "marked":true}}
{"address":"0x7fc96c881b60", "type":"NODE", "node_type":"NODE_CREF", "references":["0x7fc96c82a590", "0x7fc96c882a38"], "flags":{"wb_protected":true, "old":true, "marked":true}}
{"address":"0x7fc96c881b88", "type":"DATA", "class":"0x7fc96c833488", "struct":"iseq", "references":["0x7fc96c883190", "0x7fc96c883190", "0x7fc96d05c7b8", "0x7fc96d05c7b8", "0x7fc96c881b60", "0x7fc96c8819a8"], "memsize":488, "flags":{"wb_protected":true, "old":true, "marked":true}}
{"address":"0x7fc96c881bb0", "type":"ARRAY", "length":1, "embedded":true, "references":["0x7fc96c838230"], "flags":{"wb_protected":true, "old":true, "marked":true}}
{"address":"0x7fc96c881c28", "type":"NODE", "node_type":"NODE_CREF", "references":["0x7fc96c82a590", "0x7fc96c882a38"], "flags":{"wb_protected":true, "old":true, "marked":true}}
{"address":"0x7fc96c881c50", "type":"DATA", "class":"0x7fc96c833488", "struct":"iseq", "references":["0x7fc96c881bb0", "0x7fc96c035600", "0x7fc96c035600", "0x7fc96d05c7b8", "0x7fc96d05c7b8", "0x7fc96c881c28", "0x7fc96c8819a8"], "memsize":920, "flags":{"wb_protected":true, "old":true, "marked":true}}
{"address":"0x7fc96c881c78", "type":"ARRAY", "length":2, "embedded":true, "references":["0x7fc96c882718", "0x7fc96c881ca0"], "flags":{"wb_protected":true, "old":true, "marked":true}}
{"address":"0x7fc96c881ca0", "type":"STRING", "class":"0x7fc96c801668", "frozen":true, "embedded":true, "fstring":true, "bytesize":19, "value":"gem-public_cert.pem", "encoding":"UTF-8", "flags":{"wb_protected":true, "old":true, "marked":true}}
{"address":"0x7fc96c881cc8", "type":"STRING", "class":"0x7fc96c801668", "frozen":true, "embedded":true, "fstring":true, "bytesize":8, "value":"EXPR_MID", "encoding":"US-ASCII", "flags":{"wb_protected":true, "old":true, "marked":true}}
{"address":"0x7fc96c881d18", "type":"NODE", "node_type":"NODE_CREF", "references":["0x7fc96c82a590", "0x7fc96c882a38"], "flags":{"wb_protected":true, "old":true, "marked":true}}
{"address":"0x7fc96c881d40", "type":"DATA", "class":"0x7fc96c833488", "struct":"iseq", "references":["0x7fc96c881c78", "0x7fc96c883870", "0x7fc96c883870", "0x7fc96d05c7b8", "0x7fc96d05c7b8", "0x7fc96c881d18", "0x7fc96c8819a8"], "memsize":1080, "flags":{"wb_protected":true, "old":true, "marked":true}}
{"address":"0x7fc96c881d68", "type":"ARRAY", "length":2, "embedded":true, "references":["0x7fc96c882718", "0x7fc96c881d90"], "flags":{"wb_protected":true, "old":true, "marked":true}}
{"address":"0x7fc96c881d90", "type":"STRING", "class":"0x7fc96c801668", "frozen":true, "embedded":true, "fstring":true, "bytesize":19, "value":"gem-private_key.pem", "encoding":"UTF-8", "flags":{"wb_protected":true, "old":true, "marked":true}}
{"address":"0x7fc96c881e08", "type":"NODE", "node_type":"NODE_CREF", "references":["0x7fc96c82a590", "0x7fc96c882a38"], "flags":{"wb_protected":true, "old":true, "marked":true}}
{"address":"0x7fc96c881e30", "type":"DATA", "class":"0x7fc96c833488", "struct":"iseq", "references":["0x7fc96c881d68", "0x7fc96c883c80", "0x7fc96c883c80", "0x7fc96d05c7b8", "0x7fc96d05c7b8", "0x7fc96c881e08", "0x7fc96c8819a8"], "memsize":1080, "flags":{"wb_protected":true, "old":true, "marked":true}}
{"address":"0x7fc96c881e58", "type":"ARRAY", "length":1, "embedded":true, "references":["0x7fc96c838230"], "flags":{"wb_protected":true, "old":true, "marked":true}}
{"address":"0x7fc96c881e80", "type":"STRING", "class":"0x7fc96c801668", "bytesize":62, "capacity":1026, "value":"/Users/antoine/.rvm/gems/ruby-2.0.0-p247/gems/mixlib-cli-1.3.0", "encoding":"US-ASCII", "memsize":1027, "flags":{"wb_protected":true, "old":true, "marked":true}}
{"address":"0x7fc96c881ed0", "type":"NODE", "node_type":"NODE_CREF", "references":["0x7fc96c82a590", "0x7fc96c882a38"], "flags":{"wb_protected":true, "old":true, "marked":true}}
{"address":"0x7fc96c881ef8", "type":"DATA", "class":"0x7fc96c833488", "struct":"iseq", "references":["0x7fc96c881e58", "0x7fc96c87aba8", "0x7fc96c87aba8", "0x7fc96d05c7b8", "0x7fc96d05c7b8", "0x7fc96c881ed0", "0x7fc96c8819a8"], "memsize":904, "flags":{"wb_protected":true, "old":true, "marked":true}}
{"address":"0x7fc96c881f20", "type":"ARRAY", "length":2, "embedded":true, "references":["0x7fc96c881f48", "0x7fc96c053088"], "flags":{"wb_protected":true, "old":true, "marked":true}}
{"address":"0x7fc96c881f48", "type":"STRING", "class":"0x7fc96c801668", "frozen":true, "embedded":true, "fstring":true, "bytesize":8, "value":"/usr/bin", "encoding":"UTF-8", "flags":{"wb_protected":true, "old":true, "marked":true}}
{"address":"0x7fc96c881fc0", "type":"NODE", "node_type":"NODE_CREF", "references":["0x7fc96c82a590", "0x7fc96c882a38"], "flags":{"wb_protected":true, "old":true, "marked":true}}
{"address":"0x7fc96c881fe8", "type":"DATA", "class":"0x7fc96c833488", "struct":"iseq", "references":["0x7fc96c881f20", "0x7fc96c812d00", "0x7fc96c812d00", "0x7fc96d05c7b8", "0x7fc96d05c7b8", "0x7fc96c881fc0", "0x7fc96c8819a8"], "memsize":1112, "flags":{"wb_protected":true, "old":true, "marked":true}}
{"address":"0x7fc96c882010", "type":"STRING", "class":"0x7fc96c801668", "frozen":true, "embedded":true, "fstring":true, "bytesize":7, "value":", no %s", "encoding":"UTF-8", "flags":{"wb_protected":true, "old":true, "marked":true}}
{"address":"0x7fc96c882038", "type":"STRING", "class":"0x7fc96c801668", "frozen":true, "fstring":true, "bytesize":26, "value":"[BUG] invalid exec_format ", "encoding":"UTF-8", "memsize":27, "flags":{"wb_protected":true, "old":true, "marked":true}}
{"address":"0x7fc96c8820b0", "type":"ARRAY", "length":8, "references":["0x7fc96c882178", "0x7fc96c053060", "0x7fc96c838230", "0x7fc96c882100", "0x7fc96c878b28", "0x7fc96c882038", "0x7fc96c882010", "0x7fc96c882178"], "memsize":160, "flags":{"wb_protected":true, "old":true, "marked":true}}
{"address":"0x7fc96c8820d8", "type":"ARRAY", "length":2, "embedded":true, "references":["0x7fc96c800358", "0x7fc96c882100"], "flags":{"wb_protected":true, "old":true, "marked":true}}
{"address":"0x7fc96c882100", "type":"STRING", "class":"0x7fc96c801668", "frozen":true, "embedded":true, "fstring":true, "bytesize":2, "value":"%s", "encoding":"UTF-8", "flags":{"wb_protected":true, "old":true, "marked":true}}
{"address":"0x7fc96c882128", "type":"STRING", "class":"0x7fc96c801668", "frozen":true, "fstring":true, "bytesize":342, "value":"Thanks for installing knife-solo!\n\nIf you run into any issues please let us know at:\n  https://github.com/matschaffer/knife-solo/issues\n\nIf you are upgrading knife-solo please uninstall any old versions by\nrunning `gem clean knife-solo` to avoid any errors.\n\nSee http://bit.ly/CHEF-3255 for more information on the knife bug\nthat causes this.", "encoding":"UTF-8", "memsize":343, "flags":{"wb_protected":true, "old":true, "marked":true}}
{"address":"0x7fc96c882150", "type":"STRING", "class":"0x7fc96c801668", "frozen":true, "fstring":true, "bytesize":40, "value":"http://matschaffer.github.io/knife-solo/", "encoding":"UTF-8", "memsize":41, "flags":{"wb_protected":true, "old":true, "marked":true}}
{"address":"0x7fc96c882178", "type":"DATA", "class":"0x7fc96c833488", "struct":"iseq", "references":["0x7fc96c8820d8", "0x7fc96c8821a0", "0x7fc96c879028", "0x7fc96d05c7b8", "0x7fc96d05c7b8", "0x7fc96c882240"], "memsize":576, "flags":{"wb_protected":true, "old":true, "marked":true}}
{"address":"0x7fc96c8821a0", "type":"STRING", "class":"0x7fc96c801668", "frozen":true, "fstring":true, "bytesize":29, "capacity":48, "value":"rescue in default_exec_format", "memsize":49, "flags":{"wb_protected":true, "old":true, "marked":true}}
{"address":"0x7fc96c8821c8", "type":"STRING", "class":"0x7fc96c801668", "bytesize":45, "capacity":128, "value":"/Users/antoine/.rvm/gems/ruby-2.0.0-p247/gems", "encoding":"UTF-8", "memsize":129, "flags":{"wb_protected":true, "old":true, "marked":true}}
{"address":"0x7fc96c8821f0", "type":"STRING", "class":"0x7fc96c801668", "frozen":true, "fstring":true, "bytesize":64, "value":"Handles bootstrapping, running chef solo, rsyncing cookbooks etc", "encoding":"UTF-8", "memsize":65, "flags":{"wb_protected":true, "old":true, "marked":true}}
{"address":"0x7fc96c882240", "type":"NODE", "node_type":"NODE_CREF", "references":["0x7fc96c82a590", "0x7fc96c882a38"], "flags":{"wb_protected":true, "old":true, "marked":true}}
{"address":"0x7fc96c882268", "type":"DATA", "class":"0x7fc96c833488", "struct":"iseq", "references":["0x7fc96c8820b0", "0x7fc96c879028", "0x7fc96c879028", "0x7fc96d05c7b8", "0x7fc96d05c7b8", "0x7fc96c882240", "0x7fc96c8819a8"], "memsize":2200, "flags":{"wb_protected":true, "old":true, "marked":true}}
{"address":"0x7fc96c8822b8", "type":"STRING", "class":"0x7fc96c801668", "frozen":true, "embedded":true, "fstring":true, "bytesize":9, "value":"@has_rdoc", "encoding":"US-ASCII", "flags":{"wb_protected":true, "old":true, "marked":true}}
{"address":"0x7fc96c8822e0", "type":"NODE", "node_type":"NODE_CREF", "references":["0x7fc96c82a590", "0x7fc96c882a38"], "flags":{"wb_protected":true, "old":true, "marked":true}}
{"address":"0x7fc96c882308", "type":"DATA", "class":"0x7fc96c833488", "struct":"iseq", "references":["0x7fc96c879528", "0x7fc96c879528", "0x7fc96d05c7b8", "0x7fc96d05c7b8", "0x7fc96c8822e0", "0x7fc96c8819a8"], "memsize":2024, "flags":{"wb_protected":true, "old":true, "marked":true}}
{"address":"0x7fc96c882330", "type":"STRING", "class":"0x7fc96c801668", "bytesize":40, "value":"/Users/antoine/.rvm/gems/ruby-2.0.0-p247", "encoding":"UTF-8", "memsize":41, "flags":{"wb_protected":true, "old":true, "marked":true}}
{"address":"0x7fc96c882380", "type":"NODE", "node_type":"NODE_CREF", "references":["0x7fc96c82a590", "0x7fc96c882a38"], "flags":{"wb_protected":true, "old":true, "marked":true}}
{"address":"0x7fc96c8823a8", "type":"DATA", "class":"0x7fc96c833488", "struct":"iseq", "references":["0x7fc96c879780", "0x7fc96c879780", "0x7fc96d05c7b8", "0x7fc96d05c7b8", "0x7fc96c882380", "0x7fc96c8819a8"], "memsize":624, "flags":{"wb_protected":true, "old":true, "marked":true}}
{"address":"0x7fc96c8823d0", "type":"ARRAY", "length":3, "embedded":true, "references":["0x7fc96c882718", "0x7fc96c052f20", "0x7fc96c052f20"], "flags":{"wb_protected":true, "old":true, "marked":true}}
{"address":"0x7fc96c882448", "type":"NODE", "node_type":"NODE_CREF", "references":["0x7fc96c82a590", "0x7fc96c882a38"], "flags":{"wb_protected":true, "old":true, "marked":true}}
{"address":"0x7fc96c882470", "type":"DATA", "class":"0x7fc96c833488", "struct":"iseq", "references":["0x7fc96c8823d0", "0x7fc96c879fa0", "0x7fc96c879fa0", "0x7fc96d05c7b8", "0x7fc96d05c7b8", "0x7fc96c882448", "0x7fc96c8819a8"], "memsize":2448, "flags":{"wb_protected":true, "old":true, "marked":true}}
{"address":"0x7fc96c8824e8", "type":"NODE", "node_type":"NODE_CREF", "references":["0x7fc96c82a590", "0x7fc96c882a38"], "flags":{"wb_protected":true, "old":true, "marked":true}}
{"address":"0x7fc96c882510", "type":"DATA", "class":"0x7fc96c833488", "struct":"iseq", "references":["0x7fc96c87a1d0", "0x7fc96c87a1d0", "0x7fc96d05c7b8", "0x7fc96d05c7b8", "0x7fc96c8824e8", "0x7fc96c8819a8"], "memsize":440, "flags":{"wb_protected":true, "old":true, "marked":true}}
{"address":"0x7fc96c882588", "type":"NODE", "node_type":"NODE_CREF", "references":["0x7fc96c82a590", "0x7fc96c882a38"], "flags":{"wb_protected":true, "old":true, "marked":true}}
{"address":"0x7fc96c8825b0", "type":"DATA", "class":"0x7fc96c833488", "struct":"iseq", "references":["0x7fc96c87a450", "0x7fc96c87a450", "0x7fc96d05c7b8", "0x7fc96d05c7b8", "0x7fc96c882588", "0x7fc96c8819a8"], "memsize":448, "flags":{"wb_protected":true, "old":true, "marked":true}}
{"address":"0x7fc96c8825d8", "type":"ARRAY", "length":10, "references":["0x7fc96c8297a8", "0x7fc96c882600", "0x7fc96c052f20", "0x7fc96c822c50", "0x7fc96c822c50", "0x7fc96c0473a0", "0x7fc96c052f20", "0x7fc96c0536c8", "0x7fc96c0473a0", "0x7fc96c052f20"], "memsize":160, "flags":{"wb_protected":true, "old":true, "marked":true}}
{"address":"0x7fc96c882600", "type":"STRING", "class":"0x7fc96c801668", "frozen":true, "embedded":true, "fstring":true, "bytesize":4, "value":"Gems", "encoding":"UTF-8", "flags":{"wb_protected":true, "old":true, "marked":true}}
{"address":"0x7fc96c882678", "type":"NODE", "node_type":"NODE_CREF", "references":["0x7fc96c82a590", "0x7fc96c882a38"], "flags":{"wb_protected":true, "old":true, "marked":true}}
{"address":"0x7fc96c8826a0", "type":"DATA", "class":"0x7fc96c833488", "struct":"iseq", "references":["0x7fc96c8825d8", "0x7fc96c812e40", "0x7fc96c812e40", "0x7fc96d05c7b8", "0x7fc96d05c7b8", "0x7fc96c882678", "0x7fc96c8819a8"], "memsize":4712, "flags":{"wb_protected":true, "old":true, "marked":true}}
{"address":"0x7fc96c8826c8", "type":"ARRAY", "length":2, "embedded":true, "references":["0x7fc96c882718", "0x7fc96c8826f0"], "flags":{"wb_protected":true, "old":true, "marked":true}}
{"address":"0x7fc96c8826f0", "type":"STRING", "class":"0x7fc96c801668", "frozen":true, "embedded":true, "fstring":true, "bytesize":5, "value":"specs", "encoding":"UTF-8", "flags":{"wb_protected":true, "old":true, "marked":true}}
{"address":"0x7fc96c882718", "type":"STRING", "class":"0x7fc96c801668", "frozen":true, "embedded":true, "fstring":true, "bytesize":4, "value":".gem", "encoding":"UTF-8", "flags":{"wb_protected":true, "old":true, "marked":true}}
{"address":"0x7fc96c882768", "type":"STRING", "class":"0x7fc96c801668", "frozen":true, "embedded":true, "fstring":true, "bytesize":9, "value":"@homepage", "encoding":"US-ASCII", "flags":{"wb_protected":true, "old":true, "marked":true}}
{"address":"0x7fc96c882790", "type":"NODE", "node_type":"NODE_CREF", "references":["0x7fc96c82a590", "0x7fc96c882a38"], "flags":{"wb_protected":true, "old":true, "marked":true}}
{"address":"0x7fc96c8827b8", "type":"DATA", "class":"0x7fc96c833488", "struct":"iseq", "references":["0x7fc96c8826c8", "0x7fc96c87bc38", "0x7fc96c87bc38", "0x7fc96d05c7b8", "0x7fc96d05c7b8", "0x7fc96c882790", "0x7fc96c8819a8"], "memsize":1080, "flags":{"wb_protected":true, "old":true, "marked":true}}
{"address":"0x7fc96c882808", "type":"ARRAY", "length":1, "embedded":true, "references":["0x7fc96c882830"], "flags":{"wb_protected":true, "old":true, "marked":true}}
{"address":"0x7fc96c882830", "type":"STRING", "class":"0x7fc96c801668", "frozen":true, "embedded":true, "fstring":true, "bytesize":21, "value":"https://rubygems.org/", "encoding":"UTF-8", "flags":{"wb_protected":true, "old":true, "marked":true}}
{"address":"0x7fc96c8828a8", "type":"NODE", "node_type":"NODE_CREF", "references":["0x7fc96c82a590", "0x7fc96c882a38"], "flags":{"wb_protected":true, "old":true, "marked":true}}
{"address":"0x7fc96c8828d0", "type":"DATA", "class":"0x7fc96c833488", "struct":"iseq", "references":["0x7fc96c882808", "0x7fc96c021218", "0x7fc96c021218", "0x7fc96d05c7b8", "0x7fc96d05c7b8", "0x7fc96c8828a8", "0x7fc96c8819a8"], "memsize":520, "flags":{"wb_protected":true, "old":true, "marked":true}}
{"address":"0x7fc96c882920", "type":"STRING", "class":"0x7fc96c801668", "frozen":true, "embedded":true, "fstring":true, "bytesize":8, "value":"TkCOLON2", "encoding":"US-ASCII", "flags":{"wb_protected":true, "old":true, "marked":true}}
{"address":"0x7fc96c882a38", "type":"NODE", "node_type":"NODE_CREF", "references":["0x7fc96c803788"], "flags":{"wb_protected":true, "old":true, "marked":true}}
{"address":"0x7fc96c882a60", "type":"STRING", "class":"0x7fc96c801668", "frozen":true, "embedded":true, "fstring":true, "bytesize":12, "value":"@description", "encoding":"US-ASCII", "flags":{"wb_protected":true, "old":true, "marked":true}}
{"address":"0x7fc96c882b78", "type":"STRING", "class":"0x7fc96c801668", "frozen":true, "embedded":true, "fstring":true, "bytesize":8, "value":"TkCOLON3", "encoding":"US-ASCII", "flags":{"wb_protected":true, "old":true, "marked":true}}
{"address":"0x7fc96c882df8", "type":"STRING", "class":"0x7fc96c801668", "frozen":true, "embedded":true, "fstring":true, "bytesize":6, "value":"@email", "encoding":"US-ASCII", "flags":{"wb_protected":true, "old":true, "marked":true}}
{"address":"0x7fc96c882ee8", "type":"STRING", "class":"0x7fc96c801668", "bytesize":73, "capacity":1026, "value":"/Users/antoine/.rvm/gems/ruby-2.0.0-p247/gems/mixlib-authentication-1.3.0", "encoding":"US-ASCII", "memsize":1027, "flags":{"wb_protected":true, "old":true, "marked":true}}
{"address":"0x7fc96c882fd8", "type":"STRING", "class":"0x7fc96c801668", "frozen":true, "embedded":true, "fstring":true, "bytesize":18, "value":"@rubyforge_project", "encoding":"US-ASCII", "flags":{"wb_protected":true, "old":true, "marked":true}}
{"address":"0x7fc96c883000", "type":"STRING", "class":"0x7fc96c801668", "bytesize":45, "capacity":128, "value":"/Users/antoine/.rvm/gems/ruby-2.0.0-p247/gems", "encoding":"UTF-8", "memsize":129, "flags":{"wb_protected":true, "old":true, "marked":true}}
{"address":"0x7fc96c8830a0", "type":"STRING", "class":"0x7fc96c801668", "bytesize":40, "value":"/Users/antoine/.rvm/gems/ruby-2.0.0-p247", "encoding":"UTF-8", "memsize":41, "flags":{"wb_protected":true, "old":true, "marked":true}}
{"address":"0x7fc96c883190", "type":"STRING", "class":"0x7fc96c801668", "frozen":true, "fstring":true, "bytesize":24, "value":"install_extension_in_lib", "encoding":"US-ASCII", "memsize":25, "flags":{"wb_protected":true, "old":true, "marked":true}}
{"address":"0x7fc96c8831e0", "type":"STRING", "class":"0x7fc96c801668", "frozen":true, "embedded":true, "fstring":true, "bytesize":13, "value":"@dependencies", "encoding":"US-ASCII", "flags":{"wb_protected":true, "old":true, "marked":true}}
{"address":"0x7fc96c883488", "type":"STRING", "class":"0x7fc96c801668", "frozen":true, "embedded":true, "fstring":true, "bytesize":7, "value":"TkCOLON", "encoding":"US-ASCII", "flags":{"wb_protected":true, "old":true, "marked":true}}
{"address":"0x7fc96c8835a0", "type":"STRING", "class":"0x7fc96c801668", "frozen":true, "fstring":true, "bytesize":26, "value":"@required_rubygems_version", "encoding":"US-ASCII", "memsize":27, "flags":{"wb_protected":true, "old":true, "marked":true}}
{"address":"0x7fc96c883668", "type":"REGEXP", "class":"0x7fc96c8491e8", "references":["0x7fc96c023a90"], "memsize":528, "flags":{"wb_protected":true, "old":true, "marked":true}}
{"address":"0x7fc96c883870", "type":"STRING", "class":"0x7fc96c801668", "frozen":true, "embedded":true, "fstring":true, "bytesize":17, "value":"default_cert_path", "encoding":"US-ASCII", "flags":{"wb_protected":true, "old":true, "marked":true}}
{"address":"0x7fc96c883938", "type":"STRING", "class":"0x7fc96c801668", "bytesize":68, "capacity":1026, "value":"/usr/local/Cellar/ruby/2.1.1/lib/ruby/gems/2.1.0/gems/minitest-4.7.5", "encoding":"US-ASCII", "memsize":1027, "flags":{"wb_protected":true, "old":true, "marked":true}}
{"address":"0x7fc96c8839b0", "type":"STRING", "class":"0x7fc96c801668", "frozen":true, "embedded":true, "fstring":true, "bytesize":8, "value":"@summary", "encoding":"US-ASCII", "flags":{"wb_protected":true, "old":true, "marked":true}}
{"address":"0x7fc96c883aa0", "type":"STRING", "class":"0x7fc96c801668", "bytesize":53, "capacity":128, "value":"/usr/local/Cellar/ruby/2.1.1/lib/ruby/gems/2.1.0/gems", "encoding":"UTF-8", "memsize":129, "flags":{"wb_protected":true, "old":true, "marked":true}}
{"address":"0x7fc96c883b18", "type":"STRING", "class":"0x7fc96c801668", "bytesize":48, "value":"/usr/local/Cellar/ruby/2.1.1/lib/ruby/gems/2.1.0", "encoding":"UTF-8", "memsize":49, "flags":{"wb_protected":true, "old":true, "marked":true}}
{"address":"0x7fc96c883c80", "type":"STRING", "class":"0x7fc96c801668", "frozen":true, "embedded":true, "fstring":true, "bytesize":16, "value":"default_key_path", "encoding":"US-ASCII", "flags":{"wb_protected":true, "old":true, "marked":true}}
{"address":"0x7fc96c888028", "type":"STRING", "class":"0x7fc96c801668", "frozen":true, "embedded":true, "fstring":true, "bytesize":12, "value":"TkRD_COMMENT", "encoding":"US-ASCII", "flags":{"wb_protected":true, "old":true, "marked":true}}
{"address":"0x7fc96c888078", "type":"STRING", "class":"0x7fc96c801668", "frozen":true, "embedded":true, "fstring":true, "bytesize":13, "value":"@new_platform", "encoding":"US-ASCII", "flags":{"wb_protected":true, "old":true, "marked":true}}
{"address":"0x7fc96c8880a0", "type":"STRING", "class":"0x7fc96c801668", "embedded":true, "bytesize":3, "value":"lib", "encoding":"UTF-8", "flags":{"wb_protected":true, "old":true, "marked":true}}
{"address":"0x7fc96c8880c8", "type":"ARRAY", "class":"0x7fc96c84a048", "length":1, "embedded":true, "references":["0x7fc96c8880a0"], "flags":{"wb_protected":true, "old":true, "marked":true}}
{"address":"0x7fc96c8880f0", "type":"CLASS", "class":"0x7fc96c802e28", "name":"Class", "references":["0x7fc96c8881b8", "0x7fc96c800330"], "memsize":672, "flags":{"wb_protected":true, "old":true, "marked":true}}
{"address":"0x7fc96c888118", "type":"STRING", "class":"0x7fc96c801668", "frozen":true, "embedded":true, "fstring":true, "bytesize":7, "value":"CURRENT", "encoding":"US-ASCII", "flags":{"wb_protected":true, "old":true, "marked":true}}
{"address":"0x7fc96c8881b8", "type":"CLASS", "class":"0x7fc96c8880f0", "name":"RubyLex::TkReading2TokenDuplicateError", "references":["0x7fc96d049988", "0x7fc96c800358"], "memsize":672, "flags":{"wb_protected":true, "old":true, "remembered":true, "marked":true}}
{"address":"0x7fc96c8881e0", "type":"STRING", "class":"0x7fc96c801668", "shared":true, "encoding":"UTF-8", "references":["0x7fc96c058178"], "flags":{"wb_protected":true, "old":true, "marked":true}}
{"address":"0x7fc96c888208", "type":"ARRAY", "class":"0x7fc96c84a048", "length":2, "embedded":true, "references":["0x7fc96c88a7d8", "0x7fc96c8882d0"], "flags":{"wb_protected":true, "old":true, "marked":true}}
{"address":"0x7fc96c8882a8", "type":"CLASS", "class":"0x7fc96c802e28", "name":"Class", "references":["0x7fc96c8882d0", "0x7fc96c800330"], "memsize":672, "flags":{"wb_protected":true, "old":true, "marked":true}}
{"address":"0x7fc96c8882d0", "type":"CLASS", "class":"0x7fc96c8882a8", "name":"RubyLex::TkSymbol2TokenNoKey", "references":["0x7fc96d049938", "0x7fc96c800358"], "memsize":672, "flags":{"wb_protected":true, "old":true, "remembered":true, "marked":true}}
{"address":"0x7fc96c8883c0", "type":"STRING", "class":"0x7fc96c801668", "embedded":true, "bytesize":21, "value":"key nothing(key='%s')", "encoding":"UTF-8", "flags":{"wb_protected":true, "old":true, "marked":true}}
{"address":"0x7fc96c888488", "type":"STRING", "class":"0x7fc96c801668", "frozen":true, "embedded":true, "fstring":true, "bytesize":18, "value":"@original_platform", "encoding":"US-ASCII", "flags":{"wb_protected":true, "old":true, "marked":true}}
{"address":"0x7fc96c8884b0", "type":"ARRAY", "class":"0x7fc96c84a048", "length":2, "embedded":true, "references":["0x7fc96c88a7d8", "0x7fc96c888578"], "flags":{"wb_protected":true, "old":true, "marked":true}}
{"address":"0x7fc96c888500", "type":"CLASS", "class":"0x7fc96c802e28", "name":"Class", "references":["0x7fc96c888578", "0x7fc96c800330"], "memsize":672, "flags":{"wb_protected":true, "old":true, "marked":true}}
{"address":"0x7fc96c888528", "type":"STRING", "class":"0x7fc96c801668", "frozen":true, "embedded":true, "fstring":true, "bytesize":9, "value":"platform=", "encoding":"UTF-8", "flags":{"wb_protected":true, "old":true, "marked":true}}
{"address":"0x7fc96c888550", "type":"REGEXP", "class":"0x7fc96c8491e8", "references":["0x7fc96c023a90"], "memsize":528, "flags":{"wb_protected":true, "old":true, "marked":true}}
{"address":"0x7fc96c888578", "type":"CLASS", "class":"0x7fc96c888500", "name":"RubyLex::TkReading2TokenNoKey", "references":["0x7fc96d049910", "0x7fc96c800358"], "memsize":672, "flags":{"wb_protected":true, "old":true, "remembered":true, "marked":true}}
{"address":"0x7fc96c8885c8", "type":"STRING", "class":"0x7fc96c801668", "embedded":true, "bytesize":21, "value":"key nothing(key='%s')", "encoding":"UTF-8", "flags":{"wb_protected":true, "old":true, "marked":true}}
{"address":"0x7fc96c8885f0", "type":"ARRAY", "class":"0x7fc96c84a048", "length":2, "embedded":true, "references":["0x7fc96c88a7d8", "0x7fc96c8881b8"], "flags":{"wb_protected":true, "old":true, "marked":true}}
{"address":"0x7fc96c8886b8", "type":"STRING", "class":"0x7fc96c801668", "frozen":true, "embedded":true, "fstring":true, "bytesize":8, "value":"^-I(.+)?", "encoding":"US-ASCII", "flags":{"wb_protected":true, "old":true, "marked":true}}
{"address":"0x7fc96c888708", "type":"ARRAY", "class":"0x7fc96c84a048", "length":2, "embedded":true, "references":["0x7fc96c88a7d8", "0x7fc96c888988"], "flags":{"wb_protected":true, "old":true, "marked":true}}
{"address":"0x7fc96c888730", "type":"STRING", "class":"0x7fc96c801668", "embedded":true, "bytesize":2, "value":"%s", "encoding":"UTF-8", "flags":{"wb_protected":true, "old":true, "marked":true}}
{"address":"0x7fc96c888898", "type":"STRING", "class":"0x7fc96c801668", "frozen":true, "embedded":true, "fstring":true, "bytesize":4, "value":"code", "encoding":"US-ASCII", "flags":{"wb_protected":true, "old":true, "marked":true}}
{"address":"0x7fc96c8888c0", "type":"REGEXP", "class":"0x7fc96c8491e8", "references":["0x7fc96c8886b8"], "memsize":498, "flags":{"wb_protected":true, "old":true, "marked":true}}
{"address":"0x7fc96c888910", "type":"CLASS", "class":"0x7fc96c802e28", "name":"Class", "references":["0x7fc96c888988", "0x7fc96c800330"], "memsize":672, "flags":{"wb_protected":true, "old":true, "marked":true}}
{"address":"0x7fc96c888938", "type":"CLASS", "class":"0x7fc96c888a00", "name":"RubyLex::SyntaxError", "references":["0x7fc96d0498e8", "0x7fc96c800358"], "memsize":672, "flags":{"wb_protected":true, "old":true, "remembered":true, "marked":true}}
{"address":"0x7fc96c888988", "type":"CLASS", "class":"0x7fc96c888910", "name":"RubyLex::AlreadyDefinedToken", "references":["0x7fc96d0498c0", "0x7fc96c800358"], "memsize":672, "flags":{"wb_protected":true, "old":true, "remembered":true, "marked":true}}
{"address":"0x7fc96c8889d8", "type":"STRING", "class":"0x7fc96c801668", "shared":true, "encoding":"UTF-8", "references":["0x7fc96c0581c8"], "flags":{"wb_protected":true, "old":true, "marked":true}}
{"address":"0x7fc96c888a00", "type":"CLASS", "class":"0x7fc96c802e28", "name":"Class", "references":["0x7fc96c888938", "0x7fc96c800330"], "memsize":672, "flags":{"wb_protected":true, "old":true, "marked":true}}
{"address":"0x7fc96c888af0", "type":"NODE", "node_type":"NODE_CREF", "references":["0x7fc96c88a7d8", "0x7fc96d833a90"], "flags":{"wb_protected":true, "old":true, "marked":true}}
{"address":"0x7fc96c888b18", "type":"STRING", "class":"0x7fc96c801668", "frozen":true, "embedded":true, "fstring":true, "bytesize":8, "value":"@authors", "encoding":"US-ASCII", "flags":{"wb_protected":true, "old":true, "marked":true}}
{"address":"0x7fc96c888b68", "type":"DATA", "class":"0x7fc96c833488", "struct":"iseq", "references":["0x7fc96c803558", "0x7fc96c803558", "0x7fc96c900eb0", "0x7fc96c888af0", "0x7fc96c88a788"], "memsize":776, "flags":{"wb_protected":true, "old":true, "marked":true}}
{"address":"0x7fc96c888b90", "type":"STRING", "class":"0x7fc96c801668", "bytesize":58, "capacity":1026, "value":"/Users/antoine/.rvm/gems/ruby-2.0.0-p247/gems/erubis-2.7.0", "encoding":"US-ASCII", "memsize":1027, "flags":{"wb_protected":true, "old":true, "marked":true}}
{"address":"0x7fc96c888bb8", "type":"STRING", "class":"0x7fc96c801668", "frozen":true, "embedded":true, "fstring":true, "bytesize":8, "value":"authors=", "encoding":"UTF-8", "flags":{"wb_protected":true, "old":true, "marked":true}}
{"address":"0x7fc96c888cf8", "type":"REGEXP", "class":"0x7fc96c8491e8", "references":["0x7fc96c023a90"], "memsize":528, "flags":{"wb_protected":true, "old":true, "marked":true}}
{"address":"0x7fc96c888d20", "type":"STRING", "class":"0x7fc96c801668", "bytesize":45, "capacity":128, "value":"/Users/antoine/.rvm/gems/ruby-2.0.0-p247/gems", "encoding":"UTF-8", "memsize":129, "flags":{"wb_protected":true, "old":true, "marked":true}}
{"address":"0x7fc96c888d70", "type":"ARRAY", "class":"0x7fc96c84a048", "length":2, "embedded":true, "references":["0x7fc96c88a7d8", "0x7fc96c888938"], "flags":{"wb_protected":true, "old":true, "marked":true}}
{"address":"0x7fc96c888dc0", "type":"STRING", "class":"0x7fc96c801668", "bytesize":40, "value":"/Users/antoine/.rvm/gems/ruby-2.0.0-p247", "encoding":"UTF-8", "memsize":41, "flags":{"wb_protected":true, "old":true, "marked":true}}
{"address":"0x7fc96c888f00", "type":"NODE", "node_type":"NODE_CREF", "references":["0x7fc96c88a7d8", "0x7fc96d833a90"], "flags":{"wb_protected":true, "old":true, "marked":true}}
{"address":"0x7fc96c888f28", "type":"STRING", "class":"0x7fc96c801668", "frozen":true, "embedded":true, "fstring":true, "bytesize":1, "value":"o", "encoding":"US-ASCII", "flags":{"wb_protected":true, "old":true, "marked":true}}
{"address":"0x7fc96c888f50", "type":"STRING", "class":"0x7fc96c801668", "frozen":true, "embedded":true, "fstring":true, "bytesize":6, "value":"author", "encoding":"US-ASCII", "flags":{"wb_protected":true, "old":true, "marked":true}}
{"address":"0x7fc96c888f78", "type":"STRING", "class":"0x7fc96c801668", "frozen":true, "embedded":true, "fstring":true, "bytesize":7, "value":"author=", "encoding":"UTF-8", "flags":{"wb_protected":true, "old":true, "marked":true}}
{"address":"0x7fc96c888fa0", "type":"STRING", "class":"0x7fc96c801668", "embedded":true, "bytesize":20, "value":"Terminate Line Input", "encoding":"UTF-8", "flags":{"wb_protected":true, "old":true, "marked":true}}
{"address":"0x7fc96c888fc8", "type":"DATA", "class":"0x7fc96c833488", "struct":"iseq", "references":["0x7fc96d857ad0", "0x7fc96d857ad0", "0x7fc96c900eb0", "0x7fc96c888f00", "0x7fc96c88a7d8"], "memsize":1040, "flags":{"wb_protected":true, "old":true, "marked":true}}
{"address":"0x7fc96c8890b8", "type":"CLASS", "class":"0x7fc96c8892e8", "name":"RubyLex::TerminateLineInput", "references":["0x7fc96d049898", "0x7fc96c800358"], "memsize":672, "flags":{"wb_protected":true, "old":true, "remembered":true, "marked":true}}
{"address":"0x7fc96c889248", "type":"STRING", "class":"0x7fc96c801668", "frozen":true, "embedded":true, "fstring":true, "bytesize":16, "value":"identify_comment", "encoding":"US-ASCII", "flags":{"wb_protected":true, "old":true, "marked":true}}
{"address":"0x7fc96c8892e8", "type":"CLASS", "class":"0x7fc96c802e28", "name":"Class", "references":["0x7fc96c8890b8", "0x7fc96c800330"], "memsize":672, "flags":{"wb_protected":true, "old":true, "marked":true}}
{"address":"0x7fc96c889338", "type":"STRING", "class":"0x7fc96c801668", "bytesize":40, "value":"/Users/antoine/.rvm/gems/ruby-2.0.0-p247", "encoding":"UTF-8", "memsize":41, "flags":{"wb_protected":true, "old":true, "marked":true}}
{"address":"0x7fc96c8894f0", "type":"STRING", "class":"0x7fc96c801668", "frozen":true, "embedded":true, "fstring":true, "bytesize":8, "value":"def_rule", "encoding":"US-ASCII", "flags":{"wb_protected":true, "old":true, "marked":true}}
{"address":"0x7fc96c8896d0", "type":"STRING", "class":"0x7fc96c801668", "bytesize":65, "capacity":1026, "value":"/Users/antoine/.rvm/gems/ruby-2.0.0-p247/gems/digital_ocean-1.0.1", "encoding":"US-ASCII", "memsize":1027, "flags":{"wb_protected":true, "old":true, "marked":true}}
{"address":"0x7fc96c889720", "type":"STRING", "class":"0x7fc96c801668", "frozen":true, "embedded":true, "fstring":true, "bytesize":3, "value":"tup", "encoding":"US-ASCII", "flags":{"wb_protected":true, "old":true, "marked":true}}
{"address":"0x7fc96c889770", "type":"STRING", "class":"0x7fc96c801668", "bytesize":45, "capacity":128, "value":"/Users/antoine/.rvm/gems/ruby-2.0.0-p247/gems", "encoding":"UTF-8", "memsize":129, "flags":{"wb_protected":true, "old":true, "marked":true}}
{"address":"0x7fc96c889810", "type":"STRING", "class":"0x7fc96c801668", "bytesize":45, "capacity":128, "value":"/Users/antoine/.rvm/gems/ruby-2.0.0-p247/gems", "encoding":"UTF-8", "memsize":129, "flags":{"wb_protected":true, "old":true, "marked":true}}
{"address":"0x7fc96c889888", "type":"STRING", "class":"0x7fc96c801668", "bytesize":40, "value":"/Users/antoine/.rvm/gems/ruby-2.0.0-p247", "encoding":"UTF-8", "memsize":41, "flags":{"wb_protected":true, "old":true, "marked":true}}
{"address":"0x7fc96c8898b0", "type":"STRING", "class":"0x7fc96c801668", "frozen":true, "embedded":true, "fstring":true, "bytesize":12, "value":"[ \\t\\f\\r\\13]", "encoding":"US-ASCII", "flags":{"wb_protected":true, "old":true, "marked":true}}
{"address":"0x7fc96c889928", "type":"REGEXP", "class":"0x7fc96c8491e8", "references":["0x7fc96c8898b0"], "memsize":512, "flags":{"wb_protected":true, "old":true, "marked":true}}
{"address":"0x7fc96c8899c8", "type":"ARRAY", "class":"0x7fc96c84a048", "length":2, "embedded":true, "references":["0x7fc96c88a7d8", "0x7fc96c8890b8"], "flags":{"wb_protected":true, "old":true, "marked":true}}
{"address":"0x7fc96c889ae0", "type":"ICLASS", "class":"0x7fc96d046878", "references":["0x7fc96d0474a8", "0x7fc96d80f2a8", "0x7fc96c8ebbf0", "0x7fc96c8ebbf0", "0x7fc96c8ebbf0", "0x7fc96c8ebbf0", "0x7fc96c8ebbf0", "0x7fc96c8ebbf0", "0x7fc96c8ebbf0", "0x7fc96d046828", "0x7fc96c8ebbf0", "0x7fc96d046648", "0x7fc96c8ebbf0", "0x7fc96d046440", "0x7fc96c8ebbf0", "0x7fc96d046300", "0x7fc96c8ebbf0", "0x7fc96d0461e8", "0x7fc96c8ebbf0", "0x7fc96d0460a8", "0x7fc96c8ebbf0", "0x7fc96d045f90", "0x7fc96c8ebbf0", "0x7fc96d045e50", "0x7fc96c8ebbf0", "0x7fc96c8df530", "0x7fc96c8ebbf0", "0x7fc96c8df508", "0x7fc96c8ebbf0", "0x7fc96c8df4e0", "0x7fc96c8ebbf0", "0x7fc96c8defb8", "0x7fc96c900eb0", "0x7fc96c8dea18", "0x7fc96c900eb0", "0x7fc96c8de478", "0x7fc96c900eb0", "0x7fc96c8dde60", "0x7fc96c900eb0", "0x7fc96c8dd870", "0x7fc96c900eb0", "0x7fc96c8dd230", "0x7fc96c900eb0", "0x7fc96c8dcc68", "0x7fc96c900eb0", "0x7fc96c8dc6a0", "0x7fc96c900eb0", "0x7fc96c8dc0d8", "0x7fc96c900eb0", "0x7fc96c8cbb98", "0x7fc96c900eb0", "0x7fc96c8cb4e0", "0x7fc96c900eb0", "0x7fc96c8caea0", "0x7fc96c900eb0", "0x7fc96c8ca400", "0x7fc96c900eb0", "0x7fc96c8c9d48", "0x7fc96c900eb0", "0x7fc96c8c9780", "0x7fc96c900eb0", "0x7fc96c8c8f38", "0x7fc96c900eb0", "0x7fc96c8c9a28", "0x7fc96c900eb0", "0x7fc96c8d3af0", "0x7fc96c900eb0", "0x7fc96c8d33c0", "0x7fc96c900eb0", "0x7fc96c8d2d30", "0x7fc96c900eb0", "0x7fc96c8d26a0", "0x7fc96c900eb0", "0x7fc96c8d2038", "0x7fc96c900eb0", "0x7fc96c8d1a48", "0x7fc96c900eb0", "0x7fc96c8d1480", "0x7fc96c900eb0", "0x7fc96c8d09e0", "0x7fc96c900eb0", "0x7fc96c8d29e8", "0x7fc96c900eb0", "0x7fc96c8c7610", "0x7fc96c900eb0", "0x7fc96c8c6328", "0x7fc96c900eb0", "0x7fc96c8c5888", "0x7fc96c900eb0", "0x7fc96c8c4e38", "0x7fc96c900eb0", "0x7fc96c8c5720", "0x7fc96c900eb0", "0x7fc96c8c34c0", "0x7fc96c900eb0", "0x7fc96c8c2908", "0x7fc96c900eb0", "0x7fc96c8c1b70", "0x7fc96c900eb0", "0x7fc96c8c1008", "0x7fc96c900eb0", "0x7fc96c8c0810", "0x7fc96c900eb0", "0x7fc96c8c0298", "0x7fc96c900eb0", "0x7fc96c8bbe00", "0x7fc96c900eb0", "0x7fc96c8bb888", "0x7fc96c900eb0", "0x7fc96c8bb0b8", "0x7fc96c900eb0", "0x7fc96c8baaf0", "0x7fc96c900eb0", "0x7fc96c8ba4d8", "0x7fc96c900eb0", "0x7fc96c8b9ee8", "0x7fc96c900eb0", "0x7fc96c8b8f98", "0x7fc96c900eb0", "0x7fc96c8b39a8", "0x7fc96c900eb0", "0x7fc96c8b2788", "0x7fc96c900eb0", "0x7fc96c8b11d0", "0x7fc96c900eb0", "0x7fc96c8b2ff8", "0x7fc96c900eb0", "0x7fc96c8aa358", "0x7fc96c900eb0", "0x7fc96c8a8df0", "0x7fc96c900eb0", "0x7fc96d043b28", "0x7fc96c900eb0", "0x7fc96d042728", "0x7fc96c900eb0", "0x7fc96d040ae0", "0x7fc96c900eb0", "0x7fc96d03bab8", "0x7fc96c900eb0", "0x7fc96d03afa0", "0x7fc96c900eb0", "0x7fc96d039d80", "0x7fc96c900eb0", "0x7fc96d0389f8", "0x7fc96c900eb0", "0x7fc96c067560", "0x7fc96c900eb0", "0x7fc96c066818", "0x7fc96c900eb0", "0x7fc96c065c88", "0x7fc96c900eb0", "0x7fc96c065418", "0x7fc96c900eb0", "0x7fc96c064b30", "0x7fc96c900eb0", "0x7fc96c064130", "0x7fc96c900eb0", "0x7fc96d867228", "0x7fc96c900eb0", "0x7fc96d866260", "0x7fc96c900eb0", "0x7fc96d8652e8", "0x7fc96c900eb0", "0x7fc96d8647f8", "0x7fc96c900eb0", "0x7fc96d864078", "0x7fc96c900eb0", "0x7fc96d8578f0", "0x7fc96c900eb0", "0x7fc96d856a40", "0x7fc96c900eb0", "0x7fc96d855d48", "0x7fc96c900eb0", "0x7fc96d8551e0", "0x7fc96c900eb0", "0x7fc96d854470", "0x7fc96c900eb0", "0x7fc96d83ba60", "0x7fc96c900eb0", "0x7fc96d83afe8", "0x7fc96c900eb0", "0x7fc96d83a3e0", "0x7fc96c900eb0", "0x7fc96d839a30", "0x7fc96c900eb0", "0x7fc96d838dd8", "0x7fc96c900eb0", "0x7fc96d838298", "0x7fc96c900eb0", "0x7fc96d833860", "0x7fc96c900eb0", "0x7fc96d8327a8", "0x7fc96c900eb0", "0x7fc96d831a60", "0x7fc96c900eb0", "0x7fc96d830bd8", "0x7fc96c900eb0", "0x7fc96d830250", "0x7fc96c900eb0", "0x7fc96d81fbf8", "0x7fc96c900eb0", "0x7fc96d81f5e0", "0x7fc96c900eb0", "0x7fc96d81f090", "0x7fc96c900eb0", "0x7fc96d81eb40", "0x7fc96c900eb0", "0x7fc96d81e528", "0x7fc96c900eb0", "0x7fc96d81df88", "0x7fc96c900eb0", "0x7fc96d81d9e8", "0x7fc96c900eb0", "0x7fc96d81d2e0", "0x7fc96c900eb0", "0x7fc96d81c660", "0x7fc96c900eb0", "0x7fc96d817de0", "0x7fc96c900eb0", "0x7fc96d8177f0", "0x7fc96c900eb0", "0x7fc96d817160", "0x7fc96c900eb0", "0x7fc96d816b70", "0x7fc96c900eb0", "0x7fc96d816508", "0x7fc96c900eb0", "0x7fc96d815f40", "0x7fc96c900eb0", "0x7fc96d815950", "0x7fc96c900eb0", "0x7fc96d8152e8", "0x7fc96c900eb0", "0x7fc96d814c80", "0x7fc96c900eb0", "0x7fc96d8144b0", "0x7fc96c900eb0", "0x7fc96d80fa50", "0x7fc96c900eb0", "0x7fc96d80edd0", "0x7fc96c900eb0", "0x7fc96d80dfc0", "0x7fc96c900eb0", "0x7fc96d80d250", "0x7fc96c900eb0", "0x7fc96d80c508", "0x7fc96c900eb0", "0x7fc96c8a3738", "0x7fc96c900eb0", "0x7fc96c8a2720", "0x7fc96c900eb0", "0x7fc96c8a1848", "0x7fc96c900eb0", "0x7fc96c8a0678", "0x7fc96c900eb0", "0x7fc96c89ba38", "0x7fc96c900eb0", "0x7fc96c89ab60", "0x7fc96c900eb0", "0x7fc96c8999b8", "0x7fc96c900eb0", "0x7fc96c898b30", "0x7fc96c900eb0", "0x7fc96c893c98", "0x7fc96c900eb0", "0x7fc96c892c80", "0x7fc96c900eb0", "0x7fc96c891970", "0x7fc96c900eb0", "0x7fc96c890b88", "0x7fc96c900eb0", "0x7fc96c8905e8", "0x7fc96c900eb0", "0x7fc96c88b840", "0x7fc96c900eb0", "0x7fc96c803788"], "flags":{"remembered":true}}
{"address":"0x7fc96c889b08", "type":"STRING", "class":"0x7fc96c801668", "frozen":true, "embedded":true, "fstring":true, "bytesize":7, "value":"minimum", "encoding":"US-ASCII", "flags":{"wb_protected":true, "old":true, "marked":true}}
{"address":"0x7fc96c889ba8", "type":"STRING", "class":"0x7fc96c801668", "embedded":true, "bytesize":3, "value":"lib", "encoding":"UTF-8", "flags":{"wb_protected":true, "old":true, "marked":true}}
{"address":"0x7fc96c889bd0", "type":"ARRAY", "class":"0x7fc96c84a048", "length":1, "embedded":true, "references":["0x7fc96c889ba8"], "flags":{"wb_protected":true, "old":true, "marked":true}}
{"address":"0x7fc96c889d88", "type":"ARRAY", "class":"0x7fc96c84a048", "frozen":true, "length":2, "embedded":true, "references":["0x7fc96d814c58"], "flags":{"wb_protected":true, "old":true, "marked":true}}
{"address":"0x7fc96c889e50", "type":"ARRAY", "class":"0x7fc96c84a048", "frozen":true, "length":2, "embedded":true, "references":["0x7fc96d814c58"], "flags":{"wb_protected":true, "old":true, "marked":true}}
{"address":"0x7fc96c88a0a8", "type":"STRING", "class":"0x7fc96c801668", "frozen":true, "embedded":true, "fstring":true, "bytesize":20, "value":"@@non_nil_attributes", "encoding":"US-ASCII", "flags":{"wb_protected":true, "old":true, "marked":true}}
{"address":"0x7fc96c88a120", "type":"STRING", "class":"0x7fc96c801668", "frozen":true, "embedded":true, "fstring":true, "bytesize":16, "value":"@@nil_attributes", "encoding":"US-ASCII", "flags":{"wb_protected":true, "old":true, "marked":true}}
{"address":"0x7fc96c88a148", "type":"STRING", "class":"0x7fc96c801668", "frozen":true, "embedded":true, "fstring":true, "bytesize":5, "value":"Token", "encoding":"US-ASCII", "flags":{"wb_protected":true, "old":true, "marked":true}}
{"address":"0x7fc96c88a1c0", "type":"ARRAY", "class":"0x7fc96c84a048", "frozen":true, "length":2, "embedded":true, "references":["0x7fc96d814c58"], "flags":{"wb_protected":true, "old":true, "marked":true}}
{"address":"0x7fc96c88a260", "type":"STRING", "class":"0x7fc96c801668", "bytesize":70, "capacity":1026, "value":"/Users/antoine/.rvm/gems/ruby-2.0.0-p247/gems/debugger-linecache-1.2.0", "encoding":"US-ASCII", "memsize":1027, "flags":{"wb_protected":true, "old":true, "marked":true}}
{"address":"0x7fc96c88a2b0", "type":"ARRAY", "class":"0x7fc96c84a048", "frozen":true, "length":2, "embedded":true, "references":["0x7fc96d814c58"], "flags":{"wb_protected":true, "old":true, "marked":true}}
{"address":"0x7fc96c88a328", "type":"STRING", "class":"0x7fc96c801668", "frozen":true, "bytesize":74, "value":"/Users/antoine/.rvm/gems/ruby-2.0.0-p247/specifications/json-1.7.7.gemspec", "encoding":"UTF-8", "memsize":75, "flags":{"wb_protected":true, "old":true, "marked":true}}
{"address":"0x7fc96c88a350", "type":"ARRAY", "class":"0x7fc96c84a048", "length":0, "flags":{"wb_protected":true, "old":true, "marked":true}}
{"address":"0x7fc96c88a378", "type":"OBJECT", "class":"0x7fc96d077a68", "ivars":14, "references":["0x7fc96c8295f0", "0x7fc96d803750", "0x7fc96d803890", "0x7fc96d803908", "0x7fc96d06de78", "0x7fc96c88a350", "0x7fc96d06de78", "0x7fc96c8c82e0", "0x7fc96d06cf50", "0x7fc96d06ce88", "0x7fc96d803bb0"], "memsize":112, "flags":{"wb_protected":true, "old":true, "marked":true}}
{"address":"0x7fc96c88a3a0", "type":"STRING", "class":"0x7fc96c801668", "frozen":true, "embedded":true, "fstring":true, "bytesize":18, "value":"@@array_attributes", "encoding":"US-ASCII", "flags":{"wb_protected":true, "old":true, "marked":true}}
{"address":"0x7fc96c88a3c8", "type":"STRING", "class":"0x7fc96c801668", "frozen":true, "embedded":true, "bytesize":15, "value":"ipaddress-0.8.0", "encoding":"UTF-8", "flags":{"wb_protected":true, "old":true, "marked":true}}
{"address":"0x7fc96c88a418", "type":"ARRAY", "class":"0x7fc96c84a048", "frozen":true, "length":2, "embedded":true, "references":["0x7fc96d814c58"], "flags":{"wb_protected":true, "old":true, "marked":true}}
{"address":"0x7fc96c88a440", "type":"STRING", "class":"0x7fc96c801668", "frozen":true, "embedded":true, "fstring":true, "bytesize":9, "value":"def_rules", "encoding":"US-ASCII", "flags":{"wb_protected":true, "old":true, "marked":true}}
{"address":"0x7fc96c88a490", "type":"STRING", "class":"0x7fc96c801668", "shared":true, "encoding":"US-ASCII", "references":["0x7fc96c8a9480"], "flags":{"wb_protected":true, "old":true, "marked":true}}
{"address":"0x7fc96c88a4b8", "type":"STRING", "class":"0x7fc96c801668", "shared":true, "encoding":"UTF-8", "references":["0x7fc96c88a530"], "flags":{"wb_protected":true, "old":true, "marked":true}}
{"address":"0x7fc96c88a508", "type":"STRING", "class":"0x7fc96c801668", "frozen":true, "embedded":true, "fstring":true, "bytesize":4, "value":"SLex", "encoding":"US-ASCII", "flags":{"wb_protected":true, "old":true, "marked":true}}
{"address":"0x7fc96c88a530", "type":"STRING", "class":"0x7fc96c801668", "frozen":true, "bytesize":40, "value":"IPv4/IPv6 addresses manipulation library", "encoding":"UTF-8", "memsize":41, "flags":{"wb_protected":true, "old":true, "marked":true}}
{"address":"0x7fc96c88a558", "type":"STRING", "class":"0x7fc96c801668", "bytesize":45, "capacity":128, "value":"/Users/antoine/.rvm/gems/ruby-2.0.0-p247/gems", "encoding":"UTF-8", "memsize":129, "flags":{"wb_protected":true, "old":true, "marked":true}}
{"address":"0x7fc96c88a580", "type":"ICLASS", "class":"0x7fc96d832488", "references":["0x7fc96d833ab8", "0x7fc96d833950", "0x7fc96d833950", "0x7fc96d833950", "0x7fc96d833810", "0x7fc96d8336d0", "0x7fc96d864aa0", "0x7fc96d832438", "0x7fc96d8323c0", "0x7fc96d865c48", "0x7fc96d832280", "0x7fc96d865c48", "0x7fc96c802dd8"], "flags":{"remembered":true}}
{"address":"0x7fc96c88a5a8", "type":"STRING", "class":"0x7fc96c801668", "frozen":true, "embedded":true, "fstring":true, "bytesize":12, "value":"@@attributes", "encoding":"US-ASCII", "flags":{"wb_protected":true, "old":true, "marked":true}}
{"address":"0x7fc96c88a5f8", "type":"CLASS", "class":"0x7fc96c840a20", "name":"Class", "references":["0x7fc96c88a788", "0x7fc96c8409d0"], "memsize":672, "flags":{"wb_protected":true, "old":true, "marked":true}}
{"address":"0x7fc96c88a648", "type":"STRING", "class":"0x7fc96c801668", "shared":true, "encoding":"UTF-8", "references":["0x7fc96c0581f0"], "flags":{"wb_protected":true, "old":true, "marked":true}}
{"address":"0x7fc96c88a670", "type":"STRING", "class":"0x7fc96c801668", "bytesize":40, "value":"/Users/antoine/.rvm/gems/ruby-2.0.0-p247", "encoding":"UTF-8", "memsize":41, "flags":{"wb_protected":true, "old":true, "marked":true}}
{"address":"0x7fc96c88a6c0", "type":"STRING", "class":"0x7fc96c801668", "embedded":true, "bytesize":5, "value":"2.0.6", "encoding":"UTF-8", "flags":{"wb_protected":true, "old":true, "marked":true}}
{"address":"0x7fc96c88a6e8", "type":"ARRAY", "class":"0x7fc96c84a048", "length":1, "embedded":true, "references":["0x7fc96c88a710"], "flags":{"wb_protected":true, "old":true, "marked":true}}
{"address":"0x7fc96c88a710", "type":"STRING", "class":"0x7fc96c801668", "embedded":true, "bytesize":3, "value":"lib", "encoding":"UTF-8", "flags":{"wb_protected":true, "old":true, "marked":true}}
{"address":"0x7fc96c88a738", "type":"STRING", "class":"0x7fc96c801668", "frozen":true, "embedded":true, "fstring":true, "bytesize":9, "value":"TkDREGEXP", "encoding":"US-ASCII", "flags":{"wb_protected":true, "old":true, "marked":true}}
{"address":"0x7fc96c88a760", "type":"STRING", "class":"0x7fc96c801668", "shared":true, "encoding":"UTF-8", "references":["0x7fc96c890520"], "flags":{"wb_protected":true, "old":true, "marked":true}}
{"address":"0x7fc96c88a788", "type":"CLASS", "class":"0x7fc96c88a5f8", "name":"Class", "references":["0x7fc96c88a788", "0x7fc96c888b68", "0x7fc96c88a788", "0x7fc96c889d88", "0x7fc96c88a788", "0x7fc96c889e50", "0x7fc96c88a788", "0x7fc96c058038", "0x7fc96c88a7d8", "0x7fc96c88a580"], "memsize":672, "flags":{"wb_protected":true, "old":true, "marked":true}}
{"address":"0x7fc96c88a7b0", "type":"ARRAY", "class":"0x7fc96c84a048", "frozen":true, "length":2, "embedded":true, "references":["0x7fc96d814c58"], "flags":{"wb_protected":true, "old":true, "marked":true}}
{"address":"0x7fc96c88a7d8", "type":"CLASS", "class":"0x7fc96c88a788", "name":"RubyLex", "references":["0x7fc96c88a7d8", "0x7fc96c888fc8", "0x7fc96c88a7d8", "0x7fc96c888fc8", "0x7fc96c88a7d8", "0x7fc96c053cb8", "0x7fc96c88a7d8", "0x7fc96c88a1c0", "0x7fc96c88a7d8", "0x7fc96c88a2b0", "0x7fc96c88a7d8", "0x7fc96c88a418", "0x7fc96c88a7d8", "0x7fc96c88a7b0", "0x7fc96c88a7d8", "0x7fc96c88aa08", "0x7fc96c88a7d8", "0x7fc96c88ac60", "0x7fc96c88a7d8", "0x7fc96c88af08", "0x7fc96c88a7d8", "0x7fc96c88b1b0", "0x7fc96c88a7d8", "0x7fc96c88b548", "0x7fc96c88a7d8", "0x7fc96c88b6d8", "0x7fc96c88a7d8", "0x7fc96c053ad8", "0x7fc96c88a7d8", "0x7fc96c053510", "0x7fc96c88a7d8", "0x7fc96c053308", "0x7fc96c88a7d8", "0x7fc96c052f48", "0x7fc96c88a7d8", "0x7fc96c052b38", "0x7fc96c88a7d8", "0x7fc96c0529f8", "0x7fc96c88a7d8", "0x7fc96c052778", "0x7fc96c88a7d8", "0x7fc96c0524f8", "0x7fc96c88a7d8", "0x7fc96c052070", "0x7fc96c88a7d8", "0x7fc96c051dc8", "0x7fc96c88a7d8", "0x7fc96c051b48", "0x7fc96c88a7d8", "0x7fc96c051990", "0x7fc96c88a7d8", "0x7fc96c051558", "0x7fc96c88a7d8", "0x7fc96c0513f0", "0x7fc96c88a7d8", "0x7fc96c0512b0", "0x7fc96c88a7d8", "0x7fc96c0508d8", "0x7fc96c88a7d8", "0x7fc96c050680", "0x7fc96c88a7d8", "0x7fc96c050130", "0x7fc96c88a7d8", "0x7fc96c03f808", "0x7fc96c88a7d8", "0x7fc96c03d4b8", "0x7fc96c88a7d8", "0x7fc96c03d328", "0x7fc96c88a7d8", "0x7fc96c03d198", "0x7fc96c88a7d8", "0x7fc96c03ce28", "0x7fc96c88a7d8", "0x7fc96c03cd10", "0x7fc96c88a7d8", "0x7fc96c03c9a0", "0x7fc96c88a7d8", "0x7fc96c03c590", "0x7fc96c88a7d8", "0x7fc96c03c1f8", "0x7fc96c88a7d8", "0x7fc96c03c018", "0x7fc96c8b18d8", "0x7fc96c88a648", "0x7fc96c888988", "0x7fc96d865c48", "0x7fc96c888578", "0x7fc96d865c48", "0x7fc96c8882d0", "0x7fc96d865c48", "0x7fc96c8881b8", "0x7fc96d865c48", "0x7fc96c888938", "0x7fc96d865c48", "0x7fc96c8890b8", "0x7fc96d865c48", "0x7fc96d06fea8", "0x7fc96d814c58", "0x7fc96d06fde0", "0x7fc96d814c58", "0x7fc96d06f868", "0x7fc96d814c58", "0x7fc96d06f4d0", "0x7fc96d814c58", "0x7fc96d06f4a8", "0x7fc96d814c58", "0x7fc96d06f430", "0x7fc96d814c58", "0x7fc96c889ae0"], "memsize":4776, "flags":{"wb_protected":true, "old":true, "marked":true}}
{"address":"0x7fc96c88a800", "type":"ARRAY", "class":"0x7fc96c84a048", "length":2, "embedded":true, "references":["0x7fc96c88a850", "0x7fc96c88a828"], "flags":{"wb_protected":true, "old":true, "marked":true}}
{"address":"0x7fc96c88a828", "type":"STRING", "class":"0x7fc96c801668", "embedded":true, "bytesize":11, "value":"README.rdoc", "encoding":"UTF-8", "flags":{"wb_protected":true, "old":true, "marked":true}}
{"address":"0x7fc96c88a850", "type":"STRING", "class":"0x7fc96c801668", "embedded":true, "bytesize":7, "value":"LICENSE", "encoding":"UTF-8", "flags":{"wb_protected":true, "old":true, "marked":true}}
{"address":"0x7fc96c88a878", "type":"STRING", "class":"0x7fc96c801668", "frozen":true, "embedded":true, "fstring":true, "bytesize":10, "value":"TkDXSTRING", "encoding":"US-ASCII", "flags":{"wb_protected":true, "old":true, "marked":true}}
{"address":"0x7fc96c88a8a0", "type":"ARRAY", "class":"0x7fc96c84a048", "length":2, "embedded":true, "references":["0x7fc96c88a918", "0x7fc96c88a8f0"], "flags":{"wb_protected":true, "old":true, "marked":true}}
{"address":"0x7fc96c88a8f0", "type":"STRING", "class":"0x7fc96c801668", "embedded":true, "bytesize":11, "value":"README.rdoc", "encoding":"UTF-8", "flags":{"wb_protected":true, "old":true, "marked":true}}
{"address":"0x7fc96c88a918", "type":"STRING", "class":"0x7fc96c801668", "embedded":true, "bytesize":7, "value":"LICENSE", "encoding":"UTF-8", "flags":{"wb_protected":true, "old":true, "marked":true}}
{"address":"0x7fc96c88a940", "type":"STRING", "class":"0x7fc96c801668", "embedded":true, "bytesize":16, "value":"ceresa@gmail.com", "encoding":"UTF-8", "flags":{"wb_protected":true, "old":true, "marked":true}}
{"address":"0x7fc96c88a968", "type":"STRING", "class":"0x7fc96c801668", "shared":true, "encoding":"UTF-8", "references":["0x7fc96c890598"], "flags":{"wb_protected":true, "old":true, "marked":true}}
{"address":"0x7fc96c88a9b8", "type":"DATA", "class":"0x7fc96c841150", "struct":"time", "memsize":88, "flags":{"remembered":true}}
{"address":"0x7fc96c88aa08", "type":"ARRAY", "class":"0x7fc96c84a048", "frozen":true, "length":2, "embedded":true, "references":["0x7fc96d814c58"], "flags":{"wb_protected":true, "old":true, "marked":true}}
{"address":"0x7fc96c88aa80", "type":"STRING", "class":"0x7fc96c801668", "frozen":true, "embedded":true, "fstring":true, "bytesize":12, "value":"DLtype2Token", "encoding":"US-ASCII", "flags":{"wb_protected":true, "old":true, "marked":true}}
{"address":"0x7fc96c88abc0", "type":"STRING", "class":"0x7fc96c801668", "frozen":true, "embedded":true, "fstring":true, "bytesize":8, "value":"TkSYMBOL", "encoding":"US-ASCII", "flags":{"wb_protected":true, "old":true, "marked":true}}
{"address":"0x7fc96c88abe8", "type":"ARRAY", "class":"0x7fc96c84a048", "length":1, "embedded":true, "references":["0x7fc96c88acd8"], "flags":{"wb_protected":true, "old":true, "marked":true}}
{"address":"0x7fc96c88ac10", "type":"STRING", "class":"0x7fc96c801668", "frozen":true, "embedded":true, "fstring":true, "bytesize":8, "value":"^-r(.+)?", "encoding":"US-ASCII", "flags":{"wb_protected":true, "old":true, "marked":true}}
{"address":"0x7fc96c88ac60", "type":"ARRAY", "class":"0x7fc96c84a048", "frozen":true, "length":2, "embedded":true, "references":["0x7fc96d814c58"], "flags":{"wb_protected":true, "old":true, "marked":true}}
{"address":"0x7fc96c88acd8", "type":"STRING", "class":"0x7fc96c801668", "embedded":true, "bytesize":12, "value":"Marco Ceresa", "encoding":"UTF-8", "flags":{"wb_protected":true, "old":true, "marked":true}}
{"address":"0x7fc96c88ad28", "type":"STRING", "class":"0x7fc96c801668", "frozen":true, "embedded":true, "fstring":true, "bytesize":9, "value":"TkDSTRING", "encoding":"US-ASCII", "flags":{"wb_protected":true, "old":true, "marked":true}}
{"address":"0x7fc96c88ad78", "type":"STRING", "class":"0x7fc96c801668", "frozen":true, "embedded":true, "fstring":true, "bytesize":7, "value":"Dupable", "encoding":"US-ASCII", "flags":{"wb_protected":true, "old":true, "marked":true}}
{"address":"0x7fc96c88ae68", "type":"ARRAY", "class":"0x7fc96c84a048", "length":1, "embedded":true, "references":["0x7fc96c8c1e90"], "flags":{"wb_protected":true, "old":true, "marked":true}}
{"address":"0x7fc96c88ae90", "type":"STRING", "class":"0x7fc96c801668", "frozen":true, "embedded":true, "fstring":true, "bytesize":8, "value":"TkREGEXP", "encoding":"US-ASCII", "flags":{"wb_protected":true, "old":true, "marked":true}}
{"address":"0x7fc96c88af08", "type":"ARRAY", "class":"0x7fc96c84a048", "frozen":true, "length":2, "embedded":true, "references":["0x7fc96d814c58"], "flags":{"wb_protected":true, "old":true, "marked":true}}
{"address":"0x7fc96c88af30", "type":"OBJECT", "class":"0x7fc96c8c2688", "ivars":3, "references":["0x7fc96c88ae68"], "flags":{"wb_protected":true, "old":true, "marked":true}}
{"address":"0x7fc96c88afa8", "type":"STRING", "class":"0x7fc96c801668", "frozen":true, "embedded":true, "fstring":true, "bytesize":1, "value":"`", "encoding":"UTF-8", "flags":{"wb_protected":true, "old":true, "marked":true}}
{"address":"0x7fc96c88afd0", "type":"STRING", "class":"0x7fc96c801668", "frozen":true, "embedded":true, "fstring":true, "bytesize":10, "value":"test_files", "encoding":"US-ASCII", "flags":{"wb_protected":true, "old":true, "marked":true}}
{"address":"0x7fc96c88aff8", "type":"STRING", "class":"0x7fc96c801668", "embedded":true, "bytesize":5, "value":"0.8.0", "encoding":"UTF-8", "flags":{"wb_protected":true, "old":true, "marked":true}}
{"address":"0x7fc96c88b020", "type":"STRING", "class":"0x7fc96c801668", "frozen":true, "embedded":true, "fstring":true, "bytesize":9, "value":"TkXSTRING", "encoding":"US-ASCII", "flags":{"wb_protected":true, "old":true, "marked":true}}
{"address":"0x7fc96c88b188", "type":"OBJECT", "class":"0x7fc96d040a68", "ivars":3, "references":["0x7fc96c88aff8"], "flags":{"wb_protected":true, "old":true, "marked":true}}
{"address":"0x7fc96c88b1b0", "type":"ARRAY", "class":"0x7fc96c84a048", "frozen":true, "length":2, "embedded":true, "references":["0x7fc96d814c58"], "flags":{"wb_protected":true, "old":true, "marked":true}}
{"address":"0x7fc96c88b200", "type":"STRING", "class":"0x7fc96c801668", "embedded":true, "bytesize":9, "value":"ipaddress", "encoding":"UTF-8", "flags":{"wb_protected":true, "old":true, "marked":true}}
{"address":"0x7fc96c88b250", "type":"STRING", "class":"0x7fc96c801668", "frozen":true, "embedded":true, "fstring":true, "bytesize":11, "value":"signing_key", "encoding":"US-ASCII", "flags":{"wb_protected":true, "old":true, "marked":true}}
{"address":"0x7fc96c88b2a0", "type":"STRING", "class":"0x7fc96c801668", "frozen":true, "embedded":true, "fstring":true, "bytesize":8, "value":"TkSTRING", "encoding":"US-ASCII", "flags":{"wb_protected":true, "old":true, "marked":true}}
{"address":"0x7fc96c88b2c8", "type":"ARRAY", "class":"0x7fc96c84a048", "length":0, "flags":{"wb_protected":true, "old":true, "marked":true}}
{"address":"0x7fc96c88b368", "type":"STRING", "class":"0x7fc96c801668", "bytesize":61, "capacity":1026, "value":"/Users/antoine/.rvm/gems/ruby-2.0.0-p247/gems/columnize-0.3.6", "encoding":"US-ASCII", "memsize":1027, "flags":{"wb_protected":true, "old":true, "marked":true}}
{"address":"0x7fc96c88b390", "type":"STRING", "class":"0x7fc96c801668", "frozen":true, "embedded":true, "fstring":true, "bytesize":11, "value":"Ltype2Token", "encoding":"US-ASCII", "flags":{"wb_protected":true, "old":true, "marked":true}}
{"address":"0x7fc96c88b430", "type":"STRING", "class":"0x7fc96c801668", "frozen":true, "embedded":true, "fstring":true, "bytesize":17, "value":"rubyforge_project", "encoding":"US-ASCII", "flags":{"wb_protected":true, "old":true, "marked":true}}
{"address":"0x7fc96c88b458", "type":"ARRAY", "class":"0x7fc96c84a048", "length":0, "flags":{"wb_protected":true, "old":true, "marked":true}}
{"address":"0x7fc96c88b4d0", "type":"STRING", "class":"0x7fc96c801668", "bytesize":45, "capacity":128, "value":"/Users/antoine/.rvm/gems/ruby-2.0.0-p247/gems", "encoding":"UTF-8", "memsize":129, "flags":{"wb_protected":true, "old":true, "marked":true}}
{"address":"0x7fc96c88b548", "type":"ARRAY", "class":"0x7fc96c84a048", "frozen":true, "length":2, "embedded":true, "references":["0x7fc96d814c58"], "flags":{"wb_protected":true, "old":true, "marked":true}}
{"address":"0x7fc96c88b570", "type":"OBJECT", "class":"0x7fc96c8c2688", "ivars":3, "references":["0x7fc96d074700"], "flags":{"wb_protected":true, "old":true, "marked":true}}
{"address":"0x7fc96c88b598", "type":"STRING", "class":"0x7fc96c801668", "frozen":true, "embedded":true, "bytesize":1, "value":"$", "encoding":"UTF-8", "flags":{"wb_protected":true, "old":true, "marked":true}}
{"address":"0x7fc96c88b5c0", "type":"STRING", "class":"0x7fc96c801668", "bytesize":40, "value":"/Users/antoine/.rvm/gems/ruby-2.0.0-p247", "encoding":"UTF-8", "memsize":41, "flags":{"wb_protected":true, "old":true, "marked":true}}
{"address":"0x7fc96c88b5e8", "type":"ARRAY", "class":"0x7fc96c84a048", "length":1, "embedded":true, "references":["0x7fc96c88b840"], "flags":{"wb_protected":true, "old":true, "marked":true}}
{"address":"0x7fc96c88b638", "type":"STRING", "class":"0x7fc96c801668", "frozen":true, "fstring":true, "bytesize":25, "value":"required_rubygems_version", "encoding":"US-ASCII", "memsize":26, "flags":{"wb_protected":true, "old":true, "marked":true}}
{"address":"0x7fc96c88b6d8", "type":"ARRAY", "class":"0x7fc96c84a048", "frozen":true, "length":2, "embedded":true, "references":["0x7fc96d814c58"], "flags":{"wb_protected":true, "old":true, "marked":true}}
{"address":"0x7fc96c88b700", "type":"ARRAY", "class":"0x7fc96c84a048", "length":0, "flags":{"wb_protected":true, "old":true, "marked":true}}
{"address":"0x7fc96c88b728", "type":"STRING", "class":"0x7fc96c801668", "frozen":true, "embedded":true, "bytesize":19, "value":"RubyToken::TkDOLLAR", "encoding":"US-ASCII", "flags":{"wb_protected":true, "old":true, "marked":true}}
{"address":"0x7fc96c88b750", "type":"STRING", "class":"0x7fc96c801668", "embedded":true, "bytesize":4, "value":"case", "encoding":"UTF-8", "flags":{"wb_protected":true, "old":true, "marked":true}}
{"address":"0x7fc96c88b778", "type":"STRING", "class":"0x7fc96c801668", "frozen":true, "embedded":true, "fstring":true, "bytesize":21, "value":"required_ruby_version", "encoding":"US-ASCII", "flags":{"wb_protected":true, "old":true, "marked":true}}
{"address":"0x7fc96c88b7a0", "type":"CLASS", "class":"0x7fc96c802e28", "name":"Class", "references":["0x7fc96c88b840", "0x7fc96d045f68"], "memsize":672, "flags":{"wb_protected":true, "old":true, "marked":true}}
{"address":"0x7fc96c88b818", "type":"STRING", "class":"0x7fc96c801668", "embedded":true, "bytesize":4, "value":"ruby", "encoding":"UTF-8", "flags":{"wb_protected":true, "old":true, "marked":true}}
{"address":"0x7fc96c88b840", "type":"CLASS", "class":"0x7fc96c88b7a0", "name":"RubyToken::TkDOLLAR", "references":["0x7fc96c88b728", "0x7fc96d045f90"], "memsize":672, "flags":{"wb_protected":true, "old":true, "marked":true}}
{"address":"0x7fc96c88b868", "type":"STRING", "class":"0x7fc96c801668", "embedded":true, "bytesize":5, "value":"class", "encoding":"UTF-8", "flags":{"wb_protected":true, "old":true, "marked":true}}
{"address":"0x7fc96c88b8e0", "type":"STRING", "class":"0x7fc96c801668", "embedded":true, "bytesize":3, "value":"def", "encoding":"UTF-8", "flags":{"wb_protected":true, "old":true, "marked":true}}
{"address":"0x7fc96c88b908", "type":"HASH", "class":"0x7fc96c849918", "size":0, "flags":{"wb_protected":true, "old":true, "marked":true}}
{"address":"0x7fc96c88b980", "type":"ARRAY", "class":"0x7fc96c84a048", "length":0, "flags":{"wb_protected":true, "old":true, "marked":true}}
{"address":"0x7fc96c88b9a8", "type":"STRING", "class":"0x7fc96c801668", "frozen":true, "embedded":true, "fstring":true, "bytesize":12, "value":"rdoc_options", "encoding":"US-ASCII", "flags":{"wb_protected":true, "old":true, "marked":true}}
{"address":"0x7fc96c88b9f8", "type":"STRING", "class":"0x7fc96c801668", "embedded":true, "bytesize":2, "value":"do", "encoding":"UTF-8", "flags":{"wb_protected":true, "old":true, "marked":true}}
{"address":"0x7fc96c88ba70", "type":"STRING", "class":"0x7fc96c801668", "embedded":true, "bytesize":3, "value":"for", "encoding":"UTF-8", "flags":{"wb_protected":true, "old":true, "marked":true}}
{"address":"0x7fc96c88ba98", "type":"STRING", "class":"0x7fc96c801668", "frozen":true, "embedded":true, "fstring":true, "bytesize":20, "value":"post_install_message", "encoding":"US-ASCII", "flags":{"wb_protected":true, "old":true, "marked":true}}
{"address":"0x7fc96c88bb10", "type":"STRING", "class":"0x7fc96c801668", "frozen":true, "embedded":true, "fstring":true, "bytesize":13, "value":"PERCENT_PAREN", "encoding":"US-ASCII", "flags":{"wb_protected":true, "old":true, "marked":true}}
{"address":"0x7fc96c88bbb0", "type":"ARRAY", "class":"0x7fc96c84a048", "length":0, "flags":{"wb_protected":true, "old":true, "marked":true}}
{"address":"0x7fc96c88bc28", "type":"ARRAY", "class":"0x7fc96c84a048", "length":0, "flags":{"wb_protected":true, "old":true, "marked":true}}
{"address":"0x7fc96c88bca0", "type":"REGEXP", "class":"0x7fc96c8491e8", "references":["0x7fc96c88ac10"], "memsize":498, "flags":{"wb_protected":true, "old":true, "marked":true}}
{"address":"0x7fc96c88bcc8", "type":"STRING", "class":"0x7fc96c801668", "embedded":true, "bytesize":2, "value":"if", "encoding":"UTF-8", "flags":{"wb_protected":true, "old":true, "marked":true}}
{"address":"0x7fc96c88bcf0", "type":"ARRAY", "class":"0x7fc96c84a048", "length":0, "flags":{"wb_protected":true, "old":true, "marked":true}}
{"address":"0x7fc96c88bd40", "type":"STRING", "class":"0x7fc96c801668", "embedded":true, "bytesize":6, "value":"module", "encoding":"UTF-8", "flags":{"wb_protected":true, "old":true, "marked":true}}
{"address":"0x7fc96c88bd68", "type":"STRING", "class":"0x7fc96c801668", "frozen":true, "embedded":true, "fstring":true, "bytesize":8, "value":"metadata", "encoding":"US-ASCII", "flags":{"wb_protected":true, "old":true, "marked":true}}
{"address":"0x7fc96c88be08", "type":"STRING", "class":"0x7fc96c801668", "frozen":true, "embedded":true, "fstring":true, "bytesize":1, "value":"I", "encoding":"UTF-8", "flags":{"wb_protected":true, "old":true, "marked":true}}
{"address":"0x7fc96c88be30", "type":"ARRAY", "class":"0x7fc96c84a048", "length":0, "flags":{"wb_protected":true, "old":true, "marked":true}}
{"address":"0x7fc96c88be58", "type":"STRING", "class":"0x7fc96c801668", "frozen":true, "embedded":true, "fstring":true, "bytesize":8, "value":"licenses", "encoding":"US-ASCII", "flags":{"wb_protected":true, "old":true, "marked":true}}
{"address":"0x7fc96c88bea8", "type":"STRING", "class":"0x7fc96c801668", "embedded":true, "bytesize":6, "value":"unless", "encoding":"UTF-8", "flags":{"wb_protected":true, "old":true, "marked":true}}
{"address":"0x7fc96c88bef8", "type":"STRING", "class":"0x7fc96c801668", "embedded":true, "bytesize":3, "value":"bin", "encoding":"UTF-8", "flags":{"wb_protected":true, "old":true, "marked":true}}
{"address":"0x7fc96c88bf20", "type":"STRING", "class":"0x7fc96c801668", "embedded":true, "bytesize":5, "value":"until", "encoding":"UTF-8", "flags":{"wb_protected":true, "old":true, "marked":true}}
{"address":"0x7fc96c88bf48", "type":"STRING", "class":"0x7fc96c801668", "frozen":true, "embedded":true, "fstring":true, "bytesize":8, "value":"homepage", "encoding":"US-ASCII", "flags":{"wb_protected":true, "old":true, "marked":true}}
{"address":"0x7fc96c890070", "type":"STRING", "class":"0x7fc96c801668", "bytesize":45, "capacity":128, "value":"/Users/antoine/.rvm/gems/ruby-2.0.0-p247/gems", "encoding":"UTF-8", "memsize":129, "flags":{"wb_protected":true, "old":true, "marked":true}}
{"address":"0x7fc96c8900e8", "type":"STRING", "class":"0x7fc96c801668", "bytesize":40, "value":"/Users/antoine/.rvm/gems/ruby-2.0.0-p247", "encoding":"UTF-8", "memsize":41, "flags":{"wb_protected":true, "old":true, "marked":true}}
{"address":"0x7fc96c890200", "type":"STRING", "class":"0x7fc96c801668", "frozen":true, "embedded":true, "fstring":true, "bytesize":6, "value":"native", "encoding":"US-ASCII", "flags":{"wb_protected":true, "old":true, "marked":true}}
{"address":"0x7fc96c890318", "type":"STRING", "class":"0x7fc96c801668", "frozen":true, "embedded":true, "fstring":true, "bytesize":1, "value":"w", "encoding":"UTF-8", "flags":{"wb_protected":true, "old":true, "marked":true}}
{"address":"0x7fc96c8903b8", "type":"OBJECT", "class":"0x7fc96d074e30", "ivars":50, "references":["0x7fc96c88a490", "0x7fc96c8a8b70", "0x7fc96c8a8cd8", "0x7fc96c8a8dc8", "0x7fc96c88a968", "0x7fc96c88a940", "0x7fc96c88a760", "0x7fc96c88b200", "0x7fc96c88a4b8", "0x7fc96c88b188", "0x7fc96c88abe8", "0x7fc96c88bef8", "0x7fc96c88be30", "0x7fc96c88a9b8", "0x7fc96c88bcf0", "0x7fc96c88bc28", "0x7fc96c88bbb0", "0x7fc96c88a8a0", "0x7fc96c88a800", "0x7fc96c88b980", "0x7fc96c88b908", "0x7fc96c88b818", "0x7fc96c88b700", "0x7fc96c88a6e8", "0x7fc96c88b570", "0x7fc96c88af30", "0x7fc96c88b458", "0x7fc96c88a6c0", "0x7fc96c88b2c8", "0x7fc96c8c82e0", "0x7fc96c8a8c38"], "memsize":400, "flags":{"wb_protected":true, "old":true, "marked":true}}
{"address":"0x7fc96c8904a8", "type":"STRING", "class":"0x7fc96c801668", "frozen":true, "embedded":true, "fstring":true, "bytesize":1, "value":"r", "encoding":"UTF-8", "flags":{"wb_protected":true, "old":true, "marked":true}}
{"address":"0x7fc96c890520", "type":"STRING", "class":"0x7fc96c801668", "frozen":true, "fstring":true, "bytesize":36, "value":"http://github.com/bluemonk/ipaddress", "encoding":"UTF-8", "memsize":37, "flags":{"wb_protected":true, "old":true, "marked":true}}
{"address":"0x7fc96c890548", "type":"STRING", "class":"0x7fc96c801668", "frozen":true, "embedded":true, "fstring":true, "bytesize":1, "value":"h", "encoding":"US-ASCII", "flags":{"wb_protected":true, "old":true, "marked":true}}
{"address":"0x7fc96c890598", "type":"STRING", "class":"0x7fc96c801668", "frozen":true, "fstring":true, "bytesize":235, "value":"      IPAddress is a Ruby library designed to make manipulation \n      of IPv4 and IPv6 addresses both powerful and simple. It mantains\n      a layer of compatibility with Ruby's own IPAddr, while \n      addressing many of its issues.\n", "encoding":"UTF-8", "memsize":236, "flags":{"wb_protected":true, "old":true, "marked":true}}
{"address":"0x7fc96c8905e8", "type":"CLASS", "class":"0x7fc96c890700", "name":"RubyToken::TkAT", "references":["0x7fc96c890778", "0x7fc96d045f90"], "memsize":672, "flags":{"wb_protected":true, "old":true, "marked":true}}
{"address":"0x7fc96c890688", "type":"STRING", "class":"0x7fc96c801668", "frozen":true, "embedded":true, "fstring":true, "bytesize":1, "value":"x", "encoding":"UTF-8", "flags":{"wb_protected":true, "old":true, "marked":true}}
{"address":"0x7fc96c890700", "type":"CLASS", "class":"0x7fc96c802e28", "name":"Class", "references":["0x7fc96c8905e8", "0x7fc96d045f68"], "memsize":672, "flags":{"wb_protected":true, "old":true, "marked":true}}
{"address":"0x7fc96c890778", "type":"STRING", "class":"0x7fc96c801668", "frozen":true, "embedded":true, "bytesize":15, "value":"RubyToken::TkAT", "encoding":"US-ASCII", "flags":{"wb_protected":true, "old":true, "marked":true}}
{"address":"0x7fc96c8907f0", "type":"STRING", "class":"0x7fc96c801668", "frozen":true, "embedded":true, "fstring":true, "bytesize":10, "value":"prerelease", "encoding":"US-ASCII", "flags":{"wb_protected":true, "old":true, "marked":true}}
{"address":"0x7fc96c890868", "type":"STRING", "class":"0x7fc96c801668", "frozen":true, "embedded":true, "fstring":true, "bytesize":1, "value":"Q", "encoding":"UTF-8", "flags":{"wb_protected":true, "old":true, "marked":true}}
{"address":"0x7fc96c890908", "type":"STRING", "class":"0x7fc96c801668", "frozen":true, "embedded":true, "bytesize":1, "value":"\\", "encoding":"UTF-8", "flags":{"wb_protected":true, "old":true, "marked":true}}
{"address":"0x7fc96c890930", "type":"ARRAY", "class":"0x7fc96c84a048", "length":1, "embedded":true, "references":["0x7fc96c890b88"], "flags":{"wb_protected":true, "old":true, "marked":true}}
{"address":"0x7fc96c8909d0", "type":"ARRAY", "class":"0x7fc96c84a048", "length":1, "embedded":true, "references":["0x7fc96c8905e8"], "flags":{"wb_protected":true, "old":true, "marked":true}}
{"address":"0x7fc96c8909f8", "type":"STRING", "class":"0x7fc96c801668", "frozen":true, "embedded":true, "bytesize":22, "value":"RubyToken::TkBACKSLASH", "encoding":"US-ASCII", "flags":{"wb_protected":true, "old":true, "marked":true}}
{"address":"0x7fc96c890a70", "type":"STRING", "class":"0x7fc96c801668", "frozen":true, "embedded":true, "fstring":true, "bytesize":1, "value":"q", "encoding":"UTF-8", "flags":{"wb_protected":true, "old":true, "marked":true}}
{"address":"0x7fc96c890ae8", "type":"CLASS", "class":"0x7fc96c802e28", "name":"Class", "references":["0x7fc96c890b88", "0x7fc96d045f68"], "memsize":672, "flags":{"wb_protected":true, "old":true, "marked":true}}
{"address":"0x7fc96c890b10", "type":"STRING", "class":"0x7fc96c801668", "frozen":true, "embedded":true, "bytesize":1, "value":"@", "encoding":"UTF-8", "flags":{"wb_protected":true, "old":true, "marked":true}}
{"address":"0x7fc96c890b60", "type":"STRING", "class":"0x7fc96c801668", "frozen":true, "embedded":true, "fstring":true, "bytesize":7, "value":"runtime", "encoding":"US-ASCII", "flags":{"wb_protected":true, "old":true, "marked":true}}
{"address":"0x7fc96c890b88", "type":"CLASS", "class":"0x7fc96c890ae8", "name":"RubyToken::TkBACKSLASH", "references":["0x7fc96c8909f8", "0x7fc96d045f90"], "memsize":672, "flags":{"wb_protected":true, "old":true, "marked":true}}
{"address":"0x7fc96c890c28", "type":"STRING", "class":"0x7fc96c801668", "frozen":true, "embedded":true, "fstring":true, "bytesize":13, "value":"PERCENT_LTYPE", "encoding":"US-ASCII", "flags":{"wb_protected":true, "old":true, "marked":true}}
{"address":"0x7fc96c890c78", "type":"STRING", "class":"0x7fc96c801668", "frozen":true, "embedded":true, "fstring":true, "bytesize":22, "value":"add_runtime_dependency", "encoding":"US-ASCII", "flags":{"wb_protected":true, "old":true, "marked":true}}
{"address":"0x7fc96c890cc8", "type":"STRING", "class":"0x7fc96c801668", "frozen":true, "fstring":true, "bytesize":31, "value":"reset_nil_attributes_to_default", "encoding":"US-ASCII", "memsize":32, "flags":{"wb_protected":true, "old":true, "marked":true}}
{"address":"0x7fc96c890e30", "type":"STRING", "class":"0x7fc96c801668", "frozen":true, "embedded":true, "fstring":true, "bytesize":15, "value":"DEINDENT_CLAUSE", "encoding":"US-ASCII", "flags":{"wb_protected":true, "old":true, "marked":true}}
{"address":"0x7fc96c890ea8", "type":"STRING", "class":"0x7fc96c801668", "bytesize":58, "capacity":1026, "value":"/Users/antoine/.rvm/gems/ruby-2.0.0-p247/gems/byebug-2.5.0", "encoding":"US-ASCII", "memsize":1027, "flags":{"wb_protected":true, "old":true, "marked":true}}
{"address":"0x7fc96c890f48", "type":"STRING", "class":"0x7fc96c801668", "frozen":true, "embedded":true, "fstring":true, "bytesize":11, "value":"development", "encoding":"US-ASCII", "flags":{"wb_protected":true, "old":true, "marked":true}}
{"address":"0x7fc96c890fc0", "type":"STRING", "class":"0x7fc96c801668", "bytesize":57, "capacity":1026, "value":"/Users/antoine/.rvm/gems/ruby-2.0.0-p247/gems/chef-11.6.2", "encoding":"US-ASCII", "memsize":1027, "flags":{"wb_protected":true, "old":true, "marked":true}}
{"address":"0x7fc96c890fe8", "type":"STRING", "class":"0x7fc96c801668", "frozen":true, "fstring":true, "bytesize":24, "value":"add_dependency_with_type", "encoding":"US-ASCII", "memsize":25, "flags":{"wb_protected":true, "old":true, "marked":true}}
{"address":"0x7fc96c891010", "type":"STRING", "class":"0x7fc96c801668", "bytesize":45, "capacity":128, "value":"/Users/antoine/.rvm/gems/ruby-2.0.0-p247/gems", "encoding":"UTF-8", "memsize":129, "flags":{"wb_protected":true, "old":true, "marked":true}}
{"address":"0x7fc96c891088", "type":"STRING", "class":"0x7fc96c801668", "frozen":true, "fstring":true, "bytesize":26, "value":"add_development_dependency", "encoding":"US-ASCII", "memsize":27, "flags":{"wb_protected":true, "old":true, "marked":true}}
{"address":"0x7fc96c8910b0", "type":"STRING", "class":"0x7fc96c801668", "bytesize":40, "value":"/Users/antoine/.rvm/gems/ruby-2.0.0-p247", "encoding":"UTF-8", "memsize":41, "flags":{"wb_protected":true, "old":true, "marked":true}}
{"address":"0x7fc96c891330", "type":"ARRAY", "class":"0x7fc96c84a048", "length":2, "embedded":true, "references":["0x7fc96c891358", "0x7fc96c8de338"], "flags":{"wb_protected":true, "old":true, "marked":true}}
{"address":"0x7fc96c891358", "type":"STRING", "class":"0x7fc96c801668", "bytesize":52, "capacity":128, "value":"../../extensions/x86_64-darwin-13/2.1.0/byebug-2.5.0", "encoding":"UTF-8", "memsize":129, "flags":{"wb_protected":true, "old":true, "marked":true}}
{"address":"0x7fc96c8913d0", "type":"STRING", "class":"0x7fc96c801668", "embedded":true, "bytesize":12, "value":"byebug-2.5.0", "encoding":"UTF-8", "flags":{"wb_protected":true, "old":true, "marked":true}}
{"address":"0x7fc96c891448", "type":"STRING", "class":"0x7fc96c801668", "embedded":true, "bytesize":5, "value":"2.1.0", "encoding":"UTF-8", "flags":{"wb_protected":true, "old":true, "marked":true}}
{"address":"0x7fc96c8914e8", "type":"STRING", "class":"0x7fc96c801668", "frozen":true, "embedded":true, "fstring":true, "bytesize":18, "value":"EndOfYAMLException", "encoding":"US-ASCII", "flags":{"wb_protected":true, "old":true, "marked":true}}
{"address":"0x7fc96c891600", "type":"STRING", "class":"0x7fc96c801668", "embedded":true, "bytesize":2, "value":"13", "encoding":"UTF-8", "flags":{"wb_protected":true, "old":true, "marked":true}}
{"address":"0x7fc96c891628", "type":"STRING", "class":"0x7fc96c801668", "embedded":true, "bytesize":6, "value":"darwin", "encoding":"UTF-8", "flags":{"wb_protected":true, "old":true, "marked":true}}
{"address":"0x7fc96c8917b8", "type":"STRING", "class":"0x7fc96c801668", "embedded":true, "bytesize":6, "value":"x86_64", "encoding":"UTF-8", "flags":{"wb_protected":true, "old":true, "marked":true}}
{"address":"0x7fc96c891808", "type":"STRING", "class":"0x7fc96c801668", "frozen":true, "embedded":true, "fstring":true, "bytesize":15, "value":"ENINDENT_CLAUSE", "encoding":"US-ASCII", "flags":{"wb_protected":true, "old":true, "marked":true}}
{"address":"0x7fc96c891880", "type":"STRING", "class":"0x7fc96c801668", "frozen":true, "bytesize":26, "capacity":48, "value":"RubyToken::TkEND_OF_SCRIPT", "encoding":"US-ASCII", "memsize":49, "flags":{"wb_protected":true, "old":true, "marked":true}}
{"address":"0x7fc96c8918a8", "type":"OBJECT", "class":"0x7fc96c8c8510", "ivars":3, "references":["0x7fc96c8917b8", "0x7fc96c891628", "0x7fc96c891600"], "flags":{"wb_protected":true, "old":true, "marked":true}}
{"address":"0x7fc96c891948", "type":"CLASS", "class":"0x7fc96c802e28", "name":"Class", "references":["0x7fc96c891970", "0x7fc96d046800"], "memsize":672, "flags":{"wb_protected":true, "old":true, "marked":true}}
{"address":"0x7fc96c891970", "type":"CLASS", "class":"0x7fc96c891948", "name":"RubyToken::TkEND_OF_SCRIPT", "references":["0x7fc96c891880", "0x7fc96d046828"], "memsize":672, "flags":{"wb_protected":true, "old":true, "marked":true}}
{"address":"0x7fc96c891ab0", "type":"STRING", "class":"0x7fc96c801668", "frozen":true, "embedded":true, "fstring":true, "bytesize":20, "value":"normalize_yaml_input", "encoding":"US-ASCII", "flags":{"wb_protected":true, "old":true, "marked":true}}
{"address":"0x7fc96c891cb8", "type":"STRING", "class":"0x7fc96c801668", "frozen":true, "embedded":true, "fstring":true, "bytesize":5, "value":"input", "encoding":"US-ASCII", "flags":{"wb_protected":true, "old":true, "marked":true}}
{"address":"0x7fc96c891ce0", "type":"STRING", "class":"0x7fc96c801668", "frozen":true, "embedded":true, "fstring":true, "bytesize":9, "value":"from_yaml", "encoding":"US-ASCII", "flags":{"wb_protected":true, "old":true, "marked":true}}
{"address":"0x7fc96c891d30", "type":"STRING", "class":"0x7fc96c801668", "frozen":true, "embedded":true, "fstring":true, "bytesize":8, "value":"^-W(.+)?", "encoding":"US-ASCII", "flags":{"wb_protected":true, "old":true, "marked":true}}
{"address":"0x7fc96c891da8", "type":"REGEXP", "class":"0x7fc96c8491e8", "references":["0x7fc96c891d30"], "memsize":498, "flags":{"wb_protected":true, "old":true, "marked":true}}
{"address":"0x7fc96c891fb0", "type":"STRING", "class":"0x7fc96c801668", "bytesize":59, "capacity":1026, "value":"/Users/antoine/.rvm/gems/ruby-2.0.0-p247/gems/bundler-1.3.5", "encoding":"US-ASCII", "memsize":1027, "flags":{"wb_protected":true, "old":true, "marked":true}}
{"address":"0x7fc96c8920c8", "type":"STRING", "class":"0x7fc96c801668", "bytesize":45, "capacity":128, "value":"/Users/antoine/.rvm/gems/ruby-2.0.0-p247/gems", "encoding":"UTF-8", "memsize":129, "flags":{"wb_protected":true, "old":true, "marked":true}}
{"address":"0x7fc96c8920f0", "type":"STRING", "class":"0x7fc96c801668", "frozen":true, "embedded":true, "fstring":true, "bytesize":7, "value":"TkError", "encoding":"US-ASCII", "flags":{"wb_protected":true, "old":true, "marked":true}}
{"address":"0x7fc96c892168", "type":"STRING", "class":"0x7fc96c801668", "bytesize":40, "value":"/Users/antoine/.rvm/gems/ruby-2.0.0-p247", "encoding":"UTF-8", "memsize":41, "flags":{"wb_protected":true, "old":true, "marked":true}}
{"address":"0x7fc96c892348", "type":"STRING", "class":"0x7fc96c801668", "frozen":true, "embedded":true, "fstring":true, "bytesize":8, "value":"TkSYMBEG", "encoding":"US-ASCII", "flags":{"wb_protected":true, "old":true, "marked":true}}
{"address":"0x7fc96c892500", "type":"STRING", "class":"0x7fc96c801668", "frozen":true, "bytesize":79, "value":"/Users/antoine/.rvm/gems/ruby-2.0.0-p247/specifications/ipaddress-0.8.0.gemspec", "encoding":"UTF-8", "memsize":80, "flags":{"wb_protected":true, "old":true, "marked":true}}
{"address":"0x7fc96c892528", "type":"STRING", "class":"0x7fc96c801668", "frozen":true, "embedded":true, "fstring":true, "bytesize":4, "value":"TkOp", "encoding":"US-ASCII", "flags":{"wb_protected":true, "old":true, "marked":true}}
{"address":"0x7fc96c892550", "type":"ARRAY", "class":"0x7fc96c84a048", "length":0, "flags":{"wb_protected":true, "old":true, "marked":true}}
{"address":"0x7fc96c892578", "type":"OBJECT", "class":"0x7fc96d077a68", "ivars":14, "references":["0x7fc96c829690", "0x7fc96d065408", "0x7fc96d0657c8", "0x7fc96d065958", "0x7fc96c8903b8", "0x7fc96c892550", "0x7fc96c8903b8", "0x7fc96c8c82e0", "0x7fc96c88b200", "0x7fc96c88b188", "0x7fc96c88a6e8"], "memsize":112, "flags":{"wb_protected":true, "old":true, "marked":true}}
{"address":"0x7fc96c8925a0", "type":"STRING", "class":"0x7fc96c801668", "frozen":true, "embedded":true, "bytesize":15, "value":"highline-1.6.19", "encoding":"UTF-8", "flags":{"wb_protected":true, "old":true, "marked":true}}
{"address":"0x7fc96c8925c8", "type":"STRING", "class":"0x7fc96c801668", "frozen":true, "embedded":true, "fstring":true, "bytesize":8, "value":"EXPR_END", "encoding":"US-ASCII", "flags":{"wb_protected":true, "old":true, "marked":true}}
{"address":"0x7fc96c892640", "type":"STRING", "class":"0x7fc96c801668", "shared":true, "encoding":"US-ASCII", "references":["0x7fc96c8ab4d8"], "flags":{"wb_protected":true, "old":true, "marked":true}}
{"address":"0x7fc96c892668", "type":"STRING", "class":"0x7fc96c801668", "shared":true, "encoding":"UTF-8", "references":["0x7fc96c8926b8"], "flags":{"wb_protected":true, "old":true, "marked":true}}
{"address":"0x7fc96c8926b8", "type":"STRING", "class":"0x7fc96c801668", "frozen":true, "bytesize":49, "value":"HighLine is a high-level command-line IO library.", "encoding":"UTF-8", "memsize":50, "flags":{"wb_protected":true, "old":true, "marked":true}}
{"address":"0x7fc96c8926e0", "type":"STRING", "class":"0x7fc96c801668", "frozen":true, "embedded":true, "fstring":true, "bytesize":11, "value":"@extensions", "encoding":"US-ASCII", "flags":{"wb_protected":true, "old":true, "marked":true}}
{"address":"0x7fc96c892758", "type":"STRING", "class":"0x7fc96c801668", "frozen":true, "embedded":true, "fstring":true, "bytesize":7, "value":"TkSPACE", "encoding":"US-ASCII", "flags":{"wb_protected":true, "old":true, "marked":true}}
{"address":"0x7fc96c892780", "type":"STRING", "class":"0x7fc96c801668", "frozen":true, "embedded":true, "fstring":true, "bytesize":17, "value":"@extra_rdoc_files", "encoding":"US-ASCII", "flags":{"wb_protected":true, "old":true, "marked":true}}
{"address":"0x7fc96c892820", "type":"STRING", "class":"0x7fc96c801668", "embedded":true, "bytesize":5, "value":"2.0.6", "encoding":"UTF-8", "flags":{"wb_protected":true, "old":true, "marked":true}}
{"address":"0x7fc96c892848", "type":"STRING", "class":"0x7fc96c801668", "frozen":true, "embedded":true, "fstring":true, "bytesize":12, "value":"@executables", "encoding":"US-ASCII", "flags":{"wb_protected":true, "old":true, "marked":true}}
{"address":"0x7fc96c892870", "type":"STRING", "class":"0x7fc96c801668", "embedded":true, "bytesize":8, "value":"highline", "encoding":"UTF-8", "flags":{"wb_protected":true, "old":true, "marked":true}}
{"address":"0x7fc96c892898", "type":"STRING", "class":"0x7fc96c801668", "frozen":true, "embedded":true, "fstring":true, "bytesize":10, "value":"add_bindir", "encoding":"US-ASCII", "flags":{"wb_protected":true, "old":true, "marked":true}}
{"address":"0x7fc96c8928c0", "type":"ARRAY", "class":"0x7fc96c84a048", "length":1, "embedded":true, "references":["0x7fc96c8928e8"], "flags":{"wb_protected":true, "old":true, "marked":true}}
{"address":"0x7fc96c8928e8", "type":"STRING", "class":"0x7fc96c801668", "embedded":true, "bytesize":3, "value":"lib", "encoding":"UTF-8", "flags":{"wb_protected":true, "old":true, "marked":true}}
{"address":"0x7fc96c892910", "type":"STRING", "class":"0x7fc96c801668", "frozen":true, "embedded":true, "fstring":true, "bytesize":3, "value":"@OP", "encoding":"US-ASCII", "flags":{"wb_protected":true, "old":true, "marked":true}}
{"address":"0x7fc96c892938", "type":"STRING", "class":"0x7fc96c801668", "frozen":true, "embedded":true, "fstring":true, "bytesize":11, "value":"@test_files", "encoding":"US-ASCII", "flags":{"wb_protected":true, "old":true, "marked":true}}
{"address":"0x7fc96c892960", "type":"ARRAY", "class":"0x7fc96c84a048", "length":4, "references":["0x7fc96c892a28", "0x7fc96c8929d8", "0x7fc96c8929b0", "0x7fc96c892988"], "memsize":32, "flags":{"wb_protected":true, "old":true, "marked":true}}
{"address":"0x7fc96c892988", "type":"STRING", "class":"0x7fc96c801668", "embedded":true, "bytesize":6, "value":"README", "encoding":"UTF-8", "flags":{"wb_protected":true, "old":true, "marked":true}}
{"address":"0x7fc96c8929b0", "type":"STRING", "class":"0x7fc96c801668", "embedded":true, "bytesize":6, "value":"--main", "encoding":"UTF-8", "flags":{"wb_protected":true, "old":true, "marked":true}}
{"address":"0x7fc96c8929d8", "type":"STRING", "class":"0x7fc96c801668", "embedded":true, "bytesize":22, "value":"HighLine Documentation", "encoding":"UTF-8", "flags":{"wb_protected":true, "old":true, "marked":true}}
{"address":"0x7fc96c892a00", "type":"STRING", "class":"0x7fc96c801668", "frozen":true, "embedded":true, "fstring":true, "bytesize":6, "value":"@files", "encoding":"US-ASCII", "flags":{"wb_protected":true, "old":true, "marked":true}}
{"address":"0x7fc96c892a28", "type":"STRING", "class":"0x7fc96c801668", "embedded":true, "bytesize":7, "value":"--title", "encoding":"UTF-8", "flags":{"wb_protected":true, "old":true, "marked":true}}
{"address":"0x7fc96c892a50", "type":"ARRAY", "class":"0x7fc96c84a048", "length":1, "embedded":true, "references":["0x7fc96c892a78"], "flags":{"wb_protected":true, "old":true, "marked":true}}
{"address":"0x7fc96c892a78", "type":"STRING", "class":"0x7fc96c801668", "embedded":true, "bytesize":4, "value":"Ruby", "encoding":"UTF-8", "flags":{"wb_protected":true, "old":true, "marked":true}}
{"address":"0x7fc96c892aa0", "type":"STRING", "class":"0x7fc96c801668", "frozen":true, "embedded":true, "fstring":true, "bytesize":13, "value":"@prev_char_no", "encoding":"US-ASCII", "flags":{"wb_protected":true, "old":true, "marked":true}}
{"address":"0x7fc96c892ac8", "type":"STRING", "class":"0x7fc96c801668", "shared":true, "encoding":"UTF-8", "references":["0x7fc96c898568"], "flags":{"wb_protected":true, "old":true, "marked":true}}
{"address":"0x7fc96c892af0", "type":"ARRAY", "class":"0x7fc96c84a048", "length":5, "references":["0x7fc96c892c30", "0x7fc96c892be0", "0x7fc96c892b90", "0x7fc96c892b40", "0x7fc96c892b18"], "memsize":40, "flags":{"wb_protected":true, "old":true, "marked":true}}
{"address":"0x7fc96c892b18", "type":"STRING", "class":"0x7fc96c801668", "embedded":true, "bytesize":7, "value":"LICENSE", "encoding":"UTF-8", "flags":{"wb_protected":true, "old":true, "marked":true}}
{"address":"0x7fc96c892b40", "type":"STRING", "class":"0x7fc96c801668", "embedded":true, "bytesize":9, "value":"CHANGELOG", "encoding":"UTF-8", "flags":{"wb_protected":true, "old":true, "marked":true}}
{"address":"0x7fc96c892b68", "type":"STRING", "class":"0x7fc96c801668", "frozen":true, "embedded":true, "bytesize":15, "value":"RubyToken::TkNL", "encoding":"US-ASCII", "flags":{"wb_protected":true, "old":true, "marked":true}}
{"address":"0x7fc96c892b90", "type":"STRING", "class":"0x7fc96c801668", "embedded":true, "bytesize":4, "value":"TODO", "encoding":"UTF-8", "flags":{"wb_protected":true, "old":true, "marked":true}}
{"address":"0x7fc96c892bb8", "type":"STRING", "class":"0x7fc96c801668", "frozen":true, "embedded":true, "fstring":true, "bytesize":13, "value":"@prev_line_no", "encoding":"US-ASCII", "flags":{"wb_protected":true, "old":true, "marked":true}}
{"address":"0x7fc96c892be0", "type":"STRING", "class":"0x7fc96c801668", "embedded":true, "bytesize":7, "value":"INSTALL", "encoding":"UTF-8", "flags":{"wb_protected":true, "old":true, "marked":true}}
{"address":"0x7fc96c892c08", "type":"CLASS", "class":"0x7fc96c802e28", "name":"Class", "references":["0x7fc96c892c80", "0x7fc96d046800"], "memsize":672, "flags":{"wb_protected":true, "old":true, "marked":true}}
{"address":"0x7fc96c892c30", "type":"STRING", "class":"0x7fc96c801668", "embedded":true, "bytesize":11, "value":"README.rdoc", "encoding":"UTF-8", "flags":{"wb_protected":true, "old":true, "marked":true}}
{"address":"0x7fc96c892c58", "type":"STRING", "class":"0x7fc96c801668", "frozen":true, "embedded":true, "fstring":true, "bytesize":10, "value":"@prev_seek", "encoding":"US-ASCII", "flags":{"wb_protected":true, "old":true, "marked":true}}
{"address":"0x7fc96c892c80", "type":"CLASS", "class":"0x7fc96c892c08", "name":"RubyToken::TkNL", "references":["0x7fc96c892b68", "0x7fc96d046828"], "memsize":864, "flags":{"wb_protected":true, "old":true, "marked":true}}
{"address":"0x7fc96c892ca8", "type":"ARRAY", "class":"0x7fc96c84a048", "length":5, "references":["0x7fc96c892d98", "0x7fc96c892d70", "0x7fc96c892d48", "0x7fc96c892d20", "0x7fc96c892cd0"], "memsize":40, "flags":{"wb_protected":true, "old":true, "marked":true}}
{"address":"0x7fc96c892cd0", "type":"STRING", "class":"0x7fc96c801668", "embedded":true, "bytesize":7, "value":"LICENSE", "encoding":"UTF-8", "flags":{"wb_protected":true, "old":true, "marked":true}}
{"address":"0x7fc96c892cf8", "type":"STRING", "class":"0x7fc96c801668", "frozen":true, "embedded":true, "fstring":true, "bytesize":9, "value":"conflicts", "encoding":"US-ASCII", "flags":{"wb_protected":true, "old":true, "marked":true}}
{"address":"0x7fc96c892d20", "type":"STRING", "class":"0x7fc96c801668", "embedded":true, "bytesize":9, "value":"CHANGELOG", "encoding":"UTF-8", "flags":{"wb_protected":true, "old":true, "marked":true}}
{"address":"0x7fc96c892d48", "type":"STRING", "class":"0x7fc96c801668", "embedded":true, "bytesize":4, "value":"TODO", "encoding":"UTF-8", "flags":{"wb_protected":true, "old":true, "marked":true}}
{"address":"0x7fc96c892d70", "type":"STRING", "class":"0x7fc96c801668", "embedded":true, "bytesize":7, "value":"INSTALL", "encoding":"UTF-8", "flags":{"wb_protected":true, "old":true, "marked":true}}
{"address":"0x7fc96c892d98", "type":"STRING", "class":"0x7fc96c801668", "embedded":true, "bytesize":11, "value":"README.rdoc", "encoding":"UTF-8", "flags":{"wb_protected":true, "old":true, "marked":true}}
{"address":"0x7fc96c892dc0", "type":"STRING", "class":"0x7fc96c801668", "embedded":true, "bytesize":21, "value":"james@graysoftinc.com", "encoding":"UTF-8", "flags":{"wb_protected":true, "old":true, "marked":true}}
{"address":"0x7fc96c892de8", "type":"STRING", "class":"0x7fc96c801668", "frozen":true, "embedded":true, "fstring":true, "bytesize":5, "value":"trail", "encoding":"US-ASCII", "flags":{"wb_protected":true, "old":true, "marked":true}}
{"address":"0x7fc96c892e10", "type":"STRING", "class":"0x7fc96c801668", "shared":true, "encoding":"UTF-8", "references":["0x7fc96c898658"], "flags":{"wb_protected":true, "old":true, "marked":true}}
{"address":"0x7fc96c892e60", "type":"DATA", "class":"0x7fc96c841150", "struct":"time", "memsize":88, "flags":{"remembered":true}}
{"address":"0x7fc96c892f50", "type":"STRING", "class":"0x7fc96c801668", "frozen":true, "embedded":true, "fstring":true, "bytesize":9, "value":"from_spec", "encoding":"US-ASCII", "flags":{"wb_protected":true, "old":true, "marked":true}}
{"address":"0x7fc96c892ff0", "type":"STRING", "class":"0x7fc96c801668", "frozen":true, "embedded":true, "fstring":true, "bytesize":8, "value":"traverse", "encoding":"US-ASCII", "flags":{"wb_protected":true, "old":true, "marked":true}}
{"address":"0x7fc96c893018", "type":"STRING", "class":"0x7fc96c801668", "frozen":true, "fstring":true, "bytesize":30, "value":"invalidate_memoized_attributes", "encoding":"US-ASCII", "memsize":31, "flags":{"wb_protected":true, "old":true, "marked":true}}
{"address":"0x7fc96c893090", "type":"ARRAY", "class":"0x7fc96c84a048", "length":1, "embedded":true, "references":["0x7fc96c893158"], "flags":{"wb_protected":true, "old":true, "marked":true}}
{"address":"0x7fc96c893130", "type":"STRING", "class":"0x7fc96c801668", "frozen":true, "embedded":true, "fstring":true, "bytesize":9, "value":"@platform", "encoding":"US-ASCII", "flags":{"wb_protected":true, "old":true, "marked":true}}
{"address":"0x7fc96c893158", "type":"STRING", "class":"0x7fc96c801668", "embedded":true, "bytesize":20, "value":"James Edward Gray II", "encoding":"UTF-8", "flags":{"wb_protected":true, "old":true, "marked":true}}
{"address":"0x7fc96c893180", "type":"STRING", "class":"0x7fc96c801668", "bytesize":70, "capacity":1026, "value":"/usr/local/Cellar/ruby/2.1.1/lib/ruby/gems/2.1.0/gems/bigdecimal-1.2.3", "encoding":"US-ASCII", "memsize":1027, "flags":{"wb_protected":true, "old":true, "marked":true}}
{"address":"0x7fc96c893270", "type":"STRING", "class":"0x7fc96c801668", "bytesize":53, "capacity":128, "value":"/usr/local/Cellar/ruby/2.1.1/lib/ruby/gems/2.1.0/gems", "encoding":"UTF-8", "memsize":129, "flags":{"wb_protected":true, "old":true, "marked":true}}
{"address":"0x7fc96c893298", "type":"ARRAY", "class":"0x7fc96c84a048", "length":1, "embedded":true, "references":["0x7fc96c8c1e90"], "flags":{"wb_protected":true, "old":true, "marked":true}}
{"address":"0x7fc96c893310", "type":"OBJECT", "class":"0x7fc96c8c2688", "ivars":3, "references":["0x7fc96c893298"], "flags":{"wb_protected":true, "old":true, "marked":true}}
{"address":"0x7fc96c893338", "type":"STRING", "class":"0x7fc96c801668", "bytesize":48, "value":"/usr/local/Cellar/ruby/2.1.1/lib/ruby/gems/2.1.0", "encoding":"UTF-8", "memsize":49, "flags":{"wb_protected":true, "old":true, "marked":true}}
{"address":"0x7fc96c893388", "type":"STRING", "class":"0x7fc96c801668", "frozen":true, "embedded":true, "fstring":true, "bytesize":6, "value":"trails", "encoding":"US-ASCII", "flags":{"wb_protected":true, "old":true, "marked":true}}
{"address":"0x7fc96c8933b0", "type":"STRING", "class":"0x7fc96c801668", "embedded":true, "bytesize":6, "value":"1.6.19", "encoding":"UTF-8", "flags":{"wb_protected":true, "old":true, "marked":true}}
{"address":"0x7fc96c893518", "type":"OBJECT", "class":"0x7fc96d040a68", "ivars":3, "references":["0x7fc96c8933b0"], "flags":{"wb_protected":true, "old":true, "marked":true}}
{"address":"0x7fc96c893568", "type":"STRING", "class":"0x7fc96c801668", "embedded":true, "bytesize":8, "value":"highline", "encoding":"UTF-8", "flags":{"wb_protected":true, "old":true, "marked":true}}
{"address":"0x7fc96c8935e0", "type":"ARRAY", "class":"0x7fc96c84a048", "length":0, "flags":{"wb_protected":true, "old":true, "marked":true}}
{"address":"0x7fc96c893720", "type":"ARRAY", "class":"0x7fc96c84a048", "length":0, "flags":{"wb_protected":true, "old":true, "marked":true}}
{"address":"0x7fc96c893770", "type":"STRING", "class":"0x7fc96c801668", "frozen":true, "embedded":true, "fstring":true, "bytesize":15, "value":"TkEND_OF_SCRIPT", "encoding":"US-ASCII", "flags":{"wb_protected":true, "old":true, "marked":true}}
{"address":"0x7fc96c893838", "type":"STRING", "class":"0x7fc96c801668", "frozen":true, "embedded":true, "fstring":true, "bytesize":4, "value":"TkNL", "encoding":"US-ASCII", "flags":{"wb_protected":true, "old":true, "marked":true}}
{"address":"0x7fc96c893860", "type":"OBJECT", "class":"0x7fc96c8c2688", "ivars":3, "references":["0x7fc96d074700"], "flags":{"wb_protected":true, "old":true, "marked":true}}
{"address":"0x7fc96c893888", "type":"STRING", "class":"0x7fc96c801668", "frozen":true, "embedded":true, "fstring":true, "bytesize":11, "value":"prerelease?", "encoding":"US-ASCII", "flags":{"wb_protected":true, "old":true, "marked":true}}
{"address":"0x7fc96c8938b0", "type":"STRING", "class":"0x7fc96c801668", "frozen":true, "embedded":true, "fstring":true, "bytesize":5, "value":"token", "encoding":"US-ASCII", "flags":{"wb_protected":true, "old":true, "marked":true}}
{"address":"0x7fc96c893900", "type":"STRING", "class":"0x7fc96c801668", "frozen":true, "embedded":true, "fstring":true, "bytesize":2, "value":"tk", "encoding":"US-ASCII", "flags":{"wb_protected":true, "old":true, "marked":true}}
{"address":"0x7fc96c893a40", "type":"STRING", "class":"0x7fc96c801668", "embedded":true, "bytesize":4, "value":"ruby", "encoding":"UTF-8", "flags":{"wb_protected":true, "old":true, "marked":true}}
{"address":"0x7fc96c893ab8", "type":"HASH", "class":"0x7fc96c849918", "size":0, "flags":{"wb_protected":true, "old":true, "marked":true}}
{"address":"0x7fc96c893ba8", "type":"STRING", "class":"0x7fc96c801668", "frozen":true, "embedded":true, "bytesize":18, "value":"RubyToken::TkSPACE", "encoding":"US-ASCII", "flags":{"wb_protected":true, "old":true, "marked":true}}
{"address":"0x7fc96c893bd0", "type":"CLASS", "class":"0x7fc96c802e28", "name":"Class", "references":["0x7fc96c893c98", "0x7fc96d046800"], "memsize":672, "flags":{"wb_protected":true, "old":true, "marked":true}}
{"address":"0x7fc96c893c98", "type":"CLASS", "class":"0x7fc96c893bd0", "name":"RubyToken::TkSPACE", "references":["0x7fc96c893ba8", "0x7fc96d046828"], "memsize":864, "flags":{"wb_protected":true, "old":true, "marked":true}}
{"address":"0x7fc96c893cc0", "type":"STRING", "class":"0x7fc96c801668", "bytesize":70, "capacity":1026, "value":"/usr/local/Cellar/ruby/2.1.1/lib/ruby/gems/2.1.0/gems/bigdecimal-1.2.4", "encoding":"US-ASCII", "memsize":1027, "flags":{"wb_protected":true, "old":true, "marked":true}}
{"address":"0x7fc96c893d10", "type":"ARRAY", "class":"0x7fc96c84a048", "length":0, "flags":{"wb_protected":true, "old":true, "marked":true}}
{"address":"0x7fc96c893d88", "type":"ARRAY", "class":"0x7fc96c84a048", "length":0, "flags":{"wb_protected":true, "old":true, "marked":true}}
{"address":"0x7fc96c893e00", "type":"ARRAY", "class":"0x7fc96c84a048", "length":0, "flags":{"wb_protected":true, "old":true, "marked":true}}
{"address":"0x7fc96c893e28", "type":"STRING", "class":"0x7fc96c801668", "bytesize":53, "capacity":128, "value":"/usr/local/Cellar/ruby/2.1.1/lib/ruby/gems/2.1.0/gems", "encoding":"UTF-8", "memsize":129, "flags":{"wb_protected":true, "old":true, "marked":true}}
{"address":"0x7fc96c893ea0", "type":"STRING", "class":"0x7fc96c801668", "bytesize":48, "value":"/usr/local/Cellar/ruby/2.1.1/lib/ruby/gems/2.1.0", "encoding":"UTF-8", "memsize":49, "flags":{"wb_protected":true, "old":true, "marked":true}}
{"address":"0x7fc96c893ec8", "type":"ARRAY", "class":"0x7fc96c84a048", "length":0, "flags":{"wb_protected":true, "old":true, "marked":true}}
{"address":"0x7fc96c893f40", "type":"STRING", "class":"0x7fc96c801668", "embedded":true, "bytesize":3, "value":"bin", "encoding":"UTF-8", "flags":{"wb_protected":true, "old":true, "marked":true}}
{"address":"0x7fc96c898090", "type":"STRING", "class":"0x7fc96c801668", "frozen":true, "embedded":true, "fstring":true, "bytesize":12, "value":"each_gemspec", "encoding":"US-ASCII", "flags":{"wb_protected":true, "old":true, "marked":true}}
{"address":"0x7fc96c898220", "type":"STRING", "class":"0x7fc96c801668", "bytesize":71, "capacity":1026, "value":"/Users/antoine/.rvm/gems/ruby-2.0.0-p247/gems/archive-tar-minitar-0.5.2", "encoding":"US-ASCII", "memsize":1027, "flags":{"wb_protected":true, "old":true, "marked":true}}
{"address":"0x7fc96c898248", "type":"STRING", "class":"0x7fc96c801668", "frozen":true, "embedded":true, "fstring":true, "bytesize":23, "value":"find_in_unresolved_tree", "encoding":"US-ASCII", "flags":{"wb_protected":true, "old":true, "marked":true}}
{"address":"0x7fc96c898270", "type":"STRING", "class":"0x7fc96c801668", "frozen":true, "embedded":true, "fstring":true, "bytesize":17, "value":"_clear_load_cache", "encoding":"US-ASCII", "flags":{"wb_protected":true, "old":true, "marked":true}}
{"address":"0x7fc96c898360", "type":"STRING", "class":"0x7fc96c801668", "bytesize":45, "capacity":128, "value":"/Users/antoine/.rvm/gems/ruby-2.0.0-p247/gems", "encoding":"UTF-8", "memsize":129, "flags":{"wb_protected":true, "old":true, "marked":true}}
{"address":"0x7fc96c8983d8", "type":"OBJECT", "class":"0x7fc96d074e30", "ivars":50, "references":["0x7fc96c892640", "0x7fc96c8aac40", "0x7fc96c8aad80", "0x7fc96c8aae70", "0x7fc96c892e10", "0x7fc96c892dc0", "0x7fc96c892ac8", "0x7fc96c893568", "0x7fc96c892870", "0x7fc96c892668", "0x7fc96c893518", "0x7fc96c893090", "0x7fc96c893f40", "0x7fc96c893ec8", "0x7fc96c892e60", "0x7fc96c893e00", "0x7fc96c893d88", "0x7fc96c893d10", "0x7fc96c892ca8", "0x7fc96c892af0", "0x7fc96c892a50", "0x7fc96c893ab8", "0x7fc96c893a40", "0x7fc96c892960", "0x7fc96c8928c0", "0x7fc96c893860", "0x7fc96c893310", "0x7fc96c893720", "0x7fc96c892820", "0x7fc96c8935e0", "0x7fc96c8c82e0", "0x7fc96c8aad30"], "memsize":400, "flags":{"wb_protected":true, "old":true, "marked":true}}
{"address":"0x7fc96c898400", "type":"STRING", "class":"0x7fc96c801668", "bytesize":40, "value":"/Users/antoine/.rvm/gems/ruby-2.0.0-p247", "encoding":"UTF-8", "memsize":41, "flags":{"wb_protected":true, "old":true, "marked":true}}
{"address":"0x7fc96c898540", "type":"STRING", "class":"0x7fc96c801668", "frozen":true, "embedded":true, "fstring":true, "bytesize":8, "value":"_resort!", "encoding":"US-ASCII", "flags":{"wb_protected":true, "old":true, "marked":true}}
{"address":"0x7fc96c898568", "type":"STRING", "class":"0x7fc96c801668", "frozen":true, "fstring":true, "bytesize":29, "value":"http://highline.rubyforge.org", "encoding":"UTF-8", "memsize":30, "flags":{"wb_protected":true, "old":true, "marked":true}}
{"address":"0x7fc96c898658", "type":"STRING", "class":"0x7fc96c801668", "frozen":true, "fstring":true, "bytesize":252, "value":"A high-level IO library that provides validation, type conversion, and more for\ncommand-line interfaces. HighLine also includes a complete menu system that can\ncrank out anything from simple list selection to complete shells with just\nminutes of work.\n", "encoding":"UTF-8", "memsize":253, "flags":{"wb_protected":true, "old":true, "marked":true}}
{"address":"0x7fc96c898978", "type":"STRING", "class":"0x7fc96c801668", "frozen":true, "embedded":true, "bytesize":23, "value":"RubyToken::TkRD_COMMENT", "encoding":"US-ASCII", "flags":{"wb_protected":true, "old":true, "marked":true}}
{"address":"0x7fc96c8989a0", "type":"ARRAY", "class":"0x7fc96c84a048", "length":3, "embedded":true, "flags":{"wb_protected":true, "old":true, "marked":true}}
{"address":"0x7fc96c898ae0", "type":"CLASS", "class":"0x7fc96c802e28", "name":"Class", "references":["0x7fc96c898b30", "0x7fc96d046800"], "memsize":672, "flags":{"wb_protected":true, "old":true, "marked":true}}
{"address":"0x7fc96c898b30", "type":"CLASS", "class":"0x7fc96c898ae0", "name":"RubyToken::TkRD_COMMENT", "references":["0x7fc96c898978", "0x7fc96d046828"], "memsize":672, "flags":{"wb_protected":true, "old":true, "marked":true}}
{"address":"0x7fc96c898c70", "type":"STRING", "class":"0x7fc96c801668", "frozen":true, "embedded":true, "fstring":true, "bytesize":7, "value":"to_spec", "encoding":"US-ASCII", "flags":{"wb_protected":true, "old":true, "marked":true}}
{"address":"0x7fc96c898cc0", "type":"STRING", "class":"0x7fc96c801668", "frozen":true, "embedded":true, "fstring":true, "bytesize":5, "value":"stubs", "encoding":"US-ASCII", "flags":{"wb_protected":true, "old":true, "marked":true}}
{"address":"0x7fc96c898ce8", "type":"ARRAY", "class":"0x7fc96c84a048", "length":3, "embedded":true, "flags":{"wb_protected":true, "old":true, "marked":true}}
{"address":"0x7fc96c898dd8", "type":"STRING", "class":"0x7fc96c801668", "frozen":true, "embedded":true, "fstring":true, "bytesize":5, "value":"@@all", "encoding":"US-ASCII", "flags":{"wb_protected":true, "old":true, "marked":true}}
{"address":"0x7fc96c898e00", "type":"STRING", "class":"0x7fc96c801668", "frozen":true, "embedded":true, "fstring":true, "bytesize":3, "value":"lex", "encoding":"US-ASCII", "flags":{"wb_protected":true, "old":true, "marked":true}}
{"address":"0x7fc96c898e50", "type":"STRING", "class":"0x7fc96c801668", "frozen":true, "embedded":true, "fstring":true, "bytesize":4, "value":"_all", "encoding":"US-ASCII", "flags":{"wb_protected":true, "old":true, "marked":true}}
{"address":"0x7fc96c899030", "type":"ARRAY", "class":"0x7fc96c84a048", "length":3, "embedded":true, "flags":{"wb_protected":true, "old":true, "marked":true}}
{"address":"0x7fc96c8990a8", "type":"STRING", "class":"0x7fc96c801668", "frozen":true, "embedded":true, "fstring":true, "bytesize":10, "value":"TERM_INPUT", "encoding":"US-ASCII", "flags":{"wb_protected":true, "old":true, "marked":true}}
{"address":"0x7fc96c8991c0", "type":"STRING", "class":"0x7fc96c801668", "frozen":true, "embedded":true, "fstring":true, "bytesize":8, "value":"to_specs", "encoding":"US-ASCII", "flags":{"wb_protected":true, "old":true, "marked":true}}
{"address":"0x7fc96c8992b0", "type":"STRING", "class":"0x7fc96c801668", "frozen":true, "embedded":true, "fstring":true, "bytesize":3, "value":"dep", "encoding":"US-ASCII", "flags":{"wb_protected":true, "old":true, "marked":true}}
{"address":"0x7fc96c899378", "type":"ARRAY", "class":"0x7fc96c84a048", "length":3, "embedded":true, "flags":{"wb_protected":true, "old":true, "marked":true}}
{"address":"0x7fc96c899508", "type":"STRING", "class":"0x7fc96c801668", "frozen":true, "embedded":true, "fstring":true, "bytesize":18, "value":"find_in_unresolved", "encoding":"US-ASCII", "flags":{"wb_protected":true, "old":true, "marked":true}}
{"address":"0x7fc96c8995d0", "type":"STRING", "class":"0x7fc96c801668", "frozen":true, "embedded":true, "fstring":true, "bytesize":17, "value":"original_platform", "encoding":"US-ASCII", "flags":{"wb_protected":true, "old":true, "marked":true}}
{"address":"0x7fc96c8996c0", "type":"ARRAY", "class":"0x7fc96c84a048", "length":3, "embedded":true, "flags":{"wb_protected":true, "old":true, "marked":true}}
{"address":"0x7fc96c899760", "type":"STRING", "class":"0x7fc96c801668", "frozen":true, "embedded":true, "fstring":true, "bytesize":18, "value":"default_executable", "encoding":"US-ASCII", "flags":{"wb_protected":true, "old":true, "marked":true}}
{"address":"0x7fc96c899878", "type":"STRING", "class":"0x7fc96c801668", "frozen":true, "embedded":true, "bytesize":20, "value":"RubyToken::TkCOMMENT", "encoding":"US-ASCII", "flags":{"wb_protected":true, "old":true, "marked":true}}
{"address":"0x7fc96c899918", "type":"CLASS", "class":"0x7fc96c802e28", "name":"Class", "references":["0x7fc96c8999b8", "0x7fc96d046800"], "memsize":672, "flags":{"wb_protected":true, "old":true, "marked":true}}
{"address":"0x7fc96c8999b8", "type":"CLASS", "class":"0x7fc96c899918", "name":"RubyToken::TkCOMMENT", "references":["0x7fc96c899878", "0x7fc96d046828"], "memsize":672, "flags":{"wb_protected":true, "old":true, "marked":true}}
{"address":"0x7fc96c899a58", "type":"ARRAY", "class":"0x7fc96c84a048", "length":3, "embedded":true, "flags":{"wb_protected":true, "old":true, "marked":true}}
{"address":"0x7fc96c899be8", "type":"STRING", "class":"0x7fc96c801668", "frozen":true, "embedded":true, "fstring":true, "bytesize":9, "value":"activated", "encoding":"US-ASCII", "flags":{"wb_protected":true, "old":true, "marked":true}}
{"address":"0x7fc96c899c88", "type":"STRING", "class":"0x7fc96c801668", "frozen":true, "embedded":true, "fstring":true, "bytesize":7, "value":"@quoted", "encoding":"US-ASCII", "flags":{"wb_protected":true, "old":true, "marked":true}}
{"address":"0x7fc96c899da0", "type":"STRING", "class":"0x7fc96c801668", "frozen":true, "embedded":true, "fstring":true, "bytesize":16, "value":"initialize_input", "encoding":"US-ASCII", "flags":{"wb_protected":true, "old":true, "marked":true}}
{"address":"0x7fc96c899e40", "type":"ARRAY", "class":"0x7fc96c84a048", "length":4, "memsize":32, "flags":{"wb_protected":true, "old":true, "marked":true}}
{"address":"0x7fc96c899f30", "type":"STRING", "class":"0x7fc96c801668", "frozen":true, "embedded":true, "fstring":true, "bytesize":11, "value":"test_files=", "encoding":"UTF-8", "flags":{"wb_protected":true, "old":true, "marked":true}}
{"address":"0x7fc96c89a020", "type":"STRING", "class":"0x7fc96c801668", "frozen":true, "embedded":true, "fstring":true, "bytesize":3, "value":"opt", "encoding":"US-ASCII", "flags":{"wb_protected":true, "old":true, "marked":true}}
{"address":"0x7fc96c89a160", "type":"STRING", "class":"0x7fc96c801668", "frozen":true, "embedded":true, "fstring":true, "bytesize":6, "value":"@ltype", "encoding":"US-ASCII", "flags":{"wb_protected":true, "old":true, "marked":true}}
{"address":"0x7fc96c89a1d8", "type":"ARRAY", "class":"0x7fc96c84a048", "length":4, "memsize":32, "flags":{"wb_protected":true, "old":true, "marked":true}}
{"address":"0x7fc96c89a228", "type":"STRING", "class":"0x7fc96c801668", "frozen":true, "embedded":true, "fstring":true, "bytesize":13, "value":"@requirements", "encoding":"US-ASCII", "flags":{"wb_protected":true, "old":true, "marked":true}}
{"address":"0x7fc96c89a3e0", "type":"STRING", "class":"0x7fc96c801668", "frozen":true, "fstring":true, "bytesize":25, "value":"contains_requirable_file?", "encoding":"US-ASCII", "memsize":26, "flags":{"wb_protected":true, "old":true, "marked":true}}
{"address":"0x7fc96c89a548", "type":"ARRAY", "class":"0x7fc96c84a048", "length":3, "embedded":true, "flags":{"wb_protected":true, "old":true, "marked":true}}
{"address":"0x7fc96c89a570", "type":"STRING", "class":"0x7fc96c801668", "frozen":true, "embedded":true, "fstring":true, "bytesize":6, "value":"create", "encoding":"US-ASCII", "flags":{"wb_protected":true, "old":true, "marked":true}}
{"address":"0x7fc96c89a610", "type":"STRING", "class":"0x7fc96c801668", "frozen":true, "embedded":true, "fstring":true, "bytesize":22, "value":"@required_ruby_version", "encoding":"US-ASCII", "flags":{"wb_protected":true, "old":true, "marked":true}}
{"address":"0x7fc96c89a6b0", "type":"STRING", "class":"0x7fc96c801668", "frozen":true, "embedded":true, "fstring":true, "bytesize":3, "value":"req", "encoding":"US-ASCII", "flags":{"wb_protected":true, "old":true, "marked":true}}
{"address":"0x7fc96c89a6d8", "type":"STRING", "class":"0x7fc96c801668", "frozen":true, "embedded":true, "fstring":true, "bytesize":22, "value":"required_ruby_version=", "encoding":"UTF-8", "flags":{"wb_protected":true, "old":true, "marked":true}}
{"address":"0x7fc96c89a840", "type":"STRING", "class":"0x7fc96c801668", "frozen":true, "embedded":true, "bytesize":1, "value":";", "encoding":"UTF-8", "flags":{"wb_protected":true, "old":true, "marked":true}}
{"address":"0x7fc96c89a890", "type":"STRING", "class":"0x7fc96c801668", "frozen":true, "fstring":true, "bytesize":27, "value":"FEATURE_IOPT_CHANGE_VERSION", "encoding":"US-ASCII", "memsize":28, "flags":{"wb_protected":true, "old":true, "marked":true}}
{"address":"0x7fc96c89a8b8", "type":"ARRAY", "class":"0x7fc96c84a048", "length":3, "embedded":true, "flags":{"wb_protected":true, "old":true, "marked":true}}
{"address":"0x7fc96c89a8e0", "type":"ARRAY", "class":"0x7fc96c84a048", "length":1, "embedded":true, "references":["0x7fc96c89ab60"], "flags":{"wb_protected":true, "old":true, "marked":true}}
{"address":"0x7fc96c89aa20", "type":"STRING", "class":"0x7fc96c801668", "frozen":true, "embedded":true, "bytesize":22, "value":"RubyToken::TkSEMICOLON", "encoding":"US-ASCII", "flags":{"wb_protected":true, "old":true, "marked":true}}
{"address":"0x7fc96c89aa98", "type":"CLASS", "class":"0x7fc96c802e28", "name":"Class", "references":["0x7fc96c89ab60", "0x7fc96d046800"], "memsize":672, "flags":{"wb_protected":true, "old":true, "marked":true}}
{"address":"0x7fc96c89ab10", "type":"STRING", "class":"0x7fc96c801668", "frozen":true, "embedded":true, "fstring":true, "bytesize":13, "value":"@rdoc_options", "encoding":"US-ASCII", "flags":{"wb_protected":true, "old":true, "marked":true}}
{"address":"0x7fc96c89ab60", "type":"CLASS", "class":"0x7fc96c89aa98", "name":"RubyToken::TkSEMICOLON", "references":["0x7fc96c89aa20", "0x7fc96d046828"], "memsize":672, "flags":{"wb_protected":true, "old":true, "marked":true}}
{"address":"0x7fc96c89ac00", "type":"ARRAY", "class":"0x7fc96c84a048", "length":51, "references":["0x7fc96c828650", "0x7fc96c0227d0", "0x7fc96c022dc0", "0x7fc96c812698", "0x7fc96d076410", "0x7fc96c8ca950", "0x7fc96d039ab0", "0x7fc96d867f20", "0x7fc96d833658", "0x7fc96d832050", "0x7fc96d81cde0", "0x7fc96d817f98", "0x7fc96d817688", "0x7fc96c8a3940", "0x7fc96c89b718", "0x7fc96c89b038", "0x7fc96c021e48", "0x7fc96c892578", "0x7fc96c021948", "0x7fc96c88a378", "0x7fc96d066e70", "0x7fc96d05fad0", "0x7fc96d02a790", "0x7fc96d01a7a0", "0x7fc96d01a020", "0x7fc96c021380", "0x7fc96c860ed8", "0x7fc96c053240", "0x7fc96c03d5d0", "0x7fc96c035218", "0x7fc96c022118", "0x7fc96c822a98", "0x7fc96c822340", "0x7fc96c810258", "0x7fc96c8eb1a0", "0x7fc96c8e4ff8", "0x7fc96d074520", "0x7fc96c020818", "0x7fc96c020ea8", "0x7fc96c8d1688", "0x7fc96c0201d8", "0x7fc96c8b0d20", "0x7fc96c0234a0", "0x7fc96c8b04d8", "0x7fc96d03a348", "0x7fc96c8337d0", "0x7fc96c838550", "0x7fc96c0669a8", "0x7fc96d838e78", "0x7fc96d833d10", "0x7fc96d814028"], "memsize":408, "flags":{"wb_protected":true, "old":true, "marked":true}}
{"address":"0x7fc96c89ac50", "type":"ARRAY", "class":"0x7fc96c84a048", "length":0, "flags":{"wb_protected":true, "old":true, "marked":true}}
{"address":"0x7fc96c89acf0", "type":"STRING", "class":"0x7fc96c801668", "frozen":true, "embedded":true, "bytesize":15, "value":"yajl-ruby-1.1.0", "encoding":"UTF-8", "flags":{"wb_protected":true, "old":true, "marked":true}}
{"address":"0x7fc96c89ad68", "type":"STRING", "class":"0x7fc96c801668", "shared":true, "encoding":"US-ASCII", "references":["0x7fc96d80cc38"], "flags":{"wb_protected":true, "old":true, "marked":true}}
{"address":"0x7fc96c89ae80", "type":"STRING", "class":"0x7fc96c801668", "frozen":true, "embedded":true, "fstring":true, "bytesize":9, "value":"@licenses", "encoding":"US-ASCII", "flags":{"wb_protected":true, "old":true, "marked":true}}
{"address":"0x7fc96c89aef8", "type":"ARRAY", "class":"0x7fc96c84a048", "length":1, "embedded":true, "references":["0x7fc96c8c1e90"], "flags":{"wb_protected":true, "old":true, "marked":true}}
{"address":"0x7fc96c89af20", "type":"STRING", "class":"0x7fc96c801668", "frozen":true, "embedded":true, "fstring":true, "bytesize":9, "value":"licenses=", "encoding":"UTF-8", "flags":{"wb_protected":true, "old":true, "marked":true}}
{"address":"0x7fc96c89af98", "type":"OBJECT", "class":"0x7fc96c8c2688", "ivars":3, "references":["0x7fc96c89aef8"], "flags":{"wb_protected":true, "old":true, "marked":true}}
{"address":"0x7fc96c89afe8", "type":"STRING", "class":"0x7fc96c801668", "frozen":true, "bytesize":79, "value":"/Users/antoine/.rvm/gems/ruby-2.0.0-p247/specifications/highline-1.6.19.gemspec", "encoding":"UTF-8", "memsize":80, "flags":{"wb_protected":true, "old":true, "marked":true}}
{"address":"0x7fc96c89b010", "type":"ARRAY", "class":"0x7fc96c84a048", "length":0, "flags":{"wb_protected":true, "old":true, "marked":true}}
{"address":"0x7fc96c89b038", "type":"OBJECT", "class":"0x7fc96d077a68", "ivars":14, "references":["0x7fc96c8297d0", "0x7fc96d066ee8", "0x7fc96d0670a0", "0x7fc96d067168", "0x7fc96c8983d8", "0x7fc96c89b010", "0x7fc96c8983d8", "0x7fc96c8c82e0", "0x7fc96c893568", "0x7fc96c893518", "0x7fc96c8928c0"], "memsize":112, "flags":{"wb_protected":true, "old":true, "marked":true}}
{"address":"0x7fc96c89b060", "type":"STRING", "class":"0x7fc96c801668", "frozen":true, "embedded":true, "bytesize":12, "value":"hashie-2.0.5", "encoding":"UTF-8", "flags":{"wb_protected":true, "old":true, "marked":true}}
{"address":"0x7fc96c89b0b0", "type":"OBJECT", "class":"0x7fc96d077ae0", "ivars":5, "references":["0x7fc96c89b1f0", "0x7fc96c89af98", "0x7fc96c89af98"], "memsize":40, "flags":{"wb_protected":true, "old":true, "marked":true}}
{"address":"0x7fc96c89b0d8", "type":"STRING", "class":"0x7fc96c801668", "embedded":true, "bytesize":5, "value":"2.0.5", "encoding":"UTF-8", "flags":{"wb_protected":true, "old":true, "marked":true}}
{"address":"0x7fc96c89b1f0", "type":"STRING", "class":"0x7fc96c801668", "embedded":true, "bytesize":4, "value":"json", "encoding":"UTF-8", "flags":{"wb_protected":true, "old":true, "marked":true}}
{"address":"0x7fc96c89b240", "type":"OBJECT", "class":"0x7fc96d040a68", "ivars":3, "references":["0x7fc96c89b0d8"], "flags":{"wb_protected":true, "old":true, "marked":true}}
{"address":"0x7fc96c89b358", "type":"ARRAY", "class":"0x7fc96c84a048", "length":1, "embedded":true, "references":["0x7fc96c8c1e90"], "flags":{"wb_protected":true, "old":true, "marked":true}}
{"address":"0x7fc96c89b3a8", "type":"STRING", "class":"0x7fc96c801668", "frozen":true, "embedded":true, "fstring":true, "bytesize":7, "value":"license", "encoding":"US-ASCII", "flags":{"wb_protected":true, "old":true, "marked":true}}
{"address":"0x7fc96c89b3d0", "type":"STRING", "class":"0x7fc96c801668", "frozen":true, "embedded":true, "fstring":true, "bytesize":8, "value":"license=", "encoding":"UTF-8", "flags":{"wb_protected":true, "old":true, "marked":true}}
{"address":"0x7fc96c89b420", "type":"OBJECT", "class":"0x7fc96c8c2688", "ivars":3, "references":["0x7fc96c89b358"], "flags":{"wb_protected":true, "old":true, "marked":true}}
{"address":"0x7fc96c89b448", "type":"STRING", "class":"0x7fc96c801668", "embedded":true, "bytesize":3, "value":"lib", "encoding":"UTF-8", "flags":{"wb_protected":true, "old":true, "marked":true}}
{"address":"0x7fc96c89b470", "type":"STRING", "class":"0x7fc96c801668", "embedded":true, "bytesize":4, "value":"ruby", "encoding":"UTF-8", "flags":{"wb_protected":true, "old":true, "marked":true}}
{"address":"0x7fc96c89b498", "type":"STRING", "class":"0x7fc96c801668", "embedded":true, "bytesize":5, "value":"2.0.5", "encoding":"UTF-8", "flags":{"wb_protected":true, "old":true, "marked":true}}
{"address":"0x7fc96c89b4c0", "type":"STRING", "class":"0x7fc96c801668", "embedded":true, "bytesize":6, "value":"hashie", "encoding":"UTF-8", "flags":{"wb_protected":true, "old":true, "marked":true}}
{"address":"0x7fc96c89b4e8", "type":"ARRAY", "class":"0x7fc96c84a048", "length":4, "references":["0x7fc96c89b4c0", "0x7fc96c89b498", "0x7fc96c89b470", "0x7fc96c89b448"], "memsize":160, "flags":{"wb_protected":true, "old":true, "marked":true}}
{"address":"0x7fc96c89b538", "type":"OBJECT", "class":"0x7fc96d077ae0", "ivars":5, "references":["0x7fc96c89b768", "0x7fc96c89b420", "0x7fc96c89b420"], "memsize":40, "flags":{"wb_protected":true, "old":true, "marked":true}}
{"address":"0x7fc96c89b588", "type":"OBJECT", "class":"0x7fc96d077978", "ivars":3, "references":["0x7fc96c89b4e8"], "flags":{"wb_protected":true, "old":true, "marked":true}}
{"address":"0x7fc96c89b6a0", "type":"STRING", "class":"0x7fc96c801668", "frozen":true, "bytesize":76, "value":"/Users/antoine/.rvm/gems/ruby-2.0.0-p247/specifications/hashie-2.0.5.gemspec", "encoding":"UTF-8", "memsize":77, "flags":{"wb_protected":true, "old":true, "marked":true}}
{"address":"0x7fc96c89b6c8", "type":"ARRAY", "class":"0x7fc96c84a048", "length":0, "flags":{"wb_protected":true, "old":true, "marked":true}}
{"address":"0x7fc96c89b6f0", "type":"STRING", "class":"0x7fc96c801668", "frozen":true, "embedded":true, "fstring":true, "bytesize":16, "value":"find_all_by_name", "encoding":"US-ASCII", "flags":{"wb_protected":true, "old":true, "marked":true}}
{"address":"0x7fc96c89b718", "type":"OBJECT", "class":"0x7fc96d077a68", "ivars":14, "references":["0x7fc96c829910", "0x7fc96d067a78", "0x7fc96d067b68", "0x7fc96d067be0", "0x7fc96c89b588", "0x7fc96c89b6c8", "0x7fc96c8382d0", "0x7fc96c8c82e0", "0x7fc96c89b4c0", "0x7fc96c89b240", "0x7fc96d067e88"], "memsize":112, "flags":{"wb_protected":true, "old":true, "marked":true}}
{"address":"0x7fc96c89b740", "type":"STRING", "class":"0x7fc96c801668", "frozen":true, "embedded":true, "bytesize":11, "value":"gosu-0.7.50", "encoding":"UTF-8", "flags":{"wb_protected":true, "old":true, "marked":true}}
{"address":"0x7fc96c89b768", "type":"STRING", "class":"0x7fc96c801668", "embedded":true, "bytesize":13, "value":"activesupport", "encoding":"UTF-8", "flags":{"wb_protected":true, "old":true, "marked":true}}
{"address":"0x7fc96c89b790", "type":"ARRAY", "class":"0x7fc96c84a048", "length":2, "embedded":true, "references":["0x7fc96c89bba0", "0x7fc96c89bb50"], "flags":{"wb_protected":true, "old":true, "marked":true}}
{"address":"0x7fc96c89b7b8", "type":"STRING", "class":"0x7fc96c801668", "frozen":true, "embedded":true, "bytesize":1, "value":",", "encoding":"UTF-8", "flags":{"wb_protected":true, "old":true, "marked":true}}
{"address":"0x7fc96c89b7e0", "type":"STRING", "class":"0x7fc96c801668", "shared":true, "encoding":"US-ASCII", "references":["0x7fc96c8b3868"], "flags":{"wb_protected":true, "old":true, "marked":true}}
{"address":"0x7fc96c89b808", "type":"STRING", "class":"0x7fc96c801668", "shared":true, "encoding":"UTF-8", "references":["0x7fc96c89b880"], "flags":{"wb_protected":true, "old":true, "marked":true}}
{"address":"0x7fc96c89b830", "type":"STRING", "class":"0x7fc96c801668", "embedded":true, "bytesize":5, "value":"2.0.0", "encoding":"UTF-8", "flags":{"wb_protected":true, "old":true, "marked":true}}
{"address":"0x7fc96c89b858", "type":"ARRAY", "class":"0x7fc96c84a048", "length":1, "embedded":true, "references":["0x7fc96c89ba38"], "flags":{"wb_protected":true, "old":true, "marked":true}}
{"address":"0x7fc96c89b880", "type":"STRING", "class":"0x7fc96c801668", "frozen":true, "bytesize":28, "value":"2D game development library.", "encoding":"UTF-8", "memsize":29, "flags":{"wb_protected":true, "old":true, "marked":true}}
{"address":"0x7fc96c89b8d0", "type":"STRING", "class":"0x7fc96c801668", "frozen":true, "embedded":true, "bytesize":18, "value":"RubyToken::TkCOMMA", "encoding":"US-ASCII", "flags":{"wb_protected":true, "old":true, "marked":true}}
{"address":"0x7fc96c89b998", "type":"CLASS", "class":"0x7fc96c802e28", "name":"Class", "references":["0x7fc96c89ba38", "0x7fc96d046800"], "memsize":672, "flags":{"wb_protected":true, "old":true, "marked":true}}
{"address":"0x7fc96c89b9c0", "type":"STRING", "class":"0x7fc96c801668", "frozen":true, "embedded":true, "fstring":true, "bytesize":21, "value":"installed_by_version=", "encoding":"UTF-8", "flags":{"wb_protected":true, "old":true, "marked":true}}
{"address":"0x7fc96c89b9e8", "type":"STRING", "class":"0x7fc96c801668", "embedded":true, "bytesize":5, "value":"2.0.6", "encoding":"UTF-8", "flags":{"wb_protected":true, "old":true, "marked":true}}
{"address":"0x7fc96c89ba10", "type":"ARRAY", "class":"0x7fc96c84a048", "length":1, "embedded":true, "references":["0x7fc96c89ba60"], "flags":{"wb_protected":true, "old":true, "marked":true}}
{"address":"0x7fc96c89ba38", "type":"CLASS", "class":"0x7fc96c89b998", "name":"RubyToken::TkCOMMA", "references":["0x7fc96c89b8d0", "0x7fc96d046828"], "memsize":864, "flags":{"wb_protected":true, "old":true, "marked":true}}
{"address":"0x7fc96c89ba60", "type":"STRING", "class":"0x7fc96c801668", "shared":true, "encoding":"UTF-8", "references":["0x7fc96c8a1780"], "flags":{"wb_protected":true, "old":true, "marked":true}}
{"address":"0x7fc96c89ba88", "type":"ARRAY", "class":"0x7fc96c84a048", "length":2, "embedded":true, "references":["0x7fc96c89bc68", "0x7fc96c89bc18"], "flags":{"wb_protected":true, "old":true, "marked":true}}
{"address":"0x7fc96c89bab0", "type":"STRING", "class":"0x7fc96c801668", "embedded":true, "bytesize":5, "value":"1.8.2", "encoding":"UTF-8", "flags":{"wb_protected":true, "old":true, "marked":true}}
{"address":"0x7fc96c89bb50", "type":"OBJECT", "class":"0x7fc96d040a68", "ivars":3, "references":["0x7fc96c89b830"], "flags":{"wb_protected":true, "old":true, "marked":true}}
{"address":"0x7fc96c89bba0", "type":"STRING", "class":"0x7fc96c801668", "embedded":true, "bytesize":2, "value":">=", "encoding":"UTF-8", "flags":{"wb_protected":true, "old":true, "marked":true}}
{"address":"0x7fc96c89bc18", "type":"OBJECT", "class":"0x7fc96d040a68", "ivars":3, "references":["0x7fc96c89bab0"], "flags":{"wb_protected":true, "old":true, "marked":true}}
{"address":"0x7fc96c89bc68", "type":"STRING", "class":"0x7fc96c801668", "embedded":true, "bytesize":2, "value":">=", "encoding":"UTF-8", "flags":{"wb_protected":true, "old":true, "marked":true}}
{"address":"0x7fc96c89bcb8", "type":"STRING", "class":"0x7fc96c801668", "frozen":true, "embedded":true, "fstring":true, "bytesize":21, "value":"@installed_by_version", "encoding":"US-ASCII", "flags":{"wb_protected":true, "old":true, "marked":true}}
{"address":"0x7fc96c89bd30", "type":"STRING", "class":"0x7fc96c801668", "frozen":true, "embedded":true, "fstring":true, "bytesize":20, "value":"installed_by_version", "encoding":"US-ASCII", "flags":{"wb_protected":true, "old":true, "marked":true}}
{"address":"0x7fc96c89bd80", "type":"ARRAY", "class":"0x7fc96c84a048", "length":1, "embedded":true, "references":["0x7fc96c89b790"], "flags":{"wb_protected":true, "old":true, "marked":true}}
{"address":"0x7fc96c89bdf8", "type":"ARRAY", "class":"0x7fc96c84a048", "length":1, "embedded":true, "references":["0x7fc96c89ba88"], "flags":{"wb_protected":true, "old":true, "marked":true}}
{"address":"0x7fc96c89be20", "type":"OBJECT", "class":"0x7fc96c8c2688", "ivars":3, "references":["0x7fc96c89bd80"], "flags":{"wb_protected":true, "old":true, "marked":true}}
{"address":"0x7fc96c89be70", "type":"STRING", "class":"0x7fc96c801668", "frozen":true, "embedded":true, "fstring":true, "bytesize":1, "value":"x", "encoding":"US-ASCII", "flags":{"wb_protected":true, "old":true, "marked":true}}
{"address":"0x7fc96c89be98", "type":"STRING", "class":"0x7fc96c801668", "frozen":true, "embedded":true, "fstring":true, "bytesize":11, "value":"peek_match?", "encoding":"US-ASCII", "flags":{"wb_protected":true, "old":true, "marked":true}}
{"address":"0x7fc96c89bec0", "type":"OBJECT", "class":"0x7fc96c8c2688", "ivars":3, "references":["0x7fc96c89bdf8"], "flags":{"wb_protected":true, "old":true, "marked":true}}
{"address":"0x7fc96c89bee8", "type":"OBJECT", "class":"0x7fc96d077ae0", "ivars":5, "references":["0x7fc96c8a28b0", "0x7fc96c89be20", "0x7fc96c89be20"], "memsize":40, "flags":{"wb_protected":true, "old":true, "marked":true}}
{"address":"0x7fc96c89bf10", "type":"ARRAY", "class":"0x7fc96c84a048", "length":1, "embedded":true, "references":["0x7fc96c89bf38"], "flags":{"wb_protected":true, "old":true, "marked":true}}
{"address":"0x7fc96c89bf38", "type":"STRING", "class":"0x7fc96c801668", "embedded":true, "bytesize":3, "value":"lib", "encoding":"UTF-8", "flags":{"wb_protected":true, "old":true, "marked":true}}
{"address":"0x7fc96c89bf60", "type":"STRING", "class":"0x7fc96c801668", "embedded":true, "bytesize":23, "value":"http://www.libgosu.org/", "encoding":"UTF-8", "flags":{"wb_protected":true, "old":true, "marked":true}}
{"address":"0x7fc96c89bf88", "type":"ARRAY", "class":"0x7fc96c84a048", "length":1, "embedded":true, "references":["0x7fc96c89bfb0"], "flags":{"wb_protected":true, "old":true, "marked":true}}
{"address":"0x7fc96c89bfb0", "type":"STRING", "class":"0x7fc96c801668", "embedded":true, "bytesize":16, "value":"linux/extconf.rb", "encoding":"UTF-8", "flags":{"wb_protected":true, "old":true, "marked":true}}
{"address":"0x7fc96c8a0010", "type":"ARRAY", "class":"0x7fc96c84a048", "length":1, "embedded":true, "references":["0x7fc96c8a0060"], "flags":{"wb_protected":true, "old":true, "marked":true}}
{"address":"0x7fc96c8a0038", "type":"STRING", "class":"0x7fc96c801668", "frozen":true, "embedded":true, "fstring":true, "bytesize":9, "value":"all_names", "encoding":"US-ASCII", "flags":{"wb_protected":true, "old":true, "marked":true}}
{"address":"0x7fc96c8a0060", "type":"STRING", "class":"0x7fc96c801668", "embedded":true, "bytesize":16, "value":"linux/extconf.rb", "encoding":"UTF-8", "flags":{"wb_protected":true, "old":true, "marked":true}}
{"address":"0x7fc96c8a0088", "type":"STRING", "class":"0x7fc96c801668", "embedded":true, "bytesize":17, "value":"julian@raschke.de", "encoding":"UTF-8", "flags":{"wb_protected":true, "old":true, "marked":true}}
{"address":"0x7fc96c8a00b0", "type":"STRING", "class":"0x7fc96c801668", "shared":true, "encoding":"UTF-8", "references":["0x7fc96c8a18c0"], "flags":{"wb_protected":true, "old":true, "marked":true}}
{"address":"0x7fc96c8a0100", "type":"DATA", "class":"0x7fc96c841150", "struct":"time", "memsize":88, "flags":{"remembered":true}}
{"address":"0x7fc96c8a0150", "type":"OBJECT", "class":"0x7fc96d040a68", "ivars":3, "references":["0x7fc96c8a2590"], "flags":{"wb_protected":true, "old":true, "marked":true}}
{"address":"0x7fc96c8a01a0", "type":"STRING", "class":"0x7fc96c801668", "embedded":true, "bytesize":2, "value":">=", "encoding":"UTF-8", "flags":{"wb_protected":true, "old":true, "marked":true}}
{"address":"0x7fc96c8a02b8", "type":"ARRAY", "class":"0x7fc96c84a048", "length":1, "embedded":true, "references":["0x7fc96c8a0380"], "flags":{"wb_protected":true, "old":true, "marked":true}}
{"address":"0x7fc96c8a02e0", "type":"STRING", "class":"0x7fc96c801668", "frozen":true, "embedded":true, "fstring":true, "bytesize":4, "value":"all=", "encoding":"UTF-8", "flags":{"wb_protected":true, "old":true, "marked":true}}
{"address":"0x7fc96c8a0330", "type":"ARRAY", "class":"0x7fc96c84a048", "length":1, "embedded":true, "references":["0x7fc96c8a2770"], "flags":{"wb_protected":true, "old":true, "marked":true}}
{"address":"0x7fc96c8a0380", "type":"STRING", "class":"0x7fc96c801668", "embedded":true, "bytesize":14, "value":"Julian Raschke", "encoding":"UTF-8", "flags":{"wb_protected":true, "old":true, "marked":true}}
{"address":"0x7fc96c8a03d0", "type":"OBJECT", "class":"0x7fc96c8c2688", "ivars":3, "references":["0x7fc96c8a0330"], "flags":{"wb_protected":true, "old":true, "marked":true}}
{"address":"0x7fc96c8a0420", "type":"STRING", "class":"0x7fc96c801668", "frozen":true, "embedded":true, "bytesize":1, "value":"}", "encoding":"UTF-8", "flags":{"wb_protected":true, "old":true, "marked":true}}
{"address":"0x7fc96c8a0448", "type":"OBJECT", "class":"0x7fc96d077ae0", "ivars":5, "references":["0x7fc96c8a0628", "0x7fc96c8a03d0", "0x7fc96c8a03d0"], "memsize":40, "flags":{"wb_protected":true, "old":true, "marked":true}}
{"address":"0x7fc96c8a0498", "type":"ARRAY", "class":"0x7fc96c84a048", "length":1, "embedded":true, "references":["0x7fc96c8a0678"], "flags":{"wb_protected":true, "old":true, "marked":true}}
{"address":"0x7fc96c8a0510", "type":"ARRAY", "class":"0x7fc96c84a048", "length":1, "embedded":true, "references":["0x7fc96c8c1e90"], "flags":{"wb_protected":true, "old":true, "marked":true}}
{"address":"0x7fc96c8a0538", "type":"STRING", "class":"0x7fc96c801668", "frozen":true, "embedded":true, "bytesize":19, "value":"RubyToken::TkRBRACE", "encoding":"US-ASCII", "flags":{"wb_protected":true, "old":true, "marked":true}}
{"address":"0x7fc96c8a05b0", "type":"OBJECT", "class":"0x7fc96c8c2688", "ivars":3, "references":["0x7fc96c8a0510"], "flags":{"wb_protected":true, "old":true, "marked":true}}
{"address":"0x7fc96c8a05d8", "type":"CLASS", "class":"0x7fc96c802e28", "name":"Class", "references":["0x7fc96c8a0678", "0x7fc96d046800"], "memsize":672, "flags":{"wb_protected":true, "old":true, "marked":true}}
{"address":"0x7fc96c8a0628", "type":"STRING", "class":"0x7fc96c801668", "embedded":true, "bytesize":13, "value":"rake-compiler", "encoding":"UTF-8", "flags":{"wb_protected":true, "old":true, "marked":true}}
{"address":"0x7fc96c8a0650", "type":"STRING", "class":"0x7fc96c801668", "embedded":true, "bytesize":6, "value":"0.7.50", "encoding":"UTF-8", "flags":{"wb_protected":true, "old":true, "marked":true}}
{"address":"0x7fc96c8a0678", "type":"CLASS", "class":"0x7fc96c8a05d8", "name":"RubyToken::TkRBRACE", "references":["0x7fc96c8a0538", "0x7fc96d046828"], "memsize":672, "flags":{"wb_protected":true, "old":true, "marked":true}}
{"address":"0x7fc96c8a06c8", "type":"REGEXP", "class":"0x7fc96c8491e8", "references":["0x7fc96c803b20"], "memsize":484, "flags":{"wb_protected":true, "old":true, "marked":true}}
{"address":"0x7fc96c8a0790", "type":"STRING", "class":"0x7fc96c801668", "frozen":true, "embedded":true, "fstring":true, "bytesize":4, "value":"chrs", "encoding":"US-ASCII", "flags":{"wb_protected":true, "old":true, "marked":true}}
{"address":"0x7fc96c8a0830", "type":"STRING", "class":"0x7fc96c801668", "frozen":true, "embedded":true, "fstring":true, "bytesize":11, "value":"peek_equal?", "encoding":"US-ASCII", "flags":{"wb_protected":true, "old":true, "marked":true}}
{"address":"0x7fc96c8a0858", "type":"OBJECT", "class":"0x7fc96d040a68", "ivars":3, "references":["0x7fc96c8a0650"], "flags":{"wb_protected":true, "old":true, "marked":true}}
{"address":"0x7fc96c8a08a8", "type":"STRING", "class":"0x7fc96c801668", "embedded":true, "bytesize":4, "value":"gosu", "encoding":"UTF-8", "flags":{"wb_protected":true, "old":true, "marked":true}}
{"address":"0x7fc96c8a0920", "type":"STRING", "class":"0x7fc96c801668", "frozen":true, "embedded":true, "fstring":true, "bytesize":3, "value":"all", "encoding":"US-ASCII", "flags":{"wb_protected":true, "old":true, "marked":true}}
{"address":"0x7fc96c8a0948", "type":"ARRAY", "class":"0x7fc96c84a048", "length":0, "flags":{"wb_protected":true, "old":true, "marked":true}}
{"address":"0x7fc96c8a0bf0", "type":"STRING", "class":"0x7fc96c801668", "frozen":true, "embedded":true, "fstring":true, "bytesize":11, "value":"DEBUG_LEVEL", "encoding":"US-ASCII", "flags":{"wb_protected":true, "old":true, "marked":true}}
{"address":"0x7fc96c8a0c90", "type":"ARRAY", "class":"0x7fc96c84a048", "length":0, "flags":{"wb_protected":true, "old":true, "marked":true}}
{"address":"0x7fc96c8a0d08", "type":"STRING", "class":"0x7fc96c801668", "embedded":true, "bytesize":4, "value":"ruby", "encoding":"UTF-8", "flags":{"wb_protected":true, "old":true, "marked":true}}
{"address":"0x7fc96c8a0d80", "type":"HASH", "class":"0x7fc96c849918", "size":0, "flags":{"wb_protected":true, "old":true, "marked":true}}
{"address":"0x7fc96c8a0df8", "type":"ARRAY", "class":"0x7fc96c84a048", "length":0, "flags":{"wb_protected":true, "old":true, "marked":true}}
{"address":"0x7fc96c8a0ee8", "type":"ARRAY", "class":"0x7fc96c84a048", "length":0, "flags":{"wb_protected":true, "old":true, "marked":true}}
{"address":"0x7fc96c8a0fd8", "type":"STRING", "class":"0x7fc96c801668", "frozen":true, "embedded":true, "fstring":true, "bytesize":9, "value":"add_specs", "encoding":"US-ASCII", "flags":{"wb_protected":true, "old":true, "marked":true}}
{"address":"0x7fc96c8a1000", "type":"ARRAY", "class":"0x7fc96c84a048", "length":0, "flags":{"wb_protected":true, "old":true, "marked":true}}
{"address":"0x7fc96c8a1078", "type":"ARRAY", "class":"0x7fc96c84a048", "length":0, "flags":{"wb_protected":true, "old":true, "marked":true}}
{"address":"0x7fc96c8a1140", "type":"ARRAY", "class":"0x7fc96c84a048", "length":0, "flags":{"wb_protected":true, "old":true, "marked":true}}
{"address":"0x7fc96c8a1168", "type":"STRING", "class":"0x7fc96c801668", "shared":true, "encoding":"UTF-8", "references":["0x7fc96c8a11e0"], "flags":{"wb_protected":true, "old":true, "marked":true}}
{"address":"0x7fc96c8a11b8", "type":"STRING", "class":"0x7fc96c801668", "embedded":true, "bytesize":3, "value":"bin", "encoding":"UTF-8", "flags":{"wb_protected":true, "old":true, "marked":true}}
{"address":"0x7fc96c8a11e0", "type":"STRING", "class":"0x7fc96c801668", "frozen":true, "bytesize":71, "value":"Ruby C bindings to the excellent Yajl JSON stream-based parser library.", "encoding":"UTF-8", "memsize":72, "flags":{"wb_protected":true, "old":true, "marked":true}}
{"address":"0x7fc96c8a1258", "type":"STRING", "class":"0x7fc96c801668", "frozen":true, "embedded":true, "fstring":true, "bytesize":6, "value":"Locale", "encoding":"US-ASCII", "flags":{"wb_protected":true, "old":true, "marked":true}}
{"address":"0x7fc96c8a12f8", "type":"STRING", "class":"0x7fc96c801668", "embedded":true, "bytesize":5, "value":"2.0.6", "encoding":"UTF-8", "flags":{"wb_protected":true, "old":true, "marked":true}}
{"address":"0x7fc96c8a1320", "type":"ARRAY", "class":"0x7fc96c84a048", "length":2, "embedded":true, "references":["0x7fc96c8a1528", "0x7fc96c8a14d8"], "flags":{"wb_protected":true, "old":true, "marked":true}}
{"address":"0x7fc96c8a1348", "type":"STRING", "class":"0x7fc96c801668", "embedded":true, "bytesize":5, "value":"1.8.6", "encoding":"UTF-8", "flags":{"wb_protected":true, "old":true, "marked":true}}
{"address":"0x7fc96c8a1488", "type":"STRING", "class":"0x7fc96c801668", "frozen":true, "embedded":true, "fstring":true, "bytesize":5, "value":"dirs=", "encoding":"UTF-8", "flags":{"wb_protected":true, "old":true, "marked":true}}
{"address":"0x7fc96c8a14d8", "type":"OBJECT", "class":"0x7fc96d040a68", "ivars":3, "references":["0x7fc96c8a1348"], "flags":{"wb_protected":true, "old":true, "marked":true}}
{"address":"0x7fc96c8a1528", "type":"STRING", "class":"0x7fc96c801668", "embedded":true, "bytesize":2, "value":">=", "encoding":"UTF-8", "flags":{"wb_protected":true, "old":true, "marked":true}}
{"address":"0x7fc96c8a15c8", "type":"OBJECT", "class":"0x7fc96d074e30", "ivars":50, "references":["0x7fc96c89b7e0", "0x7fc96c8b1270", "0x7fc96c8b13d8", "0x7fc96c8b1748", "0x7fc96c8b1810", "0x7fc96c8b1888", "0x7fc96c8b2ad0", "0x7fc96c8a00b0", "0x7fc96c8a0088", "0x7fc96c89bf60", "0x7fc96c8a08a8", "0x7fc96c89b808", "0x7fc96c8a0858", "0x7fc96c8a02b8", "0x7fc96c8a11b8", "0x7fc96c8a1140", "0x7fc96c8a0100", "0x7fc96c8a1078", "0x7fc96c8a1000", "0x7fc96c8a0010", "0x7fc96c8a0ee8", "0x7fc96c89bf88", "0x7fc96c8a0df8", "0x7fc96c8a0d80", "0x7fc96c8a0d08", "0x7fc96c8a0c90", "0x7fc96c89bf10", "0x7fc96c89bec0", "0x7fc96c8a05b0", "0x7fc96c89ba10", "0x7fc96c89b9e8", "0x7fc96c8a0948", "0x7fc96c8c82e0", "0x7fc96d06d158"], "memsize":400, "flags":{"wb_protected":true, "old":true, "marked":true}}
{"address":"0x7fc96c8a1668", "type":"STRING", "class":"0x7fc96c801668", "frozen":true, "embedded":true, "bytesize":1, "value":"]", "encoding":"UTF-8", "flags":{"wb_protected":true, "old":true, "marked":true}}
{"address":"0x7fc96c8a16b8", "type":"ARRAY", "class":"0x7fc96c84a048", "length":1, "embedded":true, "references":["0x7fc96c8a1848"], "flags":{"wb_protected":true, "old":true, "marked":true}}
{"address":"0x7fc96c8a16e0", "type":"STRING", "class":"0x7fc96c801668", "frozen":true, "embedded":true, "fstring":true, "bytesize":11, "value":"LC_MESSAGES", "encoding":"US-ASCII", "flags":{"wb_protected":true, "old":true, "marked":true}}
{"address":"0x7fc96c8a1708", "type":"ARRAY", "class":"0x7fc96c84a048", "length":1, "embedded":true, "references":["0x7fc96c8a1320"], "flags":{"wb_protected":true, "old":true, "marked":true}}
{"address":"0x7fc96c8a1780", "type":"STRING", "class":"0x7fc96c801668", "frozen":true, "fstring":true, "bytesize":62, "value":"See https://github.com/jlnr/gosu/wiki/Getting-Started-on-Linux", "encoding":"UTF-8", "memsize":63, "flags":{"wb_protected":true, "old":true, "marked":true}}
{"address":"0x7fc96c8a17a8", "type":"STRING", "class":"0x7fc96c801668", "frozen":true, "embedded":true, "bytesize":19, "value":"RubyToken::TkRBRACK", "encoding":"US-ASCII", "flags":{"wb_protected":true, "old":true, "marked":true}}
{"address":"0x7fc96c8a17d0", "type":"STRING", "class":"0x7fc96c801668", "frozen":true, "embedded":true, "fstring":true, "bytesize":2, "value":"c2", "encoding":"US-ASCII", "flags":{"wb_protected":true, "old":true, "marked":true}}
{"address":"0x7fc96c8a17f8", "type":"OBJECT", "class":"0x7fc96c8c2688", "ivars":3, "references":["0x7fc96c8a1708"], "flags":{"wb_protected":true, "old":true, "marked":true}}
{"address":"0x7fc96c8a1820", "type":"CLASS", "class":"0x7fc96c802e28", "name":"Class", "references":["0x7fc96c8a1848", "0x7fc96d046800"], "memsize":672, "flags":{"wb_protected":true, "old":true, "marked":true}}
{"address":"0x7fc96c8a1848", "type":"CLASS", "class":"0x7fc96c8a1820", "name":"RubyToken::TkRBRACK", "references":["0x7fc96c8a17a8", "0x7fc96d046828"], "memsize":672, "flags":{"wb_protected":true, "old":true, "marked":true}}
{"address":"0x7fc96c8a1898", "type":"ARRAY", "class":"0x7fc96c84a048", "length":1, "embedded":true, "references":["0x7fc96c8a18e8"], "flags":{"wb_protected":true, "old":true, "marked":true}}
{"address":"0x7fc96c8a18c0", "type":"STRING", "class":"0x7fc96c801668", "frozen":true, "fstring":true, "bytesize":300, "value":"  2D game development library.\n\n  Gosu features easy to use and game-friendly interfaces to 2D graphics\n  and text (accelerated by 3D hardware), sound samples and music as well as\n  keyboard, mouse and gamepad/joystick input.\n\n  Also includes demos for integration with RMagick, Chipmunk and OpenGL.\n", "encoding":"UTF-8", "memsize":301, "flags":{"wb_protected":true, "old":true, "marked":true}}
{"address":"0x7fc96c8a18e8", "type":"STRING", "class":"0x7fc96c801668", "embedded":true, "bytesize":3, "value":"lib", "encoding":"UTF-8", "flags":{"wb_protected":true, "old":true, "marked":true}}
{"address":"0x7fc96c8a1910", "type":"STRING", "class":"0x7fc96c801668", "shared":true, "encoding":"UTF-8", "references":["0x7fc96c8a33a0"], "flags":{"wb_protected":true, "old":true, "marked":true}}
{"address":"0x7fc96c8a1938", "type":"ARRAY", "class":"0x7fc96c84a048", "length":1, "embedded":true, "references":["0x7fc96c8a1960"], "flags":{"wb_protected":true, "old":true, "marked":true}}
{"address":"0x7fc96c8a1960", "type":"STRING", "class":"0x7fc96c801668", "embedded":true, "bytesize":19, "value":"ext/yajl/extconf.rb", "encoding":"UTF-8", "flags":{"wb_protected":true, "old":true, "marked":true}}
{"address":"0x7fc96c8a1988", "type":"STRING", "class":"0x7fc96c801668", "frozen":true, "embedded":true, "fstring":true, "bytesize":8, "value":"add_spec", "encoding":"US-ASCII", "flags":{"wb_protected":true, "old":true, "marked":true}}
{"address":"0x7fc96c8a19b0", "type":"ARRAY", "class":"0x7fc96c84a048", "length":1, "embedded":true, "references":["0x7fc96c8a19d8"], "flags":{"wb_protected":true, "old":true, "marked":true}}
{"address":"0x7fc96c8a19d8", "type":"STRING", "class":"0x7fc96c801668", "embedded":true, "bytesize":19, "value":"ext/yajl/extconf.rb", "encoding":"UTF-8", "flags":{"wb_protected":true, "old":true, "marked":true}}
{"address":"0x7fc96c8a1a00", "type":"STRING", "class":"0x7fc96c801668", "embedded":true, "bytesize":21, "value":"seniorlopez@gmail.com", "encoding":"UTF-8", "flags":{"wb_protected":true, "old":true, "marked":true}}
{"address":"0x7fc96c8a1a50", "type":"DATA", "class":"0x7fc96c841150", "struct":"time", "memsize":88, "flags":{"remembered":true}}
{"address":"0x7fc96c8a1c30", "type":"ARRAY", "class":"0x7fc96c84a048", "length":2, "embedded":true, "references":["0x7fc96c8a1d20", "0x7fc96c8a1cf8"], "flags":{"wb_protected":true, "old":true, "marked":true}}
{"address":"0x7fc96c8a1ca8", "type":"STRING", "class":"0x7fc96c801668", "frozen":true, "embedded":true, "fstring":true, "bytesize":13, "value":"getc_of_rests", "encoding":"US-ASCII", "flags":{"wb_protected":true, "old":true, "marked":true}}
{"address":"0x7fc96c8a1cf8", "type":"STRING", "class":"0x7fc96c801668", "embedded":true, "bytesize":13, "value":"Lloyd Hilaiel", "encoding":"UTF-8", "flags":{"wb_protected":true, "old":true, "marked":true}}
{"address":"0x7fc96c8a1d20", "type":"STRING", "class":"0x7fc96c801668", "embedded":true, "bytesize":11, "value":"Brian Lopez", "encoding":"UTF-8", "flags":{"wb_protected":true, "old":true, "marked":true}}
{"address":"0x7fc96c8a1e88", "type":"ARRAY", "class":"0x7fc96c84a048", "length":1, "embedded":true, "references":["0x7fc96c8c1e90"], "flags":{"wb_protected":true, "old":true, "marked":true}}
{"address":"0x7fc96c8a1f28", "type":"OBJECT", "class":"0x7fc96c8c2688", "ivars":3, "references":["0x7fc96c8a1e88"], "flags":{"wb_protected":true, "old":true, "marked":true}}
{"address":"0x7fc96c8a1fa0", "type":"STRING", "class":"0x7fc96c801668", "embedded":true, "bytesize":5, "value":"1.1.0", "encoding":"UTF-8", "flags":{"wb_protected":true, "old":true, "marked":true}}
{"address":"0x7fc96c8a20b8", "type":"STRING", "class":"0x7fc96c801668", "frozen":true, "embedded":true, "fstring":true, "bytesize":6, "value":"@@dirs", "encoding":"US-ASCII", "flags":{"wb_protected":true, "old":true, "marked":true}}
{"address":"0x7fc96c8a2158", "type":"OBJECT", "class":"0x7fc96d040a68", "ivars":3, "references":["0x7fc96c8a1fa0"], "flags":{"wb_protected":true, "old":true, "marked":true}}
{"address":"0x7fc96c8a21a8", "type":"STRING", "class":"0x7fc96c801668", "embedded":true, "bytesize":9, "value":"yajl-ruby", "encoding":"UTF-8", "flags":{"wb_protected":true, "old":true, "marked":true}}
{"address":"0x7fc96c8a2220", "type":"ARRAY", "class":"0x7fc96c84a048", "length":0, "flags":{"wb_protected":true, "old":true, "marked":true}}
{"address":"0x7fc96c8a23b0", "type":"ARRAY", "class":"0x7fc96c84a048", "length":0, "flags":{"wb_protected":true, "old":true, "marked":true}}
{"address":"0x7fc96c8a2400", "type":"STRING", "class":"0x7fc96c801668", "frozen":true, "embedded":true, "fstring":true, "bytesize":10, "value":"SINGLE_IRB", "encoding":"US-ASCII", "flags":{"wb_protected":true, "old":true, "marked":true}}
{"address":"0x7fc96c8a24a0", "type":"STRING", "class":"0x7fc96c801668", "frozen":true, "embedded":true, "fstring":true, "bytesize":1, "value":"a", "encoding":"US-ASCII", "flags":{"wb_protected":true, "old":true, "marked":true}}
{"address":"0x7fc96c8a24c8", "type":"STRING", "class":"0x7fc96c801668", "frozen":true, "embedded":true, "bytesize":1, "value":")", "encoding":"UTF-8", "flags":{"wb_protected":true, "old":true, "marked":true}}
{"address":"0x7fc96c8a2518", "type":"ARRAY", "class":"0x7fc96c84a048", "length":1, "embedded":true, "references":["0x7fc96c8a2720"], "flags":{"wb_protected":true, "old":true, "marked":true}}
{"address":"0x7fc96c8a2590", "type":"STRING", "class":"0x7fc96c801668", "embedded":true, "bytesize":5, "value":"0.7.5", "encoding":"UTF-8", "flags":{"wb_protected":true, "old":true, "marked":true}}
{"address":"0x7fc96c8a25b8", "type":"STRING", "class":"0x7fc96c801668", "frozen":true, "embedded":true, "bytesize":19, "value":"RubyToken::TkRPAREN", "encoding":"US-ASCII", "flags":{"wb_protected":true, "old":true, "marked":true}}
{"address":"0x7fc96c8a2680", "type":"ARRAY", "class":"0x7fc96c84a048", "length":0, "flags":{"wb_protected":true, "old":true, "marked":true}}
{"address":"0x7fc96c8a26a8", "type":"CLASS", "class":"0x7fc96c802e28", "name":"Class", "references":["0x7fc96c8a2720", "0x7fc96d046800"], "memsize":672, "flags":{"wb_protected":true, "old":true, "marked":true}}
{"address":"0x7fc96c8a2720", "type":"CLASS", "class":"0x7fc96c8a26a8", "name":"RubyToken::TkRPAREN", "references":["0x7fc96c8a25b8", "0x7fc96d046828"], "memsize":864, "flags":{"wb_protected":true, "old":true, "marked":true}}
{"address":"0x7fc96c8a2748", "type":"STRING", "class":"0x7fc96c801668", "embedded":true, "bytesize":4, "value":"ruby", "encoding":"UTF-8", "flags":{"wb_protected":true, "old":true, "marked":true}}
{"address":"0x7fc96c8a2770", "type":"ARRAY", "class":"0x7fc96c84a048", "length":2, "embedded":true, "references":["0x7fc96c8a01a0", "0x7fc96c8a0150"], "flags":{"wb_protected":true, "old":true, "marked":true}}
{"address":"0x7fc96c8a27e8", "type":"HASH", "class":"0x7fc96c849918", "size":0, "flags":{"wb_protected":true, "old":true, "marked":true}}
{"address":"0x7fc96c8a2860", "type":"ARRAY", "class":"0x7fc96c84a048", "length":0, "flags":{"wb_protected":true, "old":true, "marked":true}}
{"address":"0x7fc96c8a28b0", "type":"STRING", "class":"0x7fc96c801668", "embedded":true, "bytesize":5, "value":"rspec", "encoding":"UTF-8", "flags":{"wb_protected":true, "old":true, "marked":true}}
{"address":"0x7fc96c8a2978", "type":"ARRAY", "class":"0x7fc96c84a048", "length":0, "flags":{"wb_protected":true, "old":true, "marked":true}}
{"address":"0x7fc96c8a2a90", "type":"STRING", "class":"0x7fc96c801668", "frozen":true, "embedded":true, "fstring":true, "bytesize":15, "value":"attribute_names", "encoding":"US-ASCII", "flags":{"wb_protected":true, "old":true, "marked":true}}
{"address":"0x7fc96c8a2ab8", "type":"ARRAY", "class":"0x7fc96c84a048", "length":0, "flags":{"wb_protected":true, "old":true, "marked":true}}
{"address":"0x7fc96c8a2b08", "type":"STRING", "class":"0x7fc96c801668", "frozen":true, "embedded":true, "fstring":true, "bytesize":9, "value":"full_name", "encoding":"US-ASCII", "flags":{"wb_protected":true, "old":true, "marked":true}}
{"address":"0x7fc96c8a2b58", "type":"ARRAY", "class":"0x7fc96c84a048", "length":4, "references":["0x7fc96c8a0448", "0x7fc96c89bee8", "0x7fc96c89b538", "0x7fc96c89b0b0"], "memsize":160, "flags":{"wb_protected":true, "old":true, "marked":true}}
{"address":"0x7fc96c8a2c48", "type":"ARRAY", "class":"0x7fc96c84a048", "length":0, "flags":{"wb_protected":true, "old":true, "marked":true}}
{"address":"0x7fc96c8a2cc0", "type":"STRING", "class":"0x7fc96c801668", "embedded":true, "bytesize":3, "value":"bin", "encoding":"UTF-8", "flags":{"wb_protected":true, "old":true, "marked":true}}
{"address":"0x7fc96c8a2ce8", "type":"STRING", "class":"0x7fc96c801668", "frozen":true, "fstring":true, "bytesize":26, "value":"default_specifications_dir", "encoding":"US-ASCII", "memsize":27, "flags":{"wb_protected":true, "old":true, "marked":true}}
{"address":"0x7fc96c8a2db0", "type":"STRING", "class":"0x7fc96c801668", "frozen":true, "embedded":true, "fstring":true, "bytesize":12, "value":"CONTEXT_MODE", "encoding":"US-ASCII", "flags":{"wb_protected":true, "old":true, "marked":true}}
{"address":"0x7fc96c8a2e00", "type":"STRING", "class":"0x7fc96c801668", "frozen":true, "embedded":true, "fstring":true, "bytesize":7, "value":"@@stubs", "encoding":"US-ASCII", "flags":{"wb_protected":true, "old":true, "marked":true}}
{"address":"0x7fc96c8a3148", "type":"OBJECT", "class":"0x7fc96d074e30", "ivars":50, "references":["0x7fc96c89ad68", "0x7fc96c8a3828", "0x7fc96c8a39b8", "0x7fc96c8a3dc8", "0x7fc96c8a3eb8", "0x7fc96c8a3f80", "0x7fc96d80ca08", "0x7fc96c8a1a00", "0x7fc96c8a1910", "0x7fc96c8a21a8", "0x7fc96c8a1168", "0x7fc96c8a2158", "0x7fc96c8a1c30", "0x7fc96c8a2cc0", "0x7fc96c8a2c48", "0x7fc96c8a1a50", "0x7fc96c8a2b58", "0x7fc96c8a2ab8", "0x7fc96c8a19b0", "0x7fc96c8a2978", "0x7fc96c8a1938", "0x7fc96c8a2860", "0x7fc96c8a27e8", "0x7fc96c8a2748", "0x7fc96c8a2680", "0x7fc96c8a1898", "0x7fc96c8a17f8", "0x7fc96c8a1f28", "0x7fc96c8a23b0", "0x7fc96c8a12f8", "0x7fc96c8a2220", "0x7fc96c8c82e0", "0x7fc96d0297a0"], "memsize":400, "flags":{"wb_protected":true, "old":true, "marked":true}}
{"address":"0x7fc96c8a33a0", "type":"STRING", "class":"0x7fc96c801668", "frozen":true, "fstring":true, "bytesize":38, "value":"http://github.com/brianmario/yajl-ruby", "encoding":"UTF-8", "memsize":39, "flags":{"wb_protected":true, "old":true, "marked":true}}
{"address":"0x7fc96c8a33c8", "type":"STRING", "class":"0x7fc96c801668", "frozen":true, "embedded":true, "fstring":true, "bytesize":16, "value":"array_attributes", "encoding":"US-ASCII", "flags":{"wb_protected":true, "old":true, "marked":true}}
{"address":"0x7fc96c8a33f0", "type":"STRING", "class":"0x7fc96c801668", "frozen":true, "embedded":true, "fstring":true, "bytesize":9, "value":"each_spec", "encoding":"US-ASCII", "flags":{"wb_protected":true, "old":true, "marked":true}}
{"address":"0x7fc96c8a3508", "type":"STRING", "class":"0x7fc96c801668", "frozen":true, "embedded":true, "bytesize":1, "value":"{", "encoding":"UTF-8", "flags":{"wb_protected":true, "old":true, "marked":true}}
{"address":"0x7fc96c8a3580", "type":"ARRAY", "class":"0x7fc96c84a048", "length":1, "embedded":true, "references":["0x7fc96c8a3738"], "flags":{"wb_protected":true, "old":true, "marked":true}}
{"address":"0x7fc96c8a35a8", "type":"STRING", "class":"0x7fc96c801668", "frozen":true, "embedded":true, "fstring":true, "bytesize":9, "value":"buf_input", "encoding":"US-ASCII", "flags":{"wb_protected":true, "old":true, "marked":true}}
{"address":"0x7fc96c8a3648", "type":"STRING", "class":"0x7fc96c801668", "frozen":true, "embedded":true, "fstring":true, "bytesize":6, "value":"valid?", "encoding":"US-ASCII", "flags":{"wb_protected":true, "old":true, "marked":true}}
{"address":"0x7fc96c8a36c0", "type":"STRING", "class":"0x7fc96c801668", "frozen":true, "embedded":true, "bytesize":19, "value":"RubyToken::TkLBRACE", "encoding":"US-ASCII", "flags":{"wb_protected":true, "old":true, "marked":true}}
{"address":"0x7fc96c8a3710", "type":"CLASS", "class":"0x7fc96c802e28", "name":"Class", "references":["0x7fc96c8a3738", "0x7fc96d046800"], "memsize":672, "flags":{"wb_protected":true, "old":true, "marked":true}}
{"address":"0x7fc96c8a3738", "type":"CLASS", "class":"0x7fc96c8a3710", "name":"RubyToken::TkLBRACE", "references":["0x7fc96c8a36c0", "0x7fc96d046828"], "memsize":672, "flags":{"wb_protected":true, "old":true, "marked":true}}
{"address":"0x7fc96c8a3760", "type":"STRING", "class":"0x7fc96c801668", "frozen":true, "bytesize":90, "capacity":1026, "value":"/Users/antoine/.rvm/gems/ruby-2.0.0-p247/extensions/x86_64-darwin-13/2.1.0/yajl-ruby-1.1.0", "encoding":"US-ASCII", "memsize":1027, "flags":{"wb_protected":true, "old":true, "marked":true}}
{"address":"0x7fc96c8a37d8", "type":"STRING", "class":"0x7fc96c801668", "frozen":true, "embedded":true, "fstring":true, "bytesize":17, "value":"StubSpecification", "encoding":"US-ASCII", "flags":{"wb_protected":true, "old":true, "marked":true}}
{"address":"0x7fc96c8a3828", "type":"STRING", "class":"0x7fc96c801668", "shared":true, "encoding":"US-ASCII", "references":["0x7fc96c8a3760"], "flags":{"wb_protected":true, "old":true, "marked":true}}
{"address":"0x7fc96c8a3850", "type":"STRING", "class":"0x7fc96c801668", "frozen":true, "embedded":true, "fstring":true, "bytesize":4, "value":"stub", "encoding":"US-ASCII", "flags":{"wb_protected":true, "old":true, "marked":true}}
{"address":"0x7fc96c8a38f0", "type":"STRING", "class":"0x7fc96c801668", "frozen":true, "bytesize":75, "value":"/Users/antoine/.rvm/gems/ruby-2.0.0-p247/specifications/gosu-0.7.50.gemspec", "encoding":"UTF-8", "memsize":76, "flags":{"wb_protected":true, "old":true, "marked":true}}
{"address":"0x7fc96c8a3918", "type":"ARRAY", "class":"0x7fc96c84a048", "length":0, "flags":{"wb_protected":true, "old":true, "marked":true}}
{"address":"0x7fc96c8a3940", "type":"OBJECT", "class":"0x7fc96d077a68", "ivars":14, "references":["0x7fc96c829a50", "0x7fc96d06ca00", "0x7fc96d06cb90", "0x7fc96d06cc30", "0x7fc96c8a15c8", "0x7fc96c8a3918", "0x7fc96c8a15c8", "0x7fc96c8c82e0", "0x7fc96c8a08a8", "0x7fc96c8a0858", "0x7fc96d06d0b8"], "memsize":112, "flags":{"wb_protected":true, "old":true, "marked":true}}
{"address":"0x7fc96c8a3968", "type":"STRING", "class":"0x7fc96c801668", "frozen":true, "embedded":true, "bytesize":9, "value":"ffi-0.6.4", "encoding":"UTF-8", "flags":{"wb_protected":true, "old":true, "marked":true}}
{"address":"0x7fc96c8a39b8", "type":"STRING", "class":"0x7fc96c801668", "bytesize":74, "capacity":128, "value":"/Users/antoine/.rvm/gems/ruby-2.0.0-p247/extensions/x86_64-darwin-13/2.1.0", "encoding":"US-ASCII", "memsize":129, "flags":{"wb_protected":true, "old":true, "marked":true}}
{"address":"0x7fc96c8a39e0", "type":"STRING", "class":"0x7fc96c801668", "frozen":true, "embedded":true, "fstring":true, "bytesize":9, "value":"each_stub", "encoding":"US-ASCII", "flags":{"wb_protected":true, "old":true, "marked":true}}
{"address":"0x7fc96c8a3a08", "type":"STRING", "class":"0x7fc96c801668", "shared":true, "encoding":"US-ASCII", "references":["0x7fc96c8bad20"], "flags":{"wb_protected":true, "old":true, "marked":true}}
{"address":"0x7fc96c8a3b48", "type":"ARRAY", "class":"0x7fc96c84a048", "length":1, "embedded":true, "references":["0x7fc96c8c1e90"], "flags":{"wb_protected":true, "old":true, "marked":true}}
{"address":"0x7fc96c8a3bc0", "type":"OBJECT", "class":"0x7fc96c8c2688", "ivars":3, "references":["0x7fc96c8a3b48"], "flags":{"wb_protected":true, "old":true, "marked":true}}
{"address":"0x7fc96c8a3c10", "type":"OBJECT", "class":"0x7fc96d077ae0", "ivars":5, "references":["0x7fc96c8a3d50", "0x7fc96c8a3bc0", "0x7fc96c8a3bc0"], "memsize":40, "flags":{"wb_protected":true, "old":true, "marked":true}}
{"address":"0x7fc96c8a3c38", "type":"STRING", "class":"0x7fc96c801668", "frozen":true, "embedded":true, "fstring":true, "bytesize":6, "value":"readed", "encoding":"US-ASCII", "flags":{"wb_protected":true, "old":true, "marked":true}}
{"address":"0x7fc96c8a3d28", "type":"STRING", "class":"0x7fc96c801668", "frozen":true, "bytesize":61, "capacity":1026, "value":"/Users/antoine/.rvm/gems/ruby-2.0.0-p247/gems/yajl-ruby-1.1.0", "encoding":"US-ASCII", "memsize":1027, "flags":{"wb_protected":true, "old":true, "marked":true}}
{"address":"0x7fc96c8a3d50", "type":"STRING", "class":"0x7fc96c801668", "embedded":true, "bytesize":5, "value":"rspec", "encoding":"UTF-8", "flags":{"wb_protected":true, "old":true, "marked":true}}
{"address":"0x7fc96c8a3d78", "type":"ARRAY", "class":"0x7fc96c84a048", "length":2, "embedded":true, "references":["0x7fc96c8a3f58", "0x7fc96c8a3f08"], "flags":{"wb_protected":true, "old":true, "marked":true}}
{"address":"0x7fc96c8a3da0", "type":"STRING", "class":"0x7fc96c801668", "embedded":true, "bytesize":5, "value":"0.6.0", "encoding":"UTF-8", "flags":{"wb_protected":true, "old":true, "marked":true}}
{"address":"0x7fc96c8a3dc8", "type":"STRING", "class":"0x7fc96c801668", "shared":true, "encoding":"US-ASCII", "references":["0x7fc96c8a3d28"], "flags":{"wb_protected":true, "old":true, "marked":true}}
{"address":"0x7fc96c8a3eb8", "type":"STRING", "class":"0x7fc96c801668", "bytesize":45, "capacity":128, "value":"/Users/antoine/.rvm/gems/ruby-2.0.0-p247/gems", "encoding":"US-ASCII", "memsize":129, "flags":{"wb_protected":true, "old":true, "marked":true}}
{"address":"0x7fc96c8a3f08", "type":"OBJECT", "class":"0x7fc96d040a68", "ivars":3, "references":["0x7fc96c8a3da0"], "flags":{"wb_protected":true, "old":true, "marked":true}}
{"address":"0x7fc96c8a3f58", "type":"STRING", "class":"0x7fc96c801668", "embedded":true, "bytesize":2, "value":">=", "encoding":"UTF-8", "flags":{"wb_protected":true, "old":true, "marked":true}}
{"address":"0x7fc96c8a3f80", "type":"STRING", "class":"0x7fc96c801668", "bytesize":40, "value":"/Users/antoine/.rvm/gems/ruby-2.0.0-p247", "encoding":"US-ASCII", "memsize":41, "flags":{"wb_protected":true, "old":true, "marked":true}}
{"address":"0x7fc96c8a8058", "type":"STRING", "class":"0x7fc96c801668", "bytesize":53, "capacity":128, "value":"/usr/local/Cellar/ruby/2.1.1/lib/ruby/gems/2.1.0/gems", "encoding":"US-ASCII", "memsize":129, "flags":{"wb_protected":true, "old":true, "marked":true}}
{"address":"0x7fc96c8a8080", "type":"STRING", "class":"0x7fc96c801668", "bytesize":48, "value":"/usr/local/Cellar/ruby/2.1.1/lib/ruby/gems/2.1.0", "encoding":"US-ASCII", "memsize":49, "flags":{"wb_protected":true, "old":true, "marked":true}}
{"address":"0x7fc96c8a80d0", "type":"OBJECT", "class":"0x7fc96d040a68", "ivars":3, "references":["0x7fc96d043f10"], "flags":{"wb_protected":true, "old":true, "marked":true}}
{"address":"0x7fc96c8a8120", "type":"STRING", "class":"0x7fc96c801668", "embedded":true, "bytesize":2, "value":">=", "encoding":"UTF-8", "flags":{"wb_protected":true, "old":true, "marked":true}}
{"address":"0x7fc96c8a8260", "type":"ARRAY", "class":"0x7fc96c84a048", "length":2, "embedded":true, "references":["0x7fc96c8a8440", "0x7fc96c8a83f0"], "flags":{"wb_protected":true, "old":true, "marked":true}}
{"address":"0x7fc96c8a8288", "type":"STRING", "class":"0x7fc96c801668", "embedded":true, "bytesize":5, "value":"1.7.0", "encoding":"UTF-8", "flags":{"wb_protected":true, "old":true, "marked":true}}
{"address":"0x7fc96c8a82d8", "type":"STRING", "class":"0x7fc96c801668", "embedded":true, "bytesize":10, "value":"json-1.8.1", "encoding":"UTF-8", "flags":{"wb_protected":true, "old":true, "marked":true}}
{"address":"0x7fc96c8a83f0", "type":"OBJECT", "class":"0x7fc96d040a68", "ivars":3, "references":["0x7fc96c8a8288"], "flags":{"wb_protected":true, "old":true, "marked":true}}
{"address":"0x7fc96c8a8440", "type":"STRING", "class":"0x7fc96c801668", "embedded":true, "bytesize":1, "value":"<", "encoding":"UTF-8", "flags":{"wb_protected":true, "old":true, "marked":true}}
{"address":"0x7fc96c8a85a8", "type":"ARRAY", "class":"0x7fc96c84a048", "length":2, "embedded":true, "references":["0x7fc96c8a8260", "0x7fc96d043ec0"], "flags":{"wb_protected":true, "old":true, "marked":true}}
{"address":"0x7fc96c8a8620", "type":"OBJECT", "class":"0x7fc96c8c2688", "ivars":3, "references":["0x7fc96c8a85a8"], "flags":{"wb_protected":true, "old":true, "marked":true}}
{"address":"0x7fc96c8a8670", "type":"OBJECT", "class":"0x7fc96d077ae0", "ivars":5, "references":["0x7fc96c8a87b0", "0x7fc96c8a8620", "0x7fc96c8a8620"], "memsize":40, "flags":{"wb_protected":true, "old":true, "marked":true}}
{"address":"0x7fc96c8a8698", "type":"STRING", "class":"0x7fc96c801668", "frozen":true, "bytesize":90, "capacity":1026, "value":"/usr/local/Cellar/ruby/2.1.1/lib/ruby/gems/2.1.0/specifications/default/json-1.8.1.gemspec", "encoding":"US-ASCII", "memsize":1027, "flags":{"wb_protected":true, "old":true, "marked":true}}
{"address":"0x7fc96c8a87b0", "type":"STRING", "class":"0x7fc96c801668", "embedded":true, "bytesize":11, "value":"rest-client", "encoding":"UTF-8", "flags":{"wb_protected":true, "old":true, "marked":true}}
{"address":"0x7fc96c8a87d8", "type":"ARRAY", "class":"0x7fc96c84a048", "length":2, "embedded":true, "references":["0x7fc96c8a89b8", "0x7fc96c8a8968"], "flags":{"wb_protected":true, "old":true, "marked":true}}
{"address":"0x7fc96c8a8800", "type":"STRING", "class":"0x7fc96c801668", "embedded":true, "bytesize":5, "value":"0.6.0", "encoding":"UTF-8", "flags":{"wb_protected":true, "old":true, "marked":true}}
{"address":"0x7fc96c8a8968", "type":"OBJECT", "class":"0x7fc96d040a68", "ivars":3, "references":["0x7fc96c8a8800"], "flags":{"wb_protected":true, "old":true, "marked":true}}
{"address":"0x7fc96c8a89b8", "type":"STRING", "class":"0x7fc96c801668", "embedded":true, "bytesize":2, "value":">=", "encoding":"UTF-8", "flags":{"wb_protected":true, "old":true, "marked":true}}
{"address":"0x7fc96c8a8af8", "type":"ARRAY", "class":"0x7fc96c84a048", "length":2, "embedded":true, "references":["0x7fc96c8a8d50", "0x7fc96c8a8cb0"], "flags":{"wb_protected":true, "old":true, "marked":true}}
{"address":"0x7fc96c8a8b20", "type":"STRING", "class":"0x7fc96c801668", "embedded":true, "bytesize":5, "value":"7.0.0", "encoding":"UTF-8", "flags":{"wb_protected":true, "old":true, "marked":true}}
{"address":"0x7fc96c8a8b48", "type":"STRING", "class":"0x7fc96c801668", "frozen":true, "bytesize":61, "capacity":1026, "value":"/Users/antoine/.rvm/gems/ruby-2.0.0-p247/gems/ipaddress-0.8.0", "encoding":"US-ASCII", "memsize":1027, "flags":{"wb_protected":true, "old":true, "marked":true}}
{"address":"0x7fc96c8a8b70", "type":"STRING", "class":"0x7fc96c801668", "shared":true, "encoding":"US-ASCII", "references":["0x7fc96c8a8b48"], "flags":{"wb_protected":true, "old":true, "marked":true}}
{"address":"0x7fc96c8a8c38", "type":"STRING", "class":"0x7fc96c801668", "embedded":true, "bytesize":15, "value":"ipaddress-0.8.0", "encoding":"UTF-8", "flags":{"wb_protected":true, "old":true, "marked":true}}
{"address":"0x7fc96c8a8c60", "type":"STRING", "class":"0x7fc96c801668", "frozen":true, "embedded":true, "fstring":true, "bytesize":5, "value":"parse", "encoding":"US-ASCII", "flags":{"wb_protected":true, "old":true, "marked":true}}
{"address":"0x7fc96c8a8cb0", "type":"OBJECT", "class":"0x7fc96d040a68", "ivars":3, "references":["0x7fc96c8a8b20"], "flags":{"wb_protected":true, "old":true, "marked":true}}
{"address":"0x7fc96c8a8cd8", "type":"STRING", "class":"0x7fc96c801668", "bytesize":45, "capacity":128, "value":"/Users/antoine/.rvm/gems/ruby-2.0.0-p247/gems", "encoding":"US-ASCII", "memsize":129, "flags":{"wb_protected":true, "old":true, "marked":true}}
{"address":"0x7fc96c8a8d00", "type":"STRING", "class":"0x7fc96c801668", "frozen":true, "embedded":true, "bytesize":21, "value":"RubyToken::TkCONSTANT", "encoding":"US-ASCII", "flags":{"wb_protected":true, "old":true, "marked":true}}
{"address":"0x7fc96c8a8d28", "type":"CLASS", "class":"0x7fc96c802e28", "name":"Class", "references":["0x7fc96c8a8df0", "0x7fc96d046418"], "memsize":672, "flags":{"wb_protected":true, "old":true, "marked":true}}
{"address":"0x7fc96c8a8d50", "type":"STRING", "class":"0x7fc96c801668", "embedded":true, "bytesize":1, "value":"<", "encoding":"UTF-8", "flags":{"wb_protected":true, "old":true, "marked":true}}
{"address":"0x7fc96c8a8dc8", "type":"STRING", "class":"0x7fc96c801668", "bytesize":40, "value":"/Users/antoine/.rvm/gems/ruby-2.0.0-p247", "encoding":"US-ASCII", "memsize":41, "flags":{"wb_protected":true, "old":true, "marked":true}}
{"address":"0x7fc96c8a8df0", "type":"CLASS", "class":"0x7fc96c8a8d28", "name":"RubyToken::TkCONSTANT", "references":["0x7fc96c8a8d00", "0x7fc96d046440"], "memsize":864, "flags":{"wb_protected":true, "old":true, "marked":true}}
{"address":"0x7fc96c8a8e18", "type":"STRING", "class":"0x7fc96c801668", "frozen":true, "embedded":true, "fstring":true, "bytesize":16, "value":"back_trace_limit", "encoding":"US-ASCII", "flags":{"wb_protected":true, "old":true, "marked":true}}
{"address":"0x7fc96c8a8f08", "type":"ARRAY", "class":"0x7fc96c84a048", "length":2, "embedded":true, "references":["0x7fc96c8a8af8", "0x7fc96c8a87d8"], "flags":{"wb_protected":true, "old":true, "marked":true}}
{"address":"0x7fc96c8a8f80", "type":"OBJECT", "class":"0x7fc96c8c2688", "ivars":3, "references":["0x7fc96c8a8f08"], "flags":{"wb_protected":true, "old":true, "marked":true}}
{"address":"0x7fc96c8a8fd0", "type":"OBJECT", "class":"0x7fc96d077ae0", "ivars":5, "references":["0x7fc96c8a9138", "0x7fc96c8a8f80", "0x7fc96c8a8f80"], "memsize":40, "flags":{"wb_protected":true, "old":true, "marked":true}}
{"address":"0x7fc96c8a8ff8", "type":"STRING", "class":"0x7fc96c801668", "frozen":true, "embedded":true, "fstring":true, "bytesize":16, "value":"filter_backtrace", "encoding":"US-ASCII", "flags":{"wb_protected":true, "old":true, "marked":true}}
{"address":"0x7fc96c8a9138", "type":"STRING", "class":"0x7fc96c801668", "embedded":true, "bytesize":4, "value":"ohai", "encoding":"UTF-8", "flags":{"wb_protected":true, "old":true, "marked":true}}
{"address":"0x7fc96c8a9160", "type":"ARRAY", "class":"0x7fc96c84a048", "length":2, "embedded":true, "references":["0x7fc96c8a93b8", "0x7fc96c8a9340"], "flags":{"wb_protected":true, "old":true, "marked":true}}
{"address":"0x7fc96c8a9188", "type":"STRING", "class":"0x7fc96c801668", "embedded":true, "bytesize":3, "value":"1.1", "encoding":"UTF-8", "flags":{"wb_protected":true, "old":true, "marked":true}}
{"address":"0x7fc96c8a9200", "type":"STRING", "class":"0x7fc96c801668", "frozen":true, "embedded":true, "fstring":true, "bytesize":6, "value":"levels", "encoding":"US-ASCII", "flags":{"wb_protected":true, "old":true, "marked":true}}
{"address":"0x7fc96c8a92c8", "type":"STRING", "class":"0x7fc96c801668", "frozen":true, "embedded":true, "fstring":true, "bytesize":5, "value":"lasts", "encoding":"US-ASCII", "flags":{"wb_protected":true, "old":true, "marked":true}}
{"address":"0x7fc96c8a9340", "type":"OBJECT", "class":"0x7fc96d040a68", "ivars":3, "references":["0x7fc96c8a9188"], "flags":{"wb_protected":true, "old":true, "marked":true}}
{"address":"0x7fc96c8a9390", "type":"STRING", "class":"0x7fc96c801668", "frozen":true, "embedded":true, "fstring":true, "bytesize":8, "value":"messages", "encoding":"US-ASCII", "flags":{"wb_protected":true, "old":true, "marked":true}}
{"address":"0x7fc96c8a93b8", "type":"STRING", "class":"0x7fc96c801668", "embedded":true, "bytesize":2, "value":"~>", "encoding":"UTF-8", "flags":{"wb_protected":true, "old":true, "marked":true}}
{"address":"0x7fc96c8a9480", "type":"STRING", "class":"0x7fc96c801668", "frozen":true, "bytesize":79, "capacity":1026, "value":"/Users/antoine/.rvm/gems/ruby-2.0.0-p247/specifications/ipaddress-0.8.0.gemspec", "encoding":"US-ASCII", "memsize":1027, "flags":{"wb_protected":true, "old":true, "marked":true}}
{"address":"0x7fc96c8a94a8", "type":"ARRAY", "class":"0x7fc96c84a048", "length":1, "embedded":true, "references":["0x7fc96c8a9160"], "flags":{"wb_protected":true, "old":true, "marked":true}}
{"address":"0x7fc96c8a94f8", "type":"STRING", "class":"0x7fc96c801668", "bytesize":64, "capacity":1026, "value":"/usr/local/Cellar/ruby/2.1.1/lib/ruby/gems/2.1.0/gems/json-1.8.1", "encoding":"US-ASCII", "memsize":1027, "flags":{"wb_protected":true, "old":true, "marked":true}}
{"address":"0x7fc96c8a9520", "type":"OBJECT", "class":"0x7fc96c8c2688", "ivars":3, "references":["0x7fc96c8a94a8"], "flags":{"wb_protected":true, "old":true, "marked":true}}
{"address":"0x7fc96c8a9570", "type":"OBJECT", "class":"0x7fc96d077ae0", "ivars":5, "references":["0x7fc96c8a96b0", "0x7fc96c8a9520", "0x7fc96c8a9520"], "memsize":40, "flags":{"wb_protected":true, "old":true, "marked":true}}
{"address":"0x7fc96c8a9598", "type":"STRING", "class":"0x7fc96c801668", "frozen":true, "embedded":true, "fstring":true, "bytesize":7, "value":"irb_bug", "encoding":"US-ASCII", "flags":{"wb_protected":true, "old":true, "marked":true}}
{"address":"0x7fc96c8a96b0", "type":"STRING", "class":"0x7fc96c801668", "embedded":true, "bytesize":15, "value":"mixlib-shellout", "encoding":"UTF-8", "flags":{"wb_protected":true, "old":true, "marked":true}}
{"address":"0x7fc96c8a96d8", "type":"ARRAY", "class":"0x7fc96c84a048", "length":2, "embedded":true, "references":["0x7fc96c8a9908", "0x7fc96c8a98b8"], "flags":{"wb_protected":true, "old":true, "marked":true}}
{"address":"0x7fc96c8a9700", "type":"STRING", "class":"0x7fc96c801668", "embedded":true, "bytesize":3, "value":"1.3", "encoding":"UTF-8", "flags":{"wb_protected":true, "old":true, "marked":true}}
{"address":"0x7fc96c8a9778", "type":"STRING", "class":"0x7fc96c801668", "frozen":true, "embedded":true, "fstring":true, "bytesize":4, "value":"^IRB", "encoding":"US-ASCII", "flags":{"wb_protected":true, "old":true, "marked":true}}
{"address":"0x7fc96c8a97f0", "type":"REGEXP", "class":"0x7fc96c8491e8", "references":["0x7fc96c8a9778"], "memsize":475, "flags":{"wb_protected":true, "old":true, "marked":true}}
{"address":"0x7fc96c8a98b8", "type":"OBJECT", "class":"0x7fc96d040a68", "ivars":3, "references":["0x7fc96c8a9700"], "flags":{"wb_protected":true, "old":true, "marked":true}}
{"address":"0x7fc96c8a9908", "type":"STRING", "class":"0x7fc96c801668", "embedded":true, "bytesize":2, "value":"~>", "encoding":"UTF-8", "flags":{"wb_protected":true, "old":true, "marked":true}}
{"address":"0x7fc96c8a9930", "type":"STRING", "class":"0x7fc96c801668", "frozen":true, "embedded":true, "fstring":true, "bytesize":23, "value":"irb(2)?(/.*|-.*|\\.rb)?:", "encoding":"US-ASCII", "flags":{"wb_protected":true, "old":true, "marked":true}}
{"address":"0x7fc96c8a99a8", "type":"REGEXP", "class":"0x7fc96c8491e8", "references":["0x7fc96c8a9930"], "memsize":559, "flags":{"wb_protected":true, "old":true, "marked":true}}
{"address":"0x7fc96c8a99d0", "type":"STRING", "class":"0x7fc96c801668", "bytesize":70, "capacity":1026, "value":"/usr/local/Cellar/ruby/2.1.1/lib/ruby/gems/2.1.0/gems/io-console-0.4.2", "encoding":"US-ASCII", "memsize":1027, "flags":{"wb_protected":true, "old":true, "marked":true}}
{"address":"0x7fc96c8a9a48", "type":"ARRAY", "class":"0x7fc96c84a048", "length":1, "embedded":true, "references":["0x7fc96c8a96d8"], "flags":{"wb_protected":true, "old":true, "marked":true}}
{"address":"0x7fc96c8a9ac0", "type":"OBJECT", "class":"0x7fc96c8c2688", "ivars":3, "references":["0x7fc96c8a9a48"], "flags":{"wb_protected":true, "old":true, "marked":true}}
{"address":"0x7fc96c8a9b10", "type":"STRING", "class":"0x7fc96c801668", "frozen":true, "embedded":true, "fstring":true, "bytesize":19, "value":"BadRequirementError", "encoding":"US-ASCII", "flags":{"wb_protected":true, "old":true, "marked":true}}
{"address":"0x7fc96c8a9b38", "type":"OBJECT", "class":"0x7fc96d077ae0", "ivars":5, "references":["0x7fc96c8a9c50", "0x7fc96c8a9ac0", "0x7fc96c8a9ac0"], "memsize":40, "flags":{"wb_protected":true, "old":true, "marked":true}}
{"address":"0x7fc96c8a9c50", "type":"STRING", "class":"0x7fc96c801668", "embedded":true, "bytesize":21, "value":"mixlib-authentication", "encoding":"UTF-8", "flags":{"wb_protected":true, "old":true, "marked":true}}
{"address":"0x7fc96c8a9c78", "type":"ARRAY", "class":"0x7fc96c84a048", "length":2, "embedded":true, "references":["0x7fc96c8a9e80", "0x7fc96c8a9e30"], "flags":{"wb_protected":true, "old":true, "marked":true}}
{"address":"0x7fc96c8a9ca0", "type":"STRING", "class":"0x7fc96c801668", "embedded":true, "bytesize":3, "value":"1.3", "encoding":"UTF-8", "flags":{"wb_protected":true, "old":true, "marked":true}}
{"address":"0x7fc96c8a9cc8", "type":"STRING", "class":"0x7fc96c801668", "embedded":true, "bytesize":16, "value":"io-console-0.4.2", "encoding":"UTF-8", "flags":{"wb_protected":true, "old":true, "marked":true}}
{"address":"0x7fc96c8a9d18", "type":"STRING", "class":"0x7fc96c801668", "bytesize":53, "capacity":128, "value":"/usr/local/Cellar/ruby/2.1.1/lib/ruby/gems/2.1.0/gems", "encoding":"US-ASCII", "memsize":129, "flags":{"wb_protected":true, "old":true, "marked":true}}
{"address":"0x7fc96c8a9db8", "type":"STRING", "class":"0x7fc96c801668", "bytesize":48, "value":"/usr/local/Cellar/ruby/2.1.1/lib/ruby/gems/2.1.0", "encoding":"US-ASCII", "memsize":49, "flags":{"wb_protected":true, "old":true, "marked":true}}
{"address":"0x7fc96c8a9de0", "type":"STRING", "class":"0x7fc96c801668", "frozen":true, "embedded":true, "fstring":true, "bytesize":18, "value":"DefaultRequirement", "encoding":"US-ASCII", "flags":{"wb_protected":true, "old":true, "marked":true}}
{"address":"0x7fc96c8a9e30", "type":"OBJECT", "class":"0x7fc96d040a68", "ivars":3, "references":["0x7fc96c8a9ca0"], "flags":{"wb_protected":true, "old":true, "marked":true}}
{"address":"0x7fc96c8a9e80", "type":"STRING", "class":"0x7fc96c801668", "embedded":true, "bytesize":2, "value":"~>", "encoding":"UTF-8", "flags":{"wb_protected":true, "old":true, "marked":true}}
{"address":"0x7fc96c8a9f70", "type":"ARRAY", "class":"0x7fc96c84a048", "length":1, "embedded":true, "references":["0x7fc96c8a9c78"], "flags":{"wb_protected":true, "old":true, "marked":true}}
{"address":"0x7fc96c8a9fe8", "type":"OBJECT", "class":"0x7fc96c8c2688", "ivars":3, "references":["0x7fc96c8a9f70"], "flags":{"wb_protected":true, "old":true, "marked":true}}
{"address":"0x7fc96c8aa038", "type":"OBJECT", "class":"0x7fc96d077ae0", "ivars":5, "references":["0x7fc96c8aa178", "0x7fc96c8a9fe8", "0x7fc96c8a9fe8"], "memsize":40, "flags":{"wb_protected":true, "old":true, "marked":true}}
{"address":"0x7fc96c8aa0d8", "type":"STRING", "class":"0x7fc96c801668", "frozen":true, "embedded":true, "fstring":true, "bytesize":7, "value":"PATTERN", "encoding":"US-ASCII", "flags":{"wb_protected":true, "old":true, "marked":true}}
{"address":"0x7fc96c8aa178", "type":"STRING", "class":"0x7fc96c801668", "embedded":true, "bytesize":10, "value":"mixlib-log", "encoding":"UTF-8", "flags":{"wb_protected":true, "old":true, "marked":true}}
{"address":"0x7fc96c8aa1a0", "type":"ARRAY", "class":"0x7fc96c84a048", "length":2, "embedded":true, "references":["0x7fc96c8aa420", "0x7fc96c8aa3d0"], "flags":{"wb_protected":true, "old":true, "marked":true}}
{"address":"0x7fc96c8aa1c8", "type":"STRING", "class":"0x7fc96c801668", "frozen":true, "embedded":true, "bytesize":17, "value":"RubyToken::TkIVAR", "encoding":"US-ASCII", "flags":{"wb_protected":true, "old":true, "marked":true}}
{"address":"0x7fc96c8aa1f0", "type":"STRING", "class":"0x7fc96c801668", "embedded":true, "bytesize":3, "value":"1.3", "encoding":"UTF-8", "flags":{"wb_protected":true, "old":true, "marked":true}}
{"address":"0x7fc96c8aa290", "type":"CLASS", "class":"0x7fc96c802e28", "name":"Class", "references":["0x7fc96c8aa358", "0x7fc96d046418"], "memsize":672, "flags":{"wb_protected":true, "old":true, "marked":true}}
{"address":"0x7fc96c8aa358", "type":"CLASS", "class":"0x7fc96c8aa290", "name":"RubyToken::TkIVAR", "references":["0x7fc96c8aa1c8", "0x7fc96d046440"], "memsize":672, "flags":{"wb_protected":true, "old":true, "marked":true}}
{"address":"0x7fc96c8aa3a8", "type":"STRING", "class":"0x7fc96c801668", "frozen":true, "embedded":true, "fstring":true, "bytesize":3, "value":"exc", "encoding":"US-ASCII", "flags":{"wb_protected":true, "old":true, "marked":true}}
{"address":"0x7fc96c8aa3d0", "type":"OBJECT", "class":"0x7fc96d040a68", "ivars":3, "references":["0x7fc96c8aa1f0"], "flags":{"wb_protected":true, "old":true, "marked":true}}
{"address":"0x7fc96c8aa420", "type":"STRING", "class":"0x7fc96c801668", "embedded":true, "bytesize":2, "value":"~>", "encoding":"UTF-8", "flags":{"wb_protected":true, "old":true, "marked":true}}
{"address":"0x7fc96c8aa498", "type":"STRING", "class":"0x7fc96c801668", "frozen":true, "embedded":true, "fstring":true, "bytesize":5, "value":"echo?", "encoding":"US-ASCII", "flags":{"wb_protected":true, "old":true, "marked":true}}
{"address":"0x7fc96c8aa4c0", "type":"STRING", "class":"0x7fc96c801668", "frozen":true, "embedded":true, "fstring":true, "bytesize":11, "value":"PATTERN_RAW", "encoding":"US-ASCII", "flags":{"wb_protected":true, "old":true, "marked":true}}
{"address":"0x7fc96c8aa510", "type":"STRING", "class":"0x7fc96c801668", "frozen":true, "bytesize":96, "capacity":1026, "value":"/usr/local/Cellar/ruby/2.1.1/lib/ruby/gems/2.1.0/specifications/default/io-console-0.4.2.gemspec", "encoding":"US-ASCII", "memsize":1027, "flags":{"wb_protected":true, "old":true, "marked":true}}
{"address":"0x7fc96c8aa538", "type":"STRING", "class":"0x7fc96c801668", "frozen":true, "embedded":true, "fstring":true, "bytesize":12, "value":"output_value", "encoding":"US-ASCII", "flags":{"wb_protected":true, "old":true, "marked":true}}
{"address":"0x7fc96c8aa588", "type":"ARRAY", "class":"0x7fc96c84a048", "length":1, "embedded":true, "references":["0x7fc96c8aa1a0"], "flags":{"wb_protected":true, "old":true, "marked":true}}
{"address":"0x7fc96c8aa600", "type":"OBJECT", "class":"0x7fc96c8c2688", "ivars":3, "references":["0x7fc96c8aa588"], "flags":{"wb_protected":true, "old":true, "marked":true}}
{"address":"0x7fc96c8aa650", "type":"OBJECT", "class":"0x7fc96d077ae0", "ivars":5, "references":["0x7fc96c8aa790", "0x7fc96c8aa600", "0x7fc96c8aa600"], "memsize":40, "flags":{"wb_protected":true, "old":true, "marked":true}}
{"address":"0x7fc96c8aa6c8", "type":"STRING", "class":"0x7fc96c801668", "frozen":true, "embedded":true, "fstring":true, "bytesize":8, "value":"evaluate", "encoding":"US-ASCII", "flags":{"wb_protected":true, "old":true, "marked":true}}
{"address":"0x7fc96c8aa790", "type":"STRING", "class":"0x7fc96c801668", "embedded":true, "bytesize":10, "value":"mixlib-cli", "encoding":"UTF-8", "flags":{"wb_protected":true, "old":true, "marked":true}}
{"address":"0x7fc96c8aa7b8", "type":"ARRAY", "class":"0x7fc96c84a048", "length":3, "embedded":true, "flags":{"wb_protected":true, "old":true, "marked":true}}
{"address":"0x7fc96c8aa7e0", "type":"ARRAY", "class":"0x7fc96c84a048", "length":2, "embedded":true, "references":["0x7fc96c8aaab0", "0x7fc96c8aaa38"], "flags":{"wb_protected":true, "old":true, "marked":true}}
{"address":"0x7fc96c8aa808", "type":"STRING", "class":"0x7fc96c801668", "frozen":true, "embedded":true, "fstring":true, "bytesize":6, "value":"quoted", "encoding":"US-ASCII", "flags":{"wb_protected":true, "old":true, "marked":true}}
{"address":"0x7fc96c8aa830", "type":"STRING", "class":"0x7fc96c801668", "embedded":true, "bytesize":3, "value":"1.1", "encoding":"UTF-8", "flags":{"wb_protected":true, "old":true, "marked":true}}
{"address":"0x7fc96c8aa858", "type":"STRING", "class":"0x7fc96c801668", "frozen":true, "embedded":true, "fstring":true, "bytesize":7, "value":"IN_EVAL", "encoding":"US-ASCII", "flags":{"wb_protected":true, "old":true, "marked":true}}
{"address":"0x7fc96c8aa920", "type":"ARRAY", "class":"0x7fc96c84a048", "length":3, "embedded":true, "flags":{"wb_protected":true, "old":true, "marked":true}}
{"address":"0x7fc96c8aa948", "type":"STRING", "class":"0x7fc96c801668", "frozen":true, "embedded":true, "fstring":true, "bytesize":4, "value":"line", "encoding":"US-ASCII", "flags":{"wb_protected":true, "old":true, "marked":true}}
{"address":"0x7fc96c8aa998", "type":"STRING", "class":"0x7fc96c801668", "frozen":true, "fstring":true, "bytesize":24, "value":"each_top_level_statement", "encoding":"US-ASCII", "memsize":25, "flags":{"wb_protected":true, "old":true, "marked":true}}
{"address":"0x7fc96c8aaa38", "type":"OBJECT", "class":"0x7fc96d040a68", "ivars":3, "references":["0x7fc96c8aa830"], "flags":{"wb_protected":true, "old":true, "marked":true}}
{"address":"0x7fc96c8aaa60", "type":"ARRAY", "class":"0x7fc96c84a048", "length":3, "embedded":true, "flags":{"wb_protected":true, "old":true, "marked":true}}
{"address":"0x7fc96c8aaab0", "type":"STRING", "class":"0x7fc96c801668", "embedded":true, "bytesize":2, "value":"~>", "encoding":"UTF-8", "flags":{"wb_protected":true, "old":true, "marked":true}}
{"address":"0x7fc96c8aaba0", "type":"ARRAY", "class":"0x7fc96c84a048", "length":2, "embedded":true, "references":["0x7fc96c8aadf8", "0x7fc96c8aada8"], "flags":{"wb_protected":true, "old":true, "marked":true}}
{"address":"0x7fc96c8aabc8", "type":"STRING", "class":"0x7fc96c801668", "embedded":true, "bytesize":5, "value":"1.1.2", "encoding":"UTF-8", "flags":{"wb_protected":true, "old":true, "marked":true}}
{"address":"0x7fc96c8aabf0", "type":"ARRAY", "class":"0x7fc96c84a048", "length":3, "embedded":true, "flags":{"wb_protected":true, "old":true, "marked":true}}
{"address":"0x7fc96c8aac18", "type":"STRING", "class":"0x7fc96c801668", "frozen":true, "bytesize":61, "capacity":1026, "value":"/Users/antoine/.rvm/gems/ruby-2.0.0-p247/gems/highline-1.6.19", "encoding":"US-ASCII", "memsize":1027, "flags":{"wb_protected":true, "old":true, "marked":true}}
{"address":"0x7fc96c8aac40", "type":"STRING", "class":"0x7fc96c801668", "shared":true, "encoding":"US-ASCII", "references":["0x7fc96c8aac18"], "flags":{"wb_protected":true, "old":true, "marked":true}}
{"address":"0x7fc96c8aac90", "type":"ARRAY", "class":"0x7fc96c84a048", "length":3, "embedded":true, "flags":{"wb_protected":true, "old":true, "marked":true}}
{"address":"0x7fc96c8aacb8", "type":"STRING", "class":"0x7fc96c801668", "frozen":true, "embedded":true, "fstring":true, "bytesize":2, "value":"<=", "encoding":"UTF-8", "flags":{"wb_protected":true, "old":true, "marked":true}}
{"address":"0x7fc96c8aad30", "type":"STRING", "class":"0x7fc96c801668", "embedded":true, "bytesize":15, "value":"highline-1.6.19", "encoding":"UTF-8", "flags":{"wb_protected":true, "old":true, "marked":true}}
{"address":"0x7fc96c8aad80", "type":"STRING", "class":"0x7fc96c801668", "bytesize":45, "capacity":128, "value":"/Users/antoine/.rvm/gems/ruby-2.0.0-p247/gems", "encoding":"US-ASCII", "memsize":129, "flags":{"wb_protected":true, "old":true, "marked":true}}
{"address":"0x7fc96c8aada8", "type":"OBJECT", "class":"0x7fc96d040a68", "ivars":3, "references":["0x7fc96c8aabc8"], "flags":{"wb_protected":true, "old":true, "marked":true}}
{"address":"0x7fc96c8aadf8", "type":"STRING", "class":"0x7fc96c801668", "embedded":true, "bytesize":2, "value":">=", "encoding":"UTF-8", "flags":{"wb_protected":true, "old":true, "marked":true}}
{"address":"0x7fc96c8aae70", "type":"STRING", "class":"0x7fc96c801668", "bytesize":40, "value":"/Users/antoine/.rvm/gems/ruby-2.0.0-p247", "encoding":"US-ASCII", "memsize":41, "flags":{"wb_protected":true, "old":true, "marked":true}}
{"address":"0x7fc96c8aae98", "type":"STRING", "class":"0x7fc96c801668", "frozen":true, "fstring":true, "bytesize":53, "value":")\n\t\tExtendCommand::PopWorkspace.execute(irb_context, ", "encoding":"UTF-8", "memsize":54, "flags":{"wb_protected":true, "old":true, "marked":true}}
{"address":"0x7fc96c8aaec0", "type":"STRING", "class":"0x7fc96c801668", "frozen":true, "fstring":true, "bytesize":30, "value":"\n\t      def irb_pop_workspace(", "encoding":"UTF-8", "memsize":31, "flags":{"wb_protected":true, "old":true, "marked":true}}
{"address":"0x7fc96c8aaf88", "type":"STRING", "class":"0x7fc96c801668", "frozen":true, "embedded":true, "fstring":true, "bytesize":7, "value":"ap_name", "encoding":"US-ASCII", "flags":{"wb_protected":true, "old":true, "marked":true}}
{"address":"0x7fc96c8ab028", "type":"ARRAY", "length":9, "references":["0x7fc96c8ab488", "0x7fc96c8d10e8", "0x7fc96c8c41b8", "0x7fc96c8c40c8", "0x7fc96d856770", "0x7fc96c8aaec0", "0x7fc96c8aae98", "0x7fc96c8c4028", "0x7fc96d04a090"], "memsize":160, "flags":{"wb_protected":true, "old":true, "marked":true}}
{"address":"0x7fc96c8ab050", "type":"ARRAY", "class":"0x7fc96c84a048", "length":2, "embedded":true, "references":["0x7fc96c8aaba0", "0x7fc96c8aa7e0"], "flags":{"wb_protected":true, "old":true, "marked":true}}
{"address":"0x7fc96c8ab0c8", "type":"OBJECT", "class":"0x7fc96c8c2688", "ivars":3, "references":["0x7fc96c8ab050"], "flags":{"wb_protected":true, "old":true, "marked":true}}
{"address":"0x7fc96c8ab0f0", "type":"ARRAY", "length":1, "embedded":true, "references":["0x7fc96c8c4438"], "flags":{"wb_protected":true, "old":true, "marked":true}}
{"address":"0x7fc96c8ab140", "type":"OBJECT", "class":"0x7fc96d077ae0", "ivars":5, "references":["0x7fc96c8ab2a8", "0x7fc96c8ab0c8", "0x7fc96c8ab0c8"], "memsize":40, "flags":{"wb_protected":true, "old":true, "marked":true}}
{"address":"0x7fc96c8ab1e0", "type":"STRING", "class":"0x7fc96c801668", "frozen":true, "embedded":true, "fstring":true, "bytesize":1, "value":"<", "encoding":"UTF-8", "flags":{"wb_protected":true, "old":true, "marked":true}}
{"address":"0x7fc96c8ab2a8", "type":"STRING", "class":"0x7fc96c801668", "embedded":true, "bytesize":13, "value":"mixlib-config", "encoding":"UTF-8", "flags":{"wb_protected":true, "old":true, "marked":true}}
{"address":"0x7fc96c8ab2d0", "type":"STRING", "class":"0x7fc96c801668", "frozen":true, "embedded":true, "fstring":true, "bytesize":19, "value":"readable_after_eof?", "encoding":"US-ASCII", "flags":{"wb_protected":true, "old":true, "marked":true}}
{"address":"0x7fc96c8ab398", "type":"STRING", "class":"0x7fc96c801668", "frozen":true, "embedded":true, "fstring":true, "bytesize":11, "value":"ignore_eof?", "encoding":"US-ASCII", "flags":{"wb_protected":true, "old":true, "marked":true}}
{"address":"0x7fc96c8ab488", "type":"DATA", "class":"0x7fc96c833488", "struct":"iseq", "references":["0x7fc96c8ab0f0", "0x7fc96c8ab5a0", "0x7fc96d045d38", "0x7fc96d04a090", "0x7fc96c8ab938"], "memsize":888, "flags":{"wb_protected":true, "old":true, "marked":true}}
{"address":"0x7fc96c8ab4b0", "type":"STRING", "class":"0x7fc96c801668", "frozen":true, "embedded":true, "fstring":true, "bytesize":8, "value":"verbose?", "encoding":"US-ASCII", "flags":{"wb_protected":true, "old":true, "marked":true}}
{"address":"0x7fc96c8ab4d8", "type":"STRING", "class":"0x7fc96c801668", "frozen":true, "bytesize":79, "capacity":1026, "value":"/Users/antoine/.rvm/gems/ruby-2.0.0-p247/specifications/highline-1.6.19.gemspec", "encoding":"US-ASCII", "memsize":1027, "flags":{"wb_protected":true, "old":true, "marked":true}}
{"address":"0x7fc96c8ab5a0", "type":"STRING", "class":"0x7fc96c801668", "frozen":true, "fstring":true, "bytesize":26, "capacity":120, "value":"block in irb_pop_workspace", "memsize":121, "flags":{"wb_protected":true, "old":true, "marked":true}}
{"address":"0x7fc96c8ab690", "type":"STRING", "class":"0x7fc96c801668", "frozen":true, "embedded":true, "fstring":true, "bytesize":1, "value":"l", "encoding":"US-ASCII", "flags":{"wb_protected":true, "old":true, "marked":true}}
{"address":"0x7fc96c8ab708", "type":"STRING", "class":"0x7fc96c801668", "frozen":true, "embedded":true, "fstring":true, "bytesize":2, "value":"!=", "encoding":"UTF-8", "flags":{"wb_protected":true, "old":true, "marked":true}}
{"address":"0x7fc96c8ab758", "type":"STRING", "class":"0x7fc96c801668", "frozen":true, "embedded":true, "fstring":true, "bytesize":8, "value":"IN_INPUT", "encoding":"US-ASCII", "flags":{"wb_protected":true, "old":true, "marked":true}}
{"address":"0x7fc96c8ab7a8", "type":"STRING", "class":"0x7fc96c801668", "frozen":true, "embedded":true, "fstring":true, "bytesize":13, "value":"signal_status", "encoding":"US-ASCII", "flags":{"wb_protected":true, "old":true, "marked":true}}
{"address":"0x7fc96c8ab8c0", "type":"STRING", "class":"0x7fc96c801668", "frozen":true, "embedded":true, "fstring":true, "bytesize":9, "value":"set_input", "encoding":"US-ASCII", "flags":{"wb_protected":true, "old":true, "marked":true}}
{"address":"0x7fc96c8ab938", "type":"NODE", "node_type":"NODE_CREF", "references":["0x7fc96c8c75e8", "0x7fc96c8d1408"], "flags":{"wb_protected":true, "old":true, "marked":true}}
{"address":"0x7fc96c8ab960", "type":"DATA", "class":"0x7fc96c833488", "struct":"iseq", "references":["0x7fc96c8ab028", "0x7fc96d045d38", "0x7fc96d045d38", "0x7fc96d04a090", "0x7fc96c8ab938", "0x7fc96c8c75e8"], "memsize":4096, "flags":{"wb_protected":true, "old":true, "marked":true}}
{"address":"0x7fc96c8ab9b0", "type":"STRING", "class":"0x7fc96c801668", "frozen":true, "embedded":true, "fstring":true, "bytesize":1, "value":"=", "encoding":"UTF-8", "flags":{"wb_protected":true, "old":true, "marked":true}}
{"address":"0x7fc96c8ab9d8", "type":"STRING", "class":"0x7fc96c801668", "frozen":true, "bytesize":58, "capacity":1026, "value":"/Users/antoine/.rvm/gems/ruby-2.0.0-p247/gems/hashie-2.0.5", "encoding":"US-ASCII", "memsize":1027, "flags":{"wb_protected":true, "old":true, "marked":true}}
{"address":"0x7fc96c8aba00", "type":"STRING", "class":"0x7fc96c801668", "shared":true, "encoding":"US-ASCII", "references":["0x7fc96c8ab9d8"], "flags":{"wb_protected":true, "old":true, "marked":true}}
{"address":"0x7fc96c8abaa0", "type":"STRING", "class":"0x7fc96c801668", "embedded":true, "bytesize":12, "value":"hashie-2.0.5", "encoding":"UTF-8", "flags":{"wb_protected":true, "old":true, "marked":true}}
{"address":"0x7fc96c8abaf0", "type":"STRING", "class":"0x7fc96c801668", "bytesize":45, "capacity":128, "value":"/Users/antoine/.rvm/gems/ruby-2.0.0-p247/gems", "encoding":"US-ASCII", "memsize":129, "flags":{"wb_protected":true, "old":true, "marked":true}}
{"address":"0x7fc96c8abb68", "type":"STRING", "class":"0x7fc96c801668", "bytesize":40, "value":"/Users/antoine/.rvm/gems/ruby-2.0.0-p247", "encoding":"US-ASCII", "memsize":41, "flags":{"wb_protected":true, "old":true, "marked":true}}
{"address":"0x7fc96c8abc30", "type":"STRING", "class":"0x7fc96c801668", "frozen":true, "embedded":true, "fstring":true, "bytesize":3, "value":"OPS", "encoding":"US-ASCII", "flags":{"wb_protected":true, "old":true, "marked":true}}
{"address":"0x7fc96c8abcd0", "type":"STRING", "class":"0x7fc96c801668", "frozen":true, "bytesize":74, "capacity":1026, "value":"/Users/antoine/.rvm/gems/ruby-2.0.0-p247/specifications/json-1.7.7.gemspec", "encoding":"US-ASCII", "memsize":1027, "flags":{"wb_protected":true, "old":true, "marked":true}}
{"address":"0x7fc96c8abd20", "type":"STRING", "class":"0x7fc96c801668", "shared":true, "encoding":"UTF-8", "references":["0x7fc96c8abd70"], "flags":{"wb_protected":true, "old":true, "marked":true}}
{"address":"0x7fc96c8abd70", "type":"STRING", "class":"0x7fc96c801668", "frozen":true, "bytesize":119, "value":"A systems integration framework, built to bring the benefits of configuration management to your entire infrastructure.", "encoding":"UTF-8", "memsize":120, "flags":{"wb_protected":true, "old":true, "marked":true}}
{"address":"0x7fc96c8abd98", "type":"STRING", "class":"0x7fc96c801668", "frozen":true, "embedded":true, "bytesize":17, "value":"RubyToken::TkCVAR", "encoding":"US-ASCII", "flags":{"wb_protected":true, "old":true, "marked":true}}
{"address":"0x7fc96c8abe88", "type":"STRING", "class":"0x7fc96c801668", "embedded":true, "bytesize":5, "value":"2.0.6", "encoding":"UTF-8", "flags":{"wb_protected":true, "old":true, "marked":true}}
{"address":"0x7fc96c8abeb0", "type":"ARRAY", "class":"0x7fc96c84a048", "length":1, "embedded":true, "references":["0x7fc96c8abed8"], "flags":{"wb_protected":true, "old":true, "marked":true}}
{"address":"0x7fc96c8abed8", "type":"STRING", "class":"0x7fc96c801668", "embedded":true, "bytesize":3, "value":"lib", "encoding":"UTF-8", "flags":{"wb_protected":true, "old":true, "marked":true}}
{"address":"0x7fc96c8abf00", "type":"CLASS", "class":"0x7fc96c802e28", "name":"Class", "references":["0x7fc96c8b2ff8", "0x7fc96d046418"], "memsize":672, "flags":{"wb_protected":true, "old":true, "marked":true}}
{"address":"0x7fc96c8abf28", "type":"STRING", "class":"0x7fc96c801668", "shared":true, "encoding":"UTF-8", "references":["0x7fc96c8b2260"], "flags":{"wb_protected":true, "old":true, "marked":true}}
{"address":"0x7fc96c8abf50", "type":"ARRAY", "class":"0x7fc96c84a048", "length":10, "references":["0x7fc96c8b0190", "0x7fc96c8b0168", "0x7fc96c8b0140", "0x7fc96c8b00f0", "0x7fc96c8b00c8", "0x7fc96c8b0078", "0x7fc96c8b0050", "0x7fc96c8b0028", "0x7fc96c8abfa0", "0x7fc96c8abf78"], "memsize":80, "flags":{"wb_protected":true, "old":true, "marked":true}}
{"address":"0x7fc96c8abf78", "type":"STRING", "class":"0x7fc96c801668", "embedded":true, "bytesize":7, "value":"LICENSE", "encoding":"UTF-8", "flags":{"wb_protected":true, "old":true, "marked":true}}
{"address":"0x7fc96c8abfa0", "type":"STRING", "class":"0x7fc96c801668", "embedded":true, "bytesize":15, "value":"CONTRIBUTING.md", "encoding":"UTF-8", "flags":{"wb_protected":true, "old":true, "marked":true}}
{"address":"0x7fc96c8b0028", "type":"STRING", "class":"0x7fc96c801668", "embedded":true, "bytesize":9, "value":"README.md", "encoding":"UTF-8", "flags":{"wb_protected":true, "old":true, "marked":true}}
{"address":"0x7fc96c8b0050", "type":"STRING", "class":"0x7fc96c801668", "shared":true, "encoding":"UTF-8", "references":["0x7fc96c8b2288"], "flags":{"wb_protected":true, "old":true, "marked":true}}
{"address":"0x7fc96c8b0078", "type":"STRING", "class":"0x7fc96c801668", "embedded":true, "bytesize":14, "value":"bin/chef-apply", "encoding":"UTF-8", "flags":{"wb_protected":true, "old":true, "marked":true}}
{"address":"0x7fc96c8b00a0", "type":"STRING", "class":"0x7fc96c801668", "frozen":true, "embedded":true, "fstring":true, "bytesize":4, "value":".*\\z", "encoding":"US-ASCII", "flags":{"wb_protected":true, "old":true, "marked":true}}
{"address":"0x7fc96c8b00c8", "type":"STRING", "class":"0x7fc96c801668", "embedded":true, "bytesize":8, "value":"bin/shef", "encoding":"UTF-8", "flags":{"wb_protected":true, "old":true, "marked":true}}
{"address":"0x7fc96c8b00f0", "type":"STRING", "class":"0x7fc96c801668", "embedded":true, "bytesize":14, "value":"bin/chef-shell", "encoding":"UTF-8", "flags":{"wb_protected":true, "old":true, "marked":true}}
{"address":"0x7fc96c8b0118", "type":"REGEXP", "class":"0x7fc96c8491e8", "references":["0x7fc96c8b00a0"], "memsize":472, "flags":{"wb_protected":true, "old":true, "marked":true}}
{"address":"0x7fc96c8b0140", "type":"STRING", "class":"0x7fc96c801668", "embedded":true, "bytesize":9, "value":"bin/knife", "encoding":"UTF-8", "flags":{"wb_protected":true, "old":true, "marked":true}}
{"address":"0x7fc96c8b0168", "type":"STRING", "class":"0x7fc96c801668", "embedded":true, "bytesize":13, "value":"bin/chef-solo", "encoding":"UTF-8", "flags":{"wb_protected":true, "old":true, "marked":true}}
{"address":"0x7fc96c8b0190", "type":"STRING", "class":"0x7fc96c801668", "embedded":true, "bytesize":15, "value":"bin/chef-client", "encoding":"UTF-8", "flags":{"wb_protected":true, "old":true, "marked":true}}
{"address":"0x7fc96c8b01b8", "type":"ARRAY", "class":"0x7fc96c84a048", "length":3, "embedded":true, "references":["0x7fc96c8b0230", "0x7fc96c8b0208", "0x7fc96c8b01e0"], "flags":{"wb_protected":true, "old":true, "marked":true}}
{"address":"0x7fc96c8b01e0", "type":"STRING", "class":"0x7fc96c801668", "embedded":true, "bytesize":7, "value":"LICENSE", "encoding":"UTF-8", "flags":{"wb_protected":true, "old":true, "marked":true}}
{"address":"0x7fc96c8b0208", "type":"STRING", "class":"0x7fc96c801668", "embedded":true, "bytesize":15, "value":"CONTRIBUTING.md", "encoding":"UTF-8", "flags":{"wb_protected":true, "old":true, "marked":true}}
{"address":"0x7fc96c8b0230", "type":"STRING", "class":"0x7fc96c801668", "embedded":true, "bytesize":9, "value":"README.md", "encoding":"UTF-8", "flags":{"wb_protected":true, "old":true, "marked":true}}
{"address":"0x7fc96c8b0258", "type":"ARRAY", "class":"0x7fc96c84a048", "length":7, "references":["0x7fc96c8b0370", "0x7fc96c8b0348", "0x7fc96c8b0320", "0x7fc96c8b02f8", "0x7fc96c8b02d0", "0x7fc96c8b02a8", "0x7fc96c8b0280"], "memsize":56, "flags":{"wb_protected":true, "old":true, "marked":true}}
{"address":"0x7fc96c8b0280", "type":"STRING", "class":"0x7fc96c801668", "embedded":true, "bytesize":20, "value":"chef-service-manager", "encoding":"UTF-8", "flags":{"wb_protected":true, "old":true, "marked":true}}
{"address":"0x7fc96c8b02a8", "type":"STRING", "class":"0x7fc96c801668", "embedded":true, "bytesize":10, "value":"chef-apply", "encoding":"UTF-8", "flags":{"wb_protected":true, "old":true, "marked":true}}
{"address":"0x7fc96c8b02d0", "type":"STRING", "class":"0x7fc96c801668", "embedded":true, "bytesize":4, "value":"shef", "encoding":"UTF-8", "flags":{"wb_protected":true, "old":true, "marked":true}}
{"address":"0x7fc96c8b02f8", "type":"STRING", "class":"0x7fc96c801668", "embedded":true, "bytesize":10, "value":"chef-shell", "encoding":"UTF-8", "flags":{"wb_protected":true, "old":true, "marked":true}}
{"address":"0x7fc96c8b0320", "type":"STRING", "class":"0x7fc96c801668", "embedded":true, "bytesize":5, "value":"knife", "encoding":"UTF-8", "flags":{"wb_protected":true, "old":true, "marked":true}}
{"address":"0x7fc96c8b0348", "type":"STRING", "class":"0x7fc96c801668", "embedded":true, "bytesize":9, "value":"chef-solo", "encoding":"UTF-8", "flags":{"wb_protected":true, "old":true, "marked":true}}
{"address":"0x7fc96c8b0370", "type":"STRING", "class":"0x7fc96c801668", "embedded":true, "bytesize":11, "value":"chef-client", "encoding":"UTF-8", "flags":{"wb_protected":true, "old":true, "marked":true}}
{"address":"0x7fc96c8b0398", "type":"STRING", "class":"0x7fc96c801668", "frozen":true, "embedded":true, "fstring":true, "bytesize":3, "value":"ind", "encoding":"US-ASCII", "flags":{"wb_protected":true, "old":true, "marked":true}}
{"address":"0x7fc96c8b03c0", "type":"STRING", "class":"0x7fc96c801668", "embedded":true, "bytesize":16, "value":"adam@opscode.com", "encoding":"UTF-8", "flags":{"wb_protected":true, "old":true, "marked":true}}
{"address":"0x7fc96c8b03e8", "type":"STRING", "class":"0x7fc96c801668", "shared":true, "encoding":"UTF-8", "references":["0x7fc96c8b2558"], "flags":{"wb_protected":true, "old":true, "marked":true}}
{"address":"0x7fc96c8b0438", "type":"DATA", "class":"0x7fc96c841150", "struct":"time", "memsize":88, "flags":{"remembered":true}}
{"address":"0x7fc96c8b0460", "type":"STRING", "class":"0x7fc96c801668", "frozen":true, "embedded":true, "fstring":true, "bytesize":16, "value":"auto_indent_mode", "encoding":"US-ASCII", "flags":{"wb_protected":true, "old":true, "marked":true}}
{"address":"0x7fc96c8b0488", "type":"STRING", "class":"0x7fc96c801668", "frozen":true, "bytesize":81, "value":"/Users/antoine/.rvm/gems/ruby-2.0.0-p247/specifications/rest-client-1.6.7.gemspec", "encoding":"UTF-8", "memsize":82, "flags":{"wb_protected":true, "old":true, "marked":true}}
{"address":"0x7fc96c8b04b0", "type":"ARRAY", "class":"0x7fc96c84a048", "length":0, "flags":{"wb_protected":true, "old":true, "marked":true}}
{"address":"0x7fc96c8b04d8", "type":"OBJECT", "class":"0x7fc96d077a68", "ivars":14, "references":["0x7fc96c828a10", "0x7fc96d056908", "0x7fc96d056a70", "0x7fc96d056ae8", "0x7fc96d0431c8", "0x7fc96c8b04b0", "0x7fc96d0431c8", "0x7fc96c8c82e0", "0x7fc96d041d28", "0x7fc96d041cb0", "0x7fc96d040608"], "memsize":112, "flags":{"wb_protected":true, "old":true, "marked":true}}
{"address":"0x7fc96c8b0500", "type":"STRING", "class":"0x7fc96c801668", "frozen":true, "embedded":true, "bytesize":10, "value":"rash-0.4.0", "encoding":"UTF-8", "flags":{"wb_protected":true, "old":true, "marked":true}}
{"address":"0x7fc96c8b0578", "type":"STRING", "class":"0x7fc96c801668", "embedded":true, "bytesize":5, "value":"0.4.0", "encoding":"UTF-8", "flags":{"wb_protected":true, "old":true, "marked":true}}
{"address":"0x7fc96c8b0618", "type":"ARRAY", "class":"0x7fc96c84a048", "length":1, "embedded":true, "references":["0x7fc96c8b06b8"], "flags":{"wb_protected":true, "old":true, "marked":true}}
{"address":"0x7fc96c8b06b8", "type":"STRING", "class":"0x7fc96c801668", "embedded":true, "bytesize":10, "value":"Adam Jacob", "encoding":"UTF-8", "flags":{"wb_protected":true, "old":true, "marked":true}}
{"address":"0x7fc96c8b0730", "type":"OBJECT", "class":"0x7fc96d040a68", "ivars":3, "references":["0x7fc96c8b0578"], "flags":{"wb_protected":true, "old":true, "marked":true}}
{"address":"0x7fc96c8b0758", "type":"STRING", "class":"0x7fc96c801668", "frozen":true, "bytesize":76, "capacity":1026, "value":"/Users/antoine/.rvm/gems/ruby-2.0.0-p247/specifications/hashie-2.0.5.gemspec", "encoding":"US-ASCII", "memsize":1027, "flags":{"wb_protected":true, "old":true, "marked":true}}
{"address":"0x7fc96c8b07f8", "type":"ARRAY", "class":"0x7fc96c84a048", "length":1, "embedded":true, "references":["0x7fc96c8c1e90"], "flags":{"wb_protected":true, "old":true, "marked":true}}
{"address":"0x7fc96c8b0870", "type":"OBJECT", "class":"0x7fc96c8c2688", "ivars":3, "references":["0x7fc96c8b07f8"], "flags":{"wb_protected":true, "old":true, "marked":true}}
{"address":"0x7fc96c8b08e8", "type":"STRING", "class":"0x7fc96c801668", "frozen":true, "embedded":true, "fstring":true, "bytesize":6, "value":"prompt", "encoding":"US-ASCII", "flags":{"wb_protected":true, "old":true, "marked":true}}
{"address":"0x7fc96c8b0910", "type":"STRING", "class":"0x7fc96c801668", "embedded":true, "bytesize":6, "value":"11.6.2", "encoding":"UTF-8", "flags":{"wb_protected":true, "old":true, "marked":true}}
{"address":"0x7fc96c8b0988", "type":"STRING", "class":"0x7fc96c801668", "embedded":true, "bytesize":3, "value":"lib", "encoding":"UTF-8", "flags":{"wb_protected":true, "old":true, "marked":true}}
{"address":"0x7fc96c8b09b0", "type":"STRING", "class":"0x7fc96c801668", "frozen":true, "embedded":true, "fstring":true, "bytesize":10, "value":"prompting?", "encoding":"US-ASCII", "flags":{"wb_protected":true, "old":true, "marked":true}}
{"address":"0x7fc96c8b09d8", "type":"STRING", "class":"0x7fc96c801668", "embedded":true, "bytesize":4, "value":"ruby", "encoding":"UTF-8", "flags":{"wb_protected":true, "old":true, "marked":true}}
{"address":"0x7fc96c8b0a00", "type":"STRING", "class":"0x7fc96c801668", "embedded":true, "bytesize":5, "value":"0.4.0", "encoding":"UTF-8", "flags":{"wb_protected":true, "old":true, "marked":true}}
{"address":"0x7fc96c8b0a28", "type":"STRING", "class":"0x7fc96c801668", "embedded":true, "bytesize":4, "value":"rash", "encoding":"UTF-8", "flags":{"wb_protected":true, "old":true, "marked":true}}
{"address":"0x7fc96c8b0a50", "type":"ARRAY", "class":"0x7fc96c84a048", "length":4, "references":["0x7fc96c8b0a28", "0x7fc96c8b0a00", "0x7fc96c8b09d8", "0x7fc96c8b0988"], "memsize":160, "flags":{"wb_protected":true, "old":true, "marked":true}}
{"address":"0x7fc96c8b0aa0", "type":"OBJECT", "class":"0x7fc96d040a68", "ivars":3, "references":["0x7fc96c8b0910"], "flags":{"wb_protected":true, "old":true, "marked":true}}
{"address":"0x7fc96c8b0af0", "type":"STRING", "class":"0x7fc96c801668", "embedded":true, "bytesize":4, "value":"chef", "encoding":"UTF-8", "flags":{"wb_protected":true, "old":true, "marked":true}}
{"address":"0x7fc96c8b0b40", "type":"OBJECT", "class":"0x7fc96d077978", "ivars":3, "references":["0x7fc96c8b0a50"], "flags":{"wb_protected":true, "old":true, "marked":true}}
{"address":"0x7fc96c8b0b68", "type":"ARRAY", "class":"0x7fc96c84a048", "length":0, "flags":{"wb_protected":true, "old":true, "marked":true}}
{"address":"0x7fc96c8b0c80", "type":"STRING", "class":"0x7fc96c801668", "frozen":true, "embedded":true, "fstring":true, "bytesize":8, "value":"prompt_i", "encoding":"US-ASCII", "flags":{"wb_protected":true, "old":true, "marked":true}}
{"address":"0x7fc96c8b0ca8", "type":"STRING", "class":"0x7fc96c801668", "frozen":true, "bytesize":74, "value":"/Users/antoine/.rvm/gems/ruby-2.0.0-p247/specifications/rash-0.4.0.gemspec", "encoding":"UTF-8", "memsize":75, "flags":{"wb_protected":true, "old":true, "marked":true}}
{"address":"0x7fc96c8b0cd0", "type":"ARRAY", "class":"0x7fc96c84a048", "length":0, "flags":{"wb_protected":true, "old":true, "marked":true}}
{"address":"0x7fc96c8b0cf8", "type":"ARRAY", "class":"0x7fc96c84a048", "length":0, "flags":{"wb_protected":true, "old":true, "marked":true}}
{"address":"0x7fc96c8b0d20", "type":"OBJECT", "class":"0x7fc96d077a68", "ivars":14, "references":["0x7fc96c828ab0", "0x7fc96d057ec0", "0x7fc96d05c290", "0x7fc96d05f030", "0x7fc96c8b0b40", "0x7fc96c8b0cf8", "0x7fc96c8e5688", "0x7fc96c8c82e0", "0x7fc96c8b0a28", "0x7fc96c8b0730", "0x7fc96d05d7d0"], "memsize":112, "flags":{"wb_protected":true, "old":true, "marked":true}}
{"address":"0x7fc96c8b0d48", "type":"STRING", "class":"0x7fc96c801668", "frozen":true, "embedded":true, "bytesize":11, "value":"rake-10.1.1", "encoding":"UTF-8", "flags":{"wb_protected":true, "old":true, "marked":true}}
{"address":"0x7fc96c8b0d98", "type":"STRING", "class":"0x7fc96c801668", "frozen":true, "embedded":true, "fstring":true, "bytesize":8, "value":"prompt_n", "encoding":"US-ASCII", "flags":{"wb_protected":true, "old":true, "marked":true}}
{"address":"0x7fc96c8b0de8", "type":"OBJECT", "class":"0x7fc96c8c2688", "ivars":3, "references":["0x7fc96d074700"], "flags":{"wb_protected":true, "old":true, "marked":true}}
{"address":"0x7fc96c8b0e10", "type":"STRING", "class":"0x7fc96c801668", "shared":true, "encoding":"US-ASCII", "references":["0x7fc96d81f1f8"], "flags":{"wb_protected":true, "old":true, "marked":true}}
{"address":"0x7fc96c8b0e38", "type":"ARRAY", "class":"0x7fc96c84a048", "length":2, "embedded":true, "references":["0x7fc96c8b1108", "0x7fc96c8b10b8"], "flags":{"wb_protected":true, "old":true, "marked":true}}
{"address":"0x7fc96c8b0e60", "type":"STRING", "class":"0x7fc96c801668", "embedded":true, "bytesize":3, "value":"2.1", "encoding":"UTF-8", "flags":{"wb_protected":true, "old":true, "marked":true}}
{"address":"0x7fc96c8b0ed8", "type":"ARRAY", "class":"0x7fc96c84a048", "length":0, "flags":{"wb_protected":true, "old":true, "marked":true}}
{"address":"0x7fc96c8b0f50", "type":"STRING", "class":"0x7fc96c801668", "frozen":true, "embedded":true, "fstring":true, "bytesize":8, "value":"prompt_c", "encoding":"US-ASCII", "flags":{"wb_protected":true, "old":true, "marked":true}}
{"address":"0x7fc96c8b0f78", "type":"STRING", "class":"0x7fc96c801668", "embedded":true, "bytesize":4, "value":"ruby", "encoding":"UTF-8", "flags":{"wb_protected":true, "old":true, "marked":true}}
{"address":"0x7fc96c8b0ff0", "type":"HASH", "class":"0x7fc96c849918", "size":0, "flags":{"wb_protected":true, "old":true, "marked":true}}
{"address":"0x7fc96c8b1040", "type":"STRING", "class":"0x7fc96c801668", "frozen":true, "bytesize":86, "capacity":1026, "value":"/Users/antoine/.rvm/gems/ruby-2.0.0-p247/extensions/x86_64-darwin-13/2.1.0/gosu-0.7.50", "encoding":"US-ASCII", "memsize":1027, "flags":{"wb_protected":true, "old":true, "marked":true}}
{"address":"0x7fc96c8b1068", "type":"STRING", "class":"0x7fc96c801668", "frozen":true, "embedded":true, "fstring":true, "bytesize":8, "value":"prompt_s", "encoding":"US-ASCII", "flags":{"wb_protected":true, "old":true, "marked":true}}
{"address":"0x7fc96c8b1090", "type":"ARRAY", "class":"0x7fc96c84a048", "length":0, "flags":{"wb_protected":true, "old":true, "marked":true}}
{"address":"0x7fc96c8b10b8", "type":"OBJECT", "class":"0x7fc96d040a68", "ivars":3, "references":["0x7fc96c8b0e60"], "flags":{"wb_protected":true, "old":true, "marked":true}}
{"address":"0x7fc96c8b1108", "type":"STRING", "class":"0x7fc96c801668", "embedded":true, "bytesize":2, "value":"~>", "encoding":"UTF-8", "flags":{"wb_protected":true, "old":true, "marked":true}}
{"address":"0x7fc96c8b1130", "type":"STRING", "class":"0x7fc96c801668", "frozen":true, "embedded":true, "bytesize":17, "value":"RubyToken::TkGVAR", "encoding":"US-ASCII", "flags":{"wb_protected":true, "old":true, "marked":true}}
{"address":"0x7fc96c8b1180", "type":"CLASS", "class":"0x7fc96c802e28", "name":"Class", "references":["0x7fc96c8b11d0", "0x7fc96d046418"], "memsize":672, "flags":{"wb_protected":true, "old":true, "marked":true}}
{"address":"0x7fc96c8b11a8", "type":"STRING", "class":"0x7fc96c801668", "frozen":true, "embedded":true, "fstring":true, "bytesize":7, "value":"line_no", "encoding":"US-ASCII", "flags":{"wb_protected":true, "old":true, "marked":true}}
{"address":"0x7fc96c8b11d0", "type":"CLASS", "class":"0x7fc96c8b1180", "name":"RubyToken::TkGVAR", "references":["0x7fc96c8b1130", "0x7fc96d046440"], "memsize":672, "flags":{"wb_protected":true, "old":true, "marked":true}}
{"address":"0x7fc96c8b11f8", "type":"STRING", "class":"0x7fc96c801668", "frozen":true, "embedded":true, "fstring":true, "bytesize":8, "value":"continue", "encoding":"US-ASCII", "flags":{"wb_protected":true, "old":true, "marked":true}}
{"address":"0x7fc96c8b1248", "type":"STRING", "class":"0x7fc96c801668", "frozen":true, "embedded":true, "fstring":true, "bytesize":6, "value":"indent", "encoding":"US-ASCII", "flags":{"wb_protected":true, "old":true, "marked":true}}
{"address":"0x7fc96c8b1270", "type":"STRING", "class":"0x7fc96c801668", "shared":true, "encoding":"US-ASCII", "references":["0x7fc96c8b1040"], "flags":{"wb_protected":true, "old":true, "marked":true}}
{"address":"0x7fc96c8b1298", "type":"STRING", "class":"0x7fc96c801668", "frozen":true, "embedded":true, "fstring":true, "bytesize":5, "value":"ltype", "encoding":"US-ASCII", "flags":{"wb_protected":true, "old":true, "marked":true}}
{"address":"0x7fc96c8b1310", "type":"STRING", "class":"0x7fc96c801668", "frozen":true, "fstring":true, "bytesize":36, "value":"fix_syck_default_key_in_requirements", "encoding":"US-ASCII", "memsize":37, "flags":{"wb_protected":true, "old":true, "marked":true}}
{"address":"0x7fc96c8b1338", "type":"STRING", "class":"0x7fc96c801668", "frozen":true, "embedded":true, "fstring":true, "bytesize":10, "value":"set_prompt", "encoding":"US-ASCII", "flags":{"wb_protected":true, "old":true, "marked":true}}
{"address":"0x7fc96c8b1360", "type":"ARRAY", "class":"0x7fc96c84a048", "length":0, "flags":{"wb_protected":true, "old":true, "marked":true}}
{"address":"0x7fc96c8b1388", "type":"ARRAY", "class":"0x7fc96c84a048", "length":1, "embedded":true, "references":["0x7fc96c8b0e38"], "flags":{"wb_protected":true, "old":true, "marked":true}}
{"address":"0x7fc96c8b13d8", "type":"STRING", "class":"0x7fc96c801668", "bytesize":74, "capacity":128, "value":"/Users/antoine/.rvm/gems/ruby-2.0.0-p247/extensions/x86_64-darwin-13/2.1.0", "encoding":"US-ASCII", "memsize":129, "flags":{"wb_protected":true, "old":true, "marked":true}}
{"address":"0x7fc96c8b1400", "type":"OBJECT", "class":"0x7fc96c8c2688", "ivars":3, "references":["0x7fc96c8b1388"], "flags":{"wb_protected":true, "old":true, "marked":true}}
{"address":"0x7fc96c8b1450", "type":"ARRAY", "class":"0x7fc96c84a048", "length":23, "references":["0x7fc96c8ab140", "0x7fc96c8aa650", "0x7fc96c8aa038", "0x7fc96c8a9b38", "0x7fc96c8a9570", "0x7fc96c8a8fd0", "0x7fc96c8a8670", "0x7fc96d043d30", "0x7fc96d043308", "0x7fc96d042e30", "0x7fc96d042908", "0x7fc96d0422f0", "0x7fc96d0410d0", "0x7fc96d0407c0", "0x7fc96d0403d8", "0x7fc96d040090", "0x7fc96d03bce8", "0x7fc96d03b928", "0x7fc96d03b590", "0x7fc96d03b0b8", "0x7fc96d03ab18", "0x7fc96d03a5a0", "0x7fc96d03a050"], "memsize":296, "flags":{"wb_protected":true, "old":true, "marked":true}}
{"address":"0x7fc96c8b1478", "type":"OBJECT", "class":"0x7fc96d077ae0", "ivars":5, "references":["0x7fc96c8b1608", "0x7fc96c8b1400", "0x7fc96c8b1400"], "memsize":40, "flags":{"wb_protected":true, "old":true, "marked":true}}
{"address":"0x7fc96c8b14c8", "type":"STRING", "class":"0x7fc96c801668", "frozen":true, "embedded":true, "fstring":true, "bytesize":7, "value":"scanner", "encoding":"US-ASCII", "flags":{"wb_protected":true, "old":true, "marked":true}}
{"address":"0x7fc96c8b1540", "type":"ARRAY", "class":"0x7fc96c84a048", "length":0, "flags":{"wb_protected":true, "old":true, "marked":true}}
{"address":"0x7fc96c8b15b8", "type":"STRING", "class":"0x7fc96c801668", "embedded":true, "bytesize":3, "value":"bin", "encoding":"UTF-8", "flags":{"wb_protected":true, "old":true, "marked":true}}
{"address":"0x7fc96c8b1608", "type":"STRING", "class":"0x7fc96c801668", "embedded":true, "bytesize":8, "value":"minitest", "encoding":"UTF-8", "flags":{"wb_protected":true, "old":true, "marked":true}}
{"address":"0x7fc96c8b1720", "type":"STRING", "class":"0x7fc96c801668", "frozen":true, "bytesize":57, "capacity":1026, "value":"/Users/antoine/.rvm/gems/ruby-2.0.0-p247/gems/gosu-0.7.50", "encoding":"US-ASCII", "memsize":1027, "flags":{"wb_protected":true, "old":true, "marked":true}}
{"address":"0x7fc96c8b1748", "type":"STRING", "class":"0x7fc96c801668", "shared":true, "encoding":"US-ASCII", "references":["0x7fc96c8b1720"], "flags":{"wb_protected":true, "old":true, "marked":true}}
{"address":"0x7fc96c8b1798", "type":"STRING", "class":"0x7fc96c801668", "frozen":true, "fstring":true, "bytesize":25, "value":"exception_on_syntax_error", "encoding":"US-ASCII", "memsize":26, "flags":{"wb_protected":true, "old":true, "marked":true}}
{"address":"0x7fc96c8b1810", "type":"STRING", "class":"0x7fc96c801668", "bytesize":45, "capacity":128, "value":"/Users/antoine/.rvm/gems/ruby-2.0.0-p247/gems", "encoding":"US-ASCII", "memsize":129, "flags":{"wb_protected":true, "old":true, "marked":true}}
{"address":"0x7fc96c8b1888", "type":"STRING", "class":"0x7fc96c801668", "bytesize":40, "value":"/Users/antoine/.rvm/gems/ruby-2.0.0-p247", "encoding":"US-ASCII", "memsize":41, "flags":{"wb_protected":true, "old":true, "marked":true}}
{"address":"0x7fc96c8b18d8", "type":"STRING", "class":"0x7fc96c801668", "frozen":true, "embedded":true, "fstring":true, "bytesize":7, "value":"RubyLex", "encoding":"US-ASCII", "flags":{"wb_protected":true, "old":true, "marked":true}}
{"address":"0x7fc96c8b1928", "type":"STRING", "class":"0x7fc96c801668", "frozen":true, "embedded":true, "fstring":true, "bytesize":8, "value":"@scanner", "encoding":"US-ASCII", "flags":{"wb_protected":true, "old":true, "marked":true}}
{"address":"0x7fc96c8b19f0", "type":"STRING", "class":"0x7fc96c801668", "frozen":true, "embedded":true, "fstring":true, "bytesize":6, "value":"IN_IRB", "encoding":"US-ASCII", "flags":{"wb_protected":true, "old":true, "marked":true}}
{"address":"0x7fc96c8b1a18", "type":"OBJECT", "class":"0x7fc96d074e30", "ivars":50, "references":["0x7fc96d039b50", "0x7fc96c8c4528", "0x7fc96c8c6878", "0x7fc96c8c4370", "0x7fc96c8b03e8", "0x7fc96c8b03c0", "0x7fc96c8abf28", "0x7fc96c8b0af0", "0x7fc96c8abd20", "0x7fc96c8b0aa0", "0x7fc96c8b0618", "0x7fc96c8b15b8", "0x7fc96c8b1540", "0x7fc96c8b0438", "0x7fc96c8b1450", "0x7fc96c8b0258", "0x7fc96c8b1360", "0x7fc96c8b01b8", "0x7fc96c8abf50", "0x7fc96c8b1090", "0x7fc96c8b0ff0", "0x7fc96c8b0f78", "0x7fc96c8b0ed8", "0x7fc96c8abeb0", "0x7fc96c8b0de8", "0x7fc96c8b0870", "0x7fc96c8b0cd0", "0x7fc96c8abe88", "0x7fc96c8b0b68", "0x7fc96c8c82e0", "0x7fc96c8c5978"], "memsize":400, "flags":{"wb_protected":true, "old":true, "marked":true}}
{"address":"0x7fc96c8b1a40", "type":"STRING", "class":"0x7fc96c801668", "frozen":true, "embedded":true, "fstring":true, "bytesize":14, "value":"@signal_status", "encoding":"US-ASCII", "flags":{"wb_protected":true, "old":true, "marked":true}}
{"address":"0x7fc96c8b1b80", "type":"STRING", "class":"0x7fc96c801668", "frozen":true, "embedded":true, "fstring":true, "bytesize":19, "value":"ExtendCommandBundle", "encoding":"US-ASCII", "flags":{"wb_protected":true, "old":true, "marked":true}}
{"address":"0x7fc96c8b1bf8", "type":"STRING", "class":"0x7fc96c801668", "frozen":true, "embedded":true, "fstring":true, "bytesize":11, "value":"rspec-mocks", "encoding":"UTF-8", "flags":{"wb_protected":true, "old":true, "marked":true}}
{"address":"0x7fc96c8b1c20", "type":"STRING", "class":"0x7fc96c801668", "frozen":true, "embedded":true, "fstring":true, "bytesize":18, "value":"rspec-expectations", "encoding":"UTF-8", "flags":{"wb_protected":true, "old":true, "marked":true}}
{"address":"0x7fc96c8b1c70", "type":"STRING", "class":"0x7fc96c801668", "frozen":true, "embedded":true, "fstring":true, "bytesize":10, "value":"rspec-core", "encoding":"UTF-8", "flags":{"wb_protected":true, "old":true, "marked":true}}
{"address":"0x7fc96c8b1db0", "type":"STRING", "class":"0x7fc96c801668", "frozen":true, "embedded":true, "fstring":true, "bytesize":7, "value":"Context", "encoding":"US-ASCII", "flags":{"wb_protected":true, "old":true, "marked":true}}
{"address":"0x7fc96c8b1e00", "type":"STRING", "class":"0x7fc96c801668", "frozen":true, "embedded":true, "fstring":true, "bytesize":8, "value":"@context", "encoding":"US-ASCII", "flags":{"wb_protected":true, "old":true, "marked":true}}
{"address":"0x7fc96c8b1e50", "type":"STRING", "class":"0x7fc96c801668", "frozen":true, "embedded":true, "fstring":true, "bytesize":6, "value":"exact?", "encoding":"US-ASCII", "flags":{"wb_protected":true, "old":true, "marked":true}}
{"address":"0x7fc96c8b1f18", "type":"STRING", "class":"0x7fc96c801668", "frozen":true, "embedded":true, "fstring":true, "bytesize":13, "value":"output_method", "encoding":"US-ASCII", "flags":{"wb_protected":true, "old":true, "marked":true}}
{"address":"0x7fc96c8b1fb8", "type":"STRING", "class":"0x7fc96c801668", "frozen":true, "embedded":true, "fstring":true, "bytesize":12, "value":"input_method", "encoding":"US-ASCII", "flags":{"wb_protected":true, "old":true, "marked":true}}
{"address":"0x7fc96c8b2058", "type":"STRING", "class":"0x7fc96c801668", "frozen":true, "embedded":true, "fstring":true, "bytesize":9, "value":"workspace", "encoding":"US-ASCII", "flags":{"wb_protected":true, "old":true, "marked":true}}
{"address":"0x7fc96c8b20f8", "type":"ARRAY", "class":"0x7fc96c84a048", "length":1, "embedded":true, "flags":{"wb_protected":true, "old":true, "marked":true}}
{"address":"0x7fc96c8b2210", "type":"STRING", "class":"0x7fc96c801668", "shared":true, "encoding":"UTF-8", "references":["0x7fc96c8b22d8"], "flags":{"wb_protected":true, "old":true, "marked":true}}
{"address":"0x7fc96c8b2260", "type":"STRING", "class":"0x7fc96c801668", "frozen":true, "fstring":true, "bytesize":36, "value":"http://wiki.opscode.com/display/chef", "encoding":"UTF-8", "memsize":37, "flags":{"wb_protected":true, "old":true, "marked":true}}
{"address":"0x7fc96c8b2288", "type":"STRING", "class":"0x7fc96c801668", "frozen":true, "fstring":true, "bytesize":24, "value":"bin/chef-service-manager", "encoding":"UTF-8", "memsize":25, "flags":{"wb_protected":true, "old":true, "marked":true}}
{"address":"0x7fc96c8b22d8", "type":"STRING", "class":"0x7fc96c801668", "frozen":true, "bytesize":29, "value":"Ruby based make-like utility.", "encoding":"UTF-8", "memsize":30, "flags":{"wb_protected":true, "old":true, "marked":true}}
{"address":"0x7fc96c8b23c8", "type":"STRING", "class":"0x7fc96c801668", "embedded":true, "bytesize":5, "value":"2.0.6", "encoding":"UTF-8", "flags":{"wb_protected":true, "old":true, "marked":true}}
{"address":"0x7fc96c8b23f0", "type":"ARRAY", "class":"0x7fc96c84a048", "length":2, "embedded":true, "references":["0x7fc96c8b2670", "0x7fc96c8b2620"], "flags":{"wb_protected":true, "old":true, "marked":true}}
{"address":"0x7fc96c8b2418", "type":"STRING", "class":"0x7fc96c801668", "embedded":true, "bytesize":5, "value":"1.8.6", "encoding":"UTF-8", "flags":{"wb_protected":true, "old":true, "marked":true}}
{"address":"0x7fc96c8b24e0", "type":"STRING", "class":"0x7fc96c801668", "frozen":true, "embedded":true, "fstring":true, "bytesize":6, "value":"thread", "encoding":"US-ASCII", "flags":{"wb_protected":true, "old":true, "marked":true}}
{"address":"0x7fc96c8b2558", "type":"STRING", "class":"0x7fc96c801668", "frozen":true, "fstring":true, "bytesize":119, "value":"A systems integration framework, built to bring the benefits of configuration management to your entire infrastructure.", "encoding":"UTF-8", "memsize":120, "flags":{"wb_protected":true, "old":true, "marked":true}}
{"address":"0x7fc96c8b25f8", "type":"STRING", "class":"0x7fc96c801668", "embedded":true, "bytesize":1, "value":"0", "encoding":"US-ASCII", "flags":{"wb_protected":true, "old":true, "marked":true}}
{"address":"0x7fc96c8b2620", "type":"OBJECT", "class":"0x7fc96d040a68", "ivars":3, "references":["0x7fc96c8b2418"], "flags":{"wb_protected":true, "old":true, "marked":true}}
{"address":"0x7fc96c8b2670", "type":"STRING", "class":"0x7fc96c801668", "embedded":true, "bytesize":2, "value":">=", "encoding":"UTF-8", "flags":{"wb_protected":true, "old":true, "marked":true}}
{"address":"0x7fc96c8b26e8", "type":"STRING", "class":"0x7fc96c801668", "frozen":true, "embedded":true, "bytesize":16, "value":"RubyToken::TkFID", "encoding":"US-ASCII", "flags":{"wb_protected":true, "old":true, "marked":true}}
{"address":"0x7fc96c8b2710", "type":"STRING", "class":"0x7fc96c801668", "frozen":true, "embedded":true, "fstring":true, "bytesize":9, "value":"irb_abort", "encoding":"US-ASCII", "flags":{"wb_protected":true, "old":true, "marked":true}}
{"address":"0x7fc96c8b2760", "type":"CLASS", "class":"0x7fc96c802e28", "name":"Class", "references":["0x7fc96c8b2788", "0x7fc96d046418"], "memsize":672, "flags":{"wb_protected":true, "old":true, "marked":true}}
{"address":"0x7fc96c8b2788", "type":"CLASS", "class":"0x7fc96c8b2760", "name":"RubyToken::TkFID", "references":["0x7fc96c8b26e8", "0x7fc96d046440"], "memsize":672, "flags":{"wb_protected":true, "old":true, "marked":true}}
{"address":"0x7fc96c8b2850", "type":"ARRAY", "class":"0x7fc96c84a048", "length":1, "embedded":true, "references":["0x7fc96c8b23f0"], "flags":{"wb_protected":true, "old":true, "marked":true}}
{"address":"0x7fc96c8b28c8", "type":"OBJECT", "class":"0x7fc96c8c2688", "ivars":3, "references":["0x7fc96c8b2850"], "flags":{"wb_protected":true, "old":true, "marked":true}}
{"address":"0x7fc96c8b2918", "type":"ARRAY", "class":"0x7fc96c84a048", "length":1, "embedded":true, "references":["0x7fc96c8b2940"], "flags":{"wb_protected":true, "old":true, "marked":true}}
{"address":"0x7fc96c8b2940", "type":"STRING", "class":"0x7fc96c801668", "embedded":true, "bytesize":3, "value":"lib", "encoding":"UTF-8", "flags":{"wb_protected":true, "old":true, "marked":true}}
{"address":"0x7fc96c8b2968", "type":"ARRAY", "class":"0x7fc96c84a048", "length":6, "references":["0x7fc96c8b2af8", "0x7fc96c8b2a80", "0x7fc96c8b2a30", "0x7fc96c8b2a08", "0x7fc96c8b29b8", "0x7fc96c8b2990"], "memsize":48, "flags":{"wb_protected":true, "old":true, "marked":true}}
{"address":"0x7fc96c8b2990", "type":"STRING", "class":"0x7fc96c801668", "embedded":true, "bytesize":17, "value":"Rake -- Ruby Make", "encoding":"UTF-8", "flags":{"wb_protected":true, "old":true, "marked":true}}
{"address":"0x7fc96c8b29b8", "type":"STRING", "class":"0x7fc96c801668", "embedded":true, "bytesize":7, "value":"--title", "encoding":"UTF-8", "flags":{"wb_protected":true, "old":true, "marked":true}}
{"address":"0x7fc96c8b2a08", "type":"STRING", "class":"0x7fc96c801668", "embedded":true, "bytesize":11, "value":"README.rdoc", "encoding":"UTF-8", "flags":{"wb_protected":true, "old":true, "marked":true}}
{"address":"0x7fc96c8b2a30", "type":"STRING", "class":"0x7fc96c801668", "embedded":true, "bytesize":6, "value":"--main", "encoding":"UTF-8", "flags":{"wb_protected":true, "old":true, "marked":true}}
{"address":"0x7fc96c8b2a58", "type":"STRING", "class":"0x7fc96c801668", "frozen":true, "embedded":true, "fstring":true, "bytesize":3, "value":"ret", "encoding":"US-ASCII", "flags":{"wb_protected":true, "old":true, "marked":true}}
{"address":"0x7fc96c8b2a80", "type":"STRING", "class":"0x7fc96c801668", "embedded":true, "bytesize":11, "value":"--show-hash", "encoding":"UTF-8", "flags":{"wb_protected":true, "old":true, "marked":true}}
{"address":"0x7fc96c8b2aa8", "type":"STRING", "class":"0x7fc96c801668", "frozen":true, "embedded":true, "fstring":true, "bytesize":8, "value":"irb_exit", "encoding":"US-ASCII", "flags":{"wb_protected":true, "old":true, "marked":true}}
{"address":"0x7fc96c8b2ad0", "type":"OBJECT", "class":"0x7fc96d040a68", "ivars":3, "references":["0x7fc96c8b25f8", "0x7fc96c8b20f8"], "flags":{"wb_protected":true, "old":true, "marked":true}}
{"address":"0x7fc96c8b2af8", "type":"STRING", "class":"0x7fc96c801668", "embedded":true, "bytesize":14, "value":"--line-numbers", "encoding":"UTF-8", "flags":{"wb_protected":true, "old":true, "marked":true}}
{"address":"0x7fc96c8b2b20", "type":"ARRAY", "class":"0x7fc96c84a048", "length":1, "embedded":true, "references":["0x7fc96c8b2b48"], "flags":{"wb_protected":true, "old":true, "marked":true}}
{"address":"0x7fc96c8b2b48", "type":"STRING", "class":"0x7fc96c801668", "embedded":true, "bytesize":3, "value":"MIT", "encoding":"UTF-8", "flags":{"wb_protected":true, "old":true, "marked":true}}
{"address":"0x7fc96c8b2b70", "type":"STRING", "class":"0x7fc96c801668", "shared":true, "encoding":"UTF-8", "references":["0x7fc96c8b9c18"], "flags":{"wb_protected":true, "old":true, "marked":true}}
{"address":"0x7fc96c8b2b98", "type":"ARRAY", "class":"0x7fc96c84a048", "length":40, "references":["0x7fc96c8b3408", "0x7fc96c8b33b8", "0x7fc96c8b3390", "0x7fc96c8b3368", "0x7fc96c8b3318", "0x7fc96c8b32f0", "0x7fc96c8b32c8", "0x7fc96c8b3278", "0x7fc96c8b3250", "0x7fc96c8b3228", "0x7fc96c8b3200", "0x7fc96c8b31b0", "0x7fc96c8b3160", "0x7fc96c8b3138", "0x7fc96c8b3110", "0x7fc96c8b3098", "0x7fc96c8b3070", "0x7fc96c8b3048", "0x7fc96c8b3020", "0x7fc96c8b2fd0", "0x7fc96c8b2fa8", "0x7fc96c8b2f80", "0x7fc96c8b2f58", "0x7fc96c8b2f08", "0x7fc96c8b2ee0", "0x7fc96c8b2eb8", "0x7fc96c8b2e68", "0x7fc96c8b2e40", "0x7fc96c8b2e18", "0x7fc96c8b2da0", "0x7fc96c8b2d78", "0x7fc96c8b2d50", "0x7fc96c8b2d28", "0x7fc96c8b2d00", "0x7fc96c8b2cb0", "0x7fc96c8b2c88", "0x7fc96c8b2c60", "0x7fc96c8b2c10", "0x7fc96c8b2be8", "0x7fc96c8b2bc0"], "memsize":320, "flags":{"wb_protected":true, "old":true, "marked":true}}
{"address":"0x7fc96c8b2bc0", "type":"STRING", "class":"0x7fc96c801668", "shared":true, "encoding":"UTF-8", "references":["0x7fc96c8b9c90"], "flags":{"wb_protected":true, "old":true, "marked":true}}
{"address":"0x7fc96c8b2be8", "type":"STRING", "class":"0x7fc96c801668", "shared":true, "encoding":"UTF-8", "references":["0x7fc96c8b9ce0"], "flags":{"wb_protected":true, "old":true, "marked":true}}
{"address":"0x7fc96c8b2c10", "type":"STRING", "class":"0x7fc96c801668", "shared":true, "encoding":"UTF-8", "references":["0x7fc96c8b9d08"], "flags":{"wb_protected":true, "old":true, "marked":true}}
{"address":"0x7fc96c8b2c60", "type":"STRING", "class":"0x7fc96c801668", "shared":true, "encoding":"UTF-8", "references":["0x7fc96c8b9d30"], "flags":{"wb_protected":true, "old":true, "marked":true}}
{"address":"0x7fc96c8b2c88", "type":"STRING", "class":"0x7fc96c801668", "shared":true, "encoding":"UTF-8", "references":["0x7fc96c8b9d80"], "flags":{"wb_protected":true, "old":true, "marked":true}}
{"address":"0x7fc96c8b2cb0", "type":"STRING", "class":"0x7fc96c801668", "shared":true, "encoding":"UTF-8", "references":["0x7fc96c8b9da8"], "flags":{"wb_protected":true, "old":true, "marked":true}}
{"address":"0x7fc96c8b2d00", "type":"STRING", "class":"0x7fc96c801668", "shared":true, "encoding":"UTF-8", "references":["0x7fc96c8b9dd0"], "flags":{"wb_protected":true, "old":true, "marked":true}}
{"address":"0x7fc96c8b2d28", "type":"STRING", "class":"0x7fc96c801668", "shared":true, "encoding":"UTF-8", "references":["0x7fc96c8b9e70"], "flags":{"wb_protected":true, "old":true, "marked":true}}
{"address":"0x7fc96c8b2d50", "type":"STRING", "class":"0x7fc96c801668", "shared":true, "encoding":"UTF-8", "references":["0x7fc96c8b9f10"], "flags":{"wb_protected":true, "old":true, "marked":true}}
{"address":"0x7fc96c8b2d78", "type":"STRING", "class":"0x7fc96c801668", "shared":true, "encoding":"UTF-8", "references":["0x7fc96c8b9f38"], "flags":{"wb_protected":true, "old":true, "marked":true}}
{"address":"0x7fc96c8b2da0", "type":"STRING", "class":"0x7fc96c801668", "shared":true, "encoding":"UTF-8", "references":["0x7fc96c8b9f88"], "flags":{"wb_protected":true, "old":true, "marked":true}}
{"address":"0x7fc96c8b2dc8", "type":"STRING", "class":"0x7fc96c801668", "frozen":true, "embedded":true, "fstring":true, "bytesize":7, "value":"AT_EXIT", "encoding":"US-ASCII", "flags":{"wb_protected":true, "old":true, "marked":true}}
{"address":"0x7fc96c8b2df0", "type":"STRING", "class":"0x7fc96c801668", "frozen":true, "embedded":true, "fstring":true, "bytesize":12, "value":"for_lockfile", "encoding":"US-ASCII", "flags":{"wb_protected":true, "old":true, "marked":true}}
{"address":"0x7fc96c8b2e18", "type":"STRING", "class":"0x7fc96c801668", "shared":true, "encoding":"UTF-8", "references":["0x7fc96c8b9fb0"], "flags":{"wb_protected":true, "old":true, "marked":true}}
{"address":"0x7fc96c8b2e40", "type":"STRING", "class":"0x7fc96c801668", "shared":true, "encoding":"UTF-8", "references":["0x7fc96c8b9fd8"], "flags":{"wb_protected":true, "old":true, "marked":true}}
{"address":"0x7fc96c8b2e68", "type":"STRING", "class":"0x7fc96c801668", "shared":true, "encoding":"UTF-8", "references":["0x7fc96c8ba000"], "flags":{"wb_protected":true, "old":true, "marked":true}}
{"address":"0x7fc96c8b2eb8", "type":"STRING", "class":"0x7fc96c801668", "shared":true, "encoding":"UTF-8", "references":["0x7fc96c8ba028"], "flags":{"wb_protected":true, "old":true, "marked":true}}
{"address":"0x7fc96c8b2ee0", "type":"STRING", "class":"0x7fc96c801668", "shared":true, "encoding":"UTF-8", "references":["0x7fc96c8ba078"], "flags":{"wb_protected":true, "old":true, "marked":true}}
{"address":"0x7fc96c8b2f08", "type":"STRING", "class":"0x7fc96c801668", "shared":true, "encoding":"UTF-8", "references":["0x7fc96c8ba0a0"], "flags":{"wb_protected":true, "old":true, "marked":true}}
{"address":"0x7fc96c8b2f58", "type":"STRING", "class":"0x7fc96c801668", "shared":true, "encoding":"UTF-8", "references":["0x7fc96c8ba0c8"], "flags":{"wb_protected":true, "old":true, "marked":true}}
{"address":"0x7fc96c8b2f80", "type":"STRING", "class":"0x7fc96c801668", "shared":true, "encoding":"UTF-8", "references":["0x7fc96c8ba118"], "flags":{"wb_protected":true, "old":true, "marked":true}}
{"address":"0x7fc96c8b2fa8", "type":"STRING", "class":"0x7fc96c801668", "shared":true, "encoding":"UTF-8", "references":["0x7fc96c8ba140"], "flags":{"wb_protected":true, "old":true, "marked":true}}
{"address":"0x7fc96c8b2fd0", "type":"STRING", "class":"0x7fc96c801668", "shared":true, "encoding":"UTF-8", "references":["0x7fc96c8ba168"], "flags":{"wb_protected":true, "old":true, "marked":true}}
{"address":"0x7fc96c8b2ff8", "type":"CLASS", "class":"0x7fc96c8abf00", "name":"RubyToken::TkCVAR", "references":["0x7fc96c8abd98", "0x7fc96d046440"], "memsize":672, "flags":{"wb_protected":true, "old":true, "marked":true}}
{"address":"0x7fc96c8b3020", "type":"STRING", "class":"0x7fc96c801668", "shared":true, "encoding":"UTF-8", "references":["0x7fc96c8ba190"], "flags":{"wb_protected":true, "old":true, "marked":true}}
{"address":"0x7fc96c8b3048", "type":"STRING", "class":"0x7fc96c801668", "shared":true, "encoding":"UTF-8", "references":["0x7fc96c8ba1b8"], "flags":{"wb_protected":true, "old":true, "marked":true}}
{"address":"0x7fc96c8b3070", "type":"STRING", "class":"0x7fc96c801668", "shared":true, "encoding":"UTF-8", "references":["0x7fc96c8ba1e0"], "flags":{"wb_protected":true, "old":true, "marked":true}}
{"address":"0x7fc96c8b3098", "type":"STRING", "class":"0x7fc96c801668", "shared":true, "encoding":"UTF-8", "references":["0x7fc96c8ba208"], "flags":{"wb_protected":true, "old":true, "marked":true}}
{"address":"0x7fc96c8b30c0", "type":"STRING", "class":"0x7fc96c801668", "frozen":true, "embedded":true, "fstring":true, "bytesize":11, "value":"irb_at_exit", "encoding":"US-ASCII", "flags":{"wb_protected":true, "old":true, "marked":true}}
{"address":"0x7fc96c8b3110", "type":"STRING", "class":"0x7fc96c801668", "shared":true, "encoding":"UTF-8", "references":["0x7fc96c8ba230"], "flags":{"wb_protected":true, "old":true, "marked":true}}
{"address":"0x7fc96c8b3138", "type":"STRING", "class":"0x7fc96c801668", "shared":true, "encoding":"UTF-8", "references":["0x7fc96c8ba280"], "flags":{"wb_protected":true, "old":true, "marked":true}}
{"address":"0x7fc96c8b3160", "type":"STRING", "class":"0x7fc96c801668", "shared":true, "encoding":"UTF-8", "references":["0x7fc96c8ba2a8"], "flags":{"wb_protected":true, "old":true, "marked":true}}
{"address":"0x7fc96c8b31b0", "type":"STRING", "class":"0x7fc96c801668", "shared":true, "encoding":"UTF-8", "references":["0x7fc96c8ba2d0"], "flags":{"wb_protected":true, "old":true, "marked":true}}
{"address":"0x7fc96c8b31d8", "type":"STRING", "class":"0x7fc96c801668", "frozen":true, "embedded":true, "fstring":true, "bytesize":10, "value":"eval_input", "encoding":"US-ASCII", "flags":{"wb_protected":true, "old":true, "marked":true}}
{"address":"0x7fc96c8b3200", "type":"STRING", "class":"0x7fc96c801668", "shared":true, "encoding":"UTF-8", "references":["0x7fc96c8ba320"], "flags":{"wb_protected":true, "old":true, "marked":true}}
{"address":"0x7fc96c8b3228", "type":"STRING", "class":"0x7fc96c801668", "embedded":true, "bytesize":17, "value":"doc/rational.rdoc", "encoding":"UTF-8", "flags":{"wb_protected":true, "old":true, "marked":true}}
{"address":"0x7fc96c8b3250", "type":"STRING", "class":"0x7fc96c801668", "embedded":true, "bytesize":17, "value":"doc/rakefile.rdoc", "encoding":"UTF-8", "flags":{"wb_protected":true, "old":true, "marked":true}}
{"address":"0x7fc96c8b3278", "type":"STRING", "class":"0x7fc96c801668", "embedded":true, "bytesize":19, "value":"doc/proto_rake.rdoc", "encoding":"UTF-8", "flags":{"wb_protected":true, "old":true, "marked":true}}
{"address":"0x7fc96c8b32a0", "type":"STRING", "class":"0x7fc96c801668", "frozen":true, "embedded":true, "fstring":true, "bytesize":8, "value":"IRB_EXIT", "encoding":"US-ASCII", "flags":{"wb_protected":true, "old":true, "marked":true}}
{"address":"0x7fc96c8b32c8", "type":"STRING", "class":"0x7fc96c801668", "embedded":true, "bytesize":17, "value":"doc/glossary.rdoc", "encoding":"UTF-8", "flags":{"wb_protected":true, "old":true, "marked":true}}
{"address":"0x7fc96c8b32f0", "type":"STRING", "class":"0x7fc96c801668", "shared":true, "encoding":"UTF-8", "references":["0x7fc96c8ba438"], "flags":{"wb_protected":true, "old":true, "marked":true}}
{"address":"0x7fc96c8b3318", "type":"STRING", "class":"0x7fc96c801668", "embedded":true, "bytesize":7, "value":"CHANGES", "encoding":"UTF-8", "flags":{"wb_protected":true, "old":true, "marked":true}}
{"address":"0x7fc96c8b3368", "type":"STRING", "class":"0x7fc96c801668", "embedded":true, "bytesize":4, "value":"TODO", "encoding":"UTF-8", "flags":{"wb_protected":true, "old":true, "marked":true}}
{"address":"0x7fc96c8b3390", "type":"STRING", "class":"0x7fc96c801668", "embedded":true, "bytesize":11, "value":"MIT-LICENSE", "encoding":"UTF-8", "flags":{"wb_protected":true, "old":true, "marked":true}}
{"address":"0x7fc96c8b33b8", "type":"STRING", "class":"0x7fc96c801668", "embedded":true, "bytesize":11, "value":"README.rdoc", "encoding":"UTF-8", "flags":{"wb_protected":true, "old":true, "marked":true}}
{"address":"0x7fc96c8b3408", "type":"STRING", "class":"0x7fc96c801668", "embedded":true, "bytesize":8, "value":"bin/rake", "encoding":"UTF-8", "flags":{"wb_protected":true, "old":true, "marked":true}}
{"address":"0x7fc96c8b3430", "type":"STRING", "class":"0x7fc96c801668", "frozen":true, "embedded":true, "fstring":true, "bytesize":13, "value":"signal_handle", "encoding":"US-ASCII", "flags":{"wb_protected":true, "old":true, "marked":true}}
{"address":"0x7fc96c8b3458", "type":"ARRAY", "class":"0x7fc96c84a048", "length":39, "references":["0x7fc96c8b3c28", "0x7fc96c8b3c00", "0x7fc96c8b3bd8", "0x7fc96c8b3bb0", "0x7fc96c8b3b88", "0x7fc96c8b3b60", "0x7fc96c8b3b38", "0x7fc96c8b3b10", "0x7fc96c8b3ac0", "0x7fc96c8b3a98", "0x7fc96c8b3a70", "0x7fc96c8b3a20", "0x7fc96c8b39f8", "0x7fc96c8b39d0", "0x7fc96c8b3980", "0x7fc96c8b3930", "0x7fc96c8b3908", "0x7fc96c8b38e0", "0x7fc96c8b38b8", "0x7fc96c8b3840", "0x7fc96c8b3818", "0x7fc96c8b37f0", "0x7fc96c8b37a0", "0x7fc96c8b3750", "0x7fc96c8b3728", "0x7fc96c8b3700", "0x7fc96c8b36d8", "0x7fc96c8b36b0", "0x7fc96c8b3688", "0x7fc96c8b3660", "0x7fc96c8b35e8", "0x7fc96c8b35c0", "0x7fc96c8b3598", "0x7fc96c8b3548", "0x7fc96c8b3520", "0x7fc96c8b34f8", "0x7fc96c8b34d0", "0x7fc96c8b34a8", "0x7fc96c8b3480"], "memsize":312, "flags":{"wb_protected":true, "old":true, "marked":true}}
{"address":"0x7fc96c8b3480", "type":"STRING", "class":"0x7fc96c801668", "shared":true, "encoding":"UTF-8", "references":["0x7fc96c8b9c90"], "flags":{"wb_protected":true, "old":true, "marked":true}}
{"address":"0x7fc96c8b34a8", "type":"STRING", "class":"0x7fc96c801668", "shared":true, "encoding":"UTF-8", "references":["0x7fc96c8b9ce0"], "flags":{"wb_protected":true, "old":true, "marked":true}}
{"address":"0x7fc96c8b34d0", "type":"STRING", "class":"0x7fc96c801668", "shared":true, "encoding":"UTF-8", "references":["0x7fc96c8b9d08"], "flags":{"wb_protected":true, "old":true, "marked":true}}
{"address":"0x7fc96c8b34f8", "type":"STRING", "class":"0x7fc96c801668", "shared":true, "encoding":"UTF-8", "references":["0x7fc96c8b9d30"], "flags":{"wb_protected":true, "old":true, "marked":true}}
{"address":"0x7fc96c8b3520", "type":"STRING", "class":"0x7fc96c801668", "shared":true, "encoding":"UTF-8", "references":["0x7fc96c8b9d80"], "flags":{"wb_protected":true, "old":true, "marked":true}}
{"address":"0x7fc96c8b3548", "type":"STRING", "class":"0x7fc96c801668", "shared":true, "encoding":"UTF-8", "references":["0x7fc96c8b9da8"], "flags":{"wb_protected":true, "old":true, "marked":true}}
{"address":"0x7fc96c8b3598", "type":"STRING", "class":"0x7fc96c801668", "shared":true, "encoding":"UTF-8", "references":["0x7fc96c8b9dd0"], "flags":{"wb_protected":true, "old":true, "marked":true}}
{"address":"0x7fc96c8b35c0", "type":"STRING", "class":"0x7fc96c801668", "shared":true, "encoding":"UTF-8", "references":["0x7fc96c8b9e70"], "flags":{"wb_protected":true, "old":true, "marked":true}}
{"address":"0x7fc96c8b35e8", "type":"STRING", "class":"0x7fc96c801668", "shared":true, "encoding":"UTF-8", "references":["0x7fc96c8b9f10"], "flags":{"wb_protected":true, "old":true, "marked":true}}
{"address":"0x7fc96c8b3610", "type":"STRING", "class":"0x7fc96c801668", "frozen":true, "embedded":true, "bytesize":23, "value":"RubyToken::TkIDENTIFIER", "encoding":"US-ASCII", "flags":{"wb_protected":true, "old":true, "marked":true}}
{"address":"0x7fc96c8b3660", "type":"STRING", "class":"0x7fc96c801668", "shared":true, "encoding":"UTF-8", "references":["0x7fc96c8b9f38"], "flags":{"wb_protected":true, "old":true, "marked":true}}
{"address":"0x7fc96c8b3688", "type":"STRING", "class":"0x7fc96c801668", "shared":true, "encoding":"UTF-8", "references":["0x7fc96c8b9f88"], "flags":{"wb_protected":true, "old":true, "marked":true}}
{"address":"0x7fc96c8b36b0", "type":"STRING", "class":"0x7fc96c801668", "shared":true, "encoding":"UTF-8", "references":["0x7fc96c8b9fb0"], "flags":{"wb_protected":true, "old":true, "marked":true}}
{"address":"0x7fc96c8b36d8", "type":"STRING", "class":"0x7fc96c801668", "shared":true, "encoding":"UTF-8", "references":["0x7fc96c8b9fd8"], "flags":{"wb_protected":true, "old":true, "marked":true}}
{"address":"0x7fc96c8b3700", "type":"STRING", "class":"0x7fc96c801668", "shared":true, "encoding":"UTF-8", "references":["0x7fc96c8ba000"], "flags":{"wb_protected":true, "old":true, "marked":true}}
{"address":"0x7fc96c8b3728", "type":"STRING", "class":"0x7fc96c801668", "shared":true, "encoding":"UTF-8", "references":["0x7fc96c8ba028"], "flags":{"wb_protected":true, "old":true, "marked":true}}
{"address":"0x7fc96c8b3750", "type":"STRING", "class":"0x7fc96c801668", "shared":true, "encoding":"UTF-8", "references":["0x7fc96c8ba078"], "flags":{"wb_protected":true, "old":true, "marked":true}}
{"address":"0x7fc96c8b3778", "type":"CLASS", "class":"0x7fc96c802e28", "name":"Class", "references":["0x7fc96c8b39a8", "0x7fc96d046418"], "memsize":672, "flags":{"wb_protected":true, "old":true, "marked":true}}
{"address":"0x7fc96c8b37a0", "type":"STRING", "class":"0x7fc96c801668", "shared":true, "encoding":"UTF-8", "references":["0x7fc96c8ba0a0"], "flags":{"wb_protected":true, "old":true, "marked":true}}
{"address":"0x7fc96c8b37f0", "type":"STRING", "class":"0x7fc96c801668", "shared":true, "encoding":"UTF-8", "references":["0x7fc96c8ba0c8"], "flags":{"wb_protected":true, "old":true, "marked":true}}
{"address":"0x7fc96c8b3818", "type":"STRING", "class":"0x7fc96c801668", "shared":true, "encoding":"UTF-8", "references":["0x7fc96c8ba118"], "flags":{"wb_protected":true, "old":true, "marked":true}}
{"address":"0x7fc96c8b3840", "type":"STRING", "class":"0x7fc96c801668", "shared":true, "encoding":"UTF-8", "references":["0x7fc96c8ba140"], "flags":{"wb_protected":true, "old":true, "marked":true}}
{"address":"0x7fc96c8b3868", "type":"STRING", "class":"0x7fc96c801668", "frozen":true, "bytesize":75, "capacity":1026, "value":"/Users/antoine/.rvm/gems/ruby-2.0.0-p247/specifications/gosu-0.7.50.gemspec", "encoding":"US-ASCII", "memsize":1027, "flags":{"wb_protected":true, "old":true, "marked":true}}
{"address":"0x7fc96c8b3890", "type":"STRING", "class":"0x7fc96c801668", "frozen":true, "embedded":true, "fstring":true, "bytesize":7, "value":"context", "encoding":"US-ASCII", "flags":{"wb_protected":true, "old":true, "marked":true}}
{"address":"0x7fc96c8b38b8", "type":"STRING", "class":"0x7fc96c801668", "shared":true, "encoding":"UTF-8", "references":["0x7fc96c8ba168"], "flags":{"wb_protected":true, "old":true, "marked":true}}
{"address":"0x7fc96c8b38e0", "type":"STRING", "class":"0x7fc96c801668", "shared":true, "encoding":"UTF-8", "references":["0x7fc96c8ba190"], "flags":{"wb_protected":true, "old":true, "marked":true}}
{"address":"0x7fc96c8b3908", "type":"STRING", "class":"0x7fc96c801668", "shared":true, "encoding":"UTF-8", "references":["0x7fc96c8ba1b8"], "flags":{"wb_protected":true, "old":true, "marked":true}}
{"address":"0x7fc96c8b3930", "type":"STRING", "class":"0x7fc96c801668", "shared":true, "encoding":"UTF-8", "references":["0x7fc96c8ba1e0"], "flags":{"wb_protected":true, "old":true, "marked":true}}
{"address":"0x7fc96c8b3958", "type":"STRING", "class":"0x7fc96c801668", "frozen":true, "embedded":true, "fstring":true, "bytesize":6, "value":"IRB_RC", "encoding":"US-ASCII", "flags":{"wb_protected":true, "old":true, "marked":true}}
{"address":"0x7fc96c8b3980", "type":"STRING", "class":"0x7fc96c801668", "shared":true, "encoding":"UTF-8", "references":["0x7fc96c8ba208"], "flags":{"wb_protected":true, "old":true, "marked":true}}
{"address":"0x7fc96c8b39a8", "type":"CLASS", "class":"0x7fc96c8b3778", "name":"RubyToken::TkIDENTIFIER", "references":["0x7fc96c8b3610", "0x7fc96d046440"], "memsize":864, "flags":{"wb_protected":true, "old":true, "marked":true}}
{"address":"0x7fc96c8b39d0", "type":"STRING", "class":"0x7fc96c801668", "shared":true, "encoding":"UTF-8", "references":["0x7fc96c8ba230"], "flags":{"wb_protected":true, "old":true, "marked":true}}
{"address":"0x7fc96c8b39f8", "type":"STRING", "class":"0x7fc96c801668", "shared":true, "encoding":"UTF-8", "references":["0x7fc96c8ba280"], "flags":{"wb_protected":true, "old":true, "marked":true}}
{"address":"0x7fc96c8b3a20", "type":"STRING", "class":"0x7fc96c801668", "shared":true, "encoding":"UTF-8", "references":["0x7fc96c8ba2a8"], "flags":{"wb_protected":true, "old":true, "marked":true}}
{"address":"0x7fc96c8b3a70", "type":"STRING", "class":"0x7fc96c801668", "shared":true, "encoding":"UTF-8", "references":["0x7fc96c8ba2d0"], "flags":{"wb_protected":true, "old":true, "marked":true}}
{"address":"0x7fc96c8b3a98", "type":"STRING", "class":"0x7fc96c801668", "shared":true, "encoding":"UTF-8", "references":["0x7fc96c8ba320"], "flags":{"wb_protected":true, "old":true, "marked":true}}
{"address":"0x7fc96c8b3ac0", "type":"STRING", "class":"0x7fc96c801668", "embedded":true, "bytesize":17, "value":"doc/rational.rdoc", "encoding":"UTF-8", "flags":{"wb_protected":true, "old":true, "marked":true}}
{"address":"0x7fc96c8b3b10", "type":"STRING", "class":"0x7fc96c801668", "embedded":true, "bytesize":17, "value":"doc/rakefile.rdoc", "encoding":"UTF-8", "flags":{"wb_protected":true, "old":true, "marked":true}}
{"address":"0x7fc96c8b3b38", "type":"STRING", "class":"0x7fc96c801668", "embedded":true, "bytesize":19, "value":"doc/proto_rake.rdoc", "encoding":"UTF-8", "flags":{"wb_protected":true, "old":true, "marked":true}}
{"address":"0x7fc96c8b3b60", "type":"STRING", "class":"0x7fc96c801668", "embedded":true, "bytesize":17, "value":"doc/glossary.rdoc", "encoding":"UTF-8", "flags":{"wb_protected":true, "old":true, "marked":true}}
{"address":"0x7fc96c8b3b88", "type":"STRING", "class":"0x7fc96c801668", "shared":true, "encoding":"UTF-8", "references":["0x7fc96c8ba438"], "flags":{"wb_protected":true, "old":true, "marked":true}}
{"address":"0x7fc96c8b3bb0", "type":"STRING", "class":"0x7fc96c801668", "embedded":true, "bytesize":7, "value":"CHANGES", "encoding":"UTF-8", "flags":{"wb_protected":true, "old":true, "marked":true}}
{"address":"0x7fc96c8b3bd8", "type":"STRING", "class":"0x7fc96c801668", "embedded":true, "bytesize":4, "value":"TODO", "encoding":"UTF-8", "flags":{"wb_protected":true, "old":true, "marked":true}}
{"address":"0x7fc96c8b3c00", "type":"STRING", "class":"0x7fc96c801668", "embedded":true, "bytesize":11, "value":"MIT-LICENSE", "encoding":"UTF-8", "flags":{"wb_protected":true, "old":true, "marked":true}}
{"address":"0x7fc96c8b3c28", "type":"STRING", "class":"0x7fc96c801668", "embedded":true, "bytesize":11, "value":"README.rdoc", "encoding":"UTF-8", "flags":{"wb_protected":true, "old":true, "marked":true}}
{"address":"0x7fc96c8b3c78", "type":"ARRAY", "class":"0x7fc96c84a048", "length":1, "embedded":true, "references":["0x7fc96c8b3cc8"], "flags":{"wb_protected":true, "old":true, "marked":true}}
{"address":"0x7fc96c8b3ca0", "type":"STRING", "class":"0x7fc96c801668", "frozen":true, "embedded":true, "fstring":true, "bytesize":3, "value":"Irb", "encoding":"US-ASCII", "flags":{"wb_protected":true, "old":true, "marked":true}}
{"address":"0x7fc96c8b3cc8", "type":"STRING", "class":"0x7fc96c801668", "embedded":true, "bytesize":4, "value":"rake", "encoding":"UTF-8", "flags":{"wb_protected":true, "old":true, "marked":true}}
{"address":"0x7fc96c8b3cf0", "type":"STRING", "class":"0x7fc96c801668", "frozen":true, "embedded":true, "fstring":true, "bytesize":3, "value":"irb", "encoding":"US-ASCII", "flags":{"wb_protected":true, "old":true, "marked":true}}
{"address":"0x7fc96c8b3d18", "type":"STRING", "class":"0x7fc96c801668", "embedded":true, "bytesize":21, "value":"jim.weirich@gmail.com", "encoding":"UTF-8", "flags":{"wb_protected":true, "old":true, "marked":true}}
{"address":"0x7fc96c8b3d68", "type":"STRING", "class":"0x7fc96c801668", "shared":true, "encoding":"UTF-8", "references":["0x7fc96c8ba578"], "flags":{"wb_protected":true, "old":true, "marked":true}}
{"address":"0x7fc96c8b3db8", "type":"STRING", "class":"0x7fc96c801668", "frozen":true, "embedded":true, "fstring":true, "bytesize":6, "value":"SCRIPT", "encoding":"US-ASCII", "flags":{"wb_protected":true, "old":true, "marked":true}}
{"address":"0x7fc96c8b3de0", "type":"DATA", "class":"0x7fc96c841150", "struct":"time", "memsize":88, "flags":{"remembered":true}}
{"address":"0x7fc96c8b3f20", "type":"STRING", "class":"0x7fc96c801668", "frozen":true, "embedded":true, "fstring":true, "bytesize":5, "value":"setup", "encoding":"US-ASCII", "flags":{"wb_protected":true, "old":true, "marked":true}}
{"address":"0x7fc96c8b8020", "type":"NODE", "node_type":"NODE_CREF", "references":["0x7fc96c8c2688", "0x7fc96c8b9330"], "flags":{"wb_protected":true, "old":true, "marked":true}}
{"address":"0x7fc96c8b8048", "type":"DATA", "class":"0x7fc96c833488", "struct":"iseq", "references":["0x7fc96c8c3e20", "0x7fc96c8b2df0", "0x7fc96c8b2df0", "0x7fc96d0402e8", "0x7fc96d0402e8", "0x7fc96c8b8020", "0x7fc96c8c2688"], "memsize":2120, "flags":{"wb_protected":true, "old":true, "marked":true}}
{"address":"0x7fc96c8b8098", "type":"ARRAY", "length":1, "embedded":true, "references":["0x7fc96c8b8160"], "flags":{"wb_protected":true, "old":true, "marked":true}}
{"address":"0x7fc96c8b80e8", "type":"ARRAY", "class":"0x7fc96c84a048", "length":0, "flags":{"wb_protected":true, "old":true, "marked":true}}
{"address":"0x7fc96c8b8160", "type":"DATA", "class":"0x7fc96c833488", "struct":"iseq", "references":["0x7fc96c8b8188", "0x7fc96c800f88", "0x7fc96d0402e8", "0x7fc96d0402e8", "0x7fc96c8b8228"], "memsize":872, "flags":{"wb_protected":true, "old":true, "marked":true}}
{"address":"0x7fc96c8b8188", "type":"STRING", "class":"0x7fc96c801668", "frozen":true, "fstring":true, "bytesize":15, "capacity":120, "value":"block in concat", "memsize":121, "flags":{"wb_protected":true, "old":true, "marked":true}}
{"address":"0x7fc96c8b8228", "type":"NODE", "node_type":"NODE_CREF", "references":["0x7fc96c8c2688", "0x7fc96c8b9330"], "flags":{"wb_protected":true, "old":true, "marked":true}}
{"address":"0x7fc96c8b8250", "type":"DATA", "class":"0x7fc96c833488", "struct":"iseq", "references":["0x7fc96c8b8098", "0x7fc96c800f88", "0x7fc96c800f88", "0x7fc96d0402e8", "0x7fc96d0402e8", "0x7fc96c8b8228", "0x7fc96c8c2688"], "memsize":1720, "flags":{"wb_protected":true, "old":true, "marked":true}}
{"address":"0x7fc96c8b8278", "type":"STRING", "class":"0x7fc96c801668", "frozen":true, "embedded":true, "fstring":true, "bytesize":7, "value":"ap_path", "encoding":"US-ASCII", "flags":{"wb_protected":true, "old":true, "marked":true}}
{"address":"0x7fc96c8b82a0", "type":"ARRAY", "length":1, "embedded":true, "references":["0x7fc96c8b8368"], "flags":{"wb_protected":true, "old":true, "marked":true}}
{"address":"0x7fc96c8b82c8", "type":"STRING", "class":"0x7fc96c801668", "embedded":true, "bytesize":4, "value":"rake", "encoding":"UTF-8", "flags":{"wb_protected":true, "old":true, "marked":true}}
{"address":"0x7fc96c8b8340", "type":"ARRAY", "class":"0x7fc96c84a048", "length":0, "flags":{"wb_protected":true, "old":true, "marked":true}}
{"address":"0x7fc96c8b8368", "type":"DATA", "class":"0x7fc96c833488", "struct":"iseq", "references":["0x7fc96d838180", "0x7fc96c803be8", "0x7fc96d0402e8", "0x7fc96d0402e8", "0x7fc96c8b8408"], "memsize":872, "flags":{"wb_protected":true, "old":true, "marked":true}}
{"address":"0x7fc96c8b8408", "type":"NODE", "node_type":"NODE_CREF", "references":["0x7fc96c8c2688", "0x7fc96c8b9330"], "flags":{"wb_protected":true, "old":true, "marked":true}}
{"address":"0x7fc96c8b8430", "type":"DATA", "class":"0x7fc96c833488", "struct":"iseq", "references":["0x7fc96c8b82a0", "0x7fc96c803be8", "0x7fc96c803be8", "0x7fc96d0402e8", "0x7fc96d0402e8", "0x7fc96c8b8408", "0x7fc96c8c2688"], "memsize":2072, "flags":{"wb_protected":true, "old":true, "marked":true}}
{"address":"0x7fc96c8b8458", "type":"ARRAY", "length":6, "references":["0x7fc96c8ab9b0", "0x7fc96c8b84a8", "0x7fc96d855b90", "0x7fc96d865428", "0x7fc96c8b8480", "0x7fc96c8ab9b0"], "memsize":160, "flags":{"wb_protected":true, "old":true, "marked":true}}
{"address":"0x7fc96c8b8480", "type":"STRING", "class":"0x7fc96c801668", "frozen":true, "embedded":true, "fstring":true, "bytesize":1, "value":"0", "encoding":"UTF-8", "flags":{"wb_protected":true, "old":true, "marked":true}}
{"address":"0x7fc96c8b84a8", "type":"STRING", "class":"0x7fc96c801668", "frozen":true, "embedded":true, "fstring":true, "bytesize":23, "value":"Illformed requirement [", "encoding":"UTF-8", "flags":{"wb_protected":true, "old":true, "marked":true}}
{"address":"0x7fc96c8b8520", "type":"NODE", "node_type":"NODE_CREF", "references":["0x7fc96c8c2688", "0x7fc96c8b9330"], "flags":{"wb_protected":true, "old":true, "marked":true}}
{"address":"0x7fc96c8b8548", "type":"DATA", "class":"0x7fc96c833488", "struct":"iseq", "references":["0x7fc96c8b8458", "0x7fc96c8a8c60", "0x7fc96c8a8c60", "0x7fc96d0402e8", "0x7fc96d0402e8", "0x7fc96c8b8520", "0x7fc96c8c2660"], "memsize":3528, "flags":{"wb_protected":true, "old":true, "marked":true}}
{"address":"0x7fc96c8b8570", "type":"ARRAY", "length":1, "embedded":true, "references":["0x7fc96c8b8598"], "flags":{"wb_protected":true, "old":true, "marked":true}}
{"address":"0x7fc96c8b8598", "type":"STRING", "class":"0x7fc96c801668", "frozen":true, "embedded":true, "fstring":true, "bytesize":4, "value":">= 0", "encoding":"UTF-8", "flags":{"wb_protected":true, "old":true, "marked":true}}
{"address":"0x7fc96c8b8610", "type":"NODE", "node_type":"NODE_CREF", "references":["0x7fc96c8c2688", "0x7fc96c8b9330"], "flags":{"wb_protected":true, "old":true, "marked":true}}
{"address":"0x7fc96c8b8638", "type":"DATA", "class":"0x7fc96c833488", "struct":"iseq", "references":["0x7fc96c8b8570", "0x7fc96c849940", "0x7fc96c849940", "0x7fc96d0402e8", "0x7fc96d0402e8", "0x7fc96c8b8610", "0x7fc96c8c2660"], "memsize":648, "flags":{"wb_protected":true, "old":true, "marked":true}}
{"address":"0x7fc96c8b8660", "type":"STRING", "class":"0x7fc96c801668", "frozen":true, "embedded":true, "fstring":true, "bytesize":12, "value":"MAIN_CONTEXT", "encoding":"US-ASCII", "flags":{"wb_protected":true, "old":true, "marked":true}}
{"address":"0x7fc96c8b86d8", "type":"NODE", "node_type":"NODE_CREF", "references":["0x7fc96c8c2688", "0x7fc96c8b9330"], "flags":{"wb_protected":true, "old":true, "marked":true}}
{"address":"0x7fc96c8b8700", "type":"DATA", "class":"0x7fc96c833488", "struct":"iseq", "references":["0x7fc96c89a570", "0x7fc96c89a570", "0x7fc96d0402e8", "0x7fc96d0402e8", "0x7fc96c8b86d8", "0x7fc96c8c2660"], "memsize":2592, "flags":{"wb_protected":true, "old":true, "marked":true}}
{"address":"0x7fc96c8b8728", "type":"OBJECT", "class":"0x7fc96d040a68", "ivars":3, "references":["0x7fc96c8b9650", "0x7fc96c8989a0"], "flags":{"wb_protected":true, "old":true, "marked":true}}
{"address":"0x7fc96c8b8778", "type":"NODE", "node_type":"NODE_CREF", "references":["0x7fc96c8c1e68", "0x7fc96c8b9240"], "flags":{"wb_protected":true, "old":true, "marked":true}}
{"address":"0x7fc96c8b87a0", "type":"DATA", "class":"0x7fc96c833488", "struct":"iseq", "references":["0x7fc96c8b87c8", "0x7fc96c8b87c8", "0x7fc96d0402e8", "0x7fc96d0402e8", "0x7fc96c8b8778"], "memsize":416, "flags":{"wb_protected":true, "old":true, "marked":true}}
{"address":"0x7fc96c8b87c8", "type":"STRING", "class":"0x7fc96c801668", "frozen":true, "fstring":true, "bytesize":27, "capacity":120, "value":"<class:BadRequirementError>", "memsize":121, "flags":{"wb_protected":true, "old":true, "marked":true}}
{"address":"0x7fc96c8b87f0", "type":"STRING", "class":"0x7fc96c801668", "frozen":true, "embedded":true, "fstring":true, "bytesize":14, "value":"CurrentContext", "encoding":"US-ASCII", "flags":{"wb_protected":true, "old":true, "marked":true}}
{"address":"0x7fc96c8b8818", "type":"STRING", "class":"0x7fc96c801668", "frozen":true, "embedded":true, "fstring":true, "bytesize":2, "value":"\\z", "encoding":"UTF-8", "flags":{"wb_protected":true, "old":true, "marked":true}}
{"address":"0x7fc96c8b8840", "type":"STRING", "class":"0x7fc96c801668", "frozen":true, "embedded":true, "fstring":true, "bytesize":2, "value":"\\A", "encoding":"UTF-8", "flags":{"wb_protected":true, "old":true, "marked":true}}
{"address":"0x7fc96c8b8868", "type":"STRING", "class":"0x7fc96c801668", "frozen":true, "embedded":true, "fstring":true, "bytesize":4, "value":")\\s*", "encoding":"UTF-8", "flags":{"wb_protected":true, "old":true, "marked":true}}
{"address":"0x7fc96c8b8890", "type":"STRING", "class":"0x7fc96c801668", "frozen":true, "embedded":true, "fstring":true, "bytesize":6, "value":")?\\s*(", "encoding":"UTF-8", "flags":{"wb_protected":true, "old":true, "marked":true}}
{"address":"0x7fc96c8b88b8", "type":"STRING", "class":"0x7fc96c801668", "frozen":true, "embedded":true, "fstring":true, "bytesize":4, "value":"\\s*(", "encoding":"UTF-8", "flags":{"wb_protected":true, "old":true, "marked":true}}
{"address":"0x7fc96c8b89a8", "type":"DATA", "class":"0x7fc96c833488", "struct":"iseq", "references":["0x7fc96c8b91a0", "0x7fc96c8b9290", "0x7fc96d0402e8", "0x7fc96d0402e8", "0x7fc96c8b9240"], "memsize":848, "flags":{"wb_protected":true, "old":true, "marked":true}}
{"address":"0x7fc96c8b89f8", "type":"STRING", "class":"0x7fc96c801668", "frozen":true, "embedded":true, "bytesize":8, "value":"__FILE__", "encoding":"UTF-8", "flags":{"wb_protected":true, "old":true, "marked":true}}
{"address":"0x7fc96c8b8a48", "type":"ARRAY", "class":"0x7fc96c84a048", "length":3, "embedded":true, "flags":{"wb_protected":true, "old":true, "marked":true}}
{"address":"0x7fc96c8b8a70", "type":"STRING", "class":"0x7fc96c801668", "embedded":true, "bytesize":4, "value":"ruby", "encoding":"UTF-8", "flags":{"wb_protected":true, "old":true, "marked":true}}
{"address":"0x7fc96c8b8ac0", "type":"DATA", "class":"0x7fc96c833488", "struct":"iseq", "references":["0x7fc96c8b91a0", "0x7fc96c8b9290", "0x7fc96d0402e8", "0x7fc96d0402e8", "0x7fc96c8b9240"], "memsize":1312, "flags":{"wb_protected":true, "old":true, "marked":true}}
{"address":"0x7fc96c8b8b10", "type":"HASH", "class":"0x7fc96c849918", "size":0, "flags":{"wb_protected":true, "old":true, "marked":true}}
{"address":"0x7fc96c8b8b38", "type":"ARRAY", "class":"0x7fc96c84a048", "length":2, "embedded":true, "references":["0x7fc96c8b8f98"], "flags":{"wb_protected":true, "old":true, "marked":true}}
{"address":"0x7fc96c8b8b88", "type":"STRING", "class":"0x7fc96c801668", "frozen":true, "bytesize":84, "capacity":1026, "value":"/Users/antoine/.rvm/gems/ruby-2.0.0-p247/extensions/x86_64-darwin-13/2.1.0/ffi-0.6.4", "encoding":"US-ASCII", "memsize":1027, "flags":{"wb_protected":true, "old":true, "marked":true}}
{"address":"0x7fc96c8b8bb0", "type":"STRING", "class":"0x7fc96c801668", "frozen":true, "embedded":true, "fstring":true, "bytesize":17, "value":"@LAST_UPDATE_DATE", "encoding":"US-ASCII", "flags":{"wb_protected":true, "old":true, "marked":true}}
{"address":"0x7fc96c8b8bd8", "type":"DATA", "class":"0x7fc96c833488", "struct":"iseq", "references":["0x7fc96c8b91a0", "0x7fc96c8b9290", "0x7fc96d0402e8", "0x7fc96d0402e8", "0x7fc96c8b9240"], "memsize":752, "flags":{"wb_protected":true, "old":true, "marked":true}}
{"address":"0x7fc96c8b8c78", "type":"STRING", "class":"0x7fc96c801668", "shared":true, "encoding":"US-ASCII", "references":["0x7fc96c8b8b88"], "flags":{"wb_protected":true, "old":true, "marked":true}}
{"address":"0x7fc96c8b8ca0", "type":"ARRAY", "class":"0x7fc96c84a048", "length":3, "embedded":true, "flags":{"wb_protected":true, "old":true, "marked":true}}
{"address":"0x7fc96c8b8cf0", "type":"DATA", "class":"0x7fc96c833488", "struct":"iseq", "references":["0x7fc96c8b91a0", "0x7fc96c8b9290", "0x7fc96d0402e8", "0x7fc96d0402e8", "0x7fc96c8b9240"], "memsize":752, "flags":{"wb_protected":true, "old":true, "marked":true}}
{"address":"0x7fc96c8b8d68", "type":"STRING", "class":"0x7fc96c801668", "bytesize":74, "capacity":128, "value":"/Users/antoine/.rvm/gems/ruby-2.0.0-p247/extensions/x86_64-darwin-13/2.1.0", "encoding":"US-ASCII", "memsize":129, "flags":{"wb_protected":true, "old":true, "marked":true}}
{"address":"0x7fc96c8b8e08", "type":"DATA", "class":"0x7fc96c833488", "struct":"iseq", "references":["0x7fc96c8b91a0", "0x7fc96c8b9290", "0x7fc96d0402e8", "0x7fc96d0402e8", "0x7fc96c8b9240"], "memsize":752, "flags":{"wb_protected":true, "old":true, "marked":true}}
{"address":"0x7fc96c8b8e30", "type":"STRING", "class":"0x7fc96c801668", "frozen":true, "embedded":true, "bytesize":21, "value":"RubyToken::Tk__FILE__", "encoding":"US-ASCII", "flags":{"wb_protected":true, "old":true, "marked":true}}
{"address":"0x7fc96c8b8e58", "type":"ARRAY", "class":"0x7fc96c84a048", "length":0, "flags":{"wb_protected":true, "old":true, "marked":true}}
{"address":"0x7fc96c8b8ed0", "type":"ARRAY", "class":"0x7fc96c84a048", "length":3, "embedded":true, "flags":{"wb_protected":true, "old":true, "marked":true}}
{"address":"0x7fc96c8b8ef8", "type":"CLASS", "class":"0x7fc96c802e28", "name":"Class", "references":["0x7fc96c8b8f98", "0x7fc96d046418"], "memsize":672, "flags":{"wb_protected":true, "old":true, "marked":true}}
{"address":"0x7fc96c8b8f20", "type":"DATA", "class":"0x7fc96c833488", "struct":"iseq", "references":["0x7fc96c8b91a0", "0x7fc96c8b9290", "0x7fc96d0402e8", "0x7fc96d0402e8", "0x7fc96c8b9240"], "memsize":752, "flags":{"wb_protected":true, "old":true, "marked":true}}
{"address":"0x7fc96c8b8f70", "type":"STRING", "class":"0x7fc96c801668", "frozen":true, "embedded":true, "fstring":true, "bytesize":3, "value":"\\.0", "encoding":"US-ASCII", "flags":{"wb_protected":true, "old":true, "marked":true}}
{"address":"0x7fc96c8b8f98", "type":"CLASS", "class":"0x7fc96c8b8ef8", "name":"RubyToken::Tk__FILE__", "references":["0x7fc96c8b8e30", "0x7fc96d046440"], "memsize":672, "flags":{"wb_protected":true, "old":true, "marked":true}}
{"address":"0x7fc96c8b8fc0", "type":"ARRAY", "class":"0x7fc96c84a048", "length":3, "embedded":true, "flags":{"wb_protected":true, "old":true, "marked":true}}
{"address":"0x7fc96c8b8fe8", "type":"REGEXP", "class":"0x7fc96c8491e8", "references":["0x7fc96c8b8f70"], "memsize":472, "flags":{"wb_protected":true, "old":true, "marked":true}}
{"address":"0x7fc96c8b9038", "type":"DATA", "class":"0x7fc96c833488", "struct":"iseq", "references":["0x7fc96c8b91a0", "0x7fc96c8b9290", "0x7fc96d0402e8", "0x7fc96d0402e8", "0x7fc96c8b9240"], "memsize":880, "flags":{"wb_protected":true, "old":true, "marked":true}}
{"address":"0x7fc96c8b90b0", "type":"ARRAY", "length":46, "references":["0x7fc96c8b9178", "0x7fc96c8b9038", "0x7fc96c8b8f20", "0x7fc96c8b8e08", "0x7fc96c8b8cf0", "0x7fc96c8b8bd8", "0x7fc96c8b8ac0", "0x7fc96c8b89a8", "0x7fc96c8b87a0", "0x7fc96c8b8700", "0x7fc96c8b8638", "0x7fc96c8b8548", "0x7fc96c8b8430", "0x7fc96c8b8250", "0x7fc96c8b8048", "0x7fc96c8c3cb8", "0x7fc96c8c3c18", "0x7fc96c8c3b50", "0x7fc96c8c3920", "0x7fc96c8c3880", "0x7fc96c8c37e0", "0x7fc96c8c3740", "0x7fc96c8c3538", "0x7fc96c8c3498", "0x7fc96c8c33a8", "0x7fc96c8c32b8", "0x7fc96c8c30b0", "0x7fc96c8c2ed0", "0x7fc96c8c2c78", "0x7fc96c8c2bb0", "0x7fc96c8c2ae8", "0x7fc96c8c2a48", "0x7fc96c8ab9b0", "0x7fc96c8ab708", "0x7fc96d857828", "0x7fc96c8ab1e0", "0x7fc96d865428", "0x7fc96c8aacb8", "0x7fc96d865720", "0x7fc96c050b30", "0x7fc96c8b88b8", "0x7fc96c8b8890", "0x7fc96c8b8868", "0x7fc96c8b8840", "0x7fc96c8b8818", "0x7fc96d865428"], "memsize":448, "flags":{"wb_protected":true, "old":true, "marked":true}}
{"address":"0x7fc96c8b90d8", "type":"ARRAY", "class":"0x7fc96c84a048", "length":1, "embedded":true, "references":["0x7fc96c8b1478"], "flags":{"wb_protected":true, "old":true, "marked":true}}
{"address":"0x7fc96c8b9100", "type":"STRING", "class":"0x7fc96c801668", "frozen":true, "embedded":true, "fstring":true, "bytesize":16, "value":"@RELEASE_VERSION", "encoding":"US-ASCII", "flags":{"wb_protected":true, "old":true, "marked":true}}
{"address":"0x7fc96c8b9178", "type":"DATA", "class":"0x7fc96c833488", "struct":"iseq", "references":["0x7fc96c8b91a0", "0x7fc96c8b9290", "0x7fc96d0402e8", "0x7fc96d0402e8", "0x7fc96c8b9240"], "memsize":752, "flags":{"wb_protected":true, "old":true, "marked":true}}
{"address":"0x7fc96c8b91a0", "type":"STRING", "class":"0x7fc96c801668", "frozen":true, "fstring":true, "bytesize":28, "capacity":120, "value":"block in <class:Requirement>", "memsize":121, "flags":{"wb_protected":true, "old":true, "marked":true}}
{"address":"0x7fc96c8b9218", "type":"ARRAY", "class":"0x7fc96c84a048", "length":3, "embedded":true, "flags":{"wb_protected":true, "old":true, "marked":true}}
{"address":"0x7fc96c8b9240", "type":"NODE", "node_type":"NODE_CREF", "references":["0x7fc96c8c2688", "0x7fc96c8b9330"], "flags":{"wb_protected":true, "old":true, "marked":true}}
{"address":"0x7fc96c8b9268", "type":"DATA", "class":"0x7fc96c833488", "struct":"iseq", "references":["0x7fc96c8b90b0", "0x7fc96c8b9290", "0x7fc96c8b9290", "0x7fc96d0402e8", "0x7fc96d0402e8", "0x7fc96c8b9240"], "memsize":13280, "flags":{"wb_protected":true, "old":true, "marked":true}}
{"address":"0x7fc96c8b9290", "type":"STRING", "class":"0x7fc96c801668", "frozen":true, "fstring":true, "bytesize":19, "capacity":120, "value":"<class:Requirement>", "memsize":121, "flags":{"wb_protected":true, "old":true, "marked":true}}
{"address":"0x7fc96c8b92e0", "type":"ARRAY", "class":"0x7fc96c84a048", "length":0, "flags":{"wb_protected":true, "old":true, "marked":true}}
{"address":"0x7fc96c8b9330", "type":"NODE", "node_type":"NODE_CREF", "references":["0x7fc96c803788"], "flags":{"wb_protected":true, "old":true, "marked":true}}
{"address":"0x7fc96c8b9380", "type":"STRING", "class":"0x7fc96c801668", "embedded":true, "bytesize":3, "value":"bin", "encoding":"UTF-8", "flags":{"wb_protected":true, "old":true, "marked":true}}
{"address":"0x7fc96c8b93d0", "type":"STRING", "class":"0x7fc96c801668", "frozen":true, "bytesize":55, "capacity":1026, "value":"/Users/antoine/.rvm/gems/ruby-2.0.0-p247/gems/ffi-0.6.4", "encoding":"US-ASCII", "memsize":1027, "flags":{"wb_protected":true, "old":true, "marked":true}}
{"address":"0x7fc96c8b93f8", "type":"STRING", "class":"0x7fc96c801668", "shared":true, "encoding":"US-ASCII", "references":["0x7fc96c8b93d0"], "flags":{"wb_protected":true, "old":true, "marked":true}}
{"address":"0x7fc96c8b9420", "type":"STRING", "class":"0x7fc96c801668", "frozen":true, "fstring":true, "bytesize":54, "value":")\n\t\tExtendCommand::PushWorkspace.execute(irb_context, ", "encoding":"UTF-8", "memsize":55, "flags":{"wb_protected":true, "old":true, "marked":true}}
{"address":"0x7fc96c8b94c0", "type":"STRING", "class":"0x7fc96c801668", "bytesize":45, "capacity":128, "value":"/Users/antoine/.rvm/gems/ruby-2.0.0-p247/gems", "encoding":"US-ASCII", "memsize":129, "flags":{"wb_protected":true, "old":true, "marked":true}}
{"address":"0x7fc96c8b9538", "type":"STRING", "class":"0x7fc96c801668", "bytesize":40, "value":"/Users/antoine/.rvm/gems/ruby-2.0.0-p247", "encoding":"US-ASCII", "memsize":41, "flags":{"wb_protected":true, "old":true, "marked":true}}
{"address":"0x7fc96c8b9560", "type":"STRING", "class":"0x7fc96c801668", "frozen":true, "fstring":true, "bytesize":31, "value":"\n\t      def irb_push_workspace(", "encoding":"UTF-8", "memsize":32, "flags":{"wb_protected":true, "old":true, "marked":true}}
{"address":"0x7fc96c8b95d8", "type":"ARRAY", "length":9, "references":["0x7fc96c8b97b8", "0x7fc96c8d10e8", "0x7fc96c8c41b8", "0x7fc96c8c40c8", "0x7fc96d856770", "0x7fc96c8b9560", "0x7fc96c8b9420", "0x7fc96c8c4028", "0x7fc96d04a090"], "memsize":160, "flags":{"wb_protected":true, "old":true, "marked":true}}
{"address":"0x7fc96c8b9600", "type":"ARRAY", "length":1, "embedded":true, "references":["0x7fc96c8c4438"], "flags":{"wb_protected":true, "old":true, "marked":true}}
{"address":"0x7fc96c8b9650", "type":"STRING", "class":"0x7fc96c801668", "embedded":true, "bytesize":6, "value":"10.1.1", "encoding":"UTF-8", "flags":{"wb_protected":true, "old":true, "marked":true}}
{"address":"0x7fc96c8b97b8", "type":"DATA", "class":"0x7fc96c833488", "struct":"iseq", "references":["0x7fc96c8b9600", "0x7fc96c8b97e0", "0x7fc96d046620", "0x7fc96d04a090", "0x7fc96c8b9880"], "memsize":888, "flags":{"wb_protected":true, "old":true, "marked":true}}
{"address":"0x7fc96c8b97e0", "type":"STRING", "class":"0x7fc96c801668", "frozen":true, "fstring":true, "bytesize":27, "capacity":120, "value":"block in irb_push_workspace", "memsize":121, "flags":{"wb_protected":true, "old":true, "marked":true}}
{"address":"0x7fc96c8b9880", "type":"NODE", "node_type":"NODE_CREF", "references":["0x7fc96c8c75e8", "0x7fc96c8d1408"], "flags":{"wb_protected":true, "old":true, "marked":true}}
{"address":"0x7fc96c8b98d0", "type":"DATA", "class":"0x7fc96c833488", "struct":"iseq", "references":["0x7fc96c8b95d8", "0x7fc96d046620", "0x7fc96d046620", "0x7fc96d04a090", "0x7fc96c8b9880", "0x7fc96c8c75e8"], "memsize":4096, "flags":{"wb_protected":true, "old":true, "marked":true}}
{"address":"0x7fc96c8b9948", "type":"STRING", "class":"0x7fc96c801668", "frozen":true, "embedded":true, "fstring":true, "bytesize":5, "value":"@CONF", "encoding":"US-ASCII", "flags":{"wb_protected":true, "old":true, "marked":true}}
{"address":"0x7fc96c8b9970", "type":"OBJECT", "class":"0x7fc96d074e30", "ivars":50, "references":["0x7fc96c8b0e10", "0x7fc96d81ea78", "0x7fc96d81ec08", "0x7fc96d81eca8", "0x7fc96c8b3d68", "0x7fc96c8b3d18", "0x7fc96c8b2b70", "0x7fc96c8b82c8", "0x7fc96c8b2210", "0x7fc96c8b8728", "0x7fc96c8bbbd0", "0x7fc96c8b9380", "0x7fc96c8b92e0", "0x7fc96c8b3de0", "0x7fc96c8b90d8", "0x7fc96c8b3c78", "0x7fc96c8b8e58", "0x7fc96c8b3458", "0x7fc96c8b2b98", "0x7fc96c8b2b20", "0x7fc96c8b8b10", "0x7fc96c8b8a70", "0x7fc96c8b2968", "0x7fc96c8b2918", "0x7fc96c8b28c8", "0x7fc96c8b99c0", "0x7fc96c8b8340", "0x7fc96c8b23c8", "0x7fc96c8b80e8", "0x7fc96c8c82e0", "0x7fc96d81eb90"], "memsize":400, "flags":{"wb_protected":true, "old":true, "marked":true}}
{"address":"0x7fc96c8b99c0", "type":"OBJECT", "class":"0x7fc96c8c2688", "ivars":3, "references":["0x7fc96c8b9cb8"], "flags":{"wb_protected":true, "old":true, "marked":true}}
{"address":"0x7fc96c8b9ab0", "type":"STRING", "class":"0x7fc96c801668", "frozen":true, "embedded":true, "fstring":true, "bytesize":5, "value":"Abort", "encoding":"US-ASCII", "flags":{"wb_protected":true, "old":true, "marked":true}}
{"address":"0x7fc96c8b9c18", "type":"STRING", "class":"0x7fc96c801668", "frozen":true, "fstring":true, "bytesize":33, "value":"http://github.com/jimweirich/rake", "encoding":"UTF-8", "memsize":34, "flags":{"wb_protected":true, "old":true, "marked":true}}
{"address":"0x7fc96c8b9c40", "type":"STRING", "class":"0x7fc96c801668", "frozen":true, "embedded":true, "fstring":true, "bytesize":7, "value":"@RCS_ID", "encoding":"US-ASCII", "flags":{"wb_protected":true, "old":true, "marked":true}}
{"address":"0x7fc96c8b9c90", "type":"STRING", "class":"0x7fc96c801668", "frozen":true, "fstring":true, "bytesize":34, "value":"doc/release_notes/rake-10.1.0.rdoc", "encoding":"UTF-8", "memsize":35, "flags":{"wb_protected":true, "old":true, "marked":true}}
{"address":"0x7fc96c8b9cb8", "type":"ARRAY", "class":"0x7fc96c84a048", "length":1, "embedded":true, "references":["0x7fc96c8bb658"], "flags":{"wb_protected":true, "old":true, "marked":true}}
{"address":"0x7fc96c8b9ce0", "type":"STRING", "class":"0x7fc96c801668", "frozen":true, "fstring":true, "bytesize":34, "value":"doc/release_notes/rake-10.0.3.rdoc", "encoding":"UTF-8", "memsize":35, "flags":{"wb_protected":true, "old":true, "marked":true}}
{"address":"0x7fc96c8b9d08", "type":"STRING", "class":"0x7fc96c801668", "frozen":true, "fstring":true, "bytesize":34, "value":"doc/release_notes/rake-10.0.2.rdoc", "encoding":"UTF-8", "memsize":35, "flags":{"wb_protected":true, "old":true, "marked":true}}
{"address":"0x7fc96c8b9d30", "type":"STRING", "class":"0x7fc96c801668", "frozen":true, "fstring":true, "bytesize":34, "value":"doc/release_notes/rake-10.0.1.rdoc", "encoding":"UTF-8", "memsize":35, "flags":{"wb_protected":true, "old":true, "marked":true}}
{"address":"0x7fc96c8b9d80", "type":"STRING", "class":"0x7fc96c801668", "frozen":true, "fstring":true, "bytesize":34, "value":"doc/release_notes/rake-10.0.0.rdoc", "encoding":"UTF-8", "memsize":35, "flags":{"wb_protected":true, "old":true, "marked":true}}
{"address":"0x7fc96c8b9da8", "type":"STRING", "class":"0x7fc96c801668", "frozen":true, "fstring":true, "bytesize":33, "value":"doc/release_notes/rake-0.9.6.rdoc", "encoding":"UTF-8", "memsize":34, "flags":{"wb_protected":true, "old":true, "marked":true}}
{"address":"0x7fc96c8b9dd0", "type":"STRING", "class":"0x7fc96c801668", "frozen":true, "fstring":true, "bytesize":33, "value":"doc/release_notes/rake-0.9.5.rdoc", "encoding":"UTF-8", "memsize":34, "flags":{"wb_protected":true, "old":true, "marked":true}}
{"address":"0x7fc96c8b9e20", "type":"STRING", "class":"0x7fc96c801668", "frozen":true, "embedded":true, "bytesize":8, "value":"__LINE__", "encoding":"UTF-8", "flags":{"wb_protected":true, "old":true, "marked":true}}
{"address":"0x7fc96c8b9e48", "type":"ARRAY", "class":"0x7fc96c84a048", "length":2, "embedded":true, "references":["0x7fc96c8b9ee8"], "flags":{"wb_protected":true, "old":true, "marked":true}}
{"address":"0x7fc96c8b9e70", "type":"STRING", "class":"0x7fc96c801668", "frozen":true, "fstring":true, "bytesize":33, "value":"doc/release_notes/rake-0.9.4.rdoc", "encoding":"UTF-8", "memsize":34, "flags":{"wb_protected":true, "old":true, "marked":true}}
{"address":"0x7fc96c8b9e98", "type":"STRING", "class":"0x7fc96c801668", "frozen":true, "embedded":true, "bytesize":21, "value":"RubyToken::Tk__LINE__", "encoding":"US-ASCII", "flags":{"wb_protected":true, "old":true, "marked":true}}
{"address":"0x7fc96c8b9ec0", "type":"CLASS", "class":"0x7fc96c802e28", "name":"Class", "references":["0x7fc96c8b9ee8", "0x7fc96d046418"], "memsize":672, "flags":{"wb_protected":true, "old":true, "marked":true}}
{"address":"0x7fc96c8b9ee8", "type":"CLASS", "class":"0x7fc96c8b9ec0", "name":"RubyToken::Tk__LINE__", "references":["0x7fc96c8b9e98", "0x7fc96d046440"], "memsize":672, "flags":{"wb_protected":true, "old":true, "marked":true}}
{"address":"0x7fc96c8b9f10", "type":"STRING", "class":"0x7fc96c801668", "frozen":true, "fstring":true, "bytesize":33, "value":"doc/release_notes/rake-0.9.3.rdoc", "encoding":"UTF-8", "memsize":34, "flags":{"wb_protected":true, "old":true, "marked":true}}
{"address":"0x7fc96c8b9f38", "type":"STRING", "class":"0x7fc96c801668", "frozen":true, "fstring":true, "bytesize":33, "value":"doc/release_notes/rake-0.9.2.rdoc", "encoding":"UTF-8", "memsize":34, "flags":{"wb_protected":true, "old":true, "marked":true}}
{"address":"0x7fc96c8b9f60", "type":"STRING", "class":"0x7fc96c801668", "frozen":true, "embedded":true, "fstring":true, "bytesize":14, "value":"SyckDefaultKey", "encoding":"US-ASCII", "flags":{"wb_protected":true, "old":true, "marked":true}}
{"address":"0x7fc96c8b9f88", "type":"STRING", "class":"0x7fc96c801668", "frozen":true, "fstring":true, "bytesize":35, "value":"doc/release_notes/rake-0.9.2.2.rdoc", "encoding":"UTF-8", "memsize":36, "flags":{"wb_protected":true, "old":true, "marked":true}}
{"address":"0x7fc96c8b9fb0", "type":"STRING", "class":"0x7fc96c801668", "frozen":true, "fstring":true, "bytesize":33, "value":"doc/release_notes/rake-0.9.1.rdoc", "encoding":"UTF-8", "memsize":34, "flags":{"wb_protected":true, "old":true, "marked":true}}
{"address":"0x7fc96c8b9fd8", "type":"STRING", "class":"0x7fc96c801668", "frozen":true, "fstring":true, "bytesize":33, "value":"doc/release_notes/rake-0.9.0.rdoc", "encoding":"UTF-8", "memsize":34, "flags":{"wb_protected":true, "old":true, "marked":true}}
{"address":"0x7fc96c8ba000", "type":"STRING", "class":"0x7fc96c801668", "frozen":true, "fstring":true, "bytesize":33, "value":"doc/release_notes/rake-0.8.7.rdoc", "encoding":"UTF-8", "memsize":34, "flags":{"wb_protected":true, "old":true, "marked":true}}
{"address":"0x7fc96c8ba028", "type":"STRING", "class":"0x7fc96c801668", "frozen":true, "fstring":true, "bytesize":33, "value":"doc/release_notes/rake-0.8.6.rdoc", "encoding":"UTF-8", "memsize":34, "flags":{"wb_protected":true, "old":true, "marked":true}}
{"address":"0x7fc96c8ba078", "type":"STRING", "class":"0x7fc96c801668", "frozen":true, "fstring":true, "bytesize":33, "value":"doc/release_notes/rake-0.8.5.rdoc", "encoding":"UTF-8", "memsize":34, "flags":{"wb_protected":true, "old":true, "marked":true}}
{"address":"0x7fc96c8ba0a0", "type":"STRING", "class":"0x7fc96c801668", "frozen":true, "fstring":true, "bytesize":33, "value":"doc/release_notes/rake-0.8.4.rdoc", "encoding":"UTF-8", "memsize":34, "flags":{"wb_protected":true, "old":true, "marked":true}}
{"address":"0x7fc96c8ba0c8", "type":"STRING", "class":"0x7fc96c801668", "frozen":true, "fstring":true, "bytesize":33, "value":"doc/release_notes/rake-0.8.3.rdoc", "encoding":"UTF-8", "memsize":34, "flags":{"wb_protected":true, "old":true, "marked":true}}
{"address":"0x7fc96c8ba118", "type":"STRING", "class":"0x7fc96c801668", "frozen":true, "fstring":true, "bytesize":33, "value":"doc/release_notes/rake-0.8.2.rdoc", "encoding":"UTF-8", "memsize":34, "flags":{"wb_protected":true, "old":true, "marked":true}}
{"address":"0x7fc96c8ba140", "type":"STRING", "class":"0x7fc96c801668", "frozen":true, "fstring":true, "bytesize":33, "value":"doc/release_notes/rake-0.8.0.rdoc", "encoding":"UTF-8", "memsize":34, "flags":{"wb_protected":true, "old":true, "marked":true}}
{"address":"0x7fc96c8ba168", "type":"STRING", "class":"0x7fc96c801668", "frozen":true, "fstring":true, "bytesize":33, "value":"doc/release_notes/rake-0.7.3.rdoc", "encoding":"UTF-8", "memsize":34, "flags":{"wb_protected":true, "old":true, "marked":true}}
{"address":"0x7fc96c8ba190", "type":"STRING", "class":"0x7fc96c801668", "frozen":true, "fstring":true, "bytesize":33, "value":"doc/release_notes/rake-0.7.2.rdoc", "encoding":"UTF-8", "memsize":34, "flags":{"wb_protected":true, "old":true, "marked":true}}
{"address":"0x7fc96c8ba1b8", "type":"STRING", "class":"0x7fc96c801668", "frozen":true, "fstring":true, "bytesize":33, "value":"doc/release_notes/rake-0.7.1.rdoc", "encoding":"UTF-8", "memsize":34, "flags":{"wb_protected":true, "old":true, "marked":true}}
{"address":"0x7fc96c8ba1e0", "type":"STRING", "class":"0x7fc96c801668", "frozen":true, "fstring":true, "bytesize":33, "value":"doc/release_notes/rake-0.7.0.rdoc", "encoding":"UTF-8", "memsize":34, "flags":{"wb_protected":true, "old":true, "marked":true}}
{"address":"0x7fc96c8ba208", "type":"STRING", "class":"0x7fc96c801668", "frozen":true, "fstring":true, "bytesize":33, "value":"doc/release_notes/rake-0.6.0.rdoc", "encoding":"UTF-8", "memsize":34, "flags":{"wb_protected":true, "old":true, "marked":true}}
{"address":"0x7fc96c8ba230", "type":"STRING", "class":"0x7fc96c801668", "frozen":true, "fstring":true, "bytesize":33, "value":"doc/release_notes/rake-0.5.4.rdoc", "encoding":"UTF-8", "memsize":34, "flags":{"wb_protected":true, "old":true, "marked":true}}
{"address":"0x7fc96c8ba280", "type":"STRING", "class":"0x7fc96c801668", "frozen":true, "fstring":true, "bytesize":33, "value":"doc/release_notes/rake-0.5.3.rdoc", "encoding":"UTF-8", "memsize":34, "flags":{"wb_protected":true, "old":true, "marked":true}}
{"address":"0x7fc96c8ba2a8", "type":"STRING", "class":"0x7fc96c801668", "frozen":true, "fstring":true, "bytesize":33, "value":"doc/release_notes/rake-0.5.0.rdoc", "encoding":"UTF-8", "memsize":34, "flags":{"wb_protected":true, "old":true, "marked":true}}
{"address":"0x7fc96c8ba2d0", "type":"STRING", "class":"0x7fc96c801668", "frozen":true, "fstring":true, "bytesize":34, "value":"doc/release_notes/rake-0.4.15.rdoc", "encoding":"UTF-8", "memsize":35, "flags":{"wb_protected":true, "old":true, "marked":true}}
{"address":"0x7fc96c8ba320", "type":"STRING", "class":"0x7fc96c801668", "frozen":true, "fstring":true, "bytesize":34, "value":"doc/release_notes/rake-0.4.14.rdoc", "encoding":"UTF-8", "memsize":35, "flags":{"wb_protected":true, "old":true, "marked":true}}
{"address":"0x7fc96c8ba348", "type":"ARRAY", "class":"0x7fc96c84a048", "length":1, "embedded":true, "flags":{"wb_protected":true, "old":true, "marked":true}}
{"address":"0x7fc96c8ba3e8", "type":"STRING", "class":"0x7fc96c801668", "frozen":true, "embedded":true, "bytesize":3, "value":"END", "encoding":"UTF-8", "flags":{"wb_protected":true, "old":true, "marked":true}}
{"address":"0x7fc96c8ba410", "type":"ARRAY", "class":"0x7fc96c84a048", "length":2, "embedded":true, "references":["0x7fc96c8ba4d8"], "flags":{"wb_protected":true, "old":true, "marked":true}}
{"address":"0x7fc96c8ba438", "type":"STRING", "class":"0x7fc96c801668", "frozen":true, "fstring":true, "bytesize":27, "value":"doc/command_line_usage.rdoc", "encoding":"UTF-8", "memsize":28, "flags":{"wb_protected":true, "old":true, "marked":true}}
{"address":"0x7fc96c8ba460", "type":"STRING", "class":"0x7fc96c801668", "frozen":true, "embedded":true, "bytesize":17, "value":"RubyToken::TklEND", "encoding":"US-ASCII", "flags":{"wb_protected":true, "old":true, "marked":true}}
{"address":"0x7fc96c8ba488", "type":"CLASS", "class":"0x7fc96c802e28", "name":"Class", "references":["0x7fc96c8ba4d8", "0x7fc96d046418"], "memsize":672, "flags":{"wb_protected":true, "old":true, "marked":true}}
{"address":"0x7fc96c8ba4d8", "type":"CLASS", "class":"0x7fc96c8ba488", "name":"RubyToken::TklEND", "references":["0x7fc96c8ba460", "0x7fc96d046440"], "memsize":672, "flags":{"wb_protected":true, "old":true, "marked":true}}
{"address":"0x7fc96c8ba578", "type":"STRING", "class":"0x7fc96c801668", "frozen":true, "fstring":true, "bytesize":109, "value":"Rake is a Make-like program implemented in Ruby. Tasks and dependencies arespecified in standard Ruby syntax.", "encoding":"UTF-8", "memsize":110, "flags":{"wb_protected":true, "old":true, "marked":true}}
{"address":"0x7fc96c8ba5c8", "type":"STRING", "class":"0x7fc96c801668", "embedded":true, "bytesize":2, "value":">=", "encoding":"UTF-8", "flags":{"wb_protected":true, "old":true, "marked":true}}
{"address":"0x7fc96c8ba7f8", "type":"OBJECT", "class":"0x7fc96d040a68", "ivars":3, "references":["0x7fc96c8bb4a0"], "flags":{"wb_protected":true, "old":true, "marked":true}}
{"address":"0x7fc96c8ba848", "type":"STRING", "class":"0x7fc96c801668", "embedded":true, "bytesize":1, "value":"0", "encoding":"US-ASCII", "flags":{"wb_protected":true, "old":true, "marked":true}}
{"address":"0x7fc96c8baa00", "type":"STRING", "class":"0x7fc96c801668", "frozen":true, "embedded":true, "bytesize":5, "value":"BEGIN", "encoding":"UTF-8", "flags":{"wb_protected":true, "old":true, "marked":true}}
{"address":"0x7fc96c8baa50", "type":"ARRAY", "class":"0x7fc96c84a048", "length":2, "embedded":true, "references":["0x7fc96c8baaf0"], "flags":{"wb_protected":true, "old":true, "marked":true}}
{"address":"0x7fc96c8baaa0", "type":"STRING", "class":"0x7fc96c801668", "frozen":true, "embedded":true, "bytesize":19, "value":"RubyToken::TklBEGIN", "encoding":"US-ASCII", "flags":{"wb_protected":true, "old":true, "marked":true}}
{"address":"0x7fc96c8baac8", "type":"CLASS", "class":"0x7fc96c802e28", "name":"Class", "references":["0x7fc96c8baaf0", "0x7fc96d046418"], "memsize":672, "flags":{"wb_protected":true, "old":true, "marked":true}}
{"address":"0x7fc96c8baaf0", "type":"CLASS", "class":"0x7fc96c8baac8", "name":"RubyToken::TklBEGIN", "references":["0x7fc96c8baaa0", "0x7fc96d046440"], "memsize":672, "flags":{"wb_protected":true, "old":true, "marked":true}}
{"address":"0x7fc96c8bab40", "type":"OBJECT", "class":"0x7fc96d040a68", "ivars":3, "references":["0x7fc96c8ba848", "0x7fc96c8ba348"], "flags":{"wb_protected":true, "old":true, "marked":true}}
{"address":"0x7fc96c8bad20", "type":"STRING", "class":"0x7fc96c801668", "frozen":true, "bytesize":73, "capacity":1026, "value":"/Users/antoine/.rvm/gems/ruby-2.0.0-p247/specifications/ffi-0.6.4.gemspec", "encoding":"US-ASCII", "memsize":1027, "flags":{"wb_protected":true, "old":true, "marked":true}}
{"address":"0x7fc96c8bad70", "type":"STRING", "class":"0x7fc96c801668", "frozen":true, "embedded":true, "fstring":true, "bytesize":9, "value":"specific?", "encoding":"US-ASCII", "flags":{"wb_protected":true, "old":true, "marked":true}}
{"address":"0x7fc96c8baff0", "type":"STRING", "class":"0x7fc96c801668", "frozen":true, "embedded":true, "bytesize":8, "value":"defined?", "encoding":"UTF-8", "flags":{"wb_protected":true, "old":true, "marked":true}}
{"address":"0x7fc96c8bb018", "type":"ARRAY", "class":"0x7fc96c84a048", "length":2, "embedded":true, "references":["0x7fc96c8bb0b8"], "flags":{"wb_protected":true, "old":true, "marked":true}}
{"address":"0x7fc96c8bb068", "type":"STRING", "class":"0x7fc96c801668", "frozen":true, "embedded":true, "bytesize":20, "value":"RubyToken::TkDEFINED", "encoding":"US-ASCII", "flags":{"wb_protected":true, "old":true, "marked":true}}
{"address":"0x7fc96c8bb090", "type":"CLASS", "class":"0x7fc96c802e28", "name":"Class", "references":["0x7fc96c8bb0b8", "0x7fc96d046418"], "memsize":672, "flags":{"wb_protected":true, "old":true, "marked":true}}
{"address":"0x7fc96c8bb0b8", "type":"CLASS", "class":"0x7fc96c8bb090", "name":"RubyToken::TkDEFINED", "references":["0x7fc96c8bb068", "0x7fc96d046440"], "memsize":672, "flags":{"wb_protected":true, "old":true, "marked":true}}
{"address":"0x7fc96c8bb108", "type":"ARRAY", "class":"0x7fc96c84a048", "length":3, "embedded":true, "flags":{"wb_protected":true, "old":true, "marked":true}}
{"address":"0x7fc96c8bb158", "type":"ARRAY", "class":"0x7fc96c84a048", "length":3, "embedded":true, "flags":{"wb_protected":true, "old":true, "marked":true}}
{"address":"0x7fc96c8bb1a8", "type":"ARRAY", "class":"0x7fc96c84a048", "length":3, "embedded":true, "flags":{"wb_protected":true, "old":true, "marked":true}}
{"address":"0x7fc96c8bb220", "type":"STRING", "class":"0x7fc96c801668", "frozen":true, "bytesize":70, "capacity":1026, "value":"/Users/antoine/.rvm/gems/ruby-2.0.0-p247/gems/faraday_middleware-0.9.0", "encoding":"US-ASCII", "memsize":1027, "flags":{"wb_protected":true, "old":true, "marked":true}}
{"address":"0x7fc96c8bb248", "type":"STRING", "class":"0x7fc96c801668", "frozen":true, "fstring":true, "bytesize":51, "value":")\n\t\tExtendCommand::Workspaces.execute(irb_context, ", "encoding":"UTF-8", "memsize":52, "flags":{"wb_protected":true, "old":true, "marked":true}}
{"address":"0x7fc96c8bb270", "type":"STRING", "class":"0x7fc96c801668", "frozen":true, "fstring":true, "bytesize":27, "value":"\n\t      def irb_workspaces(", "encoding":"UTF-8", "memsize":28, "flags":{"wb_protected":true, "old":true, "marked":true}}
{"address":"0x7fc96c8bb2c0", "type":"ARRAY", "length":9, "references":["0x7fc96c8bb3d8", "0x7fc96c8d10e8", "0x7fc96c8c41b8", "0x7fc96c8c40c8", "0x7fc96d856770", "0x7fc96c8bb270", "0x7fc96c8bb248", "0x7fc96c8c4028", "0x7fc96d04a090"], "memsize":160, "flags":{"wb_protected":true, "old":true, "marked":true}}
{"address":"0x7fc96c8bb2e8", "type":"STRING", "class":"0x7fc96c801668", "shared":true, "encoding":"US-ASCII", "references":["0x7fc96c8bb220"], "flags":{"wb_protected":true, "old":true, "marked":true}}
{"address":"0x7fc96c8bb310", "type":"ARRAY", "length":1, "embedded":true, "references":["0x7fc96c8c4438"], "flags":{"wb_protected":true, "old":true, "marked":true}}
{"address":"0x7fc96c8bb3b0", "type":"STRING", "class":"0x7fc96c801668", "bytesize":24, "capacity":48, "value":"faraday_middleware-0.9.0", "encoding":"UTF-8", "memsize":49, "flags":{"wb_protected":true, "old":true, "marked":true}}
{"address":"0x7fc96c8bb3d8", "type":"DATA", "class":"0x7fc96c833488", "struct":"iseq", "references":["0x7fc96c8bb310", "0x7fc96c8bb450", "0x7fc96d046bc0", "0x7fc96d04a090", "0x7fc96c8bb4f0"], "memsize":888, "flags":{"wb_protected":true, "old":true, "marked":true}}
{"address":"0x7fc96c8bb428", "type":"STRING", "class":"0x7fc96c801668", "frozen":true, "embedded":true, "fstring":true, "bytesize":2, "value":"rv", "encoding":"US-ASCII", "flags":{"wb_protected":true, "old":true, "marked":true}}
{"address":"0x7fc96c8bb450", "type":"STRING", "class":"0x7fc96c801668", "frozen":true, "fstring":true, "bytesize":23, "capacity":120, "value":"block in irb_workspaces", "memsize":121, "flags":{"wb_protected":true, "old":true, "marked":true}}
{"address":"0x7fc96c8bb478", "type":"STRING", "class":"0x7fc96c801668", "bytesize":45, "capacity":128, "value":"/Users/antoine/.rvm/gems/ruby-2.0.0-p247/gems", "encoding":"US-ASCII", "memsize":129, "flags":{"wb_protected":true, "old":true, "marked":true}}
{"address":"0x7fc96c8bb4a0", "type":"STRING", "class":"0x7fc96c801668", "embedded":true, "bytesize":5, "value":"1.3.2", "encoding":"UTF-8", "flags":{"wb_protected":true, "old":true, "marked":true}}
{"address":"0x7fc96c8bb4f0", "type":"NODE", "node_type":"NODE_CREF", "references":["0x7fc96c8c75e8", "0x7fc96c8d1408"], "flags":{"wb_protected":true, "old":true, "marked":true}}
{"address":"0x7fc96c8bb518", "type":"DATA", "class":"0x7fc96c833488", "struct":"iseq", "references":["0x7fc96c8bb2c0", "0x7fc96d046bc0", "0x7fc96d046bc0", "0x7fc96d04a090", "0x7fc96c8bb4f0", "0x7fc96c8c75e8"], "memsize":4096, "flags":{"wb_protected":true, "old":true, "marked":true}}
{"address":"0x7fc96c8bb590", "type":"STRING", "class":"0x7fc96c801668", "bytesize":40, "value":"/Users/antoine/.rvm/gems/ruby-2.0.0-p247", "encoding":"US-ASCII", "memsize":41, "flags":{"wb_protected":true, "old":true, "marked":true}}
{"address":"0x7fc96c8bb658", "type":"ARRAY", "class":"0x7fc96c84a048", "length":2, "embedded":true, "references":["0x7fc96c8ba5c8", "0x7fc96c8ba7f8"], "flags":{"wb_protected":true, "old":true, "marked":true}}
{"address":"0x7fc96c8bb6f8", "type":"STRING", "class":"0x7fc96c801668", "embedded":true, "bytesize":11, "value":"Jim Weirich", "encoding":"UTF-8", "flags":{"wb_protected":true, "old":true, "marked":true}}
{"address":"0x7fc96c8bb7c0", "type":"STRING", "class":"0x7fc96c801668", "frozen":true, "embedded":true, "bytesize":5, "value":"alias", "encoding":"UTF-8", "flags":{"wb_protected":true, "old":true, "marked":true}}
{"address":"0x7fc96c8bb7e8", "type":"ARRAY", "class":"0x7fc96c84a048", "length":2, "embedded":true, "references":["0x7fc96c8bb888"], "flags":{"wb_protected":true, "old":true, "marked":true}}
{"address":"0x7fc96c8bb838", "type":"STRING", "class":"0x7fc96c801668", "frozen":true, "embedded":true, "bytesize":18, "value":"RubyToken::TkALIAS", "encoding":"US-ASCII", "flags":{"wb_protected":true, "old":true, "marked":true}}
{"address":"0x7fc96c8bb860", "type":"CLASS", "class":"0x7fc96c802e28", "name":"Class", "references":["0x7fc96c8bb888", "0x7fc96d046418"], "memsize":672, "flags":{"wb_protected":true, "old":true, "marked":true}}
{"address":"0x7fc96c8bb888", "type":"CLASS", "class":"0x7fc96c8bb860", "name":"RubyToken::TkALIAS", "references":["0x7fc96c8bb838", "0x7fc96d046440"], "memsize":672, "flags":{"wb_protected":true, "old":true, "marked":true}}
{"address":"0x7fc96c8bba68", "type":"STRING", "class":"0x7fc96c801668", "frozen":true, "bytesize":88, "capacity":1026, "value":"/Users/antoine/.rvm/gems/ruby-2.0.0-p247/specifications/faraday_middleware-0.9.0.gemspec", "encoding":"US-ASCII", "memsize":1027, "flags":{"wb_protected":true, "old":true, "marked":true}}
{"address":"0x7fc96c8bbbd0", "type":"ARRAY", "class":"0x7fc96c84a048", "length":1, "embedded":true, "references":["0x7fc96c8bb6f8"], "flags":{"wb_protected":true, "old":true, "marked":true}}
{"address":"0x7fc96c8bbdb0", "type":"STRING", "class":"0x7fc96c801668", "frozen":true, "embedded":true, "bytesize":22, "value":"RubyToken::TkUNTIL_MOD", "encoding":"US-ASCII", "flags":{"wb_protected":true, "old":true, "marked":true}}
{"address":"0x7fc96c8bbdd8", "type":"CLASS", "class":"0x7fc96c802e28", "name":"Class", "references":["0x7fc96c8bbe00", "0x7fc96d046418"], "memsize":672, "flags":{"wb_protected":true, "old":true, "marked":true}}
{"address":"0x7fc96c8bbe00", "type":"CLASS", "class":"0x7fc96c8bbdd8", "name":"RubyToken::TkUNTIL_MOD", "references":["0x7fc96c8bbdb0", "0x7fc96d046440"], "memsize":672, "flags":{"wb_protected":true, "old":true, "marked":true}}
{"address":"0x7fc96c8bbe78", "type":"STRING", "class":"0x7fc96c801668", "frozen":true, "bytesize":59, "capacity":1026, "value":"/Users/antoine/.rvm/gems/ruby-2.0.0-p247/gems/faraday-0.8.9", "encoding":"US-ASCII", "memsize":1027, "flags":{"wb_protected":true, "old":true, "marked":true}}
{"address":"0x7fc96c8bbea0", "type":"STRING", "class":"0x7fc96c801668", "shared":true, "encoding":"US-ASCII", "references":["0x7fc96c8bbe78"], "flags":{"wb_protected":true, "old":true, "marked":true}}
{"address":"0x7fc96c8bbf68", "type":"STRING", "class":"0x7fc96c801668", "embedded":true, "bytesize":13, "value":"faraday-0.8.9", "encoding":"UTF-8", "flags":{"wb_protected":true, "old":true, "marked":true}}
{"address":"0x7fc96c8c0018", "type":"STRING", "class":"0x7fc96c801668", "embedded":true, "bytesize":12, "value":"erubis-2.7.0", "encoding":"UTF-8", "flags":{"wb_protected":true, "old":true, "marked":true}}
{"address":"0x7fc96c8c0068", "type":"STRING", "class":"0x7fc96c801668", "bytesize":45, "capacity":128, "value":"/Users/antoine/.rvm/gems/ruby-2.0.0-p247/gems", "encoding":"US-ASCII", "memsize":129, "flags":{"wb_protected":true, "old":true, "marked":true}}
{"address":"0x7fc96c8c00e0", "type":"STRING", "class":"0x7fc96c801668", "bytesize":40, "value":"/Users/antoine/.rvm/gems/ruby-2.0.0-p247", "encoding":"US-ASCII", "memsize":41, "flags":{"wb_protected":true, "old":true, "marked":true}}
{"address":"0x7fc96c8c01f8", "type":"STRING", "class":"0x7fc96c801668", "frozen":true, "embedded":true, "bytesize":22, "value":"RubyToken::TkWHILE_MOD", "encoding":"US-ASCII", "flags":{"wb_protected":true, "old":true, "marked":true}}
{"address":"0x7fc96c8c0248", "type":"STRING", "class":"0x7fc96c801668", "frozen":true, "embedded":true, "fstring":true, "bytesize":21, "value":"installable_platform?", "encoding":"US-ASCII", "flags":{"wb_protected":true, "old":true, "marked":true}}
{"address":"0x7fc96c8c0270", "type":"CLASS", "class":"0x7fc96c802e28", "name":"Class", "references":["0x7fc96c8c0298", "0x7fc96d046418"], "memsize":672, "flags":{"wb_protected":true, "old":true, "marked":true}}
{"address":"0x7fc96c8c0298", "type":"CLASS", "class":"0x7fc96c8c0270", "name":"RubyToken::TkWHILE_MOD", "references":["0x7fc96c8c01f8", "0x7fc96d046440"], "memsize":672, "flags":{"wb_protected":true, "old":true, "marked":true}}
{"address":"0x7fc96c8c0310", "type":"STRING", "class":"0x7fc96c801668", "frozen":true, "embedded":true, "fstring":true, "bytesize":12, "value":"installable?", "encoding":"US-ASCII", "flags":{"wb_protected":true, "old":true, "marked":true}}
{"address":"0x7fc96c8c0630", "type":"STRING", "class":"0x7fc96c801668", "frozen":true, "bytesize":76, "capacity":1026, "value":"/Users/antoine/.rvm/gems/ruby-2.0.0-p247/specifications/erubis-2.7.0.gemspec", "encoding":"US-ASCII", "memsize":1027, "flags":{"wb_protected":true, "old":true, "marked":true}}
{"address":"0x7fc96c8c07c0", "type":"STRING", "class":"0x7fc96c801668", "frozen":true, "embedded":true, "bytesize":23, "value":"RubyToken::TkUNLESS_MOD", "encoding":"US-ASCII", "flags":{"wb_protected":true, "old":true, "marked":true}}
{"address":"0x7fc96c8c07e8", "type":"CLASS", "class":"0x7fc96c802e28", "name":"Class", "references":["0x7fc96c8c0810", "0x7fc96d046418"], "memsize":672, "flags":{"wb_protected":true, "old":true, "marked":true}}
{"address":"0x7fc96c8c0810", "type":"CLASS", "class":"0x7fc96c8c07e8", "name":"RubyToken::TkUNLESS_MOD", "references":["0x7fc96c8c07c0", "0x7fc96d046440"], "memsize":672, "flags":{"wb_protected":true, "old":true, "marked":true}}
{"address":"0x7fc96c8c0888", "type":"STRING", "class":"0x7fc96c801668", "frozen":true, "embedded":true, "fstring":true, "bytesize":14, "value":"local_platform", "encoding":"US-ASCII", "flags":{"wb_protected":true, "old":true, "marked":true}}
{"address":"0x7fc96c8c0950", "type":"ARRAY", "class":"0x7fc96c84a048", "length":3, "embedded":true, "flags":{"wb_protected":true, "old":true, "marked":true}}
{"address":"0x7fc96c8c09a0", "type":"ARRAY", "class":"0x7fc96c84a048", "length":3, "embedded":true, "flags":{"wb_protected":true, "old":true, "marked":true}}
{"address":"0x7fc96c8c09f0", "type":"ARRAY", "class":"0x7fc96c84a048", "length":3, "embedded":true, "flags":{"wb_protected":true, "old":true, "marked":true}}
{"address":"0x7fc96c8c0a40", "type":"ARRAY", "class":"0x7fc96c84a048", "length":3, "embedded":true, "flags":{"wb_protected":true, "old":true, "marked":true}}
{"address":"0x7fc96c8c0a90", "type":"ARRAY", "class":"0x7fc96c84a048", "length":3, "embedded":true, "flags":{"wb_protected":true, "old":true, "marked":true}}
{"address":"0x7fc96c8c0ae0", "type":"ARRAY", "class":"0x7fc96c84a048", "length":3, "embedded":true, "flags":{"wb_protected":true, "old":true, "marked":true}}
{"address":"0x7fc96c8c0b30", "type":"ARRAY", "class":"0x7fc96c84a048", "length":3, "embedded":true, "flags":{"wb_protected":true, "old":true, "marked":true}}
{"address":"0x7fc96c8c0bd0", "type":"STRING", "class":"0x7fc96c801668", "frozen":true, "fstring":true, "bytesize":56, "value":")\n\t\tExtendCommand::ChangeWorkspace.execute(irb_context, ", "encoding":"UTF-8", "memsize":57, "flags":{"wb_protected":true, "old":true, "marked":true}}
{"address":"0x7fc96c8c0bf8", "type":"STRING", "class":"0x7fc96c801668", "frozen":true, "fstring":true, "bytesize":33, "value":"\n\t      def irb_change_workspace(", "encoding":"UTF-8", "memsize":34, "flags":{"wb_protected":true, "old":true, "marked":true}}
{"address":"0x7fc96c8c0c48", "type":"ARRAY", "length":9, "references":["0x7fc96c8c0d88", "0x7fc96c8d1110", "0x7fc96c8c41b8", "0x7fc96c8c40c8", "0x7fc96d856770", "0x7fc96c8c0bf8", "0x7fc96c8c0bd0", "0x7fc96c8c4028", "0x7fc96d04a090"], "memsize":160, "flags":{"wb_protected":true, "old":true, "marked":true}}
{"address":"0x7fc96c8c0c70", "type":"ARRAY", "length":1, "embedded":true, "references":["0x7fc96c8c4438"], "flags":{"wb_protected":true, "old":true, "marked":true}}
{"address":"0x7fc96c8c0c98", "type":"STRING", "class":"0x7fc96c801668", "frozen":true, "embedded":true, "fstring":true, "bytesize":8, "value":"mswin32$", "encoding":"US-ASCII", "flags":{"wb_protected":true, "old":true, "marked":true}}
{"address":"0x7fc96c8c0ce8", "type":"STRING", "class":"0x7fc96c801668", "frozen":true, "bytesize":65, "capacity":1026, "value":"/Users/antoine/.rvm/gems/ruby-2.0.0-p247/gems/digital_ocean-1.0.1", "encoding":"US-ASCII", "memsize":1027, "flags":{"wb_protected":true, "old":true, "marked":true}}
{"address":"0x7fc96c8c0d10", "type":"REGEXP", "class":"0x7fc96c8491e8", "references":["0x7fc96c8c0c98"], "memsize":487, "flags":{"wb_protected":true, "old":true, "marked":true}}
{"address":"0x7fc96c8c0d38", "type":"STRING", "class":"0x7fc96c801668", "shared":true, "encoding":"US-ASCII", "references":["0x7fc96c8c0ce8"], "flags":{"wb_protected":true, "old":true, "marked":true}}
{"address":"0x7fc96c8c0d88", "type":"DATA", "class":"0x7fc96c833488", "struct":"iseq", "references":["0x7fc96c8c0c70", "0x7fc96c8c0db0", "0x7fc96d047700", "0x7fc96d04a090", "0x7fc96c8c0e50"], "memsize":888, "flags":{"wb_protected":true, "old":true, "marked":true}}
{"address":"0x7fc96c8c0db0", "type":"STRING", "class":"0x7fc96c801668", "frozen":true, "fstring":true, "bytesize":29, "capacity":120, "value":"block in irb_change_workspace", "memsize":121, "flags":{"wb_protected":true, "old":true, "marked":true}}
{"address":"0x7fc96c8c0e50", "type":"NODE", "node_type":"NODE_CREF", "references":["0x7fc96c8c75e8", "0x7fc96c8d1408"], "flags":{"wb_protected":true, "old":true, "marked":true}}
{"address":"0x7fc96c8c0e78", "type":"DATA", "class":"0x7fc96c833488", "struct":"iseq", "references":["0x7fc96c8c0c48", "0x7fc96d047700", "0x7fc96d047700", "0x7fc96d04a090", "0x7fc96c8c0e50", "0x7fc96c8c75e8"], "memsize":4096, "flags":{"wb_protected":true, "old":true, "marked":true}}
{"address":"0x7fc96c8c0ea0", "type":"STRING", "class":"0x7fc96c801668", "embedded":true, "bytesize":19, "value":"digital_ocean-1.0.1", "encoding":"UTF-8", "flags":{"wb_protected":true, "old":true, "marked":true}}
{"address":"0x7fc96c8c0f18", "type":"STRING", "class":"0x7fc96c801668", "bytesize":45, "capacity":128, "value":"/Users/antoine/.rvm/gems/ruby-2.0.0-p247/gems", "encoding":"US-ASCII", "memsize":129, "flags":{"wb_protected":true, "old":true, "marked":true}}
{"address":"0x7fc96c8c0f90", "type":"STRING", "class":"0x7fc96c801668", "frozen":true, "bytesize":58, "capacity":1026, "value":"/Users/antoine/.rvm/gems/ruby-2.0.0-p247/gems/erubis-2.7.0", "encoding":"US-ASCII", "memsize":1027, "flags":{"wb_protected":true, "old":true, "marked":true}}
{"address":"0x7fc96c8c0fb8", "type":"STRING", "class":"0x7fc96c801668", "frozen":true, "embedded":true, "bytesize":19, "value":"RubyToken::TkIF_MOD", "encoding":"US-ASCII", "flags":{"wb_protected":true, "old":true, "marked":true}}
{"address":"0x7fc96c8c0fe0", "type":"CLASS", "class":"0x7fc96c802e28", "name":"Class", "references":["0x7fc96c8c1008", "0x7fc96d046418"], "memsize":672, "flags":{"wb_protected":true, "old":true, "marked":true}}
{"address":"0x7fc96c8c1008", "type":"CLASS", "class":"0x7fc96c8c0fe0", "name":"RubyToken::TkIF_MOD", "references":["0x7fc96c8c0fb8", "0x7fc96d046440"], "memsize":672, "flags":{"wb_protected":true, "old":true, "marked":true}}
{"address":"0x7fc96c8c1058", "type":"STRING", "class":"0x7fc96c801668", "bytesize":40, "value":"/Users/antoine/.rvm/gems/ruby-2.0.0-p247", "encoding":"US-ASCII", "memsize":41, "flags":{"wb_protected":true, "old":true, "marked":true}}
{"address":"0x7fc96c8c10a8", "type":"STRING", "class":"0x7fc96c801668", "frozen":true, "embedded":true, "fstring":true, "bytesize":4, "value":"arch", "encoding":"US-ASCII", "flags":{"wb_protected":true, "old":true, "marked":true}}
{"address":"0x7fc96c8c1300", "type":"STRING", "class":"0x7fc96c801668", "frozen":true, "embedded":true, "fstring":true, "bytesize":2, "value":"os", "encoding":"US-ASCII", "flags":{"wb_protected":true, "old":true, "marked":true}}
{"address":"0x7fc96c8c1418", "type":"STRING", "class":"0x7fc96c801668", "frozen":true, "bytesize":77, "capacity":1026, "value":"/Users/antoine/.rvm/gems/ruby-2.0.0-p247/specifications/faraday-0.8.9.gemspec", "encoding":"US-ASCII", "memsize":1027, "flags":{"wb_protected":true, "old":true, "marked":true}}
{"address":"0x7fc96c8c1440", "type":"STRING", "class":"0x7fc96c801668", "frozen":true, "embedded":true, "fstring":true, "bytesize":3, "value":"cpu", "encoding":"US-ASCII", "flags":{"wb_protected":true, "old":true, "marked":true}}
{"address":"0x7fc96c8c1490", "type":"STRING", "class":"0x7fc96c801668", "shared":true, "encoding":"US-ASCII", "references":["0x7fc96c8c0f90"], "flags":{"wb_protected":true, "old":true, "marked":true}}
{"address":"0x7fc96c8c1530", "type":"STRING", "class":"0x7fc96c801668", "frozen":true, "embedded":true, "fstring":true, "bytesize":6, "value":"@local", "encoding":"US-ASCII", "flags":{"wb_protected":true, "old":true, "marked":true}}
{"address":"0x7fc96c8c15f8", "type":"STRING", "class":"0x7fc96c801668", "frozen":true, "bytesize":83, "capacity":1026, "value":"/Users/antoine/.rvm/gems/ruby-2.0.0-p247/specifications/digital_ocean-1.0.1.gemspec", "encoding":"US-ASCII", "memsize":1027, "flags":{"wb_protected":true, "old":true, "marked":true}}
{"address":"0x7fc96c8c1918", "type":"STRING", "class":"0x7fc96c801668", "frozen":true, "fstring":true, "bytesize":64, "capacity":86, "value":"/usr/local/Cellar/ruby/2.1.1/lib/ruby/2.1.0/rubygems/platform.rb", "encoding":"US-ASCII", "memsize":87, "flags":{"wb_protected":true, "old":true, "marked":true}}
{"address":"0x7fc96c8c1a30", "type":"STRING", "class":"0x7fc96c801668", "frozen":true, "embedded":true, "bytesize":3, "value":"not", "encoding":"UTF-8", "flags":{"wb_protected":true, "old":true, "marked":true}}
{"address":"0x7fc96c8c1a58", "type":"STRING", "class":"0x7fc96c801668", "frozen":true, "bytesize":70, "capacity":1026, "value":"/Users/antoine/.rvm/gems/ruby-2.0.0-p247/gems/debugger-linecache-1.2.0", "encoding":"US-ASCII", "memsize":1027, "flags":{"wb_protected":true, "old":true, "marked":true}}
{"address":"0x7fc96c8c1a80", "type":"ARRAY", "class":"0x7fc96c84a048", "length":2, "embedded":true, "references":["0x7fc96c8c1b70"], "flags":{"wb_protected":true, "old":true, "marked":true}}
{"address":"0x7fc96c8c1aa8", "type":"STRING", "class":"0x7fc96c801668", "shared":true, "encoding":"US-ASCII", "references":["0x7fc96c8c1a58"], "flags":{"wb_protected":true, "old":true, "marked":true}}
{"address":"0x7fc96c8c1b20", "type":"STRING", "class":"0x7fc96c801668", "frozen":true, "embedded":true, "bytesize":16, "value":"RubyToken::TkNOT", "encoding":"US-ASCII", "flags":{"wb_protected":true, "old":true, "marked":true}}
{"address":"0x7fc96c8c1b48", "type":"CLASS", "class":"0x7fc96c802e28", "name":"Class", "references":["0x7fc96c8c1b70", "0x7fc96d046418"], "memsize":672, "flags":{"wb_protected":true, "old":true, "marked":true}}
{"address":"0x7fc96c8c1b70", "type":"CLASS", "class":"0x7fc96c8c1b48", "name":"RubyToken::TkNOT", "references":["0x7fc96c8c1b20", "0x7fc96d046440"], "memsize":672, "flags":{"wb_protected":true, "old":true, "marked":true}}
{"address":"0x7fc96c8c1be8", "type":"STRING", "class":"0x7fc96c801668", "bytesize":24, "capacity":48, "value":"debugger-linecache-1.2.0", "encoding":"UTF-8", "memsize":49, "flags":{"wb_protected":true, "old":true, "marked":true}}
{"address":"0x7fc96c8c1c60", "type":"STRING", "class":"0x7fc96c801668", "bytesize":45, "capacity":128, "value":"/Users/antoine/.rvm/gems/ruby-2.0.0-p247/gems", "encoding":"US-ASCII", "memsize":129, "flags":{"wb_protected":true, "old":true, "marked":true}}
{"address":"0x7fc96c8c1d28", "type":"STRING", "class":"0x7fc96c801668", "bytesize":40, "value":"/Users/antoine/.rvm/gems/ruby-2.0.0-p247", "encoding":"US-ASCII", "memsize":41, "flags":{"wb_protected":true, "old":true, "marked":true}}
{"address":"0x7fc96c8c1d78", "type":"ARRAY", "class":"0x7fc96c84a048", "frozen":true, "length":2, "embedded":true, "references":["0x7fc96d0402e8"], "flags":{"wb_protected":true, "old":true, "marked":true}}
{"address":"0x7fc96c8c1dc8", "type":"CLASS", "class":"0x7fc96c840a20", "name":"Class", "references":["0x7fc96c8c2660", "0x7fc96c8409d0"], "memsize":672, "flags":{"wb_protected":true, "old":true, "marked":true}}
{"address":"0x7fc96c8c1e18", "type":"STRING", "class":"0x7fc96c801668", "frozen":true, "bytesize":37, "capacity":48, "value":"Gem::Requirement::BadRequirementError", "encoding":"US-ASCII", "memsize":49, "flags":{"wb_protected":true, "old":true, "marked":true}}
{"address":"0x7fc96c8c1e40", "type":"CLASS", "class":"0x7fc96c802e28", "name":"Class", "references":["0x7fc96c8c1e68", "0x7fc96c800240"], "memsize":672, "flags":{"wb_protected":true, "old":true, "marked":true}}
{"address":"0x7fc96c8c1e68", "type":"CLASS", "class":"0x7fc96c8c1e40", "name":"Gem::Requirement::BadRequirementError", "references":["0x7fc96c8c1e18", "0x7fc96c800268"], "memsize":672, "flags":{"wb_protected":true, "old":true, "marked":true}}
{"address":"0x7fc96c8c1e90", "type":"ARRAY", "class":"0x7fc96c84a048", "length":2, "embedded":true, "references":["0x7fc96c8c2138", "0x7fc96c8c2110"], "flags":{"wb_protected":true, "old":true, "marked":true}}
{"address":"0x7fc96c8c1eb8", "type":"STRING", "class":"0x7fc96c801668", "embedded":true, "bytesize":1, "value":"0", "encoding":"US-ASCII", "flags":{"wb_protected":true, "old":true, "marked":true}}
{"address":"0x7fc96c8c1f08", "type":"STRING", "class":"0x7fc96c801668", "frozen":true, "embedded":true, "fstring":true, "bytesize":2, "value":"\\-", "encoding":"US-ASCII", "flags":{"wb_protected":true, "old":true, "marked":true}}
{"address":"0x7fc96c8c1f58", "type":"STRING", "class":"0x7fc96c801668", "frozen":true, "fstring":true, "bytesize":50, "capacity":86, "value":"/usr/local/Cellar/ruby/2.1.1/lib/ruby/2.1.0/irb.rb", "encoding":"US-ASCII", "memsize":87, "flags":{"wb_protected":true, "old":true, "marked":true}}
{"address":"0x7fc96c8c1f80", "type":"REGEXP", "class":"0x7fc96c8491e8", "references":["0x7fc96c8c1f08"], "memsize":469, "flags":{"wb_protected":true, "old":true, "marked":true}}
{"address":"0x7fc96c8c1ff8", "type":"STRING", "class":"0x7fc96c801668", "frozen":true, "embedded":true, "bytesize":3, "value":"irb", "encoding":"UTF-8", "flags":{"wb_protected":true, "old":true, "marked":true}}
{"address":"0x7fc96c8c2098", "type":"ARRAY", "class":"0x7fc96c84a048", "length":3, "embedded":true, "references":["0x7fc96c8c23b8", "0x7fc96c8c2390", "0x7fc96c8c2250"], "flags":{"wb_protected":true, "old":true, "marked":true}}
{"address":"0x7fc96c8c2110", "type":"OBJECT", "class":"0x7fc96d040a68", "ivars":3, "references":["0x7fc96c8c1eb8"], "flags":{"wb_protected":true, "old":true, "marked":true}}
{"address":"0x7fc96c8c2138", "type":"STRING", "class":"0x7fc96c801668", "embedded":true, "bytesize":2, "value":">=", "encoding":"UTF-8", "flags":{"wb_protected":true, "old":true, "marked":true}}
{"address":"0x7fc96c8c2160", "type":"STRING", "class":"0x7fc96c801668", "frozen":true, "fstring":true, "bytesize":95, "value":"\\A\\s*(=|!=|>|<|>=|<=|~>)?\\s*([0-9]+(?>\\.[0-9a-zA-Z]+)*(-[0-9A-Za-z-]+(\\.[0-9A-Za-z-]+)*)?)\\s*\\z", "encoding":"US-ASCII", "memsize":96, "flags":{"wb_protected":true, "old":true, "marked":true}}
{"address":"0x7fc96c8c21d8", "type":"REGEXP", "class":"0x7fc96c8491e8", "references":["0x7fc96c8c2160"], "memsize":1224, "flags":{"wb_protected":true, "old":true, "marked":true}}
{"address":"0x7fc96c8c2228", "type":"ARRAY", "class":"0x7fc96c84a048", "length":4, "references":["0x7fc96c8c23b8", "0x7fc96c8c2390", "0x7fc96c8c2250"], "memsize":160, "flags":{"wb_protected":true, "old":true, "marked":true}}
{"address":"0x7fc96c8c2250", "type":"STRING", "class":"0x7fc96c801668", "embedded":true, "bytesize":7, "value":".bundle", "encoding":"UTF-8", "flags":{"wb_protected":true, "old":true, "marked":true}}
{"address":"0x7fc96c8c2278", "type":"ARRAY", "class":"0x7fc96c84a048", "length":2, "embedded":true, "references":["0x7fc96c8c2250"], "flags":{"wb_protected":true, "old":true, "marked":true}}
{"address":"0x7fc96c8c22c8", "type":"STRING", "class":"0x7fc96c801668", "bytesize":91, "capacity":98, "value":"\\s*(=|!=|>|<|>=|<=|~>)?\\s*([0-9]+(?>\\.[0-9a-zA-Z]+)*(-[0-9A-Za-z-]+(\\.[0-9A-Za-z-]+)*)?)\\s*", "encoding":"UTF-8", "memsize":99, "flags":{"wb_protected":true, "old":true, "marked":true}}
{"address":"0x7fc96c8c22f0", "type":"STRING", "class":"0x7fc96c801668", "bytesize":17, "capacity":128, "value":"=|!=|>|<|>=|<=|~>", "encoding":"US-ASCII", "memsize":129, "flags":{"wb_protected":true, "old":true, "marked":true}}
{"address":"0x7fc96c8c2390", "type":"STRING", "class":"0x7fc96c801668", "embedded":true, "bytesize":3, "value":".rb", "encoding":"UTF-8", "flags":{"wb_protected":true, "old":true, "marked":true}}
{"address":"0x7fc96c8c23b8", "type":"STRING", "class":"0x7fc96c801668", "embedded":true, "bytesize":0, "value":"", "encoding":"UTF-8", "flags":{"wb_protected":true, "old":true, "marked":true}}
{"address":"0x7fc96c8c23e0", "type":"STRING", "class":"0x7fc96c801668", "embedded":true, "bytesize":3, "value":"irb", "encoding":"UTF-8", "flags":{"wb_protected":true, "old":true, "marked":true}}
{"address":"0x7fc96c8c2408", "type":"DATA", "class":"0x7fc96c839658", "struct":"VM/env", "references":["0x7fc96c8c2408", "0x7fc96c833708", "0x7fc96c802400", "0x7fc96c8c2750"], "memsize":88, "flags":{"remembered":true}}
{"address":"0x7fc96c8c2430", "type":"STRING", "class":"0x7fc96c801668", "frozen":true, "embedded":true, "fstring":true, "bytesize":3, "value":"$-a", "encoding":"US-ASCII", "flags":{"wb_protected":true, "old":true, "marked":true}}
{"address":"0x7fc96c8c2458", "type":"STRING", "class":"0x7fc96c801668", "frozen":true, "embedded":true, "fstring":true, "bytesize":3, "value":"$-l", "encoding":"US-ASCII", "flags":{"wb_protected":true, "old":true, "marked":true}}
{"address":"0x7fc96c8c2480", "type":"STRING", "class":"0x7fc96c801668", "frozen":true, "embedded":true, "fstring":true, "bytesize":3, "value":"$-p", "encoding":"US-ASCII", "flags":{"wb_protected":true, "old":true, "marked":true}}
{"address":"0x7fc96c8c24a8", "type":"HASH", "class":"0x7fc96c849918", "size":7, "references":["0x7fc96c8ab9b0", "0x7fc96c8c25c0", "0x7fc96c8ab708", "0x7fc96c8c2598", "0x7fc96d857828", "0x7fc96c8c2570", "0x7fc96c8ab1e0", "0x7fc96c8c2548", "0x7fc96d865428", "0x7fc96c8c2520", "0x7fc96c8aacb8", "0x7fc96c8c24f8", "0x7fc96d865720", "0x7fc96c8c24d0"], "memsize":472, "flags":{"wb_protected":true, "old":true, "marked":true}}
{"address":"0x7fc96c8c24d0", "type":"DATA", "class":"0x7fc96c83b020", "struct":"proc", "references":["0x7fc96c8c25e8", "0x7fc96c8c24d0", "0x7fc96c8c2688"], "memsize":72, "flags":{"remembered":true}}
{"address":"0x7fc96c8c24f8", "type":"DATA", "class":"0x7fc96c83b020", "struct":"proc", "references":["0x7fc96c8c25e8", "0x7fc96c8c24f8", "0x7fc96c8c2688"], "memsize":72, "flags":{"remembered":true}}
{"address":"0x7fc96c8c2520", "type":"DATA", "class":"0x7fc96c83b020", "struct":"proc", "references":["0x7fc96c8c25e8", "0x7fc96c8c2520", "0x7fc96c8c2688"], "memsize":72, "flags":{"remembered":true}}
{"address":"0x7fc96c8c2548", "type":"DATA", "class":"0x7fc96c83b020", "struct":"proc", "references":["0x7fc96c8c25e8", "0x7fc96c8c2548", "0x7fc96c8c2688"], "memsize":72, "flags":{"remembered":true}}
{"address":"0x7fc96c8c2570", "type":"DATA", "class":"0x7fc96c83b020", "struct":"proc", "references":["0x7fc96c8c25e8", "0x7fc96c8c2570", "0x7fc96c8c2688"], "memsize":72, "flags":{"remembered":true}}
{"address":"0x7fc96c8c2598", "type":"DATA", "class":"0x7fc96c83b020", "struct":"proc", "references":["0x7fc96c8c25e8", "0x7fc96c8c2598", "0x7fc96c8c2688"], "memsize":72, "flags":{"remembered":true}}
{"address":"0x7fc96c8c25c0", "type":"DATA", "class":"0x7fc96c83b020", "struct":"proc", "references":["0x7fc96c8c25e8", "0x7fc96c8c25c0", "0x7fc96c8c2688"], "memsize":72, "flags":{"remembered":true}}
{"address":"0x7fc96c8c25e8", "type":"DATA", "class":"0x7fc96c839658", "struct":"VM/env", "references":["0x7fc96c8c22f0", "0x7fc96c8c25e8", "0x7fc96c8c2688", "0x7fc96c8b9268"], "memsize":96}
{"address":"0x7fc96c8c2610", "type":"ARRAY", "length":2, "embedded":true, "references":["0x7fc96c8c26b0", "0x7fc96c831e30"], "flags":{"wb_protected":true, "old":true, "marked":true}}
{"address":"0x7fc96c8c2638", "type":"STRING", "class":"0x7fc96c801668", "frozen":true, "embedded":true, "bytesize":16, "value":"Gem::Requirement", "encoding":"US-ASCII", "flags":{"wb_protected":true, "old":true, "marked":true}}
{"address":"0x7fc96c8c2660", "type":"CLASS", "class":"0x7fc96c8c1dc8", "name":"Class", "references":["0x7fc96c8c2660", "0x7fc96c8b8700", "0x7fc96c8c2660", "0x7fc96c8b8638", "0x7fc96c8c2660", "0x7fc96c8b8548", "0x7fc96c8c2688", "0x7fc96c802dd8"], "memsize":672, "flags":{"wb_protected":true, "old":true, "marked":true}}
{"address":"0x7fc96c8c2688", "type":"CLASS", "class":"0x7fc96c8c2660", "name":"Gem::Requirement", "references":["0x7fc96c8c2688", "0x7fc96c8c1d78", "0x7fc96c8c2688", "0x7fc96c8b8430", "0x7fc96c8c2688", "0x7fc96c8b8250", "0x7fc96c8c2688", "0x7fc96c8b8048", "0x7fc96c8c2688", "0x7fc96c8c3cb8", "0x7fc96c8c2688", "0x7fc96c8c3c18", "0x7fc96c8c2688", "0x7fc96c8c3b50", "0x7fc96c8c2688", "0x7fc96c8c3920", "0x7fc96c8c2688", "0x7fc96c8c3880", "0x7fc96c8c2688", "0x7fc96c8c37e0", "0x7fc96c8c2688", "0x7fc96c8c3740", "0x7fc96c8c2688", "0x7fc96c8c3538", "0x7fc96c8c2688", "0x7fc96c8c3498", "0x7fc96c8c2688", "0x7fc96c8c33a8", "0x7fc96c8c2688", "0x7fc96c8c32b8", "0x7fc96c8c2688", "0x7fc96c8c30b0", "0x7fc96c8c2688", "0x7fc96c8c2ed0", "0x7fc96c8c2688", "0x7fc96c8c2ed0", "0x7fc96c8c2688", "0x7fc96c8c2ed0", "0x7fc96c8c2688", "0x7fc96c8c2c78", "0x7fc96c8c2688", "0x7fc96c8c2bb0", "0x7fc96c8c2688", "0x7fc96c8c2ae8", "0x7fc96c8c2688", "0x7fc96c8c2a48", "0x7fc96c8c2638", "0x7fc96c8c24a8", "0x7fc96d0402e8", "0x7fc96c8c22c8", "0x7fc96d0402e8", "0x7fc96c8c21d8", "0x7fc96d0402e8", "0x7fc96c8c1e90", "0x7fc96d0402e8", "0x7fc96c8c1e68", "0x7fc96d0402e8", "0x7fc96c803788"], "memsize":2104, "flags":{"wb_protected":true, "old":true, "marked":true}}
{"address":"0x7fc96c8c26b0", "type":"STRING", "class":"0x7fc96c801668", "frozen":true, "embedded":true, "fstring":true, "bytesize":3, "value":"irb", "encoding":"UTF-8", "flags":{"wb_protected":true, "old":true, "marked":true}}
{"address":"0x7fc96c8c2728", "type":"STRING", "class":"0x7fc96c801668", "frozen":true, "fstring":true, "bytesize":36, "value":"/usr/local/Cellar/ruby/2.1.1/bin/irb", "encoding":"UTF-8", "memsize":37, "flags":{"wb_protected":true, "old":true, "marked":true}}
{"address":"0x7fc96c8c2750", "type":"DATA", "class":"0x7fc96c833488", "struct":"iseq", "references":["0x7fc96c8c2610", "0x7fc96c833820", "0x7fc96c833820", "0x7fc96c831e30", "0x7fc96c8c2728", "0x7fc96c833848"], "memsize":928, "flags":{"wb_protected":true, "old":true, "marked":true}}
{"address":"0x7fc96c8c27f0", "type":"STRING", "class":"0x7fc96c801668", "frozen":true, "embedded":true, "bytesize":2, "value":"or", "encoding":"UTF-8", "flags":{"wb_protected":true, "old":true, "marked":true}}
{"address":"0x7fc96c8c2818", "type":"ARRAY", "class":"0x7fc96c84a048", "length":2, "embedded":true, "references":["0x7fc96c8c2908"], "flags":{"wb_protected":true, "old":true, "marked":true}}
{"address":"0x7fc96c8c2868", "type":"ARRAY", "length":1, "embedded":true, "references":["0x7fc96c8c2958"], "flags":{"wb_protected":true, "old":true, "marked":true}}
{"address":"0x7fc96c8c2890", "type":"ARRAY", "length":1, "embedded":true, "references":["0x7fc96c8ab9b0"], "flags":{"wb_protected":true, "old":true, "marked":true}}
{"address":"0x7fc96c8c28b8", "type":"STRING", "class":"0x7fc96c801668", "frozen":true, "embedded":true, "bytesize":15, "value":"RubyToken::TkOR", "encoding":"US-ASCII", "flags":{"wb_protected":true, "old":true, "marked":true}}
{"address":"0x7fc96c8c28e0", "type":"CLASS", "class":"0x7fc96c802e28", "name":"Class", "references":["0x7fc96c8c2908", "0x7fc96d046418"], "memsize":672, "flags":{"wb_protected":true, "old":true, "marked":true}}
{"address":"0x7fc96c8c2908", "type":"CLASS", "class":"0x7fc96c8c28e0", "name":"RubyToken::TkOR", "references":["0x7fc96c8c28b8", "0x7fc96d046440"], "memsize":672, "flags":{"wb_protected":true, "old":true, "marked":true}}
{"address":"0x7fc96c8c2958", "type":"DATA", "class":"0x7fc96c833488", "struct":"iseq", "references":["0x7fc96c8c2890", "0x7fc96c8c2980", "0x7fc96c8b1310", "0x7fc96d0402e8", "0x7fc96d0402e8", "0x7fc96c8c2a20"], "memsize":1488, "flags":{"wb_protected":true, "old":true, "marked":true}}
{"address":"0x7fc96c8c2980", "type":"STRING", "class":"0x7fc96c801668", "frozen":true, "fstring":true, "bytesize":45, "capacity":120, "value":"block in fix_syck_default_key_in_requirements", "memsize":121, "flags":{"wb_protected":true, "old":true, "marked":true}}
{"address":"0x7fc96c8c2a20", "type":"NODE", "node_type":"NODE_CREF", "references":["0x7fc96c8c2688", "0x7fc96c8b9330"], "flags":{"wb_protected":true, "old":true, "marked":true}}
{"address":"0x7fc96c8c2a48", "type":"DATA", "class":"0x7fc96c833488", "struct":"iseq", "references":["0x7fc96c8c2868", "0x7fc96c8b1310", "0x7fc96c8b1310", "0x7fc96d0402e8", "0x7fc96d0402e8", "0x7fc96c8c2a20", "0x7fc96c8c2688"], "memsize":1056, "flags":{"wb_protected":true, "old":true, "marked":true}}
{"address":"0x7fc96c8c2a70", "type":"STRING", "class":"0x7fc96c801668", "frozen":true, "bytesize":88, "capacity":1026, "value":"/Users/antoine/.rvm/gems/ruby-2.0.0-p247/specifications/debugger-linecache-1.2.0.gemspec", "encoding":"US-ASCII", "memsize":1027, "flags":{"wb_protected":true, "old":true, "marked":true}}
{"address":"0x7fc96c8c2ac0", "type":"NODE", "node_type":"NODE_CREF", "references":["0x7fc96c8c2688", "0x7fc96c8b9330"], "flags":{"wb_protected":true, "old":true, "marked":true}}
{"address":"0x7fc96c8c2ae8", "type":"DATA", "class":"0x7fc96c833488", "struct":"iseq", "references":["0x7fc96c803698", "0x7fc96c803698", "0x7fc96d0402e8", "0x7fc96d0402e8", "0x7fc96c8c2ac0", "0x7fc96c8c2688"], "memsize":1352, "flags":{"wb_protected":true, "old":true, "marked":true}}
{"address":"0x7fc96c8c2b10", "type":"ARRAY", "length":1, "embedded":true, "references":["0x7fc96d856770"], "flags":{"wb_protected":true, "old":true, "marked":true}}
{"address":"0x7fc96c8c2b88", "type":"NODE", "node_type":"NODE_CREF", "references":["0x7fc96c8c2688", "0x7fc96c8b9330"], "flags":{"wb_protected":true, "old":true, "marked":true}}
{"address":"0x7fc96c8c2bb0", "type":"DATA", "class":"0x7fc96c833488", "struct":"iseq", "references":["0x7fc96c8c2b10", "0x7fc96c803238", "0x7fc96c803238", "0x7fc96d0402e8", "0x7fc96d0402e8", "0x7fc96c8c2b88", "0x7fc96c8c2688"], "memsize":792, "flags":{"wb_protected":true, "old":true, "marked":true}}
{"address":"0x7fc96c8c2bd8", "type":"ARRAY", "length":2, "embedded":true, "references":["0x7fc96d857828", "0x7fc96d865428"], "flags":{"wb_protected":true, "old":true, "marked":true}}
{"address":"0x7fc96c8c2c50", "type":"NODE", "node_type":"NODE_CREF", "references":["0x7fc96c8c2688", "0x7fc96c8b9330"], "flags":{"wb_protected":true, "old":true, "marked":true}}
{"address":"0x7fc96c8c2c78", "type":"DATA", "class":"0x7fc96c833488", "struct":"iseq", "references":["0x7fc96c8c2bd8", "0x7fc96c8bad70", "0x7fc96c8bad70", "0x7fc96d0402e8", "0x7fc96d0402e8", "0x7fc96c8c2c50", "0x7fc96c8c2688"], "memsize":1760, "flags":{"wb_protected":true, "old":true, "marked":true}}
{"address":"0x7fc96c8c2cc8", "type":"ARRAY", "length":2, "embedded":true, "references":["0x7fc96c8c2db8", "0x7fc96c8c2e30"], "flags":{"wb_protected":true, "old":true, "marked":true}}
{"address":"0x7fc96c8c2cf0", "type":"ARRAY", "length":1, "embedded":true, "references":["0x7fc96c8ab9b0"], "flags":{"wb_protected":true, "old":true, "marked":true}}
{"address":"0x7fc96c8c2d90", "type":"STRING", "class":"0x7fc96c801668", "embedded":true, "bytesize":18, "value":"/usr/local/bin/irb", "encoding":"UTF-8", "flags":{"wb_protected":true, "old":true, "marked":true}}
{"address":"0x7fc96c8c2db8", "type":"DATA", "class":"0x7fc96c833488", "struct":"iseq", "references":["0x7fc96c8c2cf0", "0x7fc96c8c2de0", "0x7fc96c862710", "0x7fc96d0402e8", "0x7fc96d0402e8", "0x7fc96c8c2ea8"], "memsize":1472, "flags":{"wb_protected":true, "old":true, "marked":true}}
{"address":"0x7fc96c8c2de0", "type":"STRING", "class":"0x7fc96c801668", "frozen":true, "fstring":true, "bytesize":22, "capacity":120, "value":"block in satisfied_by?", "memsize":121, "flags":{"wb_protected":true, "old":true, "marked":true}}
{"address":"0x7fc96c8c2e30", "type":"STRING", "class":"0x7fc96c801668", "frozen":true, "embedded":true, "fstring":true, "bytesize":21, "value":"Need a Gem::Version: ", "encoding":"UTF-8", "flags":{"wb_protected":true, "old":true, "marked":true}}
{"address":"0x7fc96c8c2ea8", "type":"NODE", "node_type":"NODE_CREF", "references":["0x7fc96c8c2688", "0x7fc96c8b9330"], "flags":{"wb_protected":true, "old":true, "marked":true}}
{"address":"0x7fc96c8c2ed0", "type":"DATA", "class":"0x7fc96c833488", "struct":"iseq", "references":["0x7fc96c8c2cc8", "0x7fc96c862710", "0x7fc96c862710", "0x7fc96d0402e8", "0x7fc96d0402e8", "0x7fc96c8c2ea8", "0x7fc96c8c2688"], "memsize":1808, "flags":{"wb_protected":true, "old":true, "marked":true}}
{"address":"0x7fc96c8c2f20", "type":"ARRAY", "length":3, "embedded":true, "references":["0x7fc96c8c2fe8", "0x7fc96d855960", "0x7fc96c046d10"], "flags":{"wb_protected":true, "old":true, "marked":true}}
{"address":"0x7fc96c8c2fe8", "type":"DATA", "class":"0x7fc96c833488", "struct":"iseq", "references":["0x7fc96d8569f0", "0x7fc96c8731a0", "0x7fc96d0402e8", "0x7fc96d0402e8", "0x7fc96c8c3088"], "memsize":888, "flags":{"wb_protected":true, "old":true, "marked":true}}
{"address":"0x7fc96c8c3010", "type":"STRING", "class":"0x7fc96c801668", "frozen":true, "embedded":true, "fstring":true, "bytesize":3, "value":"IRB", "encoding":"US-ASCII", "flags":{"wb_protected":true, "old":true, "marked":true}}
{"address":"0x7fc96c8c3088", "type":"NODE", "node_type":"NODE_CREF", "references":["0x7fc96c8c2688", "0x7fc96c8b9330"], "flags":{"wb_protected":true, "old":true, "marked":true}}
{"address":"0x7fc96c8c30b0", "type":"DATA", "class":"0x7fc96c833488", "struct":"iseq", "references":["0x7fc96c8c2f20", "0x7fc96c8731a0", "0x7fc96c8731a0", "0x7fc96d0402e8", "0x7fc96d0402e8", "0x7fc96c8c3088", "0x7fc96c8c2688"], "memsize":768, "flags":{"wb_protected":true, "old":true, "marked":true}}
{"address":"0x7fc96c8c3100", "type":"ARRAY", "length":1, "embedded":true, "references":["0x7fc96c8c31c8"], "flags":{"wb_protected":true, "old":true, "marked":true}}
{"address":"0x7fc96c8c31c8", "type":"DATA", "class":"0x7fc96c833488", "struct":"iseq", "references":["0x7fc96c8c31f0", "0x7fc96c893888", "0x7fc96d0402e8", "0x7fc96d0402e8", "0x7fc96c8c3290"], "memsize":856, "flags":{"wb_protected":true, "old":true, "marked":true}}
{"address":"0x7fc96c8c31f0", "type":"STRING", "class":"0x7fc96c801668", "frozen":true, "fstring":true, "bytesize":20, "capacity":120, "value":"block in prerelease?", "memsize":121, "flags":{"wb_protected":true, "old":true, "marked":true}}
{"address":"0x7fc96c8c3268", "type":"STRING", "class":"0x7fc96c801668", "frozen":true, "embedded":true, "bytesize":3, "value":"and", "encoding":"UTF-8", "flags":{"wb_protected":true, "old":true, "marked":true}}
{"address":"0x7fc96c8c3290", "type":"NODE", "node_type":"NODE_CREF", "references":["0x7fc96c8c2688", "0x7fc96c8b9330"], "flags":{"wb_protected":true, "old":true, "marked":true}}
{"address":"0x7fc96c8c32b8", "type":"DATA", "class":"0x7fc96c833488", "struct":"iseq", "references":["0x7fc96c8c3100", "0x7fc96c893888", "0x7fc96c893888", "0x7fc96d0402e8", "0x7fc96d0402e8", "0x7fc96c8c3290", "0x7fc96c8c2688"], "memsize":808, "flags":{"wb_protected":true, "old":true, "marked":true}}
{"address":"0x7fc96c8c32e0", "type":"ARRAY", "length":1, "embedded":true, "references":["0x7fc96c8c3308"], "flags":{"wb_protected":true, "old":true, "marked":true}}
{"address":"0x7fc96c8c3308", "type":"STRING", "class":"0x7fc96c801668", "frozen":true, "embedded":true, "fstring":true, "bytesize":12, "value":"requirements", "encoding":"UTF-8", "flags":{"wb_protected":true, "old":true, "marked":true}}
{"address":"0x7fc96c8c3330", "type":"ARRAY", "class":"0x7fc96c84a048", "length":2, "embedded":true, "references":["0x7fc96c8c34c0"], "flags":{"wb_protected":true, "old":true, "marked":true}}
{"address":"0x7fc96c8c3358", "type":"STRING", "class":"0x7fc96c801668", "frozen":true, "bytesize":61, "capacity":1026, "value":"/Users/antoine/.rvm/gems/ruby-2.0.0-p247/gems/columnize-0.3.6", "encoding":"US-ASCII", "memsize":1027, "flags":{"wb_protected":true, "old":true, "marked":true}}
{"address":"0x7fc96c8c3380", "type":"NODE", "node_type":"NODE_CREF", "references":["0x7fc96c8c2688", "0x7fc96c8b9330"], "flags":{"wb_protected":true, "old":true, "marked":true}}
{"address":"0x7fc96c8c33a8", "type":"DATA", "class":"0x7fc96c833488", "struct":"iseq", "references":["0x7fc96c8c32e0", "0x7fc96d02ad58", "0x7fc96d02ad58", "0x7fc96d0402e8", "0x7fc96d0402e8", "0x7fc96c8c3380", "0x7fc96c8c2688"], "memsize":744, "flags":{"wb_protected":true, "old":true, "marked":true}}
{"address":"0x7fc96c8c33d0", "type":"ARRAY", "length":1, "embedded":true, "references":["0x7fc96c8c33f8"], "flags":{"wb_protected":true, "old":true, "marked":true}}
{"address":"0x7fc96c8c33f8", "type":"STRING", "class":"0x7fc96c801668", "frozen":true, "embedded":true, "fstring":true, "bytesize":13, "value":"@requirements", "encoding":"UTF-8", "flags":{"wb_protected":true, "old":true, "marked":true}}
{"address":"0x7fc96c8c3420", "type":"STRING", "class":"0x7fc96c801668", "frozen":true, "embedded":true, "bytesize":16, "value":"RubyToken::TkAND", "encoding":"US-ASCII", "flags":{"wb_protected":true, "old":true, "marked":true}}
{"address":"0x7fc96c8c3448", "type":"CLASS", "class":"0x7fc96c802e28", "name":"Class", "references":["0x7fc96c8c34c0", "0x7fc96d046418"], "memsize":672, "flags":{"wb_protected":true, "old":true, "marked":true}}
{"address":"0x7fc96c8c3470", "type":"NODE", "node_type":"NODE_CREF", "references":["0x7fc96c8c2688", "0x7fc96c8b9330"], "flags":{"wb_protected":true, "old":true, "marked":true}}
{"address":"0x7fc96c8c3498", "type":"DATA", "class":"0x7fc96c833488", "struct":"iseq", "references":["0x7fc96c8c33d0", "0x7fc96d03aaf0", "0x7fc96d03aaf0", "0x7fc96d0402e8", "0x7fc96d0402e8", "0x7fc96c8c3470", "0x7fc96c8c2688"], "memsize":520, "flags":{"wb_protected":true, "old":true, "marked":true}}
{"address":"0x7fc96c8c34c0", "type":"CLASS", "class":"0x7fc96c8c3448", "name":"RubyToken::TkAND", "references":["0x7fc96c8c3420", "0x7fc96d046440"], "memsize":672, "flags":{"wb_protected":true, "old":true, "marked":true}}
{"address":"0x7fc96c8c34e8", "type":"STRING", "class":"0x7fc96c801668", "shared":true, "encoding":"US-ASCII", "references":["0x7fc96c8c3358"], "flags":{"wb_protected":true, "old":true, "marked":true}}
{"address":"0x7fc96c8c3510", "type":"NODE", "node_type":"NODE_CREF", "references":["0x7fc96c8c2688", "0x7fc96c8b9330"], "flags":{"wb_protected":true, "old":true, "marked":true}}
{"address":"0x7fc96c8c3538", "type":"DATA", "class":"0x7fc96c833488", "struct":"iseq", "references":["0x7fc96d021f28", "0x7fc96d021f28", "0x7fc96d0402e8", "0x7fc96d0402e8", "0x7fc96c8c3510", "0x7fc96c8c2688"], "memsize":976, "flags":{"wb_protected":true, "old":true, "marked":true}}
{"address":"0x7fc96c8c3588", "type":"ARRAY", "length":1, "embedded":true, "references":["0x7fc96c8c3678"], "flags":{"wb_protected":true, "old":true, "marked":true}}
{"address":"0x7fc96c8c35b0", "type":"ARRAY", "length":1, "embedded":true, "references":["0x7fc96d839120"], "flags":{"wb_protected":true, "old":true, "marked":true}}
{"address":"0x7fc96c8c3650", "type":"STRING", "class":"0x7fc96c801668", "embedded":true, "bytesize":15, "value":"columnize-0.3.6", "encoding":"UTF-8", "flags":{"wb_protected":true, "old":true, "marked":true}}
{"address":"0x7fc96c8c3678", "type":"DATA", "class":"0x7fc96c833488", "struct":"iseq", "references":["0x7fc96c8c35b0", "0x7fc96d864b18", "0x7fc96d021d98", "0x7fc96d0402e8", "0x7fc96d0402e8", "0x7fc96c8c3718"], "memsize":872, "flags":{"wb_protected":true, "old":true, "marked":true}}
{"address":"0x7fc96c8c36c8", "type":"STRING", "class":"0x7fc96c801668", "bytesize":40, "value":"/Users/antoine/.rvm/gems/ruby-2.0.0-p247", "encoding":"US-ASCII", "memsize":41, "flags":{"wb_protected":true, "old":true, "marked":true}}
{"address":"0x7fc96c8c36f0", "type":"STRING", "class":"0x7fc96c801668", "bytesize":45, "capacity":128, "value":"/Users/antoine/.rvm/gems/ruby-2.0.0-p247/gems", "encoding":"US-ASCII", "memsize":129, "flags":{"wb_protected":true, "old":true, "marked":true}}
{"address":"0x7fc96c8c3718", "type":"NODE", "node_type":"NODE_CREF", "references":["0x7fc96c8c2688", "0x7fc96c8b9330"], "flags":{"wb_protected":true, "old":true, "marked":true}}
{"address":"0x7fc96c8c3740", "type":"DATA", "class":"0x7fc96c833488", "struct":"iseq", "references":["0x7fc96c8c3588", "0x7fc96d021d98", "0x7fc96d021d98", "0x7fc96d0402e8", "0x7fc96d0402e8", "0x7fc96c8c3718", "0x7fc96c8c2688"], "memsize":1248, "flags":{"wb_protected":true, "old":true, "marked":true}}
{"address":"0x7fc96c8c37b8", "type":"NODE", "node_type":"NODE_CREF", "references":["0x7fc96c8c2688", "0x7fc96c8b9330"], "flags":{"wb_protected":true, "old":true, "marked":true}}
{"address":"0x7fc96c8c37e0", "type":"DATA", "class":"0x7fc96c833488", "struct":"iseq", "references":["0x7fc96c848180", "0x7fc96c848180", "0x7fc96d0402e8", "0x7fc96d0402e8", "0x7fc96c8c37b8", "0x7fc96c8c2688"], "memsize":928, "flags":{"wb_protected":true, "old":true, "marked":true}}
{"address":"0x7fc96c8c3808", "type":"STRING", "class":"0x7fc96c801668", "bytesize":40, "value":"/Users/antoine/.rvm/gems/ruby-2.0.0-p247", "encoding":"US-ASCII", "memsize":41, "flags":{"wb_protected":true, "old":true, "marked":true}}
{"address":"0x7fc96c8c3858", "type":"NODE", "node_type":"NODE_CREF", "references":["0x7fc96c8c2688", "0x7fc96c8b9330"], "flags":{"wb_protected":true, "old":true, "marked":true}}
{"address":"0x7fc96c8c3880", "type":"DATA", "class":"0x7fc96c833488", "struct":"iseq", "references":["0x7fc96c8481a8", "0x7fc96c8481a8", "0x7fc96d0402e8", "0x7fc96d0402e8", "0x7fc96c8c3858", "0x7fc96c8c2688"], "memsize":776, "flags":{"wb_protected":true, "old":true, "marked":true}}
{"address":"0x7fc96c8c38f8", "type":"NODE", "node_type":"NODE_CREF", "references":["0x7fc96c8c2688", "0x7fc96c8b9330"], "flags":{"wb_protected":true, "old":true, "marked":true}}
{"address":"0x7fc96c8c3920", "type":"DATA", "class":"0x7fc96c833488", "struct":"iseq", "references":["0x7fc96c803440", "0x7fc96c803440", "0x7fc96d0402e8", "0x7fc96d0402e8", "0x7fc96c8c38f8", "0x7fc96c8c2688"], "memsize":760, "flags":{"wb_protected":true, "old":true, "marked":true}}
{"address":"0x7fc96c8c3970", "type":"ARRAY", "length":1, "embedded":true, "references":["0x7fc96c8c3a60"], "flags":{"wb_protected":true, "old":true, "marked":true}}
{"address":"0x7fc96c8c3998", "type":"ARRAY", "length":1, "embedded":true, "references":["0x7fc96d857850"], "flags":{"wb_protected":true, "old":true, "marked":true}}
{"address":"0x7fc96c8c3a60", "type":"DATA", "class":"0x7fc96c833488", "struct":"iseq", "references":["0x7fc96c8c3998", "0x7fc96c8c3a88", "0x7fc96c868200", "0x7fc96d0402e8", "0x7fc96d0402e8", "0x7fc96c8c3b28"], "memsize":704, "flags":{"wb_protected":true, "old":true, "marked":true}}
{"address":"0x7fc96c8c3a88", "type":"STRING", "class":"0x7fc96c801668", "frozen":true, "fstring":true, "bytesize":16, "capacity":120, "value":"block in as_list", "memsize":121, "flags":{"wb_protected":true, "old":true, "marked":true}}
{"address":"0x7fc96c8c3b28", "type":"NODE", "node_type":"NODE_CREF", "references":["0x7fc96c8c2688", "0x7fc96c8b9330"], "flags":{"wb_protected":true, "old":true, "marked":true}}
{"address":"0x7fc96c8c3b50", "type":"DATA", "class":"0x7fc96c833488", "struct":"iseq", "references":["0x7fc96c8c3970", "0x7fc96c868200", "0x7fc96c868200", "0x7fc96d0402e8", "0x7fc96d0402e8", "0x7fc96c8c3b28", "0x7fc96c8c2688"], "memsize":952, "flags":{"wb_protected":true, "old":true, "marked":true}}
{"address":"0x7fc96c8c3b78", "type":"ARRAY", "length":1, "embedded":true, "references":["0x7fc96c8ab9b0"], "flags":{"wb_protected":true, "old":true, "marked":true}}
{"address":"0x7fc96c8c3ba0", "type":"ARRAY", "class":"0x7fc96c84a048", "length":3, "embedded":true, "flags":{"wb_protected":true, "old":true, "marked":true}}
{"address":"0x7fc96c8c3bf0", "type":"NODE", "node_type":"NODE_CREF", "references":["0x7fc96c8c2688", "0x7fc96c8b9330"], "flags":{"wb_protected":true, "old":true, "marked":true}}
{"address":"0x7fc96c8c3c18", "type":"DATA", "class":"0x7fc96c833488", "struct":"iseq", "references":["0x7fc96c8c3b78", "0x7fc96c8b1e50", "0x7fc96c8b1e50", "0x7fc96d0402e8", "0x7fc96d0402e8", "0x7fc96c8c3bf0", "0x7fc96c8c2688"], "memsize":1584, "flags":{"wb_protected":true, "old":true, "marked":true}}
{"address":"0x7fc96c8c3c40", "type":"ARRAY", "class":"0x7fc96c84a048", "length":3, "embedded":true, "flags":{"wb_protected":true, "old":true, "marked":true}}
{"address":"0x7fc96c8c3c90", "type":"NODE", "node_type":"NODE_CREF", "references":["0x7fc96c8c2688", "0x7fc96c8b9330"], "flags":{"wb_protected":true, "old":true, "marked":true}}
{"address":"0x7fc96c8c3cb8", "type":"DATA", "class":"0x7fc96c833488", "struct":"iseq", "references":["0x7fc96c801a50", "0x7fc96c801a50", "0x7fc96d0402e8", "0x7fc96d0402e8", "0x7fc96c8c3c90", "0x7fc96c8c2688"], "memsize":1528, "flags":{"wb_protected":true, "old":true, "marked":true}}
{"address":"0x7fc96c8c3ce0", "type":"ARRAY", "class":"0x7fc96c84a048", "length":3, "embedded":true, "flags":{"wb_protected":true, "old":true, "marked":true}}
{"address":"0x7fc96c8c3d58", "type":"ARRAY", "class":"0x7fc96c84a048", "length":3, "embedded":true, "flags":{"wb_protected":true, "old":true, "marked":true}}
{"address":"0x7fc96c8c3d80", "type":"STRING", "class":"0x7fc96c801668", "bytesize":45, "capacity":128, "value":"/Users/antoine/.rvm/gems/ruby-2.0.0-p247/gems", "encoding":"US-ASCII", "memsize":129, "flags":{"wb_protected":true, "old":true, "marked":true}}
{"address":"0x7fc96c8c3da8", "type":"ARRAY", "class":"0x7fc96c84a048", "length":3, "embedded":true, "flags":{"wb_protected":true, "old":true, "marked":true}}
{"address":"0x7fc96c8c3dd0", "type":"DATA", "class":"0x7fc96c833488", "struct":"iseq", "references":["0x7fc96c8c3f38", "0x7fc96c8b2df0", "0x7fc96d0402e8", "0x7fc96d0402e8", "0x7fc96c8b8020"], "memsize":600, "flags":{"wb_protected":true, "old":true, "marked":true}}
{"address":"0x7fc96c8c3e20", "type":"ARRAY", "length":5, "references":["0x7fc96c8c3f10", "0x7fc96c8c3dd0", "0x7fc96c046d38", "0x7fc96d856770", "0x7fc96c046d10"], "memsize":160, "flags":{"wb_protected":true, "old":true, "marked":true}}
{"address":"0x7fc96c8c3e48", "type":"ARRAY", "length":1, "embedded":true, "references":["0x7fc96d857850"], "flags":{"wb_protected":true, "old":true, "marked":true}}
{"address":"0x7fc96c8c3e70", "type":"ARRAY", "class":"0x7fc96c84a048", "length":3, "embedded":true, "flags":{"wb_protected":true, "old":true, "marked":true}}
{"address":"0x7fc96c8c3ec0", "type":"ARRAY", "class":"0x7fc96c84a048", "length":3, "embedded":true, "flags":{"wb_protected":true, "old":true, "marked":true}}
{"address":"0x7fc96c8c3f10", "type":"DATA", "class":"0x7fc96c833488", "struct":"iseq", "references":["0x7fc96c8c3e48", "0x7fc96c8c3f38", "0x7fc96c8b2df0", "0x7fc96d0402e8", "0x7fc96d0402e8", "0x7fc96c8b8020"], "memsize":728, "flags":{"wb_protected":true, "old":true, "marked":true}}
{"address":"0x7fc96c8c3f38", "type":"STRING", "class":"0x7fc96c801668", "frozen":true, "fstring":true, "bytesize":21, "capacity":120, "value":"block in for_lockfile", "memsize":121, "flags":{"wb_protected":true, "old":true, "marked":true}}
{"address":"0x7fc96c8c3f60", "type":"ARRAY", "class":"0x7fc96c84a048", "length":3, "embedded":true, "flags":{"wb_protected":true, "old":true, "marked":true}}
{"address":"0x7fc96c8c3f88", "type":"STRING", "class":"0x7fc96c801668", "frozen":true, "embedded":true, "bytesize":5, "value":"false", "encoding":"UTF-8", "flags":{"wb_protected":true, "old":true, "marked":true}}
{"address":"0x7fc96c8c3fb0", "type":"ARRAY", "class":"0x7fc96c84a048", "length":3, "embedded":true, "flags":{"wb_protected":true, "old":true, "marked":true}}
{"address":"0x7fc96c8c4028", "type":"STRING", "class":"0x7fc96c801668", "frozen":true, "embedded":true, "fstring":true, "bytesize":18, "value":")\n\t      end\n\t    ", "encoding":"UTF-8", "flags":{"wb_protected":true, "old":true, "marked":true}}
{"address":"0x7fc96c8c4050", "type":"STRING", "class":"0x7fc96c801668", "frozen":true, "fstring":true, "bytesize":64, "value":")\n\t\tExtendCommand::CurrentWorkingWorkspace.execute(irb_context, ", "encoding":"UTF-8", "memsize":65, "flags":{"wb_protected":true, "old":true, "marked":true}}
{"address":"0x7fc96c8c4078", "type":"ICLASS", "class":"0x7fc96c8c4398", "references":["0x7fc96c8c5bd0", "0x7fc96c8c5bd0", "0x7fc96c8c5b08", "0x7fc96c8c5a40", "0x7fc96c8c5928", "0x7fc96c8c5928", "0x7fc96c8c56d0", "0x7fc96c8c5630", "0x7fc96c8c5540", "0x7fc96c8c5450", "0x7fc96c8c5338", "0x7fc96c8c5220", "0x7fc96c8c88d0", "0x7fc96c8c4320", "0x7fc96c8ca0b8", "0x7fc96c803788"], "flags":{"remembered":true}}
{"address":"0x7fc96c8c40a0", "type":"STRING", "class":"0x7fc96c801668", "frozen":true, "fstring":true, "bytesize":42, "value":"\n\t      def irb_current_working_workspace(", "encoding":"UTF-8", "memsize":43, "flags":{"wb_protected":true, "old":true, "marked":true}}
{"address":"0x7fc96c8c40c8", "type":"STRING", "class":"0x7fc96c801668", "frozen":true, "embedded":true, "fstring":true, "bytesize":6, "value":"&block", "encoding":"UTF-8", "flags":{"wb_protected":true, "old":true, "marked":true}}
{"address":"0x7fc96c8c40f0", "type":"STRING", "class":"0x7fc96c801668", "frozen":true, "embedded":true, "fstring":true, "bytesize":7, "value":"mingw32", "encoding":"US-ASCII", "flags":{"wb_protected":true, "old":true, "marked":true}}
{"address":"0x7fc96c8c4118", "type":"CLASS", "class":"0x7fc96c802e28", "name":"Class", "references":["0x7fc96c8c4140", "0x7fc96c802dd8"], "memsize":672, "flags":{"wb_protected":true, "old":true, "marked":true}}
{"address":"0x7fc96c8c4140", "type":"CLASS", "class":"0x7fc96c8c4118", "name":"Monitor", "references":["0x7fc96c8c4078", "0x7fc96c8c5bd0", "0x7fc96c8c4078", "0x7fc96c8c5b08", "0x7fc96c8c4078", "0x7fc96c8c5a40", "0x7fc96c8dfee0", "0x7fc96c8c4078"], "memsize":864, "flags":{"wb_protected":true, "old":true, "marked":true}}
{"address":"0x7fc96c8c4168", "type":"REGEXP", "class":"0x7fc96c8491e8", "references":["0x7fc96c8c40f0"], "memsize":485, "flags":{"wb_protected":true, "old":true, "marked":true}}
{"address":"0x7fc96c8c4190", "type":"CLASS", "class":"0x7fc96c802e00", "name":"Module", "references":["0x7fc96c8c4190", "0x7fc96c8c5c98", "0x7fc96c8c4398", "0x7fc96c803738"], "memsize":672, "flags":{"wb_protected":true, "old":true, "marked":true}}
{"address":"0x7fc96c8c41b8", "type":"STRING", "class":"0x7fc96c801668", "frozen":true, "embedded":true, "fstring":true, "bytesize":5, "value":"*opts", "encoding":"UTF-8", "flags":{"wb_protected":true, "old":true, "marked":true}}
{"address":"0x7fc96c8c4208", "type":"STRING", "class":"0x7fc96c801668", "frozen":true, "bytesize":40, "capacity":64, "value":"MonitorMixin::ConditionVariable::Timeout", "encoding":"US-ASCII", "memsize":65, "flags":{"wb_protected":true, "old":true, "marked":true}}
{"address":"0x7fc96c8c4230", "type":"CLASS", "class":"0x7fc96c802e28", "name":"Class", "references":["0x7fc96c8c4258", "0x7fc96c8006c8"], "memsize":672, "flags":{"wb_protected":true, "old":true, "marked":true}}
{"address":"0x7fc96c8c4258", "type":"CLASS", "class":"0x7fc96c8c4230", "name":"MonitorMixin::ConditionVariable::Timeout", "references":["0x7fc96c8c4208", "0x7fc96c8006f0"], "memsize":672, "flags":{"wb_protected":true, "old":true, "marked":true}}
{"address":"0x7fc96c8c4280", "type":"ARRAY", "length":9, "references":["0x7fc96c8c44b0", "0x7fc96c8d1110", "0x7fc96c8c41b8", "0x7fc96c8c40c8", "0x7fc96d856770", "0x7fc96c8c40a0", "0x7fc96c8c4050", "0x7fc96c8c4028", "0x7fc96d04a090"], "memsize":160, "flags":{"wb_protected":true, "old":true, "marked":true}}
{"address":"0x7fc96c8c42a8", "type":"STRING", "class":"0x7fc96c801668", "frozen":true, "bytesize":31, "capacity":48, "value":"MonitorMixin::ConditionVariable", "encoding":"US-ASCII", "memsize":49, "flags":{"wb_protected":true, "old":true, "marked":true}}
{"address":"0x7fc96c8c42d0", "type":"CLASS", "class":"0x7fc96c802e28", "name":"Class", "references":["0x7fc96c8c4320", "0x7fc96c802dd8"], "memsize":672, "flags":{"wb_protected":true, "old":true, "marked":true}}
{"address":"0x7fc96c8c42f8", "type":"ARRAY", "length":1, "embedded":true, "references":["0x7fc96c8c4438"], "flags":{"wb_protected":true, "old":true, "marked":true}}
{"address":"0x7fc96c8c4320", "type":"CLASS", "class":"0x7fc96c8c42d0", "name":"MonitorMixin::ConditionVariable", "references":["0x7fc96c8c4320", "0x7fc96c8c63a0", "0x7fc96c8c4320", "0x7fc96c8c61c0", "0x7fc96c8c4320", "0x7fc96c8c60a8", "0x7fc96c8c4320", "0x7fc96c8c5f90", "0x7fc96c8c4320", "0x7fc96c8c5ec8", "0x7fc96c8c4320", "0x7fc96c8c5db0", "0x7fc96c8c42a8", "0x7fc96c8c4258", "0x7fc96c8ca0b8", "0x7fc96c803788"], "memsize":864, "flags":{"wb_protected":true, "old":true, "marked":true}}
{"address":"0x7fc96c8c4348", "type":"STRING", "class":"0x7fc96c801668", "frozen":true, "embedded":true, "fstring":true, "bytesize":5, "value":"linux", "encoding":"US-ASCII", "flags":{"wb_protected":true, "old":true, "marked":true}}
{"address":"0x7fc96c8c4370", "type":"STRING", "class":"0x7fc96c801668", "bytesize":40, "value":"/Users/antoine/.rvm/gems/ruby-2.0.0-p247", "encoding":"US-ASCII", "memsize":41, "flags":{"wb_protected":true, "old":true, "marked":true}}
{"address":"0x7fc96c8c4398", "type":"MODULE", "class":"0x7fc96c8c4190", "name":"MonitorMixin", "references":["0x7fc96c8c4398", "0x7fc96c8c5bd0", "0x7fc96c8c4398", "0x7fc96c8c5bd0", "0x7fc96c8c4398", "0x7fc96c8c5b08", "0x7fc96c8c4398", "0x7fc96c8c5a40", "0x7fc96c8c4398", "0x7fc96c8c5928", "0x7fc96c8c4398", "0x7fc96c8c5928", "0x7fc96c8c4398", "0x7fc96c8c56d0", "0x7fc96c8c4398", "0x7fc96c8c5630", "0x7fc96c8c4398", "0x7fc96c8c5540", "0x7fc96c8c4398", "0x7fc96c8c5450", "0x7fc96c8c4398", "0x7fc96c8c5338", "0x7fc96c8c4398", "0x7fc96c8c5220", "0x7fc96c8c88d0", "0x7fc96c8c4320", "0x7fc96c8ca0b8"], "memsize":1384, "flags":{"remembered":true}}
{"address":"0x7fc96c8c43c0", "type":"REGEXP", "class":"0x7fc96c8491e8", "references":["0x7fc96c8c4348"], "memsize":479, "flags":{"wb_protected":true, "old":true, "marked":true}}
{"address":"0x7fc96c8c4438", "type":"STRING", "class":"0x7fc96c801668", "frozen":true, "embedded":true, "fstring":true, "bytesize":3, "value":"arg", "encoding":"UTF-8", "flags":{"wb_protected":true, "old":true, "marked":true}}
{"address":"0x7fc96c8c44b0", "type":"DATA", "class":"0x7fc96c833488", "struct":"iseq", "references":["0x7fc96c8c42f8", "0x7fc96c8c44d8", "0x7fc96d0486f0", "0x7fc96d04a090", "0x7fc96c8c4578"], "memsize":888, "flags":{"wb_protected":true, "old":true, "marked":true}}
{"address":"0x7fc96c8c44d8", "type":"STRING", "class":"0x7fc96c801668", "frozen":true, "fstring":true, "bytesize":38, "capacity":120, "value":"block in irb_current_working_workspace", "memsize":121, "flags":{"wb_protected":true, "old":true, "marked":true}}
{"address":"0x7fc96c8c4528", "type":"STRING", "class":"0x7fc96c801668", "shared":true, "encoding":"US-ASCII", "references":["0x7fc96c8c4690"], "flags":{"wb_protected":true, "old":true, "marked":true}}
{"address":"0x7fc96c8c4578", "type":"NODE", "node_type":"NODE_CREF", "references":["0x7fc96c8c75e8", "0x7fc96c8d1408"], "flags":{"wb_protected":true, "old":true, "marked":true}}
{"address":"0x7fc96c8c45a0", "type":"STRING", "class":"0x7fc96c801668", "frozen":true, "embedded":true, "fstring":true, "bytesize":15, "value":"^dotnet([\\d.]*)", "encoding":"US-ASCII", "flags":{"wb_protected":true, "old":true, "marked":true}}
{"address":"0x7fc96c8c45c8", "type":"DATA", "class":"0x7fc96c833488", "struct":"iseq", "references":["0x7fc96c8c4280", "0x7fc96d0486f0", "0x7fc96d0486f0", "0x7fc96d04a090", "0x7fc96c8c4578", "0x7fc96c8c75e8"], "memsize":4096, "flags":{"wb_protected":true, "old":true, "marked":true}}
{"address":"0x7fc96c8c4618", "type":"REGEXP", "class":"0x7fc96c8491e8", "references":["0x7fc96c8c45a0"], "memsize":590, "flags":{"wb_protected":true, "old":true, "marked":true}}
{"address":"0x7fc96c8c4690", "type":"STRING", "class":"0x7fc96c801668", "frozen":true, "bytesize":57, "capacity":1026, "value":"/Users/antoine/.rvm/gems/ruby-2.0.0-p247/gems/chef-11.6.2", "encoding":"US-ASCII", "memsize":1027, "flags":{"wb_protected":true, "old":true, "marked":true}}
{"address":"0x7fc96c8c47f8", "type":"STRING", "class":"0x7fc96c801668", "frozen":true, "embedded":true, "fstring":true, "bytesize":8, "value":"^dotnet$", "encoding":"US-ASCII", "flags":{"wb_protected":true, "old":true, "marked":true}}
{"address":"0x7fc96c8c4870", "type":"REGEXP", "class":"0x7fc96c8491e8", "references":["0x7fc96c8c47f8"], "memsize":486, "flags":{"wb_protected":true, "old":true, "marked":true}}
{"address":"0x7fc96c8c4910", "type":"STRING", "class":"0x7fc96c801668", "frozen":true, "embedded":true, "bytesize":9, "value":"thread.rb", "encoding":"US-ASCII", "flags":{"wb_protected":true, "old":true, "marked":true}}
{"address":"0x7fc96c8c4938", "type":"STRING", "class":"0x7fc96c801668", "frozen":true, "embedded":true, "fstring":true, "bytesize":4, "value":"max=", "encoding":"US-ASCII", "flags":{"wb_protected":true, "old":true, "marked":true}}
{"address":"0x7fc96c8c4960", "type":"STRING", "class":"0x7fc96c801668", "frozen":true, "embedded":true, "fstring":true, "bytesize":3, "value":"deq", "encoding":"US-ASCII", "flags":{"wb_protected":true, "old":true, "marked":true}}
{"address":"0x7fc96c8c4988", "type":"STRING", "class":"0x7fc96c801668", "frozen":true, "embedded":true, "fstring":true, "bytesize":3, "value":"enq", "encoding":"US-ASCII", "flags":{"wb_protected":true, "old":true, "marked":true}}
{"address":"0x7fc96c8c49b0", "type":"STRING", "class":"0x7fc96c801668", "frozen":true, "embedded":true, "fstring":true, "bytesize":11, "value":"num_waiting", "encoding":"US-ASCII", "flags":{"wb_protected":true, "old":true, "marked":true}}
{"address":"0x7fc96c8c49d8", "type":"STRING", "class":"0x7fc96c801668", "frozen":true, "embedded":true, "bytesize":18, "value":"Thread::SizedQueue", "encoding":"US-ASCII", "flags":{"wb_protected":true, "old":true, "marked":true}}
{"address":"0x7fc96c8c4a28", "type":"CLASS", "class":"0x7fc96c802e28", "name":"Class", "references":["0x7fc96c8c4a78", "0x7fc96c8c4b90"], "memsize":672, "flags":{"wb_protected":true, "old":true, "marked":true}}
{"address":"0x7fc96c8c4a50", "type":"STRING", "class":"0x7fc96c801668", "frozen":true, "embedded":true, "fstring":true, "bytesize":14, "value":"^dalvik(\\d+)?$", "encoding":"US-ASCII", "flags":{"wb_protected":true, "old":true, "marked":true}}
{"address":"0x7fc96c8c4a78", "type":"CLASS", "class":"0x7fc96c8c4a28", "name":"Thread::SizedQueue", "references":["0x7fc96c8c4a78", "0x7fc96c8c4a78", "0x7fc96c8c4a78", "0x7fc96c8c4a78", "0x7fc96c8c4a78", "0x7fc96c8c4a78", "0x7fc96c8c4a78", "0x7fc96c8c4a78", "0x7fc96c8c4a78", "0x7fc96c8c4a78", "0x7fc96c8c4a78", "0x7fc96c8c49d8", "0x7fc96c8c4b18", "0x7fc96c8c4bb8"], "memsize":1144, "flags":{"wb_protected":true, "old":true, "marked":true}}
{"address":"0x7fc96c8c4aa0", "type":"STRING", "class":"0x7fc96c801668", "frozen":true, "embedded":true, "fstring":true, "bytesize":10, "value":"SizedQueue", "encoding":"US-ASCII", "flags":{"wb_protected":true, "old":true, "marked":true}}
{"address":"0x7fc96c8c4ac8", "type":"REGEXP", "class":"0x7fc96c8491e8", "references":["0x7fc96c8c4a50"], "memsize":582, "flags":{"wb_protected":true, "old":true, "marked":true}}
{"address":"0x7fc96c8c4af0", "type":"STRING", "class":"0x7fc96c801668", "frozen":true, "embedded":true, "fstring":true, "bytesize":13, "value":"queue_waiters", "encoding":"US-ASCII", "flags":{"wb_protected":true, "old":true, "marked":true}}
{"address":"0x7fc96c8c4b18", "type":"ARRAY", "frozen":true, "length":4, "memsize":160, "flags":{"wb_protected":true, "old":true, "marked":true}}
{"address":"0x7fc96c8c4b68", "type":"STRING", "class":"0x7fc96c801668", "frozen":true, "embedded":true, "bytesize":13, "value":"Thread::Queue", "encoding":"US-ASCII", "flags":{"wb_protected":true, "old":true, "marked":true}}
{"address":"0x7fc96c8c4b90", "type":"CLASS", "class":"0x7fc96c802e28", "name":"Class", "references":["0x7fc96c8c4bb8", "0x7fc96c802dd8"], "memsize":672, "flags":{"wb_protected":true, "old":true, "marked":true}}
{"address":"0x7fc96c8c4bb8", "type":"CLASS", "class":"0x7fc96c8c4b90", "name":"Thread::Queue", "references":["0x7fc96c8c4bb8", "0x7fc96c8c4bb8", "0x7fc96c8c4bb8", "0x7fc96c8c4bb8", "0x7fc96c8c4bb8", "0x7fc96c8c4bb8", "0x7fc96c8c4bb8", "0x7fc96c8c4bb8", "0x7fc96c8c4bb8", "0x7fc96c8c4bb8", "0x7fc96c8c4bb8", "0x7fc96c8c4bb8", "0x7fc96c8c4b68", "0x7fc96c8c4c30", "0x7fc96c803788"], "memsize":1192, "flags":{"wb_protected":true, "old":true, "marked":true}}
{"address":"0x7fc96c8c4be0", "type":"STRING", "class":"0x7fc96c801668", "frozen":true, "embedded":true, "fstring":true, "bytesize":5, "value":"Queue", "encoding":"US-ASCII", "flags":{"wb_protected":true, "old":true, "marked":true}}
{"address":"0x7fc96c8c4c08", "type":"STRING", "class":"0x7fc96c801668", "frozen":true, "embedded":true, "fstring":true, "bytesize":3, "value":"que", "encoding":"US-ASCII", "flags":{"wb_protected":true, "old":true, "marked":true}}
{"address":"0x7fc96c8c4c30", "type":"ARRAY", "frozen":true, "length":2, "embedded":true, "flags":{"wb_protected":true, "old":true, "marked":true}}
{"address":"0x7fc96c8c4c58", "type":"STRING", "class":"0x7fc96c801668", "frozen":true, "embedded":true, "bytesize":4, "value":"true", "encoding":"UTF-8", "flags":{"wb_protected":true, "old":true, "marked":true}}
{"address":"0x7fc96c8c4c80", "type":"STRING", "class":"0x7fc96c801668", "frozen":true, "bytesize":25, "capacity":48, "value":"Thread::ConditionVariable", "encoding":"US-ASCII", "memsize":49, "flags":{"wb_protected":true, "old":true, "marked":true}}
{"address":"0x7fc96c8c4ca8", "type":"STRING", "class":"0x7fc96c801668", "frozen":true, "embedded":true, "fstring":true, "bytesize":13, "value":"^java([\\d.]*)", "encoding":"US-ASCII", "flags":{"wb_protected":true, "old":true, "marked":true}}
{"address":"0x7fc96c8c4cd0", "type":"CLASS", "class":"0x7fc96c802e28", "name":"Class", "references":["0x7fc96c8c4cf8", "0x7fc96c802dd8"], "memsize":672, "flags":{"wb_protected":true, "old":true, "marked":true}}
{"address":"0x7fc96c8c4cf8", "type":"CLASS", "class":"0x7fc96c8c4cd0", "name":"Thread::ConditionVariable", "references":["0x7fc96c8c4cf8", "0x7fc96c8c4cf8", "0x7fc96c8c4cf8", "0x7fc96c8c4cf8", "0x7fc96c8c4c80", "0x7fc96c8c4d70", "0x7fc96c803788"], "memsize":672, "flags":{"wb_protected":true, "old":true, "marked":true}}
{"address":"0x7fc96c8c4d20", "type":"REGEXP", "class":"0x7fc96c8491e8", "references":["0x7fc96c8c4ca8"], "memsize":572, "flags":{"wb_protected":true, "old":true, "marked":true}}
{"address":"0x7fc96c8c4d48", "type":"STRING", "class":"0x7fc96c801668", "frozen":true, "embedded":true, "fstring":true, "bytesize":7, "value":"waiters", "encoding":"US-ASCII", "flags":{"wb_protected":true, "old":true, "marked":true}}
{"address":"0x7fc96c8c4d70", "type":"ARRAY", "frozen":true, "length":1, "embedded":true, "flags":{"wb_protected":true, "old":true, "marked":true}}
{"address":"0x7fc96c8c4d98", "type":"ARRAY", "class":"0x7fc96c84a048", "length":2, "embedded":true, "references":["0x7fc96c8c4e38"], "flags":{"wb_protected":true, "old":true, "marked":true}}
{"address":"0x7fc96c8c4de8", "type":"STRING", "class":"0x7fc96c801668", "frozen":true, "embedded":true, "bytesize":17, "value":"RubyToken::TkTRUE", "encoding":"US-ASCII", "flags":{"wb_protected":true, "old":true, "marked":true}}
{"address":"0x7fc96c8c4e10", "type":"CLASS", "class":"0x7fc96c802e28", "name":"Class", "references":["0x7fc96c8c4e38", "0x7fc96d046418"], "memsize":672, "flags":{"wb_protected":true, "old":true, "marked":true}}
{"address":"0x7fc96c8c4e38", "type":"CLASS", "class":"0x7fc96c8c4e10", "name":"RubyToken::TkTRUE", "references":["0x7fc96c8c4de8", "0x7fc96d046440"], "memsize":672, "flags":{"wb_protected":true, "old":true, "marked":true}}
{"address":"0x7fc96c8c4ed8", "type":"STRING", "class":"0x7fc96c801668", "frozen":true, "fstring":true, "bytesize":75, "capacity":122, "value":"/usr/local/Cellar/ruby/2.1.1/lib/ruby/2.1.0/x86_64-darwin13.0/thread.bundle", "encoding":"US-ASCII", "memsize":123, "flags":{"wb_protected":true, "old":true, "marked":true}}
{"address":"0x7fc96c8c4f00", "type":"STRING", "class":"0x7fc96c801668", "frozen":true, "embedded":true, "fstring":true, "bytesize":7, "value":"^jruby$", "encoding":"US-ASCII", "flags":{"wb_protected":true, "old":true, "marked":true}}
{"address":"0x7fc96c8c4f50", "type":"STRING", "class":"0x7fc96c801668", "frozen":true, "bytesize":75, "capacity":1026, "value":"/Users/antoine/.rvm/gems/ruby-2.0.0-p247/specifications/chef-11.6.2.gemspec", "encoding":"US-ASCII", "memsize":1027, "flags":{"wb_protected":true, "old":true, "marked":true}}
{"address":"0x7fc96c8c4f78", "type":"REGEXP", "class":"0x7fc96c8491e8", "references":["0x7fc96c8c4f00"], "memsize":483, "flags":{"wb_protected":true, "old":true, "marked":true}}
{"address":"0x7fc96c8c5040", "type":"STRING", "class":"0x7fc96c801668", "frozen":true, "embedded":true, "fstring":true, "bytesize":6, "value":"^java$", "encoding":"US-ASCII", "flags":{"wb_protected":true, "old":true, "marked":true}}
{"address":"0x7fc96c8c50b8", "type":"REGEXP", "class":"0x7fc96c8491e8", "references":["0x7fc96c8c5040"], "memsize":480, "flags":{"wb_protected":true, "old":true, "marked":true}}
{"address":"0x7fc96c8c51f8", "type":"NODE", "node_type":"NODE_CREF", "references":["0x7fc96c8c4398", "0x7fc96c8c67b0"], "flags":{"wb_protected":true, "old":true, "marked":true}}
{"address":"0x7fc96c8c5220", "type":"DATA", "class":"0x7fc96c833488", "struct":"iseq", "references":["0x7fc96c8cae78", "0x7fc96c8cae78", "0x7fc96c8ca0b8", "0x7fc96c8ca0b8", "0x7fc96c8c51f8", "0x7fc96c8c4398"], "memsize":896, "flags":{"wb_protected":true, "old":true, "marked":true}}
{"address":"0x7fc96c8c5298", "type":"STRING", "class":"0x7fc96c801668", "frozen":true, "embedded":true, "fstring":true, "bytesize":10, "value":"hpux(\\d+)?", "encoding":"US-ASCII", "flags":{"wb_protected":true, "old":true, "marked":true}}
{"address":"0x7fc96c8c52e8", "type":"NODE", "node_type":"NODE_CREF", "references":["0x7fc96c8c4398", "0x7fc96c8c67b0"], "flags":{"wb_protected":true, "old":true, "marked":true}}
{"address":"0x7fc96c8c5310", "type":"REGEXP", "class":"0x7fc96c8491e8", "references":["0x7fc96c8c5298"], "memsize":628, "flags":{"wb_protected":true, "old":true, "marked":true}}
{"address":"0x7fc96c8c5338", "type":"DATA", "class":"0x7fc96c833488", "struct":"iseq", "references":["0x7fc96c8d3dc0", "0x7fc96c8d3dc0", "0x7fc96c8ca0b8", "0x7fc96c8ca0b8", "0x7fc96c8c52e8", "0x7fc96c8c4398"], "memsize":976, "flags":{"wb_protected":true, "old":true, "marked":true}}
{"address":"0x7fc96c8c5360", "type":"ARRAY", "length":1, "embedded":true, "references":["0x7fc96c8c53b0"], "flags":{"wb_protected":true, "old":true, "marked":true}}
{"address":"0x7fc96c8c53b0", "type":"STRING", "class":"0x7fc96c801668", "frozen":true, "fstring":true, "bytesize":24, "value":"current thread not owner", "encoding":"UTF-8", "memsize":25, "flags":{"wb_protected":true, "old":true, "marked":true}}
{"address":"0x7fc96c8c5428", "type":"NODE", "node_type":"NODE_CREF", "references":["0x7fc96c8c4398", "0x7fc96c8c67b0"], "flags":{"wb_protected":true, "old":true, "marked":true}}
{"address":"0x7fc96c8c5450", "type":"DATA", "class":"0x7fc96c833488", "struct":"iseq", "references":["0x7fc96c8c5360", "0x7fc96c8ca838", "0x7fc96c8ca838", "0x7fc96c8ca0b8", "0x7fc96c8ca0b8", "0x7fc96c8c5428", "0x7fc96c8c4398"], "memsize":1544, "flags":{"wb_protected":true, "old":true, "marked":true}}
{"address":"0x7fc96c8c54f0", "type":"STRING", "class":"0x7fc96c801668", "frozen":true, "embedded":true, "fstring":true, "bytesize":13, "value":"freebsd(\\d+)?", "encoding":"US-ASCII", "flags":{"wb_protected":true, "old":true, "marked":true}}
{"address":"0x7fc96c8c5518", "type":"NODE", "node_type":"NODE_CREF", "references":["0x7fc96c8c4398", "0x7fc96c8c67b0"], "flags":{"wb_protected":true, "old":true, "marked":true}}
{"address":"0x7fc96c8c5540", "type":"DATA", "class":"0x7fc96c833488", "struct":"iseq", "references":["0x7fc96c8d2650", "0x7fc96c8d2650", "0x7fc96c8ca0b8", "0x7fc96c8ca0b8", "0x7fc96c8c5518", "0x7fc96c8c4398"], "memsize":1080, "flags":{"wb_protected":true, "old":true, "marked":true}}
{"address":"0x7fc96c8c5568", "type":"REGEXP", "class":"0x7fc96c8491e8", "references":["0x7fc96c8c54f0"], "memsize":575, "flags":{"wb_protected":true, "old":true, "marked":true}}
{"address":"0x7fc96c8c5608", "type":"NODE", "node_type":"NODE_CREF", "references":["0x7fc96c8c4398", "0x7fc96c8c67b0"], "flags":{"wb_protected":true, "old":true, "marked":true}}
{"address":"0x7fc96c8c5630", "type":"DATA", "class":"0x7fc96c833488", "struct":"iseq", "references":["0x7fc96c803be8", "0x7fc96c803be8", "0x7fc96c8ca0b8", "0x7fc96c8ca0b8", "0x7fc96c8c5608", "0x7fc96c8c4398"], "memsize":888, "flags":{"wb_protected":true, "old":true, "marked":true}}
{"address":"0x7fc96c8c5658", "type":"STRING", "class":"0x7fc96c801668", "frozen":true, "embedded":true, "bytesize":3, "value":"nil", "encoding":"UTF-8", "flags":{"wb_protected":true, "old":true, "marked":true}}
{"address":"0x7fc96c8c5680", "type":"ARRAY", "class":"0x7fc96c84a048", "length":2, "embedded":true, "references":["0x7fc96c8c5888"], "flags":{"wb_protected":true, "old":true, "marked":true}}
{"address":"0x7fc96c8c56a8", "type":"NODE", "node_type":"NODE_CREF", "references":["0x7fc96c8c4398", "0x7fc96c8c67b0"], "flags":{"wb_protected":true, "old":true, "marked":true}}
{"address":"0x7fc96c8c56d0", "type":"DATA", "class":"0x7fc96c833488", "struct":"iseq", "references":["0x7fc96c8d0990", "0x7fc96c8d0990", "0x7fc96c8ca0b8", "0x7fc96c8ca0b8", "0x7fc96c8c56a8", "0x7fc96c8c4398"], "memsize":752, "flags":{"wb_protected":true, "old":true, "marked":true}}
{"address":"0x7fc96c8c56f8", "type":"OBJECT", "class":"0x7fc96c8c4140", "ivars":3, "references":["0x7fc96c8c5950"], "flags":{"wb_protected":true, "old":true, "remembered":true, "marked":true}}
{"address":"0x7fc96c8c5720", "type":"CLASS", "class":"0x7fc96c8c5a68", "name":"RubyToken::TkFALSE", "references":["0x7fc96c8c5e00", "0x7fc96d046440"], "memsize":672, "flags":{"wb_protected":true, "old":true, "marked":true}}
{"address":"0x7fc96c8c5748", "type":"STRING", "class":"0x7fc96c801668", "frozen":true, "embedded":true, "fstring":true, "bytesize":9, "value":"^macruby$", "encoding":"US-ASCII", "flags":{"wb_protected":true, "old":true, "marked":true}}
{"address":"0x7fc96c8c5770", "type":"ARRAY", "length":2, "embedded":true, "references":["0x7fc96c8c5810", "0x7fc96c8c5810"], "flags":{"wb_protected":true, "old":true, "marked":true}}
{"address":"0x7fc96c8c57c0", "type":"REGEXP", "class":"0x7fc96c8491e8", "references":["0x7fc96c8c5748"], "memsize":489, "flags":{"wb_protected":true, "old":true, "marked":true}}
{"address":"0x7fc96c8c57e8", "type":"STRING", "class":"0x7fc96c801668", "frozen":true, "embedded":true, "bytesize":16, "value":"RubyToken::TkNIL", "encoding":"US-ASCII", "flags":{"wb_protected":true, "old":true, "marked":true}}
{"address":"0x7fc96c8c5810", "type":"DATA", "class":"0x7fc96c833488", "struct":"iseq", "references":["0x7fc96c8c5860", "0x7fc96c8d0eb8", "0x7fc96c8ca0b8", "0x7fc96c8ca0b8", "0x7fc96c8c5900"], "memsize":608, "flags":{"wb_protected":true, "old":true, "marked":true}}
{"address":"0x7fc96c8c5838", "type":"CLASS", "class":"0x7fc96c802e28", "name":"Class", "references":["0x7fc96c8c5888", "0x7fc96d046418"], "memsize":672, "flags":{"wb_protected":true, "old":true, "marked":true}}
{"address":"0x7fc96c8c5860", "type":"STRING", "class":"0x7fc96c801668", "frozen":true, "fstring":true, "bytesize":25, "capacity":48, "value":"ensure in mon_synchronize", "memsize":49, "flags":{"wb_protected":true, "old":true, "marked":true}}
{"address":"0x7fc96c8c5888", "type":"CLASS", "class":"0x7fc96c8c5838", "name":"RubyToken::TkNIL", "references":["0x7fc96c8c57e8", "0x7fc96d046440"], "memsize":672, "flags":{"wb_protected":true, "old":true, "marked":true}}
{"address":"0x7fc96c8c5900", "type":"NODE", "node_type":"NODE_CREF", "references":["0x7fc96c8c4398", "0x7fc96c8c67b0"], "flags":{"wb_protected":true, "old":true, "marked":true}}
{"address":"0x7fc96c8c5928", "type":"DATA", "class":"0x7fc96c833488", "struct":"iseq", "references":["0x7fc96c8c5770", "0x7fc96c8d0eb8", "0x7fc96c8d0eb8", "0x7fc96c8ca0b8", "0x7fc96c8ca0b8", "0x7fc96c8c5900", "0x7fc96c8c4398"], "memsize":1120, "flags":{"wb_protected":true, "old":true, "marked":true}}
{"address":"0x7fc96c8c5950", "type":"DATA", "class":"0x7fc96c832d58", "struct":"mutex", "memsize":136, "flags":{"remembered":true}}
{"address":"0x7fc96c8c5978", "type":"STRING", "class":"0x7fc96c801668", "embedded":true, "bytesize":11, "value":"chef-11.6.2", "encoding":"UTF-8", "flags":{"wb_protected":true, "old":true, "marked":true}}
{"address":"0x7fc96c8c59a0", "type":"STRING", "class":"0x7fc96c801668", "frozen":true, "embedded":true, "fstring":true, "bytesize":12, "value":"darwin(\\d+)?", "encoding":"US-ASCII", "flags":{"wb_protected":true, "old":true, "marked":true}}
{"address":"0x7fc96c8c59f0", "type":"NODE", "node_type":"NODE_CREF", "references":["0x7fc96c8c4398", "0x7fc96c8c67b0"], "flags":{"wb_protected":true, "old":true, "marked":true}}
{"address":"0x7fc96c8c5a18", "type":"REGEXP", "class":"0x7fc96c8491e8", "references":["0x7fc96c8c59a0"], "memsize":662, "flags":{"wb_protected":true, "old":true, "marked":true}}
{"address":"0x7fc96c8c5a40", "type":"DATA", "class":"0x7fc96c833488", "struct":"iseq", "references":["0x7fc96c8d1548", "0x7fc96c8d1548", "0x7fc96c8ca0b8", "0x7fc96c8ca0b8", "0x7fc96c8c59f0", "0x7fc96c8c4398"], "memsize":1760, "flags":{"wb_protected":true, "old":true, "marked":true}}
{"address":"0x7fc96c8c5a68", "type":"CLASS", "class":"0x7fc96c802e28", "name":"Class", "references":["0x7fc96c8c5720", "0x7fc96d046418"], "memsize":672, "flags":{"wb_protected":true, "old":true, "marked":true}}
{"address":"0x7fc96c8c5ae0", "type":"NODE", "node_type":"NODE_CREF", "references":["0x7fc96c8c4398", "0x7fc96c8c67b0"], "flags":{"wb_protected":true, "old":true, "marked":true}}
{"address":"0x7fc96c8c5b08", "type":"DATA", "class":"0x7fc96c833488", "struct":"iseq", "references":["0x7fc96c8d1ae8", "0x7fc96c8d1ae8", "0x7fc96c8ca0b8", "0x7fc96c8ca0b8", "0x7fc96c8c5ae0", "0x7fc96c8c4398"], "memsize":2136, "flags":{"wb_protected":true, "old":true, "marked":true}}
{"address":"0x7fc96c8c5b80", "type":"NODE", "node_type":"NODE_CREF", "references":["0x7fc96c8c4398", "0x7fc96c8c67b0"], "flags":{"wb_protected":true, "old":true, "marked":true}}
{"address":"0x7fc96c8c5bd0", "type":"DATA", "class":"0x7fc96c833488", "struct":"iseq", "references":["0x7fc96c8d23f8", "0x7fc96c8d23f8", "0x7fc96c8ca0b8", "0x7fc96c8ca0b8", "0x7fc96c8c5b80", "0x7fc96c8c4398"], "memsize":2360, "flags":{"wb_protected":true, "old":true, "marked":true}}
{"address":"0x7fc96c8c5c20", "type":"STRING", "class":"0x7fc96c801668", "frozen":true, "bytesize":87, "capacity":1026, "value":"/Users/antoine/.rvm/gems/ruby-2.0.0-p247/extensions/x86_64-darwin-13/2.1.0/byebug-2.5.0", "encoding":"US-ASCII", "memsize":1027, "flags":{"wb_protected":true, "old":true, "marked":true}}
{"address":"0x7fc96c8c5c48", "type":"REGEXP", "class":"0x7fc96c8491e8", "references":["0x7fc96c820860"], "memsize":482, "flags":{"wb_protected":true, "old":true, "marked":true}}
{"address":"0x7fc96c8c5c70", "type":"NODE", "node_type":"NODE_CREF", "references":["0x7fc96c8c4398", "0x7fc96c8c67b0"], "flags":{"wb_protected":true, "old":true, "marked":true}}
{"address":"0x7fc96c8c5c98", "type":"DATA", "class":"0x7fc96c833488", "struct":"iseq", "references":["0x7fc96c802748", "0x7fc96c802748", "0x7fc96c8ca0b8", "0x7fc96c8ca0b8", "0x7fc96c8c5c70", "0x7fc96c8c4190"], "memsize":936, "flags":{"wb_protected":true, "old":true, "marked":true}}
{"address":"0x7fc96c8c5d10", "type":"ARRAY", "length":1, "embedded":true, "references":["0x7fc96c803788"], "flags":{"wb_protected":true, "old":true, "marked":true}}
{"address":"0x7fc96c8c5d88", "type":"NODE", "node_type":"NODE_CREF", "references":["0x7fc96c8c4320", "0x7fc96c8c6620"], "flags":{"wb_protected":true, "old":true, "marked":true}}
{"address":"0x7fc96c8c5db0", "type":"DATA", "class":"0x7fc96c833488", "struct":"iseq", "references":["0x7fc96c8c5d10", "0x7fc96c803be8", "0x7fc96c803be8", "0x7fc96c8ca0b8", "0x7fc96c8ca0b8", "0x7fc96c8c5d88", "0x7fc96c8c4320"], "memsize":1024, "flags":{"wb_protected":true, "old":true, "marked":true}}
{"address":"0x7fc96c8c5dd8", "type":"STRING", "class":"0x7fc96c801668", "shared":true, "encoding":"US-ASCII", "references":["0x7fc96c8c5c20"], "flags":{"wb_protected":true, "old":true, "marked":true}}
{"address":"0x7fc96c8c5e00", "type":"STRING", "class":"0x7fc96c801668", "frozen":true, "embedded":true, "bytesize":18, "value":"RubyToken::TkFALSE", "encoding":"US-ASCII", "flags":{"wb_protected":true, "old":true, "marked":true}}
{"address":"0x7fc96c8c5e28", "type":"STRING", "class":"0x7fc96c801668", "frozen":true, "embedded":true, "fstring":true, "bytesize":9, "value":"aix(\\d+)?", "encoding":"US-ASCII", "flags":{"wb_protected":true, "old":true, "marked":true}}
{"address":"0x7fc96c8c5e78", "type":"NODE", "node_type":"NODE_CREF", "references":["0x7fc96c8c4320", "0x7fc96c8c6620"], "flags":{"wb_protected":true, "old":true, "marked":true}}
{"address":"0x7fc96c8c5ea0", "type":"REGEXP", "class":"0x7fc96c8491e8", "references":["0x7fc96c8c5e28"], "memsize":611, "flags":{"wb_protected":true, "old":true, "marked":true}}
{"address":"0x7fc96c8c5ec8", "type":"DATA", "class":"0x7fc96c833488", "struct":"iseq", "references":["0x7fc96c8d2f10", "0x7fc96c8d2f10", "0x7fc96c8ca0b8", "0x7fc96c8ca0b8", "0x7fc96c8c5e78", "0x7fc96c8c4320"], "memsize":976, "flags":{"wb_protected":true, "old":true, "marked":true}}
{"address":"0x7fc96c8c5f68", "type":"NODE", "node_type":"NODE_CREF", "references":["0x7fc96c8c4320", "0x7fc96c8c6620"], "flags":{"wb_protected":true, "old":true, "marked":true}}
{"address":"0x7fc96c8c5f90", "type":"DATA", "class":"0x7fc96c833488", "struct":"iseq", "references":["0x7fc96c8d3348", "0x7fc96c8d3348", "0x7fc96c8ca0b8", "0x7fc96c8ca0b8", "0x7fc96c8c5f68", "0x7fc96c8c4320"], "memsize":976, "flags":{"wb_protected":true, "old":true, "marked":true}}
{"address":"0x7fc96c8c5fb8", "type":"STRING", "class":"0x7fc96c801668", "bytesize":74, "capacity":128, "value":"/Users/antoine/.rvm/gems/ruby-2.0.0-p247/extensions/x86_64-darwin-13/2.1.0", "encoding":"US-ASCII", "memsize":129, "flags":{"wb_protected":true, "old":true, "marked":true}}
{"address":"0x7fc96c8c6080", "type":"NODE", "node_type":"NODE_CREF", "references":["0x7fc96c8c4320", "0x7fc96c8c6620"], "flags":{"wb_protected":true, "old":true, "marked":true}}
{"address":"0x7fc96c8c60a8", "type":"DATA", "class":"0x7fc96c833488", "struct":"iseq", "references":["0x7fc96c8d36b8", "0x7fc96c8d36b8", "0x7fc96c8ca0b8", "0x7fc96c8ca0b8", "0x7fc96c8c6080", "0x7fc96c8c4320"], "memsize":1112, "flags":{"wb_protected":true, "old":true, "marked":true}}
{"address":"0x7fc96c8c6198", "type":"NODE", "node_type":"NODE_CREF", "references":["0x7fc96c8c4320", "0x7fc96c8c6620"], "flags":{"wb_protected":true, "old":true, "marked":true}}
{"address":"0x7fc96c8c61c0", "type":"DATA", "class":"0x7fc96c833488", "struct":"iseq", "references":["0x7fc96c8d3a00", "0x7fc96c8d3a00", "0x7fc96c8ca0b8", "0x7fc96c8ca0b8", "0x7fc96c8c6198", "0x7fc96c8c4320"], "memsize":1112, "flags":{"wb_protected":true, "old":true, "marked":true}}
{"address":"0x7fc96c8c61e8", "type":"STRING", "class":"0x7fc96c801668", "frozen":true, "embedded":true, "bytesize":4, "value":"self", "encoding":"UTF-8", "flags":{"wb_protected":true, "old":true, "marked":true}}
{"address":"0x7fc96c8c6210", "type":"ARRAY", "length":2, "embedded":true, "references":["0x7fc96c8c6288", "0x7fc96c8c6288"], "flags":{"wb_protected":true, "old":true, "marked":true}}
{"address":"0x7fc96c8c6238", "type":"ARRAY", "class":"0x7fc96c84a048", "length":2, "embedded":true, "references":["0x7fc96c8c6328"], "flags":{"wb_protected":true, "old":true, "marked":true}}
{"address":"0x7fc96c8c6288", "type":"DATA", "class":"0x7fc96c833488", "struct":"iseq", "references":["0x7fc96c8c62b0", "0x7fc96c840430", "0x7fc96c8ca0b8", "0x7fc96c8ca0b8", "0x7fc96c8c6378"], "memsize":728, "flags":{"wb_protected":true, "old":true, "marked":true}}
{"address":"0x7fc96c8c62b0", "type":"STRING", "class":"0x7fc96c801668", "frozen":true, "embedded":true, "fstring":true, "bytesize":14, "value":"ensure in wait", "flags":{"wb_protected":true, "old":true, "marked":true}}
{"address":"0x7fc96c8c62d8", "type":"STRING", "class":"0x7fc96c801668", "frozen":true, "embedded":true, "bytesize":17, "value":"RubyToken::TkSELF", "encoding":"US-ASCII", "flags":{"wb_protected":true, "old":true, "marked":true}}
{"address":"0x7fc96c8c6300", "type":"CLASS", "class":"0x7fc96c802e28", "name":"Class", "references":["0x7fc96c8c6328", "0x7fc96d046418"], "memsize":672, "flags":{"wb_protected":true, "old":true, "marked":true}}
{"address":"0x7fc96c8c6328", "type":"CLASS", "class":"0x7fc96c8c6300", "name":"RubyToken::TkSELF", "references":["0x7fc96c8c62d8", "0x7fc96d046440"], "memsize":672, "flags":{"wb_protected":true, "old":true, "marked":true}}
{"address":"0x7fc96c8c6378", "type":"NODE", "node_type":"NODE_CREF", "references":["0x7fc96c8c4320", "0x7fc96c8c6620"], "flags":{"wb_protected":true, "old":true, "marked":true}}
{"address":"0x7fc96c8c63a0", "type":"DATA", "class":"0x7fc96c833488", "struct":"iseq", "references":["0x7fc96c8c6210", "0x7fc96c840430", "0x7fc96c840430", "0x7fc96c8ca0b8", "0x7fc96c8ca0b8", "0x7fc96c8c6378", "0x7fc96c8c4320"], "memsize":2200, "flags":{"wb_protected":true, "old":true, "marked":true}}
{"address":"0x7fc96c8c64e0", "type":"STRING", "class":"0x7fc96c801668", "frozen":true, "bytesize":58, "capacity":1026, "value":"/Users/antoine/.rvm/gems/ruby-2.0.0-p247/gems/byebug-2.5.0", "encoding":"US-ASCII", "memsize":1027, "flags":{"wb_protected":true, "old":true, "marked":true}}
{"address":"0x7fc96c8c6508", "type":"STRING", "class":"0x7fc96c801668", "shared":true, "encoding":"US-ASCII", "references":["0x7fc96c8c64e0"], "flags":{"wb_protected":true, "old":true, "marked":true}}
{"address":"0x7fc96c8c65a8", "type":"STRING", "class":"0x7fc96c801668", "frozen":true, "embedded":true, "fstring":true, "bytesize":7, "value":"execute", "encoding":"US-ASCII", "flags":{"wb_protected":true, "old":true, "marked":true}}
{"address":"0x7fc96c8c65f8", "type":"STRING", "class":"0x7fc96c801668", "bytesize":45, "capacity":128, "value":"/Users/antoine/.rvm/gems/ruby-2.0.0-p247/gems", "encoding":"US-ASCII", "memsize":129, "flags":{"wb_protected":true, "old":true, "marked":true}}
{"address":"0x7fc96c8c6620", "type":"NODE", "node_type":"NODE_CREF", "references":["0x7fc96c8c4398", "0x7fc96c8c67b0"], "flags":{"wb_protected":true, "old":true, "marked":true}}
{"address":"0x7fc96c8c6648", "type":"STRING", "class":"0x7fc96c801668", "frozen":true, "embedded":true, "fstring":true, "bytesize":13, "value":"ExtendCommand", "encoding":"US-ASCII", "flags":{"wb_protected":true, "old":true, "marked":true}}
{"address":"0x7fc96c8c6670", "type":"STRING", "class":"0x7fc96c801668", "frozen":true, "embedded":true, "fstring":true, "bytesize":13, "value":"^\\d+(\\.\\d+)?$", "encoding":"US-ASCII", "flags":{"wb_protected":true, "old":true, "marked":true}}
{"address":"0x7fc96c8c6698", "type":"STRING", "class":"0x7fc96c801668", "frozen":true, "bytesize":79, "capacity":1026, "value":"/Users/antoine/.rvm/gems/ruby-2.0.0-p247/specifications/columnize-0.3.6.gemspec", "encoding":"US-ASCII", "memsize":1027, "flags":{"wb_protected":true, "old":true, "marked":true}}
{"address":"0x7fc96c8c66e8", "type":"REGEXP", "class":"0x7fc96c8491e8", "references":["0x7fc96c8c6670"], "memsize":672, "flags":{"wb_protected":true, "old":true, "marked":true}}
{"address":"0x7fc96c8c6710", "type":"STRING", "class":"0x7fc96c801668", "frozen":true, "embedded":true, "fstring":true, "bytesize":6, "value":"thread", "encoding":"UTF-8", "flags":{"wb_protected":true, "old":true, "marked":true}}
{"address":"0x7fc96c8c6760", "type":"STRING", "class":"0x7fc96c801668", "bytesize":40, "value":"/Users/antoine/.rvm/gems/ruby-2.0.0-p247", "encoding":"US-ASCII", "memsize":41, "flags":{"wb_protected":true, "old":true, "marked":true}}
{"address":"0x7fc96c8c67b0", "type":"NODE", "node_type":"NODE_CREF", "references":["0x7fc96c803788"], "flags":{"wb_protected":true, "old":true, "marked":true}}
{"address":"0x7fc96c8c6800", "type":"ARRAY", "class":"0x7fc96c84a048", "length":2, "embedded":true, "references":["0x7fc96c8c5720"], "flags":{"wb_protected":true, "old":true, "marked":true}}
{"address":"0x7fc96c8c6878", "type":"STRING", "class":"0x7fc96c801668", "bytesize":45, "capacity":128, "value":"/Users/antoine/.rvm/gems/ruby-2.0.0-p247/gems", "encoding":"US-ASCII", "memsize":129, "flags":{"wb_protected":true, "old":true, "marked":true}}
{"address":"0x7fc96c8c6968", "type":"STRING", "class":"0x7fc96c801668", "frozen":true, "embedded":true, "bytesize":5, "value":"super", "encoding":"UTF-8", "flags":{"wb_protected":true, "old":true, "marked":true}}
{"address":"0x7fc96c8c6990", "type":"ARRAY", "class":"0x7fc96c84a048", "length":2, "embedded":true, "references":["0x7fc96c8c7610"], "flags":{"wb_protected":true, "old":true, "marked":true}}
{"address":"0x7fc96c8c69e0", "type":"STRING", "class":"0x7fc96c801668", "frozen":true, "embedded":true, "bytesize":18, "value":"RubyToken::TkSUPER", "encoding":"US-ASCII", "flags":{"wb_protected":true, "old":true, "marked":true}}
{"address":"0x7fc96c8c6a08", "type":"CLASS", "class":"0x7fc96c802e00", "name":"Module", "references":["0x7fc96c8c6a08", "0x7fc96c8d1048", "0x7fc96c8c6a08", "0x7fc96c8d0e18", "0x7fc96c8c6a08", "0x7fc96c8d0620", "0x7fc96c8c6a08", "0x7fc96c8d0508", "0x7fc96c8c75e8", "0x7fc96c803738"], "memsize":672, "flags":{"wb_protected":true, "old":true, "marked":true}}
{"address":"0x7fc96c8c6a30", "type":"ARRAY", "class":"0x7fc96c84a048", "length":13, "references":["0x7fc96c8c72c8", "0x7fc96c8c7110", "0x7fc96c8c7020", "0x7fc96c8c6f08", "0x7fc96c8c6df0", "0x7fc96c8c6da0", "0x7fc96c8c6d50", "0x7fc96c8c6cd8", "0x7fc96c8c6c88", "0x7fc96c8c6c10", "0x7fc96c8c6b98", "0x7fc96c8c6b20", "0x7fc96c8c6a58"], "memsize":104, "flags":{"wb_protected":true, "old":true, "marked":true}}
{"address":"0x7fc96c8c6a58", "type":"ARRAY", "class":"0x7fc96c84a048", "length":4, "references":["0x7fc96c8c6ad0", "0x7fc96c8c6aa8"], "memsize":32, "flags":{"wb_protected":true, "old":true, "marked":true}}
{"address":"0x7fc96c8c6a80", "type":"STRING", "class":"0x7fc96c801668", "frozen":true, "embedded":true, "fstring":true, "bytesize":5, "value":"i\\d86", "encoding":"US-ASCII", "flags":{"wb_protected":true, "old":true, "marked":true}}
{"address":"0x7fc96c8c6aa8", "type":"ARRAY", "class":"0x7fc96c84a048", "length":2, "embedded":true, "flags":{"wb_protected":true, "old":true, "marked":true}}
{"address":"0x7fc96c8c6ad0", "type":"STRING", "class":"0x7fc96c801668", "embedded":true, "bytesize":12, "value":"irb/cmd/help", "encoding":"UTF-8", "flags":{"wb_protected":true, "old":true, "marked":true}}
{"address":"0x7fc96c8c6af8", "type":"REGEXP", "class":"0x7fc96c8491e8", "references":["0x7fc96c8c6a80"], "memsize":506, "flags":{"wb_protected":true, "old":true, "marked":true}}
{"address":"0x7fc96c8c6b20", "type":"ARRAY", "class":"0x7fc96c84a048", "length":4, "references":["0x7fc96c8c6b70", "0x7fc96c8c6b48"], "memsize":32, "flags":{"wb_protected":true, "old":true, "marked":true}}
{"address":"0x7fc96c8c6b48", "type":"ARRAY", "class":"0x7fc96c84a048", "length":2, "embedded":true, "flags":{"wb_protected":true, "old":true, "marked":true}}
{"address":"0x7fc96c8c6b70", "type":"STRING", "class":"0x7fc96c801668", "embedded":true, "bytesize":14, "value":"irb/cmd/subirb", "encoding":"UTF-8", "flags":{"wb_protected":true, "old":true, "marked":true}}
{"address":"0x7fc96c8c6b98", "type":"ARRAY", "class":"0x7fc96c84a048", "length":4, "references":["0x7fc96c8c6be8", "0x7fc96c8c6bc0"], "memsize":32, "flags":{"wb_protected":true, "old":true, "marked":true}}
{"address":"0x7fc96c8c6bc0", "type":"ARRAY", "class":"0x7fc96c84a048", "length":2, "embedded":true, "flags":{"wb_protected":true, "old":true, "marked":true}}
{"address":"0x7fc96c8c6be8", "type":"STRING", "class":"0x7fc96c801668", "embedded":true, "bytesize":14, "value":"irb/cmd/subirb", "encoding":"UTF-8", "flags":{"wb_protected":true, "old":true, "marked":true}}
{"address":"0x7fc96c8c6c10", "type":"ARRAY", "class":"0x7fc96c84a048", "length":4, "references":["0x7fc96c8c6c60", "0x7fc96c8c6c38"], "memsize":32, "flags":{"wb_protected":true, "old":true, "marked":true}}
{"address":"0x7fc96c8c6c38", "type":"ARRAY", "class":"0x7fc96c84a048", "length":2, "embedded":true, "flags":{"wb_protected":true, "old":true, "marked":true}}
{"address":"0x7fc96c8c6c60", "type":"STRING", "class":"0x7fc96c801668", "embedded":true, "bytesize":14, "value":"irb/cmd/subirb", "encoding":"UTF-8", "flags":{"wb_protected":true, "old":true, "marked":true}}
{"address":"0x7fc96c8c6c88", "type":"ARRAY", "class":"0x7fc96c84a048", "length":3, "embedded":true, "references":["0x7fc96c8c6cb0"], "flags":{"wb_protected":true, "old":true, "marked":true}}
{"address":"0x7fc96c8c6cb0", "type":"STRING", "class":"0x7fc96c801668", "embedded":true, "bytesize":14, "value":"irb/cmd/subirb", "encoding":"UTF-8", "flags":{"wb_protected":true, "old":true, "marked":true}}
{"address":"0x7fc96c8c6cd8", "type":"ARRAY", "class":"0x7fc96c84a048", "length":4, "references":["0x7fc96c8c6d28", "0x7fc96c8c6d00"], "memsize":32, "flags":{"wb_protected":true, "old":true, "marked":true}}
{"address":"0x7fc96c8c6d00", "type":"ARRAY", "class":"0x7fc96c84a048", "length":2, "embedded":true, "flags":{"wb_protected":true, "old":true, "marked":true}}
{"address":"0x7fc96c8c6d28", "type":"STRING", "class":"0x7fc96c801668", "embedded":true, "bytesize":12, "value":"irb/cmd/load", "encoding":"UTF-8", "flags":{"wb_protected":true, "old":true, "marked":true}}
{"address":"0x7fc96c8c6d50", "type":"ARRAY", "class":"0x7fc96c84a048", "length":3, "embedded":true, "references":["0x7fc96c8c6d78"], "flags":{"wb_protected":true, "old":true, "marked":true}}
{"address":"0x7fc96c8c6d78", "type":"STRING", "class":"0x7fc96c801668", "embedded":true, "bytesize":12, "value":"irb/cmd/load", "encoding":"UTF-8", "flags":{"wb_protected":true, "old":true, "marked":true}}
{"address":"0x7fc96c8c6da0", "type":"ARRAY", "class":"0x7fc96c84a048", "length":3, "embedded":true, "references":["0x7fc96c8c6dc8"], "flags":{"wb_protected":true, "old":true, "marked":true}}
{"address":"0x7fc96c8c6dc8", "type":"STRING", "class":"0x7fc96c801668", "embedded":true, "bytesize":12, "value":"irb/cmd/load", "encoding":"UTF-8", "flags":{"wb_protected":true, "old":true, "marked":true}}
{"address":"0x7fc96c8c6df0", "type":"ARRAY", "class":"0x7fc96c84a048", "length":8, "references":["0x7fc96c8c6ee0", "0x7fc96c8c6eb8", "0x7fc96c8c6e90", "0x7fc96c8c6e68", "0x7fc96c8c6e40", "0x7fc96c8c6e18"], "memsize":64, "flags":{"wb_protected":true, "old":true, "marked":true}}
{"address":"0x7fc96c8c6e18", "type":"ARRAY", "class":"0x7fc96c84a048", "length":2, "embedded":true, "flags":{"wb_protected":true, "old":true, "marked":true}}
{"address":"0x7fc96c8c6e40", "type":"ARRAY", "class":"0x7fc96c84a048", "length":2, "embedded":true, "flags":{"wb_protected":true, "old":true, "marked":true}}
{"address":"0x7fc96c8c6e68", "type":"ARRAY", "class":"0x7fc96c84a048", "length":2, "embedded":true, "flags":{"wb_protected":true, "old":true, "marked":true}}
{"address":"0x7fc96c8c6e90", "type":"ARRAY", "class":"0x7fc96c84a048", "length":2, "embedded":true, "flags":{"wb_protected":true, "old":true, "marked":true}}
{"address":"0x7fc96c8c6eb8", "type":"ARRAY", "class":"0x7fc96c84a048", "length":2, "embedded":true, "flags":{"wb_protected":true, "old":true, "marked":true}}
{"address":"0x7fc96c8c6ee0", "type":"STRING", "class":"0x7fc96c801668", "embedded":true, "bytesize":14, "value":"irb/cmd/pushws", "encoding":"UTF-8", "flags":{"wb_protected":true, "old":true, "marked":true}}
{"address":"0x7fc96c8c6f08", "type":"ARRAY", "class":"0x7fc96c84a048", "length":8, "references":["0x7fc96c8c6ff8", "0x7fc96c8c6fd0", "0x7fc96c8c6fa8", "0x7fc96c8c6f80", "0x7fc96c8c6f58", "0x7fc96c8c6f30"], "memsize":64, "flags":{"wb_protected":true, "old":true, "marked":true}}
{"address":"0x7fc96c8c6f30", "type":"ARRAY", "class":"0x7fc96c84a048", "length":2, "embedded":true, "flags":{"wb_protected":true, "old":true, "marked":true}}
{"address":"0x7fc96c8c6f58", "type":"ARRAY", "class":"0x7fc96c84a048", "length":2, "embedded":true, "flags":{"wb_protected":true, "old":true, "marked":true}}
{"address":"0x7fc96c8c6f80", "type":"ARRAY", "class":"0x7fc96c84a048", "length":2, "embedded":true, "flags":{"wb_protected":true, "old":true, "marked":true}}
{"address":"0x7fc96c8c6fa8", "type":"ARRAY", "class":"0x7fc96c84a048", "length":2, "embedded":true, "flags":{"wb_protected":true, "old":true, "marked":true}}
{"address":"0x7fc96c8c6fd0", "type":"ARRAY", "class":"0x7fc96c84a048", "length":2, "embedded":true, "flags":{"wb_protected":true, "old":true, "marked":true}}
{"address":"0x7fc96c8c6ff8", "type":"STRING", "class":"0x7fc96c801668", "embedded":true, "bytesize":14, "value":"irb/cmd/pushws", "encoding":"UTF-8", "flags":{"wb_protected":true, "old":true, "marked":true}}
{"address":"0x7fc96c8c7020", "type":"ARRAY", "class":"0x7fc96c84a048", "length":6, "references":["0x7fc96c8c70e8", "0x7fc96c8c70c0", "0x7fc96c8c7098", "0x7fc96c8c7048"], "memsize":48, "flags":{"wb_protected":true, "old":true, "marked":true}}
{"address":"0x7fc96c8c7048", "type":"ARRAY", "class":"0x7fc96c84a048", "length":2, "embedded":true, "flags":{"wb_protected":true, "old":true, "marked":true}}
{"address":"0x7fc96c8c7070", "type":"STRING", "class":"0x7fc96c801668", "frozen":true, "embedded":true, "fstring":true, "bytesize":5, "value":"extra", "encoding":"US-ASCII", "flags":{"wb_protected":true, "old":true, "marked":true}}
{"address":"0x7fc96c8c7098", "type":"ARRAY", "class":"0x7fc96c84a048", "length":2, "embedded":true, "flags":{"wb_protected":true, "old":true, "marked":true}}
{"address":"0x7fc96c8c70c0", "type":"ARRAY", "class":"0x7fc96c84a048", "length":2, "embedded":true, "flags":{"wb_protected":true, "old":true, "marked":true}}
{"address":"0x7fc96c8c70e8", "type":"STRING", "class":"0x7fc96c801668", "embedded":true, "bytesize":14, "value":"irb/cmd/pushws", "encoding":"UTF-8", "flags":{"wb_protected":true, "old":true, "marked":true}}
{"address":"0x7fc96c8c7110", "type":"ARRAY", "class":"0x7fc96c84a048", "length":10, "references":["0x7fc96c8c72a0", "0x7fc96c8c7278", "0x7fc96c8c7250", "0x7fc96c8c7228", "0x7fc96c8c7200", "0x7fc96c8c71d8", "0x7fc96c8c7188", "0x7fc96c8c7160"], "memsize":80, "flags":{"wb_protected":true, "old":true, "marked":true}}
{"address":"0x7fc96c8c7138", "type":"STRING", "class":"0x7fc96c801668", "frozen":true, "embedded":true, "fstring":true, "bytesize":2, "value":"\\d", "encoding":"US-ASCII", "flags":{"wb_protected":true, "old":true, "marked":true}}
{"address":"0x7fc96c8c7160", "type":"ARRAY", "class":"0x7fc96c84a048", "length":2, "embedded":true, "flags":{"wb_protected":true, "old":true, "marked":true}}
{"address":"0x7fc96c8c7188", "type":"ARRAY", "class":"0x7fc96c84a048", "length":2, "embedded":true, "flags":{"wb_protected":true, "old":true, "marked":true}}
{"address":"0x7fc96c8c71b0", "type":"REGEXP", "class":"0x7fc96c8491e8", "references":["0x7fc96c8c7138"], "memsize":528, "flags":{"wb_protected":true, "old":true, "marked":true}}
{"address":"0x7fc96c8c71d8", "type":"ARRAY", "class":"0x7fc96c84a048", "length":2, "embedded":true, "flags":{"wb_protected":true, "old":true, "marked":true}}
{"address":"0x7fc96c8c7200", "type":"ARRAY", "class":"0x7fc96c84a048", "length":2, "embedded":true, "flags":{"wb_protected":true, "old":true, "marked":true}}
{"address":"0x7fc96c8c7228", "type":"ARRAY", "class":"0x7fc96c84a048", "length":2, "embedded":true, "flags":{"wb_protected":true, "old":true, "marked":true}}
{"address":"0x7fc96c8c7250", "type":"ARRAY", "class":"0x7fc96c84a048", "length":2, "embedded":true, "flags":{"wb_protected":true, "old":true, "marked":true}}
{"address":"0x7fc96c8c7278", "type":"ARRAY", "class":"0x7fc96c84a048", "length":2, "embedded":true, "flags":{"wb_protected":true, "old":true, "marked":true}}
{"address":"0x7fc96c8c72a0", "type":"STRING", "class":"0x7fc96c801668", "embedded":true, "bytesize":12, "value":"irb/cmd/chws", "encoding":"UTF-8", "flags":{"wb_protected":true, "old":true, "marked":true}}
{"address":"0x7fc96c8c72c8", "type":"ARRAY", "class":"0x7fc96c84a048", "length":12, "references":["0x7fc96c8c7458", "0x7fc96c8c7430", "0x7fc96c8c7408", "0x7fc96c8c73e0", "0x7fc96c8c73b8", "0x7fc96c8c7390", "0x7fc96c8c7368", "0x7fc96c8c7340", "0x7fc96c8c7318", "0x7fc96c8c72f0"], "memsize":96, "flags":{"wb_protected":true, "old":true, "marked":true}}
{"address":"0x7fc96c8c72f0", "type":"ARRAY", "class":"0x7fc96c84a048", "length":2, "embedded":true, "flags":{"wb_protected":true, "old":true, "marked":true}}
{"address":"0x7fc96c8c7318", "type":"ARRAY", "class":"0x7fc96c84a048", "length":2, "embedded":true, "flags":{"wb_protected":true, "old":true, "marked":true}}
{"address":"0x7fc96c8c7340", "type":"ARRAY", "class":"0x7fc96c84a048", "length":2, "embedded":true, "flags":{"wb_protected":true, "old":true, "marked":true}}
{"address":"0x7fc96c8c7368", "type":"ARRAY", "class":"0x7fc96c84a048", "length":2, "embedded":true, "flags":{"wb_protected":true, "old":true, "marked":true}}
{"address":"0x7fc96c8c7390", "type":"ARRAY", "class":"0x7fc96c84a048", "length":2, "embedded":true, "flags":{"wb_protected":true, "old":true, "marked":true}}
{"address":"0x7fc96c8c73b8", "type":"ARRAY", "class":"0x7fc96c84a048", "length":2, "embedded":true, "flags":{"wb_protected":true, "old":true, "marked":true}}
{"address":"0x7fc96c8c73e0", "type":"ARRAY", "class":"0x7fc96c84a048", "length":2, "embedded":true, "flags":{"wb_protected":true, "old":true, "marked":true}}
{"address":"0x7fc96c8c7408", "type":"ARRAY", "class":"0x7fc96c84a048", "length":2, "embedded":true, "flags":{"wb_protected":true, "old":true, "marked":true}}
{"address":"0x7fc96c8c7430", "type":"ARRAY", "class":"0x7fc96c84a048", "length":2, "embedded":true, "flags":{"wb_protected":true, "old":true, "marked":true}}
{"address":"0x7fc96c8c7458", "type":"STRING", "class":"0x7fc96c801668", "embedded":true, "bytesize":12, "value":"irb/cmd/chws", "encoding":"UTF-8", "flags":{"wb_protected":true, "old":true, "marked":true}}
{"address":"0x7fc96c8c7480", "type":"ARRAY", "class":"0x7fc96c84a048", "length":39, "references":["0x7fc96c8c7570", "0x7fc96c8c7548", "0x7fc96c8c7520", "0x7fc96c8c74f8", "0x7fc96c8c74a8", "0x7fc96c8c3fb0", "0x7fc96c8c3f60", "0x7fc96c8c3ec0", "0x7fc96c8c3e70", "0x7fc96c8c3da8", "0x7fc96c8c3d58", "0x7fc96c8c3ce0", "0x7fc96c8c3c40", "0x7fc96c8c3ba0", "0x7fc96c8c0b30", "0x7fc96c8c0ae0", "0x7fc96c8c0a90", "0x7fc96c8c0a40", "0x7fc96c8c09f0", "0x7fc96c8c09a0", "0x7fc96c8c0950", "0x7fc96c8bb1a8", "0x7fc96c8bb158", "0x7fc96c8bb108", "0x7fc96c8b9218", "0x7fc96c8b8fc0", "0x7fc96c8b8ed0", "0x7fc96c8b8ca0", "0x7fc96c8b8a48", "0x7fc96c8aac90", "0x7fc96c8aabf0", "0x7fc96c8aaa60", "0x7fc96c8aa920", "0x7fc96c8aa7b8", "0x7fc96c064d38", "0x7fc96d856c70", "0x7fc96d83bba0", "0x7fc96d838f18", "0x7fc96d831a38"], "memsize":312, "flags":{"wb_protected":true, "old":true, "marked":true}}
{"address":"0x7fc96c8c74a8", "type":"ARRAY", "class":"0x7fc96c84a048", "length":3, "embedded":true, "flags":{"wb_protected":true, "old":true, "marked":true}}
{"address":"0x7fc96c8c74d0", "type":"STRING", "class":"0x7fc96c801668", "frozen":true, "embedded":true, "fstring":true, "bytesize":9, "value":"try_enter", "encoding":"US-ASCII", "flags":{"wb_protected":true, "old":true, "marked":true}}
{"address":"0x7fc96c8c74f8", "type":"ARRAY", "class":"0x7fc96c84a048", "length":3, "embedded":true, "flags":{"wb_protected":true, "old":true, "marked":true}}
{"address":"0x7fc96c8c7520", "type":"ARRAY", "class":"0x7fc96c84a048", "length":3, "embedded":true, "flags":{"wb_protected":true, "old":true, "marked":true}}
{"address":"0x7fc96c8c7548", "type":"ARRAY", "class":"0x7fc96c84a048", "length":3, "embedded":true, "flags":{"wb_protected":true, "old":true, "marked":true}}
{"address":"0x7fc96c8c7570", "type":"ARRAY", "class":"0x7fc96c84a048", "length":3, "embedded":true, "flags":{"wb_protected":true, "old":true, "marked":true}}
{"address":"0x7fc96c8c7598", "type":"CLASS", "class":"0x7fc96c802e28", "name":"Class", "references":["0x7fc96c8c7610", "0x7fc96d046418"], "memsize":672, "flags":{"wb_protected":true, "old":true, "marked":true}}
{"address":"0x7fc96c8c75c0", "type":"STRING", "class":"0x7fc96c801668", "frozen":true, "bytesize":24, "capacity":48, "value":"IRB::ExtendCommandBundle", "encoding":"US-ASCII", "memsize":49, "flags":{"wb_protected":true, "old":true, "marked":true}}
{"address":"0x7fc96c8c75e8", "type":"MODULE", "class":"0x7fc96c8c6a08", "name":"IRB::ExtendCommandBundle", "references":["0x7fc96c8c75e8", "0x7fc96c8d12a0", "0x7fc96c8c75e8", "0x7fc96c8d11b0", "0x7fc96c8c75e8", "0x7fc96c8d09b8", "0x7fc96c8c75e8", "0x7fc96c8c45c8", "0x7fc96c8c75e8", "0x7fc96c8c0e78", "0x7fc96c8c75e8", "0x7fc96c8bb518", "0x7fc96c8c75e8", "0x7fc96c8b98d0", "0x7fc96c8c75e8", "0x7fc96c8ab960", "0x7fc96c8c75e8", "0x7fc96d041a58", "0x7fc96c8c75e8", "0x7fc96d0382a0", "0x7fc96c8c75e8", "0x7fc96c065170", "0x7fc96c8c75e8", "0x7fc96d865c98", "0x7fc96c8c75e8", "0x7fc96d857350", "0x7fc96c8c75e8", "0x7fc96d855a78", "0x7fc96c8c75e8", "0x7fc96d8394e0", "0x7fc96c8c75e8", "0x7fc96d831ee8", "0x7fc96c8c75c0", "0x7fc96c8c7480", "0x7fc96c8c6a30", "0x7fc96c8c75e8", "0x7fc96d04a090", "0x7fc96d04a090", "0x7fc96d04a090", "0x7fc96d04a090"], "memsize":1576, "flags":{"remembered":true}}
{"address":"0x7fc96c8c7610", "type":"CLASS", "class":"0x7fc96c8c7598", "name":"RubyToken::TkSUPER", "references":["0x7fc96c8c69e0", "0x7fc96d046440"], "memsize":672, "flags":{"wb_protected":true, "old":true, "marked":true}}
{"address":"0x7fc96c8c7660", "type":"STRING", "class":"0x7fc96c801668", "frozen":true, "embedded":true, "fstring":true, "bytesize":3, "value":"@os", "encoding":"US-ASCII", "flags":{"wb_protected":true, "old":true, "marked":true}}
{"address":"0x7fc96c8c7688", "type":"ARRAY", "length":4, "references":["0x7fc96c8c77a0", "0x7fc96c8c7778", "0x7fc96d832c30", "0x7fc96c8c7750"], "memsize":160, "flags":{"wb_protected":true, "old":true, "marked":true}}
{"address":"0x7fc96c8c76d8", "type":"STRING", "class":"0x7fc96c801668", "frozen":true, "embedded":true, "fstring":true, "bytesize":4, "value":"@cpu", "encoding":"US-ASCII", "flags":{"wb_protected":true, "old":true, "marked":true}}
{"address":"0x7fc96c8c7750", "type":"STRING", "class":"0x7fc96c801668", "frozen":true, "embedded":true, "fstring":true, "bytesize":7, "value":"[0-9]*$", "encoding":"UTF-8", "flags":{"wb_protected":true, "old":true, "marked":true}}
{"address":"0x7fc96c8c7778", "type":"STRING", "class":"0x7fc96c801668", "frozen":true, "embedded":true, "fstring":true, "bytesize":2, "value":"__", "encoding":"UTF-8", "flags":{"wb_protected":true, "old":true, "marked":true}}
{"address":"0x7fc96c8c77a0", "type":"STRING", "class":"0x7fc96c801668", "frozen":true, "embedded":true, "fstring":true, "bytesize":12, "value":"__alias_of__", "encoding":"UTF-8", "flags":{"wb_protected":true, "old":true, "marked":true}}
{"address":"0x7fc96c8c7840", "type":"NODE", "node_type":"NODE_CREF", "references":["0x7fc96d815220", "0x7fc96c8d1408"], "flags":{"wb_protected":true, "old":true, "marked":true}}
{"address":"0x7fc96c8c7868", "type":"DATA", "class":"0x7fc96c833488", "struct":"iseq", "references":["0x7fc96c8c7688", "0x7fc96c8c80b0", "0x7fc96c8c80b0", "0x7fc96d04a090", "0x7fc96d04a090", "0x7fc96c8c7840", "0x7fc96d815220"], "memsize":4040, "flags":{"wb_protected":true, "old":true, "marked":true}}
{"address":"0x7fc96c8c7890", "type":"ARRAY", "length":4, "references":["0x7fc96c8c7a20", "0x7fc96c8c79f8", "0x7fc96c8c79d0", "0x7fc96c8c79a8"], "memsize":160, "flags":{"wb_protected":true, "old":true, "marked":true}}
{"address":"0x7fc96c8c7908", "type":"NODE", "node_type":"NODE_CREF", "references":["0x7fc96d815220", "0x7fc96c8d1408"], "flags":{"wb_protected":true, "old":true, "marked":true}}
{"address":"0x7fc96c8c7930", "type":"DATA", "class":"0x7fc96c833488", "struct":"iseq", "references":["0x7fc96c8c7890", "0x7fc96c8d3898", "0x7fc96c8d3898", "0x7fc96d04a090", "0x7fc96d04a090", "0x7fc96c8c7908", "0x7fc96d815220"], "memsize":1752, "flags":{"wb_protected":true, "old":true, "marked":true}}
{"address":"0x7fc96c8c7980", "type":"ARRAY", "length":4, "references":["0x7fc96c8c7a20", "0x7fc96c8c79f8", "0x7fc96c8c79d0", "0x7fc96c8c79a8"], "memsize":160, "flags":{"wb_protected":true, "old":true, "marked":true}}
{"address":"0x7fc96c8c79a8", "type":"STRING", "class":"0x7fc96c801668", "frozen":true, "embedded":true, "fstring":true, "bytesize":19, "value":", *opts\n\tend\n      ", "encoding":"UTF-8", "flags":{"wb_protected":true, "old":true, "marked":true}}
{"address":"0x7fc96c8c79d0", "type":"STRING", "class":"0x7fc96c801668", "frozen":true, "embedded":true, "fstring":true, "bytesize":17, "value":", *opts\n\t  send :", "encoding":"UTF-8", "flags":{"wb_protected":true, "old":true, "marked":true}}
{"address":"0x7fc96c8c79f8", "type":"STRING", "class":"0x7fc96c801668", "frozen":true, "embedded":true, "fstring":true, "bytesize":17, "value":"(*opts)\n\t  send :", "encoding":"UTF-8", "flags":{"wb_protected":true, "old":true, "marked":true}}
{"address":"0x7fc96c8c7a20", "type":"STRING", "class":"0x7fc96c801668", "frozen":true, "fstring":true, "bytesize":58, "value":"\n        alias_method alias_name, base_method\n        def ", "encoding":"UTF-8", "memsize":59, "flags":{"wb_protected":true, "old":true, "marked":true}}
{"address":"0x7fc96c8c7a98", "type":"NODE", "node_type":"NODE_CREF", "references":["0x7fc96d815220", "0x7fc96c8d1408"], "flags":{"wb_protected":true, "old":true, "marked":true}}
{"address":"0x7fc96c8c7ac0", "type":"DATA", "class":"0x7fc96c833488", "struct":"iseq", "references":["0x7fc96c8c7980", "0x7fc96c8c86f0", "0x7fc96c8c86f0", "0x7fc96d04a090", "0x7fc96d04a090", "0x7fc96c8c7a98", "0x7fc96d815220"], "memsize":1752, "flags":{"wb_protected":true, "old":true, "marked":true}}
{"address":"0x7fc96c8c7bd8", "type":"ARRAY", "length":6, "references":["0x7fc96c8c7ca0", "0x7fc96c8c7c78", "0x7fc96c8c7c50", "0x7fc96c8c7c28", "0x7fc96c8c7c00", "0x7fc96d04a090"], "memsize":160, "flags":{"wb_protected":true, "old":true, "marked":true}}
{"address":"0x7fc96c8c7c00", "type":"STRING", "class":"0x7fc96c801668", "frozen":true, "fstring":true, "bytesize":78, "value":", *opts, &b\n\tend\n\tfor ali in aliases\n\t  alias_method ali, cmd_name\n\tend\n      ", "encoding":"UTF-8", "memsize":79, "flags":{"wb_protected":true, "old":true, "marked":true}}
{"address":"0x7fc96c8c7c28", "type":"STRING", "class":"0x7fc96c801668", "frozen":true, "embedded":true, "fstring":true, "bytesize":11, "value":"\"\n\t  send :", "encoding":"UTF-8", "flags":{"wb_protected":true, "old":true, "marked":true}}
{"address":"0x7fc96c8c7c50", "type":"STRING", "class":"0x7fc96c801668", "frozen":true, "embedded":true, "fstring":true, "bytesize":15, "value":")}\n\t  require \"", "encoding":"UTF-8", "flags":{"wb_protected":true, "old":true, "marked":true}}
{"address":"0x7fc96c8c7c78", "type":"STRING", "class":"0x7fc96c801668", "frozen":true, "fstring":true, "bytesize":51, "value":"(*opts, &b)\n\t  Context.module_eval {remove_method(:", "encoding":"UTF-8", "memsize":52, "flags":{"wb_protected":true, "old":true, "marked":true}}
{"address":"0x7fc96c8c7ca0", "type":"STRING", "class":"0x7fc96c801668", "frozen":true, "embedded":true, "fstring":true, "bytesize":13, "value":"\n        def ", "encoding":"UTF-8", "flags":{"wb_protected":true, "old":true, "marked":true}}
{"address":"0x7fc96c8c7d18", "type":"NODE", "node_type":"NODE_CREF", "references":["0x7fc96d8319e8", "0x7fc96c8d1408"], "flags":{"wb_protected":true, "old":true, "marked":true}}
{"address":"0x7fc96c8c7d40", "type":"DATA", "class":"0x7fc96c833488", "struct":"iseq", "references":["0x7fc96c8c7bd8", "0x7fc96c8dfa58", "0x7fc96c8dfa58", "0x7fc96d04a090", "0x7fc96d04a090", "0x7fc96c8c7d18", "0x7fc96d831628"], "memsize":1376, "flags":{"wb_protected":true, "old":true, "marked":true}}
{"address":"0x7fc96c8c7db8", "type":"ARRAY", "length":1, "embedded":true, "references":["0x7fc96c8c7e80"], "flags":{"wb_protected":true, "old":true, "marked":true}}
{"address":"0x7fc96c8c7e80", "type":"DATA", "class":"0x7fc96c833488", "struct":"iseq", "references":["0x7fc96c8d0f80", "0x7fc96c8dfb48", "0x7fc96d04a090", "0x7fc96d04a090", "0x7fc96c8c7f20"], "memsize":824, "flags":{"wb_protected":true, "old":true, "marked":true}}
{"address":"0x7fc96c8c7f20", "type":"NODE", "node_type":"NODE_CREF", "references":["0x7fc96d8319e8", "0x7fc96c8d1408"], "flags":{"wb_protected":true, "old":true, "marked":true}}
{"address":"0x7fc96c8c7f48", "type":"DATA", "class":"0x7fc96c833488", "struct":"iseq", "references":["0x7fc96c8c7db8", "0x7fc96c8dfb48", "0x7fc96c8dfb48", "0x7fc96d04a090", "0x7fc96d04a090", "0x7fc96c8c7f20", "0x7fc96d831628"], "memsize":728, "flags":{"wb_protected":true, "old":true, "marked":true}}
{"address":"0x7fc96c8c7f70", "type":"STRING", "class":"0x7fc96c801668", "frozen":true, "embedded":true, "fstring":true, "bytesize":23, "value":"irb/ext/save-history.rb", "encoding":"UTF-8", "flags":{"wb_protected":true, "old":true, "marked":true}}
{"address":"0x7fc96c8c7f98", "type":"STRING", "class":"0x7fc96c801668", "frozen":true, "embedded":true, "fstring":true, "bytesize":21, "value":"irb/ext/use-loader.rb", "encoding":"UTF-8", "flags":{"wb_protected":true, "old":true, "marked":true}}
{"address":"0x7fc96c8c8060", "type":"STRING", "class":"0x7fc96c801668", "frozen":true, "bytesize":96, "capacity":1026, "value":"/usr/local/Cellar/ruby/2.1.1/lib/ruby/gems/2.1.0/specifications/default/bigdecimal-1.2.4.gemspec", "encoding":"US-ASCII", "memsize":1027, "flags":{"wb_protected":true, "old":true, "marked":true}}
{"address":"0x7fc96c8c80b0", "type":"STRING", "class":"0x7fc96c801668", "frozen":true, "embedded":true, "fstring":true, "bytesize":14, "value":"new_alias_name", "encoding":"US-ASCII", "flags":{"wb_protected":true, "old":true, "marked":true}}
{"address":"0x7fc96c8c80d8", "type":"STRING", "class":"0x7fc96c801668", "frozen":true, "embedded":true, "fstring":true, "bytesize":7, "value":"timeout", "encoding":"US-ASCII", "flags":{"wb_protected":true, "old":true, "marked":true}}
{"address":"0x7fc96c8c8100", "type":"STRING", "class":"0x7fc96c801668", "embedded":true, "bytesize":13, "value":"mixlib-config", "encoding":"UTF-8", "flags":{"wb_protected":true, "old":true, "marked":true}}
{"address":"0x7fc96c8c8128", "type":"STRING", "class":"0x7fc96c801668", "frozen":true, "embedded":true, "fstring":true, "bytesize":10, "value":"alias_name", "encoding":"US-ASCII", "flags":{"wb_protected":true, "old":true, "marked":true}}
{"address":"0x7fc96c8c81f0", "type":"ARRAY", "class":"0x7fc96c84a048", "length":1, "embedded":true, "references":["0x7fc96c8c1e90"], "flags":{"wb_protected":true, "old":true, "marked":true}}
{"address":"0x7fc96c8c8268", "type":"OBJECT", "class":"0x7fc96c8c2688", "ivars":3, "references":["0x7fc96c8c81f0"], "flags":{"wb_protected":true, "old":true, "marked":true}}
{"address":"0x7fc96c8c82b8", "type":"STRING", "class":"0x7fc96c801668", "embedded":true, "bytesize":7, "value":"current", "encoding":"UTF-8", "flags":{"wb_protected":true, "old":true, "marked":true}}
{"address":"0x7fc96c8c82e0", "type":"STRING", "class":"0x7fc96c801668", "embedded":true, "bytesize":4, "value":"ruby", "encoding":"UTF-8", "flags":{"wb_protected":true, "old":true, "marked":true}}
{"address":"0x7fc96c8c8308", "type":"CLASS", "class":"0x7fc96c840a20", "name":"Class", "references":["0x7fc96c8c84e8", "0x7fc96c8409d0"], "memsize":672, "flags":{"wb_protected":true, "old":true, "marked":true}}
{"address":"0x7fc96c8c8330", "type":"ARRAY", "class":"0x7fc96c84a048", "frozen":true, "length":2, "embedded":true, "references":["0x7fc96c8c1918"], "flags":{"wb_protected":true, "old":true, "marked":true}}
{"address":"0x7fc96c8c8358", "type":"ARRAY", "class":"0x7fc96c84a048", "frozen":true, "length":2, "embedded":true, "references":["0x7fc96c8c1918"], "flags":{"wb_protected":true, "old":true, "marked":true}}
{"address":"0x7fc96c8c8380", "type":"OBJECT", "class":"0x7fc96d077ae0", "ivars":5, "references":["0x7fc96c8c8858", "0x7fc96c8c8268", "0x7fc96c8c8268"], "memsize":40, "flags":{"wb_protected":true, "old":true, "marked":true}}
{"address":"0x7fc96c8c83a8", "type":"ARRAY", "class":"0x7fc96c84a048", "frozen":true, "length":2, "embedded":true, "references":["0x7fc96c8c1918"], "flags":{"wb_protected":true, "old":true, "marked":true}}
{"address":"0x7fc96c8c83d0", "type":"ARRAY", "class":"0x7fc96c84a048", "frozen":true, "length":2, "embedded":true, "references":["0x7fc96c8c1918"], "flags":{"wb_protected":true, "old":true, "marked":true}}
{"address":"0x7fc96c8c8420", "type":"ARRAY", "class":"0x7fc96c84a048", "frozen":true, "length":2, "embedded":true, "references":["0x7fc96c8c1918"], "flags":{"wb_protected":true, "old":true, "marked":true}}
{"address":"0x7fc96c8c8448", "type":"ARRAY", "class":"0x7fc96c84a048", "frozen":true, "length":2, "embedded":true, "references":["0x7fc96c8c1918"], "flags":{"wb_protected":true, "old":true, "marked":true}}
{"address":"0x7fc96c8c8470", "type":"STRING", "class":"0x7fc96c801668", "frozen":true, "embedded":true, "fstring":true, "bytesize":7, "value":"Timeout", "encoding":"US-ASCII", "flags":{"wb_protected":true, "old":true, "marked":true}}
{"address":"0x7fc96c8c84c0", "type":"STRING", "class":"0x7fc96c801668", "frozen":true, "embedded":true, "bytesize":13, "value":"Gem::Platform", "encoding":"US-ASCII", "flags":{"wb_protected":true, "old":true, "marked":true}}
{"address":"0x7fc96c8c84e8", "type":"CLASS", "class":"0x7fc96c8c8308", "name":"Class", "references":["0x7fc96c8c84e8", "0x7fc96c8c9500", "0x7fc96c8c84e8", "0x7fc96c8c93e8", "0x7fc96c8c84e8", "0x7fc96c8c91e0", "0x7fc96c8c84e8", "0x7fc96c8c9140", "0x7fc96c8c8510", "0x7fc96c802dd8"], "memsize":672, "flags":{"wb_protected":true, "old":true, "marked":true}}
{"address":"0x7fc96c8c8510", "type":"CLASS", "class":"0x7fc96c8c84e8", "name":"Gem::Platform", "references":["0x7fc96c8c8510", "0x7fc96c8c8448", "0x7fc96c8c8510", "0x7fc96c8c8420", "0x7fc96c8c8510", "0x7fc96c8c83d0", "0x7fc96c8c8510", "0x7fc96c8c83a8", "0x7fc96c8c8510", "0x7fc96c8c8358", "0x7fc96c8c8510", "0x7fc96c8c8330", "0x7fc96c8c8510", "0x7fc96c8c9050", "0x7fc96c8c8510", "0x7fc96c8c8c68", "0x7fc96c8c8510", "0x7fc96c8c8b78", "0x7fc96c8c8510", "0x7fc96c8c8ad8", "0x7fc96c8c8510", "0x7fc96c8c8a10", "0x7fc96c8c8510", "0x7fc96c8c8a10", "0x7fc96c8c8510", "0x7fc96c8c8970", "0x7fc96c8c8510", "0x7fc96c8c88a8", "0x7fc96c8c8510", "0x7fc96c8c8768", "0x7fc96c8c84c0", "0x7fc96c8918a8", "0x7fc96c8c82e0", "0x7fc96c8c1918", "0x7fc96c8c82b8", "0x7fc96c8c1918", "0x7fc96c803788"], "memsize":1720, "flags":{"wb_protected":true, "old":true, "marked":true}}
{"address":"0x7fc96c8c8560", "type":"STRING", "class":"0x7fc96c801668", "frozen":true, "embedded":true, "fstring":true, "bytesize":17, "value":"ConditionVariable", "encoding":"US-ASCII", "flags":{"wb_protected":true, "old":true, "marked":true}}
{"address":"0x7fc96c8c85b0", "type":"STRING", "class":"0x7fc96c801668", "frozen":true, "embedded":true, "fstring":true, "bytesize":13, "value":"extend_method", "encoding":"US-ASCII", "flags":{"wb_protected":true, "old":true, "marked":true}}
{"address":"0x7fc96c8c85d8", "type":"ARRAY", "length":30, "references":["0x7fc96c8d0378", "0x7fc96c8d0080", "0x7fc96c8c8e20", "0x7fc96c8c8678", "0x7fc96c8cbaa8", "0x7fc96c8cb828", "0x7fc96c8cb530", "0x7fc96d81cf20", "0x7fc96c8cafe0", "0x7fc96c8cace8", "0x7fc96c8ca9a0", "0x7fc96c8c8f60", "0x7fc96c8c8ec0", "0x7fc96c8c8f60", "0x7fc96c8c8da8", "0x7fc96c8c8e20", "0x7fc96c8c8df8", "0x7fc96c8c8808", "0x7fc96c8c8dd0", "0x7fc96c8c8f60", "0x7fc96d81cfc0", "0x7fc96c8c8650", "0x7fc96c8c8ec0", "0x7fc96c8c8650", "0x7fc96c8c8ec0", "0x7fc96c8c8628", "0x7fc96c8c8d08", "0x7fc96c8c8600", "0x7fc96c8c8808", "0x7fc96c8c8ec0"], "memsize":296, "flags":{"wb_protected":true, "old":true, "marked":true}}
{"address":"0x7fc96c8c8600", "type":"STRING", "class":"0x7fc96c801668", "frozen":true, "embedded":true, "fstring":true, "bytesize":3, "value":"2.8", "encoding":"UTF-8", "flags":{"wb_protected":true, "old":true, "marked":true}}
{"address":"0x7fc96c8c8628", "type":"STRING", "class":"0x7fc96c801668", "frozen":true, "embedded":true, "fstring":true, "bytesize":5, "value":"sparc", "encoding":"UTF-8", "flags":{"wb_protected":true, "old":true, "marked":true}}
{"address":"0x7fc96c8c8650", "type":"STRING", "class":"0x7fc96c801668", "frozen":true, "embedded":true, "fstring":true, "bytesize":7, "value":"powerpc", "encoding":"UTF-8", "flags":{"wb_protected":true, "old":true, "marked":true}}
{"address":"0x7fc96c8c8678", "type":"STRING", "class":"0x7fc96c801668", "frozen":true, "embedded":true, "fstring":true, "bytesize":5, "value":"jruby", "encoding":"UTF-8", "flags":{"wb_protected":true, "old":true, "marked":true}}
{"address":"0x7fc96c8c86c8", "type":"STRING", "class":"0x7fc96c801668", "frozen":true, "embedded":true, "fstring":true, "bytesize":11, "value":"base_method", "encoding":"US-ASCII", "flags":{"wb_protected":true, "old":true, "marked":true}}
{"address":"0x7fc96c8c86f0", "type":"STRING", "class":"0x7fc96c801668", "frozen":true, "embedded":true, "fstring":true, "bytesize":12, "value":"def_pre_proc", "encoding":"US-ASCII", "flags":{"wb_protected":true, "old":true, "marked":true}}
{"address":"0x7fc96c8c8740", "type":"NODE", "node_type":"NODE_CREF", "references":["0x7fc96c8c8510", "0x7fc96c8c9668"], "flags":{"wb_protected":true, "old":true, "marked":true}}
{"address":"0x7fc96c8c8768", "type":"DATA", "class":"0x7fc96c833488", "struct":"iseq", "references":["0x7fc96c8c85d8", "0x7fc96c803490", "0x7fc96c803490", "0x7fc96c8c1918", "0x7fc96c8c1918", "0x7fc96c8c8740", "0x7fc96c8c8510"], "memsize":5648, "flags":{"wb_protected":true, "old":true, "marked":true}}
{"address":"0x7fc96c8c87b8", "type":"ARRAY", "length":4, "references":["0x7fc96c8c8808", "0x7fc96c8c8808", "0x7fc96c8c87e0", "0x7fc96c8d0d78"], "memsize":160, "flags":{"wb_protected":true, "old":true, "marked":true}}
{"address":"0x7fc96c8c87e0", "type":"STRING", "class":"0x7fc96c801668", "frozen":true, "embedded":true, "fstring":true, "bytesize":3, "value":"arm", "encoding":"UTF-8", "flags":{"wb_protected":true, "old":true, "marked":true}}
{"address":"0x7fc96c8c8808", "type":"STRING", "class":"0x7fc96c801668", "frozen":true, "embedded":true, "fstring":true, "bytesize":9, "value":"universal", "encoding":"UTF-8", "flags":{"wb_protected":true, "old":true, "marked":true}}
{"address":"0x7fc96c8c8858", "type":"STRING", "class":"0x7fc96c801668", "embedded":true, "bytesize":10, "value":"mixlib-cli", "encoding":"UTF-8", "flags":{"wb_protected":true, "old":true, "marked":true}}
{"address":"0x7fc96c8c8880", "type":"NODE", "node_type":"NODE_CREF", "references":["0x7fc96c8c8510", "0x7fc96c8c9668"], "flags":{"wb_protected":true, "old":true, "marked":true}}
{"address":"0x7fc96c8c88a8", "type":"DATA", "class":"0x7fc96c833488", "struct":"iseq", "references":["0x7fc96c8c87b8", "0x7fc96c8034b8", "0x7fc96c8034b8", "0x7fc96c8c1918", "0x7fc96c8c1918", "0x7fc96c8c8880", "0x7fc96c8c8510"], "memsize":4528, "flags":{"wb_protected":true, "old":true, "marked":true}}
{"address":"0x7fc96c8c88d0", "type":"STRING", "class":"0x7fc96c801668", "frozen":true, "embedded":true, "fstring":true, "bytesize":12, "value":"MonitorMixin", "encoding":"US-ASCII", "flags":{"wb_protected":true, "old":true, "marked":true}}
{"address":"0x7fc96c8c8920", "type":"STRING", "class":"0x7fc96c801668", "frozen":true, "embedded":true, "fstring":true, "bytesize":14, "value":"MethodExtender", "encoding":"US-ASCII", "flags":{"wb_protected":true, "old":true, "marked":true}}
{"address":"0x7fc96c8c8948", "type":"NODE", "node_type":"NODE_CREF", "references":["0x7fc96c8c8510", "0x7fc96c8c9668"], "flags":{"wb_protected":true, "old":true, "marked":true}}
{"address":"0x7fc96c8c8970", "type":"DATA", "class":"0x7fc96c833488", "struct":"iseq", "references":["0x7fc96c803440", "0x7fc96c803440", "0x7fc96c8c1918", "0x7fc96c8c1918", "0x7fc96c8c8948", "0x7fc96c8c8510"], "memsize":760, "flags":{"wb_protected":true, "old":true, "marked":true}}
{"address":"0x7fc96c8c89e8", "type":"NODE", "node_type":"NODE_CREF", "references":["0x7fc96c8c8510", "0x7fc96c8c9668"], "flags":{"wb_protected":true, "old":true, "marked":true}}
{"address":"0x7fc96c8c8a10", "type":"DATA", "class":"0x7fc96c833488", "struct":"iseq", "references":["0x7fc96c803698", "0x7fc96c803698", "0x7fc96c8c1918", "0x7fc96c8c1918", "0x7fc96c8c89e8", "0x7fc96c8c8510"], "memsize":1344, "flags":{"wb_protected":true, "old":true, "marked":true}}
{"address":"0x7fc96c8c8a38", "type":"ARRAY", "length":1, "embedded":true, "references":["0x7fc96c051648"], "flags":{"wb_protected":true, "old":true, "marked":true}}
{"address":"0x7fc96c8c8a60", "type":"STRING", "class":"0x7fc96c801668", "frozen":true, "bytesize":71, "capacity":1026, "value":"/Users/antoine/.rvm/gems/ruby-2.0.0-p247/gems/archive-tar-minitar-0.5.2", "encoding":"US-ASCII", "memsize":1027, "flags":{"wb_protected":true, "old":true, "marked":true}}
{"address":"0x7fc96c8c8a88", "type":"STRING", "class":"0x7fc96c801668", "frozen":true, "embedded":true, "bytesize":5, "value":"while", "encoding":"UTF-8", "flags":{"wb_protected":true, "old":true, "marked":true}}
{"address":"0x7fc96c8c8ab0", "type":"NODE", "node_type":"NODE_CREF", "references":["0x7fc96c8c8510", "0x7fc96c8c9668"], "flags":{"wb_protected":true, "old":true, "marked":true}}
{"address":"0x7fc96c8c8ad8", "type":"DATA", "class":"0x7fc96c833488", "struct":"iseq", "references":["0x7fc96c8c8a38", "0x7fc96c803238", "0x7fc96c803238", "0x7fc96c8c1918", "0x7fc96c8c1918", "0x7fc96c8c8ab0", "0x7fc96c8c8510"], "memsize":936, "flags":{"wb_protected":true, "old":true, "marked":true}}
{"address":"0x7fc96c8c8b00", "type":"ARRAY", "class":"0x7fc96c84a048", "length":3, "embedded":true, "references":["0x7fc96c8c8f38"], "flags":{"wb_protected":true, "old":true, "marked":true}}
{"address":"0x7fc96c8c8b28", "type":"STRING", "class":"0x7fc96c801668", "shared":true, "encoding":"US-ASCII", "references":["0x7fc96c8c8a60"], "flags":{"wb_protected":true, "old":true, "marked":true}}
{"address":"0x7fc96c8c8b50", "type":"NODE", "node_type":"NODE_CREF", "references":["0x7fc96c8c8510", "0x7fc96c8c9668"], "flags":{"wb_protected":true, "old":true, "marked":true}}
{"address":"0x7fc96c8c8b78", "type":"DATA", "class":"0x7fc96c833488", "struct":"iseq", "references":["0x7fc96c802d38", "0x7fc96c802d38", "0x7fc96c8c1918", "0x7fc96c8c1918", "0x7fc96c8c8b50", "0x7fc96c8c8510"], "memsize":704, "flags":{"wb_protected":true, "old":true, "marked":true}}
{"address":"0x7fc96c8c8ba0", "type":"ARRAY", "length":1, "embedded":true, "references":["0x7fc96c8c8bc8"], "flags":{"wb_protected":true, "old":true, "marked":true}}
{"address":"0x7fc96c8c8bc8", "type":"STRING", "class":"0x7fc96c801668", "frozen":true, "fstring":true, "bytesize":39, "value":"#<%s:0x%x @cpu=%p, @os=%p, @version=%p>", "encoding":"UTF-8", "memsize":40, "flags":{"wb_protected":true, "old":true, "marked":true}}
{"address":"0x7fc96c8c8bf0", "type":"STRING", "class":"0x7fc96c801668", "frozen":true, "embedded":true, "bytesize":18, "value":"RubyToken::TkWHILE", "encoding":"US-ASCII", "flags":{"wb_protected":true, "old":true, "marked":true}}
{"address":"0x7fc96c8c8c18", "type":"CLASS", "class":"0x7fc96c802e28", "name":"Class", "references":["0x7fc96c8c8f38", "0x7fc96d046418"], "memsize":672, "flags":{"wb_protected":true, "old":true, "marked":true}}
{"address":"0x7fc96c8c8c40", "type":"NODE", "node_type":"NODE_CREF", "references":["0x7fc96c8c8510", "0x7fc96c8c9668"], "flags":{"wb_protected":true, "old":true, "marked":true}}
{"address":"0x7fc96c8c8c68", "type":"DATA", "class":"0x7fc96c833488", "struct":"iseq", "references":["0x7fc96c8c8ba0", "0x7fc96c803f30", "0x7fc96c803f30", "0x7fc96c8c1918", "0x7fc96c8c1918", "0x7fc96c8c8c40", "0x7fc96c8c8510"], "memsize":1160, "flags":{"wb_protected":true, "old":true, "marked":true}}
{"address":"0x7fc96c8c8c90", "type":"ARRAY", "length":45, "references":["0x7fc96c8c8cb8", "0x7fc96c051648", "0x7fc96c8c71b0", "0x7fc96c051648", "0x7fc96c8c6af8", "0x7fc96c8c8f60", "0x7fc96c8c66e8", "0x7fc96c8c5ea0", "0x7fc96c8c5c48", "0x7fc96c8c5a18", "0x7fc96c8c57c0", "0x7fc96c8c5568", "0x7fc96c8c5310", "0x7fc96c8c50b8", "0x7fc96c8c4f78", "0x7fc96c8c4d20", "0x7fc96c8c4ac8", "0x7fc96c8c4870", "0x7fc96c8c4618", "0x7fc96c8c43c0", "0x7fc96c8c4168", "0x7fc96c8d3eb0", "0x7fc96c8d37a8", "0x7fc96c8d3550", "0x7fc96c8d32f8", "0x7fc96c8d3078", "0x7fc96c8c8ce0", "0x7fc96c8c8f10", "0x7fc96c8c8ee8", "0x7fc96c8c8ec0", "0x7fc96c8c8e98", "0x7fc96c8c8e70", "0x7fc96c8c8e48", "0x7fc96c8c8e20", "0x7fc96c8c8e20", "0x7fc96c8c8df8", "0x7fc96c8c8dd0", "0x7fc96c8c8dd0", "0x7fc96c8c8da8", "0x7fc96c8c8d80", "0x7fc96c8d3aa0", "0x7fc96c8c8f60", "0x7fc96c8c8d58", "0x7fc96c8c8d30", "0x7fc96c8c8d08"], "memsize":448, "flags":{"wb_protected":true, "old":true, "marked":true}}
{"address":"0x7fc96c8c8cb8", "type":"STRING", "class":"0x7fc96c801668", "frozen":true, "embedded":true, "fstring":true, "bytesize":17, "value":"invalid argument ", "encoding":"UTF-8", "flags":{"wb_protected":true, "old":true, "marked":true}}
{"address":"0x7fc96c8c8ce0", "type":"STRING", "class":"0x7fc96c801668", "frozen":true, "embedded":true, "fstring":true, "bytesize":7, "value":"unknown", "encoding":"UTF-8", "flags":{"wb_protected":true, "old":true, "marked":true}}
{"address":"0x7fc96c8c8d08", "type":"STRING", "class":"0x7fc96c801668", "frozen":true, "embedded":true, "fstring":true, "bytesize":7, "value":"solaris", "encoding":"UTF-8", "flags":{"wb_protected":true, "old":true, "marked":true}}
{"address":"0x7fc96c8c8d30", "type":"STRING", "class":"0x7fc96c801668", "frozen":true, "embedded":true, "fstring":true, "bytesize":7, "value":"openbsd", "encoding":"UTF-8", "flags":{"wb_protected":true, "old":true, "marked":true}}
{"address":"0x7fc96c8c8d58", "type":"STRING", "class":"0x7fc96c801668", "frozen":true, "embedded":true, "fstring":true, "bytesize":9, "value":"netbsdelf", "encoding":"UTF-8", "flags":{"wb_protected":true, "old":true, "marked":true}}
{"address":"0x7fc96c8c8d80", "type":"STRING", "class":"0x7fc96c801668", "frozen":true, "embedded":true, "fstring":true, "bytesize":7, "value":"mingw32", "encoding":"UTF-8", "flags":{"wb_protected":true, "old":true, "marked":true}}
{"address":"0x7fc96c8c8da8", "type":"STRING", "class":"0x7fc96c801668", "frozen":true, "embedded":true, "fstring":true, "bytesize":5, "value":"linux", "encoding":"UTF-8", "flags":{"wb_protected":true, "old":true, "marked":true}}
{"address":"0x7fc96c8c8dd0", "type":"STRING", "class":"0x7fc96c801668", "frozen":true, "embedded":true, "fstring":true, "bytesize":6, "value":"dotnet", "encoding":"UTF-8", "flags":{"wb_protected":true, "old":true, "marked":true}}
{"address":"0x7fc96c8c8df8", "type":"STRING", "class":"0x7fc96c801668", "frozen":true, "embedded":true, "fstring":true, "bytesize":6, "value":"dalvik", "encoding":"UTF-8", "flags":{"wb_protected":true, "old":true, "marked":true}}
{"address":"0x7fc96c8c8e20", "type":"STRING", "class":"0x7fc96c801668", "frozen":true, "embedded":true, "fstring":true, "bytesize":4, "value":"java", "encoding":"UTF-8", "flags":{"wb_protected":true, "old":true, "marked":true}}
{"address":"0x7fc96c8c8e48", "type":"STRING", "class":"0x7fc96c801668", "frozen":true, "embedded":true, "fstring":true, "bytesize":4, "value":"hpux", "encoding":"UTF-8", "flags":{"wb_protected":true, "old":true, "marked":true}}
{"address":"0x7fc96c8c8e70", "type":"STRING", "class":"0x7fc96c801668", "frozen":true, "embedded":true, "fstring":true, "bytesize":7, "value":"freebsd", "encoding":"UTF-8", "flags":{"wb_protected":true, "old":true, "marked":true}}
{"address":"0x7fc96c8c8e98", "type":"STRING", "class":"0x7fc96c801668", "frozen":true, "embedded":true, "fstring":true, "bytesize":7, "value":"macruby", "encoding":"UTF-8", "flags":{"wb_protected":true, "old":true, "marked":true}}
{"address":"0x7fc96c8c8ec0", "type":"STRING", "class":"0x7fc96c801668", "frozen":true, "embedded":true, "fstring":true, "bytesize":6, "value":"darwin", "encoding":"UTF-8", "flags":{"wb_protected":true, "old":true, "marked":true}}
{"address":"0x7fc96c8c8ee8", "type":"STRING", "class":"0x7fc96c801668", "frozen":true, "embedded":true, "fstring":true, "bytesize":6, "value":"cygwin", "encoding":"UTF-8", "flags":{"wb_protected":true, "old":true, "marked":true}}
{"address":"0x7fc96c8c8f10", "type":"STRING", "class":"0x7fc96c801668", "frozen":true, "embedded":true, "fstring":true, "bytesize":3, "value":"aix", "encoding":"UTF-8", "flags":{"wb_protected":true, "old":true, "marked":true}}
{"address":"0x7fc96c8c8f38", "type":"CLASS", "class":"0x7fc96c8c8c18", "name":"RubyToken::TkWHILE", "references":["0x7fc96c8c8bf0", "0x7fc96d046440"], "memsize":672, "flags":{"wb_protected":true, "old":true, "marked":true}}
{"address":"0x7fc96c8c8f60", "type":"STRING", "class":"0x7fc96c801668", "frozen":true, "embedded":true, "fstring":true, "bytesize":3, "value":"x86", "encoding":"UTF-8", "flags":{"wb_protected":true, "old":true, "marked":true}}
{"address":"0x7fc96c8c9000", "type":"STRING", "class":"0x7fc96c801668", "bytesize":25, "capacity":48, "value":"archive-tar-minitar-0.5.2", "encoding":"UTF-8", "memsize":49, "flags":{"wb_protected":true, "old":true, "marked":true}}
{"address":"0x7fc96c8c9028", "type":"NODE", "node_type":"NODE_CREF", "references":["0x7fc96c8c8510", "0x7fc96c8c9668"], "flags":{"wb_protected":true, "old":true, "marked":true}}
{"address":"0x7fc96c8c9050", "type":"DATA", "class":"0x7fc96c833488", "struct":"iseq", "references":["0x7fc96c8c8c90", "0x7fc96c803be8", "0x7fc96c803be8", "0x7fc96c8c1918", "0x7fc96c8c1918", "0x7fc96c8c9028", "0x7fc96c8c8510"], "memsize":14640, "flags":{"wb_protected":true, "old":true, "marked":true}}
{"address":"0x7fc96c8c9078", "type":"ARRAY", "length":1, "embedded":true, "references":["0x7fc96c0527c8"], "flags":{"wb_protected":true, "old":true, "marked":true}}
{"address":"0x7fc96c8c90c8", "type":"ARRAY", "class":"0x7fc96c84a048", "length":1, "embedded":true, "references":["0x7fc96c8c1e90"], "flags":{"wb_protected":true, "old":true, "marked":true}}
{"address":"0x7fc96c8c90f0", "type":"STRING", "class":"0x7fc96c801668", "bytesize":45, "capacity":128, "value":"/Users/antoine/.rvm/gems/ruby-2.0.0-p247/gems", "encoding":"US-ASCII", "memsize":129, "flags":{"wb_protected":true, "old":true, "marked":true}}
{"address":"0x7fc96c8c9118", "type":"NODE", "node_type":"NODE_CREF", "references":["0x7fc96c8c8510", "0x7fc96c8c9668"], "flags":{"wb_protected":true, "old":true, "marked":true}}
{"address":"0x7fc96c8c9140", "type":"DATA", "class":"0x7fc96c833488", "struct":"iseq", "references":["0x7fc96c8c9078", "0x7fc96c802c70", "0x7fc96c802c70", "0x7fc96c8c1918", "0x7fc96c8c1918", "0x7fc96c8c9118", "0x7fc96c8c84e8"], "memsize":2248, "flags":{"wb_protected":true, "old":true, "marked":true}}
{"address":"0x7fc96c8c9190", "type":"OBJECT", "class":"0x7fc96d077ae0", "ivars":5, "references":["0x7fc96c8c8100", "0x7fc96c8c9528", "0x7fc96c8c9528"], "memsize":40, "flags":{"wb_protected":true, "old":true, "marked":true}}
{"address":"0x7fc96c8c91b8", "type":"NODE", "node_type":"NODE_CREF", "references":["0x7fc96c8c8510", "0x7fc96c8c9668"], "flags":{"wb_protected":true, "old":true, "marked":true}}
{"address":"0x7fc96c8c91e0", "type":"DATA", "class":"0x7fc96c833488", "struct":"iseq", "references":["0x7fc96c8c0310", "0x7fc96c8c0310", "0x7fc96c8c1918", "0x7fc96c8c1918", "0x7fc96c8c91b8", "0x7fc96c8c84e8"], "memsize":1336, "flags":{"wb_protected":true, "old":true, "marked":true}}
{"address":"0x7fc96c8c9208", "type":"OBJECT", "class":"0x7fc96c8c2688", "ivars":3, "references":["0x7fc96c8c90c8"], "flags":{"wb_protected":true, "old":true, "marked":true}}
{"address":"0x7fc96c8c9230", "type":"ARRAY", "length":1, "embedded":true, "references":["0x7fc96c8c92f8"], "flags":{"wb_protected":true, "old":true, "marked":true}}
{"address":"0x7fc96c8c9280", "type":"OBJECT", "class":"0x7fc96d077ae0", "ivars":5, "references":["0x7fc96c8c94b0", "0x7fc96c8c9208", "0x7fc96c8c9208"], "memsize":40, "flags":{"wb_protected":true, "old":true, "marked":true}}
{"address":"0x7fc96c8c92a8", "type":"STRING", "class":"0x7fc96c801668", "bytesize":40, "value":"/Users/antoine/.rvm/gems/ruby-2.0.0-p247", "encoding":"US-ASCII", "memsize":41, "flags":{"wb_protected":true, "old":true, "marked":true}}
{"address":"0x7fc96c8c92f8", "type":"DATA", "class":"0x7fc96c833488", "struct":"iseq", "references":["0x7fc96c8c9320", "0x7fc96c801488", "0x7fc96c8c1918", "0x7fc96c8c1918", "0x7fc96c8c93c0"], "memsize":1904, "flags":{"wb_protected":true, "old":true, "marked":true}}
{"address":"0x7fc96c8c9320", "type":"STRING", "class":"0x7fc96c801668", "frozen":true, "fstring":true, "bytesize":14, "capacity":120, "value":"block in match", "memsize":121, "flags":{"wb_protected":true, "old":true, "marked":true}}
{"address":"0x7fc96c8c93c0", "type":"NODE", "node_type":"NODE_CREF", "references":["0x7fc96c8c8510", "0x7fc96c8c9668"], "flags":{"wb_protected":true, "old":true, "marked":true}}
{"address":"0x7fc96c8c93e8", "type":"DATA", "class":"0x7fc96c833488", "struct":"iseq", "references":["0x7fc96c8c9230", "0x7fc96c801488", "0x7fc96c801488", "0x7fc96c8c1918", "0x7fc96c8c1918", "0x7fc96c8c93c0", "0x7fc96c8c84e8"], "memsize":936, "flags":{"wb_protected":true, "old":true, "marked":true}}
{"address":"0x7fc96c8c9438", "type":"ARRAY", "length":3, "embedded":true, "references":["0x7fc96c8293c0", "0x7fc96c8c0d10", "0x7fc96c8c9460"], "flags":{"wb_protected":true, "old":true, "marked":true}}
{"address":"0x7fc96c8c9460", "type":"STRING", "class":"0x7fc96c801668", "frozen":true, "embedded":true, "fstring":true, "bytesize":3, "value":"_60", "encoding":"UTF-8", "flags":{"wb_protected":true, "old":true, "marked":true}}
{"address":"0x7fc96c8c94b0", "type":"STRING", "class":"0x7fc96c801668", "embedded":true, "bytesize":9, "value":"yajl-ruby", "encoding":"UTF-8", "flags":{"wb_protected":true, "old":true, "marked":true}}
{"address":"0x7fc96c8c94d8", "type":"NODE", "node_type":"NODE_CREF", "references":["0x7fc96c8c8510", "0x7fc96c8c9668"], "flags":{"wb_protected":true, "old":true, "marked":true}}
{"address":"0x7fc96c8c9500", "type":"DATA", "class":"0x7fc96c833488", "struct":"iseq", "references":["0x7fc96c8c9438", "0x7fc96c841060", "0x7fc96c841060", "0x7fc96c8c1918", "0x7fc96c8c1918", "0x7fc96c8c94d8", "0x7fc96c8c84e8"], "memsize":1832, "flags":{"wb_protected":true, "old":true, "marked":true}}
{"address":"0x7fc96c8c9528", "type":"OBJECT", "class":"0x7fc96c8c2688", "ivars":3, "references":["0x7fc96c8c9a00"], "flags":{"wb_protected":true, "old":true, "marked":true}}
{"address":"0x7fc96c8c9668", "type":"NODE", "node_type":"NODE_CREF", "references":["0x7fc96c803788"], "flags":{"wb_protected":true, "old":true, "marked":true}}
{"address":"0x7fc96c8c96b8", "type":"STRING", "class":"0x7fc96c801668", "frozen":true, "embedded":true, "bytesize":4, "value":"when", "encoding":"UTF-8", "flags":{"wb_protected":true, "old":true, "marked":true}}
{"address":"0x7fc96c8c96e0", "type":"ARRAY", "class":"0x7fc96c84a048", "length":2, "embedded":true, "references":["0x7fc96c8c9780"], "flags":{"wb_protected":true, "old":true, "marked":true}}
{"address":"0x7fc96c8c9708", "type":"ARRAY", "class":"0x7fc96c84a048", "length":1, "embedded":true, "references":["0x7fc96c8c1e90"], "flags":{"wb_protected":true, "old":true, "marked":true}}
{"address":"0x7fc96c8c9730", "type":"STRING", "class":"0x7fc96c801668", "frozen":true, "embedded":true, "bytesize":17, "value":"RubyToken::TkWHEN", "encoding":"US-ASCII", "flags":{"wb_protected":true, "old":true, "marked":true}}
{"address":"0x7fc96c8c9758", "type":"CLASS", "class":"0x7fc96c802e28", "name":"Class", "references":["0x7fc96c8c9780", "0x7fc96d046418"], "memsize":672, "flags":{"wb_protected":true, "old":true, "marked":true}}
{"address":"0x7fc96c8c9780", "type":"CLASS", "class":"0x7fc96c8c9758", "name":"RubyToken::TkWHEN", "references":["0x7fc96c8c9730", "0x7fc96d046440"], "memsize":672, "flags":{"wb_protected":true, "old":true, "marked":true}}
{"address":"0x7fc96c8c97f8", "type":"OBJECT", "class":"0x7fc96c8c2688", "ivars":3, "references":["0x7fc96c8c9708"], "flags":{"wb_protected":true, "old":true, "marked":true}}
{"address":"0x7fc96c8c9848", "type":"OBJECT", "class":"0x7fc96d077ae0", "ivars":5, "references":["0x7fc96c8c9988", "0x7fc96c8c97f8", "0x7fc96c8c97f8"], "memsize":40, "flags":{"wb_protected":true, "old":true, "marked":true}}
{"address":"0x7fc96c8c9960", "type":"STRING", "class":"0x7fc96c801668", "frozen":true, "bytesize":89, "capacity":1026, "value":"/Users/antoine/.rvm/gems/ruby-2.0.0-p247/specifications/archive-tar-minitar-0.5.2.gemspec", "encoding":"US-ASCII", "memsize":1027, "flags":{"wb_protected":true, "old":true, "marked":true}}
{"address":"0x7fc96c8c9988", "type":"STRING", "class":"0x7fc96c801668", "embedded":true, "bytesize":7, "value":"systemu", "encoding":"UTF-8", "flags":{"wb_protected":true, "old":true, "marked":true}}
{"address":"0x7fc96c8c9a00", "type":"ARRAY", "class":"0x7fc96c84a048", "length":1, "embedded":true, "references":["0x7fc96c8c1e90"], "flags":{"wb_protected":true, "old":true, "marked":true}}
{"address":"0x7fc96c8c9a28", "type":"CLASS", "class":"0x7fc96c8c9b18", "name":"RubyToken::TkUNTIL", "references":["0x7fc96c8ca270", "0x7fc96d046440"], "memsize":672, "flags":{"wb_protected":true, "old":true, "marked":true}}
{"address":"0x7fc96c8c9b18", "type":"CLASS", "class":"0x7fc96c802e28", "name":"Class", "references":["0x7fc96c8c9a28", "0x7fc96d046418"], "memsize":672, "flags":{"wb_protected":true, "old":true, "marked":true}}
{"address":"0x7fc96c8c9b40", "type":"STRING", "class":"0x7fc96c801668", "shared":true, "encoding":"US-ASCII", "references":["0x7fc96d80ebf0"], "flags":{"wb_protected":true, "old":true, "marked":true}}
{"address":"0x7fc96c8c9b68", "type":"ARRAY", "class":"0x7fc96c84a048", "length":2, "embedded":true, "references":["0x7fc96c8c9e38", "0x7fc96c8c9de8"], "flags":{"wb_protected":true, "old":true, "marked":true}}
{"address":"0x7fc96c8c9b90", "type":"STRING", "class":"0x7fc96c801668", "embedded":true, "bytesize":5, "value":"0.6.7", "encoding":"UTF-8", "flags":{"wb_protected":true, "old":true, "marked":true}}
{"address":"0x7fc96c8c9c80", "type":"STRING", "class":"0x7fc96c801668", "frozen":true, "embedded":true, "bytesize":4, "value":"case", "encoding":"UTF-8", "flags":{"wb_protected":true, "old":true, "marked":true}}
{"address":"0x7fc96c8c9ca8", "type":"ARRAY", "class":"0x7fc96c84a048", "length":2, "embedded":true, "references":["0x7fc96c8c9d48"], "flags":{"wb_protected":true, "old":true, "marked":true}}
{"address":"0x7fc96c8c9cf8", "type":"STRING", "class":"0x7fc96c801668", "frozen":true, "embedded":true, "bytesize":17, "value":"RubyToken::TkCASE", "encoding":"US-ASCII", "flags":{"wb_protected":true, "old":true, "marked":true}}
{"address":"0x7fc96c8c9d20", "type":"CLASS", "class":"0x7fc96c802e28", "name":"Class", "references":["0x7fc96c8c9d48", "0x7fc96d046418"], "memsize":672, "flags":{"wb_protected":true, "old":true, "marked":true}}
{"address":"0x7fc96c8c9d48", "type":"CLASS", "class":"0x7fc96c8c9d20", "name":"RubyToken::TkCASE", "references":["0x7fc96c8c9cf8", "0x7fc96d046440"], "memsize":672, "flags":{"wb_protected":true, "old":true, "marked":true}}
{"address":"0x7fc96c8c9d70", "type":"STRING", "class":"0x7fc96c801668", "frozen":true, "embedded":true, "fstring":true, "bytesize":8, "value":"@monitor", "encoding":"US-ASCII", "flags":{"wb_protected":true, "old":true, "marked":true}}
{"address":"0x7fc96c8c9de8", "type":"OBJECT", "class":"0x7fc96d040a68", "ivars":3, "references":["0x7fc96c8c9b90"], "flags":{"wb_protected":true, "old":true, "marked":true}}
{"address":"0x7fc96c8c9e38", "type":"STRING", "class":"0x7fc96c801668", "embedded":true, "bytesize":2, "value":"~>", "encoding":"UTF-8", "flags":{"wb_protected":true, "old":true, "marked":true}}
{"address":"0x7fc96c8c9f28", "type":"ARRAY", "class":"0x7fc96c84a048", "length":1, "embedded":true, "references":["0x7fc96c8c9b68"], "flags":{"wb_protected":true, "old":true, "marked":true}}
{"address":"0x7fc96c8c9fa0", "type":"OBJECT", "class":"0x7fc96c8c2688", "ivars":3, "references":["0x7fc96c8c9f28"], "flags":{"wb_protected":true, "old":true, "marked":true}}
{"address":"0x7fc96c8c9ff0", "type":"OBJECT", "class":"0x7fc96d077ae0", "ivars":5, "references":["0x7fc96c8ca130", "0x7fc96c8c9fa0", "0x7fc96c8c9fa0"], "memsize":40, "flags":{"wb_protected":true, "old":true, "marked":true}}
{"address":"0x7fc96c8ca0b8", "type":"STRING", "class":"0x7fc96c801668", "frozen":true, "fstring":true, "bytesize":54, "capacity":86, "value":"/usr/local/Cellar/ruby/2.1.1/lib/ruby/2.1.0/monitor.rb", "encoding":"US-ASCII", "memsize":87, "flags":{"wb_protected":true, "old":true, "marked":true}}
{"address":"0x7fc96c8ca130", "type":"STRING", "class":"0x7fc96c801668", "embedded":true, "bytesize":9, "value":"coveralls", "encoding":"UTF-8", "flags":{"wb_protected":true, "old":true, "marked":true}}
{"address":"0x7fc96c8ca158", "type":"ARRAY", "class":"0x7fc96c84a048", "length":2, "embedded":true, "references":["0x7fc96c8ca540", "0x7fc96c8ca4c8"], "flags":{"wb_protected":true, "old":true, "marked":true}}
{"address":"0x7fc96c8ca180", "type":"STRING", "class":"0x7fc96c801668", "embedded":true, "bytesize":6, "value":"1.11.0", "encoding":"UTF-8", "flags":{"wb_protected":true, "old":true, "marked":true}}
{"address":"0x7fc96c8ca270", "type":"STRING", "class":"0x7fc96c801668", "frozen":true, "embedded":true, "bytesize":18, "value":"RubyToken::TkUNTIL", "encoding":"US-ASCII", "flags":{"wb_protected":true, "old":true, "marked":true}}
{"address":"0x7fc96c8ca298", "type":"STRING", "class":"0x7fc96c801668", "frozen":true, "embedded":true, "bytesize":4, "value":"else", "encoding":"UTF-8", "flags":{"wb_protected":true, "old":true, "marked":true}}
{"address":"0x7fc96c8ca2c0", "type":"ARRAY", "class":"0x7fc96c84a048", "length":2, "embedded":true, "references":["0x7fc96c8ca400"], "flags":{"wb_protected":true, "old":true, "marked":true}}
{"address":"0x7fc96c8ca2e8", "type":"DATA", "class":"0x7fc96c833488", "struct":"iseq", "references":["0x7fc96c8cad38", "0x7fc96c83b110", "0x7fc96d044410", "0x7fc96d044410", "0x7fc96c8cae00"], "memsize":728, "flags":{"wb_protected":true, "old":true, "marked":true}}
{"address":"0x7fc96c8ca310", "type":"STRING", "class":"0x7fc96c801668", "frozen":true, "embedded":true, "fstring":true, "bytesize":13, "value":"save_history=", "encoding":"UTF-8", "flags":{"wb_protected":true, "old":true, "marked":true}}
{"address":"0x7fc96c8ca338", "type":"STRING", "class":"0x7fc96c801668", "frozen":true, "embedded":true, "fstring":true, "bytesize":13, "value":"' to activate", "encoding":"UTF-8", "flags":{"wb_protected":true, "old":true, "marked":true}}
{"address":"0x7fc96c8ca360", "type":"STRING", "class":"0x7fc96c801668", "frozen":true, "fstring":true, "bytesize":29, "value":"unable to find a version of '", "encoding":"UTF-8", "memsize":30, "flags":{"wb_protected":true, "old":true, "marked":true}}
{"address":"0x7fc96c8ca3b0", "type":"STRING", "class":"0x7fc96c801668", "frozen":true, "embedded":true, "bytesize":17, "value":"RubyToken::TkELSE", "encoding":"US-ASCII", "flags":{"wb_protected":true, "old":true, "marked":true}}
{"address":"0x7fc96c8ca3d8", "type":"CLASS", "class":"0x7fc96c802e28", "name":"Class", "references":["0x7fc96c8ca400", "0x7fc96d046418"], "memsize":672, "flags":{"wb_protected":true, "old":true, "marked":true}}
{"address":"0x7fc96c8ca400", "type":"CLASS", "class":"0x7fc96c8ca3d8", "name":"RubyToken::TkELSE", "references":["0x7fc96c8ca3b0", "0x7fc96d046440"], "memsize":672, "flags":{"wb_protected":true, "old":true, "marked":true}}
{"address":"0x7fc96c8ca450", "type":"DATA", "class":"0x7fc96c833488", "struct":"iseq", "references":["0x7fc96c8ca7c0", "0x7fc96c83b110", "0x7fc96d044410", "0x7fc96d044410", "0x7fc96c8cae00"], "memsize":856, "flags":{"wb_protected":true, "old":true, "marked":true}}
{"address":"0x7fc96c8ca4a0", "type":"STRING", "class":"0x7fc96c801668", "frozen":true, "fstring":true, "bytesize":25, "value":" found in multiple gems: ", "encoding":"UTF-8", "memsize":26, "flags":{"wb_protected":true, "old":true, "marked":true}}
{"address":"0x7fc96c8ca4c8", "type":"OBJECT", "class":"0x7fc96d040a68", "ivars":3, "references":["0x7fc96c8ca180"], "flags":{"wb_protected":true, "old":true, "marked":true}}
{"address":"0x7fc96c8ca518", "type":"STRING", "class":"0x7fc96c801668", "frozen":true, "embedded":true, "fstring":true, "bytesize":11, "value":"use_loader=", "encoding":"UTF-8", "flags":{"wb_protected":true, "old":true, "marked":true}}
{"address":"0x7fc96c8ca540", "type":"STRING", "class":"0x7fc96c801668", "embedded":true, "bytesize":2, "value":"~>", "encoding":"UTF-8", "flags":{"wb_protected":true, "old":true, "marked":true}}
{"address":"0x7fc96c8ca590", "type":"DATA", "class":"0x7fc96c833488", "struct":"iseq", "references":["0x7fc96c8ca7c0", "0x7fc96c83b110", "0x7fc96d044410", "0x7fc96d044410", "0x7fc96c8cae00"], "memsize":736, "flags":{"wb_protected":true, "old":true, "marked":true}}
{"address":"0x7fc96c8ca630", "type":"ARRAY", "class":"0x7fc96c84a048", "length":3, "embedded":true, "references":["0x7fc96c8c9a28"], "flags":{"wb_protected":true, "old":true, "marked":true}}
{"address":"0x7fc96c8ca658", "type":"STRING", "class":"0x7fc96c801668", "shared":true, "encoding":"UTF-8", "references":["0x7fc96c8ca6f8"], "flags":{"wb_protected":true, "old":true, "marked":true}}
{"address":"0x7fc96c8ca680", "type":"DATA", "class":"0x7fc96c833488", "struct":"iseq", "references":["0x7fc96c8cad38", "0x7fc96c83b110", "0x7fc96d044410", "0x7fc96d044410", "0x7fc96c8cae00"], "memsize":728, "flags":{"wb_protected":true, "old":true, "marked":true}}
{"address":"0x7fc96c8ca6d0", "type":"STRING", "class":"0x7fc96c801668", "frozen":true, "embedded":true, "fstring":true, "bytesize":10, "value":"math_mode=", "encoding":"UTF-8", "flags":{"wb_protected":true, "old":true, "marked":true}}
{"address":"0x7fc96c8ca6f8", "type":"STRING", "class":"0x7fc96c801668", "frozen":true, "bytesize":40, "value":"Ohai profiles your system and emits JSON", "encoding":"UTF-8", "memsize":41, "flags":{"wb_protected":true, "old":true, "marked":true}}
{"address":"0x7fc96c8ca748", "type":"ARRAY", "class":"0x7fc96c84a048", "length":1, "embedded":true, "references":["0x7fc96c8ca158"], "flags":{"wb_protected":true, "old":true, "marked":true}}
{"address":"0x7fc96c8ca798", "type":"DATA", "class":"0x7fc96c833488", "struct":"iseq", "references":["0x7fc96c8ca7c0", "0x7fc96c83b110", "0x7fc96d044410", "0x7fc96d044410", "0x7fc96c8cae00"], "memsize":1008, "flags":{"wb_protected":true, "old":true, "marked":true}}
{"address":"0x7fc96c8ca7c0", "type":"STRING", "class":"0x7fc96c801668", "frozen":true, "fstring":true, "bytesize":16, "capacity":120, "value":"block in require", "memsize":121, "flags":{"wb_protected":true, "old":true, "marked":true}}
{"address":"0x7fc96c8ca810", "type":"STRING", "class":"0x7fc96c801668", "frozen":true, "embedded":true, "bytesize":5, "value":"until", "encoding":"UTF-8", "flags":{"wb_protected":true, "old":true, "marked":true}}
{"address":"0x7fc96c8ca838", "type":"STRING", "class":"0x7fc96c801668", "frozen":true, "embedded":true, "fstring":true, "bytesize":15, "value":"mon_check_owner", "encoding":"US-ASCII", "flags":{"wb_protected":true, "old":true, "marked":true}}
{"address":"0x7fc96c8ca888", "type":"STRING", "class":"0x7fc96c801668", "frozen":true, "bytesize":75, "value":"/Users/antoine/.rvm/gems/ruby-2.0.0-p247/specifications/chef-11.6.2.gemspec", "encoding":"UTF-8", "memsize":76, "flags":{"wb_protected":true, "old":true, "marked":true}}
{"address":"0x7fc96c8ca8b0", "type":"STRING", "class":"0x7fc96c801668", "frozen":true, "embedded":true, "fstring":true, "bytesize":11, "value":"use_tracer=", "encoding":"UTF-8", "flags":{"wb_protected":true, "old":true, "marked":true}}
{"address":"0x7fc96c8ca8d8", "type":"ARRAY", "class":"0x7fc96c84a048", "length":0, "flags":{"wb_protected":true, "old":true, "marked":true}}
{"address":"0x7fc96c8ca900", "type":"DATA", "class":"0x7fc96c833488", "struct":"iseq", "references":["0x7fc96c8cad38", "0x7fc96c83b110", "0x7fc96d044410", "0x7fc96d044410", "0x7fc96c8cae00"], "memsize":728, "flags":{"wb_protected":true, "old":true, "marked":true}}
{"address":"0x7fc96c8ca928", "type":"STRING", "class":"0x7fc96c801668", "frozen":true, "embedded":true, "fstring":true, "bytesize":20, "value":"universal-darwin(\\d)", "encoding":"US-ASCII", "flags":{"wb_protected":true, "old":true, "marked":true}}
{"address":"0x7fc96c8ca950", "type":"OBJECT", "class":"0x7fc96d077a68", "ivars":14, "references":["0x7fc96c82a090", "0x7fc96c890fc0", "0x7fc96c890070", "0x7fc96c8900e8", "0x7fc96c8b1a18", "0x7fc96c8ca8d8", "0x7fc96c8b1a18", "0x7fc96c8c82e0", "0x7fc96c8b0af0", "0x7fc96c8b0aa0", "0x7fc96c8abeb0"], "memsize":112, "flags":{"wb_protected":true, "old":true, "marked":true}}
{"address":"0x7fc96c8ca978", "type":"STRING", "class":"0x7fc96c801668", "frozen":true, "embedded":true, "bytesize":12, "value":"byebug-2.5.0", "encoding":"UTF-8", "flags":{"wb_protected":true, "old":true, "marked":true}}
{"address":"0x7fc96c8ca9a0", "type":"REGEXP", "class":"0x7fc96c8491e8", "references":["0x7fc96c8ca928"], "memsize":560, "flags":{"wb_protected":true, "old":true, "marked":true}}
{"address":"0x7fc96c8ca9c8", "type":"ARRAY", "length":3, "embedded":true, "references":["0x7fc96c8caa68", "0x7fc96c8cab08", "0x7fc96c8caa68"], "flags":{"wb_protected":true, "old":true, "marked":true}}
{"address":"0x7fc96c8ca9f0", "type":"OBJECT", "class":"0x7fc96c8c2688", "ivars":3, "references":["0x7fc96c8ca748"], "flags":{"wb_protected":true, "old":true, "marked":true}}
{"address":"0x7fc96c8caa18", "type":"STRING", "class":"0x7fc96c801668", "embedded":true, "bytesize":5, "value":"2.0.6", "encoding":"UTF-8", "flags":{"wb_protected":true, "old":true, "marked":true}}
{"address":"0x7fc96c8caa40", "type":"STRING", "class":"0x7fc96c801668", "shared":true, "encoding":"US-ASCII", "references":["0x7fc96c8d1200"], "flags":{"wb_protected":true, "old":true, "marked":true}}
{"address":"0x7fc96c8caa68", "type":"DATA", "class":"0x7fc96c833488", "struct":"iseq", "references":["0x7fc96c8caa90", "0x7fc96c83b110", "0x7fc96d044410", "0x7fc96d044410", "0x7fc96c8cae00"], "memsize":728, "flags":{"wb_protected":true, "old":true, "marked":true}}
{"address":"0x7fc96c8caa90", "type":"STRING", "class":"0x7fc96c801668", "frozen":true, "fstring":true, "bytesize":27, "capacity":48, "value":"ensure in rescue in require", "memsize":49, "flags":{"wb_protected":true, "old":true, "marked":true}}
{"address":"0x7fc96c8caab8", "type":"ARRAY", "class":"0x7fc96c84a048", "length":2, "embedded":true, "references":["0x7fc96c8cafb8", "0x7fc96c8caf40"], "flags":{"wb_protected":true, "old":true, "marked":true}}
{"address":"0x7fc96c8caae0", "type":"STRING", "class":"0x7fc96c801668", "embedded":true, "bytesize":5, "value":"5.0.8", "encoding":"UTF-8", "flags":{"wb_protected":true, "old":true, "marked":true}}
{"address":"0x7fc96c8cab08", "type":"STRING", "class":"0x7fc96c801668", "frozen":true, "embedded":true, "fstring":true, "bytesize":14, "value":"Could not find", "encoding":"UTF-8", "flags":{"wb_protected":true, "old":true, "marked":true}}
{"address":"0x7fc96c8cab30", "type":"STRING", "class":"0x7fc96c801668", "frozen":true, "embedded":true, "fstring":true, "bytesize":13, "value":"eval_history=", "encoding":"UTF-8", "flags":{"wb_protected":true, "old":true, "marked":true}}
{"address":"0x7fc96c8cab58", "type":"ARRAY", "class":"0x7fc96c84a048", "length":1, "embedded":true, "references":["0x7fc96c8cab80"], "flags":{"wb_protected":true, "old":true, "marked":true}}
{"address":"0x7fc96c8cab80", "type":"STRING", "class":"0x7fc96c801668", "embedded":true, "bytesize":3, "value":"lib", "encoding":"UTF-8", "flags":{"wb_protected":true, "old":true, "marked":true}}
{"address":"0x7fc96c8caba8", "type":"DATA", "class":"0x7fc96c833488", "struct":"iseq", "references":["0x7fc96c8ca9c8", "0x7fc96c8cabd0", "0x7fc96c83b110", "0x7fc96d044410", "0x7fc96d044410", "0x7fc96c8cae00"], "memsize":3176, "flags":{"wb_protected":true, "old":true, "marked":true}}
{"address":"0x7fc96c8cabd0", "type":"STRING", "class":"0x7fc96c801668", "frozen":true, "embedded":true, "fstring":true, "bytesize":17, "value":"rescue in require", "flags":{"wb_protected":true, "old":true, "marked":true}}
{"address":"0x7fc96c8cabf8", "type":"STRING", "class":"0x7fc96c801668", "shared":true, "encoding":"UTF-8", "references":["0x7fc96c8dd258"], "flags":{"wb_protected":true, "old":true, "marked":true}}
{"address":"0x7fc96c8cac20", "type":"ARRAY", "class":"0x7fc96c84a048", "length":1, "embedded":true, "references":["0x7fc96c8cac98"], "flags":{"wb_protected":true, "old":true, "marked":true}}
{"address":"0x7fc96c8cac48", "type":"ARRAY", "length":21, "references":["0x7fc96c8cad10", "0x7fc96c8caba8", "0x7fc96c8ca900", "0x7fc96c8ca798", "0x7fc96c8ca680", "0x7fc96c8ca590", "0x7fc96c8ca450", "0x7fc96c8ca2e8", "0x7fc96c8ca4a0", "0x7fc96d856770", "0x7fc96c8ca360", "0x7fc96c8ca338", "0x7fc96c8ca900", "0x7fc96c8ca900", "0x7fc96c8ca680", "0x7fc96c8ca680", "0x7fc96c8ca2e8", "0x7fc96c8caba8", "0x7fc96c8cad10", "0x7fc96c8cad10", "0x7fc96c8cad10"], "memsize":296, "flags":{"wb_protected":true, "old":true, "marked":true}}
{"address":"0x7fc96c8cac70", "type":"STRING", "class":"0x7fc96c801668", "frozen":true, "embedded":true, "fstring":true, "bytesize":16, "value":"sparc-solaris2.8", "encoding":"US-ASCII", "flags":{"wb_protected":true, "old":true, "marked":true}}
{"address":"0x7fc96c8cac98", "type":"STRING", "class":"0x7fc96c801668", "embedded":true, "bytesize":8, "value":"bin/ohai", "encoding":"UTF-8", "flags":{"wb_protected":true, "old":true, "marked":true}}
{"address":"0x7fc96c8cacc0", "type":"STRING", "class":"0x7fc96c801668", "frozen":true, "embedded":true, "bytesize":5, "value":"elsif", "encoding":"UTF-8", "flags":{"wb_protected":true, "old":true, "marked":true}}
{"address":"0x7fc96c8cace8", "type":"REGEXP", "class":"0x7fc96c8491e8", "references":["0x7fc96c8cac70"], "memsize":510, "flags":{"wb_protected":true, "old":true, "marked":true}}
{"address":"0x7fc96c8cad10", "type":"DATA", "class":"0x7fc96c833488", "struct":"iseq", "references":["0x7fc96c8cad38", "0x7fc96c83b110", "0x7fc96d044410", "0x7fc96d044410", "0x7fc96c8cae00"], "memsize":728, "flags":{"wb_protected":true, "old":true, "marked":true}}
{"address":"0x7fc96c8cad38", "type":"STRING", "class":"0x7fc96c801668", "frozen":true, "embedded":true, "fstring":true, "bytesize":17, "value":"ensure in require", "flags":{"wb_protected":true, "old":true, "marked":true}}
{"address":"0x7fc96c8cad60", "type":"ARRAY", "class":"0x7fc96c84a048", "length":2, "embedded":true, "references":["0x7fc96c8caea0"], "flags":{"wb_protected":true, "old":true, "marked":true}}
{"address":"0x7fc96c8cad88", "type":"ARRAY", "class":"0x7fc96c84a048", "length":1, "embedded":true, "references":["0x7fc96c8caef0"], "flags":{"wb_protected":true, "old":true, "marked":true}}
{"address":"0x7fc96c8cadb0", "type":"STRING", "class":"0x7fc96c801668", "frozen":true, "embedded":true, "fstring":true, "bytesize":2, "value":"CE", "encoding":"US-ASCII", "flags":{"wb_protected":true, "old":true, "marked":true}}
{"address":"0x7fc96c8cadd8", "type":"STRING", "class":"0x7fc96c801668", "frozen":true, "embedded":true, "bytesize":18, "value":"RubyToken::TkELSIF", "encoding":"US-ASCII", "flags":{"wb_protected":true, "old":true, "marked":true}}
{"address":"0x7fc96c8cae00", "type":"NODE", "node_type":"NODE_CREF", "references":["0x7fc96c8035d0", "0x7fc96c8cb198"], "flags":{"wb_protected":true, "old":true, "marked":true}}
{"address":"0x7fc96c8cae28", "type":"DATA", "class":"0x7fc96c833488", "struct":"iseq", "references":["0x7fc96c8cac48", "0x7fc96c83b110", "0x7fc96c83b110", "0x7fc96d044410", "0x7fc96d044410", "0x7fc96c8cae00", "0x7fc96c8035d0"], "memsize":13992, "flags":{"wb_protected":true, "old":true, "marked":true}}
{"address":"0x7fc96c8cae50", "type":"CLASS", "class":"0x7fc96c802e28", "name":"Class", "references":["0x7fc96c8caea0", "0x7fc96d046418"], "memsize":672, "flags":{"wb_protected":true, "old":true, "marked":true}}
{"address":"0x7fc96c8cae78", "type":"STRING", "class":"0x7fc96c801668", "frozen":true, "embedded":true, "fstring":true, "bytesize":17, "value":"mon_exit_for_cond", "encoding":"US-ASCII", "flags":{"wb_protected":true, "old":true, "marked":true}}
{"address":"0x7fc96c8caea0", "type":"CLASS", "class":"0x7fc96c8cae50", "name":"RubyToken::TkELSIF", "references":["0x7fc96c8cadd8", "0x7fc96d046440"], "memsize":672, "flags":{"wb_protected":true, "old":true, "marked":true}}
{"address":"0x7fc96c8caec8", "type":"STRING", "class":"0x7fc96c801668", "frozen":true, "embedded":true, "fstring":true, "bytesize":15, "value":"ContextExtender", "encoding":"US-ASCII", "flags":{"wb_protected":true, "old":true, "marked":true}}
{"address":"0x7fc96c8caef0", "type":"STRING", "class":"0x7fc96c801668", "embedded":true, "bytesize":4, "value":"ohai", "encoding":"UTF-8", "flags":{"wb_protected":true, "old":true, "marked":true}}
{"address":"0x7fc96c8caf18", "type":"STRING", "class":"0x7fc96c801668", "embedded":true, "bytesize":16, "value":"adam@opscode.com", "encoding":"UTF-8", "flags":{"wb_protected":true, "old":true, "marked":true}}
{"address":"0x7fc96c8caf40", "type":"OBJECT", "class":"0x7fc96d040a68", "ivars":3, "references":["0x7fc96c8caae0"], "flags":{"wb_protected":true, "old":true, "marked":true}}
{"address":"0x7fc96c8caf68", "type":"STRING", "class":"0x7fc96c801668", "frozen":true, "embedded":true, "fstring":true, "bytesize":18, "value":"powerpc-darwin(\\d)", "encoding":"US-ASCII", "flags":{"wb_protected":true, "old":true, "marked":true}}
{"address":"0x7fc96c8caf90", "type":"STRING", "class":"0x7fc96c801668", "shared":true, "encoding":"UTF-8", "references":["0x7fc96c8dd2d0"], "flags":{"wb_protected":true, "old":true, "marked":true}}
{"address":"0x7fc96c8cafb8", "type":"STRING", "class":"0x7fc96c801668", "embedded":true, "bytesize":2, "value":"~>", "encoding":"UTF-8", "flags":{"wb_protected":true, "old":true, "marked":true}}
{"address":"0x7fc96c8cafe0", "type":"REGEXP", "class":"0x7fc96c8491e8", "references":["0x7fc96c8caf68"], "memsize":550, "flags":{"wb_protected":true, "old":true, "marked":true}}
{"address":"0x7fc96c8cb030", "type":"DATA", "class":"0x7fc96c841150", "struct":"time", "memsize":88, "flags":{"remembered":true}}
{"address":"0x7fc96c8cb058", "type":"OBJECT", "class":"0x7fc96d077ae0", "ivars":5, "references":["0x7fc96c8cb210", "0x7fc96c8ca9f0", "0x7fc96c8ca9f0"], "memsize":40, "flags":{"wb_protected":true, "old":true, "marked":true}}
{"address":"0x7fc96c8cb0d0", "type":"ARRAY", "class":"0x7fc96c84a048", "length":1, "embedded":true, "references":["0x7fc96c8caab8"], "flags":{"wb_protected":true, "old":true, "marked":true}}
{"address":"0x7fc96c8cb148", "type":"OBJECT", "class":"0x7fc96c8c2688", "ivars":3, "references":["0x7fc96c8cb0d0"], "flags":{"wb_protected":true, "old":true, "marked":true}}
{"address":"0x7fc96c8cb198", "type":"NODE", "node_type":"NODE_CREF", "references":["0x7fc96c803788"], "flags":{"wb_protected":true, "old":true, "marked":true}}
{"address":"0x7fc96c8cb1c0", "type":"OBJECT", "class":"0x7fc96d077ae0", "ivars":5, "references":["0x7fc96c8cb2d8", "0x7fc96c8cb148", "0x7fc96c8cb148"], "memsize":40, "flags":{"wb_protected":true, "old":true, "marked":true}}
{"address":"0x7fc96c8cb210", "type":"STRING", "class":"0x7fc96c801668", "embedded":true, "bytesize":7, "value":"webmock", "encoding":"UTF-8", "flags":{"wb_protected":true, "old":true, "marked":true}}
{"address":"0x7fc96c8cb238", "type":"ARRAY", "class":"0x7fc96c84a048", "length":2, "embedded":true, "references":["0x7fc96c8cb698", "0x7fc96c8cb5f8"], "flags":{"wb_protected":true, "old":true, "marked":true}}
{"address":"0x7fc96c8cb260", "type":"STRING", "class":"0x7fc96c801668", "embedded":true, "bytesize":6, "value":"2.13.0", "encoding":"UTF-8", "flags":{"wb_protected":true, "old":true, "marked":true}}
{"address":"0x7fc96c8cb288", "type":"ARRAY", "class":"0x7fc96c84a048", "length":1, "embedded":true, "references":["0x7fc96c8cb3a0"], "flags":{"wb_protected":true, "old":true, "marked":true}}
{"address":"0x7fc96c8cb2d8", "type":"STRING", "class":"0x7fc96c801668", "embedded":true, "bytesize":8, "value":"minitest", "encoding":"UTF-8", "flags":{"wb_protected":true, "old":true, "marked":true}}
{"address":"0x7fc96c8cb300", "type":"ARRAY", "class":"0x7fc96c84a048", "length":2, "embedded":true, "references":["0x7fc96c8cb620", "0x7fc96c8cb5d0"], "flags":{"wb_protected":true, "old":true, "marked":true}}
{"address":"0x7fc96c8cb328", "type":"STRING", "class":"0x7fc96c801668", "embedded":true, "bytesize":6, "value":"0.14.0", "encoding":"UTF-8", "flags":{"wb_protected":true, "old":true, "marked":true}}
{"address":"0x7fc96c8cb3a0", "type":"STRING", "class":"0x7fc96c801668", "embedded":true, "bytesize":10, "value":"Adam Jacob", "encoding":"UTF-8", "flags":{"wb_protected":true, "old":true, "marked":true}}
{"address":"0x7fc96c8cb3f0", "type":"STRING", "class":"0x7fc96c801668", "frozen":true, "embedded":true, "bytesize":4, "value":"then", "encoding":"UTF-8", "flags":{"wb_protected":true, "old":true, "marked":true}}
{"address":"0x7fc96c8cb418", "type":"ARRAY", "class":"0x7fc96c84a048", "length":2, "embedded":true, "references":["0x7fc96c8cb4e0"], "flags":{"wb_protected":true, "old":true, "marked":true}}
{"address":"0x7fc96c8cb468", "type":"STRING", "class":"0x7fc96c801668", "frozen":true, "embedded":true, "bytesize":17, "value":"RubyToken::TkTHEN", "encoding":"US-ASCII", "flags":{"wb_protected":true, "old":true, "marked":true}}
{"address":"0x7fc96c8cb490", "type":"CLASS", "class":"0x7fc96c802e28", "name":"Class", "references":["0x7fc96c8cb4e0", "0x7fc96d046418"], "memsize":672, "flags":{"wb_protected":true, "old":true, "marked":true}}
{"address":"0x7fc96c8cb4b8", "type":"STRING", "class":"0x7fc96c801668", "frozen":true, "embedded":true, "fstring":true, "bytesize":17, "value":"mswin32(\\_(\\d+))?", "encoding":"US-ASCII", "flags":{"wb_protected":true, "old":true, "marked":true}}
{"address":"0x7fc96c8cb4e0", "type":"CLASS", "class":"0x7fc96c8cb490", "name":"RubyToken::TkTHEN", "references":["0x7fc96c8cb468", "0x7fc96d046440"], "memsize":672, "flags":{"wb_protected":true, "old":true, "marked":true}}
{"address":"0x7fc96c8cb530", "type":"REGEXP", "class":"0x7fc96c8491e8", "references":["0x7fc96c8cb4b8"], "memsize":607, "flags":{"wb_protected":true, "old":true, "marked":true}}
{"address":"0x7fc96c8cb5a8", "type":"STRING", "class":"0x7fc96c801668", "frozen":true, "embedded":true, "fstring":true, "bytesize":5, "value":"@cond", "encoding":"US-ASCII", "flags":{"wb_protected":true, "old":true, "marked":true}}
{"address":"0x7fc96c8cb5d0", "type":"OBJECT", "class":"0x7fc96d040a68", "ivars":3, "references":["0x7fc96c8cb328"], "flags":{"wb_protected":true, "old":true, "marked":true}}
{"address":"0x7fc96c8cb5f8", "type":"OBJECT", "class":"0x7fc96d040a68", "ivars":3, "references":["0x7fc96c8cb260"], "flags":{"wb_protected":true, "old":true, "marked":true}}
{"address":"0x7fc96c8cb620", "type":"STRING", "class":"0x7fc96c801668", "embedded":true, "bytesize":2, "value":"~>", "encoding":"UTF-8", "flags":{"wb_protected":true, "old":true, "marked":true}}
{"address":"0x7fc96c8cb670", "type":"ARRAY", "class":"0x7fc96c84a048", "length":1, "embedded":true, "references":["0x7fc96c8c1e90"], "flags":{"wb_protected":true, "old":true, "marked":true}}
{"address":"0x7fc96c8cb698", "type":"STRING", "class":"0x7fc96c801668", "embedded":true, "bytesize":2, "value":"~>", "encoding":"UTF-8", "flags":{"wb_protected":true, "old":true, "marked":true}}
{"address":"0x7fc96c8cb6e8", "type":"OBJECT", "class":"0x7fc96c8c2688", "ivars":3, "references":["0x7fc96c8cb670"], "flags":{"wb_protected":true, "old":true, "marked":true}}
{"address":"0x7fc96c8cb710", "type":"ARRAY", "class":"0x7fc96c84a048", "length":1, "embedded":true, "references":["0x7fc96c8cb300"], "flags":{"wb_protected":true, "old":true, "marked":true}}
{"address":"0x7fc96c8cb788", "type":"OBJECT", "class":"0x7fc96c8c2688", "ivars":3, "references":["0x7fc96c8cb710"], "flags":{"wb_protected":true, "old":true, "marked":true}}
{"address":"0x7fc96c8cb7b0", "type":"STRING", "class":"0x7fc96c801668", "frozen":true, "embedded":true, "fstring":true, "bytesize":21, "value":"dotnet(\\-(\\d+\\.\\d+))?", "encoding":"US-ASCII", "flags":{"wb_protected":true, "old":true, "marked":true}}
{"address":"0x7fc96c8cb7d8", "type":"STRING", "class":"0x7fc96c801668", "embedded":true, "bytesize":6, "value":"6.18.0", "encoding":"UTF-8", "flags":{"wb_protected":true, "old":true, "marked":true}}
{"address":"0x7fc96c8cb800", "type":"OBJECT", "class":"0x7fc96d077ae0", "ivars":5, "references":["0x7fc96c8cb990", "0x7fc96c8cb788", "0x7fc96c8cb788"], "memsize":40, "flags":{"wb_protected":true, "old":true, "marked":true}}
{"address":"0x7fc96c8cb828", "type":"REGEXP", "class":"0x7fc96c8491e8", "references":["0x7fc96c8cb7b0"], "memsize":806, "flags":{"wb_protected":true, "old":true, "marked":true}}
{"address":"0x7fc96c8cb8a0", "type":"STRING", "class":"0x7fc96c801668", "frozen":true, "embedded":true, "fstring":true, "bytesize":10, "value":"@mon_mutex", "encoding":"US-ASCII", "flags":{"wb_protected":true, "old":true, "marked":true}}
{"address":"0x7fc96c8cb8c8", "type":"ARRAY", "class":"0x7fc96c84a048", "length":1, "embedded":true, "references":["0x7fc96c8cb238"], "flags":{"wb_protected":true, "old":true, "marked":true}}
{"address":"0x7fc96c8cb940", "type":"OBJECT", "class":"0x7fc96c8c2688", "ivars":3, "references":["0x7fc96c8cb8c8"], "flags":{"wb_protected":true, "old":true, "marked":true}}
{"address":"0x7fc96c8cb968", "type":"STRING", "class":"0x7fc96c801668", "frozen":true, "embedded":true, "fstring":true, "bytesize":3, "value":"flg", "encoding":"US-ASCII", "flags":{"wb_protected":true, "old":true, "marked":true}}
{"address":"0x7fc96c8cb990", "type":"STRING", "class":"0x7fc96c801668", "embedded":true, "bytesize":5, "value":"mocha", "encoding":"UTF-8", "flags":{"wb_protected":true, "old":true, "marked":true}}
{"address":"0x7fc96c8cb9b8", "type":"ARRAY", "class":"0x7fc96c84a048", "length":2, "embedded":true, "references":["0x7fc96c8cbcb0", "0x7fc96c8cbc60"], "flags":{"wb_protected":true, "old":true, "marked":true}}
